[19:10:43] ENRICH START 1972 existing family file(s) in data/families
[19:10:47] OK family-P00010-symmetry.json (7 variant(s))
[19:10:49] OK family-P00097-reembed.json (3 variant(s))
[19:10:55] OK family-P00097-symmetry.json (7 variant(s))
[19:11:07] OK family-P00110-density.json (16 variant(s))
[19:11:12] OK family-P00136-localmutant.json (7 variant(s))
[19:11:16] OK family-P00136-swap.json (6 variant(s))
[19:11:21] OK family-P00136-symmetry.json (7 variant(s))
[19:11:26] OK family-P00144-localmutant.json (7 variant(s))
[19:11:31] OK family-P00144-swap.json (7 variant(s))
[19:11:36] OK family-P00144-symmetry.json (7 variant(s))
[19:11:39] OK family-P00145-symmetry.json (7 variant(s))
[19:11:46] OK family-P00146-constrainedshuffle.json (7 variant(s))
[19:11:53] OK family-P00146-groupreshuffle.json (7 variant(s))
[19:11:59] OK family-P00146-localmutant.json (7 variant(s))
[19:12:06] OK family-P00146-swap.json (7 variant(s))
[19:12:13] OK family-P00146-symmetry.json (7 variant(s))
[19:12:19] OK family-R00039-lm.json (15 variant(s))
[19:12:22] OK family-R00039-sym.json (7 variant(s))
[19:12:33] OK family-R00044-lm.json (30 variant(s))
[19:12:35] OK family-R00044-sym.json (7 variant(s))
[19:12:46] OK family-R00046-lm.json (30 variant(s))
[19:12:49] OK family-R00046-sym.json (7 variant(s))
[19:13:01] OK family-R00050-lm.json (30 variant(s))
[19:13:07] OK family-R00050-mutant.json (15 variant(s))
[19:13:10] OK family-R00050-sym.json (7 variant(s))
[19:13:13] OK family-R00050-symmetry.json (7 variant(s))
[19:13:24] OK family-R00059-lm.json (30 variant(s))
[19:13:27] OK family-R00059-sym.json (7 variant(s))
[19:13:56] OK family-R00073-lm.json (30 variant(s))
[19:14:03] OK family-R00073-sym.json (7 variant(s))
[19:14:15] OK family-R00082-lm.json (30 variant(s))
[19:14:22] OK family-R00082-mutant.json (15 variant(s))
[19:14:25] OK family-R00082-sym.json (7 variant(s))
[19:14:28] OK family-R00082-symmetry.json (7 variant(s))
[19:14:36] OK family-R00087-symmetry.json (7 variant(s))
[19:14:50] OK family-R00088-lm.json (30 variant(s))
[19:14:53] OK family-R00088-sym.json (7 variant(s))
[19:15:04] OK family-R00093-lm.json (30 variant(s))
[19:15:07] OK family-R00093-sym.json (7 variant(s))
[19:15:19] OK family-R00094-lm.json (30 variant(s))
[19:15:22] OK family-R00094-sym.json (7 variant(s))
[19:15:27] OK family-R00104-symmetry.json (7 variant(s))
[19:15:39] OK family-R00108-lm.json (30 variant(s))
[19:15:45] OK family-R00108-mutant.json (15 variant(s))
[19:15:48] OK family-R00108-sym.json (7 variant(s))
[19:15:50] OK family-R00108-symmetry.json (7 variant(s))
[19:16:01] OK family-R00112-lm.json (30 variant(s))
[19:16:04] OK family-R00112-sym.json (7 variant(s))
[19:16:15] OK family-R00118-lm.json (30 variant(s))
[19:16:18] OK family-R00118-sym.json (7 variant(s))
[19:16:25] OK family-R00134-symmetry.json (7 variant(s))
[19:16:38] OK family-R00139-lm.json (30 variant(s))
[19:16:41] OK family-R00139-sym.json (7 variant(s))
[19:16:53] OK family-R00142-lm.json (30 variant(s))
[19:16:59] OK family-R00142-mutant.json (15 variant(s))
[19:17:02] OK family-R00142-sym.json (7 variant(s))
[19:17:06] OK family-R00142-symmetry.json (7 variant(s))
[19:17:16] OK family-R00169-lm.json (30 variant(s))
[19:17:19] OK family-R00169-sym.json (7 variant(s))
[19:17:31] OK family-R00180-lm.json (30 variant(s))
[19:17:34] OK family-R00180-sym.json (7 variant(s))
[19:17:47] OK family-R00193-lm.json (30 variant(s))
[19:17:50] OK family-R00193-sym.json (7 variant(s))
[19:18:02] OK family-R00209-lm.json (30 variant(s))
[19:18:05] OK family-R00209-sym.json (7 variant(s))
[19:18:15] OK family-R00239-lm.json (30 variant(s))
[19:18:18] OK family-R00239-sym.json (7 variant(s))
[19:18:24] OK family-R00242-lm.json (15 variant(s))
[19:18:27] OK family-R00242-sym.json (7 variant(s))
[19:18:41] OK family-R00285-lm.json (30 variant(s))
[19:18:44] OK family-R00285-sym.json (7 variant(s))
[19:18:56] OK family-R00303-lm.json (30 variant(s))
[19:18:59] OK family-R00303-sym.json (7 variant(s))
[19:19:12] OK family-R00306-lm.json (30 variant(s))
[19:19:15] OK family-R00306-sym.json (7 variant(s))
[19:19:30] OK family-R00312-lm.json (30 variant(s))
[19:19:34] OK family-R00312-sym.json (7 variant(s))
[19:19:50] OK family-R00320-lm.json (30 variant(s))
[19:19:55] OK family-R00320-sym.json (7 variant(s))
[19:20:09] OK family-R00329-lm.json (30 variant(s))
[19:20:12] OK family-R00329-sym.json (7 variant(s))
[19:20:18] OK family-R00340-lm.json (15 variant(s))
[19:20:21] OK family-R00340-sym.json (7 variant(s))
[19:20:52] OK family-R00347-lm.json (30 variant(s))
[19:21:00] OK family-R00347-sym.json (7 variant(s))
[19:21:12] OK family-R00350-lm.json (30 variant(s))
[19:21:15] OK family-R00350-sym.json (7 variant(s))
[19:21:29] OK family-R00355-lm.json (30 variant(s))
[19:21:32] OK family-R00355-sym.json (7 variant(s))
[19:21:43] OK family-R00367-lm.json (30 variant(s))
[19:21:45] OK family-R00367-sym.json (7 variant(s))
[19:21:57] OK family-R00370-lm.json (30 variant(s))
[19:22:00] OK family-R00370-sym.json (7 variant(s))
[19:22:12] OK family-R00372-lm.json (30 variant(s))
[19:22:15] OK family-R00372-sym.json (7 variant(s))
[19:22:44] OK family-R00373-lm.json (30 variant(s))
[19:22:51] OK family-R00373-sym.json (7 variant(s))
[19:23:06] OK family-R00386-lm.json (30 variant(s))
[19:23:09] OK family-R00386-sym.json (7 variant(s))
[19:23:14] OK family-R00392-symmetry.json (7 variant(s))
[19:23:28] OK family-R00399-lm.json (30 variant(s))
[19:23:32] OK family-R00399-sym.json (7 variant(s))
[19:23:43] OK family-R00417-lm.json (30 variant(s))
[19:23:46] OK family-R00417-sym.json (7 variant(s))
[19:23:52] OK family-R00432-symmetry.json (7 variant(s))
[19:24:03] OK family-R00433-lm.json (30 variant(s))
[19:24:05] OK family-R00433-sym.json (7 variant(s))
[19:24:19] OK family-R00440-lm.json (30 variant(s))
[19:24:23] OK family-R00440-sym.json (7 variant(s))
[19:24:36] OK family-R00449-lm.json (30 variant(s))
[19:24:39] OK family-R00449-sym.json (7 variant(s))
[19:24:45] OK family-R00466-lm.json (15 variant(s))
[19:24:48] OK family-R00466-sym.json (7 variant(s))
[19:25:13] OK family-R00477-lm.json (30 variant(s))
[19:25:19] OK family-R00477-sym.json (7 variant(s))
[19:25:30] OK family-R00479-lm.json (30 variant(s))
[19:25:33] OK family-R00479-sym.json (7 variant(s))
[19:25:48] OK family-R00488-lm.json (30 variant(s))
[19:25:51] OK family-R00488-sym.json (7 variant(s))
[19:26:05] OK family-R00500-lm.json (30 variant(s))
[19:26:08] OK family-R00500-sym.json (7 variant(s))
[19:26:20] OK family-R00506-lm.json (30 variant(s))
[19:26:23] OK family-R00506-sym.json (7 variant(s))
[19:26:37] OK family-R00507-lm.json (30 variant(s))
[19:26:40] OK family-R00507-sym.json (7 variant(s))
[19:26:50] OK family-R00512-lm.json (30 variant(s))
[19:26:53] OK family-R00512-sym.json (7 variant(s))
[19:27:04] OK family-R00513-lm.json (30 variant(s))
[19:27:07] OK family-R00513-sym.json (7 variant(s))
[19:27:22] OK family-R00528-lm.json (30 variant(s))
[19:27:26] OK family-R00528-sym.json (7 variant(s))
[19:27:38] OK family-R00532-lm.json (30 variant(s))
[19:27:41] OK family-R00532-sym.json (7 variant(s))
[19:28:12] OK family-R00536-lm.json (30 variant(s))
[19:28:19] OK family-R00536-sym.json (7 variant(s))
[19:28:30] OK family-R00541-symmetry.json (7 variant(s))
[19:28:43] OK family-R00544-lm.json (30 variant(s))
[19:28:46] OK family-R00544-sym.json (7 variant(s))
[19:29:17] OK family-R00546-lm.json (30 variant(s))
[19:29:25] OK family-R00546-sym.json (7 variant(s))
[19:29:50] OK family-R00555-lm.json (30 variant(s))
[19:29:56] OK family-R00555-sym.json (7 variant(s))
[19:30:07] OK family-R00556-lm.json (30 variant(s))
[19:30:10] OK family-R00556-sym.json (7 variant(s))
[19:30:21] OK family-R00561-lm.json (30 variant(s))
[19:30:23] OK family-R00561-sym.json (7 variant(s))
[19:30:34] OK family-R00563-lm.json (30 variant(s))
[19:30:37] OK family-R00563-sym.json (7 variant(s))
[19:30:49] OK family-R00565-lm.json (30 variant(s))
[19:30:52] OK family-R00565-sym.json (7 variant(s))
[19:31:05] OK family-R00573-lm.json (30 variant(s))
[19:31:08] OK family-R00573-sym.json (7 variant(s))
[19:31:46] OK family-R00592-lm.json (30 variant(s))
[19:31:56] OK family-R00592-sym.json (7 variant(s))
[19:32:03] OK family-R00593-lm.json (15 variant(s))
[19:32:06] OK family-R00593-sym.json (7 variant(s))
[19:32:17] OK family-R00595-lm.json (30 variant(s))
[19:32:20] OK family-R00595-sym.json (7 variant(s))
[19:32:33] OK family-R00602-lm.json (30 variant(s))
[19:32:36] OK family-R00602-sym.json (7 variant(s))
[19:32:48] OK family-R00623-lm.json (30 variant(s))
[19:32:51] OK family-R00623-sym.json (7 variant(s))
[19:32:56] OK family-R00631-constrainedshuffle.json (7 variant(s))
[19:33:00] OK family-R00631-groupreshuffle.json (7 variant(s))
[19:33:04] OK family-R00631-localmutant.json (7 variant(s))
[19:33:08] OK family-R00631-swap.json (7 variant(s))
[19:33:14] OK family-R00631-symmetry.json (7 variant(s))
[19:33:26] OK family-R00632-lm.json (30 variant(s))
[19:33:29] OK family-R00632-sym.json (7 variant(s))
[19:33:42] OK family-R00639-lm.json (30 variant(s))
[19:33:45] OK family-R00639-sym.json (7 variant(s))
[19:33:57] OK family-R00646-lm.json (30 variant(s))
[19:34:00] OK family-R00646-sym.json (7 variant(s))
[19:34:14] OK family-R00647-lm.json (30 variant(s))
[19:34:18] OK family-R00647-sym.json (7 variant(s))
[19:34:35] OK family-R00656-lm.json (30 variant(s))
[19:34:39] OK family-R00656-sym.json (7 variant(s))
[19:34:54] OK family-R00672-lm.json (30 variant(s))
[19:34:58] OK family-R00672-sym.json (7 variant(s))
[19:35:11] OK family-R00682-lm.json (30 variant(s))
[19:35:15] OK family-R00682-sym.json (7 variant(s))
[19:35:30] OK family-R00690-lm.json (30 variant(s))
[19:35:34] OK family-R00690-sym.json (7 variant(s))
[19:35:49] OK family-R00691-lm.json (30 variant(s))
[19:35:53] OK family-R00691-sym.json (7 variant(s))
[19:36:10] OK family-R00692-lm.json (30 variant(s))
[19:36:14] OK family-R00692-sym.json (7 variant(s))
[19:36:27] OK family-R00702-lm.json (30 variant(s))
[19:36:30] OK family-R00702-sym.json (7 variant(s))
[19:36:43] OK family-R00703-lm.json (30 variant(s))
[19:36:46] OK family-R00703-sym.json (7 variant(s))
[19:36:57] OK family-R00707-lm.json (30 variant(s))
[19:36:59] OK family-R00707-sym.json (7 variant(s))
[19:37:30] OK family-R00709-lm.json (30 variant(s))
[19:37:37] OK family-R00709-sym.json (7 variant(s))
[19:37:48] OK family-R00720-lm.json (30 variant(s))
[19:37:51] OK family-R00720-sym.json (7 variant(s))
[19:38:03] OK family-R00726-lm.json (30 variant(s))
[19:38:07] OK family-R00726-sym.json (7 variant(s))
[19:38:13] OK family-R00727-symmetry.json (7 variant(s))
[19:38:20] OK family-R00728-lm.json (15 variant(s))
[19:38:23] OK family-R00728-sym.json (7 variant(s))
[19:38:39] OK family-R00732-lm.json (30 variant(s))
[19:38:43] OK family-R00732-sym.json (7 variant(s))
[19:39:05] OK family-R00756-lm.json (30 variant(s))
[19:39:11] OK family-R00756-sym.json (7 variant(s))
[19:39:32] OK family-R00762-lm.json (30 variant(s))
[19:39:36] OK family-R00762-sym.json (7 variant(s))
[19:39:48] OK family-R00765-lm.json (30 variant(s))
[19:39:51] OK family-R00765-sym.json (7 variant(s))
[19:40:02] OK family-R00786-lm.json (30 variant(s))
[19:40:05] OK family-R00786-sym.json (7 variant(s))
[19:40:17] OK family-R00787-lm.json (30 variant(s))
[19:40:20] OK family-R00787-sym.json (7 variant(s))
[19:40:26] OK family-R00789-symmetry.json (7 variant(s))
[19:40:32] OK family-R00792-localmutant.json (7 variant(s))
[19:40:39] OK family-R00792-swap.json (7 variant(s))
[19:40:46] OK family-R00792-symmetry.json (7 variant(s))
[19:41:00] OK family-R00803-lm.json (30 variant(s))
[19:41:03] OK family-R00803-sym.json (7 variant(s))
[19:41:16] OK family-R00813-lm.json (30 variant(s))
[19:41:19] OK family-R00813-sym.json (7 variant(s))
[19:41:30] OK family-R00817-lm.json (30 variant(s))
[19:41:33] OK family-R00817-sym.json (7 variant(s))
[19:41:45] OK family-R00860-lm.json (30 variant(s))
[19:41:48] OK family-R00860-sym.json (7 variant(s))
[19:42:03] OK family-R00866-lm.json (30 variant(s))
[19:42:06] OK family-R00866-sym.json (7 variant(s))
[19:42:19] OK family-R00867-lm.json (30 variant(s))
[19:42:22] OK family-R00867-sym.json (7 variant(s))
[19:42:47] OK family-R00869-lm.json (30 variant(s))
[19:42:53] OK family-R00869-sym.json (7 variant(s))
[19:43:04] OK family-R00886-lm.json (30 variant(s))
[19:43:07] OK family-R00886-sym.json (7 variant(s))
[19:43:21] OK family-R00893-lm.json (30 variant(s))
[19:43:25] OK family-R00893-sym.json (7 variant(s))
[19:43:38] OK family-R00912-lm.json (30 variant(s))
[19:43:42] OK family-R00912-sym.json (7 variant(s))
[19:43:46] OK family-R00920-symmetry.json (7 variant(s))
[19:43:58] OK family-R00923-lm.json (30 variant(s))
[19:44:02] OK family-R00923-sym.json (7 variant(s))
[19:44:14] OK family-R00930-lm.json (30 variant(s))
[19:44:17] OK family-R00930-sym.json (7 variant(s))
[19:44:29] OK family-R00963-lm.json (30 variant(s))
[19:44:32] OK family-R00963-sym.json (7 variant(s))
[19:44:44] OK family-R00975-lm.json (15 variant(s))
[19:44:50] OK family-R00975-sym.json (7 variant(s))
[19:45:22] OK family-R00990-lm.json (30 variant(s))
[19:45:29] OK family-R00990-sym.json (7 variant(s))
[19:45:35] OK family-R01000-lm.json (15 variant(s))
[19:45:39] OK family-R01000-sym.json (7 variant(s))
[19:45:50] OK family-R01006-lm.json (30 variant(s))
[19:45:53] OK family-R01006-sym.json (7 variant(s))
[19:46:19] OK family-R01009-lm.json (30 variant(s))
[19:46:25] OK family-R01009-sym.json (7 variant(s))
[19:46:36] OK family-R01011-lm.json (30 variant(s))
[19:46:39] OK family-R01011-sym.json (7 variant(s))
[19:46:52] OK family-R01016-lm.json (30 variant(s))
[19:46:55] OK family-R01016-sym.json (7 variant(s))
[19:47:11] OK family-R01020-lm.json (30 variant(s))
[19:47:14] OK family-R01020-sym.json (7 variant(s))
[19:47:26] OK family-R01022-lm.json (30 variant(s))
[19:47:29] OK family-R01022-sym.json (7 variant(s))
[19:47:41] OK family-R01023-lm.json (30 variant(s))
[19:47:44] OK family-R01023-sym.json (7 variant(s))
[19:47:57] OK family-R01044-lm.json (30 variant(s))
[19:48:00] OK family-R01044-sym.json (7 variant(s))
[19:48:13] OK family-R01052-lm.json (30 variant(s))
[19:48:20] OK family-R01052-mutant.json (15 variant(s))
[19:48:23] OK family-R01052-sym.json (7 variant(s))
[19:48:26] OK family-R01052-symmetry.json (7 variant(s))
[19:48:40] OK family-R01058-lm.json (30 variant(s))
[19:48:43] OK family-R01058-sym.json (7 variant(s))
[19:48:48] OK family-R01075-symmetry.json (7 variant(s))
[19:49:11] OK family-R01080-lm.json (30 variant(s))
[19:49:17] OK family-R01080-sym.json (7 variant(s))
[19:49:27] OK family-R01091-lm.json (30 variant(s))
[19:49:30] OK family-R01091-sym.json (7 variant(s))
[19:49:42] OK family-R01097-lm.json (30 variant(s))
[19:49:46] OK family-R01097-sym.json (7 variant(s))
[19:49:58] OK family-R01105-lm.json (30 variant(s))
[19:50:00] OK family-R01105-sym.json (7 variant(s))
[19:50:23] OK family-R01129-lm.json (30 variant(s))
[19:50:30] OK family-R01129-sym.json (7 variant(s))
[19:50:42] OK family-R01132-lm.json (30 variant(s))
[19:50:45] OK family-R01132-sym.json (7 variant(s))
[19:50:58] OK family-R01142-lm.json (30 variant(s))
[19:51:01] OK family-R01142-sym.json (7 variant(s))
[19:51:13] OK family-R01151-lm.json (30 variant(s))
[19:51:16] OK family-R01151-sym.json (7 variant(s))
[19:51:22] OK family-R01154-lm.json (15 variant(s))
[19:51:24] OK family-R01154-sym.json (7 variant(s))
[19:51:31] OK family-R01155-lm.json (15 variant(s))
[19:51:34] OK family-R01155-sym.json (7 variant(s))
[19:51:45] OK family-R01158-lm.json (30 variant(s))
[19:51:48] OK family-R01158-sym.json (7 variant(s))
[19:52:04] OK family-R01174-lm.json (30 variant(s))
[19:52:08] OK family-R01174-sym.json (7 variant(s))
[19:52:19] OK family-R01179-lm.json (30 variant(s))
[19:52:21] OK family-R01179-sym.json (7 variant(s))
[19:52:34] OK family-R01190-lm.json (30 variant(s))
[19:52:38] OK family-R01190-sym.json (7 variant(s))
[19:52:51] OK family-R01208-lm.json (30 variant(s))
[19:52:54] OK family-R01208-sym.json (7 variant(s))
[19:53:07] OK family-R01229-lm.json (30 variant(s))
[19:53:10] OK family-R01229-sym.json (7 variant(s))
[19:53:18] OK family-R01234-lm.json (15 variant(s))
[19:53:21] OK family-R01234-sym.json (7 variant(s))
[19:53:34] OK family-R01254-lm.json (30 variant(s))
[19:53:37] OK family-R01254-sym.json (7 variant(s))
[19:53:50] OK family-R01269-lm.json (30 variant(s))
[19:53:54] OK family-R01269-sym.json (7 variant(s))
[19:54:00] OK family-R01273-lm.json (15 variant(s))
[19:54:03] OK family-R01273-sym.json (7 variant(s))
[19:54:15] OK family-R01274-lm.json (30 variant(s))
[19:54:18] OK family-R01274-sym.json (7 variant(s))
[19:54:30] OK family-R01280-lm.json (30 variant(s))
[19:54:33] OK family-R01280-sym.json (7 variant(s))
[19:54:46] OK family-R01290-lm.json (30 variant(s))
[19:54:49] OK family-R01290-sym.json (7 variant(s))
[19:55:00] OK family-R01318-lm.json (30 variant(s))
[19:55:03] OK family-R01318-sym.json (7 variant(s))
[19:55:15] OK family-R01325-lm.json (30 variant(s))
[19:55:18] OK family-R01325-sym.json (7 variant(s))
[19:55:24] OK family-R01333-lm.json (15 variant(s))
[19:55:27] OK family-R01333-sym.json (7 variant(s))
[19:55:40] OK family-R01341-lm.json (30 variant(s))
[19:55:43] OK family-R01341-sym.json (7 variant(s))
[19:55:50] OK family-R01342-lm.json (15 variant(s))
[19:55:53] OK family-R01342-sym.json (7 variant(s))
[19:56:07] OK family-R01344-lm.json (30 variant(s))
[19:56:10] OK family-R01344-sym.json (7 variant(s))
[19:56:16] OK family-R01351-lm.json (15 variant(s))
[19:56:19] OK family-R01351-sym.json (7 variant(s))
[19:56:27] OK family-R01367-lm.json (15 variant(s))
[19:56:30] OK family-R01367-sym.json (7 variant(s))
[19:56:44] OK family-R01368-lm.json (30 variant(s))
[19:56:47] OK family-R01368-sym.json (7 variant(s))
[19:56:59] OK family-R01378-lm.json (30 variant(s))
[19:57:02] OK family-R01378-sym.json (7 variant(s))
[19:57:15] OK family-R01380-lm.json (30 variant(s))
[19:57:18] OK family-R01380-sym.json (7 variant(s))
[19:57:32] OK family-R01382-lm.json (30 variant(s))
[19:57:35] OK family-R01382-sym.json (7 variant(s))
[19:57:41] OK family-R01397-lm.json (15 variant(s))
[19:57:45] OK family-R01397-sym.json (7 variant(s))
[19:57:55] OK family-R01403-lm.json (30 variant(s))
[19:57:58] OK family-R01403-sym.json (7 variant(s))
[19:58:11] OK family-R01416-lm.json (30 variant(s))
[19:58:14] OK family-R01416-sym.json (7 variant(s))
[19:58:25] OK family-R01417-lm.json (30 variant(s))
[19:58:28] OK family-R01417-sym.json (7 variant(s))
[19:58:33] OK family-R01420-lm.json (15 variant(s))
[19:58:37] OK family-R01420-sym.json (7 variant(s))
[19:58:42] OK family-R01426-lm.json (15 variant(s))
[19:58:45] OK family-R01426-sym.json (7 variant(s))
[19:58:57] OK family-R01428-lm.json (30 variant(s))
[19:58:59] OK family-R01428-sym.json (7 variant(s))
[19:59:10] OK family-R01461-lm.json (30 variant(s))
[19:59:13] OK family-R01461-sym.json (7 variant(s))
[19:59:24] OK family-R01462-lm.json (30 variant(s))
[19:59:26] OK family-R01462-sym.json (7 variant(s))
[19:59:30] OK family-R01465-symmetry.json (7 variant(s))
[19:59:42] OK family-R01467-lm.json (30 variant(s))
[19:59:45] OK family-R01467-sym.json (7 variant(s))
[19:59:51] OK family-R01485-lm.json (15 variant(s))
[19:59:54] OK family-R01485-sym.json (7 variant(s))
[20:00:05] OK family-R01487-lm.json (15 variant(s))
[20:00:09] OK family-R01487-sym.json (7 variant(s))
[20:00:15] OK family-R01492-lm.json (15 variant(s))
[20:00:18] OK family-R01492-sym.json (7 variant(s))
[20:00:29] OK family-R01501-lm.json (30 variant(s))
[20:00:32] OK family-R01501-sym.json (7 variant(s))
[20:00:38] OK family-R01504-lm.json (15 variant(s))
[20:00:41] OK family-R01504-sym.json (7 variant(s))
[20:00:47] OK family-R01516-lm.json (15 variant(s))
[20:00:50] OK family-R01516-sym.json (7 variant(s))
[20:00:57] OK family-R01533-symmetry.json (7 variant(s))
[20:01:09] OK family-R01535-lm.json (30 variant(s))
[20:01:12] OK family-R01535-sym.json (7 variant(s))
[20:01:17] OK family-R01551-lm.json (15 variant(s))
[20:01:20] OK family-R01551-sym.json (7 variant(s))
[20:01:33] OK family-R01553-lm.json (30 variant(s))
[20:01:36] OK family-R01553-sym.json (7 variant(s))
[20:01:42] OK family-R01568-lm.json (15 variant(s))
[20:01:46] OK family-R01568-sym.json (7 variant(s))
[20:01:53] OK family-R01571-lm.json (15 variant(s))
[20:01:57] OK family-R01571-sym.json (7 variant(s))
[20:02:03] OK family-R01576-lm.json (15 variant(s))
[20:02:06] OK family-R01576-sym.json (7 variant(s))
[20:02:19] OK family-R01577-lm.json (30 variant(s))
[20:02:22] OK family-R01577-sym.json (7 variant(s))
[20:02:44] OK family-R01590-lm.json (15 variant(s))
[20:02:55] OK family-R01590-sym.json (7 variant(s))
[20:03:02] OK family-R01600-lm.json (15 variant(s))
[20:03:05] OK family-R01600-sym.json (7 variant(s))
[20:03:11] OK family-R01603-lm.json (15 variant(s))
[20:03:14] OK family-R01603-sym.json (7 variant(s))
[20:03:21] OK family-R01609-lm.json (15 variant(s))
[20:03:24] OK family-R01609-sym.json (7 variant(s))
[20:03:36] OK family-R01613-lm.json (30 variant(s))
[20:03:39] OK family-R01613-sym.json (7 variant(s))
[20:03:45] OK family-R01614-lm.json (15 variant(s))
[20:03:48] OK family-R01614-sym.json (7 variant(s))
[20:03:59] OK family-R01625-lm.json (30 variant(s))
[20:04:02] OK family-R01625-sym.json (7 variant(s))
[20:04:20] OK family-R01632-lm.json (15 variant(s))
[20:04:28] OK family-R01632-sym.json (7 variant(s))
[20:04:31] OK family-R01636-symmetry.json (7 variant(s))
[20:04:37] OK family-R01642-lm.json (15 variant(s))
[20:04:40] OK family-R01642-sym.json (7 variant(s))
[20:04:47] OK family-R01644-symmetry.json (7 variant(s))
[20:04:52] OK family-R01652-lm.json (15 variant(s))
[20:04:55] OK family-R01652-sym.json (7 variant(s))
[20:05:01] OK family-R01655-lm.json (15 variant(s))
[20:05:04] OK family-R01655-sym.json (7 variant(s))
[20:05:13] OK family-R01672-lm.json (15 variant(s))
[20:05:17] OK family-R01672-sym.json (7 variant(s))
[20:05:25] OK family-R01673-lm.json (15 variant(s))
[20:05:29] OK family-R01673-sym.json (7 variant(s))
[20:05:34] OK family-R01683-lm.json (15 variant(s))
[20:05:37] OK family-R01683-sym.json (7 variant(s))
[20:06:04] OK family-R01691-lm.json (30 variant(s))
[20:06:11] OK family-R01691-sym.json (7 variant(s))
[20:06:21] OK family-R01698-lm.json (15 variant(s))
[20:06:26] OK family-R01698-sym.json (7 variant(s))
[20:06:49] OK family-R01706-lm.json (30 variant(s))
[20:06:55] OK family-R01706-sym.json (7 variant(s))
[20:07:01] OK family-R01718-lm.json (15 variant(s))
[20:07:03] OK family-R01718-sym.json (7 variant(s))
[20:07:11] OK family-R01719-lm.json (15 variant(s))
[20:07:14] OK family-R01719-sym.json (7 variant(s))
[20:07:26] OK family-R01723-lm.json (15 variant(s))
[20:07:30] OK family-R01723-sym.json (7 variant(s))
[20:07:37] OK family-R01724-lm.json (15 variant(s))
[20:07:41] OK family-R01724-sym.json (7 variant(s))
[20:07:47] OK family-R01735-lm.json (15 variant(s))
[20:07:50] OK family-R01735-sym.json (7 variant(s))
[20:07:57] OK family-R01738-lm.json (15 variant(s))
[20:08:00] OK family-R01738-sym.json (7 variant(s))
[20:08:05] OK family-R01761-lm.json (15 variant(s))
[20:08:08] OK family-R01761-sym.json (7 variant(s))
[20:08:20] OK family-R01764-lm.json (30 variant(s))
[20:08:22] OK family-R01764-sym.json (7 variant(s))
[20:08:28] OK family-R01765-lm.json (15 variant(s))
[20:08:31] OK family-R01765-sym.json (7 variant(s))
[20:08:37] OK family-R01767-lm.json (15 variant(s))
[20:08:41] OK family-R01767-sym.json (7 variant(s))
[20:08:47] OK family-R01769-lm.json (15 variant(s))
[20:08:50] OK family-R01769-sym.json (7 variant(s))
[20:08:56] OK family-R01773-lm.json (15 variant(s))
[20:09:00] OK family-R01773-sym.json (7 variant(s))
[20:09:06] OK family-R01778-lm.json (15 variant(s))
[20:09:08] OK family-R01778-sym.json (7 variant(s))
[20:09:18] OK family-R01792-lm.json (15 variant(s))
[20:09:23] OK family-R01792-sym.json (7 variant(s))
[20:09:37] OK family-R01799-lm.json (15 variant(s))
[20:09:46] OK family-R01799-sym.json (7 variant(s))
[20:09:55] OK family-R01800-lm.json (15 variant(s))
[20:09:58] OK family-R01800-sym.json (7 variant(s))
[20:10:03] OK family-R01854-lm.json (15 variant(s))
[20:10:05] OK family-R01854-sym.json (7 variant(s))
[20:10:17] OK family-R01860-lm.json (30 variant(s))
[20:10:20] OK family-R01860-sym.json (7 variant(s))
[20:10:26] OK family-R01870-lm.json (15 variant(s))
[20:10:29] OK family-R01870-sym.json (7 variant(s))
[20:10:40] OK family-R01872-lm.json (30 variant(s))
[20:10:43] OK family-R01872-sym.json (7 variant(s))
[20:10:49] OK family-R01882-lm.json (15 variant(s))
[20:10:52] OK family-R01882-sym.json (7 variant(s))
[20:10:58] OK family-R01905-lm.json (15 variant(s))
[20:11:01] OK family-R01905-sym.json (7 variant(s))
[20:11:10] OK family-R01909-lm.json (15 variant(s))
[20:11:14] OK family-R01909-sym.json (7 variant(s))
[20:11:20] OK family-R01913-lm.json (15 variant(s))
[20:11:23] OK family-R01913-sym.json (7 variant(s))
[20:11:32] OK family-R01932-lm.json (15 variant(s))
[20:11:37] OK family-R01932-sym.json (7 variant(s))
[20:11:43] OK family-R01945-lm.json (15 variant(s))
[20:11:45] OK family-R01945-sym.json (7 variant(s))
[20:11:51] OK family-R01953-lm.json (15 variant(s))
[20:11:54] OK family-R01953-sym.json (7 variant(s))
[20:12:06] OK family-R01997-lm.json (30 variant(s))
[20:12:09] OK family-R01997-sym.json (7 variant(s))
[20:12:17] OK family-R01998-lm.json (15 variant(s))
[20:12:20] OK family-R01998-sym.json (7 variant(s))
[20:12:27] OK family-R01999-lm.json (15 variant(s))
[20:12:30] OK family-R01999-sym.json (7 variant(s))
[20:12:36] OK family-R02000-lm.json (15 variant(s))
[20:12:38] OK family-R02000-sym.json (7 variant(s))
[20:12:45] OK family-R02002-lm.json (15 variant(s))
[20:12:49] OK family-R02002-sym.json (7 variant(s))
[20:12:55] OK family-R02006-lm.json (15 variant(s))
[20:12:58] OK family-R02006-sym.json (7 variant(s))
[20:13:04] OK family-R02007-lm.json (15 variant(s))
[20:13:07] OK family-R02007-sym.json (7 variant(s))
[20:13:14] OK family-R02011-lm.json (15 variant(s))
[20:13:17] OK family-R02011-sym.json (7 variant(s))
[20:13:24] OK family-R02012-lm.json (15 variant(s))
[20:13:27] OK family-R02012-sym.json (7 variant(s))
[20:13:36] OK family-R02018-lm.json (15 variant(s))
[20:13:40] OK family-R02018-sym.json (7 variant(s))
[20:13:45] OK family-R02019-lm.json (15 variant(s))
[20:13:47] OK family-R02019-sym.json (7 variant(s))
[20:13:53] OK family-R02021-lm.json (15 variant(s))
[20:13:56] OK family-R02021-sym.json (7 variant(s))
[20:14:02] OK family-R02024-lm.json (15 variant(s))
[20:14:05] OK family-R02024-sym.json (7 variant(s))
[20:14:11] OK family-R02025-lm.json (15 variant(s))
[20:14:14] OK family-R02025-sym.json (7 variant(s))
[20:14:21] OK family-R02026-lm.json (15 variant(s))
[20:14:24] OK family-R02026-sym.json (7 variant(s))
[20:14:30] OK family-R02027-lm.json (15 variant(s))
[20:14:33] OK family-R02027-sym.json (7 variant(s))
[20:14:36] OK family-R02028-symmetry.json (7 variant(s))
[20:14:44] OK family-R02029-lm.json (15 variant(s))
[20:14:48] OK family-R02029-sym.json (7 variant(s))
[20:14:54] OK family-R02030-lm.json (15 variant(s))
[20:14:56] OK family-R02030-sym.json (7 variant(s))
[20:15:03] OK family-R02031-lm.json (15 variant(s))
[20:15:06] OK family-R02031-sym.json (7 variant(s))
[20:15:14] OK family-R02032-lm.json (15 variant(s))
[20:15:18] OK family-R02032-sym.json (7 variant(s))
[20:15:24] OK family-R02034-lm.json (15 variant(s))
[20:15:27] OK family-R02034-sym.json (7 variant(s))
[20:15:36] OK family-R02035-lm.json (15 variant(s))
[20:15:40] OK family-R02035-sym.json (7 variant(s))
[20:15:49] OK family-R02036-lm.json (15 variant(s))
[20:15:54] OK family-R02036-sym.json (7 variant(s))
[20:16:03] OK family-R02039-lm.json (15 variant(s))
[20:16:06] OK family-R02039-sym.json (7 variant(s))
[20:16:14] OK family-R02042-lm.json (15 variant(s))
[20:16:18] OK family-R02042-sym.json (7 variant(s))
[20:16:24] OK family-R02043-lm.json (15 variant(s))
[20:16:27] OK family-R02043-sym.json (7 variant(s))
[20:16:34] OK family-R02046-lm.json (15 variant(s))
[20:16:37] OK family-R02046-sym.json (7 variant(s))
[20:16:43] OK family-R02049-lm.json (15 variant(s))
[20:16:46] OK family-R02049-sym.json (7 variant(s))
[20:16:53] OK family-R02050-lm.json (15 variant(s))
[20:16:57] OK family-R02050-sym.json (7 variant(s))
[20:17:03] OK family-R02051-lm.json (15 variant(s))
[20:17:06] OK family-R02051-sym.json (7 variant(s))
[20:17:12] OK family-R02054-lm.json (15 variant(s))
[20:17:14] OK family-R02054-sym.json (7 variant(s))
[20:17:21] OK family-R02057-lm.json (15 variant(s))
[20:17:24] OK family-R02057-sym.json (7 variant(s))
[20:17:29] OK family-R02058-lm.json (15 variant(s))
[20:17:32] OK family-R02058-sym.json (7 variant(s))
[20:17:37] OK family-R02059-lm.json (15 variant(s))
[20:17:40] OK family-R02059-sym.json (7 variant(s))
[20:17:49] OK family-R02060-lm.json (15 variant(s))
[20:17:54] OK family-R02060-sym.json (7 variant(s))
[20:18:03] OK family-R02063-lm.json (15 variant(s))
[20:18:07] OK family-R02063-sym.json (7 variant(s))
[20:18:18] OK family-R02064-lm.json (15 variant(s))
[20:18:23] OK family-R02064-sym.json (7 variant(s))
[20:18:29] OK family-R02069-lm.json (15 variant(s))
[20:18:32] OK family-R02069-sym.json (7 variant(s))
[20:18:38] OK family-R02072-lm.json (15 variant(s))
[20:18:41] OK family-R02072-sym.json (7 variant(s))
[20:18:48] OK family-R02074-lm.json (15 variant(s))
[20:18:51] OK family-R02074-sym.json (7 variant(s))
[20:18:57] OK family-R02075-lm.json (15 variant(s))
[20:19:00] OK family-R02075-sym.json (7 variant(s))
[20:19:05] OK family-R02077-lm.json (15 variant(s))
[20:19:08] OK family-R02077-sym.json (7 variant(s))
[20:19:15] OK family-R02078-lm.json (15 variant(s))
[20:19:18] OK family-R02078-sym.json (7 variant(s))
[20:19:25] OK family-R02079-lm.json (15 variant(s))
[20:19:28] OK family-R02079-sym.json (7 variant(s))
[20:19:43] OK family-R02080-lm.json (15 variant(s))
[20:19:50] OK family-R02080-sym.json (7 variant(s))
[20:19:56] OK family-R02081-lm.json (15 variant(s))
[20:19:59] OK family-R02081-sym.json (7 variant(s))
[20:20:05] OK family-R02082-lm.json (15 variant(s))
[20:20:09] OK family-R02082-sym.json (7 variant(s))
[20:20:14] OK family-R02083-lm.json (15 variant(s))
[20:20:17] OK family-R02083-sym.json (7 variant(s))
[20:20:23] OK family-R02084-lm.json (15 variant(s))
[20:20:26] OK family-R02084-sym.json (7 variant(s))
[20:20:39] OK family-R02085-lm.json (15 variant(s))
[20:20:43] OK family-R02085-sym.json (7 variant(s))
[20:20:54] OK family-R02086-lm.json (15 variant(s))
[20:21:01] OK family-R02086-sym.json (7 variant(s))
[20:21:07] OK family-R02088-lm.json (15 variant(s))
[20:21:10] OK family-R02088-sym.json (7 variant(s))
[20:21:16] OK family-R02091-lm.json (15 variant(s))
[20:21:19] OK family-R02091-sym.json (7 variant(s))
[20:21:24] OK family-R02092-lm.json (15 variant(s))
[20:21:27] OK family-R02092-sym.json (7 variant(s))
[20:21:33] OK family-R02095-lm.json (15 variant(s))
[20:21:36] OK family-R02095-sym.json (7 variant(s))
[20:21:43] OK family-R02097-lm.json (15 variant(s))
[20:21:47] OK family-R02097-sym.json (7 variant(s))
[20:21:52] OK family-R02099-lm.json (15 variant(s))
[20:21:54] OK family-R02099-sym.json (7 variant(s))
[20:21:59] OK family-R02100-lm.json (15 variant(s))
[20:22:02] OK family-R02100-sym.json (7 variant(s))
[20:22:08] OK family-R02102-lm.json (15 variant(s))
[20:22:11] OK family-R02102-sym.json (7 variant(s))
[20:22:17] OK family-R02103-lm.json (15 variant(s))
[20:22:20] OK family-R02103-sym.json (7 variant(s))
[20:22:27] OK family-R02104-lm.json (15 variant(s))
[20:22:30] OK family-R02104-sym.json (7 variant(s))
[20:22:37] OK family-R02105-lm.json (15 variant(s))
[20:22:40] OK family-R02105-sym.json (7 variant(s))
[20:22:46] OK family-R02106-lm.json (15 variant(s))
[20:22:51] OK family-R02106-mutant.json (15 variant(s))
[20:22:54] OK family-R02106-sym.json (7 variant(s))
[20:22:57] OK family-R02106-symmetry.json (7 variant(s))
[20:23:02] OK family-R02107-lm.json (15 variant(s))
[20:23:05] OK family-R02107-sym.json (7 variant(s))
[20:23:11] OK family-R02108-lm.json (15 variant(s))
[20:23:14] OK family-R02108-sym.json (7 variant(s))
[20:23:20] OK family-R02109-lm.json (15 variant(s))
[20:23:23] OK family-R02109-sym.json (7 variant(s))
[20:23:29] OK family-R02110-lm.json (15 variant(s))
[20:23:32] OK family-R02110-sym.json (7 variant(s))
[20:23:46] OK family-R02114-lm.json (15 variant(s))
[20:23:51] OK family-R02114-sym.json (7 variant(s))
[20:23:58] OK family-R02117-lm.json (15 variant(s))
[20:24:01] OK family-R02117-sym.json (7 variant(s))
[20:24:08] OK family-R02118-lm.json (15 variant(s))
[20:24:15] OK family-R02118-mutant.json (15 variant(s))
[20:24:18] OK family-R02118-sym.json (7 variant(s))
[20:24:22] OK family-R02118-symmetry.json (7 variant(s))
[20:24:28] OK family-R02120-lm.json (15 variant(s))
[20:24:32] OK family-R02120-sym.json (7 variant(s))
[20:24:38] OK family-R02121-lm.json (15 variant(s))
[20:24:41] OK family-R02121-sym.json (7 variant(s))
[20:24:47] OK family-R02125-lm.json (15 variant(s))
[20:24:50] OK family-R02125-sym.json (7 variant(s))
[20:24:57] OK family-R02126-lm.json (15 variant(s))
[20:25:00] OK family-R02126-sym.json (7 variant(s))
[20:25:06] OK family-R02131-lm.json (15 variant(s))
[20:25:09] OK family-R02131-sym.json (7 variant(s))
[20:25:16] OK family-R02133-lm.json (15 variant(s))
[20:25:19] OK family-R02133-sym.json (7 variant(s))
[20:25:25] OK family-R02134-lm.json (15 variant(s))
[20:25:28] OK family-R02134-sym.json (7 variant(s))
[20:25:34] OK family-R02137-lm.json (15 variant(s))
[20:25:37] OK family-R02137-sym.json (7 variant(s))
[20:25:57] OK family-R02138-lm.json (15 variant(s))
[20:26:05] OK family-R02138-sym.json (7 variant(s))
[20:26:11] OK family-R02140-lm.json (15 variant(s))
[20:26:14] OK family-R02140-sym.json (7 variant(s))
[20:26:21] OK family-R02142-lm.json (15 variant(s))
[20:26:24] OK family-R02142-sym.json (7 variant(s))
[20:26:31] OK family-R02144-lm.json (15 variant(s))
[20:26:34] OK family-R02144-sym.json (7 variant(s))
[20:26:40] OK family-R02145-lm.json (15 variant(s))
[20:26:44] OK family-R02145-sym.json (7 variant(s))
[20:26:50] OK family-R02149-lm.json (15 variant(s))
[20:26:53] OK family-R02149-sym.json (7 variant(s))
[20:26:59] OK family-R02150-lm.json (15 variant(s))
[20:27:02] OK family-R02150-sym.json (7 variant(s))
[20:27:07] OK family-R02151-lm.json (15 variant(s))
[20:27:10] OK family-R02151-sym.json (7 variant(s))
[20:27:16] OK family-R02154-lm.json (15 variant(s))
[20:27:19] OK family-R02154-sym.json (7 variant(s))
[20:27:25] OK family-R02157-lm.json (15 variant(s))
[20:27:28] OK family-R02157-sym.json (7 variant(s))
[20:27:34] OK family-R02159-lm.json (15 variant(s))
[20:27:36] OK family-R02159-sym.json (7 variant(s))
[20:27:42] OK family-R02160-lm.json (15 variant(s))
[20:27:45] OK family-R02160-sym.json (7 variant(s))
[20:27:52] OK family-R02162-lm.json (15 variant(s))
[20:27:57] OK family-R02162-sym.json (7 variant(s))
[20:28:07] OK family-R02164-lm.json (15 variant(s))
[20:28:12] OK family-R02164-sym.json (7 variant(s))
[20:28:18] OK family-R02166-lm.json (15 variant(s))
[20:28:21] OK family-R02166-sym.json (7 variant(s))
[20:28:28] OK family-R02168-mutant.json (15 variant(s))
[20:28:31] OK family-R02168-symmetry.json (7 variant(s))
[20:28:38] OK family-R02170-lm.json (15 variant(s))
[20:28:41] OK family-R02170-sym.json (7 variant(s))
[20:28:48] OK family-R02171-lm.json (15 variant(s))
[20:28:52] OK family-R02171-sym.json (7 variant(s))
[20:28:59] OK family-R02172-lm.json (15 variant(s))
[20:29:02] OK family-R02172-sym.json (7 variant(s))
[20:29:07] OK family-R02174-lm.json (15 variant(s))
[20:29:10] OK family-R02174-sym.json (7 variant(s))
[20:29:18] OK family-R02176-lm.json (15 variant(s))
[20:29:21] OK family-R02176-sym.json (7 variant(s))
[20:29:27] OK family-R02177-lm.json (15 variant(s))
[20:29:30] OK family-R02177-sym.json (7 variant(s))
[20:29:39] OK family-R02179-lm.json (15 variant(s))
[20:29:43] OK family-R02179-sym.json (7 variant(s))
[20:29:50] OK family-R02180-lm.json (15 variant(s))
[20:29:53] OK family-R02180-sym.json (7 variant(s))
[20:29:59] OK family-R02181-lm.json (15 variant(s))
[20:30:02] OK family-R02181-sym.json (7 variant(s))
[20:30:08] OK family-R02182-lm.json (15 variant(s))
[20:30:12] OK family-R02182-sym.json (7 variant(s))
[20:30:17] OK family-R02183-lm.json (15 variant(s))
[20:30:20] OK family-R02183-sym.json (7 variant(s))
[20:30:26] OK family-R02184-lm.json (15 variant(s))
[20:30:29] OK family-R02184-sym.json (7 variant(s))
[20:30:35] OK family-R02185-lm.json (15 variant(s))
[20:30:38] OK family-R02185-sym.json (7 variant(s))
[20:30:44] OK family-R02187-lm.json (15 variant(s))
[20:30:44] ENRICH END (stopped early: wall-clock budget) -- processed 702/1972
