[03:14:23] START R00193
Parent R00193: witness stressMeta.witnessSolution (len 134, 7 jump(s)), 62 movable object instance(s) under strict inventory.
Found 15 existing sibling(s) at data/families/family-R00193-lm.json — this run will add to them, not replace them.
  attempt 1: rejected — degenerate duplicate of parent or another accepted variant
  attempt 2: rejected — degenerate duplicate of parent or another accepted variant
  attempt 3: rejected — degenerate duplicate of parent or another accepted variant
  attempt 4: rejected — degenerate duplicate of parent or another accepted variant
  attempt 5: rejected — degenerate duplicate of parent or another accepted variant
  attempt 6: rejected — degenerate duplicate of parent or another accepted variant
  attempt 7: rejected — degenerate duplicate of parent or another accepted variant
  attempt 8: rejected — degenerate duplicate of parent or another accepted variant
  attempt 9: rejected — degenerate duplicate of parent or another accepted variant
  attempt 10: rejected — degenerate duplicate of parent or another accepted variant
  attempt 11: rejected — degenerate duplicate of parent or another accepted variant
  attempt 12: rejected — degenerate duplicate of parent or another accepted variant
  attempt 13: rejected — degenerate duplicate of parent or another accepted variant
  attempt 14: rejected — degenerate duplicate of parent or another accepted variant
  attempt 15: rejected — degenerate duplicate of parent or another accepted variant
  attempt 16: accepted F00193-lm-16 — moved mustPass (0,8) -> (8,14)
  attempt 17: accepted F00193-lm-17 — moved blocks (7,1) -> (8,7)
  attempt 18: accepted F00193-lm-18 — moved blocks (6,2) -> (8,0)
  attempt 19: accepted F00193-lm-19 — moved blocks (4,0) -> (5,7)
  attempt 20: accepted F00193-lm-20 — moved blocks (9,7) -> (6,6)
  attempt 21: accepted F00193-lm-21 — moved blocks (4,0) -> (2,9)
  attempt 22: accepted F00193-lm-22 — moved park (5,8) -> (10,4)
  attempt 23: accepted F00193-lm-23 — moved flippingFilters (4,6) -> (7,3)
  attempt 24: accepted F00193-lm-24 — moved falseGoals (0,11) -> (9,6)
  attempt 25: accepted F00193-lm-25 — moved mustPass (5,11) -> (4,5)
  attempt 26: accepted F00193-lm-26 — moved blocks (6,2) -> (14,1)
  attempt 27: accepted F00193-lm-27 — moved blocks (9,7) -> (6,1)
  attempt 28: accepted F00193-lm-28 — moved falseGoals (9,3) -> (14,1)
  attempt 29: accepted F00193-lm-29 — moved mustPass (0,8) -> (6,12)
  attempt 30: accepted F00193-lm-30 — moved blocks (0,2) -> (6,14)

15/15 new local-mutant sibling(s) generated for R00193 in 30 attempt(s) (budget 600); 30 total in data/families/family-R00193-lm.json.
Wrote 30 level(s) total to data/families/family-R00193-lm.json (changed=true), 15 hint file(s) written to data/families/hints/.
Wrote family manifest to data/families/family-R00193-lm-manifest.json (30 variant(s) total).
Parent R00193: witness stressMeta.witnessSolution (len 134, 7 jump(s)), 62 movable object instance(s) under strict inventory.
Found 7 existing sibling(s) at data/families/family-R00193-sym.json — this run will add to them, not replace them.
  attempt 1: rejected — degenerate duplicate of parent or another accepted variant
  attempt 2: rejected — degenerate duplicate of parent or another accepted variant
  attempt 3: rejected — degenerate duplicate of parent or another accepted variant
  attempt 4: rejected — degenerate duplicate of parent or another accepted variant
  attempt 5: rejected — degenerate duplicate of parent or another accepted variant
  attempt 6: rejected — degenerate duplicate of parent or another accepted variant
  attempt 7: rejected — degenerate duplicate of parent or another accepted variant

0/7 new symmetry sibling(s) generated for R00193 in 7 attempt(s) (budget 7); 7 total in data/families/family-R00193-sym.json.
family capacity: 0 accepted this run — every movable instance had zero legal alternative placement, or every attempt degenerated to an already-seen fingerprint. See per-attempt log above.
Wrote 7 level(s) total to data/families/family-R00193-sym.json (changed=false), 0 hint file(s) written to data/families/hints/.
Wrote family manifest to data/families/family-R00193-sym-manifest.json (7 variant(s) total).
portfolio-solve-sweep: corpus=data/families/family-R00193-lm.json levels=30 (30 to solve) scheduler-mode=legacy budget=8000ms node-budget=20000000 workers=4 save-hints=true
  [1/30] L1 (F00193-lm-01) ok=✗
  [2/30] L3 (F00193-lm-03) ok=✗
  [3/30] L2 (F00193-lm-02) ok=✗
  [4/30] L4 (F00193-lm-04) ok=✗
  [5/30] L5 (F00193-lm-05) ok=✗
  [6/30] L6 (F00193-lm-06) ok=✗
  [7/30] L7 (F00193-lm-07) ok=✗
  [8/30] L8 (F00193-lm-08) ok=✗
  [9/30] L9 (F00193-lm-09) ok=✗
  [10/30] L12 (F00193-lm-12) ok=✗
  [11/30] L11 (F00193-lm-11) ok=✗
  [12/30] L10 (F00193-lm-10) ok=✗
  [13/30] L13 (F00193-lm-13) ok=✗
  [14/30] L14 (F00193-lm-14) ok=✗
  [15/30] L15 (F00193-lm-15) ok=✗
  [16/30] L16 (F00193-lm-16) ok=✗
  [17/30] L19 (F00193-lm-19) ok=✗
  [18/30] L18 (F00193-lm-18) ok=✗
  [19/30] L17 (F00193-lm-17) ok=✗
  [20/30] L20 (F00193-lm-20) ok=✗
  [21/30] L23 (F00193-lm-23) ok=✗
  [22/30] L22 (F00193-lm-22) ok=✗
  [23/30] L24 (F00193-lm-24) ok=✗
  [24/30] L21 (F00193-lm-21) ok=✗
  [25/30] L25 (F00193-lm-25) ok=✗
  [26/30] L26 (F00193-lm-26) ok=✗
  (lm solve failed/timed out for R00193)
portfolio-solve-sweep: corpus=data/families/family-R00193-sym.json levels=7 (7 to solve) scheduler-mode=legacy budget=8000ms node-budget=20000000 workers=4 save-hints=true
  [1/7] L2 (F00193-sym-02) ok=✗
  [2/7] L3 (F00193-sym-03) ok=✗
  [3/7] L4 (F00193-sym-04) ok=✗
  [4/7] L1 (F00193-sym-01) ok=✗
  [5/7] L5 (F00193-sym-05) ok=✗
  [6/7] L6 (F00193-sym-06) ok=✗
  [7/7] L7 (F00193-sym-07) ok=✗
Hints: appended to 0 level(s); 0 hint file(s) changed on disk.
Result: solved=0/7, solvedBeforeFallback=0, fallbackOnly=0, unsolved=7
Wrote logs/family-census/solve-R00193-sym.json
Wrote logs/family-census/solve-R00193-sym-summary.md
[03:26:59] DONE R00193
[03:26:59] START R00433
Parent R00433: witness hint[0] (len 85, 0 jump(s)), 49 movable object instance(s) under strict inventory.
Found 15 existing sibling(s) at data/families/family-R00433-lm.json — this run will add to them, not replace them.
  attempt 1: rejected — degenerate duplicate of parent or another accepted variant
  attempt 2: rejected — degenerate duplicate of parent or another accepted variant
  attempt 3: rejected — degenerate duplicate of parent or another accepted variant
  attempt 4: rejected — degenerate duplicate of parent or another accepted variant
  attempt 5: rejected — degenerate duplicate of parent or another accepted variant
  attempt 6: rejected — degenerate duplicate of parent or another accepted variant
  attempt 7: rejected — degenerate duplicate of parent or another accepted variant
  attempt 8: rejected — degenerate duplicate of parent or another accepted variant
  attempt 9: rejected — degenerate duplicate of parent or another accepted variant
  attempt 10: rejected — degenerate duplicate of parent or another accepted variant
  attempt 11: rejected — degenerate duplicate of parent or another accepted variant
  attempt 12: rejected — degenerate duplicate of parent or another accepted variant
  attempt 13: rejected — degenerate duplicate of parent or another accepted variant
  attempt 14: rejected — degenerate duplicate of parent or another accepted variant
  attempt 15: rejected — degenerate duplicate of parent or another accepted variant
  attempt 16: rejected — degenerate duplicate of parent or another accepted variant
  attempt 17: accepted F00433-lm-16 — moved lamppost (0,8) -> (2,1)
  attempt 18: accepted F00433-lm-17 — moved lamppost (0,8) -> (5,7)
  attempt 19: accepted F00433-lm-18 — moved market (1,8) -> (8,7)
  attempt 20: accepted F00433-lm-19 — moved lamppost (0,8) -> (7,5)
  attempt 21: accepted F00433-lm-20 — moved statue (10,0) -> (8,0)
  attempt 22: accepted F00433-lm-21 — moved statue (1,1) -> (0,10)
  attempt 23: accepted F00433-lm-22 — moved statue (10,0) -> (4,9)
  attempt 24: accepted F00433-lm-23 — moved park (3,1) -> (7,5)
  attempt 25: accepted F00433-lm-24 — moved park (3,1) -> (1,6)
  attempt 26: accepted F00433-lm-25 — moved park (3,1) -> (2,0)
  attempt 27: accepted F00433-lm-26 — moved market (1,8) -> (4,1)
  attempt 28: accepted F00433-lm-27 — moved statue (1,1) -> (3,0)
  attempt 29: accepted F00433-lm-28 — moved park (3,1) -> (1,9)
  attempt 30: accepted F00433-lm-29 — moved park (8,5) -> (10,2)
  attempt 31: accepted F00433-lm-30 — moved statue (10,0) -> (4,0)

15/15 new local-mutant sibling(s) generated for R00433 in 31 attempt(s) (budget 600); 30 total in data/families/family-R00433-lm.json.
Wrote 30 level(s) total to data/families/family-R00433-lm.json (changed=true), 15 hint file(s) written to data/families/hints/.
Wrote family manifest to data/families/family-R00433-lm-manifest.json (30 variant(s) total).
Parent R00433: witness hint[0] (len 85, 0 jump(s)), 49 movable object instance(s) under strict inventory.
Found 7 existing sibling(s) at data/families/family-R00433-sym.json — this run will add to them, not replace them.
  attempt 1: rejected — degenerate duplicate of parent or another accepted variant
  attempt 2: rejected — degenerate duplicate of parent or another accepted variant
  attempt 3: rejected — degenerate duplicate of parent or another accepted variant
  attempt 4: rejected — degenerate duplicate of parent or another accepted variant
  attempt 5: rejected — degenerate duplicate of parent or another accepted variant
  attempt 6: rejected — degenerate duplicate of parent or another accepted variant
  attempt 7: rejected — degenerate duplicate of parent or another accepted variant

0/7 new symmetry sibling(s) generated for R00433 in 7 attempt(s) (budget 7); 7 total in data/families/family-R00433-sym.json.
family capacity: 0 accepted this run — every movable instance had zero legal alternative placement, or every attempt degenerated to an already-seen fingerprint. See per-attempt log above.
Wrote 7 level(s) total to data/families/family-R00433-sym.json (changed=false), 0 hint file(s) written to data/families/hints/.
Wrote family manifest to data/families/family-R00433-sym-manifest.json (7 variant(s) total).
portfolio-solve-sweep: corpus=data/families/family-R00433-lm.json levels=30 (30 to solve) scheduler-mode=legacy budget=8000ms node-budget=20000000 workers=4 save-hints=true
  [1/30] L3 (F00433-lm-03) ok=✗
  [2/30] L1 (F00433-lm-01) ok=✗
  [3/30] L4 (F00433-lm-04) ok=✗
  [4/30] L2 (F00433-lm-02) ok=✗
  [5/30] L6 (F00433-lm-06) ok=✗
  [6/30] L5 (F00433-lm-05) ok=✗
  [7/30] L7 (F00433-lm-07) ok=✗
  [8/30] L8 (F00433-lm-08) ok=✗
  [9/30] L10 (F00433-lm-10) ok=✗
  [10/30] L11 (F00433-lm-11) ok=✗
  [11/30] L9 (F00433-lm-09) ok=✗
  [12/30] L12 (F00433-lm-12) ok=✗
  [13/30] L13 (F00433-lm-13) ok=✗
  [14/30] L14 (F00433-lm-14) ok=✗
  [15/30] L15 (F00433-lm-15) ok=✗
  [16/30] L16 (F00433-lm-16) ok=✗
  [17/30] L17 (F00433-lm-17) ok=✗
  [18/30] L19 (F00433-lm-19) ok=✗
  [19/30] L18 (F00433-lm-18) ok=✗
  [20/30] L20 (F00433-lm-20) ok=✗
  [21/30] L21 (F00433-lm-21) ok=✗
  [22/30] L24 (F00433-lm-24) ok=✗
  [23/30] L22 (F00433-lm-22) ok=✗
  [24/30] L23 (F00433-lm-23) ok=✗
  [25/30] L25 (F00433-lm-25) ok=✗
  [26/30] L26 (F00433-lm-26) ok=✗
  [27/30] L27 (F00433-lm-27) ok=✗
  [28/30] L28 (F00433-lm-28) ok=✗
  [29/30] L29 (F00433-lm-29) ok=✗
  [30/30] L30 (F00433-lm-30) ok=✗
Hints: appended to 0 level(s); 0 hint file(s) changed on disk.
Result: solved=0/30, solvedBeforeFallback=0, fallbackOnly=0, unsolved=30
Wrote logs/family-census/solve-R00433-lm.json
Wrote logs/family-census/solve-R00433-lm-summary.md
portfolio-solve-sweep: corpus=data/families/family-R00433-sym.json levels=7 (7 to solve) scheduler-mode=legacy budget=8000ms node-budget=20000000 workers=4 save-hints=true
  [1/7] L1 (F00433-sym-01) ok=✗
  [2/7] L4 (F00433-sym-04) ok=✗
  [3/7] L2 (F00433-sym-02) ok=✗
  [4/7] L3 (F00433-sym-03) ok=✗
  [5/7] L5 (F00433-sym-05) ok=✗
  [6/7] L7 (F00433-sym-07) ok=✗
  [7/7] L6 (F00433-sym-06) ok=✗
Hints: appended to 0 level(s); 0 hint file(s) changed on disk.
Result: solved=0/7, solvedBeforeFallback=0, fallbackOnly=0, unsolved=7
Wrote logs/family-census/solve-R00433-sym.json
Wrote logs/family-census/solve-R00433-sym-summary.md
[03:35:38] DONE R00433
[03:35:38] START R00565
Parent R00565: witness hint[0] (len 84, 4 jump(s)), 46 movable object instance(s) under strict inventory.
Found 15 existing sibling(s) at data/families/family-R00565-lm.json — this run will add to them, not replace them.
  attempt 1: rejected — degenerate duplicate of parent or another accepted variant
  attempt 2: rejected — degenerate duplicate of parent or another accepted variant
  attempt 3: rejected — degenerate duplicate of parent or another accepted variant
  attempt 4: rejected — degenerate duplicate of parent or another accepted variant
  attempt 5: rejected — degenerate duplicate of parent or another accepted variant
  attempt 6: rejected — degenerate duplicate of parent or another accepted variant
  attempt 7: rejected — degenerate duplicate of parent or another accepted variant
  attempt 8: rejected — degenerate duplicate of parent or another accepted variant
  attempt 9: rejected — degenerate duplicate of parent or another accepted variant
  attempt 10: rejected — degenerate duplicate of parent or another accepted variant
  attempt 11: rejected — degenerate duplicate of parent or another accepted variant
  attempt 12: rejected — degenerate duplicate of parent or another accepted variant
  attempt 13: rejected — degenerate duplicate of parent or another accepted variant
  attempt 14: rejected — degenerate duplicate of parent or another accepted variant
  attempt 15: rejected — degenerate duplicate of parent or another accepted variant
  attempt 16: accepted F00565-lm-16 — moved geese (2,4) -> (4,3)
  attempt 17: accepted F00565-lm-17 — moved falseGoals (0,3) -> (2,9)
  attempt 18: accepted F00565-lm-18 — moved fountain (4,0) -> (7,7)
  attempt 19: accepted F00565-lm-19 — moved fountain (4,0) -> (1,10)
  attempt 20: accepted F00565-lm-20 — moved geese (10,2) -> (10,3)
  attempt 21: accepted F00565-lm-21 — moved blocks (0,9) -> (9,10)
  attempt 22: accepted F00565-lm-22 — moved market (6,1) -> (0,5)
  attempt 23: accepted F00565-lm-23 — moved mustPass (8,7) -> (5,9)
  attempt 24: accepted F00565-lm-24 — moved park (3,8) -> (1,10)
  attempt 25: accepted F00565-lm-25 — moved falseGoals (9,8) -> (9,10)
  attempt 26: accepted F00565-lm-26 — moved falseGoals (3,2) -> (2,9)
  attempt 27: accepted F00565-lm-27 — moved statue (3,5) -> (10,3)
  attempt 28: rejected — degenerate duplicate of parent or another accepted variant
  attempt 29: accepted F00565-lm-28 — moved market (5,6) -> (9,4)
  attempt 30: accepted F00565-lm-29 — moved geese (10,10) -> (10,3)
  attempt 31: accepted F00565-lm-30 — moved park (4,7) -> (3,9)

15/15 new local-mutant sibling(s) generated for R00565 in 31 attempt(s) (budget 600); 30 total in data/families/family-R00565-lm.json.
Wrote 30 level(s) total to data/families/family-R00565-lm.json (changed=true), 15 hint file(s) written to data/families/hints/.
Wrote family manifest to data/families/family-R00565-lm-manifest.json (30 variant(s) total).
Parent R00565: witness hint[0] (len 84, 4 jump(s)), 46 movable object instance(s) under strict inventory.
Found 7 existing sibling(s) at data/families/family-R00565-sym.json — this run will add to them, not replace them.
  attempt 1: rejected — degenerate duplicate of parent or another accepted variant
  attempt 2: rejected — degenerate duplicate of parent or another accepted variant
  attempt 3: rejected — degenerate duplicate of parent or another accepted variant
  attempt 4: rejected — degenerate duplicate of parent or another accepted variant
  attempt 5: rejected — degenerate duplicate of parent or another accepted variant
  attempt 6: rejected — degenerate duplicate of parent or another accepted variant
  attempt 7: rejected — degenerate duplicate of parent or another accepted variant

0/7 new symmetry sibling(s) generated for R00565 in 7 attempt(s) (budget 7); 7 total in data/families/family-R00565-sym.json.
family capacity: 0 accepted this run — every movable instance had zero legal alternative placement, or every attempt degenerated to an already-seen fingerprint. See per-attempt log above.
Wrote 7 level(s) total to data/families/family-R00565-sym.json (changed=false), 0 hint file(s) written to data/families/hints/.
Wrote family manifest to data/families/family-R00565-sym-manifest.json (7 variant(s) total).
portfolio-solve-sweep: corpus=data/families/family-R00565-lm.json levels=30 (30 to solve) scheduler-mode=legacy budget=8000ms node-budget=20000000 workers=4 save-hints=true
  [1/30] L1 (F00565-lm-01) ok=✗
  [2/30] L4 (F00565-lm-04) ok=✗
  [3/30] L2 (F00565-lm-02) ok=✗
  [4/30] L3 (F00565-lm-03) ok=✗
  [5/30] L8 (F00565-lm-08) ok=✓ legacy [hint saved]
  [6/30] L5 (F00565-lm-05) ok=✓ legacy [hint saved]
  [7/30] L6 (F00565-lm-06) ok=✗
  [8/30] L7 (F00565-lm-07) ok=✗
  [9/30] L9 (F00565-lm-09) ok=✓ legacy [hint saved]
  [10/30] L10 (F00565-lm-10) ok=✗
  [11/30] L12 (F00565-lm-12) ok=✗
  [12/30] L11 (F00565-lm-11) ok=✗
  [13/30] L13 (F00565-lm-13) ok=✗
  [14/30] L15 (F00565-lm-15) ok=✗
  [15/30] L14 (F00565-lm-14) ok=✗
  [16/30] L16 (F00565-lm-16) ok=✗
  [17/30] L17 (F00565-lm-17) ok=✗
  [18/30] L18 (F00565-lm-18) ok=✗
  [19/30] L19 (F00565-lm-19) ok=✗
  [20/30] L20 (F00565-lm-20) ok=✗
  [21/30] L21 (F00565-lm-21) ok=✗
  [22/30] L22 (F00565-lm-22) ok=✓ legacy [hint saved]
  [23/30] L23 (F00565-lm-23) ok=✗
  [24/30] L24 (F00565-lm-24) ok=✗
  [25/30] L25 (F00565-lm-25) ok=✗
  [26/30] L26 (F00565-lm-26) ok=✗
  [27/30] L27 (F00565-lm-27) ok=✗
  [28/30] L28 (F00565-lm-28) ok=✗
  [29/30] L29 (F00565-lm-29) ok=✗
  [30/30] L30 (F00565-lm-30) ok=✗
Hints: appended to 4 level(s); 4 hint file(s) changed on disk.
Result: solved=4/30, solvedBeforeFallback=0, fallbackOnly=4, unsolved=26
Wrote logs/family-census/solve-R00565-lm.json
Wrote logs/family-census/solve-R00565-lm-summary.md
portfolio-solve-sweep: corpus=data/families/family-R00565-sym.json levels=7 (7 to solve) scheduler-mode=legacy budget=8000ms node-budget=20000000 workers=4 save-hints=true
  [1/7] L2 (F00565-sym-02) ok=✗
  [2/7] L1 (F00565-sym-01) ok=✗
  [3/7] L4 (F00565-sym-04) ok=✗
  [4/7] L3 (F00565-sym-03) ok=✗
  [5/7] L5 (F00565-sym-05) ok=✗
  [6/7] L6 (F00565-sym-06) ok=✗
  [7/7] L7 (F00565-sym-07) ok=✗
Hints: appended to 0 level(s); 0 hint file(s) changed on disk.
Result: solved=0/7, solvedBeforeFallback=0, fallbackOnly=0, unsolved=7
Wrote logs/family-census/solve-R00565-sym.json
Wrote logs/family-census/solve-R00565-sym-summary.md
[03:47:24] DONE R00565
[03:47:24] START R00709
Parent R00709: witness stressMeta.witnessSolution (len 117, 4 jump(s)), 43 movable object instance(s) under strict inventory.
Found 15 existing sibling(s) at data/families/family-R00709-lm.json — this run will add to them, not replace them.
  attempt 1: rejected — degenerate duplicate of parent or another accepted variant
  attempt 2: rejected — degenerate duplicate of parent or another accepted variant
  attempt 3: rejected — degenerate duplicate of parent or another accepted variant
  attempt 4: rejected — degenerate duplicate of parent or another accepted variant
  attempt 5: rejected — degenerate duplicate of parent or another accepted variant
  attempt 6: rejected — degenerate duplicate of parent or another accepted variant
  attempt 7: rejected — degenerate duplicate of parent or another accepted variant
  attempt 8: rejected — degenerate duplicate of parent or another accepted variant
  attempt 9: rejected — degenerate duplicate of parent or another accepted variant
  attempt 10: rejected — degenerate duplicate of parent or another accepted variant
  attempt 11: rejected — degenerate duplicate of parent or another accepted variant
  attempt 12: rejected — degenerate duplicate of parent or another accepted variant
  attempt 13: rejected — degenerate duplicate of parent or another accepted variant
  attempt 14: rejected — degenerate duplicate of parent or another accepted variant
  attempt 15: rejected — degenerate duplicate of parent or another accepted variant
  attempt 16: accepted F00709-lm-16 — moved market (1,11) -> (9,11)
  attempt 17: accepted F00709-lm-17 — moved park (7,7) -> (5,10)
  attempt 18: accepted F00709-lm-18 — moved blocks (5,11) -> (9,0)
  attempt 19: accepted F00709-lm-19 — moved blocks (2,5) -> (12,12)
  attempt 20: accepted F00709-lm-20 — moved blocks (3,4) -> (4,2)
  attempt 21: accepted F00709-lm-21 — moved blocks (10,6) -> (7,0)
  attempt 22: accepted F00709-lm-22 — moved blocks (1,8) -> (12,11)
  attempt 23: accepted F00709-lm-23 — moved blocks (2,1) -> (5,0)
  attempt 24: accepted F00709-lm-24 — moved blocks (7,11) -> (5,1)
  attempt 25: accepted F00709-lm-25 — moved blocks (4,11) -> (0,9)
  attempt 26: accepted F00709-lm-26 — moved blocks (1,4) -> (4,1)
  attempt 27: accepted F00709-lm-27 — moved flippingFilters (5,9) -> (1,12)
  attempt 28: accepted F00709-lm-28 — moved flippingFilters (0,2) -> (13,4)
  attempt 29: accepted F00709-lm-29 — moved blocks (2,0) -> (0,10)
  attempt 30: accepted F00709-lm-30 — moved blocks (11,1) -> (5,0)

15/15 new local-mutant sibling(s) generated for R00709 in 30 attempt(s) (budget 600); 30 total in data/families/family-R00709-lm.json.
Wrote 30 level(s) total to data/families/family-R00709-lm.json (changed=true), 15 hint file(s) written to data/families/hints/.
Wrote family manifest to data/families/family-R00709-lm-manifest.json (30 variant(s) total).
Parent R00709: witness stressMeta.witnessSolution (len 117, 4 jump(s)), 43 movable object instance(s) under strict inventory.
Found 7 existing sibling(s) at data/families/family-R00709-sym.json — this run will add to them, not replace them.
  attempt 1: rejected — degenerate duplicate of parent or another accepted variant
  attempt 2: rejected — degenerate duplicate of parent or another accepted variant
  attempt 3: rejected — degenerate duplicate of parent or another accepted variant
  attempt 4: rejected — degenerate duplicate of parent or another accepted variant
  attempt 5: rejected — degenerate duplicate of parent or another accepted variant
  attempt 6: rejected — degenerate duplicate of parent or another accepted variant
  attempt 7: rejected — degenerate duplicate of parent or another accepted variant

0/7 new symmetry sibling(s) generated for R00709 in 7 attempt(s) (budget 7); 7 total in data/families/family-R00709-sym.json.
family capacity: 0 accepted this run — every movable instance had zero legal alternative placement, or every attempt degenerated to an already-seen fingerprint. See per-attempt log above.
Wrote 7 level(s) total to data/families/family-R00709-sym.json (changed=false), 0 hint file(s) written to data/families/hints/.
Wrote family manifest to data/families/family-R00709-sym-manifest.json (7 variant(s) total).
portfolio-solve-sweep: corpus=data/families/family-R00709-lm.json levels=30 (30 to solve) scheduler-mode=legacy budget=8000ms node-budget=20000000 workers=4 save-hints=true
  [1/30] L4 (F00709-lm-04) ok=✗
  [2/30] L2 (F00709-lm-02) ok=✗
  [3/30] L3 (F00709-lm-03) ok=✗
  [4/30] L1 (F00709-lm-01) ok=✗
  [5/30] L5 (F00709-lm-05) ok=✗
  [6/30] L6 (F00709-lm-06) ok=✗
  [7/30] L7 (F00709-lm-07) ok=✗
  [8/30] L8 (F00709-lm-08) ok=✗
  [9/30] L9 (F00709-lm-09) ok=✗
  [10/30] L10 (F00709-lm-10) ok=✗
  [11/30] L11 (F00709-lm-11) ok=✗
  [12/30] L12 (F00709-lm-12) ok=✗
  [13/30] L13 (F00709-lm-13) ok=✗
  [14/30] L15 (F00709-lm-15) ok=✗
  [15/30] L14 (F00709-lm-14) ok=✗
  [16/30] L16 (F00709-lm-16) ok=✗
  [17/30] L17 (F00709-lm-17) ok=✗
  [18/30] L18 (F00709-lm-18) ok=✗
  [19/30] L19 (F00709-lm-19) ok=✗
  [20/30] L20 (F00709-lm-20) ok=✗
  [21/30] L21 (F00709-lm-21) ok=✗
  [22/30] L22 (F00709-lm-22) ok=✗
  [23/30] L23 (F00709-lm-23) ok=✗
  [24/30] L24 (F00709-lm-24) ok=✗
  [25/30] L25 (F00709-lm-25) ok=✗
  [26/30] L26 (F00709-lm-26) ok=✗
  [27/30] L27 (F00709-lm-27) ok=✗
  [28/30] L28 (F00709-lm-28) ok=✗
  [29/30] L30 (F00709-lm-30) ok=✗
  [30/30] L29 (F00709-lm-29) ok=✗
Hints: appended to 0 level(s); 0 hint file(s) changed on disk.
Result: solved=0/30, solvedBeforeFallback=0, fallbackOnly=0, unsolved=30
Wrote logs/family-census/solve-R00709-lm.json
Wrote logs/family-census/solve-R00709-lm-summary.md
portfolio-solve-sweep: corpus=data/families/family-R00709-sym.json levels=7 (7 to solve) scheduler-mode=legacy budget=8000ms node-budget=20000000 workers=4 save-hints=true
  [1/7] L2 (F00709-sym-02) ok=✗
  [2/7] L4 (F00709-sym-04) ok=✗
  [3/7] L3 (F00709-sym-03) ok=✗
  [4/7] L1 (F00709-sym-01) ok=✗
  [5/7] L6 (F00709-sym-06) ok=✗
  [6/7] L5 (F00709-sym-05) ok=✗
  [7/7] L7 (F00709-sym-07) ok=✗
Hints: appended to 0 level(s); 0 hint file(s) changed on disk.
Result: solved=0/7, solvedBeforeFallback=0, fallbackOnly=0, unsolved=7
Wrote logs/family-census/solve-R00709-sym.json
Wrote logs/family-census/solve-R00709-sym-summary.md
[03:49:38] DONE R00709
[03:49:38] START R00923
Parent R00923: witness stressMeta.witnessSolution (len 66, 7 jump(s)), 23 movable object instance(s) under strict inventory.
Found 15 existing sibling(s) at data/families/family-R00923-lm.json — this run will add to them, not replace them.
  attempt 1: rejected — degenerate duplicate of parent or another accepted variant
  attempt 2: rejected — degenerate duplicate of parent or another accepted variant
  attempt 3: rejected — degenerate duplicate of parent or another accepted variant
  attempt 4: rejected — degenerate duplicate of parent or another accepted variant
  attempt 5: rejected — degenerate duplicate of parent or another accepted variant
  attempt 6: rejected — degenerate duplicate of parent or another accepted variant
  attempt 7: rejected — degenerate duplicate of parent or another accepted variant
  attempt 8: rejected — degenerate duplicate of parent or another accepted variant
  attempt 9: rejected — degenerate duplicate of parent or another accepted variant
  attempt 10: rejected — degenerate duplicate of parent or another accepted variant
  attempt 11: rejected — degenerate duplicate of parent or another accepted variant
  attempt 12: rejected — degenerate duplicate of parent or another accepted variant
  attempt 13: rejected — degenerate duplicate of parent or another accepted variant
  attempt 14: rejected — degenerate duplicate of parent or another accepted variant
  attempt 15: rejected — degenerate duplicate of parent or another accepted variant
  attempt 16: rejected — degenerate duplicate of parent or another accepted variant
  attempt 17: accepted F00923-lm-16 — moved falseGoals (6,1) -> (10,0)
  attempt 18: accepted F00923-lm-17 — moved park (3,4) -> (7,10)
  attempt 19: accepted F00923-lm-18 — moved falseGoals (4,7) -> (9,1)
  attempt 20: rejected — degenerate duplicate of parent or another accepted variant
  attempt 21: accepted F00923-lm-19 — moved geese (6,0) -> (4,8)
  attempt 22: accepted F00923-lm-20 — moved geese (6,2) -> (2,9)
  attempt 23: accepted F00923-lm-21 — moved geese (6,6) -> (9,2)
  attempt 24: accepted F00923-lm-22 — moved park (3,4) -> (2,0)
  attempt 25: accepted F00923-lm-23 — moved geese (4,9) -> (8,0)
  attempt 26: accepted F00923-lm-24 — moved lamppost (10,4) -> (0,9)
  attempt 27: accepted F00923-lm-25 — moved park (3,4) -> (0,9)
  attempt 28: accepted F00923-lm-26 — moved market (9,6) -> (8,5)
  attempt 29: accepted F00923-lm-27 — moved park (5,0) -> (7,9)
  attempt 30: accepted F00923-lm-28 — moved falseGoals (7,3) -> (7,6)
  attempt 31: accepted F00923-lm-29 — moved geese (6,0) -> (0,4)
  attempt 32: accepted F00923-lm-30 — moved park (10,10) -> (3,2)

15/15 new local-mutant sibling(s) generated for R00923 in 32 attempt(s) (budget 600); 30 total in data/families/family-R00923-lm.json.
Wrote 30 level(s) total to data/families/family-R00923-lm.json (changed=true), 15 hint file(s) written to data/families/hints/.
Wrote family manifest to data/families/family-R00923-lm-manifest.json (30 variant(s) total).
Parent R00923: witness stressMeta.witnessSolution (len 66, 7 jump(s)), 23 movable object instance(s) under strict inventory.
Found 7 existing sibling(s) at data/families/family-R00923-sym.json — this run will add to them, not replace them.
  attempt 1: rejected — degenerate duplicate of parent or another accepted variant
  attempt 2: rejected — degenerate duplicate of parent or another accepted variant
  attempt 3: rejected — degenerate duplicate of parent or another accepted variant
  attempt 4: rejected — degenerate duplicate of parent or another accepted variant
  attempt 5: rejected — degenerate duplicate of parent or another accepted variant
  attempt 6: rejected — degenerate duplicate of parent or another accepted variant
  attempt 7: rejected — degenerate duplicate of parent or another accepted variant

0/7 new symmetry sibling(s) generated for R00923 in 7 attempt(s) (budget 7); 7 total in data/families/family-R00923-sym.json.
family capacity: 0 accepted this run — every movable instance had zero legal alternative placement, or every attempt degenerated to an already-seen fingerprint. See per-attempt log above.
Wrote 7 level(s) total to data/families/family-R00923-sym.json (changed=false), 0 hint file(s) written to data/families/hints/.
Wrote family manifest to data/families/family-R00923-sym-manifest.json (7 variant(s) total).
portfolio-solve-sweep: corpus=data/families/family-R00923-lm.json levels=30 (30 to solve) scheduler-mode=legacy budget=8000ms node-budget=20000000 workers=4 save-hints=true
  [1/30] L1 (F00923-lm-01) ok=✓ legacy [hint saved]
  [2/30] L3 (F00923-lm-03) ok=✗
  [3/30] L2 (F00923-lm-02) ok=✗
  [4/30] L4 (F00923-lm-04) ok=✗
  [5/30] L5 (F00923-lm-05) ok=✗
  [6/30] L7 (F00923-lm-07) ok=✗
  [7/30] L8 (F00923-lm-08) ok=✗
  [8/30] L6 (F00923-lm-06) ok=✗
  [9/30] L9 (F00923-lm-09) ok=✗
  [10/30] L12 (F00923-lm-12) ok=✗
  [11/30] L10 (F00923-lm-10) ok=✗
  [12/30] L11 (F00923-lm-11) ok=✗
  [13/30] L13 (F00923-lm-13) ok=✗
  [14/30] L14 (F00923-lm-14) ok=✗
  [15/30] L15 (F00923-lm-15) ok=✗
  [16/30] L16 (F00923-lm-16) ok=✗
  [17/30] L17 (F00923-lm-17) ok=✗
  [18/30] L19 (F00923-lm-19) ok=✗
  [19/30] L20 (F00923-lm-20) ok=✗
  [20/30] L18 (F00923-lm-18) ok=✗
  [21/30] L21 (F00923-lm-21) ok=✗
  [22/30] L22 (F00923-lm-22) ok=✗
  [23/30] L23 (F00923-lm-23) ok=✗
  [24/30] L24 (F00923-lm-24) ok=✗
  [25/30] L26 (F00923-lm-26) ok=✓ legacy [hint saved]
  [26/30] L25 (F00923-lm-25) ok=✗
  [27/30] L27 (F00923-lm-27) ok=✗
  [28/30] L28 (F00923-lm-28) ok=✗
  [29/30] L29 (F00923-lm-29) ok=✗
  [30/30] L30 (F00923-lm-30) ok=✗
Hints: appended to 2 level(s); 2 hint file(s) changed on disk.
Result: solved=2/30, solvedBeforeFallback=0, fallbackOnly=2, unsolved=28
Wrote logs/family-census/solve-R00923-lm.json
Wrote logs/family-census/solve-R00923-lm-summary.md
portfolio-solve-sweep: corpus=data/families/family-R00923-sym.json levels=7 (7 to solve) scheduler-mode=legacy budget=8000ms node-budget=20000000 workers=4 save-hints=true
  [1/7] L1 (F00923-sym-01) ok=✗
  [2/7] L4 (F00923-sym-04) ok=✗
  [3/7] L2 (F00923-sym-02) ok=✗
  [4/7] L3 (F00923-sym-03) ok=✗
  [5/7] L5 (F00923-sym-05) ok=✗
  [6/7] L6 (F00923-sym-06) ok=✗
  [7/7] L7 (F00923-sym-07) ok=✗
Hints: appended to 0 level(s); 0 hint file(s) changed on disk.
Result: solved=0/7, solvedBeforeFallback=0, fallbackOnly=0, unsolved=7
Wrote logs/family-census/solve-R00923-sym.json
Wrote logs/family-census/solve-R00923-sym-summary.md
[04:00:45] DONE R00923
[04:00:45] START R01132
Parent R01132: witness stressMeta.witnessSolution (len 75, 4 jump(s)), 54 movable object instance(s) under strict inventory.
Found 15 existing sibling(s) at data/families/family-R01132-lm.json — this run will add to them, not replace them.
  attempt 1: rejected — degenerate duplicate of parent or another accepted variant
  attempt 2: rejected — degenerate duplicate of parent or another accepted variant
  attempt 3: rejected — degenerate duplicate of parent or another accepted variant
  attempt 4: rejected — degenerate duplicate of parent or another accepted variant
  attempt 5: rejected — degenerate duplicate of parent or another accepted variant
  attempt 6: rejected — degenerate duplicate of parent or another accepted variant
  attempt 7: rejected — degenerate duplicate of parent or another accepted variant
  attempt 8: rejected — degenerate duplicate of parent or another accepted variant
  attempt 9: rejected — degenerate duplicate of parent or another accepted variant
  attempt 10: rejected — degenerate duplicate of parent or another accepted variant
  attempt 11: rejected — degenerate duplicate of parent or another accepted variant
  attempt 12: rejected — degenerate duplicate of parent or another accepted variant
  attempt 13: rejected — degenerate duplicate of parent or another accepted variant
  attempt 14: rejected — degenerate duplicate of parent or another accepted variant
  attempt 15: rejected — degenerate duplicate of parent or another accepted variant
  attempt 16: accepted F01132-lm-16 — moved park (2,11) -> (6,7)
  attempt 17: accepted F01132-lm-17 — moved blocks (9,9) -> (11,3)
  attempt 18: accepted F01132-lm-18 — moved blocks (0,0) -> (7,10)
  attempt 19: accepted F01132-lm-19 — moved falseGoals (1,0) -> (0,2)
  attempt 20: accepted F01132-lm-20 — moved blocks (11,2) -> (6,9)
  attempt 21: accepted F01132-lm-21 — moved lamppost (11,4) -> (4,4)
  attempt 22: accepted F01132-lm-22 — moved statue (5,11) -> (4,4)
  attempt 23: accepted F01132-lm-23 — moved blocks (9,10) -> (7,10)
  attempt 24: accepted F01132-lm-24 — moved blocks (3,4) -> (4,5)
  attempt 25: accepted F01132-lm-25 — moved blocks (10,4) -> (11,3)
  attempt 26: accepted F01132-lm-26 — moved blocks (10,9) -> (11,3)
  attempt 27: accepted F01132-lm-27 — moved blocks (9,1) -> (9,0)
  attempt 28: accepted F01132-lm-28 — moved blocks (6,1) -> (10,1)
  attempt 29: accepted F01132-lm-29 — moved blocks (9,10) -> (8,1)
  attempt 30: accepted F01132-lm-30 — moved blocks (11,10) -> (11,3)

15/15 new local-mutant sibling(s) generated for R01132 in 30 attempt(s) (budget 600); 30 total in data/families/family-R01132-lm.json.
Wrote 30 level(s) total to data/families/family-R01132-lm.json (changed=true), 15 hint file(s) written to data/families/hints/.
Wrote family manifest to data/families/family-R01132-lm-manifest.json (30 variant(s) total).
Parent R01132: witness stressMeta.witnessSolution (len 75, 4 jump(s)), 54 movable object instance(s) under strict inventory.
Found 7 existing sibling(s) at data/families/family-R01132-sym.json — this run will add to them, not replace them.
  attempt 1: rejected — degenerate duplicate of parent or another accepted variant
  attempt 2: rejected — degenerate duplicate of parent or another accepted variant
  attempt 3: rejected — degenerate duplicate of parent or another accepted variant
  attempt 4: rejected — degenerate duplicate of parent or another accepted variant
  attempt 5: rejected — degenerate duplicate of parent or another accepted variant
  attempt 6: rejected — degenerate duplicate of parent or another accepted variant
  attempt 7: rejected — degenerate duplicate of parent or another accepted variant

0/7 new symmetry sibling(s) generated for R01132 in 7 attempt(s) (budget 7); 7 total in data/families/family-R01132-sym.json.
family capacity: 0 accepted this run — every movable instance had zero legal alternative placement, or every attempt degenerated to an already-seen fingerprint. See per-attempt log above.
Wrote 7 level(s) total to data/families/family-R01132-sym.json (changed=false), 0 hint file(s) written to data/families/hints/.
Wrote family manifest to data/families/family-R01132-sym-manifest.json (7 variant(s) total).
portfolio-solve-sweep: corpus=data/families/family-R01132-lm.json levels=30 (30 to solve) scheduler-mode=legacy budget=8000ms node-budget=20000000 workers=4 save-hints=true
  [1/30] L3 (F01132-lm-03) ok=✗
  [2/30] L4 (F01132-lm-04) ok=✗
  [3/30] L2 (F01132-lm-02) ok=✗
  [4/30] L1 (F01132-lm-01) ok=✗
  [5/30] L7 (F01132-lm-07) ok=✗
  [6/30] L8 (F01132-lm-08) ok=✗
  [7/30] L5 (F01132-lm-05) ok=✗
  [8/30] L6 (F01132-lm-06) ok=✗
  [9/30] L9 (F01132-lm-09) ok=✓ legacy [hint saved]
  [10/30] L12 (F01132-lm-12) ok=✗
  [11/30] L10 (F01132-lm-10) ok=✗
  [12/30] L11 (F01132-lm-11) ok=✗
  [13/30] L13 (F01132-lm-13) ok=✗
  [14/30] L15 (F01132-lm-15) ok=✗
  [15/30] L14 (F01132-lm-14) ok=✗
  [16/30] L16 (F01132-lm-16) ok=✗
  [17/30] L17 (F01132-lm-17) ok=✗
  [18/30] L18 (F01132-lm-18) ok=✗
  [19/30] L19 (F01132-lm-19) ok=✗
  [20/30] L20 (F01132-lm-20) ok=✗
  [21/30] L21 (F01132-lm-21) ok=✗
