[03:14:20] START R00050
Parent R00050: witness hint[0] (len 127, 7 jump(s)), 67 movable object instance(s) under strict inventory.
Found 15 existing sibling(s) at data/families/family-R00050-lm.json — this run will add to them, not replace them.
  attempt 1: rejected — degenerate duplicate of parent or another accepted variant
  attempt 2: rejected — degenerate duplicate of parent or another accepted variant
  attempt 3: rejected — degenerate duplicate of parent or another accepted variant
  attempt 4: rejected — degenerate duplicate of parent or another accepted variant
  attempt 5: rejected — degenerate duplicate of parent or another accepted variant
  attempt 6: rejected — degenerate duplicate of parent or another accepted variant
  attempt 7: rejected — degenerate duplicate of parent or another accepted variant
  attempt 8: rejected — degenerate duplicate of parent or another accepted variant
  attempt 9: rejected — degenerate duplicate of parent or another accepted variant
  attempt 10: rejected — degenerate duplicate of parent or another accepted variant
  attempt 11: rejected — degenerate duplicate of parent or another accepted variant
  attempt 12: rejected — degenerate duplicate of parent or another accepted variant
  attempt 13: rejected — degenerate duplicate of parent or another accepted variant
  attempt 14: rejected — degenerate duplicate of parent or another accepted variant
  attempt 15: rejected — degenerate duplicate of parent or another accepted variant
  attempt 16: accepted F00050-lm-31 — moved geese (0,4) -> (0,11)
  attempt 17: accepted F00050-lm-32 — moved blocks (14,11) -> (0,10)
  attempt 18: accepted F00050-lm-33 — moved blocks (1,5) -> (4,0)
  attempt 19: accepted F00050-lm-34 — moved blocks (10,8) -> (5,8)
  attempt 20: accepted F00050-lm-35 — moved blocks (9,12) -> (1,10)
  attempt 21: accepted F00050-lm-36 — moved blocks (11,2) -> (11,5)
  attempt 22: accepted F00050-lm-37 — moved mustPass (5,2) -> (1,2)
  attempt 23: accepted F00050-lm-38 — moved blocks (3,9) -> (0,8)
  attempt 24: accepted F00050-lm-39 — moved blocks (3,9) -> (9,6)
  attempt 25: accepted F00050-lm-40 — moved blocks (6,14) -> (9,2)
  attempt 26: accepted F00050-lm-41 — moved blocks (3,9) -> (2,14)
  attempt 27: accepted F00050-lm-42 — moved mustPass (10,12) -> (8,2)
  attempt 28: accepted F00050-lm-43 — moved mustPass (10,12) -> (2,2)
  attempt 29: accepted F00050-lm-44 — moved blocks (3,9) -> (2,1)
  attempt 30: accepted F00050-lm-45 — moved blocks (10,8) -> (0,1)

15/15 new local-mutant sibling(s) generated for R00050 in 30 attempt(s) (budget 600); 30 total in data/families/family-R00050-lm.json.
Wrote 30 level(s) total to data/families/family-R00050-lm.json (changed=true), 15 hint file(s) written to data/families/hints/.
Wrote family manifest to data/families/family-R00050-lm-manifest.json (30 variant(s) total).
Parent R00050: witness hint[0] (len 127, 7 jump(s)), 67 movable object instance(s) under strict inventory.
Found 7 existing sibling(s) at data/families/family-R00050-sym.json — this run will add to them, not replace them.
  attempt 1: rejected — degenerate duplicate of parent or another accepted variant
  attempt 2: rejected — degenerate duplicate of parent or another accepted variant
  attempt 3: rejected — degenerate duplicate of parent or another accepted variant
  attempt 4: rejected — degenerate duplicate of parent or another accepted variant
  attempt 5: rejected — degenerate duplicate of parent or another accepted variant
  attempt 6: rejected — degenerate duplicate of parent or another accepted variant
  attempt 7: rejected — degenerate duplicate of parent or another accepted variant

0/7 new symmetry sibling(s) generated for R00050 in 7 attempt(s) (budget 7); 7 total in data/families/family-R00050-sym.json.
family capacity: 0 accepted this run — every movable instance had zero legal alternative placement, or every attempt degenerated to an already-seen fingerprint. See per-attempt log above.
Wrote 7 level(s) total to data/families/family-R00050-sym.json (changed=false), 0 hint file(s) written to data/families/hints/.
Wrote family manifest to data/families/family-R00050-sym-manifest.json (7 variant(s) total).
portfolio-solve-sweep: corpus=data/families/family-R00050-lm.json levels=30 (30 to solve) scheduler-mode=legacy budget=8000ms node-budget=20000000 workers=4 save-hints=true
  [1/30] L2 (F00050-lm-17) ok=✗
  [2/30] L1 (F00050-lm-16) ok=✗
  [3/30] L4 (F00050-lm-19) ok=✗
  [4/30] L3 (F00050-lm-18) ok=✗
  [5/30] L7 (F00050-lm-22) ok=✗
  [6/30] L6 (F00050-lm-21) ok=✗
  [7/30] L8 (F00050-lm-23) ok=✓ legacy [hint saved]
  [8/30] L5 (F00050-lm-20) ok=✗
  [9/30] L9 (F00050-lm-24) ok=✓ legacy [hint saved]
  [10/30] L10 (F00050-lm-25) ok=✗
  [11/30] L12 (F00050-lm-27) ok=✗
  [12/30] L11 (F00050-lm-26) ok=✗
  [13/30] L13 (F00050-lm-28) ok=✓ legacy [hint saved]
  [14/30] L15 (F00050-lm-30) ok=✓ legacy [hint saved]
  [15/30] L14 (F00050-lm-29) ok=✗
  [16/30] L17 (F00050-lm-32) ok=✓ legacy [hint saved]
  [17/30] L16 (F00050-lm-31) ok=✗
  [18/30] L18 (F00050-lm-33) ok=✓ legacy [hint saved]
  [19/30] L19 (F00050-lm-34) ok=✗
  [20/30] L20 (F00050-lm-35) ok=✗
  [21/30] L21 (F00050-lm-36) ok=✗
  [22/30] L22 (F00050-lm-37) ok=✗
  [23/30] L23 (F00050-lm-38) ok=✗
  [24/30] L25 (F00050-lm-40) ok=✗
  [25/30] L24 (F00050-lm-39) ok=✗
  [26/30] L26 (F00050-lm-41) ok=✗
  [27/30] L27 (F00050-lm-42) ok=✗
  [28/30] L28 (F00050-lm-43) ok=✗
  [29/30] L29 (F00050-lm-44) ok=✓ legacy [hint saved]
  [30/30] L30 (F00050-lm-45) ok=✗
Hints: appended to 7 level(s); 7 hint file(s) changed on disk.
Result: solved=7/30, solvedBeforeFallback=0, fallbackOnly=7, unsolved=23
Wrote logs/family-census/solve-R00050-lm.json
Wrote logs/family-census/solve-R00050-lm-summary.md
portfolio-solve-sweep: corpus=data/families/family-R00050-sym.json levels=7 (7 to solve) scheduler-mode=legacy budget=8000ms node-budget=20000000 workers=4 save-hints=true
  [1/7] L1 (F00050-sym-08) ok=✓ legacy [hint saved]
  [2/7] L3 (F00050-sym-10) ok=✓ legacy [hint saved]
  [3/7] L5 (F00050-sym-12) ok=✓ legacy [hint saved]
  [4/7] L2 (F00050-sym-09) ok=✗
  [5/7] L4 (F00050-sym-11) ok=✗
  [6/7] L6 (F00050-sym-13) ok=✓ legacy [hint saved]
  [7/7] L7 (F00050-sym-14) ok=✓ legacy [hint saved]
Hints: appended to 5 level(s); 5 hint file(s) changed on disk.
Result: solved=5/7, solvedBeforeFallback=0, fallbackOnly=5, unsolved=2
Wrote logs/family-census/solve-R00050-sym.json
Wrote logs/family-census/solve-R00050-sym-summary.md
[03:17:52] DONE R00050
[03:17:52] START R00306
Parent R00306: witness stressMeta.witnessSolution (len 121, 6 jump(s)), 46 movable object instance(s) under strict inventory.
Found 15 existing sibling(s) at data/families/family-R00306-lm.json — this run will add to them, not replace them.
  attempt 1: rejected — degenerate duplicate of parent or another accepted variant
  attempt 2: rejected — degenerate duplicate of parent or another accepted variant
  attempt 3: rejected — degenerate duplicate of parent or another accepted variant
  attempt 4: rejected — degenerate duplicate of parent or another accepted variant
  attempt 5: rejected — degenerate duplicate of parent or another accepted variant
  attempt 6: rejected — degenerate duplicate of parent or another accepted variant
  attempt 7: rejected — degenerate duplicate of parent or another accepted variant
  attempt 8: rejected — degenerate duplicate of parent or another accepted variant
  attempt 9: rejected — degenerate duplicate of parent or another accepted variant
  attempt 10: rejected — degenerate duplicate of parent or another accepted variant
  attempt 11: rejected — degenerate duplicate of parent or another accepted variant
  attempt 12: rejected — degenerate duplicate of parent or another accepted variant
  attempt 13: rejected — degenerate duplicate of parent or another accepted variant
  attempt 14: rejected — degenerate duplicate of parent or another accepted variant
  attempt 15: rejected — degenerate duplicate of parent or another accepted variant
  attempt 16: accepted F00306-lm-16 — moved blocks (6,7) -> (13,6)
  attempt 17: accepted F00306-lm-17 — moved blocks (0,9) -> (5,12)
  attempt 18: accepted F00306-lm-18 — moved blocks (4,11) -> (11,4)
  attempt 19: accepted F00306-lm-19 — moved blocks (13,5) -> (13,3)
  attempt 20: accepted F00306-lm-20 — moved blocks (3,12) -> (9,4)
  attempt 21: accepted F00306-lm-21 — moved blocks (10,0) -> (0,8)
  attempt 22: accepted F00306-lm-22 — moved blocks (0,11) -> (11,4)
  attempt 23: accepted F00306-lm-23 — moved blocks (1,9) -> (8,0)
  attempt 24: accepted F00306-lm-24 — moved library (13,8) -> (3,13)
  attempt 25: accepted F00306-lm-25 — moved library (4,4) -> (13,4)
  attempt 26: accepted F00306-lm-26 — moved blocks (13,13) -> (3,13)
  attempt 27: accepted F00306-lm-27 — moved blocks (4,6) -> (11,5)
  attempt 28: accepted F00306-lm-28 — moved blocks (13,5) -> (5,10)
  attempt 29: accepted F00306-lm-29 — moved blocks (10,4) -> (9,4)
  attempt 30: accepted F00306-lm-30 — moved library (2,13) -> (3,13)

15/15 new local-mutant sibling(s) generated for R00306 in 30 attempt(s) (budget 600); 30 total in data/families/family-R00306-lm.json.
Wrote 30 level(s) total to data/families/family-R00306-lm.json (changed=true), 15 hint file(s) written to data/families/hints/.
Wrote family manifest to data/families/family-R00306-lm-manifest.json (30 variant(s) total).
Parent R00306: witness stressMeta.witnessSolution (len 121, 6 jump(s)), 46 movable object instance(s) under strict inventory.
Found 7 existing sibling(s) at data/families/family-R00306-sym.json — this run will add to them, not replace them.
  attempt 1: rejected — degenerate duplicate of parent or another accepted variant
  attempt 2: rejected — degenerate duplicate of parent or another accepted variant
  attempt 3: rejected — degenerate duplicate of parent or another accepted variant
  attempt 4: rejected — degenerate duplicate of parent or another accepted variant
  attempt 5: rejected — degenerate duplicate of parent or another accepted variant
  attempt 6: rejected — degenerate duplicate of parent or another accepted variant
  attempt 7: rejected — degenerate duplicate of parent or another accepted variant

0/7 new symmetry sibling(s) generated for R00306 in 7 attempt(s) (budget 7); 7 total in data/families/family-R00306-sym.json.
family capacity: 0 accepted this run — every movable instance had zero legal alternative placement, or every attempt degenerated to an already-seen fingerprint. See per-attempt log above.
Wrote 7 level(s) total to data/families/family-R00306-sym.json (changed=false), 0 hint file(s) written to data/families/hints/.
Wrote family manifest to data/families/family-R00306-sym-manifest.json (7 variant(s) total).
portfolio-solve-sweep: corpus=data/families/family-R00306-lm.json levels=30 (30 to solve) scheduler-mode=legacy budget=8000ms node-budget=20000000 workers=4 save-hints=true
  [1/30] L4 (F00306-lm-04) ok=✓ legacy [hint saved]
  [2/30] L2 (F00306-lm-02) ok=✗
  [3/30] L1 (F00306-lm-01) ok=✗
  [4/30] L3 (F00306-lm-03) ok=✗
  [5/30] L5 (F00306-lm-05) ok=✗
  [6/30] L7 (F00306-lm-07) ok=✗
  [7/30] L6 (F00306-lm-06) ok=✗
  [8/30] L8 (F00306-lm-08) ok=✗
  [9/30] L9 (F00306-lm-09) ok=✗
  [10/30] L10 (F00306-lm-10) ok=✗
  [11/30] L13 (F00306-lm-13) ok=✗
  [12/30] L11 (F00306-lm-11) ok=✗
  [13/30] L12 (F00306-lm-12) ok=✗
  [14/30] L14 (F00306-lm-14) ok=✗
  [15/30] L15 (F00306-lm-15) ok=✗
  [16/30] L16 (F00306-lm-16) ok=✗
  [17/30] L17 (F00306-lm-17) ok=✗
  [18/30] L19 (F00306-lm-19) ok=✗
  [19/30] L18 (F00306-lm-18) ok=✗
  [20/30] L21 (F00306-lm-21) ok=✗
  [21/30] L20 (F00306-lm-20) ok=✗
  [22/30] L22 (F00306-lm-22) ok=✗
  [23/30] L23 (F00306-lm-23) ok=✗
  [24/30] L24 (F00306-lm-24) ok=✗
  [25/30] L25 (F00306-lm-25) ok=✗
  [26/30] L29 (F00306-lm-29) ok=✓ legacy [hint saved]
  [27/30] L26 (F00306-lm-26) ok=✗
  [28/30] L27 (F00306-lm-27) ok=✗
  [29/30] L28 (F00306-lm-28) ok=✗
  [30/30] L30 (F00306-lm-30) ok=✗
Hints: appended to 2 level(s); 2 hint file(s) changed on disk.
Result: solved=2/30, solvedBeforeFallback=0, fallbackOnly=2, unsolved=28
Wrote logs/family-census/solve-R00306-lm.json
Wrote logs/family-census/solve-R00306-lm-summary.md
portfolio-solve-sweep: corpus=data/families/family-R00306-sym.json levels=7 (7 to solve) scheduler-mode=legacy budget=8000ms node-budget=20000000 workers=4 save-hints=true
  [1/7] L4 (F00306-sym-04) ok=✗
  [2/7] L2 (F00306-sym-02) ok=✗
  [3/7] L1 (F00306-sym-01) ok=✗
  [4/7] L3 (F00306-sym-03) ok=✗
  [5/7] L5 (F00306-sym-05) ok=✗
  [6/7] L7 (F00306-sym-07) ok=✗
  [7/7] L6 (F00306-sym-06) ok=✗
Hints: appended to 0 level(s); 0 hint file(s) changed on disk.
Result: solved=0/7, solvedBeforeFallback=0, fallbackOnly=0, unsolved=7
Wrote logs/family-census/solve-R00306-sym.json
Wrote logs/family-census/solve-R00306-sym-summary.md
[03:24:45] DONE R00306
[03:24:45] START R00488
Parent R00488: witness hint[0] (len 118, 3 jump(s)), 16 movable object instance(s) under strict inventory.
Found 15 existing sibling(s) at data/families/family-R00488-lm.json — this run will add to them, not replace them.
  attempt 1: rejected — degenerate duplicate of parent or another accepted variant
  attempt 2: rejected — degenerate duplicate of parent or another accepted variant
  attempt 3: rejected — degenerate duplicate of parent or another accepted variant
  attempt 4: rejected — degenerate duplicate of parent or another accepted variant
  attempt 5: rejected — degenerate duplicate of parent or another accepted variant
  attempt 6: rejected — degenerate duplicate of parent or another accepted variant
  attempt 7: rejected — degenerate duplicate of parent or another accepted variant
  attempt 8: rejected — degenerate duplicate of parent or another accepted variant
  attempt 9: rejected — degenerate duplicate of parent or another accepted variant
  attempt 10: rejected — degenerate duplicate of parent or another accepted variant
  attempt 11: rejected — degenerate duplicate of parent or another accepted variant
  attempt 12: rejected — degenerate duplicate of parent or another accepted variant
  attempt 13: rejected — degenerate duplicate of parent or another accepted variant
  attempt 14: rejected — degenerate duplicate of parent or another accepted variant
  attempt 15: rejected — degenerate duplicate of parent or another accepted variant
  attempt 16: rejected — degenerate duplicate of parent or another accepted variant
  attempt 17: accepted F00488-lm-16 — moved falseGoals (9,9) -> (10,6)
  attempt 18: accepted F00488-lm-17 — moved fountain (8,8) -> (10,5)
  attempt 19: accepted F00488-lm-18 — moved falseGoals (9,9) -> (1,11)
  attempt 20: accepted F00488-lm-19 — moved park (8,9) -> (3,1)
  attempt 21: accepted F00488-lm-20 — moved fountain (8,8) -> (4,1)
  attempt 22: accepted F00488-lm-21 — moved fountain (0,1) -> (6,1)
  attempt 23: rejected — degenerate duplicate of parent or another accepted variant
  attempt 24: accepted F00488-lm-22 — moved falseGoals (9,9) -> (1,0)
  attempt 25: accepted F00488-lm-23 — moved falseGoals (12,0) -> (10,5)
  attempt 26: accepted F00488-lm-24 — moved statue (4,0) -> (1,11)
  attempt 27: rejected — degenerate duplicate of parent or another accepted variant
  attempt 28: accepted F00488-lm-25 — moved falseGoals (7,9) -> (0,6)
  attempt 29: accepted F00488-lm-26 — moved falseGoals (2,1) -> (10,3)
  attempt 30: accepted F00488-lm-27 — moved falseGoals (2,1) -> (10,5)
  attempt 31: accepted F00488-lm-28 — moved fountain (0,1) -> (3,1)
  attempt 32: accepted F00488-lm-29 — moved fountain (0,1) -> (10,3)
  attempt 33: accepted F00488-lm-30 — moved fountain (0,1) -> (10,5)

15/15 new local-mutant sibling(s) generated for R00488 in 33 attempt(s) (budget 600); 30 total in data/families/family-R00488-lm.json.
Wrote 30 level(s) total to data/families/family-R00488-lm.json (changed=true), 15 hint file(s) written to data/families/hints/.
Wrote family manifest to data/families/family-R00488-lm-manifest.json (30 variant(s) total).
Parent R00488: witness hint[0] (len 118, 3 jump(s)), 16 movable object instance(s) under strict inventory.
Found 7 existing sibling(s) at data/families/family-R00488-sym.json — this run will add to them, not replace them.
  attempt 1: rejected — degenerate duplicate of parent or another accepted variant
  attempt 2: rejected — degenerate duplicate of parent or another accepted variant
  attempt 3: rejected — degenerate duplicate of parent or another accepted variant
  attempt 4: rejected — degenerate duplicate of parent or another accepted variant
  attempt 5: rejected — degenerate duplicate of parent or another accepted variant
  attempt 6: rejected — degenerate duplicate of parent or another accepted variant
  attempt 7: rejected — degenerate duplicate of parent or another accepted variant

0/7 new symmetry sibling(s) generated for R00488 in 7 attempt(s) (budget 7); 7 total in data/families/family-R00488-sym.json.
family capacity: 0 accepted this run — every movable instance had zero legal alternative placement, or every attempt degenerated to an already-seen fingerprint. See per-attempt log above.
Wrote 7 level(s) total to data/families/family-R00488-sym.json (changed=false), 0 hint file(s) written to data/families/hints/.
Wrote family manifest to data/families/family-R00488-sym-manifest.json (7 variant(s) total).
portfolio-solve-sweep: corpus=data/families/family-R00488-lm.json levels=30 (30 to solve) scheduler-mode=legacy budget=8000ms node-budget=20000000 workers=4 save-hints=true
  [1/30] L1 (F00488-lm-01) ok=✗
  [2/30] L3 (F00488-lm-03) ok=✗
  [3/30] L4 (F00488-lm-04) ok=✗
  [4/30] L7 (F00488-lm-07) ok=✓ legacy [hint saved]
  [5/30] L2 (F00488-lm-02) ok=✗
  [6/30] L5 (F00488-lm-05) ok=✓ legacy [hint saved]
  [7/30] L6 (F00488-lm-06) ok=✗
  [8/30] L8 (F00488-lm-08) ok=✗
  [9/30] L9 (F00488-lm-09) ok=✗
  [10/30] L10 (F00488-lm-10) ok=✗
  [11/30] L12 (F00488-lm-12) ok=✗
  [12/30] L11 (F00488-lm-11) ok=✗
  [13/30] L14 (F00488-lm-14) ok=✓ legacy [hint saved]
  [14/30] L13 (F00488-lm-13) ok=✗
  [15/30] L15 (F00488-lm-15) ok=✗
  [16/30] L16 (F00488-lm-16) ok=✗
  [17/30] L17 (F00488-lm-17) ok=✗
  [18/30] L18 (F00488-lm-18) ok=✗
  [19/30] L19 (F00488-lm-19) ok=✗
  [20/30] L20 (F00488-lm-20) ok=✗
  [21/30] L21 (F00488-lm-21) ok=✗
  [22/30] L22 (F00488-lm-22) ok=✗
  [23/30] L23 (F00488-lm-23) ok=✗
  [24/30] L24 (F00488-lm-24) ok=✗
  [25/30] L26 (F00488-lm-26) ok=✗
  [26/30] L25 (F00488-lm-25) ok=✗
  [27/30] L29 (F00488-lm-29) ok=✓ legacy [hint saved]
  [28/30] L27 (F00488-lm-27) ok=✗
  [29/30] L28 (F00488-lm-28) ok=✗
  [30/30] L30 (F00488-lm-30) ok=✗
Hints: appended to 4 level(s); 4 hint file(s) changed on disk.
Result: solved=4/30, solvedBeforeFallback=0, fallbackOnly=4, unsolved=26
Wrote logs/family-census/solve-R00488-lm.json
Wrote logs/family-census/solve-R00488-lm-summary.md
portfolio-solve-sweep: corpus=data/families/family-R00488-sym.json levels=7 (7 to solve) scheduler-mode=legacy budget=8000ms node-budget=20000000 workers=4 save-hints=true
  [1/7] L1 (F00488-sym-01) ok=✗
  [2/7] L3 (F00488-sym-03) ok=✗
  [3/7] L2 (F00488-sym-02) ok=✗
  [4/7] L4 (F00488-sym-04) ok=✗
  [5/7] L6 (F00488-sym-06) ok=✗
  [6/7] L5 (F00488-sym-05) ok=✗
  [7/7] L7 (F00488-sym-07) ok=✗
Hints: appended to 0 level(s); 0 hint file(s) changed on disk.
Result: solved=0/7, solvedBeforeFallback=0, fallbackOnly=0, unsolved=7
Wrote logs/family-census/solve-R00488-sym.json
Wrote logs/family-census/solve-R00488-sym-summary.md
[03:27:25] DONE R00488
[03:27:25] START R00623
Parent R00623: witness stressMeta.witnessSolution (len 138, 6 jump(s)), 68 movable object instance(s) under strict inventory.
Found 15 existing sibling(s) at data/families/family-R00623-lm.json — this run will add to them, not replace them.
  attempt 1: rejected — degenerate duplicate of parent or another accepted variant
  attempt 2: rejected — degenerate duplicate of parent or another accepted variant
  attempt 3: rejected — degenerate duplicate of parent or another accepted variant
  attempt 4: rejected — degenerate duplicate of parent or another accepted variant
  attempt 5: rejected — degenerate duplicate of parent or another accepted variant
  attempt 6: rejected — degenerate duplicate of parent or another accepted variant
  attempt 7: rejected — degenerate duplicate of parent or another accepted variant
  attempt 8: rejected — degenerate duplicate of parent or another accepted variant
  attempt 9: rejected — degenerate duplicate of parent or another accepted variant
  attempt 10: rejected — degenerate duplicate of parent or another accepted variant
  attempt 11: rejected — degenerate duplicate of parent or another accepted variant
  attempt 12: rejected — degenerate duplicate of parent or another accepted variant
  attempt 13: rejected — degenerate duplicate of parent or another accepted variant
  attempt 14: rejected — degenerate duplicate of parent or another accepted variant
  attempt 15: rejected — degenerate duplicate of parent or another accepted variant
  attempt 16: accepted F00623-lm-16 — moved blocks (7,1) -> (13,3)
  attempt 17: accepted F00623-lm-17 — moved blocks (13,8) -> (11,13)
  attempt 18: accepted F00623-lm-18 — moved geese (5,8) -> (8,9)
  attempt 19: accepted F00623-lm-19 — moved geese (10,2) -> (13,3)
  attempt 20: accepted F00623-lm-20 — moved statue (6,13) -> (6,11)
  attempt 21: accepted F00623-lm-21 — moved flippingFilters (8,3) -> (0,8)
  attempt 22: accepted F00623-lm-22 — moved market (13,11) -> (11,13)
  attempt 23: accepted F00623-lm-23 — moved blocks (11,2) -> (8,9)
  attempt 24: accepted F00623-lm-24 — moved falseGoals (12,10) -> (13,5)
  attempt 25: accepted F00623-lm-25 — moved flippingFilters (8,3) -> (4,13)
  attempt 26: accepted F00623-lm-26 — moved blocks (7,0) -> (8,9)
  attempt 27: accepted F00623-lm-27 — moved blocks (7,1) -> (8,9)
  attempt 28: accepted F00623-lm-28 — moved fountain (7,12) -> (1,0)
  attempt 29: accepted F00623-lm-29 — moved fountain (11,11) -> (13,5)
  attempt 30: accepted F00623-lm-30 — moved blocks (11,2) -> (11,13)

15/15 new local-mutant sibling(s) generated for R00623 in 30 attempt(s) (budget 600); 30 total in data/families/family-R00623-lm.json.
Wrote 30 level(s) total to data/families/family-R00623-lm.json (changed=true), 15 hint file(s) written to data/families/hints/.
Wrote family manifest to data/families/family-R00623-lm-manifest.json (30 variant(s) total).
Parent R00623: witness stressMeta.witnessSolution (len 138, 6 jump(s)), 68 movable object instance(s) under strict inventory.
Found 7 existing sibling(s) at data/families/family-R00623-sym.json — this run will add to them, not replace them.
  attempt 1: rejected — degenerate duplicate of parent or another accepted variant
  attempt 2: rejected — degenerate duplicate of parent or another accepted variant
  attempt 3: rejected — degenerate duplicate of parent or another accepted variant
  attempt 4: rejected — degenerate duplicate of parent or another accepted variant
  attempt 5: rejected — degenerate duplicate of parent or another accepted variant
  attempt 6: rejected — degenerate duplicate of parent or another accepted variant
  attempt 7: rejected — degenerate duplicate of parent or another accepted variant

0/7 new symmetry sibling(s) generated for R00623 in 7 attempt(s) (budget 7); 7 total in data/families/family-R00623-sym.json.
family capacity: 0 accepted this run — every movable instance had zero legal alternative placement, or every attempt degenerated to an already-seen fingerprint. See per-attempt log above.
Wrote 7 level(s) total to data/families/family-R00623-sym.json (changed=false), 0 hint file(s) written to data/families/hints/.
Wrote family manifest to data/families/family-R00623-sym-manifest.json (7 variant(s) total).
portfolio-solve-sweep: corpus=data/families/family-R00623-lm.json levels=30 (30 to solve) scheduler-mode=legacy budget=8000ms node-budget=20000000 workers=4 save-hints=true
  [1/30] L2 (F00623-lm-02) ok=✗
  [2/30] L4 (F00623-lm-04) ok=✗
  [3/30] L3 (F00623-lm-03) ok=✗
  [4/30] L1 (F00623-lm-01) ok=✗
  [5/30] L5 (F00623-lm-05) ok=✗
  [6/30] L6 (F00623-lm-06) ok=✗
  [7/30] L7 (F00623-lm-07) ok=✗
  [8/30] L8 (F00623-lm-08) ok=✗
  [9/30] L11 (F00623-lm-11) ok=✗
  [10/30] L10 (F00623-lm-10) ok=✗
  [11/30] L9 (F00623-lm-09) ok=✗
  [12/30] L12 (F00623-lm-12) ok=✗
  [13/30] L13 (F00623-lm-13) ok=✗
  [14/30] L14 (F00623-lm-14) ok=✗
  [15/30] L15 (F00623-lm-15) ok=✗
  [16/30] L16 (F00623-lm-16) ok=✗
  [17/30] L17 (F00623-lm-17) ok=✗
  [18/30] L20 (F00623-lm-20) ok=✗
  [19/30] L18 (F00623-lm-18) ok=✗
  [20/30] L19 (F00623-lm-19) ok=✗
  [21/30] L21 (F00623-lm-21) ok=✗
  [22/30] L22 (F00623-lm-22) ok=✗
  [23/30] L23 (F00623-lm-23) ok=✗
  [24/30] L24 (F00623-lm-24) ok=✗
  [25/30] L25 (F00623-lm-25) ok=✗
  [26/30] L26 (F00623-lm-26) ok=✗
  [27/30] L27 (F00623-lm-27) ok=✗
  [28/30] L28 (F00623-lm-28) ok=✗
  [29/30] L29 (F00623-lm-29) ok=✗
  [30/30] L30 (F00623-lm-30) ok=✗
Hints: appended to 0 level(s); 0 hint file(s) changed on disk.
Result: solved=0/30, solvedBeforeFallback=0, fallbackOnly=0, unsolved=30
Wrote logs/family-census/solve-R00623-lm.json
Wrote logs/family-census/solve-R00623-lm-summary.md
portfolio-solve-sweep: corpus=data/families/family-R00623-sym.json levels=7 (7 to solve) scheduler-mode=legacy budget=8000ms node-budget=20000000 workers=4 save-hints=true
  [1/7] L2 (F00623-sym-02) ok=✗
  [2/7] L4 (F00623-sym-04) ok=✗
  [3/7] L1 (F00623-sym-01) ok=✗
  [4/7] L3 (F00623-sym-03) ok=✗
  [5/7] L7 (F00623-sym-07) ok=✗
  [6/7] L5 (F00623-sym-05) ok=✗
  [7/7] L6 (F00623-sym-06) ok=✗
Hints: appended to 0 level(s); 0 hint file(s) changed on disk.
Result: solved=0/7, solvedBeforeFallback=0, fallbackOnly=0, unsolved=7
Wrote logs/family-census/solve-R00623-sym.json
Wrote logs/family-census/solve-R00623-sym-summary.md
[03:33:07] DONE R00623
[03:33:07] START R00762
Parent R00762: witness stressMeta.witnessSolution (len 97, 4 jump(s)), 49 movable object instance(s) under strict inventory.
Found 15 existing sibling(s) at data/families/family-R00762-lm.json — this run will add to them, not replace them.
  attempt 1: rejected — degenerate duplicate of parent or another accepted variant
  attempt 2: rejected — degenerate duplicate of parent or another accepted variant
  attempt 3: rejected — degenerate duplicate of parent or another accepted variant
  attempt 4: rejected — degenerate duplicate of parent or another accepted variant
  attempt 5: rejected — degenerate duplicate of parent or another accepted variant
  attempt 6: rejected — degenerate duplicate of parent or another accepted variant
  attempt 7: rejected — degenerate duplicate of parent or another accepted variant
  attempt 8: rejected — degenerate duplicate of parent or another accepted variant
  attempt 9: rejected — degenerate duplicate of parent or another accepted variant
  attempt 10: rejected — degenerate duplicate of parent or another accepted variant
  attempt 11: rejected — degenerate duplicate of parent or another accepted variant
  attempt 12: rejected — degenerate duplicate of parent or another accepted variant
  attempt 13: rejected — degenerate duplicate of parent or another accepted variant
  attempt 14: rejected — degenerate duplicate of parent or another accepted variant
  attempt 15: rejected — degenerate duplicate of parent or another accepted variant
  attempt 16: accepted F00762-lm-16 — moved park (3,2) -> (4,11)
  attempt 17: accepted F00762-lm-17 — moved blocks (2,0) -> (4,7)
  attempt 18: accepted F00762-lm-18 — moved mustPass (8,3) -> (8,2)
  attempt 19: accepted F00762-lm-19 — moved blocks (1,0) -> (12,11)
  attempt 20: accepted F00762-lm-20 — moved flippingFilters (6,1) -> (8,1)
  attempt 21: accepted F00762-lm-21 — moved blocks (1,5) -> (12,11)
  attempt 22: accepted F00762-lm-22 — moved park (3,2) -> (5,8)
  attempt 23: accepted F00762-lm-23 — moved blocks (11,12) -> (11,0)
  attempt 24: accepted F00762-lm-24 — moved blocks (11,12) -> (0,6)
  attempt 25: accepted F00762-lm-25 — moved market (11,2) -> (2,6)
  attempt 26: accepted F00762-lm-26 — moved mustPass (8,3) -> (6,6)
  attempt 27: accepted F00762-lm-27 — moved blocks (12,8) -> (12,1)
  attempt 28: accepted F00762-lm-28 — moved blocks (0,0) -> (1,3)
  attempt 29: accepted F00762-lm-29 — moved market (5,0) -> (6,12)
  attempt 30: rejected — degenerate duplicate of parent or another accepted variant
  attempt 31: accepted F00762-lm-30 — moved mustPass (5,11) -> (9,4)

15/15 new local-mutant sibling(s) generated for R00762 in 31 attempt(s) (budget 600); 30 total in data/families/family-R00762-lm.json.
Wrote 30 level(s) total to data/families/family-R00762-lm.json (changed=true), 15 hint file(s) written to data/families/hints/.
Wrote family manifest to data/families/family-R00762-lm-manifest.json (30 variant(s) total).
Parent R00762: witness stressMeta.witnessSolution (len 97, 4 jump(s)), 49 movable object instance(s) under strict inventory.
Found 7 existing sibling(s) at data/families/family-R00762-sym.json — this run will add to them, not replace them.
  attempt 1: rejected — degenerate duplicate of parent or another accepted variant
  attempt 2: rejected — degenerate duplicate of parent or another accepted variant
  attempt 3: rejected — degenerate duplicate of parent or another accepted variant
  attempt 4: rejected — degenerate duplicate of parent or another accepted variant
  attempt 5: rejected — degenerate duplicate of parent or another accepted variant
  attempt 6: rejected — degenerate duplicate of parent or another accepted variant
  attempt 7: rejected — degenerate duplicate of parent or another accepted variant

0/7 new symmetry sibling(s) generated for R00762 in 7 attempt(s) (budget 7); 7 total in data/families/family-R00762-sym.json.
family capacity: 0 accepted this run — every movable instance had zero legal alternative placement, or every attempt degenerated to an already-seen fingerprint. See per-attempt log above.
Wrote 7 level(s) total to data/families/family-R00762-sym.json (changed=false), 0 hint file(s) written to data/families/hints/.
Wrote family manifest to data/families/family-R00762-sym-manifest.json (7 variant(s) total).
portfolio-solve-sweep: corpus=data/families/family-R00762-lm.json levels=30 (30 to solve) scheduler-mode=legacy budget=8000ms node-budget=20000000 workers=4 save-hints=true
  [1/30] L3 (F00762-lm-03) ok=✓ legacy [hint saved]
  [2/30] L4 (F00762-lm-04) ok=✓ legacy [hint saved]
  [3/30] L1 (F00762-lm-01) ok=✗
  [4/30] L2 (F00762-lm-02) ok=✗
  [5/30] L5 (F00762-lm-05) ok=✗
  [6/30] L6 (F00762-lm-06) ok=✓ legacy [hint saved]
  [7/30] L7 (F00762-lm-07) ok=✓ legacy [hint saved]
  [8/30] L8 (F00762-lm-08) ok=✗
  [9/30] L9 (F00762-lm-09) ok=✓ legacy [hint saved]
  [10/30] L11 (F00762-lm-11) ok=✓ legacy [hint saved]
  [11/30] L10 (F00762-lm-10) ok=✓ legacy [hint saved]
  [12/30] L12 (F00762-lm-12) ok=✗
  [13/30] L13 (F00762-lm-13) ok=✓ legacy [hint saved]
  [14/30] L14 (F00762-lm-14) ok=✓ legacy [hint saved]
  [15/30] L15 (F00762-lm-15) ok=✓ legacy [hint saved]
  [16/30] L17 (F00762-lm-17) ok=✓ legacy [hint saved]
  [17/30] L16 (F00762-lm-16) ok=✗
  [18/30] L20 (F00762-lm-20) ok=✓ legacy [hint saved]
  [19/30] L18 (F00762-lm-18) ok=✗
  [20/30] L19 (F00762-lm-19) ok=✓ legacy [hint saved]
  [21/30] L21 (F00762-lm-21) ok=✓ legacy [hint saved]
  [22/30] L23 (F00762-lm-23) ok=✓ legacy [hint saved]
  [23/30] L24 (F00762-lm-24) ok=✓ legacy [hint saved]
  [24/30] L22 (F00762-lm-22) ok=✗
  [25/30] L25 (F00762-lm-25) ok=✗
  [26/30] L28 (F00762-lm-28) ok=✓ legacy [hint saved]
  [27/30] L26 (F00762-lm-26) ok=✗
  [28/30] L27 (F00762-lm-27) ok=✗
  [29/30] L29 (F00762-lm-29) ok=✗
  [30/30] L30 (F00762-lm-30) ok=✗
Hints: appended to 17 level(s); 17 hint file(s) changed on disk.
Result: solved=17/30, solvedBeforeFallback=0, fallbackOnly=17, unsolved=13
Wrote logs/family-census/solve-R00762-lm.json
Wrote logs/family-census/solve-R00762-lm-summary.md
portfolio-solve-sweep: corpus=data/families/family-R00762-sym.json levels=7 (7 to solve) scheduler-mode=legacy budget=8000ms node-budget=20000000 workers=4 save-hints=true
  [1/7] L2 (F00762-sym-02) ok=✗
  [2/7] L4 (F00762-sym-04) ok=✗
  [3/7] L1 (F00762-sym-01) ok=✗
  [4/7] L3 (F00762-sym-03) ok=✗
  [5/7] L7 (F00762-sym-07) ok=✗
  [6/7] L6 (F00762-sym-06) ok=✗
  [7/7] L5 (F00762-sym-05) ok=✓ legacy [hint saved]
Hints: appended to 1 level(s); 1 hint file(s) changed on disk.
Result: solved=1/7, solvedBeforeFallback=0, fallbackOnly=1, unsolved=6
Wrote logs/family-census/solve-R00762-sym.json
Wrote logs/family-census/solve-R00762-sym-summary.md
[03:41:30] DONE R00762
[03:41:30] START R01009
Parent R01009: witness stressMeta.witnessSolution (len 111, 0 jump(s)), 43 movable object instance(s) under strict inventory.
Found 15 existing sibling(s) at data/families/family-R01009-lm.json — this run will add to them, not replace them.
  attempt 1: rejected — degenerate duplicate of parent or another accepted variant
  attempt 2: rejected — degenerate duplicate of parent or another accepted variant
  attempt 3: rejected — degenerate duplicate of parent or another accepted variant
  attempt 4: rejected — degenerate duplicate of parent or another accepted variant
  attempt 5: rejected — degenerate duplicate of parent or another accepted variant
  attempt 6: rejected — degenerate duplicate of parent or another accepted variant
  attempt 7: rejected — degenerate duplicate of parent or another accepted variant
  attempt 8: rejected — degenerate duplicate of parent or another accepted variant
  attempt 9: rejected — degenerate duplicate of parent or another accepted variant
  attempt 10: rejected — degenerate duplicate of parent or another accepted variant
  attempt 11: rejected — degenerate duplicate of parent or another accepted variant
  attempt 12: rejected — degenerate duplicate of parent or another accepted variant
  attempt 13: rejected — degenerate duplicate of parent or another accepted variant
  attempt 14: rejected — degenerate duplicate of parent or another accepted variant
  attempt 15: rejected — degenerate duplicate of parent or another accepted variant
  attempt 16: accepted F01009-lm-16 — moved flippingFilters (6,0) -> (3,10)
  attempt 17: accepted F01009-lm-17 — moved blocks (1,6) -> (8,1)
  attempt 18: accepted F01009-lm-18 — moved blocks (8,10) -> (5,0)
  attempt 19: accepted F01009-lm-19 — moved blocks (12,1) -> (1,5)
  attempt 20: accepted F01009-lm-20 — moved park (12,0) -> (9,1)
  attempt 21: accepted F01009-lm-21 — moved fountain (8,11) -> (0,12)
  attempt 22: accepted F01009-lm-22 — moved flippingFilters (8,8) -> (10,0)
  attempt 23: accepted F01009-lm-23 — moved blocks (0,8) -> (7,6)
  attempt 24: accepted F01009-lm-24 — moved flippingFilters (0,5) -> (5,9)
  attempt 25: accepted F01009-lm-25 — moved market (6,5) -> (7,7)
  attempt 26: rejected — degenerate duplicate of parent or another accepted variant
  attempt 27: accepted F01009-lm-26 — moved flippingFilters (7,0) -> (8,1)
  attempt 28: accepted F01009-lm-27 — moved blocks (0,6) -> (3,10)
  attempt 29: accepted F01009-lm-28 — moved flippingFilters (8,8) -> (12,3)
  attempt 30: accepted F01009-lm-29 — moved flippingFilters (10,9) -> (9,2)
  attempt 31: accepted F01009-lm-30 — moved geese (4,7) -> (4,9)

15/15 new local-mutant sibling(s) generated for R01009 in 31 attempt(s) (budget 600); 30 total in data/families/family-R01009-lm.json.
Wrote 30 level(s) total to data/families/family-R01009-lm.json (changed=true), 15 hint file(s) written to data/families/hints/.
Wrote family manifest to data/families/family-R01009-lm-manifest.json (30 variant(s) total).
Parent R01009: witness stressMeta.witnessSolution (len 111, 0 jump(s)), 43 movable object instance(s) under strict inventory.
Found 7 existing sibling(s) at data/families/family-R01009-sym.json — this run will add to them, not replace them.
  attempt 1: rejected — degenerate duplicate of parent or another accepted variant
  attempt 2: rejected — degenerate duplicate of parent or another accepted variant
  attempt 3: rejected — degenerate duplicate of parent or another accepted variant
  attempt 4: rejected — degenerate duplicate of parent or another accepted variant
  attempt 5: rejected — degenerate duplicate of parent or another accepted variant
  attempt 6: rejected — degenerate duplicate of parent or another accepted variant
  attempt 7: rejected — degenerate duplicate of parent or another accepted variant

0/7 new symmetry sibling(s) generated for R01009 in 7 attempt(s) (budget 7); 7 total in data/families/family-R01009-sym.json.
family capacity: 0 accepted this run — every movable instance had zero legal alternative placement, or every attempt degenerated to an already-seen fingerprint. See per-attempt log above.
Wrote 7 level(s) total to data/families/family-R01009-sym.json (changed=false), 0 hint file(s) written to data/families/hints/.
Wrote family manifest to data/families/family-R01009-sym-manifest.json (7 variant(s) total).
portfolio-solve-sweep: corpus=data/families/family-R01009-lm.json levels=30 (30 to solve) scheduler-mode=legacy budget=8000ms node-budget=20000000 workers=4 save-hints=true
  [1/30] L3 (F01009-lm-03) ok=✓ legacy [hint saved]
  [2/30] L4 (F01009-lm-04) ok=✓ legacy [hint saved]
  [3/30] L5 (F01009-lm-05) ok=✓ legacy [hint saved]
  [4/30] L2 (F01009-lm-02) ok=✗
  [5/30] L1 (F01009-lm-01) ok=✗
  [6/30] L6 (F01009-lm-06) ok=✗
  [7/30] L8 (F01009-lm-08) ok=✓ legacy [hint saved]
  [8/30] L7 (F01009-lm-07) ok=✗
  [9/30] L12 (F01009-lm-12) ok=✓ legacy [hint saved]
  [10/30] L9 (F01009-lm-09) ok=✗
  [11/30] L10 (F01009-lm-10) ok=✗
  [12/30] L11 (F01009-lm-11) ok=✗
  [13/30] L13 (F01009-lm-13) ok=✗
  [14/30] L14 (F01009-lm-14) ok=✗
  [15/30] L16 (F01009-lm-16) ok=✓ legacy [hint saved]
  [16/30] L15 (F01009-lm-15) ok=✗
  [17/30] L17 (F01009-lm-17) ok=✓ legacy [hint saved]
  [18/30] L18 (F01009-lm-18) ok=✗
  [19/30] L19 (F01009-lm-19) ok=✗
  [20/30] L20 (F01009-lm-20) ok=✗
  [21/30] L23 (F01009-lm-23) ok=✓ legacy [hint saved]
  [22/30] L21 (F01009-lm-21) ok=✗
  [23/30] L22 (F01009-lm-22) ok=✗
  [24/30] L24 (F01009-lm-24) ok=✗
  [25/30] L25 (F01009-lm-25) ok=✗
  [26/30] L26 (F01009-lm-26) ok=✗
  [27/30] L27 (F01009-lm-27) ok=✗
  [28/30] L30 (F01009-lm-30) ok=✓ legacy [hint saved]
  [29/30] L28 (F01009-lm-28) ok=✗
  [30/30] L29 (F01009-lm-29) ok=✗
Hints: appended to 9 level(s); 9 hint file(s) changed on disk.
Result: solved=9/30, solvedBeforeFallback=0, fallbackOnly=9, unsolved=21
Wrote logs/family-census/solve-R01009-lm.json
Wrote logs/family-census/solve-R01009-lm-summary.md
portfolio-solve-sweep: corpus=data/families/family-R01009-sym.json levels=7 (7 to solve) scheduler-mode=legacy budget=8000ms node-budget=20000000 workers=4 save-hints=true
  [1/7] L2 (F01009-sym-02) ok=✗
  [2/7] L3 (F01009-sym-03) ok=✗
  [3/7] L4 (F01009-sym-04) ok=✗
  [4/7] L1 (F01009-sym-01) ok=✗
  [5/7] L6 (F01009-sym-06) ok=✗
  [6/7] L5 (F01009-sym-05) ok=✗
  [7/7] L7 (F01009-sym-07) ok=✗
Hints: appended to 0 level(s); 0 hint file(s) changed on disk.
Result: solved=0/7, solvedBeforeFallback=0, fallbackOnly=0, unsolved=7
Wrote logs/family-census/solve-R01009-sym.json
Wrote logs/family-census/solve-R01009-sym-summary.md
[03:44:22] DONE R01009
[03:44:22] START R01179
Parent R01179: witness hint[0] (len 82, 5 jump(s)), 45 movable object instance(s) under strict inventory.
Found 15 existing sibling(s) at data/families/family-R01179-lm.json — this run will add to them, not replace them.
  attempt 1: rejected — degenerate duplicate of parent or another accepted variant
  attempt 2: rejected — degenerate duplicate of parent or another accepted variant
  attempt 3: rejected — degenerate duplicate of parent or another accepted variant
  attempt 4: rejected — degenerate duplicate of parent or another accepted variant
  attempt 5: rejected — degenerate duplicate of parent or another accepted variant
  attempt 6: rejected — degenerate duplicate of parent or another accepted variant
  attempt 7: rejected — degenerate duplicate of parent or another accepted variant
  attempt 8: rejected — degenerate duplicate of parent or another accepted variant
  attempt 9: rejected — degenerate duplicate of parent or another accepted variant
  attempt 10: rejected — degenerate duplicate of parent or another accepted variant
  attempt 11: rejected — degenerate duplicate of parent or another accepted variant
  attempt 12: rejected — degenerate duplicate of parent or another accepted variant
  attempt 13: rejected — degenerate duplicate of parent or another accepted variant
  attempt 14: rejected — degenerate duplicate of parent or another accepted variant
  attempt 15: rejected — degenerate duplicate of parent or another accepted variant
  attempt 16: accepted F01179-lm-16 — moved blocks (8,5) -> (8,0)
  attempt 17: accepted F01179-lm-17 — moved blocks (6,1) -> (5,0)
  attempt 18: accepted F01179-lm-18 — moved geese (5,8) -> (8,7)
  attempt 19: accepted F01179-lm-19 — moved blocks (4,8) -> (6,5)
  attempt 20: accepted F01179-lm-20 — moved blocks (2,4) -> (5,0)
  attempt 21: accepted F01179-lm-21 — moved geese (5,8) -> (8,0)
  attempt 22: accepted F01179-lm-22 — moved falseGoals (7,5) -> (8,0)
  attempt 23: accepted F01179-lm-23 — moved flippingFilters (6,8) -> (10,2)
  attempt 24: accepted F01179-lm-24 — moved blocks (9,7) -> (0,5)
  attempt 25: accepted F01179-lm-25 — moved blocks (9,1) -> (6,5)
  attempt 26: accepted F01179-lm-26 — moved falseGoals (10,7) -> (8,7)
  attempt 27: rejected — degenerate duplicate of parent or another accepted variant
  attempt 28: accepted F01179-lm-27 — moved blocks (7,0) -> (6,5)
  attempt 29: accepted F01179-lm-28 — moved lamppost (7,6) -> (2,1)
  attempt 30: accepted F01179-lm-29 — moved blocks (2,8) -> (6,5)
  attempt 31: accepted F01179-lm-30 — moved blocks (4,8) -> (8,0)

15/15 new local-mutant sibling(s) generated for R01179 in 31 attempt(s) (budget 600); 30 total in data/families/family-R01179-lm.json.
Wrote 30 level(s) total to data/families/family-R01179-lm.json (changed=true), 15 hint file(s) written to data/families/hints/.
Wrote family manifest to data/families/family-R01179-lm-manifest.json (30 variant(s) total).
Parent R01179: witness hint[0] (len 82, 5 jump(s)), 45 movable object instance(s) under strict inventory.
Found 7 existing sibling(s) at data/families/family-R01179-sym.json — this run will add to them, not replace them.
  attempt 1: rejected — degenerate duplicate of parent or another accepted variant
  attempt 2: rejected — degenerate duplicate of parent or another accepted variant
  attempt 3: rejected — degenerate duplicate of parent or another accepted variant
  attempt 4: rejected — degenerate duplicate of parent or another accepted variant
  attempt 5: rejected — degenerate duplicate of parent or another accepted variant
  attempt 6: rejected — degenerate duplicate of parent or another accepted variant
  attempt 7: rejected — degenerate duplicate of parent or another accepted variant

0/7 new symmetry sibling(s) generated for R01179 in 7 attempt(s) (budget 7); 7 total in data/families/family-R01179-sym.json.
family capacity: 0 accepted this run — every movable instance had zero legal alternative placement, or every attempt degenerated to an already-seen fingerprint. See per-attempt log above.
Wrote 7 level(s) total to data/families/family-R01179-sym.json (changed=false), 0 hint file(s) written to data/families/hints/.
Wrote family manifest to data/families/family-R01179-sym-manifest.json (7 variant(s) total).
portfolio-solve-sweep: corpus=data/families/family-R01179-lm.json levels=30 (30 to solve) scheduler-mode=legacy budget=8000ms node-budget=20000000 workers=4 save-hints=true
  [1/30] L4 (F01179-lm-04) ok=✗
  [2/30] L3 (F01179-lm-03) ok=✓ legacy [hint saved]
  [3/30] L2 (F01179-lm-02) ok=✗
  [4/30] L1 (F01179-lm-01) ok=✗
  [5/30] L7 (F01179-lm-07) ok=✗
  [6/30] L5 (F01179-lm-05) ok=✗
  [7/30] L10 (F01179-lm-10) ok=✓ legacy [hint saved]
  [8/30] L6 (F01179-lm-06) ok=✗
  [9/30] L8 (F01179-lm-08) ok=✗
  [10/30] L9 (F01179-lm-09) ok=✗
  [11/30] L11 (F01179-lm-11) ok=✗
  [12/30] L12 (F01179-lm-12) ok=✗
  [13/30] L13 (F01179-lm-13) ok=✗
  [14/30] L16 (F01179-lm-16) ok=✗
  [15/30] L17 (F01179-lm-17) ok=✗
  [16/30] L14 (F01179-lm-14) ok=✗
  [17/30] L15 (F01179-lm-15) ok=✗
  [18/30] L20 (F01179-lm-20) ok=✗
  [19/30] L18 (F01179-lm-18) ok=✗
  [20/30] L22 (F01179-lm-22) ok=✓ legacy [hint saved]
  [21/30] L21 (F01179-lm-21) ok=✗
  [22/30] L19 (F01179-lm-19) ok=✗
  [23/30] L25 (F01179-lm-25) ok=✓ legacy [hint saved]
  [24/30] L26 (F01179-lm-26) ok=✓ legacy [hint saved]
  [25/30] L23 (F01179-lm-23) ok=✗
  [26/30] L24 (F01179-lm-24) ok=✗
  [27/30] L27 (F01179-lm-27) ok=✗
  [28/30] L28 (F01179-lm-28) ok=✗
  [29/30] L30 (F01179-lm-30) ok=✗
  [30/30] L29 (F01179-lm-29) ok=✗
Hints: appended to 5 level(s); 5 hint file(s) changed on disk.
Result: solved=5/30, solvedBeforeFallback=0, fallbackOnly=5, unsolved=25
Wrote logs/family-census/solve-R01179-lm.json
Wrote logs/family-census/solve-R01179-lm-summary.md
portfolio-solve-sweep: corpus=data/families/family-R01179-sym.json levels=7 (7 to solve) scheduler-mode=legacy budget=8000ms node-budget=20000000 workers=4 save-hints=true
  [1/7] L3 (F01179-sym-03) ok=✗
  [2/7] L1 (F01179-sym-01) ok=✗
  [3/7] L4 (F01179-sym-04) ok=✗
  [4/7] L2 (F01179-sym-02) ok=✗
  [5/7] L5 (F01179-sym-05) ok=✗
  [6/7] L6 (F01179-sym-06) ok=✗
  [7/7] L7 (F01179-sym-07) ok=✗
Hints: appended to 0 level(s); 0 hint file(s) changed on disk.
Result: solved=0/7, solvedBeforeFallback=0, fallbackOnly=0, unsolved=7
Wrote logs/family-census/solve-R01179-sym.json
Wrote logs/family-census/solve-R01179-sym-summary.md
[03:48:57] DONE R01179
[03:48:57] START R01380
Parent R01380: witness stressMeta.witnessSolution (len 133, 6 jump(s)), 48 movable object instance(s) under strict inventory.
Found 15 existing sibling(s) at data/families/family-R01380-lm.json — this run will add to them, not replace them.
  attempt 1: rejected — degenerate duplicate of parent or another accepted variant
  attempt 2: rejected — degenerate duplicate of parent or another accepted variant
  attempt 3: rejected — degenerate duplicate of parent or another accepted variant
  attempt 4: rejected — degenerate duplicate of parent or another accepted variant
  attempt 5: rejected — degenerate duplicate of parent or another accepted variant
  attempt 6: rejected — degenerate duplicate of parent or another accepted variant
  attempt 7: rejected — degenerate duplicate of parent or another accepted variant
  attempt 8: rejected — degenerate duplicate of parent or another accepted variant
  attempt 9: rejected — degenerate duplicate of parent or another accepted variant
  attempt 10: rejected — degenerate duplicate of parent or another accepted variant
  attempt 11: rejected — degenerate duplicate of parent or another accepted variant
  attempt 12: rejected — degenerate duplicate of parent or another accepted variant
  attempt 13: rejected — degenerate duplicate of parent or another accepted variant
  attempt 14: rejected — degenerate duplicate of parent or another accepted variant
  attempt 15: rejected — degenerate duplicate of parent or another accepted variant
  attempt 16: accepted F01380-lm-16 — moved blocks (9,6) -> (8,9)
  attempt 17: accepted F01380-lm-17 — moved library (13,2) -> (4,11)
  attempt 18: accepted F01380-lm-18 — moved geese (7,12) -> (7,11)
  attempt 19: accepted F01380-lm-19 — moved blocks (9,6) -> (0,6)
  attempt 20: accepted F01380-lm-20 — moved statue (4,8) -> (10,8)
  attempt 21: accepted F01380-lm-21 — moved lamppost (7,10) -> (12,0)
  attempt 22: rejected — degenerate duplicate of parent or another accepted variant
  attempt 23: accepted F01380-lm-22 — moved lamppost (7,10) -> (10,5)
  attempt 24: accepted F01380-lm-23 — moved falseGoals (6,9) -> (0,7)
  attempt 25: accepted F01380-lm-24 — moved market (4,12) -> (11,13)
  attempt 26: accepted F01380-lm-25 — moved statue (3,4) -> (5,12)
  attempt 27: accepted F01380-lm-26 — moved fountain (12,12) -> (5,5)
  attempt 28: accepted F01380-lm-27 — moved fountain (13,3) -> (11,13)
  attempt 29: accepted F01380-lm-28 — moved mustPass (6,0) -> (10,13)
  attempt 30: accepted F01380-lm-29 — moved geese (0,9) -> (5,11)
  attempt 31: accepted F01380-lm-30 — moved blocks (10,7) -> (0,7)

15/15 new local-mutant sibling(s) generated for R01380 in 31 attempt(s) (budget 600); 30 total in data/families/family-R01380-lm.json.
Wrote 30 level(s) total to data/families/family-R01380-lm.json (changed=true), 15 hint file(s) written to data/families/hints/.
Wrote family manifest to data/families/family-R01380-lm-manifest.json (30 variant(s) total).
Parent R01380: witness stressMeta.witnessSolution (len 133, 6 jump(s)), 48 movable object instance(s) under strict inventory.
Found 7 existing sibling(s) at data/families/family-R01380-sym.json — this run will add to them, not replace them.
  attempt 1: rejected — degenerate duplicate of parent or another accepted variant
  attempt 2: rejected — degenerate duplicate of parent or another accepted variant
  attempt 3: rejected — degenerate duplicate of parent or another accepted variant
  attempt 4: rejected — degenerate duplicate of parent or another accepted variant
  attempt 5: rejected — degenerate duplicate of parent or another accepted variant
  attempt 6: rejected — degenerate duplicate of parent or another accepted variant
  attempt 7: rejected — degenerate duplicate of parent or another accepted variant

0/7 new symmetry sibling(s) generated for R01380 in 7 attempt(s) (budget 7); 7 total in data/families/family-R01380-sym.json.
family capacity: 0 accepted this run — every movable instance had zero legal alternative placement, or every attempt degenerated to an already-seen fingerprint. See per-attempt log above.
Wrote 7 level(s) total to data/families/family-R01380-sym.json (changed=false), 0 hint file(s) written to data/families/hints/.
Wrote family manifest to data/families/family-R01380-sym-manifest.json (7 variant(s) total).
portfolio-solve-sweep: corpus=data/families/family-R01380-lm.json levels=30 (30 to solve) scheduler-mode=legacy budget=8000ms node-budget=20000000 workers=4 save-hints=true
  [1/30] L2 (F01380-lm-02) ok=✗
  [2/30] L1 (F01380-lm-01) ok=✗
  [3/30] L3 (F01380-lm-03) ok=✗
  [4/30] L4 (F01380-lm-04) ok=✗
  [5/30] L7 (F01380-lm-07) ok=✗
  [6/30] L5 (F01380-lm-05) ok=✗
  [7/30] L6 (F01380-lm-06) ok=✗
  [8/30] L8 (F01380-lm-08) ok=✗
  [9/30] L10 (F01380-lm-10) ok=✗
  [10/30] L9 (F01380-lm-09) ok=✗
  [11/30] L11 (F01380-lm-11) ok=✗
  [12/30] L12 (F01380-lm-12) ok=✗
  [13/30] L13 (F01380-lm-13) ok=✗
  [14/30] L14 (F01380-lm-14) ok=✗
  [15/30] L15 (F01380-lm-15) ok=✗
  [16/30] L16 (F01380-lm-16) ok=✗
  [17/30] L18 (F01380-lm-18) ok=✗
  [18/30] L17 (F01380-lm-17) ok=✗
  [19/30] L20 (F01380-lm-20) ok=✗
  [20/30] L19 (F01380-lm-19) ok=✗
  [21/30] L21 (F01380-lm-21) ok=✗
  [22/30] L22 (F01380-lm-22) ok=✗
  [23/30] L24 (F01380-lm-24) ok=✗
  [24/30] L23 (F01380-lm-23) ok=✗
  [25/30] L25 (F01380-lm-25) ok=✗
  [26/30] L26 (F01380-lm-26) ok=✗
  [27/30] L27 (F01380-lm-27) ok=✗
  [28/30] L28 (F01380-lm-28) ok=✗
  [29/30] L29 (F01380-lm-29) ok=✗
  [30/30] L30 (F01380-lm-30) ok=✗
Hints: appended to 0 level(s); 0 hint file(s) changed on disk.
Result: solved=0/30, solvedBeforeFallback=0, fallbackOnly=0, unsolved=30
Wrote logs/family-census/solve-R01380-lm.json
Wrote logs/family-census/solve-R01380-lm-summary.md
portfolio-solve-sweep: corpus=data/families/family-R01380-sym.json levels=7 (7 to solve) scheduler-mode=legacy budget=8000ms node-budget=20000000 workers=4 save-hints=true
  [1/7] L4 (F01380-sym-04) ok=✗
  [2/7] L2 (F01380-sym-02) ok=✗
  [3/7] L3 (F01380-sym-03) ok=✗
  [4/7] L1 (F01380-sym-01) ok=✗
  [5/7] L6 (F01380-sym-06) ok=✗
  [6/7] L7 (F01380-sym-07) ok=✗
  [7/7] L5 (F01380-sym-05) ok=✗
Hints: appended to 0 level(s); 0 hint file(s) changed on disk.
Result: solved=0/7, solvedBeforeFallback=0, fallbackOnly=0, unsolved=7
Wrote logs/family-census/solve-R01380-sym.json
Wrote logs/family-census/solve-R01380-sym-summary.md
[03:54:27] DONE R01380
[03:54:27] START R01553
Parent R01553: witness hint[0] (len 69, 5 jump(s)), 24 movable object instance(s) under strict inventory.
Found 15 existing sibling(s) at data/families/family-R01553-lm.json — this run will add to them, not replace them.
  attempt 1: rejected — degenerate duplicate of parent or another accepted variant
  attempt 2: rejected — degenerate duplicate of parent or another accepted variant
  attempt 3: rejected — degenerate duplicate of parent or another accepted variant
  attempt 4: rejected — degenerate duplicate of parent or another accepted variant
  attempt 5: rejected — degenerate duplicate of parent or another accepted variant
  attempt 6: rejected — degenerate duplicate of parent or another accepted variant
  attempt 7: rejected — degenerate duplicate of parent or another accepted variant
  attempt 8: rejected — degenerate duplicate of parent or another accepted variant
  attempt 9: rejected — degenerate duplicate of parent or another accepted variant
  attempt 10: rejected — degenerate duplicate of parent or another accepted variant
  attempt 11: rejected — degenerate duplicate of parent or another accepted variant
  attempt 12: rejected — degenerate duplicate of parent or another accepted variant
  attempt 13: rejected — degenerate duplicate of parent or another accepted variant
  attempt 14: rejected — degenerate duplicate of parent or another accepted variant
  attempt 15: rejected — degenerate duplicate of parent or another accepted variant
  attempt 16: accepted F01553-lm-16 — moved flippingFilters (4,0) -> (6,1)
  attempt 17: accepted F01553-lm-17 — moved market (3,2) -> (4,3)
  attempt 18: accepted F01553-lm-18 — moved flippingFilters (9,9) -> (6,1)
  attempt 19: accepted F01553-lm-19 — moved statue (6,9) -> (4,5)
  attempt 20: accepted F01553-lm-20 — moved market (3,2) -> (10,2)
  attempt 21: accepted F01553-lm-21 — moved flippingFilters (0,7) -> (5,4)
  attempt 22: accepted F01553-lm-22 — moved library (0,6) -> (2,4)
  attempt 23: accepted F01553-lm-23 — moved flippingFilters (5,8) -> (8,8)
  attempt 24: accepted F01553-lm-24 — moved flippingFilters (5,5) -> (0,1)
  attempt 25: accepted F01553-lm-25 — moved statue (9,1) -> (4,5)
  attempt 26: accepted F01553-lm-26 — moved flippingFilters (0,7) -> (0,5)
  attempt 27: accepted F01553-lm-27 — moved flippingFilters (5,8) -> (10,7)
  attempt 28: accepted F01553-lm-28 — moved flippingFilters (1,1) -> (1,0)
  attempt 29: accepted F01553-lm-29 — moved market (1,8) -> (9,6)
  attempt 30: accepted F01553-lm-30 — moved lamppost (5,1) -> (4,4)

15/15 new local-mutant sibling(s) generated for R01553 in 30 attempt(s) (budget 600); 30 total in data/families/family-R01553-lm.json.
Wrote 30 level(s) total to data/families/family-R01553-lm.json (changed=true), 15 hint file(s) written to data/families/hints/.
Wrote family manifest to data/families/family-R01553-lm-manifest.json (30 variant(s) total).
Parent R01553: witness hint[0] (len 69, 5 jump(s)), 24 movable object instance(s) under strict inventory.
Found 7 existing sibling(s) at data/families/family-R01553-sym.json — this run will add to them, not replace them.
  attempt 1: rejected — degenerate duplicate of parent or another accepted variant
  attempt 2: rejected — degenerate duplicate of parent or another accepted variant
  attempt 3: rejected — degenerate duplicate of parent or another accepted variant
  attempt 4: rejected — degenerate duplicate of parent or another accepted variant
  attempt 5: rejected — degenerate duplicate of parent or another accepted variant
  attempt 6: rejected — degenerate duplicate of parent or another accepted variant
  attempt 7: rejected — degenerate duplicate of parent or another accepted variant

0/7 new symmetry sibling(s) generated for R01553 in 7 attempt(s) (budget 7); 7 total in data/families/family-R01553-sym.json.
family capacity: 0 accepted this run — every movable instance had zero legal alternative placement, or every attempt degenerated to an already-seen fingerprint. See per-attempt log above.
Wrote 7 level(s) total to data/families/family-R01553-sym.json (changed=false), 0 hint file(s) written to data/families/hints/.
Wrote family manifest to data/families/family-R01553-sym-manifest.json (7 variant(s) total).
portfolio-solve-sweep: corpus=data/families/family-R01553-lm.json levels=30 (30 to solve) scheduler-mode=legacy budget=8000ms node-budget=20000000 workers=4 save-hints=true
  [1/30] L1 (F01553-lm-01) ok=✗
  [2/30] L2 (F01553-lm-02) ok=✗
  [3/30] L3 (F01553-lm-03) ok=✗
  [4/30] L4 (F01553-lm-04) ok=✗
  [5/30] L5 (F01553-lm-05) ok=✗
  [6/30] L7 (F01553-lm-07) ok=✗
  [7/30] L6 (F01553-lm-06) ok=✗
  [8/30] L8 (F01553-lm-08) ok=✗
  [9/30] L9 (F01553-lm-09) ok=✓ legacy [hint saved]
  [10/30] L10 (F01553-lm-10) ok=✗
  [11/30] L12 (F01553-lm-12) ok=✗
  [12/30] L11 (F01553-lm-11) ok=✗
  [13/30] L13 (F01553-lm-13) ok=✗
  [14/30] L14 (F01553-lm-14) ok=✗
  [15/30] L16 (F01553-lm-16) ok=✗
  [16/30] L15 (F01553-lm-15) ok=✗
  [17/30] L17 (F01553-lm-17) ok=✗
  [18/30] L18 (F01553-lm-18) ok=✗
  [19/30] L19 (F01553-lm-19) ok=✗
  [20/30] L20 (F01553-lm-20) ok=✗
  [21/30] L22 (F01553-lm-22) ok=✗
  [22/30] L21 (F01553-lm-21) ok=✗
  [23/30] L24 (F01553-lm-24) ok=✗
  [24/30] L23 (F01553-lm-23) ok=✗
  [25/30] L25 (F01553-lm-25) ok=✗
  [26/30] L26 (F01553-lm-26) ok=✗
  [27/30] L27 (F01553-lm-27) ok=✗
  [28/30] L28 (F01553-lm-28) ok=✗
  [29/30] L29 (F01553-lm-29) ok=✗
  [30/30] L30 (F01553-lm-30) ok=✗
Hints: appended to 1 level(s); 1 hint file(s) changed on disk.
Result: solved=1/30, solvedBeforeFallback=0, fallbackOnly=1, unsolved=29
Wrote logs/family-census/solve-R01553-lm.json
Wrote logs/family-census/solve-R01553-lm-summary.md
portfolio-solve-sweep: corpus=data/families/family-R01553-sym.json levels=7 (7 to solve) scheduler-mode=legacy budget=8000ms node-budget=20000000 workers=4 save-hints=true
  [1/7] L2 (F01553-sym-02) ok=✗
  [2/7] L4 (F01553-sym-04) ok=✗
  [3/7] L1 (F01553-sym-01) ok=✗
  [4/7] L3 (F01553-sym-03) ok=✗
  [5/7] L5 (F01553-sym-05) ok=✗
  [6/7] L6 (F01553-sym-06) ok=✗
  [7/7] L7 (F01553-sym-07) ok=✗
Hints: appended to 0 level(s); 0 hint file(s) changed on disk.
Result: solved=0/7, solvedBeforeFallback=0, fallbackOnly=0, unsolved=7
Wrote logs/family-census/solve-R01553-sym.json
Wrote logs/family-census/solve-R01553-sym-summary.md
[03:58:07] DONE R01553
[03:58:07] START R01706
Parent R01706: witness stressMeta.witnessSolution (len 103, 7 jump(s)), 35 movable object instance(s) under strict inventory.
Found 15 existing sibling(s) at data/families/family-R01706-lm.json — this run will add to them, not replace them.
  attempt 1: rejected — degenerate duplicate of parent or another accepted variant
  attempt 2: rejected — degenerate duplicate of parent or another accepted variant
  attempt 3: rejected — degenerate duplicate of parent or another accepted variant
  attempt 4: rejected — degenerate duplicate of parent or another accepted variant
  attempt 5: rejected — degenerate duplicate of parent or another accepted variant
  attempt 6: rejected — degenerate duplicate of parent or another accepted variant
  attempt 7: rejected — degenerate duplicate of parent or another accepted variant
  attempt 8: rejected — degenerate duplicate of parent or another accepted variant
  attempt 9: rejected — degenerate duplicate of parent or another accepted variant
  attempt 10: rejected — degenerate duplicate of parent or another accepted variant
  attempt 11: rejected — degenerate duplicate of parent or another accepted variant
  attempt 12: rejected — degenerate duplicate of parent or another accepted variant
  attempt 13: rejected — degenerate duplicate of parent or another accepted variant
  attempt 14: rejected — degenerate duplicate of parent or another accepted variant
  attempt 15: rejected — degenerate duplicate of parent or another accepted variant
  attempt 16: accepted F01706-lm-16 — moved blocks (6,10) -> (9,10)
  attempt 17: accepted F01706-lm-17 — moved blocks (13,4) -> (12,6)
  attempt 18: accepted F01706-lm-18 — moved blocks (5,8) -> (6,11)
  attempt 19: accepted F01706-lm-19 — moved mustPass (10,3) -> (11,7)
  attempt 20: accepted F01706-lm-20 — moved blocks (13,4) -> (0,8)
  attempt 21: accepted F01706-lm-21 — moved blocks (2,13) -> (0,13)
  attempt 22: accepted F01706-lm-22 — moved mustPass (9,5) -> (10,7)
  attempt 23: accepted F01706-lm-23 — moved blocks (5,0) -> (1,13)
  attempt 24: accepted F01706-lm-24 — moved market (0,4) -> (0,11)
  attempt 25: accepted F01706-lm-25 — moved blocks (6,10) -> (4,0)
  attempt 26: accepted F01706-lm-26 — moved blocks (10,1) -> (10,4)
  attempt 27: accepted F01706-lm-27 — moved blocks (6,2) -> (11,1)
  attempt 28: accepted F01706-lm-28 — moved blocks (3,0) -> (6,11)
  attempt 29: accepted F01706-lm-29 — moved blocks (10,1) -> (12,5)
  attempt 30: accepted F01706-lm-30 — moved blocks (13,4) -> (9,10)

15/15 new local-mutant sibling(s) generated for R01706 in 30 attempt(s) (budget 600); 30 total in data/families/family-R01706-lm.json.
Wrote 30 level(s) total to data/families/family-R01706-lm.json (changed=true), 15 hint file(s) written to data/families/hints/.
Wrote family manifest to data/families/family-R01706-lm-manifest.json (30 variant(s) total).
Parent R01706: witness stressMeta.witnessSolution (len 103, 7 jump(s)), 35 movable object instance(s) under strict inventory.
Found 7 existing sibling(s) at data/families/family-R01706-sym.json — this run will add to them, not replace them.
  attempt 1: rejected — degenerate duplicate of parent or another accepted variant
  attempt 2: rejected — degenerate duplicate of parent or another accepted variant
  attempt 3: rejected — degenerate duplicate of parent or another accepted variant
  attempt 4: rejected — degenerate duplicate of parent or another accepted variant
  attempt 5: rejected — degenerate duplicate of parent or another accepted variant
  attempt 6: rejected — degenerate duplicate of parent or another accepted variant
  attempt 7: rejected — degenerate duplicate of parent or another accepted variant

0/7 new symmetry sibling(s) generated for R01706 in 7 attempt(s) (budget 7); 7 total in data/families/family-R01706-sym.json.
family capacity: 0 accepted this run — every movable instance had zero legal alternative placement, or every attempt degenerated to an already-seen fingerprint. See per-attempt log above.
Wrote 7 level(s) total to data/families/family-R01706-sym.json (changed=false), 0 hint file(s) written to data/families/hints/.
Wrote family manifest to data/families/family-R01706-sym-manifest.json (7 variant(s) total).
portfolio-solve-sweep: corpus=data/families/family-R01706-lm.json levels=30 (30 to solve) scheduler-mode=legacy budget=8000ms node-budget=20000000 workers=4 save-hints=true
  [1/30] L1 (F01706-lm-01) ok=✓ legacy [hint saved]
  [2/30] L3 (F01706-lm-03) ok=✓ legacy [hint saved]
  [3/30] L5 (F01706-lm-05) ok=✓ legacy [hint saved]
  [4/30] L7 (F01706-lm-07) ok=✓ legacy [hint saved]
  [5/30] L8 (F01706-lm-08) ok=✓ legacy [hint saved]
  [6/30] L2 (F01706-lm-02) ok=✓ legacy [hint saved]
  [7/30] L9 (F01706-lm-09) ok=✓ legacy [hint saved]
  [8/30] L11 (F01706-lm-11) ok=✓ legacy [hint saved]
  [9/30] L12 (F01706-lm-12) ok=✓ legacy [hint saved]
  [10/30] L4 (F01706-lm-04) ok=✗
  [11/30] L13 (F01706-lm-13) ok=✓ legacy [hint saved]
  [12/30] L14 (F01706-lm-14) ok=✓ legacy [hint saved]
  [13/30] L15 (F01706-lm-15) ok=✓ legacy [hint saved]
  [14/30] L6 (F01706-lm-06) ok=✗
  [15/30] L16 (F01706-lm-16) ok=✓ legacy [hint saved]
  [16/30] L17 (F01706-lm-17) ok=✓ legacy [hint saved]
  [17/30] L19 (F01706-lm-19) ok=✓ legacy [hint saved]
  [18/30] L20 (F01706-lm-20) ok=✓ legacy [hint saved]
  [19/30] L22 (F01706-lm-22) ok=✓ legacy [hint saved]
  [20/30] L21 (F01706-lm-21) ok=✓ legacy [hint saved]
  [21/30] L24 (F01706-lm-24) ok=✓ legacy [hint saved]
  [22/30] L23 (F01706-lm-23) ok=✓ legacy [hint saved]
  [23/30] L10 (F01706-lm-10) ok=✗
  [24/30] L27 (F01706-lm-27) ok=✓ legacy [hint saved]
  [25/30] L26 (F01706-lm-26) ok=✓ legacy [hint saved]
  [26/30] L25 (F01706-lm-25) ok=✓ legacy [hint saved]
  [27/30] L30 (F01706-lm-30) ok=✓ legacy [hint saved]
  [28/30] L18 (F01706-lm-18) ok=✗
  [29/30] L29 (F01706-lm-29) ok=✗
  [30/30] L28 (F01706-lm-28) ok=✗
Hints: appended to 24 level(s); 24 hint file(s) changed on disk.
Result: solved=24/30, solvedBeforeFallback=0, fallbackOnly=24, unsolved=6
Wrote logs/family-census/solve-R01706-lm.json
Wrote logs/family-census/solve-R01706-lm-summary.md
portfolio-solve-sweep: corpus=data/families/family-R01706-sym.json levels=7 (7 to solve) scheduler-mode=legacy budget=8000ms node-budget=20000000 workers=4 save-hints=true
  [1/7] L1 (F01706-sym-01) ok=✓ legacy [hint saved]
  [2/7] L5 (F01706-sym-05) ok=✓ legacy [hint saved]
  [3/7] L6 (F01706-sym-06) ok=✓ legacy [hint saved]
  [4/7] L7 (F01706-sym-07) ok=✓ legacy [hint saved]
  [5/7] L4 (F01706-sym-04) ok=✓ legacy [hint saved]
  [6/7] L2 (F01706-sym-02) ok=✓ legacy [hint saved]
  [7/7] L3 (F01706-sym-03) ok=✗
Hints: appended to 6 level(s); 6 hint file(s) changed on disk.
Result: solved=6/7, solvedBeforeFallback=0, fallbackOnly=6, unsolved=1
Wrote logs/family-census/solve-R01706-sym.json
Wrote logs/family-census/solve-R01706-sym-summary.md
[03:59:54] DONE R01706
[03:59:54] START R01872
Parent R01872: witness stressMeta.witnessSolution (len 93, 6 jump(s)), 44 movable object instance(s) under strict inventory.
Found 15 existing sibling(s) at data/families/family-R01872-lm.json — this run will add to them, not replace them.
  attempt 1: rejected — degenerate duplicate of parent or another accepted variant
  attempt 2: rejected — degenerate duplicate of parent or another accepted variant
  attempt 3: rejected — degenerate duplicate of parent or another accepted variant
  attempt 4: rejected — degenerate duplicate of parent or another accepted variant
  attempt 5: rejected — degenerate duplicate of parent or another accepted variant
  attempt 6: rejected — degenerate duplicate of parent or another accepted variant
  attempt 7: rejected — degenerate duplicate of parent or another accepted variant
  attempt 8: rejected — degenerate duplicate of parent or another accepted variant
  attempt 9: rejected — degenerate duplicate of parent or another accepted variant
  attempt 10: rejected — degenerate duplicate of parent or another accepted variant
  attempt 11: rejected — degenerate duplicate of parent or another accepted variant
  attempt 12: rejected — degenerate duplicate of parent or another accepted variant
  attempt 13: rejected — degenerate duplicate of parent or another accepted variant
  attempt 14: rejected — degenerate duplicate of parent or another accepted variant
  attempt 15: rejected — degenerate duplicate of parent or another accepted variant
  attempt 16: accepted F01872-lm-16 — moved flippingFilters (9,7) -> (0,6)
  attempt 17: accepted F01872-lm-17 — moved geese (4,11) -> (8,7)
  attempt 18: accepted F01872-lm-18 — moved flippingFilters (9,2) -> (8,5)
  attempt 19: accepted F01872-lm-19 — moved market (1,1) -> (9,1)
  attempt 20: accepted F01872-lm-20 — moved blocks (0,11) -> (8,6)
  attempt 21: accepted F01872-lm-21 — moved market (0,7) -> (11,0)
  attempt 22: accepted F01872-lm-22 — moved blocks (2,8) -> (10,4)
  attempt 23: accepted F01872-lm-23 — moved flippingFilters (9,3) -> (6,6)
  attempt 24: accepted F01872-lm-24 — moved market (0,7) -> (8,1)
  attempt 25: accepted F01872-lm-25 — moved market (8,0) -> (0,0)
  attempt 26: accepted F01872-lm-26 — moved geese (8,3) -> (4,6)
  attempt 27: accepted F01872-lm-27 — moved fountain (3,9) -> (0,8)
  attempt 28: accepted F01872-lm-28 — moved flippingFilters (9,3) -> (8,5)
  attempt 29: rejected — degenerate duplicate of parent or another accepted variant
  attempt 30: accepted F01872-lm-29 — moved blocks (3,7) -> (10,2)
  attempt 31: accepted F01872-lm-30 — moved flippingFilters (9,7) -> (8,11)

15/15 new local-mutant sibling(s) generated for R01872 in 31 attempt(s) (budget 600); 30 total in data/families/family-R01872-lm.json.
Wrote 30 level(s) total to data/families/family-R01872-lm.json (changed=true), 15 hint file(s) written to data/families/hints/.
Wrote family manifest to data/families/family-R01872-lm-manifest.json (30 variant(s) total).
Parent R01872: witness stressMeta.witnessSolution (len 93, 6 jump(s)), 44 movable object instance(s) under strict inventory.
Found 7 existing sibling(s) at data/families/family-R01872-sym.json — this run will add to them, not replace them.
  attempt 1: rejected — degenerate duplicate of parent or another accepted variant
  attempt 2: rejected — degenerate duplicate of parent or another accepted variant
  attempt 3: rejected — degenerate duplicate of parent or another accepted variant
  attempt 4: rejected — degenerate duplicate of parent or another accepted variant
  attempt 5: rejected — degenerate duplicate of parent or another accepted variant
  attempt 6: rejected — degenerate duplicate of parent or another accepted variant
  attempt 7: rejected — degenerate duplicate of parent or another accepted variant

0/7 new symmetry sibling(s) generated for R01872 in 7 attempt(s) (budget 7); 7 total in data/families/family-R01872-sym.json.
family capacity: 0 accepted this run — every movable instance had zero legal alternative placement, or every attempt degenerated to an already-seen fingerprint. See per-attempt log above.
Wrote 7 level(s) total to data/families/family-R01872-sym.json (changed=false), 0 hint file(s) written to data/families/hints/.
Wrote family manifest to data/families/family-R01872-sym-manifest.json (7 variant(s) total).
portfolio-solve-sweep: corpus=data/families/family-R01872-lm.json levels=30 (30 to solve) scheduler-mode=legacy budget=8000ms node-budget=20000000 workers=4 save-hints=true
  [1/30] L3 (F01872-lm-03) ok=✗
  [2/30] L1 (F01872-lm-01) ok=✗
  [3/30] L4 (F01872-lm-04) ok=✗
  [4/30] L2 (F01872-lm-02) ok=✗
  [5/30] L5 (F01872-lm-05) ok=✓ legacy [hint saved]
  [6/30] L7 (F01872-lm-07) ok=✗
  [7/30] L8 (F01872-lm-08) ok=✗
  [8/30] L6 (F01872-lm-06) ok=✗
  [9/30] L9 (F01872-lm-09) ok=✗
  [10/30] L11 (F01872-lm-11) ok=✗
  [11/30] L12 (F01872-lm-12) ok=✗
  [12/30] L10 (F01872-lm-10) ok=✗
  [13/30] L13 (F01872-lm-13) ok=✗
  [14/30] L14 (F01872-lm-14) ok=✗
  [15/30] L15 (F01872-lm-15) ok=✗
  [16/30] L16 (F01872-lm-16) ok=✗
  [17/30] L17 (F01872-lm-17) ok=✗
  [18/30] L18 (F01872-lm-18) ok=✗
  [19/30] L19 (F01872-lm-19) ok=✗
  [20/30] L21 (F01872-lm-21) ok=✗
  [21/30] L20 (F01872-lm-20) ok=✗
  [22/30] L22 (F01872-lm-22) ok=✗
  [23/30] L23 (F01872-lm-23) ok=✗
  [24/30] L24 (F01872-lm-24) ok=✗
  [25/30] L25 (F01872-lm-25) ok=✗
  [26/30] L26 (F01872-lm-26) ok=✗
  [27/30] L27 (F01872-lm-27) ok=✗
