[03:14:21] START R00169
Parent R00169: witness stressMeta.witnessSolution (len 92, 0 jump(s)), 48 movable object instance(s) under strict inventory.
Found 15 existing sibling(s) at data/families/family-R00169-lm.json — this run will add to them, not replace them.
  attempt 1: rejected — degenerate duplicate of parent or another accepted variant
  attempt 2: rejected — degenerate duplicate of parent or another accepted variant
  attempt 3: rejected — degenerate duplicate of parent or another accepted variant
  attempt 4: rejected — degenerate duplicate of parent or another accepted variant
  attempt 5: rejected — degenerate duplicate of parent or another accepted variant
  attempt 6: rejected — degenerate duplicate of parent or another accepted variant
  attempt 7: rejected — degenerate duplicate of parent or another accepted variant
  attempt 8: rejected — degenerate duplicate of parent or another accepted variant
  attempt 9: rejected — degenerate duplicate of parent or another accepted variant
  attempt 10: rejected — degenerate duplicate of parent or another accepted variant
  attempt 11: rejected — degenerate duplicate of parent or another accepted variant
  attempt 12: rejected — degenerate duplicate of parent or another accepted variant
  attempt 13: rejected — degenerate duplicate of parent or another accepted variant
  attempt 14: rejected — degenerate duplicate of parent or another accepted variant
  attempt 15: rejected — degenerate duplicate of parent or another accepted variant
  attempt 16: accepted F00169-lm-16 — moved blocks (7,2) -> (0,5)
  attempt 17: accepted F00169-lm-17 — moved flippingFilters (5,6) -> (0,7)
  attempt 18: accepted F00169-lm-18 — moved mustPass (1,1) -> (0,4)
  attempt 19: rejected — degenerate duplicate of parent or another accepted variant
  attempt 20: rejected — degenerate duplicate of parent or another accepted variant
  attempt 21: accepted F00169-lm-19 — moved mustPass (1,6) -> (1,8)
  attempt 22: accepted F00169-lm-20 — moved mustPass (1,10) -> (2,4)
  attempt 23: rejected — degenerate duplicate of parent or another accepted variant
  attempt 24: accepted F00169-lm-21 — moved mustPass (0,9) -> (0,4)
  attempt 25: accepted F00169-lm-22 — moved market (5,5) -> (0,6)
  attempt 26: rejected — degenerate duplicate of parent or another accepted variant
  attempt 27: accepted F00169-lm-23 — moved flippingFilters (9,0) -> (0,7)
  attempt 28: rejected — degenerate duplicate of parent or another accepted variant
  attempt 29: accepted F00169-lm-24 — moved mustPass (10,4) -> (8,1)
  attempt 30: accepted F00169-lm-25 — moved blocks (9,5) -> (0,5)
  attempt 31: accepted F00169-lm-26 — moved park (3,1) -> (0,5)
  attempt 32: accepted F00169-lm-27 — moved mustPass (1,1) -> (7,5)
  attempt 33: accepted F00169-lm-28 — moved flippingFilters (9,0) -> (0,6)
  attempt 34: accepted F00169-lm-29 — moved blocks (2,0) -> (0,7)
  attempt 35: accepted F00169-lm-30 — moved blocks (0,8) -> (0,7)

15/15 new local-mutant sibling(s) generated for R00169 in 35 attempt(s) (budget 600); 30 total in data/families/family-R00169-lm.json.
Wrote 30 level(s) total to data/families/family-R00169-lm.json (changed=true), 15 hint file(s) written to data/families/hints/.
Wrote family manifest to data/families/family-R00169-lm-manifest.json (30 variant(s) total).
Parent R00169: witness stressMeta.witnessSolution (len 92, 0 jump(s)), 48 movable object instance(s) under strict inventory.
Found 7 existing sibling(s) at data/families/family-R00169-sym.json — this run will add to them, not replace them.
  attempt 1: rejected — degenerate duplicate of parent or another accepted variant
  attempt 2: rejected — degenerate duplicate of parent or another accepted variant
  attempt 3: rejected — degenerate duplicate of parent or another accepted variant
  attempt 4: rejected — degenerate duplicate of parent or another accepted variant
  attempt 5: rejected — degenerate duplicate of parent or another accepted variant
  attempt 6: rejected — degenerate duplicate of parent or another accepted variant
  attempt 7: rejected — degenerate duplicate of parent or another accepted variant

0/7 new symmetry sibling(s) generated for R00169 in 7 attempt(s) (budget 7); 7 total in data/families/family-R00169-sym.json.
family capacity: 0 accepted this run — every movable instance had zero legal alternative placement, or every attempt degenerated to an already-seen fingerprint. See per-attempt log above.
Wrote 7 level(s) total to data/families/family-R00169-sym.json (changed=false), 0 hint file(s) written to data/families/hints/.
Wrote family manifest to data/families/family-R00169-sym-manifest.json (7 variant(s) total).
portfolio-solve-sweep: corpus=data/families/family-R00169-lm.json levels=30 (30 to solve) scheduler-mode=legacy budget=8000ms node-budget=20000000 workers=4 save-hints=true
  [1/30] L4 (F00169-lm-04) ok=✗
  [2/30] L1 (F00169-lm-01) ok=✗
  [3/30] L2 (F00169-lm-02) ok=✗
  [4/30] L3 (F00169-lm-03) ok=✗
  [5/30] L5 (F00169-lm-05) ok=✗
  [6/30] L6 (F00169-lm-06) ok=✗
  [7/30] L7 (F00169-lm-07) ok=✗
  [8/30] L8 (F00169-lm-08) ok=✗
  [9/30] L9 (F00169-lm-09) ok=✗
  [10/30] L10 (F00169-lm-10) ok=✗
  [11/30] L11 (F00169-lm-11) ok=✗
  [12/30] L12 (F00169-lm-12) ok=✗
  [13/30] L13 (F00169-lm-13) ok=✗
  [14/30] L14 (F00169-lm-14) ok=✗
  [15/30] L15 (F00169-lm-15) ok=✗
  [16/30] L16 (F00169-lm-16) ok=✗
  [17/30] L17 (F00169-lm-17) ok=✗
  [18/30] L18 (F00169-lm-18) ok=✗
  [19/30] L19 (F00169-lm-19) ok=✗
  [20/30] L20 (F00169-lm-20) ok=✗
  [21/30] L21 (F00169-lm-21) ok=✗
  [22/30] L22 (F00169-lm-22) ok=✗
  [23/30] L23 (F00169-lm-23) ok=✗
  [24/30] L24 (F00169-lm-24) ok=✗
  [25/30] L25 (F00169-lm-25) ok=✗
  [26/30] L26 (F00169-lm-26) ok=✗
  [27/30] L27 (F00169-lm-27) ok=✗
  [28/30] L28 (F00169-lm-28) ok=✗
  [29/30] L29 (F00169-lm-29) ok=✗
  [30/30] L30 (F00169-lm-30) ok=✗
Hints: appended to 0 level(s); 0 hint file(s) changed on disk.
Result: solved=0/30, solvedBeforeFallback=0, fallbackOnly=0, unsolved=30
Wrote logs/family-census/solve-R00169-lm.json
Wrote logs/family-census/solve-R00169-lm-summary.md
portfolio-solve-sweep: corpus=data/families/family-R00169-sym.json levels=7 (7 to solve) scheduler-mode=legacy budget=8000ms node-budget=20000000 workers=4 save-hints=true
  [1/7] L1 (F00169-sym-01) ok=✗
  [2/7] L4 (F00169-sym-04) ok=✗
  [3/7] L2 (F00169-sym-02) ok=✗
  [4/7] L3 (F00169-sym-03) ok=✗
  [5/7] L7 (F00169-sym-07) ok=✗
  [6/7] L5 (F00169-sym-05) ok=✗
  [7/7] L6 (F00169-sym-06) ok=✗
Hints: appended to 0 level(s); 0 hint file(s) changed on disk.
Result: solved=0/7, solvedBeforeFallback=0, fallbackOnly=0, unsolved=7
Wrote logs/family-census/solve-R00169-sym.json
Wrote logs/family-census/solve-R00169-sym-summary.md
[03:19:52] DONE R00169
[03:19:52] START R00399
Parent R00399: witness stressMeta.witnessSolution (len 130, 6 jump(s)), 45 movable object instance(s) under strict inventory.
Found 15 existing sibling(s) at data/families/family-R00399-lm.json — this run will add to them, not replace them.
  attempt 1: rejected — degenerate duplicate of parent or another accepted variant
  attempt 2: rejected — degenerate duplicate of parent or another accepted variant
  attempt 3: rejected — degenerate duplicate of parent or another accepted variant
  attempt 4: rejected — degenerate duplicate of parent or another accepted variant
  attempt 5: rejected — degenerate duplicate of parent or another accepted variant
  attempt 6: rejected — degenerate duplicate of parent or another accepted variant
  attempt 7: rejected — degenerate duplicate of parent or another accepted variant
  attempt 8: rejected — degenerate duplicate of parent or another accepted variant
  attempt 9: rejected — degenerate duplicate of parent or another accepted variant
  attempt 10: rejected — degenerate duplicate of parent or another accepted variant
  attempt 11: rejected — degenerate duplicate of parent or another accepted variant
  attempt 12: rejected — degenerate duplicate of parent or another accepted variant
  attempt 13: rejected — degenerate duplicate of parent or another accepted variant
  attempt 14: rejected — degenerate duplicate of parent or another accepted variant
  attempt 15: rejected — degenerate duplicate of parent or another accepted variant
  attempt 16: accepted F00399-lm-16 — moved library (4,1) -> (1,9)
  attempt 17: accepted F00399-lm-17 — moved park (0,1) -> (13,10)
  attempt 18: accepted F00399-lm-18 — moved blocks (2,8) -> (3,1)
  attempt 19: accepted F00399-lm-19 — moved falseGoals (0,6) -> (1,3)
  attempt 20: accepted F00399-lm-20 — moved market (9,2) -> (6,11)
  attempt 21: accepted F00399-lm-21 — moved fountain (5,13) -> (3,8)
  attempt 22: accepted F00399-lm-22 — moved park (11,5) -> (11,2)
  attempt 23: accepted F00399-lm-23 — moved blocks (0,2) -> (2,9)
  attempt 24: accepted F00399-lm-24 — moved blocks (12,3) -> (5,6)
  attempt 25: accepted F00399-lm-25 — moved park (10,5) -> (1,3)
  attempt 26: accepted F00399-lm-26 — moved blocks (13,6) -> (1,8)
  attempt 27: accepted F00399-lm-27 — moved blocks (13,13) -> (13,11)
  attempt 28: accepted F00399-lm-28 — moved blocks (12,3) -> (11,2)
  attempt 29: accepted F00399-lm-29 — moved blocks (12,3) -> (0,8)
  attempt 30: accepted F00399-lm-30 — moved blocks (12,0) -> (4,0)

15/15 new local-mutant sibling(s) generated for R00399 in 30 attempt(s) (budget 600); 30 total in data/families/family-R00399-lm.json.
Wrote 30 level(s) total to data/families/family-R00399-lm.json (changed=true), 15 hint file(s) written to data/families/hints/.
Wrote family manifest to data/families/family-R00399-lm-manifest.json (30 variant(s) total).
Parent R00399: witness stressMeta.witnessSolution (len 130, 6 jump(s)), 45 movable object instance(s) under strict inventory.
Found 7 existing sibling(s) at data/families/family-R00399-sym.json — this run will add to them, not replace them.
  attempt 1: rejected — degenerate duplicate of parent or another accepted variant
  attempt 2: rejected — degenerate duplicate of parent or another accepted variant
  attempt 3: rejected — degenerate duplicate of parent or another accepted variant
  attempt 4: rejected — degenerate duplicate of parent or another accepted variant
  attempt 5: rejected — degenerate duplicate of parent or another accepted variant
  attempt 6: rejected — degenerate duplicate of parent or another accepted variant
  attempt 7: rejected — degenerate duplicate of parent or another accepted variant

0/7 new symmetry sibling(s) generated for R00399 in 7 attempt(s) (budget 7); 7 total in data/families/family-R00399-sym.json.
family capacity: 0 accepted this run — every movable instance had zero legal alternative placement, or every attempt degenerated to an already-seen fingerprint. See per-attempt log above.
Wrote 7 level(s) total to data/families/family-R00399-sym.json (changed=false), 0 hint file(s) written to data/families/hints/.
Wrote family manifest to data/families/family-R00399-sym-manifest.json (7 variant(s) total).
portfolio-solve-sweep: corpus=data/families/family-R00399-lm.json levels=30 (30 to solve) scheduler-mode=legacy budget=8000ms node-budget=20000000 workers=4 save-hints=true
  [1/30] L4 (F00399-lm-04) ok=✗
  [2/30] L2 (F00399-lm-02) ok=✗
  [3/30] L3 (F00399-lm-03) ok=✗
  [4/30] L1 (F00399-lm-01) ok=✗
  [5/30] L7 (F00399-lm-07) ok=✗
  [6/30] L5 (F00399-lm-05) ok=✗
  [7/30] L6 (F00399-lm-06) ok=✗
  [8/30] L8 (F00399-lm-08) ok=✗
  [9/30] L9 (F00399-lm-09) ok=✗
  [10/30] L10 (F00399-lm-10) ok=✗
  [11/30] L11 (F00399-lm-11) ok=✗
  [12/30] L12 (F00399-lm-12) ok=✗
  [13/30] L13 (F00399-lm-13) ok=✗
  [14/30] L14 (F00399-lm-14) ok=✗
  [15/30] L16 (F00399-lm-16) ok=✗
  [16/30] L15 (F00399-lm-15) ok=✗
  [17/30] L17 (F00399-lm-17) ok=✗
  [18/30] L18 (F00399-lm-18) ok=✗
  [19/30] L19 (F00399-lm-19) ok=✗
  [20/30] L20 (F00399-lm-20) ok=✗
  (lm solve failed/timed out for R00399)
portfolio-solve-sweep: corpus=data/families/family-R00399-sym.json levels=7 (7 to solve) scheduler-mode=legacy budget=8000ms node-budget=20000000 workers=4 save-hints=true
  [1/7] L2 (F00399-sym-02) ok=✗
  [2/7] L1 (F00399-sym-01) ok=✗
  [3/7] L4 (F00399-sym-04) ok=✗
  [4/7] L3 (F00399-sym-03) ok=✗
  [5/7] L6 (F00399-sym-06) ok=✗
  [6/7] L7 (F00399-sym-07) ok=✗
  [7/7] L5 (F00399-sym-05) ok=✗
Hints: appended to 0 level(s); 0 hint file(s) changed on disk.
Result: solved=0/7, solvedBeforeFallback=0, fallbackOnly=0, unsolved=7
Wrote logs/family-census/solve-R00399-sym.json
Wrote logs/family-census/solve-R00399-sym-summary.md
[03:32:50] DONE R00399
[03:32:50] START R00561
Parent R00561: witness stressMeta.witnessSolution (len 83, 4 jump(s)), 45 movable object instance(s) under strict inventory.
Found 15 existing sibling(s) at data/families/family-R00561-lm.json — this run will add to them, not replace them.
  attempt 1: rejected — degenerate duplicate of parent or another accepted variant
  attempt 2: rejected — degenerate duplicate of parent or another accepted variant
  attempt 3: rejected — degenerate duplicate of parent or another accepted variant
  attempt 4: rejected — degenerate duplicate of parent or another accepted variant
  attempt 5: rejected — degenerate duplicate of parent or another accepted variant
  attempt 6: rejected — degenerate duplicate of parent or another accepted variant
  attempt 7: rejected — degenerate duplicate of parent or another accepted variant
  attempt 8: rejected — degenerate duplicate of parent or another accepted variant
  attempt 9: rejected — degenerate duplicate of parent or another accepted variant
  attempt 10: rejected — degenerate duplicate of parent or another accepted variant
  attempt 11: rejected — degenerate duplicate of parent or another accepted variant
  attempt 12: rejected — degenerate duplicate of parent or another accepted variant
  attempt 13: rejected — degenerate duplicate of parent or another accepted variant
  attempt 14: rejected — degenerate duplicate of parent or another accepted variant
  attempt 15: rejected — degenerate duplicate of parent or another accepted variant
  attempt 16: accepted F00561-lm-16 — moved statue (10,10) -> (2,8)
  attempt 17: accepted F00561-lm-17 — moved geese (2,10) -> (1,2)
  attempt 18: accepted F00561-lm-18 — moved flippingFilters (0,0) -> (7,8)
  attempt 19: rejected — degenerate duplicate of parent or another accepted variant
  attempt 20: accepted F00561-lm-19 — moved park (6,9) -> (1,2)
  attempt 21: accepted F00561-lm-20 — moved geese (2,10) -> (10,1)
  attempt 22: accepted F00561-lm-21 — moved statue (0,9) -> (10,1)
  attempt 23: accepted F00561-lm-22 — moved geese (3,1) -> (1,2)
  attempt 24: accepted F00561-lm-23 — moved blocks (2,1) -> (1,2)
  attempt 25: accepted F00561-lm-24 — moved blocks (6,0) -> (10,1)
  attempt 26: accepted F00561-lm-25 — moved geese (3,1) -> (1,1)
  attempt 27: accepted F00561-lm-26 — moved statue (4,10) -> (1,1)
  attempt 28: accepted F00561-lm-27 — moved flippingFilters (10,0) -> (5,2)
  attempt 29: accepted F00561-lm-28 — moved mustPass (5,3) -> (5,6)
  attempt 30: accepted F00561-lm-29 — moved blocks (8,5) -> (1,2)
  attempt 31: accepted F00561-lm-30 — moved geese (9,10) -> (6,5)

15/15 new local-mutant sibling(s) generated for R00561 in 31 attempt(s) (budget 600); 30 total in data/families/family-R00561-lm.json.
Wrote 30 level(s) total to data/families/family-R00561-lm.json (changed=true), 15 hint file(s) written to data/families/hints/.
Wrote family manifest to data/families/family-R00561-lm-manifest.json (30 variant(s) total).
Parent R00561: witness stressMeta.witnessSolution (len 83, 4 jump(s)), 45 movable object instance(s) under strict inventory.
Found 7 existing sibling(s) at data/families/family-R00561-sym.json — this run will add to them, not replace them.
  attempt 1: rejected — degenerate duplicate of parent or another accepted variant
  attempt 2: rejected — degenerate duplicate of parent or another accepted variant
  attempt 3: rejected — degenerate duplicate of parent or another accepted variant
  attempt 4: rejected — degenerate duplicate of parent or another accepted variant
  attempt 5: rejected — degenerate duplicate of parent or another accepted variant
  attempt 6: rejected — degenerate duplicate of parent or another accepted variant
  attempt 7: rejected — degenerate duplicate of parent or another accepted variant

0/7 new symmetry sibling(s) generated for R00561 in 7 attempt(s) (budget 7); 7 total in data/families/family-R00561-sym.json.
family capacity: 0 accepted this run — every movable instance had zero legal alternative placement, or every attempt degenerated to an already-seen fingerprint. See per-attempt log above.
Wrote 7 level(s) total to data/families/family-R00561-sym.json (changed=false), 0 hint file(s) written to data/families/hints/.
Wrote family manifest to data/families/family-R00561-sym-manifest.json (7 variant(s) total).
portfolio-solve-sweep: corpus=data/families/family-R00561-lm.json levels=30 (30 to solve) scheduler-mode=legacy budget=8000ms node-budget=20000000 workers=4 save-hints=true
  [1/30] L1 (F00561-lm-01) ok=✗
  [2/30] L2 (F00561-lm-02) ok=✗
  [3/30] L3 (F00561-lm-03) ok=✗
  [4/30] L4 (F00561-lm-04) ok=✗
  [5/30] L5 (F00561-lm-05) ok=✗
  [6/30] L8 (F00561-lm-08) ok=✗
  [7/30] L6 (F00561-lm-06) ok=✗
  [8/30] L7 (F00561-lm-07) ok=✗
  [9/30] L9 (F00561-lm-09) ok=✗
  [10/30] L10 (F00561-lm-10) ok=✗
  [11/30] L12 (F00561-lm-12) ok=✗
  [12/30] L11 (F00561-lm-11) ok=✗
  [13/30] L14 (F00561-lm-14) ok=✗
  [14/30] L13 (F00561-lm-13) ok=✗
  [15/30] L16 (F00561-lm-16) ok=✗
  [16/30] L15 (F00561-lm-15) ok=✗
  [17/30] L17 (F00561-lm-17) ok=✗
  [18/30] L18 (F00561-lm-18) ok=✗
  [19/30] L20 (F00561-lm-20) ok=✗
  [20/30] L19 (F00561-lm-19) ok=✗
  [21/30] L21 (F00561-lm-21) ok=✗
  [22/30] L22 (F00561-lm-22) ok=✗
  [23/30] L23 (F00561-lm-23) ok=✗
  [24/30] L24 (F00561-lm-24) ok=✗
  [25/30] L25 (F00561-lm-25) ok=✗
  [26/30] L27 (F00561-lm-27) ok=✗
  [27/30] L26 (F00561-lm-26) ok=✗
  [28/30] L28 (F00561-lm-28) ok=✗
  [29/30] L29 (F00561-lm-29) ok=✗
  [30/30] L30 (F00561-lm-30) ok=✗
Hints: appended to 0 level(s); 0 hint file(s) changed on disk.
Result: solved=0/30, solvedBeforeFallback=0, fallbackOnly=0, unsolved=30
Wrote logs/family-census/solve-R00561-lm.json
Wrote logs/family-census/solve-R00561-lm-summary.md
portfolio-solve-sweep: corpus=data/families/family-R00561-sym.json levels=7 (7 to solve) scheduler-mode=legacy budget=8000ms node-budget=20000000 workers=4 save-hints=true
  [1/7] L3 (F00561-sym-03) ok=✗
  [2/7] L4 (F00561-sym-04) ok=✗
  [3/7] L1 (F00561-sym-01) ok=✗
  [4/7] L2 (F00561-sym-02) ok=✗
  [5/7] L7 (F00561-sym-07) ok=✗
  [6/7] L5 (F00561-sym-05) ok=✗
  [7/7] L6 (F00561-sym-06) ok=✗
Hints: appended to 0 level(s); 0 hint file(s) changed on disk.
Result: solved=0/7, solvedBeforeFallback=0, fallbackOnly=0, unsolved=7
Wrote logs/family-census/solve-R00561-sym.json
Wrote logs/family-census/solve-R00561-sym-summary.md
[03:37:44] DONE R00561
[03:37:44] START R00703
Parent R00703: witness stressMeta.witnessSolution (len 132, 0 jump(s)), 70 movable object instance(s) under strict inventory.
Found 15 existing sibling(s) at data/families/family-R00703-lm.json — this run will add to them, not replace them.
  attempt 1: rejected — degenerate duplicate of parent or another accepted variant
  attempt 2: rejected — degenerate duplicate of parent or another accepted variant
  attempt 3: rejected — degenerate duplicate of parent or another accepted variant
  attempt 4: rejected — degenerate duplicate of parent or another accepted variant
  attempt 5: rejected — degenerate duplicate of parent or another accepted variant
  attempt 6: rejected — degenerate duplicate of parent or another accepted variant
  attempt 7: rejected — degenerate duplicate of parent or another accepted variant
  attempt 8: rejected — degenerate duplicate of parent or another accepted variant
  attempt 9: rejected — degenerate duplicate of parent or another accepted variant
  attempt 10: rejected — degenerate duplicate of parent or another accepted variant
  attempt 11: rejected — degenerate duplicate of parent or another accepted variant
  attempt 12: rejected — degenerate duplicate of parent or another accepted variant
  attempt 13: rejected — degenerate duplicate of parent or another accepted variant
  attempt 14: rejected — degenerate duplicate of parent or another accepted variant
  attempt 15: rejected — degenerate duplicate of parent or another accepted variant
  attempt 16: accepted F00703-lm-16 — moved falseGoals (3,5) -> (7,6)
  attempt 17: accepted F00703-lm-17 — moved blocks (13,13) -> (0,11)
  attempt 18: accepted F00703-lm-18 — moved falseGoals (14,2) -> (1,1)
  attempt 19: accepted F00703-lm-19 — moved market (12,0) -> (6,11)
  attempt 20: accepted F00703-lm-20 — moved mustPass (11,11) -> (7,12)
  attempt 21: accepted F00703-lm-21 — moved falseGoals (13,1) -> (5,14)
  attempt 22: accepted F00703-lm-22 — moved falseGoals (3,4) -> (8,10)
  attempt 23: accepted F00703-lm-23 — moved blocks (8,1) -> (8,7)
  attempt 24: accepted F00703-lm-24 — moved market (10,4) -> (10,7)
  attempt 25: accepted F00703-lm-25 — moved blocks (14,1) -> (10,1)
  attempt 26: accepted F00703-lm-26 — moved blocks (9,10) -> (6,7)
  attempt 27: accepted F00703-lm-27 — moved blocks (9,0) -> (13,12)
  attempt 28: accepted F00703-lm-28 — moved blocks (9,2) -> (4,10)
  attempt 29: accepted F00703-lm-29 — moved blocks (2,5) -> (13,5)
  attempt 30: accepted F00703-lm-30 — moved lamppost (1,4) -> (9,13)

15/15 new local-mutant sibling(s) generated for R00703 in 30 attempt(s) (budget 600); 30 total in data/families/family-R00703-lm.json.
Wrote 30 level(s) total to data/families/family-R00703-lm.json (changed=true), 15 hint file(s) written to data/families/hints/.
Wrote family manifest to data/families/family-R00703-lm-manifest.json (30 variant(s) total).
Parent R00703: witness stressMeta.witnessSolution (len 132, 0 jump(s)), 70 movable object instance(s) under strict inventory.
Found 7 existing sibling(s) at data/families/family-R00703-sym.json — this run will add to them, not replace them.
  attempt 1: rejected — degenerate duplicate of parent or another accepted variant
  attempt 2: rejected — degenerate duplicate of parent or another accepted variant
  attempt 3: rejected — degenerate duplicate of parent or another accepted variant
  attempt 4: rejected — degenerate duplicate of parent or another accepted variant
  attempt 5: rejected — degenerate duplicate of parent or another accepted variant
  attempt 6: rejected — degenerate duplicate of parent or another accepted variant
  attempt 7: rejected — degenerate duplicate of parent or another accepted variant

0/7 new symmetry sibling(s) generated for R00703 in 7 attempt(s) (budget 7); 7 total in data/families/family-R00703-sym.json.
family capacity: 0 accepted this run — every movable instance had zero legal alternative placement, or every attempt degenerated to an already-seen fingerprint. See per-attempt log above.
Wrote 7 level(s) total to data/families/family-R00703-sym.json (changed=false), 0 hint file(s) written to data/families/hints/.
Wrote family manifest to data/families/family-R00703-sym-manifest.json (7 variant(s) total).
portfolio-solve-sweep: corpus=data/families/family-R00703-lm.json levels=30 (30 to solve) scheduler-mode=legacy budget=8000ms node-budget=20000000 workers=4 save-hints=true
  [1/30] L1 (F00703-lm-01) ok=✗
  [2/30] L3 (F00703-lm-03) ok=✗
  [3/30] L4 (F00703-lm-04) ok=✗
  [4/30] L5 (F00703-lm-05) ok=✓ legacy [hint saved]
  [5/30] L2 (F00703-lm-02) ok=✗
  [6/30] L6 (F00703-lm-06) ok=✗
  [7/30] L7 (F00703-lm-07) ok=✗
  [8/30] L8 (F00703-lm-08) ok=✗
  [9/30] L9 (F00703-lm-09) ok=✗
  [10/30] L10 (F00703-lm-10) ok=✗
  [11/30] L11 (F00703-lm-11) ok=✗
  [12/30] L12 (F00703-lm-12) ok=✗
  [13/30] L13 (F00703-lm-13) ok=✗
  [14/30] L15 (F00703-lm-15) ok=✗
  [15/30] L14 (F00703-lm-14) ok=✗
  [16/30] L16 (F00703-lm-16) ok=✗
  [17/30] L17 (F00703-lm-17) ok=✗
  [18/30] L19 (F00703-lm-19) ok=✗
  [19/30] L18 (F00703-lm-18) ok=✗
  [20/30] L20 (F00703-lm-20) ok=✗
  [21/30] L21 (F00703-lm-21) ok=✗
  [22/30] L23 (F00703-lm-23) ok=✗
  [23/30] L22 (F00703-lm-22) ok=✗
  [24/30] L24 (F00703-lm-24) ok=✗
  [25/30] L25 (F00703-lm-25) ok=✗
  [26/30] L26 (F00703-lm-26) ok=✗
  [27/30] L27 (F00703-lm-27) ok=✗
  [28/30] L28 (F00703-lm-28) ok=✗
  [29/30] L29 (F00703-lm-29) ok=✗
  [30/30] L30 (F00703-lm-30) ok=✗
Hints: appended to 1 level(s); 1 hint file(s) changed on disk.
Result: solved=1/30, solvedBeforeFallback=0, fallbackOnly=1, unsolved=29
Wrote logs/family-census/solve-R00703-lm.json
Wrote logs/family-census/solve-R00703-lm-summary.md
portfolio-solve-sweep: corpus=data/families/family-R00703-sym.json levels=7 (7 to solve) scheduler-mode=legacy budget=8000ms node-budget=20000000 workers=4 save-hints=true
  [1/7] L4 (F00703-sym-04) ok=✗
  [2/7] L1 (F00703-sym-01) ok=✗
  [3/7] L3 (F00703-sym-03) ok=✗
  [4/7] L2 (F00703-sym-02) ok=✗
  [5/7] L6 (F00703-sym-06) ok=✗
  [6/7] L7 (F00703-sym-07) ok=✗
  [7/7] L5 (F00703-sym-05) ok=✗
Hints: appended to 0 level(s); 0 hint file(s) changed on disk.
Result: solved=0/7, solvedBeforeFallback=0, fallbackOnly=0, unsolved=7
Wrote logs/family-census/solve-R00703-sym.json
Wrote logs/family-census/solve-R00703-sym-summary.md
[03:49:09] DONE R00703
[03:49:09] START R00893
Parent R00893: witness stressMeta.witnessSolution (len 98, 4 jump(s)), 64 movable object instance(s) under strict inventory.
Found 15 existing sibling(s) at data/families/family-R00893-lm.json — this run will add to them, not replace them.
  attempt 1: rejected — degenerate duplicate of parent or another accepted variant
  attempt 2: rejected — degenerate duplicate of parent or another accepted variant
  attempt 3: rejected — degenerate duplicate of parent or another accepted variant
  attempt 4: rejected — degenerate duplicate of parent or another accepted variant
  attempt 5: rejected — degenerate duplicate of parent or another accepted variant
  attempt 6: rejected — degenerate duplicate of parent or another accepted variant
  attempt 7: rejected — degenerate duplicate of parent or another accepted variant
  attempt 8: rejected — degenerate duplicate of parent or another accepted variant
  attempt 9: rejected — degenerate duplicate of parent or another accepted variant
  attempt 10: rejected — degenerate duplicate of parent or another accepted variant
  attempt 11: rejected — degenerate duplicate of parent or another accepted variant
  attempt 12: rejected — degenerate duplicate of parent or another accepted variant
  attempt 13: rejected — degenerate duplicate of parent or another accepted variant
  attempt 14: rejected — degenerate duplicate of parent or another accepted variant
  attempt 15: rejected — degenerate duplicate of parent or another accepted variant
  attempt 16: accepted F00893-lm-16 — moved lamppost (9,2) -> (0,8)
  attempt 17: accepted F00893-lm-17 — moved blocks (12,8) -> (2,8)
  attempt 18: accepted F00893-lm-18 — moved flippingFilters (4,6) -> (13,9)
  attempt 19: accepted F00893-lm-19 — moved mustPass (5,12) -> (1,8)
  attempt 20: accepted F00893-lm-20 — moved market (7,12) -> (3,9)
  attempt 21: accepted F00893-lm-21 — moved falseGoals (13,13) -> (2,1)
  attempt 22: accepted F00893-lm-22 — moved blocks (12,1) -> (2,11)
  attempt 23: accepted F00893-lm-23 — moved blocks (10,2) -> (10,7)
  attempt 24: accepted F00893-lm-24 — moved lamppost (9,2) -> (4,10)
  attempt 25: accepted F00893-lm-25 — moved falseGoals (11,11) -> (8,1)
  attempt 26: accepted F00893-lm-26 — moved blocks (12,5) -> (3,4)
  attempt 27: accepted F00893-lm-27 — moved geese (6,5) -> (13,1)
  attempt 28: accepted F00893-lm-28 — moved blocks (10,2) -> (12,4)
  attempt 29: accepted F00893-lm-29 — moved falseGoals (0,4) -> (6,6)
  attempt 30: accepted F00893-lm-30 — moved mustPass (2,12) -> (4,10)

15/15 new local-mutant sibling(s) generated for R00893 in 30 attempt(s) (budget 600); 30 total in data/families/family-R00893-lm.json.
Wrote 30 level(s) total to data/families/family-R00893-lm.json (changed=true), 15 hint file(s) written to data/families/hints/.
Wrote family manifest to data/families/family-R00893-lm-manifest.json (30 variant(s) total).
Parent R00893: witness stressMeta.witnessSolution (len 98, 4 jump(s)), 64 movable object instance(s) under strict inventory.
Found 7 existing sibling(s) at data/families/family-R00893-sym.json — this run will add to them, not replace them.
  attempt 1: rejected — degenerate duplicate of parent or another accepted variant
  attempt 2: rejected — degenerate duplicate of parent or another accepted variant
  attempt 3: rejected — degenerate duplicate of parent or another accepted variant
  attempt 4: rejected — degenerate duplicate of parent or another accepted variant
  attempt 5: rejected — degenerate duplicate of parent or another accepted variant
  attempt 6: rejected — degenerate duplicate of parent or another accepted variant
  attempt 7: rejected — degenerate duplicate of parent or another accepted variant

0/7 new symmetry sibling(s) generated for R00893 in 7 attempt(s) (budget 7); 7 total in data/families/family-R00893-sym.json.
family capacity: 0 accepted this run — every movable instance had zero legal alternative placement, or every attempt degenerated to an already-seen fingerprint. See per-attempt log above.
Wrote 7 level(s) total to data/families/family-R00893-sym.json (changed=false), 0 hint file(s) written to data/families/hints/.
Wrote family manifest to data/families/family-R00893-sym-manifest.json (7 variant(s) total).
portfolio-solve-sweep: corpus=data/families/family-R00893-lm.json levels=30 (30 to solve) scheduler-mode=legacy budget=8000ms node-budget=20000000 workers=4 save-hints=true
  [1/30] L1 (F00893-lm-01) ok=✗
  [2/30] L4 (F00893-lm-04) ok=✗
  [3/30] L3 (F00893-lm-03) ok=✗
  [4/30] L2 (F00893-lm-02) ok=✗
  [5/30] L5 (F00893-lm-05) ok=✗
  [6/30] L6 (F00893-lm-06) ok=✗
  [7/30] L7 (F00893-lm-07) ok=✗
  [8/30] L8 (F00893-lm-08) ok=✗
  [9/30] L9 (F00893-lm-09) ok=✓ legacy [hint saved]
  [10/30] L10 (F00893-lm-10) ok=✗
  [11/30] L11 (F00893-lm-11) ok=✗
  [12/30] L12 (F00893-lm-12) ok=✗
  [13/30] L13 (F00893-lm-13) ok=✗
  [14/30] L14 (F00893-lm-14) ok=✗
  [15/30] L15 (F00893-lm-15) ok=✗
  [16/30] L16 (F00893-lm-16) ok=✗
  [17/30] L17 (F00893-lm-17) ok=✗
  [18/30] L18 (F00893-lm-18) ok=✗
  [19/30] L19 (F00893-lm-19) ok=✗
  [20/30] L20 (F00893-lm-20) ok=✗
  [21/30] L21 (F00893-lm-21) ok=✗
  [22/30] L25 (F00893-lm-25) ok=✓ legacy [hint saved]
  [23/30] L22 (F00893-lm-22) ok=✗
  [24/30] L23 (F00893-lm-23) ok=✗
  [25/30] L24 (F00893-lm-24) ok=✗
  [26/30] L26 (F00893-lm-26) ok=✗
  [27/30] L28 (F00893-lm-28) ok=✗
  [28/30] L27 (F00893-lm-27) ok=✗
  [29/30] L29 (F00893-lm-29) ok=✗
  [30/30] L30 (F00893-lm-30) ok=✗
Hints: appended to 2 level(s); 2 hint file(s) changed on disk.
Result: solved=2/30, solvedBeforeFallback=0, fallbackOnly=2, unsolved=28
Wrote logs/family-census/solve-R00893-lm.json
Wrote logs/family-census/solve-R00893-lm-summary.md
portfolio-solve-sweep: corpus=data/families/family-R00893-sym.json levels=7 (7 to solve) scheduler-mode=legacy budget=8000ms node-budget=20000000 workers=4 save-hints=true
  [1/7] L3 (F00893-sym-03) ok=✗
  [2/7] L2 (F00893-sym-02) ok=✗
  [3/7] L1 (F00893-sym-01) ok=✗
  [4/7] L4 (F00893-sym-04) ok=✗
  [5/7] L7 (F00893-sym-07) ok=✗
  [6/7] L5 (F00893-sym-05) ok=✗
  [7/7] L6 (F00893-sym-06) ok=✗
Hints: appended to 0 level(s); 0 hint file(s) changed on disk.
Result: solved=0/7, solvedBeforeFallback=0, fallbackOnly=0, unsolved=7
Wrote logs/family-census/solve-R00893-sym.json
Wrote logs/family-census/solve-R00893-sym-summary.md
[04:00:32] DONE R00893
[04:00:32] START R01105
Parent R01105: witness stressMeta.witnessSolution (len 121, 6 jump(s)), 58 movable object instance(s) under strict inventory.
Found 15 existing sibling(s) at data/families/family-R01105-lm.json — this run will add to them, not replace them.
  attempt 1: rejected — degenerate duplicate of parent or another accepted variant
  attempt 2: rejected — degenerate duplicate of parent or another accepted variant
  attempt 3: rejected — degenerate duplicate of parent or another accepted variant
  attempt 4: rejected — degenerate duplicate of parent or another accepted variant
  attempt 5: rejected — degenerate duplicate of parent or another accepted variant
  attempt 6: rejected — degenerate duplicate of parent or another accepted variant
  attempt 7: rejected — degenerate duplicate of parent or another accepted variant
  attempt 8: rejected — degenerate duplicate of parent or another accepted variant
  attempt 9: rejected — degenerate duplicate of parent or another accepted variant
  attempt 10: rejected — degenerate duplicate of parent or another accepted variant
  attempt 11: rejected — degenerate duplicate of parent or another accepted variant
  attempt 12: rejected — degenerate duplicate of parent or another accepted variant
  attempt 13: rejected — degenerate duplicate of parent or another accepted variant
  attempt 14: rejected — degenerate duplicate of parent or another accepted variant
  attempt 15: rejected — degenerate duplicate of parent or another accepted variant
  attempt 16: accepted F01105-lm-16 — moved blocks (11,3) -> (2,1)
  attempt 17: accepted F01105-lm-17 — moved mustPass (10,13) -> (2,7)
  attempt 18: accepted F01105-lm-18 — moved falseGoals (2,12) -> (5,8)
  attempt 19: accepted F01105-lm-19 — moved mustCross (4,7) -> (10,5)
  attempt 20: accepted F01105-lm-20 — moved park (5,6) -> (5,12)
  attempt 21: accepted F01105-lm-21 — moved blocks (8,10) -> (8,11)
  attempt 22: accepted F01105-lm-22 — moved blocks (3,2) -> (13,6)
  attempt 23: accepted F01105-lm-23 — moved lamppost (9,3) -> (4,2)
  attempt 24: accepted F01105-lm-24 — moved library (9,2) -> (10,2)
  attempt 25: accepted F01105-lm-25 — moved falseGoals (2,2) -> (6,1)
  attempt 26: accepted F01105-lm-26 — moved fountain (8,9) -> (10,4)
  attempt 27: accepted F01105-lm-27 — moved blocks (8,10) -> (13,6)
  attempt 28: accepted F01105-lm-28 — moved mustPass (12,9) -> (2,11)
  attempt 29: accepted F01105-lm-29 — moved market (12,1) -> (5,7)
  attempt 30: accepted F01105-lm-30 — moved blocks (3,3) -> (6,2)

15/15 new local-mutant sibling(s) generated for R01105 in 30 attempt(s) (budget 600); 30 total in data/families/family-R01105-lm.json.
Wrote 30 level(s) total to data/families/family-R01105-lm.json (changed=true), 15 hint file(s) written to data/families/hints/.
Wrote family manifest to data/families/family-R01105-lm-manifest.json (30 variant(s) total).
Parent R01105: witness stressMeta.witnessSolution (len 121, 6 jump(s)), 58 movable object instance(s) under strict inventory.
Found 7 existing sibling(s) at data/families/family-R01105-sym.json — this run will add to them, not replace them.
  attempt 1: rejected — degenerate duplicate of parent or another accepted variant
  attempt 2: rejected — degenerate duplicate of parent or another accepted variant
  attempt 3: rejected — degenerate duplicate of parent or another accepted variant
  attempt 4: rejected — degenerate duplicate of parent or another accepted variant
  attempt 5: rejected — degenerate duplicate of parent or another accepted variant
  attempt 6: rejected — degenerate duplicate of parent or another accepted variant
  attempt 7: rejected — degenerate duplicate of parent or another accepted variant

0/7 new symmetry sibling(s) generated for R01105 in 7 attempt(s) (budget 7); 7 total in data/families/family-R01105-sym.json.
family capacity: 0 accepted this run — every movable instance had zero legal alternative placement, or every attempt degenerated to an already-seen fingerprint. See per-attempt log above.
Wrote 7 level(s) total to data/families/family-R01105-sym.json (changed=false), 0 hint file(s) written to data/families/hints/.
Wrote family manifest to data/families/family-R01105-sym-manifest.json (7 variant(s) total).
portfolio-solve-sweep: corpus=data/families/family-R01105-lm.json levels=30 (30 to solve) scheduler-mode=legacy budget=8000ms node-budget=20000000 workers=4 save-hints=true
  [1/30] L2 (F01105-lm-02) ok=✗
  [2/30] L4 (F01105-lm-04) ok=✗
  [3/30] L3 (F01105-lm-03) ok=✗
  [4/30] L1 (F01105-lm-01) ok=✗
  [5/30] L5 (F01105-lm-05) ok=✗
  [6/30] L6 (F01105-lm-06) ok=✗
  [7/30] L7 (F01105-lm-07) ok=✗
  [8/30] L8 (F01105-lm-08) ok=✗
  [9/30] L9 (F01105-lm-09) ok=✗
  [10/30] L10 (F01105-lm-10) ok=✗
  [11/30] L11 (F01105-lm-11) ok=✗
  [12/30] L12 (F01105-lm-12) ok=✗
  [13/30] L13 (F01105-lm-13) ok=✗
  [14/30] L15 (F01105-lm-15) ok=✗
  [15/30] L14 (F01105-lm-14) ok=✗
  [16/30] L16 (F01105-lm-16) ok=✗
  [17/30] L17 (F01105-lm-17) ok=✗
  [18/30] L18 (F01105-lm-18) ok=✗
  [19/30] L19 (F01105-lm-19) ok=✗
  [20/30] L20 (F01105-lm-20) ok=✗
