[03:14:21] START R00239
Parent R00239: witness stressMeta.witnessSolution (len 107, 0 jump(s)), 41 movable object instance(s) under strict inventory.
Found 15 existing sibling(s) at data/families/family-R00239-lm.json — this run will add to them, not replace them.
  attempt 1: rejected — degenerate duplicate of parent or another accepted variant
  attempt 2: rejected — degenerate duplicate of parent or another accepted variant
  attempt 3: rejected — degenerate duplicate of parent or another accepted variant
  attempt 4: rejected — degenerate duplicate of parent or another accepted variant
  attempt 5: rejected — degenerate duplicate of parent or another accepted variant
  attempt 6: rejected — degenerate duplicate of parent or another accepted variant
  attempt 7: rejected — degenerate duplicate of parent or another accepted variant
  attempt 8: rejected — degenerate duplicate of parent or another accepted variant
  attempt 9: rejected — degenerate duplicate of parent or another accepted variant
  attempt 10: rejected — degenerate duplicate of parent or another accepted variant
  attempt 11: rejected — degenerate duplicate of parent or another accepted variant
  attempt 12: rejected — degenerate duplicate of parent or another accepted variant
  attempt 13: rejected — degenerate duplicate of parent or another accepted variant
  attempt 14: rejected — degenerate duplicate of parent or another accepted variant
  attempt 15: rejected — degenerate duplicate of parent or another accepted variant
  attempt 16: accepted F00239-lm-16 — moved park (2,4) -> (1,10)
  attempt 17: accepted F00239-lm-17 — moved geese (9,13) -> (11,4)
  attempt 18: accepted F00239-lm-18 — moved mustPass (4,3) -> (12,5)
  attempt 19: accepted F00239-lm-19 — moved falseGoals (1,8) -> (0,8)
  attempt 20: accepted F00239-lm-20 — moved mustPass (11,13) -> (11,3)
  attempt 21: accepted F00239-lm-21 — moved falseGoals (1,2) -> (2,7)
  attempt 22: accepted F00239-lm-22 — moved park (5,1) -> (5,11)
  attempt 23: accepted F00239-lm-23 — moved mustPass (6,13) -> (13,1)
  attempt 24: accepted F00239-lm-24 — moved mustPass (11,13) -> (8,12)
  attempt 25: accepted F00239-lm-25 — moved mustCross (12,9) -> (11,2)
  attempt 26: accepted F00239-lm-26 — moved mustCross (7,10) -> (9,2)
  attempt 27: accepted F00239-lm-27 — moved mustPass (13,13) -> (4,1)
  attempt 28: rejected — degenerate duplicate of parent or another accepted variant
  attempt 29: accepted F00239-lm-28 — moved falseGoals (1,1) -> (6,7)
  attempt 30: rejected — degenerate duplicate of parent or another accepted variant
  attempt 31: accepted F00239-lm-29 — moved falseGoals (9,10) -> (2,7)
  attempt 32: accepted F00239-lm-30 — moved falseGoals (5,5) -> (2,5)

15/15 new local-mutant sibling(s) generated for R00239 in 32 attempt(s) (budget 600); 30 total in data/families/family-R00239-lm.json.
Wrote 30 level(s) total to data/families/family-R00239-lm.json (changed=true), 15 hint file(s) written to data/families/hints/.
Wrote family manifest to data/families/family-R00239-lm-manifest.json (30 variant(s) total).
Parent R00239: witness stressMeta.witnessSolution (len 107, 0 jump(s)), 41 movable object instance(s) under strict inventory.
Found 7 existing sibling(s) at data/families/family-R00239-sym.json — this run will add to them, not replace them.
  attempt 1: rejected — degenerate duplicate of parent or another accepted variant
  attempt 2: rejected — degenerate duplicate of parent or another accepted variant
  attempt 3: rejected — degenerate duplicate of parent or another accepted variant
  attempt 4: rejected — degenerate duplicate of parent or another accepted variant
  attempt 5: rejected — degenerate duplicate of parent or another accepted variant
  attempt 6: rejected — degenerate duplicate of parent or another accepted variant
  attempt 7: rejected — degenerate duplicate of parent or another accepted variant

0/7 new symmetry sibling(s) generated for R00239 in 7 attempt(s) (budget 7); 7 total in data/families/family-R00239-sym.json.
family capacity: 0 accepted this run — every movable instance had zero legal alternative placement, or every attempt degenerated to an already-seen fingerprint. See per-attempt log above.
Wrote 7 level(s) total to data/families/family-R00239-sym.json (changed=false), 0 hint file(s) written to data/families/hints/.
Wrote family manifest to data/families/family-R00239-sym-manifest.json (7 variant(s) total).
portfolio-solve-sweep: corpus=data/families/family-R00239-lm.json levels=30 (30 to solve) scheduler-mode=legacy budget=8000ms node-budget=20000000 workers=4 save-hints=true
  [1/30] L1 (F00239-lm-01) ok=✗
  [2/30] L2 (F00239-lm-02) ok=✗
  [3/30] L4 (F00239-lm-04) ok=✗
  [4/30] L3 (F00239-lm-03) ok=✗
  [5/30] L5 (F00239-lm-05) ok=✓ legacy [hint saved]
  [6/30] L7 (F00239-lm-07) ok=✗
  [7/30] L6 (F00239-lm-06) ok=✗
  [8/30] L11 (F00239-lm-11) ok=✓ legacy [hint saved]
  [9/30] L8 (F00239-lm-08) ok=✗
  [10/30] L9 (F00239-lm-09) ok=✗
  [11/30] L10 (F00239-lm-10) ok=✗
  [12/30] L12 (F00239-lm-12) ok=✗
  [13/30] L13 (F00239-lm-13) ok=✗
  [14/30] L14 (F00239-lm-14) ok=✗
  [15/30] L15 (F00239-lm-15) ok=✗
  [16/30] L16 (F00239-lm-16) ok=✗
  [17/30] L18 (F00239-lm-18) ok=✗
  [18/30] L17 (F00239-lm-17) ok=✗
  [19/30] L19 (F00239-lm-19) ok=✗
  [20/30] L20 (F00239-lm-20) ok=✗
  [21/30] L21 (F00239-lm-21) ok=✗
  [22/30] L25 (F00239-lm-25) ok=✓ legacy [hint saved]
  [23/30] L22 (F00239-lm-22) ok=✗
  [24/30] L23 (F00239-lm-23) ok=✗
  [25/30] L24 (F00239-lm-24) ok=✗
  [26/30] L27 (F00239-lm-27) ok=✗
  [27/30] L26 (F00239-lm-26) ok=✗
  [28/30] L28 (F00239-lm-28) ok=✗
  [29/30] L30 (F00239-lm-30) ok=✗
  [30/30] L29 (F00239-lm-29) ok=✗
Hints: appended to 3 level(s); 3 hint file(s) changed on disk.
Result: solved=3/30, solvedBeforeFallback=0, fallbackOnly=3, unsolved=27
Wrote logs/family-census/solve-R00239-lm.json
Wrote logs/family-census/solve-R00239-lm-summary.md
portfolio-solve-sweep: corpus=data/families/family-R00239-sym.json levels=7 (7 to solve) scheduler-mode=legacy budget=8000ms node-budget=20000000 workers=4 save-hints=true
  [1/7] L4 (F00239-sym-04) ok=✗
  [2/7] L3 (F00239-sym-03) ok=✗
  [3/7] L1 (F00239-sym-01) ok=✗
  [4/7] L2 (F00239-sym-02) ok=✗
  [5/7] L5 (F00239-sym-05) ok=✗
  [6/7] L7 (F00239-sym-07) ok=✗
  [7/7] L6 (F00239-sym-06) ok=✗
Hints: appended to 0 level(s); 0 hint file(s) changed on disk.
Result: solved=0/7, solvedBeforeFallback=0, fallbackOnly=0, unsolved=7
Wrote logs/family-census/solve-R00239-sym.json
Wrote logs/family-census/solve-R00239-sym-summary.md
[03:23:18] DONE R00239
[03:23:18] START R00449
Parent R00449: witness stressMeta.witnessSolution (len 110, 7 jump(s)), 56 movable object instance(s) under strict inventory.
Found 15 existing sibling(s) at data/families/family-R00449-lm.json — this run will add to them, not replace them.
  attempt 1: rejected — degenerate duplicate of parent or another accepted variant
  attempt 2: rejected — degenerate duplicate of parent or another accepted variant
  attempt 3: rejected — degenerate duplicate of parent or another accepted variant
  attempt 4: rejected — degenerate duplicate of parent or another accepted variant
  attempt 5: rejected — degenerate duplicate of parent or another accepted variant
  attempt 6: rejected — degenerate duplicate of parent or another accepted variant
  attempt 7: rejected — degenerate duplicate of parent or another accepted variant
  attempt 8: rejected — degenerate duplicate of parent or another accepted variant
  attempt 9: rejected — degenerate duplicate of parent or another accepted variant
  attempt 10: rejected — degenerate duplicate of parent or another accepted variant
  attempt 11: rejected — degenerate duplicate of parent or another accepted variant
  attempt 12: rejected — degenerate duplicate of parent or another accepted variant
  attempt 13: rejected — degenerate duplicate of parent or another accepted variant
  attempt 14: rejected — degenerate duplicate of parent or another accepted variant
  attempt 15: rejected — degenerate duplicate of parent or another accepted variant
  attempt 16: accepted F00449-lm-16 — moved blocks (12,12) -> (12,1)
  attempt 17: accepted F00449-lm-17 — moved mustPass (5,3) -> (9,10)
  attempt 18: accepted F00449-lm-18 — moved blocks (12,6) -> (0,12)
  attempt 19: accepted F00449-lm-19 — moved geese (6,12) -> (0,12)
  attempt 20: accepted F00449-lm-20 — moved library (7,8) -> (6,8)
  attempt 21: accepted F00449-lm-21 — moved flippingFilters (6,1) -> (0,4)
  attempt 22: accepted F00449-lm-22 — moved lamppost (10,8) -> (4,3)
  attempt 23: accepted F00449-lm-23 — moved mustPass (4,8) -> (0,6)
  attempt 24: accepted F00449-lm-24 — moved blocks (11,12) -> (9,12)
  attempt 25: accepted F00449-lm-25 — moved mustPass (5,3) -> (8,4)
  attempt 26: accepted F00449-lm-26 — moved mustPass (5,12) -> (10,4)
  attempt 27: accepted F00449-lm-27 — moved lamppost (2,6) -> (5,0)
  attempt 28: accepted F00449-lm-28 — moved flippingFilters (0,0) -> (8,2)
  attempt 29: accepted F00449-lm-29 — moved flippingFilters (6,1) -> (12,3)
  attempt 30: accepted F00449-lm-30 — moved geese (3,0) -> (12,11)

15/15 new local-mutant sibling(s) generated for R00449 in 30 attempt(s) (budget 600); 30 total in data/families/family-R00449-lm.json.
Wrote 30 level(s) total to data/families/family-R00449-lm.json (changed=true), 15 hint file(s) written to data/families/hints/.
Wrote family manifest to data/families/family-R00449-lm-manifest.json (30 variant(s) total).
Parent R00449: witness stressMeta.witnessSolution (len 110, 7 jump(s)), 56 movable object instance(s) under strict inventory.
Found 7 existing sibling(s) at data/families/family-R00449-sym.json — this run will add to them, not replace them.
  attempt 1: rejected — degenerate duplicate of parent or another accepted variant
  attempt 2: rejected — degenerate duplicate of parent or another accepted variant
  attempt 3: rejected — degenerate duplicate of parent or another accepted variant
  attempt 4: rejected — degenerate duplicate of parent or another accepted variant
  attempt 5: rejected — degenerate duplicate of parent or another accepted variant
  attempt 6: rejected — degenerate duplicate of parent or another accepted variant
  attempt 7: rejected — degenerate duplicate of parent or another accepted variant

0/7 new symmetry sibling(s) generated for R00449 in 7 attempt(s) (budget 7); 7 total in data/families/family-R00449-sym.json.
family capacity: 0 accepted this run — every movable instance had zero legal alternative placement, or every attempt degenerated to an already-seen fingerprint. See per-attempt log above.
Wrote 7 level(s) total to data/families/family-R00449-sym.json (changed=false), 0 hint file(s) written to data/families/hints/.
Wrote family manifest to data/families/family-R00449-sym-manifest.json (7 variant(s) total).
portfolio-solve-sweep: corpus=data/families/family-R00449-lm.json levels=30 (30 to solve) scheduler-mode=legacy budget=8000ms node-budget=20000000 workers=4 save-hints=true
  [1/30] L4 (F00449-lm-04) ok=✗
  [2/30] L1 (F00449-lm-01) ok=✗
  [3/30] L2 (F00449-lm-02) ok=✗
  [4/30] L3 (F00449-lm-03) ok=✗
  [5/30] L5 (F00449-lm-05) ok=✗
  [6/30] L6 (F00449-lm-06) ok=✗
  [7/30] L7 (F00449-lm-07) ok=✗
  [8/30] L8 (F00449-lm-08) ok=✗
  [9/30] L10 (F00449-lm-10) ok=✗
  [10/30] L9 (F00449-lm-09) ok=✗
  [11/30] L11 (F00449-lm-11) ok=✗
  [12/30] L12 (F00449-lm-12) ok=✗
  [13/30] L13 (F00449-lm-13) ok=✗
  [14/30] L14 (F00449-lm-14) ok=✗
  [15/30] L15 (F00449-lm-15) ok=✗
  [16/30] L16 (F00449-lm-16) ok=✗
  [17/30] L17 (F00449-lm-17) ok=✗
  [18/30] L18 (F00449-lm-18) ok=✗
  [19/30] L19 (F00449-lm-19) ok=✗
  [20/30] L20 (F00449-lm-20) ok=✗
  (lm solve failed/timed out for R00449)
portfolio-solve-sweep: corpus=data/families/family-R00449-sym.json levels=7 (7 to solve) scheduler-mode=legacy budget=8000ms node-budget=20000000 workers=4 save-hints=true
  [1/7] L1 (F00449-sym-01) ok=✗
  [2/7] L3 (F00449-sym-03) ok=✗
  [3/7] L2 (F00449-sym-02) ok=✗
  [4/7] L4 (F00449-sym-04) ok=✗
  [5/7] L7 (F00449-sym-07) ok=✗
  [6/7] L6 (F00449-sym-06) ok=✗
  [7/7] L5 (F00449-sym-05) ok=✗
Hints: appended to 0 level(s); 0 hint file(s) changed on disk.
Result: solved=0/7, solvedBeforeFallback=0, fallbackOnly=0, unsolved=7
Wrote logs/family-census/solve-R00449-sym.json
Wrote logs/family-census/solve-R00449-sym-summary.md
[03:36:38] DONE R00449
[03:36:38] START R00592
Parent R00592: witness hint[0] (len 133, 4 jump(s)), 42 movable object instance(s) under strict inventory.
Found 15 existing sibling(s) at data/families/family-R00592-lm.json — this run will add to them, not replace them.
  attempt 1: rejected — degenerate duplicate of parent or another accepted variant
  attempt 2: rejected — degenerate duplicate of parent or another accepted variant
  attempt 3: rejected — degenerate duplicate of parent or another accepted variant
  attempt 4: rejected — degenerate duplicate of parent or another accepted variant
  attempt 5: rejected — degenerate duplicate of parent or another accepted variant
  attempt 6: rejected — degenerate duplicate of parent or another accepted variant
  attempt 7: rejected — degenerate duplicate of parent or another accepted variant
  attempt 8: rejected — degenerate duplicate of parent or another accepted variant
  attempt 9: rejected — degenerate duplicate of parent or another accepted variant
  attempt 10: rejected — degenerate duplicate of parent or another accepted variant
  attempt 11: rejected — degenerate duplicate of parent or another accepted variant
  attempt 12: rejected — degenerate duplicate of parent or another accepted variant
  attempt 13: rejected — degenerate duplicate of parent or another accepted variant
  attempt 14: rejected — degenerate duplicate of parent or another accepted variant
  attempt 15: rejected — degenerate duplicate of parent or another accepted variant
  attempt 16: accepted F00592-lm-16 — moved blocks (11,14) -> (14,1)
  attempt 17: accepted F00592-lm-17 — moved mustPass (9,14) -> (9,2)
  attempt 18: accepted F00592-lm-18 — moved blocks (13,10) -> (10,9)
  attempt 19: accepted F00592-lm-19 — moved market (0,3) -> (13,8)
  attempt 20: accepted F00592-lm-20 — moved lamppost (2,1) -> (3,12)
  attempt 21: accepted F00592-lm-21 — moved park (0,1) -> (2,7)
  attempt 22: accepted F00592-lm-22 — moved blocks (4,5) -> (14,1)
  attempt 23: accepted F00592-lm-23 — moved blocks (13,14) -> (10,11)
  attempt 24: accepted F00592-lm-24 — moved flippingFilters (11,13) -> (2,13)
  attempt 25: accepted F00592-lm-25 — moved blocks (7,3) -> (12,12)
  attempt 26: accepted F00592-lm-26 — moved blocks (0,13) -> (10,10)
  attempt 27: accepted F00592-lm-27 — moved blocks (2,14) -> (9,10)
  attempt 28: accepted F00592-lm-28 — moved blocks (4,5) -> (14,9)
  attempt 29: accepted F00592-lm-29 — moved flippingFilters (14,8) -> (12,1)
  attempt 30: accepted F00592-lm-30 — moved blocks (4,5) -> (12,4)

15/15 new local-mutant sibling(s) generated for R00592 in 30 attempt(s) (budget 600); 30 total in data/families/family-R00592-lm.json.
Wrote 30 level(s) total to data/families/family-R00592-lm.json (changed=true), 15 hint file(s) written to data/families/hints/.
Wrote family manifest to data/families/family-R00592-lm-manifest.json (30 variant(s) total).
Parent R00592: witness hint[0] (len 133, 4 jump(s)), 42 movable object instance(s) under strict inventory.
Found 7 existing sibling(s) at data/families/family-R00592-sym.json — this run will add to them, not replace them.
  attempt 1: rejected — degenerate duplicate of parent or another accepted variant
  attempt 2: rejected — degenerate duplicate of parent or another accepted variant
  attempt 3: rejected — degenerate duplicate of parent or another accepted variant
  attempt 4: rejected — degenerate duplicate of parent or another accepted variant
  attempt 5: rejected — degenerate duplicate of parent or another accepted variant
  attempt 6: rejected — degenerate duplicate of parent or another accepted variant
  attempt 7: rejected — degenerate duplicate of parent or another accepted variant

0/7 new symmetry sibling(s) generated for R00592 in 7 attempt(s) (budget 7); 7 total in data/families/family-R00592-sym.json.
family capacity: 0 accepted this run — every movable instance had zero legal alternative placement, or every attempt degenerated to an already-seen fingerprint. See per-attempt log above.
Wrote 7 level(s) total to data/families/family-R00592-sym.json (changed=false), 0 hint file(s) written to data/families/hints/.
Wrote family manifest to data/families/family-R00592-sym-manifest.json (7 variant(s) total).
portfolio-solve-sweep: corpus=data/families/family-R00592-lm.json levels=30 (30 to solve) scheduler-mode=legacy budget=8000ms node-budget=20000000 workers=4 save-hints=true
  [1/30] L4 (F00592-lm-04) ok=✓ legacy [hint saved]
  [2/30] L1 (F00592-lm-01) ok=✗
  [3/30] L3 (F00592-lm-03) ok=✗
  [4/30] L2 (F00592-lm-02) ok=✗
  [5/30] L5 (F00592-lm-05) ok=✗
  [6/30] L6 (F00592-lm-06) ok=✓ legacy [hint saved]
  [7/30] L7 (F00592-lm-07) ok=✗
  [8/30] L8 (F00592-lm-08) ok=✗
  [9/30] L10 (F00592-lm-10) ok=✓ legacy [hint saved]
  [10/30] L9 (F00592-lm-09) ok=✗
  [11/30] L11 (F00592-lm-11) ok=✓ legacy [hint saved]
  [12/30] L12 (F00592-lm-12) ok=✗
  [13/30] L13 (F00592-lm-13) ok=✗
  [14/30] L14 (F00592-lm-14) ok=✗
  [15/30] L15 (F00592-lm-15) ok=✗
  [16/30] L16 (F00592-lm-16) ok=✗
  [17/30] L17 (F00592-lm-17) ok=✗
  [18/30] L20 (F00592-lm-20) ok=✓ legacy [hint saved]
  [19/30] L18 (F00592-lm-18) ok=✗
  [20/30] L19 (F00592-lm-19) ok=✗
  [21/30] L21 (F00592-lm-21) ok=✗
  [22/30] L22 (F00592-lm-22) ok=✗
  [23/30] L23 (F00592-lm-23) ok=✗
  [24/30] L24 (F00592-lm-24) ok=✗
  [25/30] L25 (F00592-lm-25) ok=✗
  [26/30] L26 (F00592-lm-26) ok=✗
  [27/30] L27 (F00592-lm-27) ok=✗
  [28/30] L28 (F00592-lm-28) ok=✗
  [29/30] L29 (F00592-lm-29) ok=✗
  [30/30] L30 (F00592-lm-30) ok=✓ legacy [hint saved]
Hints: appended to 6 level(s); 6 hint file(s) changed on disk.
Result: solved=6/30, solvedBeforeFallback=0, fallbackOnly=6, unsolved=24
Wrote logs/family-census/solve-R00592-lm.json
Wrote logs/family-census/solve-R00592-lm-summary.md
portfolio-solve-sweep: corpus=data/families/family-R00592-sym.json levels=7 (7 to solve) scheduler-mode=legacy budget=8000ms node-budget=20000000 workers=4 save-hints=true
  [1/7] L4 (F00592-sym-04) ok=✓ legacy [hint saved]
  [2/7] L2 (F00592-sym-02) ok=✓ legacy [hint saved]
  [3/7] L1 (F00592-sym-01) ok=✓ legacy [hint saved]
  [4/7] L3 (F00592-sym-03) ok=✓ legacy [hint saved]
  [5/7] L5 (F00592-sym-05) ok=✗
  [6/7] L6 (F00592-sym-06) ok=✗
  [7/7] L7 (F00592-sym-07) ok=✗
Hints: appended to 4 level(s); 4 hint file(s) changed on disk.
Result: solved=4/7, solvedBeforeFallback=0, fallbackOnly=4, unsolved=3
Wrote logs/family-census/solve-R00592-sym.json
Wrote logs/family-census/solve-R00592-sym-summary.md
[03:41:28] DONE R00592
[03:41:28] START R00726
Parent R00726: witness stressMeta.witnessSolution (len 89, 4 jump(s)), 40 movable object instance(s) under strict inventory.
Found 15 existing sibling(s) at data/families/family-R00726-lm.json — this run will add to them, not replace them.
  attempt 1: rejected — degenerate duplicate of parent or another accepted variant
  attempt 2: rejected — degenerate duplicate of parent or another accepted variant
  attempt 3: rejected — degenerate duplicate of parent or another accepted variant
  attempt 4: rejected — degenerate duplicate of parent or another accepted variant
  attempt 5: rejected — degenerate duplicate of parent or another accepted variant
  attempt 6: rejected — degenerate duplicate of parent or another accepted variant
  attempt 7: rejected — degenerate duplicate of parent or another accepted variant
  attempt 8: rejected — degenerate duplicate of parent or another accepted variant
  attempt 9: rejected — degenerate duplicate of parent or another accepted variant
  attempt 10: rejected — degenerate duplicate of parent or another accepted variant
  attempt 11: rejected — degenerate duplicate of parent or another accepted variant
  attempt 12: rejected — degenerate duplicate of parent or another accepted variant
  attempt 13: rejected — degenerate duplicate of parent or another accepted variant
  attempt 14: rejected — degenerate duplicate of parent or another accepted variant
  attempt 15: rejected — degenerate duplicate of parent or another accepted variant
  attempt 16: accepted F00726-lm-16 — moved lamppost (3,7) -> (9,9)
  attempt 17: accepted F00726-lm-17 — moved mustPass (5,6) -> (3,8)
  attempt 18: accepted F00726-lm-18 — moved lamppost (10,11) -> (6,4)
  attempt 19: accepted F00726-lm-19 — moved mustPass (6,8) -> (7,3)
  attempt 20: accepted F00726-lm-20 — moved blocks (0,4) -> (11,11)
  attempt 21: accepted F00726-lm-21 — moved lamppost (10,11) -> (5,1)
  attempt 22: accepted F00726-lm-22 — moved mustPass (5,2) -> (5,4)
  attempt 23: accepted F00726-lm-23 — moved lamppost (3,7) -> (4,7)
  attempt 24: accepted F00726-lm-24 — moved geese (11,6) -> (2,8)
  attempt 25: rejected — degenerate duplicate of parent or another accepted variant
  attempt 26: rejected — degenerate duplicate of parent or another accepted variant
  attempt 27: accepted F00726-lm-25 — moved mustPass (9,2) -> (7,6)
  attempt 28: accepted F00726-lm-26 — moved market (7,0) -> (6,6)
  attempt 29: accepted F00726-lm-27 — moved library (1,2) -> (1,4)
  attempt 30: accepted F00726-lm-28 — moved geese (3,10) -> (6,6)
  attempt 31: accepted F00726-lm-29 — moved mustPass (5,2) -> (2,5)
  attempt 32: accepted F00726-lm-30 — moved mustPass (6,8) -> (7,8)

15/15 new local-mutant sibling(s) generated for R00726 in 32 attempt(s) (budget 600); 30 total in data/families/family-R00726-lm.json.
Wrote 30 level(s) total to data/families/family-R00726-lm.json (changed=true), 15 hint file(s) written to data/families/hints/.
Wrote family manifest to data/families/family-R00726-lm-manifest.json (30 variant(s) total).
Parent R00726: witness stressMeta.witnessSolution (len 89, 4 jump(s)), 40 movable object instance(s) under strict inventory.
Found 7 existing sibling(s) at data/families/family-R00726-sym.json — this run will add to them, not replace them.
  attempt 1: rejected — degenerate duplicate of parent or another accepted variant
  attempt 2: rejected — degenerate duplicate of parent or another accepted variant
  attempt 3: rejected — degenerate duplicate of parent or another accepted variant
  attempt 4: rejected — degenerate duplicate of parent or another accepted variant
  attempt 5: rejected — degenerate duplicate of parent or another accepted variant
  attempt 6: rejected — degenerate duplicate of parent or another accepted variant
  attempt 7: rejected — degenerate duplicate of parent or another accepted variant

0/7 new symmetry sibling(s) generated for R00726 in 7 attempt(s) (budget 7); 7 total in data/families/family-R00726-sym.json.
family capacity: 0 accepted this run — every movable instance had zero legal alternative placement, or every attempt degenerated to an already-seen fingerprint. See per-attempt log above.
Wrote 7 level(s) total to data/families/family-R00726-sym.json (changed=false), 0 hint file(s) written to data/families/hints/.
Wrote family manifest to data/families/family-R00726-sym-manifest.json (7 variant(s) total).
portfolio-solve-sweep: corpus=data/families/family-R00726-lm.json levels=30 (30 to solve) scheduler-mode=legacy budget=8000ms node-budget=20000000 workers=4 save-hints=true
  [1/30] L1 (F00726-lm-01) ok=✗
  [2/30] L3 (F00726-lm-03) ok=✗
  [3/30] L2 (F00726-lm-02) ok=✗
  [4/30] L4 (F00726-lm-04) ok=✗
  [5/30] L5 (F00726-lm-05) ok=✗
  [6/30] L7 (F00726-lm-07) ok=✗
  [7/30] L6 (F00726-lm-06) ok=✗
  [8/30] L8 (F00726-lm-08) ok=✗
  [9/30] L11 (F00726-lm-11) ok=✗
  [10/30] L9 (F00726-lm-09) ok=✗
  [11/30] L10 (F00726-lm-10) ok=✗
  [12/30] L12 (F00726-lm-12) ok=✗
  [13/30] L13 (F00726-lm-13) ok=✗
  [14/30] L16 (F00726-lm-16) ok=✗
  [15/30] L15 (F00726-lm-15) ok=✗
  [16/30] L14 (F00726-lm-14) ok=✗
  [17/30] L17 (F00726-lm-17) ok=✗
  [18/30] L18 (F00726-lm-18) ok=✗
  [19/30] L20 (F00726-lm-20) ok=✗
  [20/30] L19 (F00726-lm-19) ok=✗
  [21/30] L21 (F00726-lm-21) ok=✗
  [22/30] L22 (F00726-lm-22) ok=✗
  [23/30] L24 (F00726-lm-24) ok=✗
  [24/30] L23 (F00726-lm-23) ok=✗
  [25/30] L25 (F00726-lm-25) ok=✗
  [26/30] L26 (F00726-lm-26) ok=✗
  [27/30] L27 (F00726-lm-27) ok=✗
  [28/30] L28 (F00726-lm-28) ok=✗
  [29/30] L30 (F00726-lm-30) ok=✗
  [30/30] L29 (F00726-lm-29) ok=✗
Hints: appended to 0 level(s); 0 hint file(s) changed on disk.
Result: solved=0/30, solvedBeforeFallback=0, fallbackOnly=0, unsolved=30
Wrote logs/family-census/solve-R00726-lm.json
Wrote logs/family-census/solve-R00726-lm-summary.md
portfolio-solve-sweep: corpus=data/families/family-R00726-sym.json levels=7 (7 to solve) scheduler-mode=legacy budget=8000ms node-budget=20000000 workers=4 save-hints=true
  [1/7] L4 (F00726-sym-04) ok=✗
  [2/7] L3 (F00726-sym-03) ok=✗
  [3/7] L1 (F00726-sym-01) ok=✗
  [4/7] L2 (F00726-sym-02) ok=✗
  [5/7] L7 (F00726-sym-07) ok=✗
  [6/7] L6 (F00726-sym-06) ok=✗
  [7/7] L5 (F00726-sym-05) ok=✗
Hints: appended to 0 level(s); 0 hint file(s) changed on disk.
Result: solved=0/7, solvedBeforeFallback=0, fallbackOnly=0, unsolved=7
Wrote logs/family-census/solve-R00726-sym.json
Wrote logs/family-census/solve-R00726-sym-summary.md
[03:52:31] DONE R00726
[03:52:31] START R00963
Parent R00963: witness stressMeta.witnessSolution (len 121, 6 jump(s)), 72 movable object instance(s) under strict inventory.
Found 15 existing sibling(s) at data/families/family-R00963-lm.json — this run will add to them, not replace them.
  attempt 1: rejected — degenerate duplicate of parent or another accepted variant
  attempt 2: rejected — degenerate duplicate of parent or another accepted variant
  attempt 3: rejected — degenerate duplicate of parent or another accepted variant
  attempt 4: rejected — degenerate duplicate of parent or another accepted variant
  attempt 5: rejected — degenerate duplicate of parent or another accepted variant
  attempt 6: rejected — degenerate duplicate of parent or another accepted variant
  attempt 7: rejected — degenerate duplicate of parent or another accepted variant
  attempt 8: rejected — degenerate duplicate of parent or another accepted variant
  attempt 9: rejected — degenerate duplicate of parent or another accepted variant
  attempt 10: rejected — degenerate duplicate of parent or another accepted variant
  attempt 11: rejected — degenerate duplicate of parent or another accepted variant
  attempt 12: rejected — degenerate duplicate of parent or another accepted variant
  attempt 13: rejected — degenerate duplicate of parent or another accepted variant
  attempt 14: rejected — degenerate duplicate of parent or another accepted variant
  attempt 15: rejected — degenerate duplicate of parent or another accepted variant
  attempt 16: accepted F00963-lm-16 — moved library (7,12) -> (5,11)
  attempt 17: accepted F00963-lm-17 — moved blocks (0,9) -> (13,4)
  attempt 18: accepted F00963-lm-18 — moved mustPass (7,8) -> (12,3)
  attempt 19: accepted F00963-lm-19 — moved blocks (6,3) -> (13,0)
  attempt 20: accepted F00963-lm-20 — moved blocks (4,13) -> (6,7)
  attempt 21: accepted F00963-lm-21 — moved blocks (14,0) -> (13,4)
  attempt 22: accepted F00963-lm-22 — moved park (4,12) -> (9,9)
  attempt 23: accepted F00963-lm-23 — moved mustPass (0,12) -> (8,5)
  attempt 24: accepted F00963-lm-24 — moved falseGoals (0,6) -> (14,5)
  attempt 25: accepted F00963-lm-25 — moved falseGoals (14,6) -> (12,7)
  attempt 26: accepted F00963-lm-26 — moved fountain (8,12) -> (10,5)
  attempt 27: accepted F00963-lm-27 — moved blocks (14,0) -> (14,9)
  attempt 28: accepted F00963-lm-28 — moved blocks (5,8) -> (10,1)
  attempt 29: accepted F00963-lm-29 — moved blocks (5,3) -> (12,10)
  attempt 30: accepted F00963-lm-30 — moved blocks (6,0) -> (13,0)

15/15 new local-mutant sibling(s) generated for R00963 in 30 attempt(s) (budget 600); 30 total in data/families/family-R00963-lm.json.
Wrote 30 level(s) total to data/families/family-R00963-lm.json (changed=true), 15 hint file(s) written to data/families/hints/.
Wrote family manifest to data/families/family-R00963-lm-manifest.json (30 variant(s) total).
Parent R00963: witness stressMeta.witnessSolution (len 121, 6 jump(s)), 72 movable object instance(s) under strict inventory.
Found 7 existing sibling(s) at data/families/family-R00963-sym.json — this run will add to them, not replace them.
  attempt 1: rejected — degenerate duplicate of parent or another accepted variant
  attempt 2: rejected — degenerate duplicate of parent or another accepted variant
  attempt 3: rejected — degenerate duplicate of parent or another accepted variant
  attempt 4: rejected — degenerate duplicate of parent or another accepted variant
  attempt 5: rejected — degenerate duplicate of parent or another accepted variant
  attempt 6: rejected — degenerate duplicate of parent or another accepted variant
  attempt 7: rejected — degenerate duplicate of parent or another accepted variant

0/7 new symmetry sibling(s) generated for R00963 in 7 attempt(s) (budget 7); 7 total in data/families/family-R00963-sym.json.
family capacity: 0 accepted this run — every movable instance had zero legal alternative placement, or every attempt degenerated to an already-seen fingerprint. See per-attempt log above.
Wrote 7 level(s) total to data/families/family-R00963-sym.json (changed=false), 0 hint file(s) written to data/families/hints/.
Wrote family manifest to data/families/family-R00963-sym-manifest.json (7 variant(s) total).
portfolio-solve-sweep: corpus=data/families/family-R00963-lm.json levels=30 (30 to solve) scheduler-mode=legacy budget=8000ms node-budget=20000000 workers=4 save-hints=true
  [1/30] L2 (F00963-lm-02) ok=✗
  [2/30] L3 (F00963-lm-03) ok=✗
  [3/30] L1 (F00963-lm-01) ok=✗
  [4/30] L4 (F00963-lm-04) ok=✗
  [5/30] L6 (F00963-lm-06) ok=✗
  [6/30] L7 (F00963-lm-07) ok=✗
  [7/30] L8 (F00963-lm-08) ok=✗
  [8/30] L5 (F00963-lm-05) ok=✗
  [9/30] L9 (F00963-lm-09) ok=✗
  [10/30] L10 (F00963-lm-10) ok=✗
  [11/30] L11 (F00963-lm-11) ok=✗
  [12/30] L12 (F00963-lm-12) ok=✗
  [13/30] L13 (F00963-lm-13) ok=✗
  [14/30] L14 (F00963-lm-14) ok=✗
  [15/30] L16 (F00963-lm-16) ok=✗
  [16/30] L15 (F00963-lm-15) ok=✗
  [17/30] L17 (F00963-lm-17) ok=✗
  [18/30] L18 (F00963-lm-18) ok=✗
  [19/30] L20 (F00963-lm-20) ok=✗
  [20/30] L19 (F00963-lm-19) ok=✗
  [21/30] L21 (F00963-lm-21) ok=✗
  [22/30] L22 (F00963-lm-22) ok=✗
  [23/30] L23 (F00963-lm-23) ok=✗
  [24/30] L24 (F00963-lm-24) ok=✗
  (lm solve failed/timed out for R00963)
portfolio-solve-sweep: corpus=data/families/family-R00963-sym.json levels=7 (7 to solve) scheduler-mode=legacy budget=8000ms node-budget=20000000 workers=4 save-hints=true
  [1/7] L2 (F00963-sym-02) ok=✗
  [2/7] L4 (F00963-sym-04) ok=✗
  [3/7] L3 (F00963-sym-03) ok=✗
  [4/7] L1 (F00963-sym-01) ok=✗
  [5/7] L6 (F00963-sym-06) ok=✗
  [6/7] L5 (F00963-sym-05) ok=✗
  [7/7] L7 (F00963-sym-07) ok=✗
Hints: appended to 0 level(s); 0 hint file(s) changed on disk.
Result: solved=0/7, solvedBeforeFallback=0, fallbackOnly=0, unsolved=7
Wrote logs/family-census/solve-R00963-sym.json
Wrote logs/family-census/solve-R00963-sym-summary.md
[04:05:17] DONE R00963
[04:05:17] START R01151
Parent R01151: witness hint[0] (len 133, 0 jump(s)), 53 movable object instance(s) under strict inventory.
Found 15 existing sibling(s) at data/families/family-R01151-lm.json — this run will add to them, not replace them.
  attempt 1: rejected — degenerate duplicate of parent or another accepted variant
  attempt 2: rejected — degenerate duplicate of parent or another accepted variant
  attempt 3: rejected — degenerate duplicate of parent or another accepted variant
  attempt 4: rejected — degenerate duplicate of parent or another accepted variant
  attempt 5: rejected — degenerate duplicate of parent or another accepted variant
  attempt 6: rejected — degenerate duplicate of parent or another accepted variant
  attempt 7: rejected — degenerate duplicate of parent or another accepted variant
  attempt 8: rejected — degenerate duplicate of parent or another accepted variant
  attempt 9: rejected — degenerate duplicate of parent or another accepted variant
  attempt 10: rejected — degenerate duplicate of parent or another accepted variant
  attempt 11: rejected — degenerate duplicate of parent or another accepted variant
  attempt 12: rejected — degenerate duplicate of parent or another accepted variant
  attempt 13: rejected — degenerate duplicate of parent or another accepted variant
  attempt 14: rejected — degenerate duplicate of parent or another accepted variant
  attempt 15: rejected — degenerate duplicate of parent or another accepted variant
  attempt 16: rejected — degenerate duplicate of parent or another accepted variant
  attempt 17: accepted F01151-lm-16 — moved statue (2,12) -> (10,13)
  attempt 18: accepted F01151-lm-17 — moved mustPass (7,10) -> (11,4)
  attempt 19: accepted F01151-lm-18 — moved blocks (10,10) -> (4,4)
  attempt 20: accepted F01151-lm-19 — moved park (1,4) -> (7,12)
  attempt 21: accepted F01151-lm-20 — moved blocks (3,11) -> (0,0)
  attempt 22: rejected — degenerate duplicate of parent or another accepted variant
  attempt 23: accepted F01151-lm-21 — moved mustPass (3,5) -> (7,3)
  attempt 24: accepted F01151-lm-22 — moved fountain (12,10) -> (10,0)
  attempt 25: accepted F01151-lm-23 — moved blocks (6,9) -> (12,9)
  attempt 26: accepted F01151-lm-24 — moved blocks (13,0) -> (5,7)
  attempt 27: accepted F01151-lm-25 — moved mustPass (10,4) -> (1,5)
  attempt 28: accepted F01151-lm-26 — moved statue (9,13) -> (13,12)
  attempt 29: accepted F01151-lm-27 — moved statue (2,12) -> (1,12)
  attempt 30: accepted F01151-lm-28 — moved statue (4,9) -> (11,12)
  attempt 31: accepted F01151-lm-29 — moved blocks (1,1) -> (0,0)
  attempt 32: accepted F01151-lm-30 — moved library (6,5) -> (13,13)

15/15 new local-mutant sibling(s) generated for R01151 in 32 attempt(s) (budget 600); 30 total in data/families/family-R01151-lm.json.
Wrote 30 level(s) total to data/families/family-R01151-lm.json (changed=true), 15 hint file(s) written to data/families/hints/.
Wrote family manifest to data/families/family-R01151-lm-manifest.json (30 variant(s) total).
Parent R01151: witness hint[0] (len 133, 0 jump(s)), 53 movable object instance(s) under strict inventory.
Found 7 existing sibling(s) at data/families/family-R01151-sym.json — this run will add to them, not replace them.
  attempt 1: rejected — degenerate duplicate of parent or another accepted variant
  attempt 2: rejected — degenerate duplicate of parent or another accepted variant
  attempt 3: rejected — degenerate duplicate of parent or another accepted variant
  attempt 4: rejected — degenerate duplicate of parent or another accepted variant
  attempt 5: rejected — degenerate duplicate of parent or another accepted variant
  attempt 6: rejected — degenerate duplicate of parent or another accepted variant
  attempt 7: rejected — degenerate duplicate of parent or another accepted variant

0/7 new symmetry sibling(s) generated for R01151 in 7 attempt(s) (budget 7); 7 total in data/families/family-R01151-sym.json.
family capacity: 0 accepted this run — every movable instance had zero legal alternative placement, or every attempt degenerated to an already-seen fingerprint. See per-attempt log above.
Wrote 7 level(s) total to data/families/family-R01151-sym.json (changed=false), 0 hint file(s) written to data/families/hints/.
Wrote family manifest to data/families/family-R01151-sym-manifest.json (7 variant(s) total).
portfolio-solve-sweep: corpus=data/families/family-R01151-lm.json levels=30 (30 to solve) scheduler-mode=legacy budget=8000ms node-budget=20000000 workers=4 save-hints=true
  [1/30] L2 (F01151-lm-02) ok=✗
  [2/30] L1 (F01151-lm-01) ok=✗
  [3/30] L3 (F01151-lm-03) ok=✗
  [4/30] L4 (F01151-lm-04) ok=✗
  [5/30] L6 (F01151-lm-06) ok=✗
  [6/30] L5 (F01151-lm-05) ok=✗
  [7/30] L8 (F01151-lm-08) ok=✗
  [8/30] L7 (F01151-lm-07) ok=✗
  [9/30] L11 (F01151-lm-11) ok=✓ legacy [hint saved]
