[03:14:19] START R00139
Parent R00139: witness stressMeta.witnessSolution (len 117, 7 jump(s)), 29 movable object instance(s) under strict inventory.
Found 15 existing sibling(s) at data/families/family-R00139-lm.json — this run will add to them, not replace them.
  attempt 1: rejected — degenerate duplicate of parent or another accepted variant
  attempt 2: rejected — degenerate duplicate of parent or another accepted variant
  attempt 3: rejected — degenerate duplicate of parent or another accepted variant
  attempt 4: rejected — degenerate duplicate of parent or another accepted variant
  attempt 5: rejected — degenerate duplicate of parent or another accepted variant
  attempt 6: rejected — degenerate duplicate of parent or another accepted variant
  attempt 7: rejected — degenerate duplicate of parent or another accepted variant
  attempt 8: rejected — degenerate duplicate of parent or another accepted variant
  attempt 9: rejected — degenerate duplicate of parent or another accepted variant
  attempt 10: rejected — degenerate duplicate of parent or another accepted variant
  attempt 11: rejected — degenerate duplicate of parent or another accepted variant
  attempt 12: rejected — degenerate duplicate of parent or another accepted variant
  attempt 13: rejected — degenerate duplicate of parent or another accepted variant
  attempt 14: rejected — degenerate duplicate of parent or another accepted variant
  attempt 15: rejected — degenerate duplicate of parent or another accepted variant
  attempt 16: rejected — degenerate duplicate of parent or another accepted variant
  attempt 17: accepted F00139-lm-16 — moved geese (8,0) -> (4,13)
  attempt 18: accepted F00139-lm-17 — moved mustCross (9,5) -> (3,5)
  attempt 19: accepted F00139-lm-18 — moved library (2,0) -> (2,13)
  attempt 20: accepted F00139-lm-19 — moved library (2,0) -> (12,4)
  attempt 21: rejected — degenerate duplicate of parent or another accepted variant
  attempt 22: accepted F00139-lm-20 — moved park (4,1) -> (3,11)
  attempt 23: accepted F00139-lm-21 — moved geese (11,0) -> (2,7)
  attempt 24: rejected — degenerate duplicate of parent or another accepted variant
  attempt 25: rejected — degenerate duplicate of parent or another accepted variant
  attempt 26: rejected — degenerate duplicate of parent or another accepted variant
  attempt 27: rejected — degenerate duplicate of parent or another accepted variant
  attempt 28: accepted F00139-lm-22 — moved geese (2,2) -> (5,2)
  attempt 29: accepted F00139-lm-23 — moved market (12,11) -> (5,1)
  attempt 30: accepted F00139-lm-24 — moved market (12,11) -> (5,4)
  attempt 31: accepted F00139-lm-25 — moved library (3,0) -> (7,9)
  attempt 32: accepted F00139-lm-26 — moved geese (11,0) -> (6,1)
  attempt 33: accepted F00139-lm-27 — moved library (2,10) -> (4,0)
  attempt 34: rejected — degenerate duplicate of parent or another accepted variant
  attempt 35: accepted F00139-lm-28 — moved mustCross (11,7) -> (3,5)
  attempt 36: rejected — degenerate duplicate of parent or another accepted variant
  attempt 37: accepted F00139-lm-29 — moved statue (1,4) -> (11,13)
  attempt 38: rejected — degenerate duplicate of parent or another accepted variant
  attempt 39: accepted F00139-lm-30 — moved market (12,11) -> (5,11)

15/15 new local-mutant sibling(s) generated for R00139 in 39 attempt(s) (budget 600); 30 total in data/families/family-R00139-lm.json.
Wrote 30 level(s) total to data/families/family-R00139-lm.json (changed=true), 15 hint file(s) written to data/families/hints/.
Wrote family manifest to data/families/family-R00139-lm-manifest.json (30 variant(s) total).
Parent R00139: witness stressMeta.witnessSolution (len 117, 7 jump(s)), 29 movable object instance(s) under strict inventory.
Found 7 existing sibling(s) at data/families/family-R00139-sym.json — this run will add to them, not replace them.
  attempt 1: rejected — degenerate duplicate of parent or another accepted variant
  attempt 2: rejected — degenerate duplicate of parent or another accepted variant
  attempt 3: rejected — degenerate duplicate of parent or another accepted variant
  attempt 4: rejected — degenerate duplicate of parent or another accepted variant
  attempt 5: rejected — degenerate duplicate of parent or another accepted variant
  attempt 6: rejected — degenerate duplicate of parent or another accepted variant
  attempt 7: rejected — degenerate duplicate of parent or another accepted variant

0/7 new symmetry sibling(s) generated for R00139 in 7 attempt(s) (budget 7); 7 total in data/families/family-R00139-sym.json.
family capacity: 0 accepted this run — every movable instance had zero legal alternative placement, or every attempt degenerated to an already-seen fingerprint. See per-attempt log above.
Wrote 7 level(s) total to data/families/family-R00139-sym.json (changed=false), 0 hint file(s) written to data/families/hints/.
Wrote family manifest to data/families/family-R00139-sym-manifest.json (7 variant(s) total).
portfolio-solve-sweep: corpus=data/families/family-R00139-lm.json levels=30 (30 to solve) scheduler-mode=legacy budget=8000ms node-budget=20000000 workers=4 save-hints=true
  [1/30] L1 (F00139-lm-01) ok=✗
  [2/30] L2 (F00139-lm-02) ok=✗
  [3/30] L4 (F00139-lm-04) ok=✗
  [4/30] L3 (F00139-lm-03) ok=✗
  [5/30] L5 (F00139-lm-05) ok=✗
  [6/30] L6 (F00139-lm-06) ok=✗
  [7/30] L8 (F00139-lm-08) ok=✗
  [8/30] L7 (F00139-lm-07) ok=✗
  [9/30] L9 (F00139-lm-09) ok=✗
  [10/30] L11 (F00139-lm-11) ok=✗
  [11/30] L12 (F00139-lm-12) ok=✗
  [12/30] L10 (F00139-lm-10) ok=✗
  [13/30] L13 (F00139-lm-13) ok=✗
  [14/30] L14 (F00139-lm-14) ok=✗
  [15/30] L16 (F00139-lm-16) ok=✗
  [16/30] L15 (F00139-lm-15) ok=✗
  [17/30] L18 (F00139-lm-18) ok=✗
  [18/30] L17 (F00139-lm-17) ok=✗
  [19/30] L19 (F00139-lm-19) ok=✗
  [20/30] L20 (F00139-lm-20) ok=✗
  [21/30] L21 (F00139-lm-21) ok=✗
  [22/30] L22 (F00139-lm-22) ok=✗
  [23/30] L23 (F00139-lm-23) ok=✗
  [24/30] L24 (F00139-lm-24) ok=✗
  (lm solve failed/timed out for R00139)
portfolio-solve-sweep: corpus=data/families/family-R00139-sym.json levels=7 (7 to solve) scheduler-mode=legacy budget=8000ms node-budget=20000000 workers=4 save-hints=true
  [1/7] L1 (F00139-sym-01) ok=✗
  [2/7] L4 (F00139-sym-04) ok=✗
  [3/7] L2 (F00139-sym-02) ok=✗
  [4/7] L3 (F00139-sym-03) ok=✗
  [5/7] L5 (F00139-sym-05) ok=✗
  [6/7] L6 (F00139-sym-06) ok=✗
  [7/7] L7 (F00139-sym-07) ok=✗
Hints: appended to 0 level(s); 0 hint file(s) changed on disk.
Result: solved=0/7, solvedBeforeFallback=0, fallbackOnly=0, unsolved=7
Wrote logs/family-census/solve-R00139-sym.json
Wrote logs/family-census/solve-R00139-sym-summary.md
[03:27:05] DONE R00139
[03:27:05] START R00373
Parent R00373: witness stressMeta.witnessSolution (len 94, 4 jump(s)), 33 movable object instance(s) under strict inventory.
Found 15 existing sibling(s) at data/families/family-R00373-lm.json — this run will add to them, not replace them.
  attempt 1: rejected — degenerate duplicate of parent or another accepted variant
  attempt 2: rejected — degenerate duplicate of parent or another accepted variant
  attempt 3: rejected — degenerate duplicate of parent or another accepted variant
  attempt 4: rejected — degenerate duplicate of parent or another accepted variant
  attempt 5: rejected — degenerate duplicate of parent or another accepted variant
  attempt 6: rejected — degenerate duplicate of parent or another accepted variant
  attempt 7: rejected — degenerate duplicate of parent or another accepted variant
  attempt 8: rejected — degenerate duplicate of parent or another accepted variant
  attempt 9: rejected — degenerate duplicate of parent or another accepted variant
  attempt 10: rejected — degenerate duplicate of parent or another accepted variant
  attempt 11: rejected — degenerate duplicate of parent or another accepted variant
  attempt 12: rejected — degenerate duplicate of parent or another accepted variant
  attempt 13: rejected — degenerate duplicate of parent or another accepted variant
  attempt 14: rejected — degenerate duplicate of parent or another accepted variant
  attempt 15: rejected — degenerate duplicate of parent or another accepted variant
  attempt 16: accepted F00373-lm-16 — moved geese (10,9) -> (11,9)
  attempt 17: accepted F00373-lm-17 — moved geese (0,2) -> (0,1)
  attempt 18: accepted F00373-lm-18 — moved geese (5,7) -> (0,3)
  attempt 19: accepted F00373-lm-19 — moved flippingFilters (4,12) -> (2,10)
  attempt 20: accepted F00373-lm-20 — moved flippingFilters (4,7) -> (3,8)
  attempt 21: accepted F00373-lm-21 — moved geese (6,12) -> (3,4)
  attempt 22: accepted F00373-lm-22 — moved geese (12,12) -> (4,11)
  attempt 23: accepted F00373-lm-23 — moved blocks (3,10) -> (12,5)
  attempt 24: accepted F00373-lm-24 — moved library (6,10) -> (8,6)
  attempt 25: accepted F00373-lm-25 — moved blocks (5,11) -> (2,12)
  attempt 26: accepted F00373-lm-26 — moved blocks (10,7) -> (11,9)
  attempt 27: accepted F00373-lm-27 — moved flippingFilters (4,12) -> (10,1)
  attempt 28: accepted F00373-lm-28 — moved geese (12,12) -> (0,10)
  attempt 29: accepted F00373-lm-29 — moved flippingFilters (4,12) -> (8,6)
  attempt 30: accepted F00373-lm-30 — moved blocks (8,7) -> (0,11)

15/15 new local-mutant sibling(s) generated for R00373 in 30 attempt(s) (budget 600); 30 total in data/families/family-R00373-lm.json.
Wrote 30 level(s) total to data/families/family-R00373-lm.json (changed=true), 15 hint file(s) written to data/families/hints/.
Wrote family manifest to data/families/family-R00373-lm-manifest.json (30 variant(s) total).
Parent R00373: witness stressMeta.witnessSolution (len 94, 4 jump(s)), 33 movable object instance(s) under strict inventory.
Found 7 existing sibling(s) at data/families/family-R00373-sym.json — this run will add to them, not replace them.
  attempt 1: rejected — degenerate duplicate of parent or another accepted variant
  attempt 2: rejected — degenerate duplicate of parent or another accepted variant
  attempt 3: rejected — degenerate duplicate of parent or another accepted variant
  attempt 4: rejected — degenerate duplicate of parent or another accepted variant
  attempt 5: rejected — degenerate duplicate of parent or another accepted variant
  attempt 6: rejected — degenerate duplicate of parent or another accepted variant
  attempt 7: rejected — degenerate duplicate of parent or another accepted variant

0/7 new symmetry sibling(s) generated for R00373 in 7 attempt(s) (budget 7); 7 total in data/families/family-R00373-sym.json.
family capacity: 0 accepted this run — every movable instance had zero legal alternative placement, or every attempt degenerated to an already-seen fingerprint. See per-attempt log above.
Wrote 7 level(s) total to data/families/family-R00373-sym.json (changed=false), 0 hint file(s) written to data/families/hints/.
Wrote family manifest to data/families/family-R00373-sym-manifest.json (7 variant(s) total).
portfolio-solve-sweep: corpus=data/families/family-R00373-lm.json levels=30 (30 to solve) scheduler-mode=legacy budget=8000ms node-budget=20000000 workers=4 save-hints=true
  [1/30] L2 (F00373-lm-02) ok=✗
  [2/30] L1 (F00373-lm-01) ok=✗
  [3/30] L3 (F00373-lm-03) ok=✗
  [4/30] L4 (F00373-lm-04) ok=✗
  [5/30] L7 (F00373-lm-07) ok=✓ legacy [hint saved]
  [6/30] L9 (F00373-lm-09) ok=✓ legacy [hint saved]
  [7/30] L6 (F00373-lm-06) ok=✗
  [8/30] L5 (F00373-lm-05) ok=✗
  [9/30] L8 (F00373-lm-08) ok=✓ legacy [hint saved]
  [10/30] L10 (F00373-lm-10) ok=✗
  [11/30] L11 (F00373-lm-11) ok=✗
  [12/30] L12 (F00373-lm-12) ok=✗
  [13/30] L13 (F00373-lm-13) ok=✗
  [14/30] L14 (F00373-lm-14) ok=✗
  [15/30] L15 (F00373-lm-15) ok=✗
  [16/30] L18 (F00373-lm-18) ok=✓ legacy [hint saved]
  [17/30] L16 (F00373-lm-16) ok=✗
  [18/30] L17 (F00373-lm-17) ok=✗
  [19/30] L20 (F00373-lm-20) ok=✓ legacy [hint saved]
  [20/30] L19 (F00373-lm-19) ok=✗
  [21/30] L22 (F00373-lm-22) ok=✗
  [22/30] L21 (F00373-lm-21) ok=✗
  [23/30] L23 (F00373-lm-23) ok=✗
  [24/30] L24 (F00373-lm-24) ok=✗
  [25/30] L26 (F00373-lm-26) ok=✗
  [26/30] L25 (F00373-lm-25) ok=✗
  [27/30] L27 (F00373-lm-27) ok=✓ legacy [hint saved]
  [28/30] L28 (F00373-lm-28) ok=✗
  [29/30] L29 (F00373-lm-29) ok=✗
  [30/30] L30 (F00373-lm-30) ok=✗
Hints: appended to 6 level(s); 6 hint file(s) changed on disk.
Result: solved=6/30, solvedBeforeFallback=0, fallbackOnly=6, unsolved=24
Wrote logs/family-census/solve-R00373-lm.json
Wrote logs/family-census/solve-R00373-lm-summary.md
portfolio-solve-sweep: corpus=data/families/family-R00373-sym.json levels=7 (7 to solve) scheduler-mode=legacy budget=8000ms node-budget=20000000 workers=4 save-hints=true
  [1/7] L4 (F00373-sym-04) ok=✗
  [2/7] L1 (F00373-sym-01) ok=✗
  [3/7] L2 (F00373-sym-02) ok=✗
  [4/7] L3 (F00373-sym-03) ok=✗
  [5/7] L7 (F00373-sym-07) ok=✗
  [6/7] L6 (F00373-sym-06) ok=✗
  [7/7] L5 (F00373-sym-05) ok=✗
Hints: appended to 0 level(s); 0 hint file(s) changed on disk.
Result: solved=0/7, solvedBeforeFallback=0, fallbackOnly=0, unsolved=7
Wrote logs/family-census/solve-R00373-sym.json
Wrote logs/family-census/solve-R00373-sym-summary.md
[03:31:21] DONE R00373
[03:31:21] START R00555
Parent R00555: witness stressMeta.witnessSolution (len 134, 0 jump(s)), 54 movable object instance(s) under strict inventory.
Found 15 existing sibling(s) at data/families/family-R00555-lm.json — this run will add to them, not replace them.
  attempt 1: rejected — degenerate duplicate of parent or another accepted variant
  attempt 2: rejected — degenerate duplicate of parent or another accepted variant
  attempt 3: rejected — degenerate duplicate of parent or another accepted variant
  attempt 4: rejected — degenerate duplicate of parent or another accepted variant
  attempt 5: rejected — degenerate duplicate of parent or another accepted variant
  attempt 6: rejected — degenerate duplicate of parent or another accepted variant
  attempt 7: rejected — degenerate duplicate of parent or another accepted variant
  attempt 8: rejected — degenerate duplicate of parent or another accepted variant
  attempt 9: rejected — degenerate duplicate of parent or another accepted variant
  attempt 10: rejected — degenerate duplicate of parent or another accepted variant
  attempt 11: rejected — degenerate duplicate of parent or another accepted variant
  attempt 12: rejected — degenerate duplicate of parent or another accepted variant
  attempt 13: rejected — degenerate duplicate of parent or another accepted variant
  attempt 14: rejected — degenerate duplicate of parent or another accepted variant
  attempt 15: rejected — degenerate duplicate of parent or another accepted variant
  attempt 16: accepted F00555-lm-16 — moved blocks (11,6) -> (13,13)
  attempt 17: accepted F00555-lm-17 — moved fountain (4,2) -> (11,12)
  attempt 18: accepted F00555-lm-18 — moved blocks (12,6) -> (1,13)
  attempt 19: accepted F00555-lm-19 — moved lamppost (10,0) -> (1,5)
  attempt 20: accepted F00555-lm-20 — moved mustCross (8,11) -> (6,2)
  attempt 21: accepted F00555-lm-21 — moved market (5,6) -> (11,3)
  attempt 22: accepted F00555-lm-22 — moved flippingFilters (8,8) -> (0,7)
  attempt 23: accepted F00555-lm-23 — moved lamppost (0,10) -> (13,1)
  attempt 24: accepted F00555-lm-24 — moved fountain (4,10) -> (2,12)
  attempt 25: accepted F00555-lm-25 — moved blocks (12,3) -> (10,12)
  attempt 26: accepted F00555-lm-26 — moved mustCross (7,5) -> (6,2)
  attempt 27: accepted F00555-lm-27 — moved blocks (12,6) -> (4,3)
  attempt 28: accepted F00555-lm-28 — moved flippingFilters (4,11) -> (11,5)
  attempt 29: accepted F00555-lm-29 — moved market (5,12) -> (2,6)
  attempt 30: accepted F00555-lm-30 — moved flippingFilters (10,13) -> (1,6)

15/15 new local-mutant sibling(s) generated for R00555 in 30 attempt(s) (budget 600); 30 total in data/families/family-R00555-lm.json.
Wrote 30 level(s) total to data/families/family-R00555-lm.json (changed=true), 15 hint file(s) written to data/families/hints/.
Wrote family manifest to data/families/family-R00555-lm-manifest.json (30 variant(s) total).
Parent R00555: witness stressMeta.witnessSolution (len 134, 0 jump(s)), 54 movable object instance(s) under strict inventory.
Found 7 existing sibling(s) at data/families/family-R00555-sym.json — this run will add to them, not replace them.
  attempt 1: rejected — degenerate duplicate of parent or another accepted variant
  attempt 2: rejected — degenerate duplicate of parent or another accepted variant
  attempt 3: rejected — degenerate duplicate of parent or another accepted variant
  attempt 4: rejected — degenerate duplicate of parent or another accepted variant
  attempt 5: rejected — degenerate duplicate of parent or another accepted variant
  attempt 6: rejected — degenerate duplicate of parent or another accepted variant
  attempt 7: rejected — degenerate duplicate of parent or another accepted variant

0/7 new symmetry sibling(s) generated for R00555 in 7 attempt(s) (budget 7); 7 total in data/families/family-R00555-sym.json.
family capacity: 0 accepted this run — every movable instance had zero legal alternative placement, or every attempt degenerated to an already-seen fingerprint. See per-attempt log above.
Wrote 7 level(s) total to data/families/family-R00555-sym.json (changed=false), 0 hint file(s) written to data/families/hints/.
Wrote family manifest to data/families/family-R00555-sym-manifest.json (7 variant(s) total).
portfolio-solve-sweep: corpus=data/families/family-R00555-lm.json levels=30 (30 to solve) scheduler-mode=legacy budget=8000ms node-budget=20000000 workers=4 save-hints=true
  [1/30] L3 (F00555-lm-03) ok=✗
  [2/30] L2 (F00555-lm-02) ok=✗
  [3/30] L4 (F00555-lm-04) ok=✗
  [4/30] L1 (F00555-lm-01) ok=✗
  [5/30] L7 (F00555-lm-07) ok=✗
  [6/30] L6 (F00555-lm-06) ok=✗
  [7/30] L8 (F00555-lm-08) ok=✗
  [8/30] L5 (F00555-lm-05) ok=✗
  [9/30] L10 (F00555-lm-10) ok=✗
  [10/30] L9 (F00555-lm-09) ok=✗
  [11/30] L11 (F00555-lm-11) ok=✗
  [12/30] L12 (F00555-lm-12) ok=✗
  [13/30] L13 (F00555-lm-13) ok=✗
  [14/30] L14 (F00555-lm-14) ok=✗
  [15/30] L15 (F00555-lm-15) ok=✗
  [16/30] L16 (F00555-lm-16) ok=✗
  [17/30] L17 (F00555-lm-17) ok=✗
  [18/30] L19 (F00555-lm-19) ok=✗
  [19/30] L18 (F00555-lm-18) ok=✗
  [20/30] L20 (F00555-lm-20) ok=✗
  [21/30] L21 (F00555-lm-21) ok=✗
  [22/30] L22 (F00555-lm-22) ok=✗
  [23/30] L23 (F00555-lm-23) ok=✗
  [24/30] L24 (F00555-lm-24) ok=✗
  [25/30] L25 (F00555-lm-25) ok=✗
  [26/30] L26 (F00555-lm-26) ok=✗
  [27/30] L27 (F00555-lm-27) ok=✗
  [28/30] L28 (F00555-lm-28) ok=✗
  [29/30] L29 (F00555-lm-29) ok=✗
  [30/30] L30 (F00555-lm-30) ok=✗
Hints: appended to 0 level(s); 0 hint file(s) changed on disk.
Result: solved=0/30, solvedBeforeFallback=0, fallbackOnly=0, unsolved=30
Wrote logs/family-census/solve-R00555-lm.json
Wrote logs/family-census/solve-R00555-lm-summary.md
portfolio-solve-sweep: corpus=data/families/family-R00555-sym.json levels=7 (7 to solve) scheduler-mode=legacy budget=8000ms node-budget=20000000 workers=4 save-hints=true
  [1/7] L1 (F00555-sym-01) ok=✗
  [2/7] L2 (F00555-sym-02) ok=✗
  [3/7] L3 (F00555-sym-03) ok=✗
  [4/7] L4 (F00555-sym-04) ok=✗
  [5/7] L5 (F00555-sym-05) ok=✗
  [6/7] L7 (F00555-sym-07) ok=✗
  [7/7] L6 (F00555-sym-06) ok=✗
Hints: appended to 0 level(s); 0 hint file(s) changed on disk.
Result: solved=0/7, solvedBeforeFallback=0, fallbackOnly=0, unsolved=7
Wrote logs/family-census/solve-R00555-sym.json
Wrote logs/family-census/solve-R00555-sym-summary.md
[03:41:32] DONE R00555
[03:41:32] START R00692
Parent R00692: witness stressMeta.witnessSolution (len 119, 4 jump(s)), 57 movable object instance(s) under strict inventory.
Found 15 existing sibling(s) at data/families/family-R00692-lm.json — this run will add to them, not replace them.
  attempt 1: rejected — degenerate duplicate of parent or another accepted variant
  attempt 2: rejected — degenerate duplicate of parent or another accepted variant
  attempt 3: rejected — degenerate duplicate of parent or another accepted variant
  attempt 4: rejected — degenerate duplicate of parent or another accepted variant
  attempt 5: rejected — degenerate duplicate of parent or another accepted variant
  attempt 6: rejected — degenerate duplicate of parent or another accepted variant
  attempt 7: rejected — degenerate duplicate of parent or another accepted variant
  attempt 8: rejected — degenerate duplicate of parent or another accepted variant
  attempt 9: rejected — degenerate duplicate of parent or another accepted variant
  attempt 10: rejected — degenerate duplicate of parent or another accepted variant
  attempt 11: rejected — degenerate duplicate of parent or another accepted variant
  attempt 12: rejected — degenerate duplicate of parent or another accepted variant
  attempt 13: rejected — degenerate duplicate of parent or another accepted variant
  attempt 14: rejected — degenerate duplicate of parent or another accepted variant
  attempt 15: rejected — degenerate duplicate of parent or another accepted variant
  attempt 16: accepted F00692-lm-16 — moved mustPass (7,12) -> (4,10)
  attempt 17: accepted F00692-lm-17 — moved fountain (1,13) -> (3,2)
  attempt 18: accepted F00692-lm-18 — moved mustPass (4,6) -> (11,6)
  attempt 19: accepted F00692-lm-19 — moved blocks (0,0) -> (9,4)
  attempt 20: accepted F00692-lm-20 — moved fountain (7,2) -> (3,4)
  attempt 21: accepted F00692-lm-21 — moved falseGoals (1,3) -> (11,7)
  attempt 22: accepted F00692-lm-22 — moved blocks (0,13) -> (5,1)
  attempt 23: accepted F00692-lm-23 — moved fountain (11,5) -> (13,14)
  attempt 24: accepted F00692-lm-24 — moved blocks (8,6) -> (10,2)
  attempt 25: rejected — degenerate duplicate of parent or another accepted variant
  attempt 26: accepted F00692-lm-25 — moved mustPass (12,6) -> (11,13)
  attempt 27: accepted F00692-lm-26 — moved blocks (5,2) -> (1,14)
  attempt 28: accepted F00692-lm-27 — moved library (5,11) -> (5,9)
  attempt 29: accepted F00692-lm-28 — moved fountain (1,4) -> (13,3)
  attempt 30: accepted F00692-lm-29 — moved park (5,14) -> (7,10)
  attempt 31: accepted F00692-lm-30 — moved mustPass (4,6) -> (4,1)

15/15 new local-mutant sibling(s) generated for R00692 in 31 attempt(s) (budget 600); 30 total in data/families/family-R00692-lm.json.
Wrote 30 level(s) total to data/families/family-R00692-lm.json (changed=true), 15 hint file(s) written to data/families/hints/.
Wrote family manifest to data/families/family-R00692-lm-manifest.json (30 variant(s) total).
Parent R00692: witness stressMeta.witnessSolution (len 119, 4 jump(s)), 57 movable object instance(s) under strict inventory.
Found 7 existing sibling(s) at data/families/family-R00692-sym.json — this run will add to them, not replace them.
  attempt 1: rejected — degenerate duplicate of parent or another accepted variant
  attempt 2: rejected — degenerate duplicate of parent or another accepted variant
  attempt 3: rejected — degenerate duplicate of parent or another accepted variant
  attempt 4: rejected — degenerate duplicate of parent or another accepted variant
  attempt 5: rejected — degenerate duplicate of parent or another accepted variant
  attempt 6: rejected — degenerate duplicate of parent or another accepted variant
  attempt 7: rejected — degenerate duplicate of parent or another accepted variant

0/7 new symmetry sibling(s) generated for R00692 in 7 attempt(s) (budget 7); 7 total in data/families/family-R00692-sym.json.
family capacity: 0 accepted this run — every movable instance had zero legal alternative placement, or every attempt degenerated to an already-seen fingerprint. See per-attempt log above.
Wrote 7 level(s) total to data/families/family-R00692-sym.json (changed=false), 0 hint file(s) written to data/families/hints/.
Wrote family manifest to data/families/family-R00692-sym-manifest.json (7 variant(s) total).
portfolio-solve-sweep: corpus=data/families/family-R00692-lm.json levels=30 (30 to solve) scheduler-mode=legacy budget=8000ms node-budget=20000000 workers=4 save-hints=true
  [1/30] L3 (F00692-lm-03) ok=✗
  [2/30] L1 (F00692-lm-01) ok=✗
  [3/30] L2 (F00692-lm-02) ok=✗
  [4/30] L4 (F00692-lm-04) ok=✗
  [5/30] L5 (F00692-lm-05) ok=✗
  [6/30] L8 (F00692-lm-08) ok=✗
  [7/30] L6 (F00692-lm-06) ok=✗
  [8/30] L7 (F00692-lm-07) ok=✗
  [9/30] L9 (F00692-lm-09) ok=✗
  [10/30] L10 (F00692-lm-10) ok=✗
  [11/30] L11 (F00692-lm-11) ok=✗
  [12/30] L12 (F00692-lm-12) ok=✗
  [13/30] L14 (F00692-lm-14) ok=✗
  [14/30] L13 (F00692-lm-13) ok=✗
  [15/30] L15 (F00692-lm-15) ok=✗
  [16/30] L16 (F00692-lm-16) ok=✗
  [17/30] L17 (F00692-lm-17) ok=✗
  [18/30] L18 (F00692-lm-18) ok=✗
  [19/30] L19 (F00692-lm-19) ok=✗
  [20/30] L20 (F00692-lm-20) ok=✗
  [21/30] L21 (F00692-lm-21) ok=✗
  [22/30] L22 (F00692-lm-22) ok=✗
  [23/30] L23 (F00692-lm-23) ok=✗
  [24/30] L24 (F00692-lm-24) ok=✗
  [25/30] L25 (F00692-lm-25) ok=✗
  [26/30] L26 (F00692-lm-26) ok=✗
  [27/30] L28 (F00692-lm-28) ok=✗
  [28/30] L27 (F00692-lm-27) ok=✗
  [29/30] L29 (F00692-lm-29) ok=✗
  [30/30] L30 (F00692-lm-30) ok=✗
Hints: appended to 0 level(s); 0 hint file(s) changed on disk.
Result: solved=0/30, solvedBeforeFallback=0, fallbackOnly=0, unsolved=30
Wrote logs/family-census/solve-R00692-lm.json
Wrote logs/family-census/solve-R00692-lm-summary.md
portfolio-solve-sweep: corpus=data/families/family-R00692-sym.json levels=7 (7 to solve) scheduler-mode=legacy budget=8000ms node-budget=20000000 workers=4 save-hints=true
  [1/7] L1 (F00692-sym-01) ok=✗
  [2/7] L3 (F00692-sym-03) ok=✗
  [3/7] L4 (F00692-sym-04) ok=✗
  [4/7] L2 (F00692-sym-02) ok=✗
  [5/7] L7 (F00692-sym-07) ok=✗
  [6/7] L6 (F00692-sym-06) ok=✗
  [7/7] L5 (F00692-sym-05) ok=✗
Hints: appended to 0 level(s); 0 hint file(s) changed on disk.
Result: solved=0/7, solvedBeforeFallback=0, fallbackOnly=0, unsolved=7
Wrote logs/family-census/solve-R00692-sym.json
Wrote logs/family-census/solve-R00692-sym-summary.md
[03:46:21] DONE R00692
[03:46:21] START R00869
Parent R00869: witness hint[0] (len 83, 7 jump(s)), 46 movable object instance(s) under strict inventory.
Found 15 existing sibling(s) at data/families/family-R00869-lm.json — this run will add to them, not replace them.
  attempt 1: rejected — degenerate duplicate of parent or another accepted variant
  attempt 2: rejected — degenerate duplicate of parent or another accepted variant
  attempt 3: rejected — degenerate duplicate of parent or another accepted variant
  attempt 4: rejected — degenerate duplicate of parent or another accepted variant
  attempt 5: rejected — degenerate duplicate of parent or another accepted variant
  attempt 6: rejected — degenerate duplicate of parent or another accepted variant
  attempt 7: rejected — degenerate duplicate of parent or another accepted variant
  attempt 8: rejected — degenerate duplicate of parent or another accepted variant
  attempt 9: rejected — degenerate duplicate of parent or another accepted variant
  attempt 10: rejected — degenerate duplicate of parent or another accepted variant
  attempt 11: rejected — degenerate duplicate of parent or another accepted variant
  attempt 12: rejected — degenerate duplicate of parent or another accepted variant
  attempt 13: rejected — degenerate duplicate of parent or another accepted variant
  attempt 14: rejected — degenerate duplicate of parent or another accepted variant
  attempt 15: rejected — degenerate duplicate of parent or another accepted variant
  attempt 16: rejected — degenerate duplicate of parent or another accepted variant
  attempt 17: accepted F00869-lm-16 — moved blocks (12,8) -> (4,1)
  attempt 18: accepted F00869-lm-17 — moved geese (2,9) -> (5,12)
  attempt 19: accepted F00869-lm-18 — moved blocks (2,3) -> (6,6)
  attempt 20: accepted F00869-lm-19 — moved fountain (0,11) -> (12,10)
  attempt 21: accepted F00869-lm-20 — moved fountain (0,11) -> (2,11)
  attempt 22: accepted F00869-lm-21 — moved blocks (1,3) -> (12,7)
  attempt 23: accepted F00869-lm-22 — moved blocks (0,8) -> (8,1)
  attempt 24: accepted F00869-lm-23 — moved blocks (6,12) -> (12,12)
  attempt 25: accepted F00869-lm-24 — moved mustPass (5,4) -> (10,2)
  attempt 26: accepted F00869-lm-25 — moved library (11,8) -> (5,12)
  attempt 27: accepted F00869-lm-26 — moved mustPass (5,7) -> (5,8)
  attempt 28: accepted F00869-lm-27 — moved blocks (1,8) -> (6,6)
  attempt 29: accepted F00869-lm-28 — moved fountain (10,1) -> (2,11)
  attempt 30: accepted F00869-lm-29 — moved statue (7,1) -> (6,5)
  attempt 31: accepted F00869-lm-30 — moved blocks (0,5) -> (7,8)

15/15 new local-mutant sibling(s) generated for R00869 in 31 attempt(s) (budget 600); 30 total in data/families/family-R00869-lm.json.
Wrote 30 level(s) total to data/families/family-R00869-lm.json (changed=true), 15 hint file(s) written to data/families/hints/.
Wrote family manifest to data/families/family-R00869-lm-manifest.json (30 variant(s) total).
Parent R00869: witness hint[0] (len 83, 7 jump(s)), 46 movable object instance(s) under strict inventory.
Found 7 existing sibling(s) at data/families/family-R00869-sym.json — this run will add to them, not replace them.
  attempt 1: rejected — degenerate duplicate of parent or another accepted variant
  attempt 2: rejected — degenerate duplicate of parent or another accepted variant
  attempt 3: rejected — degenerate duplicate of parent or another accepted variant
  attempt 4: rejected — degenerate duplicate of parent or another accepted variant
  attempt 5: rejected — degenerate duplicate of parent or another accepted variant
  attempt 6: rejected — degenerate duplicate of parent or another accepted variant
  attempt 7: rejected — degenerate duplicate of parent or another accepted variant

0/7 new symmetry sibling(s) generated for R00869 in 7 attempt(s) (budget 7); 7 total in data/families/family-R00869-sym.json.
family capacity: 0 accepted this run — every movable instance had zero legal alternative placement, or every attempt degenerated to an already-seen fingerprint. See per-attempt log above.
Wrote 7 level(s) total to data/families/family-R00869-sym.json (changed=false), 0 hint file(s) written to data/families/hints/.
Wrote family manifest to data/families/family-R00869-sym-manifest.json (7 variant(s) total).
portfolio-solve-sweep: corpus=data/families/family-R00869-lm.json levels=30 (30 to solve) scheduler-mode=legacy budget=8000ms node-budget=20000000 workers=4 save-hints=true
  [1/30] L1 (F00869-lm-01) ok=✗
  [2/30] L2 (F00869-lm-02) ok=✗
  [3/30] L3 (F00869-lm-03) ok=✗
  [4/30] L4 (F00869-lm-04) ok=✗
  [5/30] L5 (F00869-lm-05) ok=✗
  [6/30] L6 (F00869-lm-06) ok=✗
  [7/30] L7 (F00869-lm-07) ok=✗
  [8/30] L8 (F00869-lm-08) ok=✗
  [9/30] L9 (F00869-lm-09) ok=✗
  [10/30] L10 (F00869-lm-10) ok=✗
  [11/30] L13 (F00869-lm-13) ok=✓ legacy [hint saved]
  [12/30] L11 (F00869-lm-11) ok=✗
  [13/30] L12 (F00869-lm-12) ok=✗
  [14/30] L14 (F00869-lm-14) ok=✗
  [15/30] L15 (F00869-lm-15) ok=✗
  [16/30] L16 (F00869-lm-16) ok=✗
  [17/30] L19 (F00869-lm-19) ok=✓ legacy [hint saved]
  [18/30] L17 (F00869-lm-17) ok=✗
  [19/30] L18 (F00869-lm-18) ok=✗
  [20/30] L20 (F00869-lm-20) ok=✗
  [21/30] L21 (F00869-lm-21) ok=✗
  [22/30] L22 (F00869-lm-22) ok=✗
  [23/30] L23 (F00869-lm-23) ok=✗
  [24/30] L24 (F00869-lm-24) ok=✗
  [25/30] L26 (F00869-lm-26) ok=✗
  [26/30] L25 (F00869-lm-25) ok=✗
  [27/30] L27 (F00869-lm-27) ok=✗
  [28/30] L28 (F00869-lm-28) ok=✗
  [29/30] L29 (F00869-lm-29) ok=✗
  [30/30] L30 (F00869-lm-30) ok=✗
Hints: appended to 2 level(s); 2 hint file(s) changed on disk.
Result: solved=2/30, solvedBeforeFallback=0, fallbackOnly=2, unsolved=28
Wrote logs/family-census/solve-R00869-lm.json
Wrote logs/family-census/solve-R00869-lm-summary.md
portfolio-solve-sweep: corpus=data/families/family-R00869-sym.json levels=7 (7 to solve) scheduler-mode=legacy budget=8000ms node-budget=20000000 workers=4 save-hints=true
  [1/7] L1 (F00869-sym-01) ok=✓ legacy [hint saved]
  [2/7] L3 (F00869-sym-03) ok=✓ legacy [hint saved]
  [3/7] L2 (F00869-sym-02) ok=✗
  [4/7] L4 (F00869-sym-04) ok=✗
  [5/7] L5 (F00869-sym-05) ok=✗
  [6/7] L6 (F00869-sym-06) ok=✗
  [7/7] L7 (F00869-sym-07) ok=✗
Hints: appended to 2 level(s); 2 hint file(s) changed on disk.
Result: solved=2/7, solvedBeforeFallback=0, fallbackOnly=2, unsolved=5
Wrote logs/family-census/solve-R00869-sym.json
Wrote logs/family-census/solve-R00869-sym-summary.md
[03:53:54] DONE R00869
[03:53:54] START R01091
Parent R01091: witness stressMeta.witnessSolution (len 97, 0 jump(s)), 36 movable object instance(s) under strict inventory.
Found 15 existing sibling(s) at data/families/family-R01091-lm.json — this run will add to them, not replace them.
  attempt 1: rejected — degenerate duplicate of parent or another accepted variant
  attempt 2: rejected — degenerate duplicate of parent or another accepted variant
  attempt 3: rejected — degenerate duplicate of parent or another accepted variant
  attempt 4: rejected — degenerate duplicate of parent or another accepted variant
  attempt 5: rejected — degenerate duplicate of parent or another accepted variant
  attempt 6: rejected — degenerate duplicate of parent or another accepted variant
  attempt 7: rejected — degenerate duplicate of parent or another accepted variant
  attempt 8: rejected — degenerate duplicate of parent or another accepted variant
  attempt 9: rejected — degenerate duplicate of parent or another accepted variant
  attempt 10: rejected — degenerate duplicate of parent or another accepted variant
  attempt 11: rejected — degenerate duplicate of parent or another accepted variant
  attempt 12: rejected — degenerate duplicate of parent or another accepted variant
  attempt 13: rejected — degenerate duplicate of parent or another accepted variant
  attempt 14: rejected — degenerate duplicate of parent or another accepted variant
  attempt 15: rejected — degenerate duplicate of parent or another accepted variant
  attempt 16: accepted F01091-lm-16 — moved library (3,7) -> (5,6)
  attempt 17: accepted F01091-lm-17 — moved park (6,5) -> (5,8)
  attempt 18: accepted F01091-lm-18 — moved flippingFilters (1,10) -> (4,6)
  attempt 19: accepted F01091-lm-19 — moved library (3,7) -> (9,8)
  attempt 20: accepted F01091-lm-20 — moved geese (0,10) -> (4,7)
  attempt 21: rejected — degenerate duplicate of parent or another accepted variant
  attempt 22: accepted F01091-lm-21 — moved market (8,4) -> (7,10)
  attempt 23: accepted F01091-lm-22 — moved fountain (9,5) -> (4,10)
  attempt 24: accepted F01091-lm-23 — moved geese (9,10) -> (5,6)
  attempt 25: accepted F01091-lm-24 — moved lamppost (0,8) -> (8,9)
  attempt 26: accepted F01091-lm-25 — moved flippingFilters (5,5) -> (10,7)
  attempt 27: accepted F01091-lm-26 — moved geese (10,6) -> (8,5)
  attempt 28: accepted F01091-lm-27 — moved lamppost (5,4) -> (6,4)
  attempt 29: accepted F01091-lm-28 — moved lamppost (3,1) -> (6,2)
  attempt 30: accepted F01091-lm-29 — moved geese (9,9) -> (4,7)
  attempt 31: accepted F01091-lm-30 — moved flippingFilters (0,6) -> (2,0)

15/15 new local-mutant sibling(s) generated for R01091 in 31 attempt(s) (budget 600); 30 total in data/families/family-R01091-lm.json.
Wrote 30 level(s) total to data/families/family-R01091-lm.json (changed=true), 15 hint file(s) written to data/families/hints/.
Wrote family manifest to data/families/family-R01091-lm-manifest.json (30 variant(s) total).
Parent R01091: witness stressMeta.witnessSolution (len 97, 0 jump(s)), 36 movable object instance(s) under strict inventory.
Found 7 existing sibling(s) at data/families/family-R01091-sym.json — this run will add to them, not replace them.
  attempt 1: rejected — degenerate duplicate of parent or another accepted variant
  attempt 2: rejected — degenerate duplicate of parent or another accepted variant
  attempt 3: rejected — degenerate duplicate of parent or another accepted variant
  attempt 4: rejected — degenerate duplicate of parent or another accepted variant
  attempt 5: rejected — degenerate duplicate of parent or another accepted variant
  attempt 6: rejected — degenerate duplicate of parent or another accepted variant
  attempt 7: rejected — degenerate duplicate of parent or another accepted variant

0/7 new symmetry sibling(s) generated for R01091 in 7 attempt(s) (budget 7); 7 total in data/families/family-R01091-sym.json.
family capacity: 0 accepted this run — every movable instance had zero legal alternative placement, or every attempt degenerated to an already-seen fingerprint. See per-attempt log above.
Wrote 7 level(s) total to data/families/family-R01091-sym.json (changed=false), 0 hint file(s) written to data/families/hints/.
Wrote family manifest to data/families/family-R01091-sym-manifest.json (7 variant(s) total).
portfolio-solve-sweep: corpus=data/families/family-R01091-lm.json levels=30 (30 to solve) scheduler-mode=legacy budget=8000ms node-budget=20000000 workers=4 save-hints=true
  [1/30] L3 (F01091-lm-03) ok=✗
  [2/30] L1 (F01091-lm-01) ok=✗
  [3/30] L4 (F01091-lm-04) ok=✗
  [4/30] L2 (F01091-lm-02) ok=✗
  [5/30] L5 (F01091-lm-05) ok=✗
  [6/30] L7 (F01091-lm-07) ok=✗
  [7/30] L6 (F01091-lm-06) ok=✗
  [8/30] L8 (F01091-lm-08) ok=✗
  [9/30] L9 (F01091-lm-09) ok=✗
  [10/30] L10 (F01091-lm-10) ok=✗
  [11/30] L11 (F01091-lm-11) ok=✗
  [12/30] L12 (F01091-lm-12) ok=✗
  [13/30] L13 (F01091-lm-13) ok=✗
  [14/30] L14 (F01091-lm-14) ok=✗
  [15/30] L15 (F01091-lm-15) ok=✗
  [16/30] L16 (F01091-lm-16) ok=✗
  [17/30] L17 (F01091-lm-17) ok=✗
  [18/30] L18 (F01091-lm-18) ok=✗
  [19/30] L19 (F01091-lm-19) ok=✗
  [20/30] L20 (F01091-lm-20) ok=✗
  [21/30] L21 (F01091-lm-21) ok=✗
  [22/30] L22 (F01091-lm-22) ok=✗
  [23/30] L23 (F01091-lm-23) ok=✗
  [24/30] L24 (F01091-lm-24) ok=✗
  [25/30] L25 (F01091-lm-25) ok=✗
  [26/30] L26 (F01091-lm-26) ok=✗
  [27/30] L27 (F01091-lm-27) ok=✗
  [28/30] L28 (F01091-lm-28) ok=✗
  [29/30] L29 (F01091-lm-29) ok=✗
  [30/30] L30 (F01091-lm-30) ok=✗
Hints: appended to 0 level(s); 0 hint file(s) changed on disk.
Result: solved=0/30, solvedBeforeFallback=0, fallbackOnly=0, unsolved=30
Wrote logs/family-census/solve-R01091-lm.json
Wrote logs/family-census/solve-R01091-lm-summary.md
portfolio-solve-sweep: corpus=data/families/family-R01091-sym.json levels=7 (7 to solve) scheduler-mode=legacy budget=8000ms node-budget=20000000 workers=4 save-hints=true
  [1/7] L4 (F01091-sym-04) ok=✗
  [2/7] L1 (F01091-sym-01) ok=✗
  [3/7] L3 (F01091-sym-03) ok=✗
  [4/7] L2 (F01091-sym-02) ok=✗
  [5/7] L7 (F01091-sym-07) ok=✗
  [6/7] L5 (F01091-sym-05) ok=✗
  [7/7] L6 (F01091-sym-06) ok=✗
Hints: appended to 0 level(s); 0 hint file(s) changed on disk.
Result: solved=0/7, solvedBeforeFallback=0, fallbackOnly=0, unsolved=7
Wrote logs/family-census/solve-R01091-sym.json
Wrote logs/family-census/solve-R01091-sym-summary.md
[04:03:02] DONE R01091
[04:03:02] START R01318
Parent R01318: witness stressMeta.witnessSolution (len 101, 0 jump(s)), 56 movable object instance(s) under strict inventory.
Found 15 existing sibling(s) at data/families/family-R01318-lm.json — this run will add to them, not replace them.
  attempt 1: rejected — degenerate duplicate of parent or another accepted variant
  attempt 2: rejected — degenerate duplicate of parent or another accepted variant
  attempt 3: rejected — degenerate duplicate of parent or another accepted variant
  attempt 4: rejected — degenerate duplicate of parent or another accepted variant
  attempt 5: rejected — degenerate duplicate of parent or another accepted variant
  attempt 6: rejected — degenerate duplicate of parent or another accepted variant
  attempt 7: rejected — degenerate duplicate of parent or another accepted variant
  attempt 8: rejected — degenerate duplicate of parent or another accepted variant
  attempt 9: rejected — degenerate duplicate of parent or another accepted variant
  attempt 10: rejected — degenerate duplicate of parent or another accepted variant
  attempt 11: rejected — degenerate duplicate of parent or another accepted variant
  attempt 12: rejected — degenerate duplicate of parent or another accepted variant
  attempt 13: rejected — degenerate duplicate of parent or another accepted variant
  attempt 14: rejected — degenerate duplicate of parent or another accepted variant
  attempt 15: rejected — degenerate duplicate of parent or another accepted variant
  attempt 16: accepted F01318-lm-16 — moved blocks (10,3) -> (6,3)
  attempt 17: accepted F01318-lm-17 — moved blocks (12,7) -> (11,3)
  attempt 18: accepted F01318-lm-18 — moved library (8,10) -> (2,12)
  attempt 19: accepted F01318-lm-19 — moved blocks (7,6) -> (10,1)
  attempt 20: accepted F01318-lm-20 — moved mustPass (9,0) -> (6,7)
  attempt 21: accepted F01318-lm-21 — moved blocks (11,4) -> (8,9)
  attempt 22: accepted F01318-lm-22 — moved blocks (6,2) -> (12,6)
  attempt 23: accepted F01318-lm-23 — moved blocks (5,2) -> (8,3)
  attempt 24: accepted F01318-lm-24 — moved mustPass (7,0) -> (2,4)
  attempt 25: accepted F01318-lm-25 — moved library (8,10) -> (4,6)
  attempt 26: accepted F01318-lm-26 — moved blocks (0,7) -> (10,9)
  attempt 27: accepted F01318-lm-27 — moved flippingFilters (4,1) -> (7,5)
  attempt 28: accepted F01318-lm-28 — moved park (8,6) -> (4,12)
  attempt 29: accepted F01318-lm-29 — moved geese (11,9) -> (11,3)
  attempt 30: accepted F01318-lm-30 — moved blocks (1,7) -> (8,12)

15/15 new local-mutant sibling(s) generated for R01318 in 30 attempt(s) (budget 600); 30 total in data/families/family-R01318-lm.json.
Wrote 30 level(s) total to data/families/family-R01318-lm.json (changed=true), 15 hint file(s) written to data/families/hints/.
Wrote family manifest to data/families/family-R01318-lm-manifest.json (30 variant(s) total).
Parent R01318: witness stressMeta.witnessSolution (len 101, 0 jump(s)), 56 movable object instance(s) under strict inventory.
Found 7 existing sibling(s) at data/families/family-R01318-sym.json — this run will add to them, not replace them.
  attempt 1: rejected — degenerate duplicate of parent or another accepted variant
  attempt 2: rejected — degenerate duplicate of parent or another accepted variant
  attempt 3: rejected — degenerate duplicate of parent or another accepted variant
  attempt 4: rejected — degenerate duplicate of parent or another accepted variant
  attempt 5: rejected — degenerate duplicate of parent or another accepted variant
  attempt 6: rejected — degenerate duplicate of parent or another accepted variant
  attempt 7: rejected — degenerate duplicate of parent or another accepted variant

0/7 new symmetry sibling(s) generated for R01318 in 7 attempt(s) (budget 7); 7 total in data/families/family-R01318-sym.json.
family capacity: 0 accepted this run — every movable instance had zero legal alternative placement, or every attempt degenerated to an already-seen fingerprint. See per-attempt log above.
Wrote 7 level(s) total to data/families/family-R01318-sym.json (changed=false), 0 hint file(s) written to data/families/hints/.
Wrote family manifest to data/families/family-R01318-sym-manifest.json (7 variant(s) total).
portfolio-solve-sweep: corpus=data/families/family-R01318-lm.json levels=30 (30 to solve) scheduler-mode=legacy budget=8000ms node-budget=20000000 workers=4 save-hints=true
  [1/30] L2 (F01318-lm-02) ok=✗
  [2/30] L4 (F01318-lm-04) ok=✗
  [3/30] L1 (F01318-lm-01) ok=✗
  [4/30] L3 (F01318-lm-03) ok=✗
  [5/30] L5 (F01318-lm-05) ok=✗
  [6/30] L6 (F01318-lm-06) ok=✗
  [7/30] L8 (F01318-lm-08) ok=✗
  [8/30] L7 (F01318-lm-07) ok=✗
  [9/30] L9 (F01318-lm-09) ok=✗
  [10/30] L10 (F01318-lm-10) ok=✗
  [11/30] L11 (F01318-lm-11) ok=✗
  [12/30] L12 (F01318-lm-12) ok=✗
  [13/30] L13 (F01318-lm-13) ok=✗
  [14/30] L14 (F01318-lm-14) ok=✗
  [15/30] L15 (F01318-lm-15) ok=✗
  [16/30] L16 (F01318-lm-16) ok=✗
  [17/30] L17 (F01318-lm-17) ok=✗
  [18/30] L18 (F01318-lm-18) ok=✗
  [19/30] L19 (F01318-lm-19) ok=✗
  [20/30] L20 (F01318-lm-20) ok=✗
  [21/30] L21 (F01318-lm-21) ok=✗
  [22/30] L22 (F01318-lm-22) ok=✗
  [23/30] L23 (F01318-lm-23) ok=✗
  [24/30] L24 (F01318-lm-24) ok=✗
  [25/30] L25 (F01318-lm-25) ok=✗
  [26/30] L26 (F01318-lm-26) ok=✗
  [27/30] L27 (F01318-lm-27) ok=✗
  [28/30] L28 (F01318-lm-28) ok=✗
  [29/30] L29 (F01318-lm-29) ok=✗
  [30/30] L30 (F01318-lm-30) ok=✗
Hints: appended to 0 level(s); 0 hint file(s) changed on disk.
Result: solved=0/30, solvedBeforeFallback=0, fallbackOnly=0, unsolved=30
Wrote logs/family-census/solve-R01318-lm.json
Wrote logs/family-census/solve-R01318-lm-summary.md
portfolio-solve-sweep: corpus=data/families/family-R01318-sym.json levels=7 (7 to solve) scheduler-mode=legacy budget=8000ms node-budget=20000000 workers=4 save-hints=true
  [1/7] L2 (F01318-sym-02) ok=✗
  [2/7] L1 (F01318-sym-01) ok=✗
  [3/7] L3 (F01318-sym-03) ok=✗
  [4/7] L4 (F01318-sym-04) ok=✗
  [5/7] L6 (F01318-sym-06) ok=✗
  [6/7] L7 (F01318-sym-07) ok=✗
  [7/7] L5 (F01318-sym-05) ok=✗
Hints: appended to 0 level(s); 0 hint file(s) changed on disk.
Result: solved=0/7, solvedBeforeFallback=0, fallbackOnly=0, unsolved=7
Wrote logs/family-census/solve-R01318-sym.json
Wrote logs/family-census/solve-R01318-sym-summary.md
[04:05:59] DONE R01318
[04:05:59] START R01462
Parent R01462: witness stressMeta.witnessSolution (len 86, 0 jump(s)), 37 movable object instance(s) under strict inventory.
Found 15 existing sibling(s) at data/families/family-R01462-lm.json — this run will add to them, not replace them.
  attempt 1: rejected — degenerate duplicate of parent or another accepted variant
  attempt 2: rejected — degenerate duplicate of parent or another accepted variant
  attempt 3: rejected — degenerate duplicate of parent or another accepted variant
  attempt 4: rejected — degenerate duplicate of parent or another accepted variant
  attempt 5: rejected — degenerate duplicate of parent or another accepted variant
  attempt 6: rejected — degenerate duplicate of parent or another accepted variant
  attempt 7: rejected — degenerate duplicate of parent or another accepted variant
  attempt 8: rejected — degenerate duplicate of parent or another accepted variant
  attempt 9: rejected — degenerate duplicate of parent or another accepted variant
  attempt 10: rejected — degenerate duplicate of parent or another accepted variant
  attempt 11: rejected — degenerate duplicate of parent or another accepted variant
  attempt 12: rejected — degenerate duplicate of parent or another accepted variant
  attempt 13: rejected — degenerate duplicate of parent or another accepted variant
  attempt 14: rejected — degenerate duplicate of parent or another accepted variant
  attempt 15: rejected — degenerate duplicate of parent or another accepted variant
  attempt 16: accepted F01462-lm-16 — moved mustPass (1,9) -> (1,10)
  attempt 17: accepted F01462-lm-17 — moved blocks (9,9) -> (10,7)
  attempt 18: accepted F01462-lm-18 — moved lamppost (0,7) -> (7,6)
  attempt 19: accepted F01462-lm-19 — moved market (5,3) -> (6,1)
  attempt 20: accepted F01462-lm-20 — moved mustPass (1,9) -> (8,10)
  attempt 21: accepted F01462-lm-21 — moved falseGoals (1,0) -> (9,7)
  attempt 22: accepted F01462-lm-22 — moved blocks (7,8) -> (5,2)
  attempt 23: accepted F01462-lm-23 — moved mustPass (2,5) -> (7,1)
  attempt 24: accepted F01462-lm-24 — moved mustPass (2,5) -> (4,8)
  attempt 25: accepted F01462-lm-25 — moved mustPass (2,5) -> (4,6)
  attempt 26: accepted F01462-lm-26 — moved lamppost (7,0) -> (5,2)
  attempt 27: accepted F01462-lm-27 — moved market (0,8) -> (7,6)
  attempt 28: accepted F01462-lm-28 — moved mustPass (1,5) -> (0,6)
  attempt 29: accepted F01462-lm-29 — moved blocks (8,4) -> (5,2)
  attempt 30: accepted F01462-lm-30 — moved park (9,8) -> (6,0)

15/15 new local-mutant sibling(s) generated for R01462 in 30 attempt(s) (budget 600); 30 total in data/families/family-R01462-lm.json.
Wrote 30 level(s) total to data/families/family-R01462-lm.json (changed=true), 15 hint file(s) written to data/families/hints/.
Wrote family manifest to data/families/family-R01462-lm-manifest.json (30 variant(s) total).
Parent R01462: witness stressMeta.witnessSolution (len 86, 0 jump(s)), 37 movable object instance(s) under strict inventory.
Found 7 existing sibling(s) at data/families/family-R01462-sym.json — this run will add to them, not replace them.
  attempt 1: rejected — degenerate duplicate of parent or another accepted variant
  attempt 2: rejected — degenerate duplicate of parent or another accepted variant
  attempt 3: rejected — degenerate duplicate of parent or another accepted variant
  attempt 4: rejected — degenerate duplicate of parent or another accepted variant
  attempt 5: rejected — degenerate duplicate of parent or another accepted variant
  attempt 6: rejected — degenerate duplicate of parent or another accepted variant
  attempt 7: rejected — degenerate duplicate of parent or another accepted variant

0/7 new symmetry sibling(s) generated for R01462 in 7 attempt(s) (budget 7); 7 total in data/families/family-R01462-sym.json.
family capacity: 0 accepted this run — every movable instance had zero legal alternative placement, or every attempt degenerated to an already-seen fingerprint. See per-attempt log above.
Wrote 7 level(s) total to data/families/family-R01462-sym.json (changed=false), 0 hint file(s) written to data/families/hints/.
Wrote family manifest to data/families/family-R01462-sym-manifest.json (7 variant(s) total).
portfolio-solve-sweep: corpus=data/families/family-R01462-lm.json levels=30 (30 to solve) scheduler-mode=legacy budget=8000ms node-budget=20000000 workers=4 save-hints=true
  [1/30] L3 (F01462-lm-03) ok=✓ legacy [hint saved]
  [2/30] L1 (F01462-lm-01) ok=✗
  [3/30] L4 (F01462-lm-04) ok=✗
  [4/30] L2 (F01462-lm-02) ok=✗
  [5/30] L5 (F01462-lm-05) ok=✗
  [6/30] L6 (F01462-lm-06) ok=✗
  [7/30] L8 (F01462-lm-08) ok=✗
  [8/30] L7 (F01462-lm-07) ok=✗
  [9/30] L9 (F01462-lm-09) ok=✗
  [10/30] L11 (F01462-lm-11) ok=✗
  [11/30] L10 (F01462-lm-10) ok=✗
  [12/30] L12 (F01462-lm-12) ok=✗
  [13/30] L13 (F01462-lm-13) ok=✗
  [14/30] L15 (F01462-lm-15) ok=✓ legacy [hint saved]
  [15/30] L14 (F01462-lm-14) ok=✗
  [16/30] L16 (F01462-lm-16) ok=✗
  [17/30] L17 (F01462-lm-17) ok=✗
  [18/30] L18 (F01462-lm-18) ok=✗
  [19/30] L21 (F01462-lm-21) ok=✗
  [20/30] L20 (F01462-lm-20) ok=✗
  [21/30] L19 (F01462-lm-19) ok=✗
  [22/30] L22 (F01462-lm-22) ok=✗
  [23/30] L23 (F01462-lm-23) ok=✗
  [24/30] L24 (F01462-lm-24) ok=✗
  [25/30] L25 (F01462-lm-25) ok=✗
  [26/30] L26 (F01462-lm-26) ok=✗
  [27/30] L29 (F01462-lm-29) ok=✓ legacy [hint saved]
  [28/30] L27 (F01462-lm-27) ok=✗
  [29/30] L28 (F01462-lm-28) ok=✗
  [30/30] L30 (F01462-lm-30) ok=✗
Hints: appended to 3 level(s); 3 hint file(s) changed on disk.
Result: solved=3/30, solvedBeforeFallback=0, fallbackOnly=3, unsolved=27
Wrote logs/family-census/solve-R01462-lm.json
Wrote logs/family-census/solve-R01462-lm-summary.md
portfolio-solve-sweep: corpus=data/families/family-R01462-sym.json levels=7 (7 to solve) scheduler-mode=legacy budget=8000ms node-budget=20000000 workers=4 save-hints=true
  [1/7] L1 (F01462-sym-01) ok=✗
  [2/7] L4 (F01462-sym-04) ok=✗
  [3/7] L3 (F01462-sym-03) ok=✗
  [4/7] L2 (F01462-sym-02) ok=✗
  [5/7] L5 (F01462-sym-05) ok=✗
  [6/7] L7 (F01462-sym-07) ok=✗
  [7/7] L6 (F01462-sym-06) ok=✗
Hints: appended to 0 level(s); 0 hint file(s) changed on disk.
Result: solved=0/7, solvedBeforeFallback=0, fallbackOnly=0, unsolved=7
Wrote logs/family-census/solve-R01462-sym.json
Wrote logs/family-census/solve-R01462-sym-summary.md
[04:08:08] DONE R01462
[04:08:08] START R01625
Parent R01625: witness stressMeta.witnessSolution (len 91, 5 jump(s)), 35 movable object instance(s) under strict inventory.
Found 15 existing sibling(s) at data/families/family-R01625-lm.json — this run will add to them, not replace them.
  attempt 1: rejected — degenerate duplicate of parent or another accepted variant
  attempt 2: rejected — degenerate duplicate of parent or another accepted variant
  attempt 3: rejected — degenerate duplicate of parent or another accepted variant
  attempt 4: rejected — degenerate duplicate of parent or another accepted variant
  attempt 5: rejected — degenerate duplicate of parent or another accepted variant
  attempt 6: rejected — degenerate duplicate of parent or another accepted variant
  attempt 7: rejected — degenerate duplicate of parent or another accepted variant
  attempt 8: rejected — degenerate duplicate of parent or another accepted variant
  attempt 9: rejected — degenerate duplicate of parent or another accepted variant
  attempt 10: rejected — degenerate duplicate of parent or another accepted variant
  attempt 11: rejected — degenerate duplicate of parent or another accepted variant
  attempt 12: rejected — degenerate duplicate of parent or another accepted variant
  attempt 13: rejected — degenerate duplicate of parent or another accepted variant
  attempt 14: rejected — degenerate duplicate of parent or another accepted variant
  attempt 15: rejected — degenerate duplicate of parent or another accepted variant
  attempt 16: accepted F01625-lm-16 — moved mustPass (3,10) -> (5,9)
  attempt 17: accepted F01625-lm-17 — moved mustPass (7,0) -> (6,1)
  attempt 18: accepted F01625-lm-18 — moved mustPass (4,5) -> (2,9)
  attempt 19: accepted F01625-lm-19 — moved mustPass (8,3) -> (8,4)
  attempt 20: rejected — degenerate duplicate of parent or another accepted variant
  attempt 21: accepted F01625-lm-20 — moved mustPass (3,10) -> (7,5)
  attempt 22: accepted F01625-lm-21 — moved mustPass (8,3) -> (6,2)
  attempt 23: accepted F01625-lm-22 — moved mustPass (5,2) -> (4,1)
  attempt 24: accepted F01625-lm-23 — moved mustPass (8,3) -> (1,8)
  attempt 25: accepted F01625-lm-24 — moved mustPass (8,3) -> (10,4)
  attempt 26: accepted F01625-lm-25 — moved mustPass (7,0) -> (1,7)
  attempt 27: accepted F01625-lm-26 — moved mustPass (7,1) -> (1,2)
  attempt 28: accepted F01625-lm-27 — moved mustPass (8,3) -> (0,9)
  attempt 29: accepted F01625-lm-28 — moved mustPass (3,10) -> (2,1)
  attempt 30: accepted F01625-lm-29 — moved mustPass (8,3) -> (9,4)
  attempt 31: accepted F01625-lm-30 — moved mustPass (8,3) -> (5,4)

15/15 new local-mutant sibling(s) generated for R01625 in 31 attempt(s) (budget 600); 30 total in data/families/family-R01625-lm.json.
Wrote 30 level(s) total to data/families/family-R01625-lm.json (changed=true), 15 hint file(s) written to data/families/hints/.
Wrote family manifest to data/families/family-R01625-lm-manifest.json (30 variant(s) total).
Parent R01625: witness stressMeta.witnessSolution (len 91, 5 jump(s)), 35 movable object instance(s) under strict inventory.
Found 7 existing sibling(s) at data/families/family-R01625-sym.json — this run will add to them, not replace them.
  attempt 1: rejected — degenerate duplicate of parent or another accepted variant
  attempt 2: rejected — degenerate duplicate of parent or another accepted variant
  attempt 3: rejected — degenerate duplicate of parent or another accepted variant
  attempt 4: rejected — degenerate duplicate of parent or another accepted variant
  attempt 5: rejected — degenerate duplicate of parent or another accepted variant
  attempt 6: rejected — degenerate duplicate of parent or another accepted variant
  attempt 7: rejected — degenerate duplicate of parent or another accepted variant

0/7 new symmetry sibling(s) generated for R01625 in 7 attempt(s) (budget 7); 7 total in data/families/family-R01625-sym.json.
family capacity: 0 accepted this run — every movable instance had zero legal alternative placement, or every attempt degenerated to an already-seen fingerprint. See per-attempt log above.
Wrote 7 level(s) total to data/families/family-R01625-sym.json (changed=false), 0 hint file(s) written to data/families/hints/.
Wrote family manifest to data/families/family-R01625-sym-manifest.json (7 variant(s) total).
portfolio-solve-sweep: corpus=data/families/family-R01625-lm.json levels=30 (30 to solve) scheduler-mode=legacy budget=8000ms node-budget=20000000 workers=4 save-hints=true
