[03:14:20] START R00044
Parent R00044: witness hint[0] (len 92, 0 jump(s)), 39 movable object instance(s) under strict inventory.
Found 15 existing sibling(s) at data/families/family-R00044-lm.json — this run will add to them, not replace them.
  attempt 1: rejected — degenerate duplicate of parent or another accepted variant
  attempt 2: rejected — degenerate duplicate of parent or another accepted variant
  attempt 3: rejected — degenerate duplicate of parent or another accepted variant
  attempt 4: rejected — degenerate duplicate of parent or another accepted variant
  attempt 5: rejected — degenerate duplicate of parent or another accepted variant
  attempt 6: rejected — degenerate duplicate of parent or another accepted variant
  attempt 7: rejected — degenerate duplicate of parent or another accepted variant
  attempt 8: rejected — degenerate duplicate of parent or another accepted variant
  attempt 9: rejected — degenerate duplicate of parent or another accepted variant
  attempt 10: rejected — degenerate duplicate of parent or another accepted variant
  attempt 11: rejected — degenerate duplicate of parent or another accepted variant
  attempt 12: rejected — degenerate duplicate of parent or another accepted variant
  attempt 13: rejected — degenerate duplicate of parent or another accepted variant
  attempt 14: rejected — degenerate duplicate of parent or another accepted variant
  attempt 15: rejected — degenerate duplicate of parent or another accepted variant
  attempt 16: rejected — degenerate duplicate of parent or another accepted variant
  attempt 17: rejected — degenerate duplicate of parent or another accepted variant
  attempt 18: rejected — degenerate duplicate of parent or another accepted variant
  attempt 19: accepted F00044-lm-16 — moved geese (5,10) -> (1,7)
  attempt 20: accepted F00044-lm-17 — moved geese (8,4) -> (0,1)
  attempt 21: accepted F00044-lm-18 — moved blocks (7,10) -> (1,7)
  attempt 22: accepted F00044-lm-19 — moved blocks (4,9) -> (8,1)
  attempt 23: accepted F00044-lm-20 — moved geese (0,3) -> (3,2)
  attempt 24: accepted F00044-lm-21 — moved geese (1,4) -> (8,1)
  attempt 25: accepted F00044-lm-22 — moved blocks (7,1) -> (8,1)
  attempt 26: rejected — degenerate duplicate of parent or another accepted variant
  attempt 27: accepted F00044-lm-23 — moved geese (0,3) -> (1,3)
  attempt 28: accepted F00044-lm-24 — moved library (3,1) -> (3,2)
  attempt 29: accepted F00044-lm-25 — moved blocks (0,2) -> (9,9)
  attempt 30: accepted F00044-lm-26 — moved library (2,1) -> (1,3)
  attempt 31: accepted F00044-lm-27 — moved blocks (7,1) -> (1,7)
  attempt 32: accepted F00044-lm-28 — moved park (6,10) -> (3,2)
  attempt 33: accepted F00044-lm-29 — moved mustPass (9,10) -> (2,9)
  attempt 34: accepted F00044-lm-30 — moved geese (8,2) -> (3,2)

15/15 new local-mutant sibling(s) generated for R00044 in 34 attempt(s) (budget 600); 30 total in data/families/family-R00044-lm.json.
Wrote 30 level(s) total to data/families/family-R00044-lm.json (changed=true), 15 hint file(s) written to data/families/hints/.
Wrote family manifest to data/families/family-R00044-lm-manifest.json (30 variant(s) total).
Parent R00044: witness hint[0] (len 92, 0 jump(s)), 39 movable object instance(s) under strict inventory.
Found 7 existing sibling(s) at data/families/family-R00044-sym.json — this run will add to them, not replace them.
  attempt 1: rejected — degenerate duplicate of parent or another accepted variant
  attempt 2: rejected — degenerate duplicate of parent or another accepted variant
  attempt 3: rejected — degenerate duplicate of parent or another accepted variant
  attempt 4: rejected — degenerate duplicate of parent or another accepted variant
  attempt 5: rejected — degenerate duplicate of parent or another accepted variant
  attempt 6: rejected — degenerate duplicate of parent or another accepted variant
  attempt 7: rejected — degenerate duplicate of parent or another accepted variant

0/7 new symmetry sibling(s) generated for R00044 in 7 attempt(s) (budget 7); 7 total in data/families/family-R00044-sym.json.
family capacity: 0 accepted this run — every movable instance had zero legal alternative placement, or every attempt degenerated to an already-seen fingerprint. See per-attempt log above.
Wrote 7 level(s) total to data/families/family-R00044-sym.json (changed=false), 0 hint file(s) written to data/families/hints/.
Wrote family manifest to data/families/family-R00044-sym-manifest.json (7 variant(s) total).
portfolio-solve-sweep: corpus=data/families/family-R00044-lm.json levels=30 (30 to solve) scheduler-mode=legacy budget=8000ms node-budget=20000000 workers=4 save-hints=true
  [1/30] L2 (F00044-lm-02) ok=✗
  [2/30] L3 (F00044-lm-03) ok=✗
  [3/30] L1 (F00044-lm-01) ok=✗
  [4/30] L4 (F00044-lm-04) ok=✗
  [5/30] L6 (F00044-lm-06) ok=✗
  [6/30] L7 (F00044-lm-07) ok=✗
  [7/30] L8 (F00044-lm-08) ok=✗
  [8/30] L5 (F00044-lm-05) ok=✗
  [9/30] L9 (F00044-lm-09) ok=✗
  [10/30] L11 (F00044-lm-11) ok=✗
  [11/30] L10 (F00044-lm-10) ok=✗
  [12/30] L12 (F00044-lm-12) ok=✗
  [13/30] L13 (F00044-lm-13) ok=✗
  [14/30] L16 (F00044-lm-16) ok=✗
  [15/30] L15 (F00044-lm-15) ok=✗
  [16/30] L14 (F00044-lm-14) ok=✗
  [17/30] L17 (F00044-lm-17) ok=✗
  [18/30] L19 (F00044-lm-19) ok=✗
  [19/30] L20 (F00044-lm-20) ok=✗
  [20/30] L18 (F00044-lm-18) ok=✗
  [21/30] L21 (F00044-lm-21) ok=✗
  [22/30] L23 (F00044-lm-23) ok=✗
  [23/30] L22 (F00044-lm-22) ok=✗
  [24/30] L24 (F00044-lm-24) ok=✗
  [25/30] L25 (F00044-lm-25) ok=✗
  [26/30] L26 (F00044-lm-26) ok=✗
  [27/30] L27 (F00044-lm-27) ok=✗
  [28/30] L29 (F00044-lm-29) ok=✗
  [29/30] L28 (F00044-lm-28) ok=✗
  [30/30] L30 (F00044-lm-30) ok=✗
Hints: appended to 0 level(s); 0 hint file(s) changed on disk.
Result: solved=0/30, solvedBeforeFallback=0, fallbackOnly=0, unsolved=30
Wrote logs/family-census/solve-R00044-lm.json
Wrote logs/family-census/solve-R00044-lm-summary.md
portfolio-solve-sweep: corpus=data/families/family-R00044-sym.json levels=7 (7 to solve) scheduler-mode=legacy budget=8000ms node-budget=20000000 workers=4 save-hints=true
  [1/7] L4 (F00044-sym-04) ok=✗
  [2/7] L1 (F00044-sym-01) ok=✗
  [3/7] L2 (F00044-sym-02) ok=✗
  [4/7] L3 (F00044-sym-03) ok=✗
  [5/7] L6 (F00044-sym-06) ok=✗
  [6/7] L5 (F00044-sym-05) ok=✗
  [7/7] L7 (F00044-sym-07) ok=✗
Hints: appended to 0 level(s); 0 hint file(s) changed on disk.
Result: solved=0/7, solvedBeforeFallback=0, fallbackOnly=0, unsolved=7
Wrote logs/family-census/solve-R00044-sym.json
Wrote logs/family-census/solve-R00044-sym-summary.md
[03:19:41] DONE R00044
[03:19:41] START R00285
Parent R00285: witness stressMeta.witnessSolution (len 103, 0 jump(s)), 38 movable object instance(s) under strict inventory.
Found 15 existing sibling(s) at data/families/family-R00285-lm.json — this run will add to them, not replace them.
  attempt 1: rejected — degenerate duplicate of parent or another accepted variant
  attempt 2: rejected — degenerate duplicate of parent or another accepted variant
  attempt 3: rejected — degenerate duplicate of parent or another accepted variant
  attempt 4: rejected — degenerate duplicate of parent or another accepted variant
  attempt 5: rejected — degenerate duplicate of parent or another accepted variant
  attempt 6: rejected — degenerate duplicate of parent or another accepted variant
  attempt 7: rejected — degenerate duplicate of parent or another accepted variant
  attempt 8: rejected — degenerate duplicate of parent or another accepted variant
  attempt 9: rejected — degenerate duplicate of parent or another accepted variant
  attempt 10: rejected — degenerate duplicate of parent or another accepted variant
  attempt 11: rejected — degenerate duplicate of parent or another accepted variant
  attempt 12: rejected — degenerate duplicate of parent or another accepted variant
  attempt 13: rejected — degenerate duplicate of parent or another accepted variant
  attempt 14: rejected — degenerate duplicate of parent or another accepted variant
  attempt 15: rejected — degenerate duplicate of parent or another accepted variant
  attempt 16: accepted F00285-lm-16 — moved park (2,10) -> (6,10)
  attempt 17: accepted F00285-lm-17 — moved flippingFilters (0,9) -> (5,12)
  attempt 18: accepted F00285-lm-18 — moved blocks (1,12) -> (2,1)
  attempt 19: accepted F00285-lm-19 — moved lamppost (5,5) -> (3,10)
  attempt 20: accepted F00285-lm-20 — moved park (8,10) -> (10,2)
  attempt 21: accepted F00285-lm-21 — moved blocks (1,11) -> (4,8)
  attempt 22: rejected — degenerate duplicate of parent or another accepted variant
  attempt 23: accepted F00285-lm-22 — moved blocks (7,6) -> (3,8)
  attempt 24: accepted F00285-lm-23 — moved lamppost (8,12) -> (1,8)
  attempt 25: accepted F00285-lm-24 — moved fountain (11,10) -> (8,4)
  attempt 26: accepted F00285-lm-25 — moved lamppost (2,6) -> (12,6)
  attempt 27: accepted F00285-lm-26 — moved blocks (7,8) -> (0,11)
  attempt 28: accepted F00285-lm-27 — moved blocks (7,6) -> (2,9)
  attempt 29: accepted F00285-lm-28 — moved blocks (1,12) -> (5,4)
  attempt 30: accepted F00285-lm-29 — moved lamppost (0,7) -> (0,11)
  attempt 31: accepted F00285-lm-30 — moved statue (9,0) -> (9,1)

15/15 new local-mutant sibling(s) generated for R00285 in 31 attempt(s) (budget 600); 30 total in data/families/family-R00285-lm.json.
Wrote 30 level(s) total to data/families/family-R00285-lm.json (changed=true), 15 hint file(s) written to data/families/hints/.
Wrote family manifest to data/families/family-R00285-lm-manifest.json (30 variant(s) total).
Parent R00285: witness stressMeta.witnessSolution (len 103, 0 jump(s)), 38 movable object instance(s) under strict inventory.
Found 7 existing sibling(s) at data/families/family-R00285-sym.json — this run will add to them, not replace them.
  attempt 1: rejected — degenerate duplicate of parent or another accepted variant
  attempt 2: rejected — degenerate duplicate of parent or another accepted variant
  attempt 3: rejected — degenerate duplicate of parent or another accepted variant
  attempt 4: rejected — degenerate duplicate of parent or another accepted variant
  attempt 5: rejected — degenerate duplicate of parent or another accepted variant
  attempt 6: rejected — degenerate duplicate of parent or another accepted variant
  attempt 7: rejected — degenerate duplicate of parent or another accepted variant

0/7 new symmetry sibling(s) generated for R00285 in 7 attempt(s) (budget 7); 7 total in data/families/family-R00285-sym.json.
family capacity: 0 accepted this run — every movable instance had zero legal alternative placement, or every attempt degenerated to an already-seen fingerprint. See per-attempt log above.
Wrote 7 level(s) total to data/families/family-R00285-sym.json (changed=false), 0 hint file(s) written to data/families/hints/.
Wrote family manifest to data/families/family-R00285-sym-manifest.json (7 variant(s) total).
portfolio-solve-sweep: corpus=data/families/family-R00285-lm.json levels=30 (30 to solve) scheduler-mode=legacy budget=8000ms node-budget=20000000 workers=4 save-hints=true
  [1/30] L2 (F00285-lm-02) ok=✗
  [2/30] L1 (F00285-lm-01) ok=✗
  [3/30] L4 (F00285-lm-04) ok=✗
  [4/30] L3 (F00285-lm-03) ok=✗
  [5/30] L5 (F00285-lm-05) ok=✗
  [6/30] L6 (F00285-lm-06) ok=✗
  [7/30] L7 (F00285-lm-07) ok=✗
  [8/30] L8 (F00285-lm-08) ok=✗
  [9/30] L9 (F00285-lm-09) ok=✗
  [10/30] L11 (F00285-lm-11) ok=✗
  [11/30] L10 (F00285-lm-10) ok=✗
  [12/30] L12 (F00285-lm-12) ok=✗
  [13/30] L13 (F00285-lm-13) ok=✗
  [14/30] L14 (F00285-lm-14) ok=✗
  [15/30] L15 (F00285-lm-15) ok=✗
  [16/30] L16 (F00285-lm-16) ok=✗
  [17/30] L17 (F00285-lm-17) ok=✗
  [18/30] L18 (F00285-lm-18) ok=✗
  [19/30] L19 (F00285-lm-19) ok=✗
  [20/30] L20 (F00285-lm-20) ok=✗
  [21/30] L21 (F00285-lm-21) ok=✗
  [22/30] L22 (F00285-lm-22) ok=✗
  [23/30] L24 (F00285-lm-24) ok=✗
  [24/30] L23 (F00285-lm-23) ok=✗
  [25/30] L25 (F00285-lm-25) ok=✗
  [26/30] L26 (F00285-lm-26) ok=✗
  [27/30] L27 (F00285-lm-27) ok=✗
  [28/30] L28 (F00285-lm-28) ok=✗
  [29/30] L29 (F00285-lm-29) ok=✗
  [30/30] L30 (F00285-lm-30) ok=✗
Hints: appended to 0 level(s); 0 hint file(s) changed on disk.
Result: solved=0/30, solvedBeforeFallback=0, fallbackOnly=0, unsolved=30
Wrote logs/family-census/solve-R00285-lm.json
Wrote logs/family-census/solve-R00285-lm-summary.md
portfolio-solve-sweep: corpus=data/families/family-R00285-sym.json levels=7 (7 to solve) scheduler-mode=legacy budget=8000ms node-budget=20000000 workers=4 save-hints=true
  [1/7] L4 (F00285-sym-04) ok=✗
  [2/7] L3 (F00285-sym-03) ok=✗
  [3/7] L1 (F00285-sym-01) ok=✗
  [4/7] L2 (F00285-sym-02) ok=✗
  [5/7] L5 (F00285-sym-05) ok=✗
  [6/7] L6 (F00285-sym-06) ok=✗
  [7/7] L7 (F00285-sym-07) ok=✗
Hints: appended to 0 level(s); 0 hint file(s) changed on disk.
Result: solved=0/7, solvedBeforeFallback=0, fallbackOnly=0, unsolved=7
Wrote logs/family-census/solve-R00285-sym.json
Wrote logs/family-census/solve-R00285-sym-summary.md
[03:23:06] DONE R00285
[03:23:06] START R00477
Parent R00477: witness hint[0] (len 72, 4 jump(s)), 34 movable object instance(s) under strict inventory.
Found 15 existing sibling(s) at data/families/family-R00477-lm.json — this run will add to them, not replace them.
  attempt 1: rejected — degenerate duplicate of parent or another accepted variant
  attempt 2: rejected — degenerate duplicate of parent or another accepted variant
  attempt 3: rejected — degenerate duplicate of parent or another accepted variant
  attempt 4: rejected — degenerate duplicate of parent or another accepted variant
  attempt 5: rejected — degenerate duplicate of parent or another accepted variant
  attempt 6: rejected — degenerate duplicate of parent or another accepted variant
  attempt 7: rejected — degenerate duplicate of parent or another accepted variant
  attempt 8: rejected — degenerate duplicate of parent or another accepted variant
  attempt 9: rejected — degenerate duplicate of parent or another accepted variant
  attempt 10: rejected — degenerate duplicate of parent or another accepted variant
  attempt 11: rejected — degenerate duplicate of parent or another accepted variant
  attempt 12: rejected — degenerate duplicate of parent or another accepted variant
  attempt 13: rejected — degenerate duplicate of parent or another accepted variant
  attempt 14: rejected — degenerate duplicate of parent or another accepted variant
  attempt 15: rejected — degenerate duplicate of parent or another accepted variant
  attempt 16: accepted F00477-lm-16 — moved geese (11,6) -> (9,5)
  attempt 17: accepted F00477-lm-17 — moved flippingFilters (11,1) -> (9,4)
  attempt 18: accepted F00477-lm-18 — moved falseGoals (4,2) -> (9,6)
  attempt 19: accepted F00477-lm-19 — moved flippingFilters (6,8) -> (1,8)
  attempt 20: accepted F00477-lm-20 — moved geese (2,5) -> (5,5)
  attempt 21: accepted F00477-lm-21 — moved park (4,3) -> (5,7)
  attempt 22: accepted F00477-lm-22 — moved flippingFilters (11,1) -> (1,0)
  attempt 23: accepted F00477-lm-23 — moved park (11,8) -> (1,1)
  attempt 24: accepted F00477-lm-24 — moved park (5,11) -> (3,1)
  attempt 25: accepted F00477-lm-25 — moved lamppost (4,11) -> (0,11)
  attempt 26: accepted F00477-lm-26 — moved fountain (11,7) -> (4,10)
  attempt 27: accepted F00477-lm-27 — moved flippingFilters (0,6) -> (1,5)
  attempt 28: accepted F00477-lm-28 — moved park (11,8) -> (0,2)
  attempt 29: accepted F00477-lm-29 — moved flippingFilters (9,2) -> (2,10)
  attempt 30: accepted F00477-lm-30 — moved flippingFilters (0,6) -> (1,9)

15/15 new local-mutant sibling(s) generated for R00477 in 30 attempt(s) (budget 600); 30 total in data/families/family-R00477-lm.json.
Wrote 30 level(s) total to data/families/family-R00477-lm.json (changed=true), 15 hint file(s) written to data/families/hints/.
Wrote family manifest to data/families/family-R00477-lm-manifest.json (30 variant(s) total).
Parent R00477: witness hint[0] (len 72, 4 jump(s)), 34 movable object instance(s) under strict inventory.
Found 7 existing sibling(s) at data/families/family-R00477-sym.json — this run will add to them, not replace them.
  attempt 1: rejected — degenerate duplicate of parent or another accepted variant
  attempt 2: rejected — degenerate duplicate of parent or another accepted variant
  attempt 3: rejected — degenerate duplicate of parent or another accepted variant
  attempt 4: rejected — degenerate duplicate of parent or another accepted variant
  attempt 5: rejected — degenerate duplicate of parent or another accepted variant
  attempt 6: rejected — degenerate duplicate of parent or another accepted variant
  attempt 7: rejected — degenerate duplicate of parent or another accepted variant

0/7 new symmetry sibling(s) generated for R00477 in 7 attempt(s) (budget 7); 7 total in data/families/family-R00477-sym.json.
family capacity: 0 accepted this run — every movable instance had zero legal alternative placement, or every attempt degenerated to an already-seen fingerprint. See per-attempt log above.
Wrote 7 level(s) total to data/families/family-R00477-sym.json (changed=false), 0 hint file(s) written to data/families/hints/.
Wrote family manifest to data/families/family-R00477-sym-manifest.json (7 variant(s) total).
portfolio-solve-sweep: corpus=data/families/family-R00477-lm.json levels=30 (30 to solve) scheduler-mode=legacy budget=8000ms node-budget=20000000 workers=4 save-hints=true
  [1/30] L1 (F00477-lm-01) ok=✗
  [2/30] L3 (F00477-lm-03) ok=✗
  [3/30] L4 (F00477-lm-04) ok=✗
  [4/30] L2 (F00477-lm-02) ok=✗
  [5/30] L5 (F00477-lm-05) ok=✗
  [6/30] L8 (F00477-lm-08) ok=✗
  [7/30] L7 (F00477-lm-07) ok=✗
  [8/30] L6 (F00477-lm-06) ok=✗
  [9/30] L9 (F00477-lm-09) ok=✗
  [10/30] L11 (F00477-lm-11) ok=✗
  [11/30] L10 (F00477-lm-10) ok=✗
  [12/30] L12 (F00477-lm-12) ok=✗
  [13/30] L14 (F00477-lm-14) ok=✓ legacy [hint saved]
  [14/30] L15 (F00477-lm-15) ok=✗
  [15/30] L13 (F00477-lm-13) ok=✗
  [16/30] L16 (F00477-lm-16) ok=✗
  [17/30] L18 (F00477-lm-18) ok=✓ legacy [hint saved]
  [18/30] L17 (F00477-lm-17) ok=✗
  [19/30] L19 (F00477-lm-19) ok=✗
  [20/30] L20 (F00477-lm-20) ok=✗
  [21/30] L22 (F00477-lm-22) ok=✗
  [22/30] L21 (F00477-lm-21) ok=✗
  [23/30] L23 (F00477-lm-23) ok=✗
  [24/30] L24 (F00477-lm-24) ok=✗
  [25/30] L25 (F00477-lm-25) ok=✗
  [26/30] L26 (F00477-lm-26) ok=✗
  [27/30] L27 (F00477-lm-27) ok=✗
  [28/30] L28 (F00477-lm-28) ok=✗
  [29/30] L29 (F00477-lm-29) ok=✗
  [30/30] L30 (F00477-lm-30) ok=✗
Hints: appended to 2 level(s); 2 hint file(s) changed on disk.
Result: solved=2/30, solvedBeforeFallback=0, fallbackOnly=2, unsolved=28
Wrote logs/family-census/solve-R00477-lm.json
Wrote logs/family-census/solve-R00477-lm-summary.md
portfolio-solve-sweep: corpus=data/families/family-R00477-sym.json levels=7 (7 to solve) scheduler-mode=legacy budget=8000ms node-budget=20000000 workers=4 save-hints=true
  [1/7] L2 (F00477-sym-02) ok=✓ legacy [hint saved]
  [2/7] L1 (F00477-sym-01) ok=✗
  [3/7] L3 (F00477-sym-03) ok=✗
  [4/7] L4 (F00477-sym-04) ok=✗
  [5/7] L5 (F00477-sym-05) ok=✓ legacy [hint saved]
  [6/7] L7 (F00477-sym-07) ok=✗
  [7/7] L6 (F00477-sym-06) ok=✗
Hints: appended to 2 level(s); 2 hint file(s) changed on disk.
Result: solved=2/7, solvedBeforeFallback=0, fallbackOnly=2, unsolved=5
Wrote logs/family-census/solve-R00477-sym.json
Wrote logs/family-census/solve-R00477-sym-summary.md
[03:25:58] DONE R00477
[03:25:58] START R00595
Parent R00595: witness stressMeta.witnessSolution (len 106, 0 jump(s)), 57 movable object instance(s) under strict inventory.
Found 15 existing sibling(s) at data/families/family-R00595-lm.json — this run will add to them, not replace them.
  attempt 1: rejected — degenerate duplicate of parent or another accepted variant
  attempt 2: rejected — degenerate duplicate of parent or another accepted variant
  attempt 3: rejected — degenerate duplicate of parent or another accepted variant
  attempt 4: rejected — degenerate duplicate of parent or another accepted variant
  attempt 5: rejected — degenerate duplicate of parent or another accepted variant
  attempt 6: rejected — degenerate duplicate of parent or another accepted variant
  attempt 7: rejected — degenerate duplicate of parent or another accepted variant
  attempt 8: rejected — degenerate duplicate of parent or another accepted variant
  attempt 9: rejected — degenerate duplicate of parent or another accepted variant
  attempt 10: rejected — degenerate duplicate of parent or another accepted variant
  attempt 11: rejected — degenerate duplicate of parent or another accepted variant
  attempt 12: rejected — degenerate duplicate of parent or another accepted variant
  attempt 13: rejected — degenerate duplicate of parent or another accepted variant
  attempt 14: rejected — degenerate duplicate of parent or another accepted variant
  attempt 15: rejected — degenerate duplicate of parent or another accepted variant
  attempt 16: accepted F00595-lm-16 — moved statue (5,7) -> (6,7)
  attempt 17: accepted F00595-lm-17 — moved blocks (5,4) -> (9,7)
  attempt 18: accepted F00595-lm-18 — moved statue (5,7) -> (4,12)
  attempt 19: accepted F00595-lm-19 — moved falseGoals (11,6) -> (10,11)
  attempt 20: accepted F00595-lm-20 — moved market (9,10) -> (0,8)
  attempt 21: accepted F00595-lm-21 — moved falseGoals (5,2) -> (12,7)
  attempt 22: accepted F00595-lm-22 — moved library (2,7) -> (9,7)
  attempt 23: accepted F00595-lm-23 — moved falseGoals (9,8) -> (11,8)
  attempt 24: accepted F00595-lm-24 — moved geese (10,2) -> (11,12)
  attempt 25: accepted F00595-lm-25 — moved flippingFilters (9,11) -> (5,11)
  attempt 26: accepted F00595-lm-26 — moved flippingFilters (9,11) -> (7,10)
  attempt 27: accepted F00595-lm-27 — moved flippingFilters (6,5) -> (4,0)
  attempt 28: accepted F00595-lm-28 — moved blocks (10,3) -> (0,8)
  attempt 29: accepted F00595-lm-29 — moved geese (4,1) -> (11,11)
  attempt 30: accepted F00595-lm-30 — moved falseGoals (5,2) -> (12,8)

15/15 new local-mutant sibling(s) generated for R00595 in 30 attempt(s) (budget 600); 30 total in data/families/family-R00595-lm.json.
Wrote 30 level(s) total to data/families/family-R00595-lm.json (changed=true), 15 hint file(s) written to data/families/hints/.
Wrote family manifest to data/families/family-R00595-lm-manifest.json (30 variant(s) total).
Parent R00595: witness stressMeta.witnessSolution (len 106, 0 jump(s)), 57 movable object instance(s) under strict inventory.
Found 7 existing sibling(s) at data/families/family-R00595-sym.json — this run will add to them, not replace them.
  attempt 1: rejected — degenerate duplicate of parent or another accepted variant
  attempt 2: rejected — degenerate duplicate of parent or another accepted variant
  attempt 3: rejected — degenerate duplicate of parent or another accepted variant
  attempt 4: rejected — degenerate duplicate of parent or another accepted variant
  attempt 5: rejected — degenerate duplicate of parent or another accepted variant
  attempt 6: rejected — degenerate duplicate of parent or another accepted variant
  attempt 7: rejected — degenerate duplicate of parent or another accepted variant

0/7 new symmetry sibling(s) generated for R00595 in 7 attempt(s) (budget 7); 7 total in data/families/family-R00595-sym.json.
family capacity: 0 accepted this run — every movable instance had zero legal alternative placement, or every attempt degenerated to an already-seen fingerprint. See per-attempt log above.
Wrote 7 level(s) total to data/families/family-R00595-sym.json (changed=false), 0 hint file(s) written to data/families/hints/.
Wrote family manifest to data/families/family-R00595-sym-manifest.json (7 variant(s) total).
portfolio-solve-sweep: corpus=data/families/family-R00595-lm.json levels=30 (30 to solve) scheduler-mode=legacy budget=8000ms node-budget=20000000 workers=4 save-hints=true
  [1/30] L3 (F00595-lm-03) ok=✗
  [2/30] L2 (F00595-lm-02) ok=✗
  [3/30] L4 (F00595-lm-04) ok=✗
  [4/30] L1 (F00595-lm-01) ok=✗
  [5/30] L7 (F00595-lm-07) ok=✗
  [6/30] L8 (F00595-lm-08) ok=✗
  [7/30] L6 (F00595-lm-06) ok=✗
  [8/30] L5 (F00595-lm-05) ok=✗
  [9/30] L9 (F00595-lm-09) ok=✗
  [10/30] L10 (F00595-lm-10) ok=✗
  [11/30] L12 (F00595-lm-12) ok=✗
  [12/30] L11 (F00595-lm-11) ok=✗
  [13/30] L13 (F00595-lm-13) ok=✗
  [14/30] L16 (F00595-lm-16) ok=✗
  [15/30] L14 (F00595-lm-14) ok=✗
  [16/30] L15 (F00595-lm-15) ok=✗
  [17/30] L17 (F00595-lm-17) ok=✗
  [18/30] L18 (F00595-lm-18) ok=✗
  [19/30] L20 (F00595-lm-20) ok=✗
  [20/30] L19 (F00595-lm-19) ok=✗
  [21/30] L21 (F00595-lm-21) ok=✗
  [22/30] L22 (F00595-lm-22) ok=✗
  [23/30] L23 (F00595-lm-23) ok=✗
  [24/30] L24 (F00595-lm-24) ok=✗
  [25/30] L25 (F00595-lm-25) ok=✗
  [26/30] L26 (F00595-lm-26) ok=✗
  [27/30] L27 (F00595-lm-27) ok=✗
  [28/30] L28 (F00595-lm-28) ok=✗
  [29/30] L29 (F00595-lm-29) ok=✗
  [30/30] L30 (F00595-lm-30) ok=✗
Hints: appended to 0 level(s); 0 hint file(s) changed on disk.
Result: solved=0/30, solvedBeforeFallback=0, fallbackOnly=0, unsolved=30
Wrote logs/family-census/solve-R00595-lm.json
Wrote logs/family-census/solve-R00595-lm-summary.md
portfolio-solve-sweep: corpus=data/families/family-R00595-sym.json levels=7 (7 to solve) scheduler-mode=legacy budget=8000ms node-budget=20000000 workers=4 save-hints=true
  [1/7] L2 (F00595-sym-02) ok=✗
  [2/7] L3 (F00595-sym-03) ok=✗
  [3/7] L4 (F00595-sym-04) ok=✗
  [4/7] L1 (F00595-sym-01) ok=✗
  [5/7] L6 (F00595-sym-06) ok=✗
  [6/7] L5 (F00595-sym-05) ok=✗
  [7/7] L7 (F00595-sym-07) ok=✗
Hints: appended to 0 level(s); 0 hint file(s) changed on disk.
Result: solved=0/7, solvedBeforeFallback=0, fallbackOnly=0, unsolved=7
Wrote logs/family-census/solve-R00595-sym.json
Wrote logs/family-census/solve-R00595-sym-summary.md
[03:29:24] DONE R00595
[03:29:24] START R00732
Parent R00732: witness stressMeta.witnessSolution (len 107, 4 jump(s)), 56 movable object instance(s) under strict inventory.
Found 15 existing sibling(s) at data/families/family-R00732-lm.json — this run will add to them, not replace them.
  attempt 1: rejected — degenerate duplicate of parent or another accepted variant
  attempt 2: rejected — degenerate duplicate of parent or another accepted variant
  attempt 3: rejected — degenerate duplicate of parent or another accepted variant
  attempt 4: rejected — degenerate duplicate of parent or another accepted variant
  attempt 5: rejected — degenerate duplicate of parent or another accepted variant
  attempt 6: rejected — degenerate duplicate of parent or another accepted variant
  attempt 7: rejected — degenerate duplicate of parent or another accepted variant
  attempt 8: rejected — degenerate duplicate of parent or another accepted variant
  attempt 9: rejected — degenerate duplicate of parent or another accepted variant
  attempt 10: rejected — degenerate duplicate of parent or another accepted variant
  attempt 11: rejected — degenerate duplicate of parent or another accepted variant
  attempt 12: rejected — degenerate duplicate of parent or another accepted variant
  attempt 13: rejected — degenerate duplicate of parent or another accepted variant
  attempt 14: rejected — degenerate duplicate of parent or another accepted variant
  attempt 15: rejected — degenerate duplicate of parent or another accepted variant
  attempt 16: accepted F00732-lm-16 — moved blocks (9,12) -> (11,3)
  attempt 17: accepted F00732-lm-17 — moved blocks (9,12) -> (9,11)
  attempt 18: accepted F00732-lm-18 — moved geese (11,2) -> (3,0)
  attempt 19: accepted F00732-lm-19 — moved park (9,13) -> (0,8)
  attempt 20: rejected — degenerate duplicate of parent or another accepted variant
  attempt 21: accepted F00732-lm-20 — moved park (12,4) -> (8,6)
  attempt 22: accepted F00732-lm-21 — moved blocks (11,0) -> (1,8)
  attempt 23: accepted F00732-lm-22 — moved park (10,0) -> (13,4)
  attempt 24: accepted F00732-lm-23 — moved falseGoals (1,6) -> (5,2)
  attempt 25: accepted F00732-lm-24 — moved falseGoals (1,6) -> (3,0)
  attempt 26: accepted F00732-lm-25 — moved statue (6,3) -> (9,0)
  attempt 27: accepted F00732-lm-26 — moved park (10,0) -> (7,9)
  attempt 28: accepted F00732-lm-27 — moved blocks (13,1) -> (7,11)
  attempt 29: accepted F00732-lm-28 — moved blocks (3,3) -> (11,3)
  attempt 30: accepted F00732-lm-29 — moved blocks (8,12) -> (0,11)
  attempt 31: accepted F00732-lm-30 — moved park (12,4) -> (3,0)

15/15 new local-mutant sibling(s) generated for R00732 in 31 attempt(s) (budget 600); 30 total in data/families/family-R00732-lm.json.
Wrote 30 level(s) total to data/families/family-R00732-lm.json (changed=true), 15 hint file(s) written to data/families/hints/.
Wrote family manifest to data/families/family-R00732-lm-manifest.json (30 variant(s) total).
Parent R00732: witness stressMeta.witnessSolution (len 107, 4 jump(s)), 56 movable object instance(s) under strict inventory.
Found 7 existing sibling(s) at data/families/family-R00732-sym.json — this run will add to them, not replace them.
  attempt 1: rejected — degenerate duplicate of parent or another accepted variant
  attempt 2: rejected — degenerate duplicate of parent or another accepted variant
  attempt 3: rejected — degenerate duplicate of parent or another accepted variant
  attempt 4: rejected — degenerate duplicate of parent or another accepted variant
  attempt 5: rejected — degenerate duplicate of parent or another accepted variant
  attempt 6: rejected — degenerate duplicate of parent or another accepted variant
  attempt 7: rejected — degenerate duplicate of parent or another accepted variant

0/7 new symmetry sibling(s) generated for R00732 in 7 attempt(s) (budget 7); 7 total in data/families/family-R00732-sym.json.
family capacity: 0 accepted this run — every movable instance had zero legal alternative placement, or every attempt degenerated to an already-seen fingerprint. See per-attempt log above.
Wrote 7 level(s) total to data/families/family-R00732-sym.json (changed=false), 0 hint file(s) written to data/families/hints/.
Wrote family manifest to data/families/family-R00732-sym-manifest.json (7 variant(s) total).
portfolio-solve-sweep: corpus=data/families/family-R00732-lm.json levels=30 (30 to solve) scheduler-mode=legacy budget=8000ms node-budget=20000000 workers=4 save-hints=true
  [1/30] L4 (F00732-lm-04) ok=✗
  [2/30] L1 (F00732-lm-01) ok=✗
  [3/30] L2 (F00732-lm-02) ok=✗
  [4/30] L3 (F00732-lm-03) ok=✗
  [5/30] L6 (F00732-lm-06) ok=✗
  [6/30] L5 (F00732-lm-05) ok=✗
  [7/30] L7 (F00732-lm-07) ok=✗
  [8/30] L8 (F00732-lm-08) ok=✗
  [9/30] L9 (F00732-lm-09) ok=✗
  [10/30] L11 (F00732-lm-11) ok=✗
  [11/30] L10 (F00732-lm-10) ok=✗
  [12/30] L12 (F00732-lm-12) ok=✗
  [13/30] L14 (F00732-lm-14) ok=✗
  [14/30] L13 (F00732-lm-13) ok=✗
  [15/30] L15 (F00732-lm-15) ok=✗
  [16/30] L16 (F00732-lm-16) ok=✗
  [17/30] L17 (F00732-lm-17) ok=✗
  [18/30] L18 (F00732-lm-18) ok=✗
  [19/30] L20 (F00732-lm-20) ok=✗
  [20/30] L19 (F00732-lm-19) ok=✗
  [21/30] L22 (F00732-lm-22) ok=✓ legacy [hint saved]
  [22/30] L21 (F00732-lm-21) ok=✗
  [23/30] L23 (F00732-lm-23) ok=✗
  [24/30] L24 (F00732-lm-24) ok=✗
  [25/30] L25 (F00732-lm-25) ok=✗
  [26/30] L26 (F00732-lm-26) ok=✗
  [27/30] L28 (F00732-lm-28) ok=✗
  [28/30] L27 (F00732-lm-27) ok=✗
  [29/30] L29 (F00732-lm-29) ok=✗
  [30/30] L30 (F00732-lm-30) ok=✗
Hints: appended to 1 level(s); 1 hint file(s) changed on disk.
Result: solved=1/30, solvedBeforeFallback=0, fallbackOnly=1, unsolved=29
Wrote logs/family-census/solve-R00732-lm.json
Wrote logs/family-census/solve-R00732-lm-summary.md
portfolio-solve-sweep: corpus=data/families/family-R00732-sym.json levels=7 (7 to solve) scheduler-mode=legacy budget=8000ms node-budget=20000000 workers=4 save-hints=true
  [1/7] L4 (F00732-sym-04) ok=✗
  [2/7] L2 (F00732-sym-02) ok=✗
  [3/7] L1 (F00732-sym-01) ok=✗
  [4/7] L3 (F00732-sym-03) ok=✗
  [5/7] L7 (F00732-sym-07) ok=✗
  [6/7] L6 (F00732-sym-06) ok=✗
  [7/7] L5 (F00732-sym-05) ok=✗
Hints: appended to 0 level(s); 0 hint file(s) changed on disk.
Result: solved=0/7, solvedBeforeFallback=0, fallbackOnly=0, unsolved=7
Wrote logs/family-census/solve-R00732-sym.json
Wrote logs/family-census/solve-R00732-sym-summary.md
[03:32:45] DONE R00732
[03:32:45] START R00990
Parent R00990: witness stressMeta.witnessSolution (len 113, 0 jump(s)), 68 movable object instance(s) under strict inventory.
Found 15 existing sibling(s) at data/families/family-R00990-lm.json — this run will add to them, not replace them.
  attempt 1: rejected — degenerate duplicate of parent or another accepted variant
  attempt 2: rejected — degenerate duplicate of parent or another accepted variant
  attempt 3: rejected — degenerate duplicate of parent or another accepted variant
  attempt 4: rejected — degenerate duplicate of parent or another accepted variant
  attempt 5: rejected — degenerate duplicate of parent or another accepted variant
  attempt 6: rejected — degenerate duplicate of parent or another accepted variant
  attempt 7: rejected — degenerate duplicate of parent or another accepted variant
  attempt 8: rejected — degenerate duplicate of parent or another accepted variant
  attempt 9: rejected — degenerate duplicate of parent or another accepted variant
  attempt 10: rejected — degenerate duplicate of parent or another accepted variant
  attempt 11: rejected — degenerate duplicate of parent or another accepted variant
  attempt 12: rejected — degenerate duplicate of parent or another accepted variant
  attempt 13: rejected — degenerate duplicate of parent or another accepted variant
  attempt 14: rejected — degenerate duplicate of parent or another accepted variant
  attempt 15: rejected — degenerate duplicate of parent or another accepted variant
  attempt 16: accepted F00990-lm-16 — moved blocks (14,9) -> (13,10)
  attempt 17: accepted F00990-lm-17 — moved blocks (5,13) -> (7,9)
  attempt 18: accepted F00990-lm-18 — moved library (3,13) -> (8,13)
  attempt 19: accepted F00990-lm-19 — moved blocks (10,0) -> (1,0)
  attempt 20: accepted F00990-lm-20 — moved statue (0,7) -> (7,8)
  attempt 21: accepted F00990-lm-21 — moved geese (13,12) -> (0,8)
  attempt 22: accepted F00990-lm-22 — moved statue (8,0) -> (13,3)
  attempt 23: accepted F00990-lm-23 — moved blocks (10,0) -> (12,10)
  attempt 24: accepted F00990-lm-24 — moved flippingFilters (13,7) -> (12,9)
  attempt 25: accepted F00990-lm-25 — moved statue (11,6) -> (3,8)
  attempt 26: accepted F00990-lm-26 — moved market (3,10) -> (0,8)
  attempt 27: accepted F00990-lm-27 — moved falseGoals (2,13) -> (6,0)
  attempt 28: accepted F00990-lm-28 — moved statue (8,0) -> (14,13)
  attempt 29: accepted F00990-lm-29 — moved library (4,7) -> (6,3)
  attempt 30: accepted F00990-lm-30 — moved blocks (11,9) -> (13,6)

15/15 new local-mutant sibling(s) generated for R00990 in 30 attempt(s) (budget 600); 30 total in data/families/family-R00990-lm.json.
Wrote 30 level(s) total to data/families/family-R00990-lm.json (changed=true), 15 hint file(s) written to data/families/hints/.
Wrote family manifest to data/families/family-R00990-lm-manifest.json (30 variant(s) total).
Parent R00990: witness stressMeta.witnessSolution (len 113, 0 jump(s)), 68 movable object instance(s) under strict inventory.
Found 7 existing sibling(s) at data/families/family-R00990-sym.json — this run will add to them, not replace them.
  attempt 1: rejected — degenerate duplicate of parent or another accepted variant
  attempt 2: rejected — degenerate duplicate of parent or another accepted variant
  attempt 3: rejected — degenerate duplicate of parent or another accepted variant
  attempt 4: rejected — degenerate duplicate of parent or another accepted variant
  attempt 5: rejected — degenerate duplicate of parent or another accepted variant
  attempt 6: rejected — degenerate duplicate of parent or another accepted variant
  attempt 7: rejected — degenerate duplicate of parent or another accepted variant

0/7 new symmetry sibling(s) generated for R00990 in 7 attempt(s) (budget 7); 7 total in data/families/family-R00990-sym.json.
family capacity: 0 accepted this run — every movable instance had zero legal alternative placement, or every attempt degenerated to an already-seen fingerprint. See per-attempt log above.
Wrote 7 level(s) total to data/families/family-R00990-sym.json (changed=false), 0 hint file(s) written to data/families/hints/.
Wrote family manifest to data/families/family-R00990-sym-manifest.json (7 variant(s) total).
portfolio-solve-sweep: corpus=data/families/family-R00990-lm.json levels=30 (30 to solve) scheduler-mode=legacy budget=8000ms node-budget=20000000 workers=4 save-hints=true
  [1/30] L1 (F00990-lm-01) ok=✗
  [2/30] L4 (F00990-lm-04) ok=✗
  [3/30] L3 (F00990-lm-03) ok=✗
  [4/30] L2 (F00990-lm-02) ok=✗
  [5/30] L5 (F00990-lm-05) ok=✗
  [6/30] L6 (F00990-lm-06) ok=✗
  [7/30] L7 (F00990-lm-07) ok=✗
  [8/30] L8 (F00990-lm-08) ok=✗
  [9/30] L9 (F00990-lm-09) ok=✗
  [10/30] L11 (F00990-lm-11) ok=✗
  [11/30] L10 (F00990-lm-10) ok=✗
  [12/30] L12 (F00990-lm-12) ok=✗
  [13/30] L14 (F00990-lm-14) ok=✗
  [14/30] L13 (F00990-lm-13) ok=✗
  [15/30] L15 (F00990-lm-15) ok=✗
  [16/30] L16 (F00990-lm-16) ok=✗
  [17/30] L17 (F00990-lm-17) ok=✗
  [18/30] L18 (F00990-lm-18) ok=✗
  [19/30] L19 (F00990-lm-19) ok=✗
  [20/30] L20 (F00990-lm-20) ok=✗
  [21/30] L21 (F00990-lm-21) ok=✗
  [22/30] L22 (F00990-lm-22) ok=✗
  [23/30] L23 (F00990-lm-23) ok=✗
  [24/30] L24 (F00990-lm-24) ok=✗
  [25/30] L25 (F00990-lm-25) ok=✗
  [26/30] L26 (F00990-lm-26) ok=✗
  [27/30] L27 (F00990-lm-27) ok=✗
  [28/30] L28 (F00990-lm-28) ok=✗
  [29/30] L30 (F00990-lm-30) ok=✗
  [30/30] L29 (F00990-lm-29) ok=✗
Hints: appended to 0 level(s); 0 hint file(s) changed on disk.
Result: solved=0/30, solvedBeforeFallback=0, fallbackOnly=0, unsolved=30
Wrote logs/family-census/solve-R00990-lm.json
Wrote logs/family-census/solve-R00990-lm-summary.md
portfolio-solve-sweep: corpus=data/families/family-R00990-sym.json levels=7 (7 to solve) scheduler-mode=legacy budget=8000ms node-budget=20000000 workers=4 save-hints=true
  [1/7] L1 (F00990-sym-01) ok=✗
  [2/7] L3 (F00990-sym-03) ok=✗
  [3/7] L4 (F00990-sym-04) ok=✗
  [4/7] L2 (F00990-sym-02) ok=✗
  [5/7] L7 (F00990-sym-07) ok=✗
  [6/7] L6 (F00990-sym-06) ok=✗
  [7/7] L5 (F00990-sym-05) ok=✗
Hints: appended to 0 level(s); 0 hint file(s) changed on disk.
Result: solved=0/7, solvedBeforeFallback=0, fallbackOnly=0, unsolved=7
Wrote logs/family-census/solve-R00990-sym.json
Wrote logs/family-census/solve-R00990-sym-summary.md
[03:36:32] DONE R00990
[03:36:32] START R01158
Parent R01158: witness stressMeta.witnessSolution (len 98, 0 jump(s)), 65 movable object instance(s) under strict inventory.
Found 15 existing sibling(s) at data/families/family-R01158-lm.json — this run will add to them, not replace them.
  attempt 1: rejected — degenerate duplicate of parent or another accepted variant
  attempt 2: rejected — degenerate duplicate of parent or another accepted variant
  attempt 3: rejected — degenerate duplicate of parent or another accepted variant
  attempt 4: rejected — degenerate duplicate of parent or another accepted variant
  attempt 5: rejected — degenerate duplicate of parent or another accepted variant
  attempt 6: rejected — degenerate duplicate of parent or another accepted variant
  attempt 7: rejected — degenerate duplicate of parent or another accepted variant
  attempt 8: rejected — degenerate duplicate of parent or another accepted variant
  attempt 9: rejected — degenerate duplicate of parent or another accepted variant
  attempt 10: rejected — degenerate duplicate of parent or another accepted variant
  attempt 11: rejected — degenerate duplicate of parent or another accepted variant
  attempt 12: rejected — degenerate duplicate of parent or another accepted variant
  attempt 13: rejected — degenerate duplicate of parent or another accepted variant
  attempt 14: rejected — degenerate duplicate of parent or another accepted variant
  attempt 15: rejected — degenerate duplicate of parent or another accepted variant
  attempt 16: rejected — degenerate duplicate of parent or another accepted variant
  attempt 17: accepted F01158-lm-16 — moved blocks (9,12) -> (12,3)
  attempt 18: accepted F01158-lm-17 — moved fountain (2,2) -> (1,8)
  attempt 19: accepted F01158-lm-18 — moved geese (11,1) -> (10,3)
  attempt 20: accepted F01158-lm-19 — moved geese (6,5) -> (7,4)
  attempt 21: accepted F01158-lm-20 — moved flippingFilters (5,0) -> (11,5)
  attempt 22: accepted F01158-lm-21 — moved blocks (2,10) -> (10,1)
  attempt 23: accepted F01158-lm-22 — moved lamppost (2,9) -> (10,9)
  attempt 24: accepted F01158-lm-23 — moved blocks (6,3) -> (8,12)
  attempt 25: accepted F01158-lm-24 — moved blocks (11,9) -> (7,6)
  attempt 26: accepted F01158-lm-25 — moved geese (11,12) -> (4,5)
  attempt 27: accepted F01158-lm-26 — moved flippingFilters (9,11) -> (10,11)
  attempt 28: accepted F01158-lm-27 — moved blocks (12,9) -> (0,11)
  attempt 29: accepted F01158-lm-28 — moved falseGoals (12,8) -> (4,9)
  attempt 30: accepted F01158-lm-29 — moved geese (11,10) -> (12,2)
  attempt 31: accepted F01158-lm-30 — moved blocks (7,5) -> (10,1)

15/15 new local-mutant sibling(s) generated for R01158 in 31 attempt(s) (budget 600); 30 total in data/families/family-R01158-lm.json.
Wrote 30 level(s) total to data/families/family-R01158-lm.json (changed=true), 15 hint file(s) written to data/families/hints/.
Wrote family manifest to data/families/family-R01158-lm-manifest.json (30 variant(s) total).
Parent R01158: witness stressMeta.witnessSolution (len 98, 0 jump(s)), 65 movable object instance(s) under strict inventory.
Found 7 existing sibling(s) at data/families/family-R01158-sym.json — this run will add to them, not replace them.
  attempt 1: rejected — degenerate duplicate of parent or another accepted variant
  attempt 2: rejected — degenerate duplicate of parent or another accepted variant
  attempt 3: rejected — degenerate duplicate of parent or another accepted variant
  attempt 4: rejected — degenerate duplicate of parent or another accepted variant
  attempt 5: rejected — degenerate duplicate of parent or another accepted variant
  attempt 6: rejected — degenerate duplicate of parent or another accepted variant
  attempt 7: rejected — degenerate duplicate of parent or another accepted variant

0/7 new symmetry sibling(s) generated for R01158 in 7 attempt(s) (budget 7); 7 total in data/families/family-R01158-sym.json.
family capacity: 0 accepted this run — every movable instance had zero legal alternative placement, or every attempt degenerated to an already-seen fingerprint. See per-attempt log above.
Wrote 7 level(s) total to data/families/family-R01158-sym.json (changed=false), 0 hint file(s) written to data/families/hints/.
Wrote family manifest to data/families/family-R01158-sym-manifest.json (7 variant(s) total).
portfolio-solve-sweep: corpus=data/families/family-R01158-lm.json levels=30 (30 to solve) scheduler-mode=legacy budget=8000ms node-budget=20000000 workers=4 save-hints=true
  [1/30] L2 (F01158-lm-02) ok=✗
  [2/30] L4 (F01158-lm-04) ok=✗
  [3/30] L3 (F01158-lm-03) ok=✗
  [4/30] L1 (F01158-lm-01) ok=✗
  [5/30] L5 (F01158-lm-05) ok=✗
  [6/30] L6 (F01158-lm-06) ok=✗
  [7/30] L7 (F01158-lm-07) ok=✗
  [8/30] L8 (F01158-lm-08) ok=✗
  [9/30] L9 (F01158-lm-09) ok=✗
  [10/30] L10 (F01158-lm-10) ok=✗
  [11/30] L11 (F01158-lm-11) ok=✗
  [12/30] L12 (F01158-lm-12) ok=✗
  [13/30] L13 (F01158-lm-13) ok=✗
  [14/30] L16 (F01158-lm-16) ok=✗
  [15/30] L14 (F01158-lm-14) ok=✗
  [16/30] L15 (F01158-lm-15) ok=✗
  [17/30] L17 (F01158-lm-17) ok=✗
  [18/30] L18 (F01158-lm-18) ok=✗
  [19/30] L20 (F01158-lm-20) ok=✗
  [20/30] L19 (F01158-lm-19) ok=✗
  [21/30] L22 (F01158-lm-22) ok=✗
  [22/30] L21 (F01158-lm-21) ok=✗
  [23/30] L23 (F01158-lm-23) ok=✗
  [24/30] L24 (F01158-lm-24) ok=✗
  [25/30] L25 (F01158-lm-25) ok=✗
  [26/30] L26 (F01158-lm-26) ok=✗
  [27/30] L28 (F01158-lm-28) ok=✗
  [28/30] L27 (F01158-lm-27) ok=✗
  [29/30] L29 (F01158-lm-29) ok=✗
  [30/30] L30 (F01158-lm-30) ok=✗
Hints: appended to 0 level(s); 0 hint file(s) changed on disk.
Result: solved=0/30, solvedBeforeFallback=0, fallbackOnly=0, unsolved=30
Wrote logs/family-census/solve-R01158-lm.json
Wrote logs/family-census/solve-R01158-lm-summary.md
portfolio-solve-sweep: corpus=data/families/family-R01158-sym.json levels=7 (7 to solve) scheduler-mode=legacy budget=8000ms node-budget=20000000 workers=4 save-hints=true
  [1/7] L3 (F01158-sym-03) ok=✗
  [2/7] L1 (F01158-sym-01) ok=✗
  [3/7] L2 (F01158-sym-02) ok=✗
  [4/7] L4 (F01158-sym-04) ok=✗
  [5/7] L7 (F01158-sym-07) ok=✗
  [6/7] L6 (F01158-sym-06) ok=✗
  [7/7] L5 (F01158-sym-05) ok=✗
Hints: appended to 0 level(s); 0 hint file(s) changed on disk.
Result: solved=0/7, solvedBeforeFallback=0, fallbackOnly=0, unsolved=7
Wrote logs/family-census/solve-R01158-sym.json
Wrote logs/family-census/solve-R01158-sym-summary.md
[03:48:07] DONE R01158
[03:48:07] START R01368
Parent R01368: witness stressMeta.witnessSolution (len 123, 4 jump(s)), 61 movable object instance(s) under strict inventory.
Found 15 existing sibling(s) at data/families/family-R01368-lm.json — this run will add to them, not replace them.
  attempt 1: rejected — degenerate duplicate of parent or another accepted variant
  attempt 2: rejected — degenerate duplicate of parent or another accepted variant
  attempt 3: rejected — degenerate duplicate of parent or another accepted variant
  attempt 4: rejected — degenerate duplicate of parent or another accepted variant
  attempt 5: rejected — degenerate duplicate of parent or another accepted variant
  attempt 6: rejected — degenerate duplicate of parent or another accepted variant
  attempt 7: rejected — degenerate duplicate of parent or another accepted variant
  attempt 8: rejected — degenerate duplicate of parent or another accepted variant
  attempt 9: rejected — degenerate duplicate of parent or another accepted variant
  attempt 10: rejected — degenerate duplicate of parent or another accepted variant
  attempt 11: rejected — degenerate duplicate of parent or another accepted variant
  attempt 12: rejected — degenerate duplicate of parent or another accepted variant
  attempt 13: rejected — degenerate duplicate of parent or another accepted variant
  attempt 14: rejected — degenerate duplicate of parent or another accepted variant
  attempt 15: rejected — degenerate duplicate of parent or another accepted variant
  attempt 16: accepted F01368-lm-16 — moved blocks (8,5) -> (8,8)
  attempt 17: accepted F01368-lm-17 — moved mustPass (6,12) -> (12,0)
  attempt 18: accepted F01368-lm-18 — moved blocks (1,12) -> (11,0)
  attempt 19: accepted F01368-lm-19 — moved market (12,3) -> (13,1)
  attempt 20: accepted F01368-lm-20 — moved blocks (3,6) -> (9,11)
  attempt 21: accepted F01368-lm-21 — moved market (6,7) -> (7,3)
  attempt 22: accepted F01368-lm-22 — moved mustPass (2,0) -> (8,13)
  attempt 23: accepted F01368-lm-23 — moved blocks (0,5) -> (0,7)
  attempt 24: accepted F01368-lm-24 — moved market (12,3) -> (13,0)
  attempt 25: accepted F01368-lm-25 — moved blocks (2,6) -> (4,3)
  attempt 26: accepted F01368-lm-26 — moved blocks (2,4) -> (0,7)
  attempt 27: accepted F01368-lm-27 — moved blocks (1,5) -> (3,12)
  attempt 28: accepted F01368-lm-28 — moved blocks (2,5) -> (8,8)
  attempt 29: accepted F01368-lm-29 — moved blocks (13,11) -> (8,11)
  attempt 30: accepted F01368-lm-30 — moved blocks (5,9) -> (7,11)

15/15 new local-mutant sibling(s) generated for R01368 in 30 attempt(s) (budget 600); 30 total in data/families/family-R01368-lm.json.
Wrote 30 level(s) total to data/families/family-R01368-lm.json (changed=true), 15 hint file(s) written to data/families/hints/.
Wrote family manifest to data/families/family-R01368-lm-manifest.json (30 variant(s) total).
Parent R01368: witness stressMeta.witnessSolution (len 123, 4 jump(s)), 61 movable object instance(s) under strict inventory.
Found 7 existing sibling(s) at data/families/family-R01368-sym.json — this run will add to them, not replace them.
  attempt 1: rejected — degenerate duplicate of parent or another accepted variant
  attempt 2: rejected — degenerate duplicate of parent or another accepted variant
  attempt 3: rejected — degenerate duplicate of parent or another accepted variant
  attempt 4: rejected — degenerate duplicate of parent or another accepted variant
  attempt 5: rejected — degenerate duplicate of parent or another accepted variant
  attempt 6: rejected — degenerate duplicate of parent or another accepted variant
  attempt 7: rejected — degenerate duplicate of parent or another accepted variant

0/7 new symmetry sibling(s) generated for R01368 in 7 attempt(s) (budget 7); 7 total in data/families/family-R01368-sym.json.
family capacity: 0 accepted this run — every movable instance had zero legal alternative placement, or every attempt degenerated to an already-seen fingerprint. See per-attempt log above.
Wrote 7 level(s) total to data/families/family-R01368-sym.json (changed=false), 0 hint file(s) written to data/families/hints/.
Wrote family manifest to data/families/family-R01368-sym-manifest.json (7 variant(s) total).
portfolio-solve-sweep: corpus=data/families/family-R01368-lm.json levels=30 (30 to solve) scheduler-mode=legacy budget=8000ms node-budget=20000000 workers=4 save-hints=true
  [1/30] L3 (F01368-lm-03) ok=✗
  [2/30] L4 (F01368-lm-04) ok=✗
  [3/30] L1 (F01368-lm-01) ok=✗
  [4/30] L2 (F01368-lm-02) ok=✗
  [5/30] L5 (F01368-lm-05) ok=✗
  [6/30] L6 (F01368-lm-06) ok=✗
  [7/30] L8 (F01368-lm-08) ok=✗
  [8/30] L7 (F01368-lm-07) ok=✗
  [9/30] L9 (F01368-lm-09) ok=✗
  [10/30] L10 (F01368-lm-10) ok=✗
  [11/30] L11 (F01368-lm-11) ok=✗
  [12/30] L12 (F01368-lm-12) ok=✗
  [13/30] L13 (F01368-lm-13) ok=✗
  [14/30] L14 (F01368-lm-14) ok=✗
  [15/30] L15 (F01368-lm-15) ok=✗
  [16/30] L16 (F01368-lm-16) ok=✗
  [17/30] L17 (F01368-lm-17) ok=✗
  [18/30] L18 (F01368-lm-18) ok=✗
  [19/30] L19 (F01368-lm-19) ok=✗
  [20/30] L20 (F01368-lm-20) ok=✗
  (lm solve failed/timed out for R01368)
portfolio-solve-sweep: corpus=data/families/family-R01368-sym.json levels=7 (7 to solve) scheduler-mode=legacy budget=8000ms node-budget=20000000 workers=4 save-hints=true
  [1/7] L4 (F01368-sym-04) ok=✗
  [2/7] L3 (F01368-sym-03) ok=✗
  [3/7] L2 (F01368-sym-02) ok=✗
  [4/7] L1 (F01368-sym-01) ok=✗
  [5/7] L7 (F01368-sym-07) ok=✗
  [6/7] L5 (F01368-sym-05) ok=✗
  [7/7] L6 (F01368-sym-06) ok=✗
Hints: appended to 0 level(s); 0 hint file(s) changed on disk.
Result: solved=0/7, solvedBeforeFallback=0, fallbackOnly=0, unsolved=7
Wrote logs/family-census/solve-R01368-sym.json
Wrote logs/family-census/solve-R01368-sym-summary.md
[04:01:25] DONE R01368
[04:01:25] START R01535
Parent R01535: witness hint[0] (len 75, 0 jump(s)), 46 movable object instance(s) under strict inventory.
Found 15 existing sibling(s) at data/families/family-R01535-lm.json — this run will add to them, not replace them.
  attempt 1: rejected — degenerate duplicate of parent or another accepted variant
  attempt 2: rejected — degenerate duplicate of parent or another accepted variant
  attempt 3: rejected — degenerate duplicate of parent or another accepted variant
  attempt 4: rejected — degenerate duplicate of parent or another accepted variant
  attempt 5: rejected — degenerate duplicate of parent or another accepted variant
  attempt 6: rejected — degenerate duplicate of parent or another accepted variant
  attempt 7: rejected — degenerate duplicate of parent or another accepted variant
  attempt 8: rejected — degenerate duplicate of parent or another accepted variant
  attempt 9: rejected — degenerate duplicate of parent or another accepted variant
  attempt 10: rejected — degenerate duplicate of parent or another accepted variant
  attempt 11: rejected — degenerate duplicate of parent or another accepted variant
  attempt 12: rejected — degenerate duplicate of parent or another accepted variant
  attempt 13: rejected — degenerate duplicate of parent or another accepted variant
  attempt 14: rejected — degenerate duplicate of parent or another accepted variant
  attempt 15: rejected — degenerate duplicate of parent or another accepted variant
  attempt 16: accepted F01535-lm-16 — moved falseGoals (10,4) -> (10,6)
  attempt 17: accepted F01535-lm-17 — moved mustPass (0,2) -> (3,0)
  attempt 18: accepted F01535-lm-18 — moved blocks (8,10) -> (10,1)
  attempt 19: accepted F01535-lm-19 — moved park (0,8) -> (0,1)
  attempt 20: accepted F01535-lm-20 — moved market (3,1) -> (0,0)
  attempt 21: accepted F01535-lm-21 — moved blocks (9,1) -> (10,8)
  attempt 22: accepted F01535-lm-22 — moved market (3,1) -> (2,9)
  attempt 23: accepted F01535-lm-23 — moved flippingFilters (1,3) -> (9,4)
  attempt 24: accepted F01535-lm-24 — moved mustPass (5,0) -> (4,3)
  attempt 25: accepted F01535-lm-25 — moved blocks (1,4) -> (4,4)
  attempt 26: accepted F01535-lm-26 — moved statue (6,7) -> (3,3)
  attempt 27: accepted F01535-lm-27 — moved blocks (10,5) -> (0,0)
  attempt 28: accepted F01535-lm-28 — moved blocks (3,10) -> (10,1)
  attempt 29: accepted F01535-lm-29 — moved fountain (1,10) -> (4,9)
  attempt 30: accepted F01535-lm-30 — moved mustPass (7,2) -> (4,9)

15/15 new local-mutant sibling(s) generated for R01535 in 30 attempt(s) (budget 600); 30 total in data/families/family-R01535-lm.json.
Wrote 30 level(s) total to data/families/family-R01535-lm.json (changed=true), 15 hint file(s) written to data/families/hints/.
Wrote family manifest to data/families/family-R01535-lm-manifest.json (30 variant(s) total).
Parent R01535: witness hint[0] (len 75, 0 jump(s)), 46 movable object instance(s) under strict inventory.
Found 7 existing sibling(s) at data/families/family-R01535-sym.json — this run will add to them, not replace them.
  attempt 1: rejected — degenerate duplicate of parent or another accepted variant
  attempt 2: rejected — degenerate duplicate of parent or another accepted variant
  attempt 3: rejected — degenerate duplicate of parent or another accepted variant
  attempt 4: rejected — degenerate duplicate of parent or another accepted variant
  attempt 5: rejected — degenerate duplicate of parent or another accepted variant
  attempt 6: rejected — degenerate duplicate of parent or another accepted variant
  attempt 7: rejected — degenerate duplicate of parent or another accepted variant

0/7 new symmetry sibling(s) generated for R01535 in 7 attempt(s) (budget 7); 7 total in data/families/family-R01535-sym.json.
family capacity: 0 accepted this run — every movable instance had zero legal alternative placement, or every attempt degenerated to an already-seen fingerprint. See per-attempt log above.
Wrote 7 level(s) total to data/families/family-R01535-sym.json (changed=false), 0 hint file(s) written to data/families/hints/.
Wrote family manifest to data/families/family-R01535-sym-manifest.json (7 variant(s) total).
portfolio-solve-sweep: corpus=data/families/family-R01535-lm.json levels=30 (30 to solve) scheduler-mode=legacy budget=8000ms node-budget=20000000 workers=4 save-hints=true
  [1/30] L4 (F01535-lm-04) ok=✓ legacy [hint saved]
  [2/30] L3 (F01535-lm-03) ok=✓ legacy [hint saved]
  [3/30] L2 (F01535-lm-02) ok=✓ legacy [hint saved]
  [4/30] L5 (F01535-lm-05) ok=✓ legacy [hint saved]
  [5/30] L7 (F01535-lm-07) ok=✓ legacy [hint saved]
  [6/30] L1 (F01535-lm-01) ok=✓ legacy [hint saved]
  [7/30] L8 (F01535-lm-08) ok=✓ legacy [hint saved]
  [8/30] L6 (F01535-lm-06) ok=✗
  [9/30] L11 (F01535-lm-11) ok=✓ legacy [hint saved]
  [10/30] L9 (F01535-lm-09) ok=✓ legacy [hint saved]
  [11/30] L10 (F01535-lm-10) ok=✓ legacy [hint saved]
  [12/30] L12 (F01535-lm-12) ok=✓ legacy [hint saved]
  [13/30] L13 (F01535-lm-13) ok=✓ legacy [hint saved]
  [14/30] L14 (F01535-lm-14) ok=✓ legacy [hint saved]
  [15/30] L15 (F01535-lm-15) ok=✓ legacy [hint saved]
  [16/30] L16 (F01535-lm-16) ok=✓ legacy [hint saved]
  [17/30] L20 (F01535-lm-20) ok=✓ legacy [hint saved]
  [18/30] L17 (F01535-lm-17) ok=✓ legacy [hint saved]
  [19/30] L18 (F01535-lm-18) ok=✓ legacy [hint saved]
  [20/30] L19 (F01535-lm-19) ok=✓ legacy [hint saved]
  [21/30] L21 (F01535-lm-21) ok=✓ legacy [hint saved]
  [22/30] L23 (F01535-lm-23) ok=✓ legacy [hint saved]
  [23/30] L22 (F01535-lm-22) ok=✓ legacy [hint saved]
  [24/30] L26 (F01535-lm-26) ok=✓ legacy [hint saved]
  [25/30] L24 (F01535-lm-24) ok=✓ legacy [hint saved]
  [26/30] L25 (F01535-lm-25) ok=✓ legacy [hint saved]
  [27/30] L29 (F01535-lm-29) ok=✓ legacy [hint saved]
  [28/30] L27 (F01535-lm-27) ok=✓ legacy [hint saved]
  [29/30] L28 (F01535-lm-28) ok=✓ legacy [hint saved]
  [30/30] L30 (F01535-lm-30) ok=✓ legacy [hint saved]
Hints: appended to 29 level(s); 29 hint file(s) changed on disk.
Result: solved=29/30, solvedBeforeFallback=0, fallbackOnly=29, unsolved=1
Wrote logs/family-census/solve-R01535-lm.json
Wrote logs/family-census/solve-R01535-lm-summary.md
portfolio-solve-sweep: corpus=data/families/family-R01535-sym.json levels=7 (7 to solve) scheduler-mode=legacy budget=8000ms node-budget=20000000 workers=4 save-hints=true
  [1/7] L4 (F01535-sym-04) ok=✓ legacy [hint saved]
  [2/7] L2 (F01535-sym-02) ok=✓ legacy [hint saved]
  [3/7] L1 (F01535-sym-01) ok=✗
  [4/7] L3 (F01535-sym-03) ok=✗
  [5/7] L5 (F01535-sym-05) ok=✓ legacy [hint saved]
  [6/7] L6 (F01535-sym-06) ok=✗
  [7/7] L7 (F01535-sym-07) ok=✗
Hints: appended to 3 level(s); 3 hint file(s) changed on disk.
Result: solved=3/7, solvedBeforeFallback=0, fallbackOnly=3, unsolved=4
Wrote logs/family-census/solve-R01535-sym.json
Wrote logs/family-census/solve-R01535-sym-summary.md
[04:04:45] DONE R01535
[04:04:45] START R01691
Parent R01691: witness stressMeta.witnessSolution (len 120, 0 jump(s)), 59 movable object instance(s) under strict inventory.
Found 15 existing sibling(s) at data/families/family-R01691-lm.json — this run will add to them, not replace them.
  attempt 1: rejected — degenerate duplicate of parent or another accepted variant
  attempt 2: rejected — degenerate duplicate of parent or another accepted variant
  attempt 3: rejected — degenerate duplicate of parent or another accepted variant
  attempt 4: rejected — degenerate duplicate of parent or another accepted variant
  attempt 5: rejected — degenerate duplicate of parent or another accepted variant
  attempt 6: rejected — degenerate duplicate of parent or another accepted variant
  attempt 7: rejected — degenerate duplicate of parent or another accepted variant
  attempt 8: rejected — degenerate duplicate of parent or another accepted variant
  attempt 9: rejected — degenerate duplicate of parent or another accepted variant
  attempt 10: rejected — degenerate duplicate of parent or another accepted variant
  attempt 11: rejected — degenerate duplicate of parent or another accepted variant
  attempt 12: rejected — degenerate duplicate of parent or another accepted variant
  attempt 13: rejected — degenerate duplicate of parent or another accepted variant
  attempt 14: rejected — degenerate duplicate of parent or another accepted variant
  attempt 15: rejected — degenerate duplicate of parent or another accepted variant
  attempt 16: accepted F01691-lm-16 — moved blocks (3,13) -> (7,14)
  attempt 17: accepted F01691-lm-17 — moved park (5,4) -> (0,10)
  attempt 18: accepted F01691-lm-18 — moved blocks (9,7) -> (0,9)
  attempt 19: accepted F01691-lm-19 — moved lamppost (11,13) -> (4,7)
  attempt 20: accepted F01691-lm-20 — moved blocks (3,14) -> (2,4)
  attempt 21: accepted F01691-lm-21 — moved blocks (0,13) -> (9,5)
  attempt 22: accepted F01691-lm-22 — moved fountain (7,4) -> (7,0)
  attempt 23: accepted F01691-lm-23 — moved blocks (5,6) -> (14,13)
  attempt 24: accepted F01691-lm-24 — moved blocks (3,14) -> (11,11)
  attempt 25: accepted F01691-lm-25 — moved blocks (9,12) -> (11,4)
  attempt 26: accepted F01691-lm-26 — moved lamppost (4,3) -> (8,1)
  attempt 27: accepted F01691-lm-27 — moved blocks (5,7) -> (0,14)
  attempt 28: accepted F01691-lm-28 — moved library (4,8) -> (14,10)
  attempt 29: accepted F01691-lm-29 — moved blocks (9,7) -> (11,7)
  attempt 30: accepted F01691-lm-30 — moved blocks (9,12) -> (4,13)

15/15 new local-mutant sibling(s) generated for R01691 in 30 attempt(s) (budget 600); 30 total in data/families/family-R01691-lm.json.
Wrote 30 level(s) total to data/families/family-R01691-lm.json (changed=true), 15 hint file(s) written to data/families/hints/.
Wrote family manifest to data/families/family-R01691-lm-manifest.json (30 variant(s) total).
Parent R01691: witness stressMeta.witnessSolution (len 120, 0 jump(s)), 59 movable object instance(s) under strict inventory.
Found 7 existing sibling(s) at data/families/family-R01691-sym.json — this run will add to them, not replace them.
  attempt 1: rejected — degenerate duplicate of parent or another accepted variant
  attempt 2: rejected — degenerate duplicate of parent or another accepted variant
  attempt 3: rejected — degenerate duplicate of parent or another accepted variant
  attempt 4: rejected — degenerate duplicate of parent or another accepted variant
  attempt 5: rejected — degenerate duplicate of parent or another accepted variant
  attempt 6: rejected — degenerate duplicate of parent or another accepted variant
  attempt 7: rejected — degenerate duplicate of parent or another accepted variant

0/7 new symmetry sibling(s) generated for R01691 in 7 attempt(s) (budget 7); 7 total in data/families/family-R01691-sym.json.
family capacity: 0 accepted this run — every movable instance had zero legal alternative placement, or every attempt degenerated to an already-seen fingerprint. See per-attempt log above.
Wrote 7 level(s) total to data/families/family-R01691-sym.json (changed=false), 0 hint file(s) written to data/families/hints/.
Wrote family manifest to data/families/family-R01691-sym-manifest.json (7 variant(s) total).
portfolio-solve-sweep: corpus=data/families/family-R01691-lm.json levels=30 (30 to solve) scheduler-mode=legacy budget=8000ms node-budget=20000000 workers=4 save-hints=true
  [1/30] L2 (F01691-lm-02) ok=✓ legacy [hint saved]
  [2/30] L4 (F01691-lm-04) ok=✓ legacy [hint saved]
  [3/30] L1 (F01691-lm-01) ok=✓ legacy [hint saved]
  [4/30] L3 (F01691-lm-03) ok=✓ legacy [hint saved]
  [5/30] L5 (F01691-lm-05) ok=✓ legacy [hint saved]
  [6/30] L8 (F01691-lm-08) ok=✓ legacy [hint saved]
  [7/30] L6 (F01691-lm-06) ok=✓ legacy [hint saved]
  [8/30] L7 (F01691-lm-07) ok=✓ legacy [hint saved]
  [9/30] L12 (F01691-lm-12) ok=✓ legacy [hint saved]
  [10/30] L10 (F01691-lm-10) ok=✓ legacy [hint saved]
  [11/30] L11 (F01691-lm-11) ok=✓ legacy [hint saved]
  [12/30] L13 (F01691-lm-13) ok=✓ legacy [hint saved]
  [13/30] L14 (F01691-lm-14) ok=✓ legacy [hint saved]
  [14/30] L9 (F01691-lm-09) ok=✗
  [15/30] L17 (F01691-lm-17) ok=✓ legacy [hint saved]
  [16/30] L19 (F01691-lm-19) ok=✓ legacy [hint saved]
  [17/30] L15 (F01691-lm-15) ok=✓ legacy [hint saved]
  [18/30] L16 (F01691-lm-16) ok=✓ legacy [hint saved]
  [19/30] L20 (F01691-lm-20) ok=✓ legacy [hint saved]
  [20/30] L18 (F01691-lm-18) ok=✓ legacy [hint saved]
  [21/30] L21 (F01691-lm-21) ok=✓ legacy [hint saved]
  [22/30] L24 (F01691-lm-24) ok=✓ legacy [hint saved]
  [23/30] L25 (F01691-lm-25) ok=✓ legacy [hint saved]
  [24/30] L26 (F01691-lm-26) ok=✓ legacy [hint saved]
  [25/30] L28 (F01691-lm-28) ok=✓ legacy [hint saved]
  [26/30] L23 (F01691-lm-23) ok=✗
  [27/30] L22 (F01691-lm-22) ok=✗
  [28/30] L30 (F01691-lm-30) ok=✓ legacy [hint saved]
  [29/30] L27 (F01691-lm-27) ok=✗
  [30/30] L29 (F01691-lm-29) ok=✗
Hints: appended to 25 level(s); 25 hint file(s) changed on disk.
Result: solved=25/30, solvedBeforeFallback=0, fallbackOnly=25, unsolved=5
Wrote logs/family-census/solve-R01691-lm.json
Wrote logs/family-census/solve-R01691-lm-summary.md
portfolio-solve-sweep: corpus=data/families/family-R01691-sym.json levels=7 (7 to solve) scheduler-mode=legacy budget=8000ms node-budget=20000000 workers=4 save-hints=true
  [1/7] L1 (F01691-sym-01) ok=✓ legacy [hint saved]
  [2/7] L3 (F01691-sym-03) ok=✓ legacy [hint saved]
  [3/7] L4 (F01691-sym-04) ok=✓ legacy [hint saved]
  [4/7] L2 (F01691-sym-02) ok=✓ legacy [hint saved]
  [5/7] L7 (F01691-sym-07) ok=✓ legacy [hint saved]
  [6/7] L5 (F01691-sym-05) ok=✓ legacy [hint saved]
  [7/7] L6 (F01691-sym-06) ok=✓ legacy [hint saved]
Hints: appended to 7 level(s); 7 hint file(s) changed on disk.
Result: solved=7/7, solvedBeforeFallback=0, fallbackOnly=7, unsolved=0
Wrote logs/family-census/solve-R01691-sym.json
Wrote logs/family-census/solve-R01691-sym-summary.md
[04:07:04] DONE R01691
[04:07:04] START R01860
Parent R01860: witness hint[0] (len 76, 5 jump(s)), 38 movable object instance(s) under strict inventory.
Found 15 existing sibling(s) at data/families/family-R01860-lm.json — this run will add to them, not replace them.
  attempt 1: rejected — degenerate duplicate of parent or another accepted variant
  attempt 2: rejected — degenerate duplicate of parent or another accepted variant
  attempt 3: rejected — degenerate duplicate of parent or another accepted variant
  attempt 4: rejected — degenerate duplicate of parent or another accepted variant
  attempt 5: rejected — degenerate duplicate of parent or another accepted variant
  attempt 6: rejected — degenerate duplicate of parent or another accepted variant
  attempt 7: rejected — degenerate duplicate of parent or another accepted variant
  attempt 8: rejected — degenerate duplicate of parent or another accepted variant
  attempt 9: rejected — degenerate duplicate of parent or another accepted variant
  attempt 10: rejected — degenerate duplicate of parent or another accepted variant
  attempt 11: rejected — degenerate duplicate of parent or another accepted variant
  attempt 12: rejected — degenerate duplicate of parent or another accepted variant
  attempt 13: rejected — degenerate duplicate of parent or another accepted variant
  attempt 14: rejected — degenerate duplicate of parent or another accepted variant
  attempt 15: rejected — degenerate duplicate of parent or another accepted variant
  attempt 16: accepted F01860-lm-16 — moved mustPass (8,8) -> (6,6)
  attempt 17: accepted F01860-lm-17 — moved falseGoals (1,1) -> (8,0)
  attempt 18: accepted F01860-lm-18 — moved fountain (0,9) -> (5,10)
  attempt 19: accepted F01860-lm-19 — moved falseGoals (3,3) -> (3,5)
  attempt 20: accepted F01860-lm-20 — moved mustPass (9,5) -> (0,3)
  attempt 21: accepted F01860-lm-21 — moved library (10,9) -> (7,3)
  attempt 22: accepted F01860-lm-22 — moved blocks (5,2) -> (3,1)
  attempt 23: accepted F01860-lm-23 — moved falseGoals (2,10) -> (6,0)
  attempt 24: accepted F01860-lm-24 — moved mustPass (9,8) -> (4,4)
  attempt 25: accepted F01860-lm-25 — moved falseGoals (1,1) -> (4,1)
  attempt 26: accepted F01860-lm-26 — moved falseGoals (2,10) -> (3,1)
  attempt 27: accepted F01860-lm-27 — moved mustPass (9,5) -> (4,6)
  attempt 28: accepted F01860-lm-28 — moved mustPass (9,5) -> (8,4)
  attempt 29: accepted F01860-lm-29 — moved mustPass (8,8) -> (5,6)
  attempt 30: accepted F01860-lm-30 — moved blocks (1,0) -> (1,10)

15/15 new local-mutant sibling(s) generated for R01860 in 30 attempt(s) (budget 600); 30 total in data/families/family-R01860-lm.json.
Wrote 30 level(s) total to data/families/family-R01860-lm.json (changed=true), 15 hint file(s) written to data/families/hints/.
Wrote family manifest to data/families/family-R01860-lm-manifest.json (30 variant(s) total).
Parent R01860: witness hint[0] (len 76, 5 jump(s)), 38 movable object instance(s) under strict inventory.
Found 7 existing sibling(s) at data/families/family-R01860-sym.json — this run will add to them, not replace them.
  attempt 1: rejected — degenerate duplicate of parent or another accepted variant
  attempt 2: rejected — degenerate duplicate of parent or another accepted variant
  attempt 3: rejected — degenerate duplicate of parent or another accepted variant
  attempt 4: rejected — degenerate duplicate of parent or another accepted variant
  attempt 5: rejected — degenerate duplicate of parent or another accepted variant
  attempt 6: rejected — degenerate duplicate of parent or another accepted variant
  attempt 7: rejected — degenerate duplicate of parent or another accepted variant

0/7 new symmetry sibling(s) generated for R01860 in 7 attempt(s) (budget 7); 7 total in data/families/family-R01860-sym.json.
family capacity: 0 accepted this run — every movable instance had zero legal alternative placement, or every attempt degenerated to an already-seen fingerprint. See per-attempt log above.
Wrote 7 level(s) total to data/families/family-R01860-sym.json (changed=false), 0 hint file(s) written to data/families/hints/.
Wrote family manifest to data/families/family-R01860-sym-manifest.json (7 variant(s) total).
portfolio-solve-sweep: corpus=data/families/family-R01860-lm.json levels=30 (30 to solve) scheduler-mode=legacy budget=8000ms node-budget=20000000 workers=4 save-hints=true
  [1/30] L2 (F01860-lm-02) ok=✗
  [2/30] L1 (F01860-lm-01) ok=✗
  [3/30] L3 (F01860-lm-03) ok=✗
  [4/30] L4 (F01860-lm-04) ok=✗
  [5/30] L5 (F01860-lm-05) ok=✓ legacy [hint saved]
  [6/30] L9 (F01860-lm-09) ok=✓ legacy [hint saved]
