[03:14:20] START R00180
Parent R00180: witness stressMeta.witnessSolution (len 133, 0 jump(s)), 56 movable object instance(s) under strict inventory.
Found 15 existing sibling(s) at data/families/family-R00180-lm.json — this run will add to them, not replace them.
  attempt 1: rejected — degenerate duplicate of parent or another accepted variant
  attempt 2: rejected — degenerate duplicate of parent or another accepted variant
  attempt 3: rejected — degenerate duplicate of parent or another accepted variant
  attempt 4: rejected — degenerate duplicate of parent or another accepted variant
  attempt 5: rejected — degenerate duplicate of parent or another accepted variant
  attempt 6: rejected — degenerate duplicate of parent or another accepted variant
  attempt 7: rejected — degenerate duplicate of parent or another accepted variant
  attempt 8: rejected — degenerate duplicate of parent or another accepted variant
  attempt 9: rejected — degenerate duplicate of parent or another accepted variant
  attempt 10: rejected — degenerate duplicate of parent or another accepted variant
  attempt 11: rejected — degenerate duplicate of parent or another accepted variant
  attempt 12: rejected — degenerate duplicate of parent or another accepted variant
  attempt 13: rejected — degenerate duplicate of parent or another accepted variant
  attempt 14: rejected — degenerate duplicate of parent or another accepted variant
  attempt 15: rejected — degenerate duplicate of parent or another accepted variant
  attempt 16: accepted F00180-lm-16 — moved geese (5,8) -> (2,14)
  attempt 17: accepted F00180-lm-17 — moved geese (7,14) -> (6,7)
  attempt 18: accepted F00180-lm-18 — moved blocks (10,12) -> (0,1)
  attempt 19: accepted F00180-lm-19 — moved blocks (4,4) -> (2,14)
  attempt 20: accepted F00180-lm-20 — moved mustPass (13,12) -> (6,11)
  attempt 21: accepted F00180-lm-21 — moved library (13,5) -> (14,13)
  attempt 22: accepted F00180-lm-22 — moved blocks (6,1) -> (4,13)
  attempt 23: accepted F00180-lm-23 — moved blocks (6,1) -> (1,13)
  attempt 24: accepted F00180-lm-24 — moved mustPass (13,12) -> (6,5)
  attempt 25: accepted F00180-lm-25 — moved geese (5,8) -> (0,0)
  attempt 26: accepted F00180-lm-26 — moved mustPass (14,10) -> (2,8)
  attempt 27: accepted F00180-lm-27 — moved blocks (1,11) -> (8,11)
  attempt 28: accepted F00180-lm-28 — moved blocks (11,8) -> (0,6)
  attempt 29: accepted F00180-lm-29 — moved mustPass (7,0) -> (13,11)
  attempt 30: accepted F00180-lm-30 — moved mustPass (13,4) -> (4,11)

15/15 new local-mutant sibling(s) generated for R00180 in 30 attempt(s) (budget 600); 30 total in data/families/family-R00180-lm.json.
Wrote 30 level(s) total to data/families/family-R00180-lm.json (changed=true), 15 hint file(s) written to data/families/hints/.
Wrote family manifest to data/families/family-R00180-lm-manifest.json (30 variant(s) total).
Parent R00180: witness stressMeta.witnessSolution (len 133, 0 jump(s)), 56 movable object instance(s) under strict inventory.
Found 7 existing sibling(s) at data/families/family-R00180-sym.json — this run will add to them, not replace them.
  attempt 1: rejected — degenerate duplicate of parent or another accepted variant
  attempt 2: rejected — degenerate duplicate of parent or another accepted variant
  attempt 3: rejected — degenerate duplicate of parent or another accepted variant
  attempt 4: rejected — degenerate duplicate of parent or another accepted variant
  attempt 5: rejected — degenerate duplicate of parent or another accepted variant
  attempt 6: rejected — degenerate duplicate of parent or another accepted variant
  attempt 7: rejected — degenerate duplicate of parent or another accepted variant

0/7 new symmetry sibling(s) generated for R00180 in 7 attempt(s) (budget 7); 7 total in data/families/family-R00180-sym.json.
family capacity: 0 accepted this run — every movable instance had zero legal alternative placement, or every attempt degenerated to an already-seen fingerprint. See per-attempt log above.
Wrote 7 level(s) total to data/families/family-R00180-sym.json (changed=false), 0 hint file(s) written to data/families/hints/.
Wrote family manifest to data/families/family-R00180-sym-manifest.json (7 variant(s) total).
portfolio-solve-sweep: corpus=data/families/family-R00180-lm.json levels=30 (30 to solve) scheduler-mode=legacy budget=8000ms node-budget=20000000 workers=4 save-hints=true
  [1/30] L1 (F00180-lm-01) ok=✗
  [2/30] L4 (F00180-lm-04) ok=✗
  [3/30] L3 (F00180-lm-03) ok=✗
  [4/30] L2 (F00180-lm-02) ok=✗
  [5/30] L6 (F00180-lm-06) ok=✗
  [6/30] L5 (F00180-lm-05) ok=✗
  [7/30] L7 (F00180-lm-07) ok=✗
  [8/30] L8 (F00180-lm-08) ok=✗
  [9/30] L9 (F00180-lm-09) ok=✗
  [10/30] L10 (F00180-lm-10) ok=✗
  [11/30] L11 (F00180-lm-11) ok=✗
  [12/30] L12 (F00180-lm-12) ok=✗
  [13/30] L13 (F00180-lm-13) ok=✗
  [14/30] L14 (F00180-lm-14) ok=✗
  [15/30] L15 (F00180-lm-15) ok=✗
  [16/30] L16 (F00180-lm-16) ok=✗
  [17/30] L17 (F00180-lm-17) ok=✗
  [18/30] L19 (F00180-lm-19) ok=✗
  [19/30] L18 (F00180-lm-18) ok=✗
  [20/30] L20 (F00180-lm-20) ok=✗
  [21/30] L21 (F00180-lm-21) ok=✗
  [22/30] L22 (F00180-lm-22) ok=✗
  [23/30] L23 (F00180-lm-23) ok=✗
  [24/30] L24 (F00180-lm-24) ok=✗
  [25/30] L25 (F00180-lm-25) ok=✗
  [26/30] L26 (F00180-lm-26) ok=✗
  [27/30] L27 (F00180-lm-27) ok=✗
  [28/30] L28 (F00180-lm-28) ok=✗
  [29/30] L29 (F00180-lm-29) ok=✗
  [30/30] L30 (F00180-lm-30) ok=✗
Hints: appended to 0 level(s); 0 hint file(s) changed on disk.
Result: solved=0/30, solvedBeforeFallback=0, fallbackOnly=0, unsolved=30
Wrote logs/family-census/solve-R00180-lm.json
Wrote logs/family-census/solve-R00180-lm-summary.md
portfolio-solve-sweep: corpus=data/families/family-R00180-sym.json levels=7 (7 to solve) scheduler-mode=legacy budget=8000ms node-budget=20000000 workers=4 save-hints=true
  [1/7] L4 (F00180-sym-04) ok=✗
  [2/7] L2 (F00180-sym-02) ok=✗
  [3/7] L1 (F00180-sym-01) ok=✗
  [4/7] L3 (F00180-sym-03) ok=✗
  [5/7] L7 (F00180-sym-07) ok=✗
  [6/7] L5 (F00180-sym-05) ok=✗
  [7/7] L6 (F00180-sym-06) ok=✗
Hints: appended to 0 level(s); 0 hint file(s) changed on disk.
Result: solved=0/7, solvedBeforeFallback=0, fallbackOnly=0, unsolved=7
Wrote logs/family-census/solve-R00180-sym.json
Wrote logs/family-census/solve-R00180-sym-summary.md
[03:22:42] DONE R00180
[03:22:42] START R00417
Parent R00417: witness stressMeta.witnessSolution (len 89, 6 jump(s)), 42 movable object instance(s) under strict inventory.
Found 15 existing sibling(s) at data/families/family-R00417-lm.json — this run will add to them, not replace them.
  attempt 1: rejected — degenerate duplicate of parent or another accepted variant
  attempt 2: rejected — degenerate duplicate of parent or another accepted variant
  attempt 3: rejected — degenerate duplicate of parent or another accepted variant
  attempt 4: rejected — degenerate duplicate of parent or another accepted variant
  attempt 5: rejected — degenerate duplicate of parent or another accepted variant
  attempt 6: rejected — degenerate duplicate of parent or another accepted variant
  attempt 7: rejected — degenerate duplicate of parent or another accepted variant
  attempt 8: rejected — degenerate duplicate of parent or another accepted variant
  attempt 9: rejected — degenerate duplicate of parent or another accepted variant
  attempt 10: rejected — degenerate duplicate of parent or another accepted variant
  attempt 11: rejected — degenerate duplicate of parent or another accepted variant
  attempt 12: rejected — degenerate duplicate of parent or another accepted variant
  attempt 13: rejected — degenerate duplicate of parent or another accepted variant
  attempt 14: rejected — degenerate duplicate of parent or another accepted variant
  attempt 15: rejected — degenerate duplicate of parent or another accepted variant
  attempt 16: accepted F00417-lm-16 — moved flippingFilters (5,0) -> (1,0)
  attempt 17: accepted F00417-lm-17 — moved flippingFilters (9,5) -> (5,9)
  attempt 18: accepted F00417-lm-18 — moved flippingFilters (9,3) -> (7,9)
  attempt 19: accepted F00417-lm-19 — moved flippingFilters (9,5) -> (4,2)
  attempt 20: accepted F00417-lm-20 — moved flippingFilters (9,5) -> (7,9)
  attempt 21: accepted F00417-lm-21 — moved mustPass (6,1) -> (3,2)
  attempt 22: rejected — degenerate duplicate of parent or another accepted variant
  attempt 23: accepted F00417-lm-22 — moved mustPass (2,6) -> (5,9)
  attempt 24: accepted F00417-lm-23 — moved flippingFilters (5,0) -> (6,10)
  attempt 25: rejected — degenerate duplicate of parent or another accepted variant
  attempt 26: accepted F00417-lm-24 — moved mustPass (1,1) -> (5,9)
  attempt 27: accepted F00417-lm-25 — moved mustPass (2,6) -> (7,1)
  attempt 28: accepted F00417-lm-26 — moved flippingFilters (7,2) -> (8,1)
  attempt 29: accepted F00417-lm-27 — moved flippingFilters (9,5) -> (6,8)
  attempt 30: rejected — degenerate duplicate of parent or another accepted variant
  attempt 31: rejected — degenerate duplicate of parent or another accepted variant
  attempt 32: accepted F00417-lm-28 — moved mustPass (10,7) -> (0,5)
  attempt 33: accepted F00417-lm-29 — moved mustPass (6,1) -> (4,2)
  attempt 34: accepted F00417-lm-30 — moved mustPass (10,4) -> (7,4)

15/15 new local-mutant sibling(s) generated for R00417 in 34 attempt(s) (budget 600); 30 total in data/families/family-R00417-lm.json.
Wrote 30 level(s) total to data/families/family-R00417-lm.json (changed=true), 15 hint file(s) written to data/families/hints/.
Wrote family manifest to data/families/family-R00417-lm-manifest.json (30 variant(s) total).
Parent R00417: witness stressMeta.witnessSolution (len 89, 6 jump(s)), 42 movable object instance(s) under strict inventory.
Found 7 existing sibling(s) at data/families/family-R00417-sym.json — this run will add to them, not replace them.
  attempt 1: rejected — degenerate duplicate of parent or another accepted variant
  attempt 2: rejected — degenerate duplicate of parent or another accepted variant
  attempt 3: rejected — degenerate duplicate of parent or another accepted variant
  attempt 4: rejected — degenerate duplicate of parent or another accepted variant
  attempt 5: rejected — degenerate duplicate of parent or another accepted variant
  attempt 6: rejected — degenerate duplicate of parent or another accepted variant
  attempt 7: rejected — degenerate duplicate of parent or another accepted variant

0/7 new symmetry sibling(s) generated for R00417 in 7 attempt(s) (budget 7); 7 total in data/families/family-R00417-sym.json.
family capacity: 0 accepted this run — every movable instance had zero legal alternative placement, or every attempt degenerated to an already-seen fingerprint. See per-attempt log above.
Wrote 7 level(s) total to data/families/family-R00417-sym.json (changed=false), 0 hint file(s) written to data/families/hints/.
Wrote family manifest to data/families/family-R00417-sym-manifest.json (7 variant(s) total).
portfolio-solve-sweep: corpus=data/families/family-R00417-lm.json levels=30 (30 to solve) scheduler-mode=legacy budget=8000ms node-budget=20000000 workers=4 save-hints=true
  [1/30] L4 (F00417-lm-04) ok=✗
  [2/30] L2 (F00417-lm-02) ok=✗
  [3/30] L3 (F00417-lm-03) ok=✗
  [4/30] L1 (F00417-lm-01) ok=✗
  [5/30] L5 (F00417-lm-05) ok=✗
  [6/30] L6 (F00417-lm-06) ok=✗
  [7/30] L7 (F00417-lm-07) ok=✗
  [8/30] L8 (F00417-lm-08) ok=✗
  [9/30] L9 (F00417-lm-09) ok=✗
  [10/30] L10 (F00417-lm-10) ok=✗
  [11/30] L11 (F00417-lm-11) ok=✗
  [12/30] L12 (F00417-lm-12) ok=✗
  [13/30] L13 (F00417-lm-13) ok=✗
  [14/30] L14 (F00417-lm-14) ok=✗
  [15/30] L15 (F00417-lm-15) ok=✗
  [16/30] L16 (F00417-lm-16) ok=✗
  [17/30] L17 (F00417-lm-17) ok=✗
  [18/30] L18 (F00417-lm-18) ok=✗
  [19/30] L19 (F00417-lm-19) ok=✗
  [20/30] L20 (F00417-lm-20) ok=✗
  [21/30] L21 (F00417-lm-21) ok=✗
  [22/30] L22 (F00417-lm-22) ok=✗
  [23/30] L23 (F00417-lm-23) ok=✗
  [24/30] L24 (F00417-lm-24) ok=✗
  [25/30] L25 (F00417-lm-25) ok=✗
  [26/30] L26 (F00417-lm-26) ok=✗
  [27/30] L27 (F00417-lm-27) ok=✗
  [28/30] L29 (F00417-lm-29) ok=✗
  [29/30] L28 (F00417-lm-28) ok=✗
  [30/30] L30 (F00417-lm-30) ok=✗
Hints: appended to 0 level(s); 0 hint file(s) changed on disk.
Result: solved=0/30, solvedBeforeFallback=0, fallbackOnly=0, unsolved=30
Wrote logs/family-census/solve-R00417-lm.json
Wrote logs/family-census/solve-R00417-lm-summary.md
portfolio-solve-sweep: corpus=data/families/family-R00417-sym.json levels=7 (7 to solve) scheduler-mode=legacy budget=8000ms node-budget=20000000 workers=4 save-hints=true
  [1/7] L2 (F00417-sym-02) ok=✗
  [2/7] L4 (F00417-sym-04) ok=✗
  [3/7] L1 (F00417-sym-01) ok=✗
  [4/7] L3 (F00417-sym-03) ok=✗
  [5/7] L5 (F00417-sym-05) ok=✗
  [6/7] L7 (F00417-sym-07) ok=✗
  [7/7] L6 (F00417-sym-06) ok=✗
Hints: appended to 0 level(s); 0 hint file(s) changed on disk.
Result: solved=0/7, solvedBeforeFallback=0, fallbackOnly=0, unsolved=7
Wrote logs/family-census/solve-R00417-sym.json
Wrote logs/family-census/solve-R00417-sym-summary.md
[03:31:08] DONE R00417
[03:31:08] START R00563
Parent R00563: witness stressMeta.witnessSolution (len 101, 6 jump(s)), 42 movable object instance(s) under strict inventory.
Found 15 existing sibling(s) at data/families/family-R00563-lm.json — this run will add to them, not replace them.
  attempt 1: rejected — degenerate duplicate of parent or another accepted variant
  attempt 2: rejected — degenerate duplicate of parent or another accepted variant
  attempt 3: rejected — degenerate duplicate of parent or another accepted variant
  attempt 4: rejected — degenerate duplicate of parent or another accepted variant
  attempt 5: rejected — degenerate duplicate of parent or another accepted variant
  attempt 6: rejected — degenerate duplicate of parent or another accepted variant
  attempt 7: rejected — degenerate duplicate of parent or another accepted variant
  attempt 8: rejected — degenerate duplicate of parent or another accepted variant
  attempt 9: rejected — degenerate duplicate of parent or another accepted variant
  attempt 10: rejected — degenerate duplicate of parent or another accepted variant
  attempt 11: rejected — degenerate duplicate of parent or another accepted variant
  attempt 12: rejected — degenerate duplicate of parent or another accepted variant
  attempt 13: rejected — degenerate duplicate of parent or another accepted variant
  attempt 14: rejected — degenerate duplicate of parent or another accepted variant
  attempt 15: rejected — degenerate duplicate of parent or another accepted variant
  attempt 16: rejected — degenerate duplicate of parent or another accepted variant
  attempt 17: rejected — degenerate duplicate of parent or another accepted variant
  attempt 18: accepted F00563-lm-16 — moved mustPass (8,6) -> (3,8)
  attempt 19: accepted F00563-lm-17 — moved flippingFilters (10,6) -> (3,9)
  attempt 20: accepted F00563-lm-18 — moved mustPass (5,5) -> (5,3)
  attempt 21: accepted F00563-lm-19 — moved statue (9,3) -> (4,6)
  attempt 22: accepted F00563-lm-20 — moved flippingFilters (2,7) -> (0,6)
  attempt 23: accepted F00563-lm-21 — moved mustCross (8,1) -> (7,1)
  attempt 24: accepted F00563-lm-22 — moved mustPass (7,8) -> (6,1)
  attempt 25: accepted F00563-lm-23 — moved falseGoals (2,4) -> (9,6)
  attempt 26: accepted F00563-lm-24 — moved flippingFilters (9,8) -> (8,9)
  attempt 27: accepted F00563-lm-25 — moved mustCross (5,4) -> (3,3)
  attempt 28: rejected — degenerate duplicate of parent or another accepted variant
  attempt 29: accepted F00563-lm-26 — moved market (1,8) -> (9,0)
  attempt 30: accepted F00563-lm-27 — moved mustCross (8,1) -> (3,3)
  attempt 31: accepted F00563-lm-28 — moved statue (5,0) -> (9,4)
  attempt 32: accepted F00563-lm-29 — moved statue (5,1) -> (9,0)
  attempt 33: rejected — degenerate duplicate of parent or another accepted variant
  attempt 34: accepted F00563-lm-30 — moved mustCross (4,3) -> (3,3)

15/15 new local-mutant sibling(s) generated for R00563 in 34 attempt(s) (budget 600); 30 total in data/families/family-R00563-lm.json.
Wrote 30 level(s) total to data/families/family-R00563-lm.json (changed=true), 15 hint file(s) written to data/families/hints/.
Wrote family manifest to data/families/family-R00563-lm-manifest.json (30 variant(s) total).
Parent R00563: witness stressMeta.witnessSolution (len 101, 6 jump(s)), 42 movable object instance(s) under strict inventory.
Found 7 existing sibling(s) at data/families/family-R00563-sym.json — this run will add to them, not replace them.
  attempt 1: rejected — degenerate duplicate of parent or another accepted variant
  attempt 2: rejected — degenerate duplicate of parent or another accepted variant
  attempt 3: rejected — degenerate duplicate of parent or another accepted variant
  attempt 4: rejected — degenerate duplicate of parent or another accepted variant
  attempt 5: rejected — degenerate duplicate of parent or another accepted variant
  attempt 6: rejected — degenerate duplicate of parent or another accepted variant
  attempt 7: rejected — degenerate duplicate of parent or another accepted variant

0/7 new symmetry sibling(s) generated for R00563 in 7 attempt(s) (budget 7); 7 total in data/families/family-R00563-sym.json.
family capacity: 0 accepted this run — every movable instance had zero legal alternative placement, or every attempt degenerated to an already-seen fingerprint. See per-attempt log above.
Wrote 7 level(s) total to data/families/family-R00563-sym.json (changed=false), 0 hint file(s) written to data/families/hints/.
Wrote family manifest to data/families/family-R00563-sym-manifest.json (7 variant(s) total).
portfolio-solve-sweep: corpus=data/families/family-R00563-lm.json levels=30 (30 to solve) scheduler-mode=legacy budget=8000ms node-budget=20000000 workers=4 save-hints=true
  [1/30] L4 (F00563-lm-04) ok=✗
  [2/30] L1 (F00563-lm-01) ok=✗
  [3/30] L3 (F00563-lm-03) ok=✗
  [4/30] L2 (F00563-lm-02) ok=✗
  [5/30] L7 (F00563-lm-07) ok=✗
  [6/30] L5 (F00563-lm-05) ok=✗
  [7/30] L6 (F00563-lm-06) ok=✗
  [8/30] L8 (F00563-lm-08) ok=✗
  [9/30] L9 (F00563-lm-09) ok=✗
  [10/30] L10 (F00563-lm-10) ok=✗
  [11/30] L11 (F00563-lm-11) ok=✗
  [12/30] L12 (F00563-lm-12) ok=✗
  [13/30] L13 (F00563-lm-13) ok=✗
  [14/30] L14 (F00563-lm-14) ok=✗
  [15/30] L15 (F00563-lm-15) ok=✗
  [16/30] L16 (F00563-lm-16) ok=✗
  [17/30] L19 (F00563-lm-19) ok=✗
  [18/30] L18 (F00563-lm-18) ok=✗
  [19/30] L17 (F00563-lm-17) ok=✗
  [20/30] L20 (F00563-lm-20) ok=✗
  [21/30] L21 (F00563-lm-21) ok=✗
  [22/30] L23 (F00563-lm-23) ok=✗
  [23/30] L22 (F00563-lm-22) ok=✗
  [24/30] L24 (F00563-lm-24) ok=✗
  [25/30] L25 (F00563-lm-25) ok=✗
  [26/30] L26 (F00563-lm-26) ok=✗
  [27/30] L27 (F00563-lm-27) ok=✗
  [28/30] L28 (F00563-lm-28) ok=✗
  [29/30] L29 (F00563-lm-29) ok=✗
  [30/30] L30 (F00563-lm-30) ok=✗
Hints: appended to 0 level(s); 0 hint file(s) changed on disk.
Result: solved=0/30, solvedBeforeFallback=0, fallbackOnly=0, unsolved=30
Wrote logs/family-census/solve-R00563-lm.json
Wrote logs/family-census/solve-R00563-lm-summary.md
portfolio-solve-sweep: corpus=data/families/family-R00563-sym.json levels=7 (7 to solve) scheduler-mode=legacy budget=8000ms node-budget=20000000 workers=4 save-hints=true
  [1/7] L3 (F00563-sym-03) ok=✗
  [2/7] L2 (F00563-sym-02) ok=✗
  [3/7] L1 (F00563-sym-01) ok=✗
  [4/7] L4 (F00563-sym-04) ok=✗
  [5/7] L6 (F00563-sym-06) ok=✗
  [6/7] L5 (F00563-sym-05) ok=✗
  [7/7] L7 (F00563-sym-07) ok=✗
Hints: appended to 0 level(s); 0 hint file(s) changed on disk.
Result: solved=0/7, solvedBeforeFallback=0, fallbackOnly=0, unsolved=7
Wrote logs/family-census/solve-R00563-sym.json
Wrote logs/family-census/solve-R00563-sym-summary.md
[03:40:18] DONE R00563
[03:40:18] START R00707
Parent R00707: witness hint[0] (len 93, 7 jump(s)), 31 movable object instance(s) under strict inventory.
Found 15 existing sibling(s) at data/families/family-R00707-lm.json — this run will add to them, not replace them.
  attempt 1: rejected — degenerate duplicate of parent or another accepted variant
  attempt 2: rejected — degenerate duplicate of parent or another accepted variant
  attempt 3: rejected — degenerate duplicate of parent or another accepted variant
  attempt 4: rejected — degenerate duplicate of parent or another accepted variant
  attempt 5: rejected — degenerate duplicate of parent or another accepted variant
  attempt 6: rejected — degenerate duplicate of parent or another accepted variant
  attempt 7: rejected — degenerate duplicate of parent or another accepted variant
  attempt 8: rejected — degenerate duplicate of parent or another accepted variant
  attempt 9: rejected — degenerate duplicate of parent or another accepted variant
  attempt 10: rejected — degenerate duplicate of parent or another accepted variant
  attempt 11: rejected — degenerate duplicate of parent or another accepted variant
  attempt 12: rejected — degenerate duplicate of parent or another accepted variant
  attempt 13: rejected — degenerate duplicate of parent or another accepted variant
  attempt 14: rejected — degenerate duplicate of parent or another accepted variant
  attempt 15: rejected — degenerate duplicate of parent or another accepted variant
  attempt 16: accepted F00707-lm-16 — moved blocks (1,1) -> (5,1)
  attempt 17: accepted F00707-lm-17 — moved falseGoals (6,9) -> (4,7)
  attempt 18: accepted F00707-lm-18 — moved mustPass (1,8) -> (2,5)
  attempt 19: accepted F00707-lm-19 — moved falseGoals (4,1) -> (5,1)
  attempt 20: accepted F00707-lm-20 — moved flippingFilters (5,2) -> (3,1)
  attempt 21: accepted F00707-lm-21 — moved blocks (9,7) -> (3,1)
  attempt 22: accepted F00707-lm-22 — moved blocks (6,10) -> (2,1)
  attempt 23: accepted F00707-lm-23 — moved falseGoals (6,7) -> (3,1)
  attempt 24: accepted F00707-lm-24 — moved library (0,4) -> (2,1)
  attempt 25: accepted F00707-lm-25 — moved falseGoals (6,7) -> (4,7)
  attempt 26: rejected — degenerate duplicate of parent or another accepted variant
  attempt 27: accepted F00707-lm-26 — moved mustPass (4,5) -> (4,3)
  attempt 28: accepted F00707-lm-27 — moved mustPass (5,6) -> (4,8)
  attempt 29: rejected — degenerate duplicate of parent or another accepted variant
  attempt 30: accepted F00707-lm-28 — moved mustPass (1,5) -> (1,3)
  attempt 31: accepted F00707-lm-29 — moved flippingFilters (8,1) -> (4,7)
  attempt 32: accepted F00707-lm-30 — moved flippingFilters (9,8) -> (10,6)

15/15 new local-mutant sibling(s) generated for R00707 in 32 attempt(s) (budget 600); 30 total in data/families/family-R00707-lm.json.
Wrote 30 level(s) total to data/families/family-R00707-lm.json (changed=true), 15 hint file(s) written to data/families/hints/.
Wrote family manifest to data/families/family-R00707-lm-manifest.json (30 variant(s) total).
Parent R00707: witness hint[0] (len 93, 7 jump(s)), 31 movable object instance(s) under strict inventory.
Found 7 existing sibling(s) at data/families/family-R00707-sym.json — this run will add to them, not replace them.
  attempt 1: rejected — degenerate duplicate of parent or another accepted variant
  attempt 2: rejected — degenerate duplicate of parent or another accepted variant
  attempt 3: rejected — degenerate duplicate of parent or another accepted variant
  attempt 4: rejected — degenerate duplicate of parent or another accepted variant
  attempt 5: rejected — degenerate duplicate of parent or another accepted variant
  attempt 6: rejected — degenerate duplicate of parent or another accepted variant
  attempt 7: rejected — degenerate duplicate of parent or another accepted variant

0/7 new symmetry sibling(s) generated for R00707 in 7 attempt(s) (budget 7); 7 total in data/families/family-R00707-sym.json.
family capacity: 0 accepted this run — every movable instance had zero legal alternative placement, or every attempt degenerated to an already-seen fingerprint. See per-attempt log above.
Wrote 7 level(s) total to data/families/family-R00707-sym.json (changed=false), 0 hint file(s) written to data/families/hints/.
Wrote family manifest to data/families/family-R00707-sym-manifest.json (7 variant(s) total).
portfolio-solve-sweep: corpus=data/families/family-R00707-lm.json levels=30 (30 to solve) scheduler-mode=legacy budget=8000ms node-budget=20000000 workers=4 save-hints=true
  [1/30] L1 (F00707-lm-01) ok=✗
  [2/30] L2 (F00707-lm-02) ok=✗
  [3/30] L4 (F00707-lm-04) ok=✗
  [4/30] L3 (F00707-lm-03) ok=✗
  [5/30] L7 (F00707-lm-07) ok=✗
  [6/30] L5 (F00707-lm-05) ok=✗
  [7/30] L6 (F00707-lm-06) ok=✗
  [8/30] L8 (F00707-lm-08) ok=✗
  [9/30] L9 (F00707-lm-09) ok=✓ legacy [hint saved]
  [10/30] L12 (F00707-lm-12) ok=✗
  [11/30] L11 (F00707-lm-11) ok=✗
  [12/30] L10 (F00707-lm-10) ok=✗
  [13/30] L13 (F00707-lm-13) ok=✗
  [14/30] L14 (F00707-lm-14) ok=✗
  [15/30] L15 (F00707-lm-15) ok=✗
  [16/30] L16 (F00707-lm-16) ok=✗
  [17/30] L17 (F00707-lm-17) ok=✗
  [18/30] L18 (F00707-lm-18) ok=✗
  [19/30] L19 (F00707-lm-19) ok=✗
  [20/30] L20 (F00707-lm-20) ok=✗
  [21/30] L21 (F00707-lm-21) ok=✗
  [22/30] L22 (F00707-lm-22) ok=✗
  [23/30] L23 (F00707-lm-23) ok=✗
  [24/30] L24 (F00707-lm-24) ok=✗
  [25/30] L25 (F00707-lm-25) ok=✗
  [26/30] L26 (F00707-lm-26) ok=✗
  [27/30] L28 (F00707-lm-28) ok=✗
  [28/30] L27 (F00707-lm-27) ok=✗
  [29/30] L29 (F00707-lm-29) ok=✗
  [30/30] L30 (F00707-lm-30) ok=✗
Hints: appended to 1 level(s); 1 hint file(s) changed on disk.
Result: solved=1/30, solvedBeforeFallback=0, fallbackOnly=1, unsolved=29
Wrote logs/family-census/solve-R00707-lm.json
Wrote logs/family-census/solve-R00707-lm-summary.md
portfolio-solve-sweep: corpus=data/families/family-R00707-sym.json levels=7 (7 to solve) scheduler-mode=legacy budget=8000ms node-budget=20000000 workers=4 save-hints=true
  [1/7] L4 (F00707-sym-04) ok=✗
  [2/7] L2 (F00707-sym-02) ok=✗
  [3/7] L1 (F00707-sym-01) ok=✗
  [4/7] L3 (F00707-sym-03) ok=✗
  [5/7] L6 (F00707-sym-06) ok=✗
  [6/7] L7 (F00707-sym-07) ok=✗
  [7/7] L5 (F00707-sym-05) ok=✗
Hints: appended to 0 level(s); 0 hint file(s) changed on disk.
Result: solved=0/7, solvedBeforeFallback=0, fallbackOnly=0, unsolved=7
Wrote logs/family-census/solve-R00707-sym.json
Wrote logs/family-census/solve-R00707-sym-summary.md
[03:41:44] DONE R00707
[03:41:44] START R00912
Parent R00912: witness stressMeta.witnessSolution (len 121, 4 jump(s)), 62 movable object instance(s) under strict inventory.
Found 15 existing sibling(s) at data/families/family-R00912-lm.json — this run will add to them, not replace them.
  attempt 1: rejected — degenerate duplicate of parent or another accepted variant
  attempt 2: rejected — degenerate duplicate of parent or another accepted variant
  attempt 3: rejected — degenerate duplicate of parent or another accepted variant
  attempt 4: rejected — degenerate duplicate of parent or another accepted variant
  attempt 5: rejected — degenerate duplicate of parent or another accepted variant
  attempt 6: rejected — degenerate duplicate of parent or another accepted variant
  attempt 7: rejected — degenerate duplicate of parent or another accepted variant
  attempt 8: rejected — degenerate duplicate of parent or another accepted variant
  attempt 9: rejected — degenerate duplicate of parent or another accepted variant
  attempt 10: rejected — degenerate duplicate of parent or another accepted variant
  attempt 11: rejected — degenerate duplicate of parent or another accepted variant
  attempt 12: rejected — degenerate duplicate of parent or another accepted variant
  attempt 13: rejected — degenerate duplicate of parent or another accepted variant
  attempt 14: rejected — degenerate duplicate of parent or another accepted variant
  attempt 15: rejected — degenerate duplicate of parent or another accepted variant
  attempt 16: accepted F00912-lm-16 — moved blocks (5,0) -> (6,8)
  attempt 17: rejected — degenerate duplicate of parent or another accepted variant
  attempt 18: accepted F00912-lm-17 — moved blocks (1,5) -> (7,13)
  attempt 19: accepted F00912-lm-18 — moved blocks (2,8) -> (7,1)
  attempt 20: accepted F00912-lm-19 — moved blocks (7,7) -> (2,14)
  attempt 21: accepted F00912-lm-20 — moved blocks (8,9) -> (3,1)
  attempt 22: accepted F00912-lm-21 — moved blocks (2,8) -> (12,1)
  attempt 23: accepted F00912-lm-22 — moved blocks (1,14) -> (8,8)
  attempt 24: accepted F00912-lm-23 — moved flippingFilters (7,0) -> (0,8)
  attempt 25: accepted F00912-lm-24 — moved blocks (5,0) -> (12,12)
  attempt 26: accepted F00912-lm-25 — moved blocks (2,3) -> (2,0)
  attempt 27: accepted F00912-lm-26 — moved blocks (0,4) -> (5,1)
  attempt 28: accepted F00912-lm-27 — moved blocks (6,10) -> (0,10)
  attempt 29: accepted F00912-lm-28 — moved blocks (1,13) -> (5,6)
  attempt 30: accepted F00912-lm-29 — moved statue (10,11) -> (11,1)
  attempt 31: accepted F00912-lm-30 — moved mustPass (9,12) -> (4,7)

15/15 new local-mutant sibling(s) generated for R00912 in 31 attempt(s) (budget 600); 30 total in data/families/family-R00912-lm.json.
Wrote 30 level(s) total to data/families/family-R00912-lm.json (changed=true), 15 hint file(s) written to data/families/hints/.
Wrote family manifest to data/families/family-R00912-lm-manifest.json (30 variant(s) total).
Parent R00912: witness stressMeta.witnessSolution (len 121, 4 jump(s)), 62 movable object instance(s) under strict inventory.
Found 7 existing sibling(s) at data/families/family-R00912-sym.json — this run will add to them, not replace them.
  attempt 1: rejected — degenerate duplicate of parent or another accepted variant
  attempt 2: rejected — degenerate duplicate of parent or another accepted variant
  attempt 3: rejected — degenerate duplicate of parent or another accepted variant
  attempt 4: rejected — degenerate duplicate of parent or another accepted variant
  attempt 5: rejected — degenerate duplicate of parent or another accepted variant
  attempt 6: rejected — degenerate duplicate of parent or another accepted variant
  attempt 7: rejected — degenerate duplicate of parent or another accepted variant

0/7 new symmetry sibling(s) generated for R00912 in 7 attempt(s) (budget 7); 7 total in data/families/family-R00912-sym.json.
family capacity: 0 accepted this run — every movable instance had zero legal alternative placement, or every attempt degenerated to an already-seen fingerprint. See per-attempt log above.
Wrote 7 level(s) total to data/families/family-R00912-sym.json (changed=false), 0 hint file(s) written to data/families/hints/.
Wrote family manifest to data/families/family-R00912-sym-manifest.json (7 variant(s) total).
portfolio-solve-sweep: corpus=data/families/family-R00912-lm.json levels=30 (30 to solve) scheduler-mode=legacy budget=8000ms node-budget=20000000 workers=4 save-hints=true
  [1/30] L4 (F00912-lm-04) ok=✗
  [2/30] L2 (F00912-lm-02) ok=✗
  [3/30] L1 (F00912-lm-01) ok=✗
  [4/30] L3 (F00912-lm-03) ok=✗
  [5/30] L5 (F00912-lm-05) ok=✗
  [6/30] L6 (F00912-lm-06) ok=✗
  [7/30] L7 (F00912-lm-07) ok=✗
  [8/30] L8 (F00912-lm-08) ok=✗
  [9/30] L9 (F00912-lm-09) ok=✗
  [10/30] L10 (F00912-lm-10) ok=✗
  [11/30] L11 (F00912-lm-11) ok=✗
  [12/30] L12 (F00912-lm-12) ok=✗
  [13/30] L13 (F00912-lm-13) ok=✗
  [14/30] L14 (F00912-lm-14) ok=✗
  [15/30] L15 (F00912-lm-15) ok=✗
  [16/30] L16 (F00912-lm-16) ok=✗
  [17/30] L17 (F00912-lm-17) ok=✗
  [18/30] L19 (F00912-lm-19) ok=✗
  [19/30] L18 (F00912-lm-18) ok=✗
  [20/30] L20 (F00912-lm-20) ok=✗
  [21/30] L21 (F00912-lm-21) ok=✗
  (lm solve failed/timed out for R00912)
portfolio-solve-sweep: corpus=data/families/family-R00912-sym.json levels=7 (7 to solve) scheduler-mode=legacy budget=8000ms node-budget=20000000 workers=4 save-hints=true
  [1/7] L2 (F00912-sym-02) ok=✗
  [2/7] L4 (F00912-sym-04) ok=✗
  [3/7] L1 (F00912-sym-01) ok=✗
  [4/7] L3 (F00912-sym-03) ok=✗
  [5/7] L6 (F00912-sym-06) ok=✗
  [6/7] L5 (F00912-sym-05) ok=✗
  [7/7] L7 (F00912-sym-07) ok=✗
Hints: appended to 0 level(s); 0 hint file(s) changed on disk.
Result: solved=0/7, solvedBeforeFallback=0, fallbackOnly=0, unsolved=7
Wrote logs/family-census/solve-R00912-sym.json
Wrote logs/family-census/solve-R00912-sym-summary.md
[03:54:50] DONE R00912
[03:54:50] START R01129
Parent R01129: witness hint[0] (len 89, 0 jump(s)), 50 movable object instance(s) under strict inventory.
Found 15 existing sibling(s) at data/families/family-R01129-lm.json — this run will add to them, not replace them.
  attempt 1: rejected — degenerate duplicate of parent or another accepted variant
  attempt 2: rejected — degenerate duplicate of parent or another accepted variant
  attempt 3: rejected — degenerate duplicate of parent or another accepted variant
  attempt 4: rejected — degenerate duplicate of parent or another accepted variant
  attempt 5: rejected — degenerate duplicate of parent or another accepted variant
  attempt 6: rejected — degenerate duplicate of parent or another accepted variant
  attempt 7: rejected — degenerate duplicate of parent or another accepted variant
  attempt 8: rejected — degenerate duplicate of parent or another accepted variant
  attempt 9: rejected — degenerate duplicate of parent or another accepted variant
  attempt 10: rejected — degenerate duplicate of parent or another accepted variant
  attempt 11: rejected — degenerate duplicate of parent or another accepted variant
  attempt 12: rejected — degenerate duplicate of parent or another accepted variant
  attempt 13: rejected — degenerate duplicate of parent or another accepted variant
  attempt 14: rejected — degenerate duplicate of parent or another accepted variant
  attempt 15: rejected — degenerate duplicate of parent or another accepted variant
  attempt 16: accepted F01129-lm-16 — moved blocks (11,7) -> (6,1)
  attempt 17: accepted F01129-lm-17 — moved statue (11,12) -> (11,9)
  attempt 18: rejected — degenerate duplicate of parent or another accepted variant
  attempt 19: accepted F01129-lm-18 — moved blocks (11,8) -> (0,1)
  attempt 20: accepted F01129-lm-19 — moved market (2,12) -> (8,2)
  attempt 21: accepted F01129-lm-20 — moved blocks (1,12) -> (9,0)
  attempt 22: accepted F01129-lm-21 — moved falseGoals (2,9) -> (9,0)
  attempt 23: accepted F01129-lm-22 — moved blocks (11,8) -> (8,1)
  attempt 24: accepted F01129-lm-23 — moved blocks (3,0) -> (8,7)
  attempt 25: rejected — degenerate duplicate of parent or another accepted variant
  attempt 26: accepted F01129-lm-24 — moved blocks (11,7) -> (10,1)
  attempt 27: accepted F01129-lm-25 — moved library (6,8) -> (11,9)
  attempt 28: accepted F01129-lm-26 — moved blocks (2,5) -> (6,2)
  attempt 29: accepted F01129-lm-27 — moved library (9,10) -> (4,3)
  attempt 30: accepted F01129-lm-28 — moved park (11,0) -> (1,5)
  attempt 31: accepted F01129-lm-29 — moved blocks (5,1) -> (10,1)
  attempt 32: accepted F01129-lm-30 — moved library (5,10) -> (8,7)

15/15 new local-mutant sibling(s) generated for R01129 in 32 attempt(s) (budget 600); 30 total in data/families/family-R01129-lm.json.
Wrote 30 level(s) total to data/families/family-R01129-lm.json (changed=true), 15 hint file(s) written to data/families/hints/.
Wrote family manifest to data/families/family-R01129-lm-manifest.json (30 variant(s) total).
Parent R01129: witness hint[0] (len 89, 0 jump(s)), 50 movable object instance(s) under strict inventory.
Found 7 existing sibling(s) at data/families/family-R01129-sym.json — this run will add to them, not replace them.
  attempt 1: rejected — degenerate duplicate of parent or another accepted variant
  attempt 2: rejected — degenerate duplicate of parent or another accepted variant
  attempt 3: rejected — degenerate duplicate of parent or another accepted variant
  attempt 4: rejected — degenerate duplicate of parent or another accepted variant
  attempt 5: rejected — degenerate duplicate of parent or another accepted variant
  attempt 6: rejected — degenerate duplicate of parent or another accepted variant
  attempt 7: rejected — degenerate duplicate of parent or another accepted variant

0/7 new symmetry sibling(s) generated for R01129 in 7 attempt(s) (budget 7); 7 total in data/families/family-R01129-sym.json.
family capacity: 0 accepted this run — every movable instance had zero legal alternative placement, or every attempt degenerated to an already-seen fingerprint. See per-attempt log above.
Wrote 7 level(s) total to data/families/family-R01129-sym.json (changed=false), 0 hint file(s) written to data/families/hints/.
Wrote family manifest to data/families/family-R01129-sym-manifest.json (7 variant(s) total).
portfolio-solve-sweep: corpus=data/families/family-R01129-lm.json levels=30 (30 to solve) scheduler-mode=legacy budget=8000ms node-budget=20000000 workers=4 save-hints=true
  [1/30] L3 (F01129-lm-03) ok=✗
  [2/30] L2 (F01129-lm-02) ok=✗
  [3/30] L4 (F01129-lm-04) ok=✗
  [4/30] L1 (F01129-lm-01) ok=✗
  [5/30] L6 (F01129-lm-06) ok=✗
  [6/30] L5 (F01129-lm-05) ok=✗
  [7/30] L7 (F01129-lm-07) ok=✗
  [8/30] L8 (F01129-lm-08) ok=✗
  [9/30] L9 (F01129-lm-09) ok=✗
  [10/30] L10 (F01129-lm-10) ok=✗
  [11/30] L11 (F01129-lm-11) ok=✗
  [12/30] L12 (F01129-lm-12) ok=✗
  [13/30] L13 (F01129-lm-13) ok=✗
  [14/30] L14 (F01129-lm-14) ok=✗
  [15/30] L15 (F01129-lm-15) ok=✗
  [16/30] L16 (F01129-lm-16) ok=✗
  [17/30] L17 (F01129-lm-17) ok=✗
  [18/30] L18 (F01129-lm-18) ok=✗
  [19/30] L19 (F01129-lm-19) ok=✗
  [20/30] L20 (F01129-lm-20) ok=✗
  [21/30] L21 (F01129-lm-21) ok=✗
  [22/30] L23 (F01129-lm-23) ok=✗
  [23/30] L22 (F01129-lm-22) ok=✗
  [24/30] L24 (F01129-lm-24) ok=✗
  [25/30] L25 (F01129-lm-25) ok=✗
  [26/30] L26 (F01129-lm-26) ok=✗
  [27/30] L27 (F01129-lm-27) ok=✗
  [28/30] L28 (F01129-lm-28) ok=✗
  [29/30] L30 (F01129-lm-30) ok=✓ legacy [hint saved]
  [30/30] L29 (F01129-lm-29) ok=✗
Hints: appended to 1 level(s); 1 hint file(s) changed on disk.
Result: solved=1/30, solvedBeforeFallback=0, fallbackOnly=1, unsolved=29
Wrote logs/family-census/solve-R01129-lm.json
Wrote logs/family-census/solve-R01129-lm-summary.md
portfolio-solve-sweep: corpus=data/families/family-R01129-sym.json levels=7 (7 to solve) scheduler-mode=legacy budget=8000ms node-budget=20000000 workers=4 save-hints=true
  [1/7] L2 (F01129-sym-02) ok=✗
  [2/7] L1 (F01129-sym-01) ok=✗
  [3/7] L4 (F01129-sym-04) ok=✗
  [4/7] L3 (F01129-sym-03) ok=✗
  [5/7] L5 (F01129-sym-05) ok=✗
  [6/7] L6 (F01129-sym-06) ok=✗
  [7/7] L7 (F01129-sym-07) ok=✗
Hints: appended to 0 level(s); 0 hint file(s) changed on disk.
Result: solved=0/7, solvedBeforeFallback=0, fallbackOnly=0, unsolved=7
Wrote logs/family-census/solve-R01129-sym.json
Wrote logs/family-census/solve-R01129-sym-summary.md
[03:58:30] DONE R01129
[03:58:30] START R01341
Parent R01341: witness stressMeta.witnessSolution (len 74, 4 jump(s)), 54 movable object instance(s) under strict inventory.
Found 15 existing sibling(s) at data/families/family-R01341-lm.json — this run will add to them, not replace them.
  attempt 1: rejected — degenerate duplicate of parent or another accepted variant
  attempt 2: rejected — degenerate duplicate of parent or another accepted variant
  attempt 3: rejected — degenerate duplicate of parent or another accepted variant
  attempt 4: rejected — degenerate duplicate of parent or another accepted variant
  attempt 5: rejected — degenerate duplicate of parent or another accepted variant
  attempt 6: rejected — degenerate duplicate of parent or another accepted variant
  attempt 7: rejected — degenerate duplicate of parent or another accepted variant
  attempt 8: rejected — degenerate duplicate of parent or another accepted variant
  attempt 9: rejected — degenerate duplicate of parent or another accepted variant
  attempt 10: rejected — degenerate duplicate of parent or another accepted variant
  attempt 11: rejected — degenerate duplicate of parent or another accepted variant
  attempt 12: rejected — degenerate duplicate of parent or another accepted variant
  attempt 13: rejected — degenerate duplicate of parent or another accepted variant
  attempt 14: rejected — degenerate duplicate of parent or another accepted variant
  attempt 15: rejected — degenerate duplicate of parent or another accepted variant
  attempt 16: accepted F01341-lm-16 — moved geese (2,3) -> (0,0)
  attempt 17: accepted F01341-lm-17 — moved park (7,4) -> (1,8)
  attempt 18: accepted F01341-lm-18 — moved blocks (2,2) -> (0,2)
  attempt 19: accepted F01341-lm-19 — moved mustPass (9,9) -> (5,3)
  attempt 20: accepted F01341-lm-20 — moved flippingFilters (9,10) -> (7,0)
  attempt 21: accepted F01341-lm-21 — moved park (7,4) -> (4,5)
  attempt 22: accepted F01341-lm-22 — moved mustPass (5,2) -> (1,8)
  attempt 23: accepted F01341-lm-23 — moved geese (10,1) -> (8,9)
  attempt 24: accepted F01341-lm-24 — moved market (3,8) -> (3,9)
  attempt 25: accepted F01341-lm-25 — moved flippingFilters (10,2) -> (1,6)
  attempt 26: accepted F01341-lm-26 — moved park (2,6) -> (6,9)
  attempt 27: accepted F01341-lm-27 — moved blocks (0,8) -> (10,3)
  attempt 28: accepted F01341-lm-28 — moved geese (2,3) -> (1,10)
  attempt 29: accepted F01341-lm-29 — moved park (7,4) -> (5,1)
  attempt 30: accepted F01341-lm-30 — moved flippingFilters (7,10) -> (3,6)

15/15 new local-mutant sibling(s) generated for R01341 in 30 attempt(s) (budget 600); 30 total in data/families/family-R01341-lm.json.
Wrote 30 level(s) total to data/families/family-R01341-lm.json (changed=true), 15 hint file(s) written to data/families/hints/.
Wrote family manifest to data/families/family-R01341-lm-manifest.json (30 variant(s) total).
Parent R01341: witness stressMeta.witnessSolution (len 74, 4 jump(s)), 54 movable object instance(s) under strict inventory.
Found 7 existing sibling(s) at data/families/family-R01341-sym.json — this run will add to them, not replace them.
  attempt 1: rejected — degenerate duplicate of parent or another accepted variant
  attempt 2: rejected — degenerate duplicate of parent or another accepted variant
  attempt 3: rejected — degenerate duplicate of parent or another accepted variant
  attempt 4: rejected — degenerate duplicate of parent or another accepted variant
  attempt 5: rejected — degenerate duplicate of parent or another accepted variant
  attempt 6: rejected — degenerate duplicate of parent or another accepted variant
  attempt 7: rejected — degenerate duplicate of parent or another accepted variant

0/7 new symmetry sibling(s) generated for R01341 in 7 attempt(s) (budget 7); 7 total in data/families/family-R01341-sym.json.
family capacity: 0 accepted this run — every movable instance had zero legal alternative placement, or every attempt degenerated to an already-seen fingerprint. See per-attempt log above.
Wrote 7 level(s) total to data/families/family-R01341-sym.json (changed=false), 0 hint file(s) written to data/families/hints/.
Wrote family manifest to data/families/family-R01341-sym-manifest.json (7 variant(s) total).
portfolio-solve-sweep: corpus=data/families/family-R01341-lm.json levels=30 (30 to solve) scheduler-mode=legacy budget=8000ms node-budget=20000000 workers=4 save-hints=true
  [1/30] L3 (F01341-lm-03) ok=✗
  [2/30] L1 (F01341-lm-01) ok=✗
  [3/30] L2 (F01341-lm-02) ok=✗
  [4/30] L4 (F01341-lm-04) ok=✗
  [5/30] L5 (F01341-lm-05) ok=✗
  [6/30] L7 (F01341-lm-07) ok=✗
  [7/30] L6 (F01341-lm-06) ok=✗
  [8/30] L8 (F01341-lm-08) ok=✗
  [9/30] L9 (F01341-lm-09) ok=✗
  [10/30] L10 (F01341-lm-10) ok=✗
  [11/30] L11 (F01341-lm-11) ok=✗
  [12/30] L12 (F01341-lm-12) ok=✗
  [13/30] L13 (F01341-lm-13) ok=✗
  [14/30] L16 (F01341-lm-16) ok=✗
  [15/30] L15 (F01341-lm-15) ok=✗
  [16/30] L14 (F01341-lm-14) ok=✗
  [17/30] L17 (F01341-lm-17) ok=✗
  [18/30] L18 (F01341-lm-18) ok=✗
  [19/30] L19 (F01341-lm-19) ok=✗
  [20/30] L20 (F01341-lm-20) ok=✗
  [21/30] L21 (F01341-lm-21) ok=✗
  [22/30] L23 (F01341-lm-23) ok=✗
  [23/30] L22 (F01341-lm-22) ok=✗
