[04:08:45] SHARD START 33 level(s)
[04:08:45] START P00032
  [04:08:45] mode=symmetry
    symmetry: solved=3/3
  [04:08:48] mode=local-mutant
    local-mutant: solved=10/10
  [04:08:57] mode=swap
    swap: solved=0/0
  [04:08:58] mode=group-reshuffle
    group-reshuffle: solved=10/10
  [04:09:06] mode=constrained-shuffle
    constrained-shuffle: solved=10/10
[04:09:17] DONE P00032
[04:09:17] START P00092
  [04:09:17] mode=symmetry
    symmetry: solved=7/7
  [04:09:20] mode=local-mutant
    local-mutant: solved=10/10
  [04:09:26] mode=swap
    swap: solved=0/0
  [04:09:27] mode=group-reshuffle
    group-reshuffle: solved=10/10
  [04:09:32] mode=constrained-shuffle
    constrained-shuffle: solved=10/10
[04:09:38] DONE P00092
[04:09:38] START P00152
  [04:09:38] mode=symmetry
    symmetry: solved=7/7
  [04:09:39] mode=local-mutant
    local-mutant: solved=10/10
  [04:09:41] mode=swap
    swap: solved=10/10
  [04:09:43] mode=group-reshuffle
    group-reshuffle: solved=10/10
  [04:09:47] mode=constrained-shuffle
    constrained-shuffle: solved=10/10
[04:09:49] DONE P00152
[04:09:49] START R00771
  [04:09:49] mode=symmetry
    symmetry: solved=7/7
  [04:11:08] mode=local-mutant
    local-mutant: solved=9/10
  [04:13:22] mode=swap
    swap: solved=9/10
  [04:15:20] mode=group-reshuffle
    group-reshuffle: solved=5/10
  [04:17:45] mode=constrained-shuffle
    constrained-shuffle: solved=5/10
[04:20:04] DONE R00771
[04:20:04] START R00088
  [04:20:04] mode=swap
    swap: solved=0/10
  [04:21:40] mode=group-reshuffle
    group-reshuffle: solved=0/10
  [04:23:18] mode=constrained-shuffle
    constrained-shuffle: solved=0/10
[04:24:54] DONE R00088
[04:24:54] START R00506
  [04:24:54] mode=swap
    swap: solved=0/10
  [04:28:50] mode=group-reshuffle
    group-reshuffle: solved=0/10
  [04:32:40] mode=constrained-shuffle
    constrained-shuffle: solved=0/10
[04:36:28] DONE R00506
[04:36:28] START R00850
  [04:36:28] mode=symmetry
    symmetry: solved=7/7
  [04:37:09] mode=local-mutant
    local-mutant: solved=6/10
  [04:38:52] mode=swap
    swap: solved=10/10
  [04:39:48] mode=group-reshuffle
    group-reshuffle: solved=3/10
  [04:42:14] mode=constrained-shuffle
    constrained-shuffle: solved=1/10
[04:45:04] DONE R00850
[04:45:04] START R01154
  [04:45:04] mode=swap
    swap: solved=0/10
  [04:48:09] mode=group-reshuffle
    group-reshuffle: solved=0/10
  [04:50:59] mode=constrained-shuffle
    constrained-shuffle: solved=0/10
[04:53:58] DONE R01154
[04:53:58] START R01523
  [04:53:58] mode=symmetry
    symmetry: solved=7/7
  [04:54:18] mode=local-mutant
    local-mutant: solved=9/10
  [04:55:04] mode=swap
    swap: solved=10/10
  [04:55:39] mode=group-reshuffle
    group-reshuffle: solved=10/10
  [04:56:18] mode=constrained-shuffle
    constrained-shuffle: solved=6/10
[04:57:30] DONE R01523
[04:57:30] START R01865
  [04:57:30] mode=symmetry
    symmetry: solved=0/7
  [04:58:17] mode=local-mutant
    local-mutant: solved=0/10
  [04:59:21] mode=swap
    swap: solved=0/10
  [05:00:29] mode=group-reshuffle
    group-reshuffle: solved=0/10
  [05:01:43] mode=constrained-shuffle
    constrained-shuffle: solved=0/10
[05:02:48] DONE R01865
[05:02:48] START R02039
  [05:02:48] mode=swap
    swap: solved=0/10
  [05:06:55] mode=group-reshuffle
    group-reshuffle: solved=1/10
  [05:10:59] mode=constrained-shuffle
    constrained-shuffle: solved=1/10
[05:14:56] DONE R02039
[05:14:56] START R02099
  [05:14:56] mode=swap
    swap: solved=0/10
  [05:16:00] mode=group-reshuffle
    group-reshuffle: solved=3/10
  [05:17:00] mode=constrained-shuffle
    constrained-shuffle: solved=2/10
[05:18:02] DONE R02099
[05:18:02] START R02159
  [05:18:02] mode=swap
    swap: solved=0/10
  [05:19:28] mode=group-reshuffle
    group-reshuffle: solved=0/10
  [05:20:52] mode=constrained-shuffle
    constrained-shuffle: solved=1/10
[05:22:18] DONE R02159
[05:22:18] START R02219
  [05:22:18] mode=swap
    swap: solved=0/10
  [05:23:15] mode=group-reshuffle
    group-reshuffle: solved=0/10
  [05:24:11] mode=constrained-shuffle
    constrained-shuffle: solved=0/10
[05:25:09] DONE R02219
[05:25:09] START R02279
  [05:25:09] mode=symmetry
    symmetry: solved=7/7
  [05:26:48] mode=local-mutant
    local-mutant: solved=9/10
  [05:28:58] mode=swap
    swap: solved=9/10
  [05:31:25] mode=group-reshuffle
    group-reshuffle: solved=6/10
  [05:34:10] mode=constrained-shuffle
    constrained-shuffle: solved=6/10
[05:36:18] DONE R02279
[05:36:18] START R02339
  [05:36:18] mode=swap
    swap: solved=0/10
  [05:37:56] mode=group-reshuffle
    group-reshuffle: solved=0/10
  [05:39:26] mode=constrained-shuffle
    constrained-shuffle: solved=0/10
[05:41:05] DONE R02339
[05:41:05] START R02399
  [05:41:05] mode=swap
    swap: solved=0/10
  [05:45:19] mode=group-reshuffle
    group-reshuffle: solved=1/10
  [05:49:20] mode=constrained-shuffle
    constrained-shuffle: solved=1/10
[05:53:20] DONE R02399
[05:53:20] START R02459
  [05:53:20] mode=swap
    swap: solved=0/10
  [05:54:20] mode=group-reshuffle
    group-reshuffle: solved=0/10
  [05:55:26] mode=constrained-shuffle
    constrained-shuffle: solved=1/10
[05:56:30] DONE R02459
[05:56:30] START R02519
  [05:56:30] mode=symmetry
    symmetry: solved=7/7
  [05:56:44] mode=local-mutant
    local-mutant: solved=10/10
  [05:57:12] mode=swap
    swap: solved=10/10
  [05:57:42] mode=group-reshuffle
    group-reshuffle: solved=9/10
  [05:58:20] mode=constrained-shuffle
    constrained-shuffle: solved=9/10
[05:59:16] DONE R02519
[05:59:16] START R02579
  [05:59:16] mode=symmetry
    symmetry: solved=7/7
  [05:59:53] mode=local-mutant
    local-mutant: solved=7/10
  [06:00:51] mode=swap
    swap: solved=8/10
  [06:01:49] mode=group-reshuffle
    group-reshuffle: solved=1/10
  [06:03:19] mode=constrained-shuffle
    constrained-shuffle: solved=2/10
[06:04:43] DONE R02579
[06:04:43] START R02639
  [06:04:43] mode=symmetry
    symmetry: solved=7/7
  [06:04:57] mode=local-mutant
    local-mutant: solved=10/10
  [06:05:10] mode=swap
    swap: solved=10/10
  [06:05:23] mode=group-reshuffle
    group-reshuffle: solved=10/10
  [06:05:40] mode=constrained-shuffle
    constrained-shuffle: solved=10/10
[06:06:00] DONE R02639
[06:06:00] START R02699
  [06:06:00] mode=symmetry
    symmetry: solved=0/7
  [06:07:05] mode=local-mutant
    local-mutant: solved=1/10
  [06:08:34] mode=swap
    swap: solved=0/10
  [06:10:12] mode=group-reshuffle
    group-reshuffle: solved=1/10
  [06:11:47] mode=constrained-shuffle
    constrained-shuffle: solved=3/10
[06:13:20] DONE R02699
[06:13:20] START R02759
  [06:13:20] mode=swap
    swap: solved=3/10
  [06:14:43] mode=group-reshuffle
    group-reshuffle: solved=7/10
  [06:15:25] mode=constrained-shuffle
    constrained-shuffle: solved=7/10
[06:16:10] DONE R02759
[06:16:10] START R02819
  [06:16:10] mode=swap
    swap: solved=0/10
  [06:18:01] mode=group-reshuffle
    group-reshuffle: solved=7/10
  [06:18:47] mode=constrained-shuffle
    constrained-shuffle: solved=8/10
[06:19:21] DONE R02819
[06:19:21] START R02879
  [06:19:21] mode=swap
    swap: solved=0/10
  [06:20:57] mode=group-reshuffle
    group-reshuffle: solved=0/10
  [06:22:43] mode=constrained-shuffle
    constrained-shuffle: solved=0/10
[06:24:16] DONE R02879
[06:24:16] START R02939
  [06:24:16] mode=symmetry
    symmetry: solved=7/7
  [06:24:36] mode=local-mutant
    local-mutant: solved=10/10
  [06:25:18] mode=swap
    swap: solved=10/10
  [06:25:45] mode=group-reshuffle
    group-reshuffle: solved=9/10
  [06:26:36] mode=constrained-shuffle
    constrained-shuffle: solved=10/10
[06:27:17] DONE R02939
[06:27:17] START R02999
  [06:27:17] mode=symmetry
    symmetry: solved=7/7
  [06:27:51] mode=local-mutant
    local-mutant: solved=5/10
  [06:29:21] mode=swap
    swap: solved=1/2
  [06:29:48] mode=group-reshuffle
    group-reshuffle: solved=3/10
  [06:31:30] mode=constrained-shuffle
    constrained-shuffle: solved=5/10
[06:32:52] DONE R02999
[06:32:52] START R03059
  [06:32:52] mode=swap
    swap: solved=3/10
  [06:35:16] mode=group-reshuffle
    group-reshuffle: solved=7/10
  [06:36:27] mode=constrained-shuffle
    constrained-shuffle: solved=5/10
[06:38:30] DONE R03059
[06:38:30] START R03119
  [06:38:30] mode=symmetry
    symmetry: solved=0/7
  [06:39:43] mode=local-mutant
    local-mutant: solved=1/10
  [06:41:26] mode=swap
    swap: solved=2/10
  [06:42:54] mode=group-reshuffle
    group-reshuffle: solved=0/10
  [06:44:37] mode=constrained-shuffle
    constrained-shuffle: solved=2/10
[06:46:13] DONE R03119
[06:46:13] START R03179
  [06:46:13] mode=symmetry
    symmetry: solved=6/7
  [06:46:50] mode=local-mutant
    local-mutant: solved=10/10
  [06:47:15] mode=swap
    swap: solved=9/10
  [06:47:47] mode=group-reshuffle
    group-reshuffle: solved=9/10
  [06:48:19] mode=constrained-shuffle
    constrained-shuffle: solved=7/10
[06:48:59] DONE R03179
[06:48:59] START R03239
  [06:48:59] mode=symmetry
    symmetry: solved=1/7
  [06:51:02] mode=local-mutant
    local-mutant: solved=4/10
  [06:53:28] mode=swap
    swap: solved=5/10
  [06:55:34] mode=group-reshuffle
    group-reshuffle: solved=3/10
  [06:58:12] mode=constrained-shuffle
    constrained-shuffle: solved=0/10
[07:01:38] DONE R03239
[07:01:38] START R03299
  [07:01:38] mode=symmetry
    symmetry: solved=7/7
  [07:02:40] mode=local-mutant
    local-mutant: solved=10/10
  [07:03:27] mode=swap
    swap: solved=10/10
  [07:04:49] mode=group-reshuffle
    group-reshuffle: solved=10/10
  [07:06:05] mode=constrained-shuffle
    constrained-shuffle: solved=7/10
[07:07:47] DONE R03299
[07:07:47] START R03359
  [07:07:47] mode=symmetry
    symmetry: solved=7/7
  [07:08:04] mode=local-mutant
    local-mutant: solved=10/10
  [07:08:23] mode=swap
    swap: solved=10/10
  [07:08:34] mode=group-reshuffle
    group-reshuffle: solved=10/10
  [07:08:49] mode=constrained-shuffle
    constrained-shuffle: solved=10/10
[07:09:10] DONE R03359
[07:09:10] SHARD END
