[07:30:30] SHARD START 33 level(s)
[07:30:30] START P00016
  [07:30:30] mode=symmetry
    symmetry: solved=7/7
  [07:30:35] mode=local-mutant
    generate produced 0 variants (no file written) -- skipping solve/hint-workbench
  [07:30:35] mode=swap
    swap: solved=0/0
  [07:30:36] mode=constrained-shuffle
    constrained-shuffle: solved=0/0
[07:30:37] DONE P00016
[07:30:37] START P00076
  [07:30:37] mode=symmetry
    symmetry: solved=7/7
  [07:30:42] mode=local-mutant
    local-mutant: solved=10/10
  [07:30:49] mode=swap
    swap: solved=7/7
  [07:30:53] mode=group-reshuffle
    group-reshuffle: solved=10/10
  [07:31:01] mode=constrained-shuffle
    constrained-shuffle: solved=10/10
[07:31:11] DONE P00076
[07:31:11] START P00136
  [07:31:11] mode=symmetry
    symmetry: solved=7/7
  [07:31:19] mode=local-mutant
    local-mutant: solved=10/10
  [07:31:29] mode=swap
    swap: solved=6/6
  [07:31:35] mode=group-reshuffle
    group-reshuffle: solved=10/10
  [07:31:44] mode=constrained-shuffle
    constrained-shuffle: solved=10/10
[07:31:53] DONE P00136
[07:31:53] START R00392
  [07:31:53] mode=symmetry
    symmetry: solved=7/7
  [07:32:05] mode=local-mutant
    local-mutant: solved=10/10
  [07:32:19] mode=swap
    swap: solved=10/10
  [07:32:33] mode=group-reshuffle
    group-reshuffle: solved=9/10
  [07:32:53] mode=constrained-shuffle
    constrained-shuffle: solved=10/10
[07:33:08] DONE R00392
[07:33:08] START R01875
  [07:33:08] mode=symmetry
    symmetry: solved=2/7
  [07:34:17] mode=local-mutant
    local-mutant: solved=4/10
  [07:35:42] mode=swap
    swap: solved=5/10
  [07:37:17] mode=group-reshuffle
    group-reshuffle: solved=1/10
  [07:39:07] mode=constrained-shuffle
    constrained-shuffle: solved=2/10
[07:40:48] DONE R01875
[07:40:48] START R00373
  [07:40:48] mode=swap
    swap: solved=3/10
  [07:42:07] mode=group-reshuffle
    group-reshuffle: solved=3/10
  [07:43:26] mode=constrained-shuffle
    constrained-shuffle: solved=6/10
[07:44:16] DONE R00373
[07:44:16] START R00712
  [07:44:16] mode=symmetry
    symmetry: solved=7/7
  [07:44:24] mode=local-mutant
    local-mutant: solved=9/10
  [07:44:45] mode=swap
    swap: solved=10/10
  [07:44:55] mode=group-reshuffle
    group-reshuffle: solved=10/10
  [07:45:07] mode=constrained-shuffle
    constrained-shuffle: solved=10/10
[07:45:19] DONE R00712
[07:45:19] START R01080
  [07:45:19] mode=swap
    swap: solved=2/10
  [07:47:49] mode=group-reshuffle
    group-reshuffle: solved=4/10
  [07:49:58] mode=constrained-shuffle
    constrained-shuffle: solved=8/10
[07:51:31] DONE R01080
[07:51:31] START R01428
  [07:51:31] mode=swap
    swap: solved=0/10
  [07:52:44] mode=group-reshuffle
    group-reshuffle: solved=0/10
  [07:53:55] mode=constrained-shuffle
    constrained-shuffle: solved=0/10
[07:55:13] DONE R01428
[07:55:13] START R01764
  [07:55:13] mode=swap
    swap: solved=0/10
  [07:56:27] mode=group-reshuffle
    group-reshuffle: solved=0/10
  [07:57:49] mode=constrained-shuffle
    constrained-shuffle: solved=0/10
[07:59:10] DONE R01764
[07:59:10] START R02023
  [07:59:10] mode=symmetry
    symmetry: solved=7/7
  [08:00:07] mode=local-mutant
    local-mutant: solved=10/10
  [08:01:23] mode=swap
    swap: solved=9/10
  [08:02:45] mode=group-reshuffle
    group-reshuffle: solved=2/10
  [08:04:20] mode=constrained-shuffle
    constrained-shuffle: solved=4/10
[08:05:54] DONE R02023
[08:05:54] START R02083
  [08:05:54] mode=swap
    swap: solved=0/10
  [08:09:04] mode=group-reshuffle
    group-reshuffle: solved=0/10
  [08:12:18] mode=constrained-shuffle
    constrained-shuffle: solved=0/10
[08:15:28] DONE R02083
[08:15:28] START R02143
  [08:15:28] mode=symmetry
    symmetry: solved=7/7
  [08:15:52] mode=local-mutant
    local-mutant: solved=10/10
  [08:16:31] mode=swap
    swap: solved=10/10
  [08:17:11] mode=group-reshuffle
    group-reshuffle: solved=10/10
  [08:17:47] mode=constrained-shuffle
    constrained-shuffle: solved=10/10
[08:18:22] DONE R02143
[08:18:22] START R02203
  [08:18:22] mode=swap
    swap: solved=0/10
  [08:21:34] mode=group-reshuffle
    group-reshuffle: solved=2/10
  [08:24:22] mode=constrained-shuffle
    constrained-shuffle: solved=0/10
[08:27:31] DONE R02203
[08:27:31] START R02263
  [08:27:31] mode=swap
    swap: solved=0/10
  [08:29:04] mode=group-reshuffle
    group-reshuffle: solved=0/10
  [08:30:40] mode=constrained-shuffle
    constrained-shuffle: solved=0/10
[08:32:19] DONE R02263
[08:32:19] START R02323
  [08:32:19] mode=swap
    swap: solved=0/10
  [08:33:11] mode=group-reshuffle
    group-reshuffle: solved=1/10
  [08:34:02] mode=constrained-shuffle
    constrained-shuffle: solved=1/10
[08:34:53] DONE R02323
[08:34:53] START R02383
  [08:34:53] mode=swap
    swap: solved=0/10
  [08:36:43] mode=group-reshuffle
    group-reshuffle: solved=1/10
  [08:38:27] mode=constrained-shuffle
    constrained-shuffle: solved=0/10
[08:40:13] DONE R02383
[08:40:13] START R02443
  [08:40:13] mode=swap
    swap: solved=0/10
  [08:41:42] mode=group-reshuffle
    group-reshuffle: solved=0/10
  [08:43:17] mode=constrained-shuffle
    constrained-shuffle: solved=0/10
[08:44:42] DONE R02443
[08:44:42] START R02503
  [08:44:42] mode=swap
    swap: solved=0/10
  [08:48:12] mode=group-reshuffle
    group-reshuffle: solved=0/10
  [08:51:51] mode=constrained-shuffle
    constrained-shuffle: solved=1/10
[08:55:18] DONE R02503
[08:55:18] START R02563
  [08:55:18] mode=symmetry
    symmetry: solved=7/7
  [08:55:27] mode=local-mutant
    local-mutant: solved=10/10
  [08:55:49] mode=swap
    swap: solved=0/0
  [08:55:50] mode=group-reshuffle
    group-reshuffle: solved=10/10
  [08:56:04] mode=constrained-shuffle
    constrained-shuffle: solved=10/10
[08:56:23] DONE R02563
[08:56:23] START R02623
  [08:56:23] mode=swap
    swap: solved=3/10
  [08:57:34] mode=group-reshuffle
    group-reshuffle: solved=6/10
  [08:58:32] mode=constrained-shuffle
    constrained-shuffle: solved=4/10
[08:59:51] DONE R02623
[08:59:51] START R02683
  [08:59:51] mode=symmetry
    symmetry: solved=1/7
  [09:01:36] mode=local-mutant
    local-mutant: solved=2/10
  [09:04:30] mode=swap
    swap: solved=3/10
  [09:06:33] mode=group-reshuffle
    group-reshuffle: solved=4/10
  [09:08:38] mode=constrained-shuffle
    constrained-shuffle: solved=3/10
[09:10:48] DONE R02683
[09:10:48] START R02743
  [09:10:48] mode=symmetry
    symmetry: solved=7/7
  [09:10:59] mode=local-mutant
    local-mutant: solved=10/10
  [09:11:13] mode=swap
    swap: solved=10/10
  [09:11:28] mode=group-reshuffle
    group-reshuffle: solved=10/10
  [09:11:42] mode=constrained-shuffle
    constrained-shuffle: solved=10/10
[09:12:00] DONE R02743
[09:12:00] START R02803
  [09:12:00] mode=symmetry
    symmetry: solved=7/7
  [09:12:19] mode=local-mutant
    local-mutant: solved=9/10
  [09:13:03] mode=swap
    swap: solved=6/10
  [09:13:58] mode=group-reshuffle
    group-reshuffle: solved=9/10
  [09:14:27] mode=constrained-shuffle
    constrained-shuffle: solved=8/10
[09:15:04] DONE R02803
[09:15:04] START R02863
  [09:15:04] mode=swap
    swap: solved=2/10
  [09:19:08] mode=group-reshuffle
    group-reshuffle: solved=7/10
  [09:21:46] mode=constrained-shuffle
    constrained-shuffle: solved=8/10
[09:24:10] DONE R02863
[09:24:10] START R02923
  [09:24:10] mode=swap
    swap: solved=0/10
  [09:25:24] mode=group-reshuffle
    group-reshuffle: solved=9/10
  [09:25:52] mode=constrained-shuffle
    constrained-shuffle: solved=9/10
[09:26:23] DONE R02923
[09:26:23] START R02983
  [09:26:23] mode=symmetry
    symmetry: solved=7/7
  [09:27:27] mode=local-mutant
    local-mutant: solved=9/10
  [09:29:13] mode=swap
    swap: solved=9/10
  [09:30:56] mode=group-reshuffle
    group-reshuffle: solved=2/10
  [09:33:42] mode=constrained-shuffle
    constrained-shuffle: solved=0/10
[09:36:53] DONE R02983
[09:36:53] START R03043
  [09:36:53] mode=swap
    swap: solved=0/10
  [09:38:44] mode=group-reshuffle
    group-reshuffle: solved=1/10
  [09:40:43] mode=constrained-shuffle
    constrained-shuffle: solved=0/10
[09:42:44] DONE R03043
[09:42:44] START R03103
  [09:42:44] mode=swap
    swap: solved=2/10
  [09:46:55] mode=group-reshuffle
    group-reshuffle: solved=2/10
  [09:51:16] mode=constrained-shuffle
    constrained-shuffle: solved=1/10
[09:55:51] DONE R03103
[09:55:51] START R03163
  [09:55:51] mode=swap
    swap: solved=0/10
  [10:00:31] mode=group-reshuffle
    group-reshuffle: solved=0/10
  [10:05:21] mode=constrained-shuffle
    constrained-shuffle: solved=0/10
[10:10:03] DONE R03163
[10:10:03] START R03223
  [10:10:03] mode=swap
    swap: solved=0/10
  [10:13:03] mode=group-reshuffle
    group-reshuffle: solved=2/10
  [10:15:34] mode=constrained-shuffle
    constrained-shuffle: solved=2/10
[10:18:10] DONE R03223
[10:18:10] START R03283
  [10:18:10] mode=swap
    swap: solved=0/10
  [10:19:11] mode=group-reshuffle
    group-reshuffle: solved=0/10
  [10:20:13] mode=constrained-shuffle
    constrained-shuffle: solved=0/10
[10:21:16] DONE R03283
[10:21:16] START R03343
  [10:21:16] mode=swap
    swap: solved=0/10
  [10:25:32] mode=group-reshuffle
    group-reshuffle: solved=0/10
  [10:29:36] mode=constrained-shuffle
    constrained-shuffle: solved=0/10
[10:33:29] DONE R03343
[10:33:29] SHARD END
