[04:08:47] SHARD START 33 level(s)
[04:08:47] START P00034
  [04:08:47] mode=symmetry
    symmetry: solved=7/7
  [04:08:54] mode=local-mutant
    local-mutant: solved=10/10
  [04:09:03] mode=swap
    swap: solved=0/0
  [04:09:04] mode=group-reshuffle
    group-reshuffle: solved=10/10
  [04:09:13] mode=constrained-shuffle
    constrained-shuffle: solved=10/10
[04:09:21] DONE P00034
[04:09:21] START P00094
  [04:09:21] mode=symmetry
    symmetry: solved=7/7
  [04:09:25] mode=local-mutant
    generate produced 0 variants (no file written) -- skipping solve/hint-workbench
  [04:09:26] mode=swap
    swap: solved=0/0
  [04:09:26] mode=constrained-shuffle
    constrained-shuffle: solved=0/0
[04:09:27] DONE P00094
[04:09:27] START P00155
  [04:09:27] mode=symmetry
    symmetry: solved=7/7
  [04:09:35] mode=local-mutant
    local-mutant: solved=10/10
  [04:09:45] mode=swap
    swap: solved=10/10
  [04:09:55] mode=group-reshuffle
    group-reshuffle: solved=10/10
  [04:10:07] mode=constrained-shuffle
    constrained-shuffle: solved=10/10
[04:10:16] DONE P00155
[04:10:16] START R00792
  [04:10:16] mode=symmetry
    symmetry: solved=7/7
  [04:10:25] mode=local-mutant
    local-mutant: solved=10/10
  [04:10:40] mode=swap
    swap: solved=10/10
  [04:10:57] mode=group-reshuffle
    group-reshuffle: solved=10/10
  [04:11:10] mode=constrained-shuffle
    constrained-shuffle: solved=10/10
[04:11:23] DONE R00792
[04:11:23] START R00094
  [04:11:23] mode=swap
    swap: solved=2/10
  [04:14:00] mode=group-reshuffle
    group-reshuffle: solved=7/10
  [04:16:13] mode=constrained-shuffle
    constrained-shuffle: solved=4/10
[04:18:03] DONE R00094
[04:18:03] START R00512
  [04:18:03] mode=swap
    swap: solved=0/10
  [04:18:51] mode=group-reshuffle
    group-reshuffle: solved=0/10
  [04:19:39] mode=constrained-shuffle
    constrained-shuffle: solved=0/10
[04:20:27] DONE R00512
[04:20:27] START R00852
  [04:20:27] mode=symmetry
    symmetry: solved=7/7
  [04:22:06] mode=local-mutant
    local-mutant: solved=7/10
  [04:24:38] mode=swap
    swap: solved=9/10
  [04:27:17] mode=group-reshuffle
    group-reshuffle: solved=8/10
  [04:29:35] mode=constrained-shuffle
    constrained-shuffle: solved=4/10
[04:32:57] DONE R00852
[04:32:57] START R01157
  [04:32:57] mode=symmetry
    symmetry: solved=7/7
  [04:33:06] mode=local-mutant
    local-mutant: solved=8/10
  [04:33:38] mode=swap
    swap: solved=10/10
  [04:33:54] mode=group-reshuffle
    group-reshuffle: solved=6/10
  [04:34:48] mode=constrained-shuffle
    constrained-shuffle: solved=9/10
[04:35:23] DONE R01157
[04:35:23] START R01535
  [04:35:23] mode=swap
    swap: solved=2/10
  [04:36:40] mode=group-reshuffle
    group-reshuffle: solved=4/10
  [04:37:39] mode=constrained-shuffle
    constrained-shuffle: solved=6/10
[04:38:44] DONE R01535
[04:38:44] START R01872
  [04:38:44] mode=swap
    swap: solved=0/10
  [04:42:50] mode=group-reshuffle
    group-reshuffle: solved=0/10
  [04:46:54] mode=constrained-shuffle
    constrained-shuffle: solved=0/10
[04:50:44] DONE R01872
[04:50:44] START R02041
  [04:50:44] mode=symmetry
    symmetry: solved=4/7
  [04:51:35] mode=local-mutant
    local-mutant: solved=7/10
  [04:52:41] mode=swap
    swap: solved=10/10
  [04:53:16] mode=group-reshuffle
    group-reshuffle: solved=5/10
  [04:54:48] mode=constrained-shuffle
    constrained-shuffle: solved=4/10
[04:56:31] DONE R02041
[04:56:31] START R02101
  [04:56:31] mode=symmetry
    symmetry: solved=7/7
  [04:56:42] mode=local-mutant
    local-mutant: solved=10/10
  [04:56:54] mode=swap
    swap: solved=9/10
  [04:57:24] mode=group-reshuffle
    group-reshuffle: solved=7/10
  [04:58:06] mode=constrained-shuffle
    constrained-shuffle: solved=4/10
[04:59:13] DONE R02101
[04:59:13] START R02161
  [04:59:13] mode=swap
    swap: solved=0/10
  [05:04:15] mode=group-reshuffle
    group-reshuffle: solved=1/10
  [05:09:25] mode=constrained-shuffle
    constrained-shuffle: solved=0/10
[05:14:37] DONE R02161
[05:14:37] START R02221
  [05:14:37] mode=swap
    swap: solved=0/10
  [05:15:55] mode=group-reshuffle
    group-reshuffle: solved=1/10
  [05:17:09] mode=constrained-shuffle
    constrained-shuffle: solved=0/10
[05:18:26] DONE R02221
[05:18:26] START R02281
  [05:18:26] mode=swap
    swap: solved=0/10
  [05:21:23] mode=group-reshuffle
    group-reshuffle: solved=0/10
  [05:24:05] mode=constrained-shuffle
    constrained-shuffle: solved=0/10
[05:26:55] DONE R02281
[05:26:55] START R02341
  [05:26:55] mode=symmetry
    symmetry: solved=7/7
  [05:27:07] mode=local-mutant
    local-mutant: solved=10/10
  [05:27:20] mode=swap
    swap: solved=10/10
  [05:27:32] mode=group-reshuffle
    group-reshuffle: solved=10/10
  [05:27:48] mode=constrained-shuffle
    constrained-shuffle: solved=10/10
[05:28:19] DONE R02341
[05:28:19] START R02401
  [05:28:19] mode=swap
    swap: solved=1/10
  [05:31:27] mode=group-reshuffle
    group-reshuffle: solved=1/10
  [05:34:36] mode=constrained-shuffle
    constrained-shuffle: solved=4/10
[05:37:08] DONE R02401
[05:37:08] START R02461
  [05:37:08] mode=swap
    swap: solved=0/10
  [05:38:30] mode=group-reshuffle
    group-reshuffle: solved=0/10
  [05:39:49] mode=constrained-shuffle
    constrained-shuffle: solved=0/10
[05:41:15] DONE R02461
[05:41:15] START R02521
  [05:41:15] mode=symmetry
    symmetry: solved=7/7
  [05:42:29] mode=local-mutant
    local-mutant: solved=8/10
  [05:43:54] mode=swap
    swap: solved=7/8
  [05:45:08] mode=group-reshuffle
    group-reshuffle: solved=9/10
  [05:46:50] mode=constrained-shuffle
    constrained-shuffle: solved=10/10
[05:48:13] DONE R02521
[05:48:13] START R02581
  [05:48:13] mode=swap
    swap: solved=0/10
  [05:51:36] mode=group-reshuffle
    group-reshuffle: solved=0/10
  [05:54:58] mode=constrained-shuffle
    constrained-shuffle: solved=1/10
[05:58:15] DONE R02581
[05:58:15] START R02641
  [05:58:15] mode=symmetry
    symmetry: solved=6/7
  [05:59:15] mode=local-mutant
    local-mutant: solved=9/10
  [06:00:22] mode=swap
    swap: solved=9/10
  [06:01:29] mode=group-reshuffle
    group-reshuffle: solved=9/10
  [06:02:53] mode=constrained-shuffle
    constrained-shuffle: solved=10/10
[06:03:31] DONE R02641
[06:03:31] START R02701
  [06:03:31] mode=swap
    swap: solved=0/10
  [06:07:09] mode=group-reshuffle
    group-reshuffle: solved=0/10
  [06:10:36] mode=constrained-shuffle
    constrained-shuffle: solved=3/10
[06:13:45] DONE R02701
[06:13:45] START R02761
  [06:13:45] mode=symmetry
    symmetry: solved=7/7
  [06:14:16] mode=local-mutant
    local-mutant: solved=10/10
  [06:15:01] mode=swap
    swap: solved=10/10
  [06:15:45] mode=group-reshuffle
    group-reshuffle: solved=10/10
  [06:16:17] mode=constrained-shuffle
    constrained-shuffle: solved=9/10
[06:17:14] DONE R02761
[06:17:14] START R02821
  [06:17:14] mode=swap
    swap: solved=0/10
  [06:18:44] mode=group-reshuffle
    group-reshuffle: solved=0/10
  [06:20:17] mode=constrained-shuffle
    constrained-shuffle: solved=0/10
[06:21:56] DONE R02821
[06:21:56] START R02881
  [06:21:56] mode=symmetry
    symmetry: solved=5/7
  [06:22:38] mode=local-mutant
    local-mutant: solved=3/10
  [06:24:10] mode=swap
    swap: solved=3/10
  [06:25:47] mode=group-reshuffle
    group-reshuffle: solved=3/10
  [06:27:23] mode=constrained-shuffle
    constrained-shuffle: solved=2/10
[06:29:23] DONE R02881
[06:29:23] START R02941
  [06:29:23] mode=symmetry
    symmetry: solved=7/7
  [06:29:32] mode=local-mutant
    local-mutant: solved=10/10
  [06:29:50] mode=swap
    swap: solved=10/10
  [06:30:04] mode=group-reshuffle
    group-reshuffle: solved=10/10
  [06:30:27] mode=constrained-shuffle
    constrained-shuffle: solved=10/10
[06:30:43] DONE R02941
[06:30:43] START R03001
  [06:30:43] mode=symmetry
    symmetry: solved=7/7
  [06:31:22] mode=local-mutant
    local-mutant: solved=8/10
  [06:32:26] mode=swap
    swap: solved=10/10
  [06:32:55] mode=group-reshuffle
    group-reshuffle: solved=8/10
  [06:34:36] mode=constrained-shuffle
    constrained-shuffle: solved=6/10
[06:36:35] DONE R03001
[06:36:35] START R03061
  [06:36:35] mode=swap
    swap: solved=0/10
  [06:41:52] mode=group-reshuffle
    group-reshuffle: solved=0/10
  [06:47:00] mode=constrained-shuffle
    constrained-shuffle: solved=0/10
[06:52:06] DONE R03061
[06:52:06] START R03121
  [06:52:06] mode=swap
    swap: solved=0/10
  [06:54:57] mode=group-reshuffle
    group-reshuffle: solved=0/10
  [06:57:37] mode=constrained-shuffle
    constrained-shuffle: solved=3/10
[07:00:15] DONE R03121
[07:00:15] START R03181
  [07:00:15] mode=swap
    swap: solved=0/10
  [07:04:16] mode=group-reshuffle
    group-reshuffle: solved=1/10
  [07:08:21] mode=constrained-shuffle
    constrained-shuffle: solved=0/10
[07:12:26] DONE R03181
[07:12:26] START R03241
  [07:12:26] mode=swap
    swap: solved=2/10
  [07:15:17] mode=group-reshuffle
    group-reshuffle: solved=7/10
  [07:17:02] mode=constrained-shuffle
    constrained-shuffle: solved=6/10
[07:18:54] DONE R03241
[07:18:54] START R03301
  [07:18:54] mode=swap
    swap: solved=0/10
  [07:22:09] mode=group-reshuffle
    group-reshuffle: solved=1/10
  [07:25:21] mode=constrained-shuffle
    constrained-shuffle: solved=0/10
[07:28:34] DONE R03301
[07:28:34] START R03361
  [07:28:34] mode=swap
    swap: solved=0/10
  [07:32:07] mode=group-reshuffle
    group-reshuffle: solved=6/10
  [07:34:32] mode=constrained-shuffle
    constrained-shuffle: solved=6/10
[07:36:48] DONE R03361
[07:36:48] SHARD END
