[08:57:56] SHARD START 33 level(s)
[08:57:56] START P00014
  [08:57:56] mode=symmetry
    symmetry: solved=7/7
  [08:58:03] mode=local-mutant
    local-mutant: solved=10/10
  [08:58:12] mode=swap
    swap: solved=0/0
  [08:58:12] mode=group-reshuffle
    group-reshuffle: solved=10/10
  [08:58:18] mode=constrained-shuffle
    constrained-shuffle: solved=10/10
[08:58:24] DONE P00014
[08:58:24] START P00074
  [08:58:24] mode=symmetry
    symmetry: solved=7/7
  [08:58:27] mode=local-mutant
    local-mutant: solved=10/10
  [08:58:34] mode=swap
    swap: solved=0/0
  [08:58:35] mode=group-reshuffle
    group-reshuffle: solved=10/10
  [08:58:41] mode=constrained-shuffle
    constrained-shuffle: solved=10/10
[08:58:48] DONE P00074
[08:58:48] START P00134
  [08:58:48] mode=symmetry
    symmetry: solved=7/7
  [08:58:51] mode=local-mutant
    local-mutant: solved=10/10
  [08:58:55] mode=swap
    swap: solved=10/10
  [08:58:59] mode=group-reshuffle
    group-reshuffle: solved=10/10
  [08:59:04] mode=constrained-shuffle
    constrained-shuffle: solved=10/10
[08:59:09] DONE P00134
[08:59:09] START R00253
  [08:59:09] mode=symmetry
    symmetry: solved=6/7
  [08:59:21] mode=local-mutant
    local-mutant: solved=10/10
  [08:59:35] mode=swap
    swap: solved=10/10
  [08:59:40] mode=group-reshuffle
    group-reshuffle: solved=9/10
  [08:59:58] mode=constrained-shuffle
    constrained-shuffle: solved=9/10
[09:00:11] DONE R00253
[09:00:11] START R01830
  [09:00:11] mode=symmetry
    symmetry: solved=5/7
  [09:00:56] mode=local-mutant
    local-mutant: solved=9/10
  [09:01:43] mode=swap
    swap: solved=10/10
  [09:02:21] mode=group-reshuffle
    group-reshuffle: solved=9/10
  [09:03:21] mode=constrained-shuffle
    constrained-shuffle: solved=9/10
[09:04:08] DONE R01830
[09:04:08] START R00370
  [09:04:08] mode=swap
    swap: solved=0/10
  [09:05:42] mode=group-reshuffle
    group-reshuffle: solved=1/10
  [09:07:16] mode=constrained-shuffle
    constrained-shuffle: solved=0/10
[09:08:51] DONE R00370
[09:08:51] START R00707
  [09:08:51] mode=swap
    swap: solved=0/10
  [09:09:17] mode=group-reshuffle
    group-reshuffle: solved=0/10
  [09:09:43] mode=constrained-shuffle
    constrained-shuffle: solved=0/10
[09:10:08] DONE R00707
[09:10:08] START R01061
  [09:10:08] mode=symmetry
    symmetry: solved=4/7
  [09:10:40] mode=local-mutant
    local-mutant: solved=8/10
  [09:11:22] mode=swap
    swap: solved=9/10
  [09:12:04] mode=group-reshuffle
    group-reshuffle: solved=9/10
  [09:12:30] mode=constrained-shuffle
    constrained-shuffle: solved=6/10
[09:13:00] DONE R01061
[09:13:00] START R01425
  [09:13:00] mode=symmetry
    symmetry: solved=1/7
  [09:14:38] mode=local-mutant
    local-mutant: solved=1/10
  [09:17:00] mode=swap
    swap: solved=0/10
  [09:19:24] mode=group-reshuffle
    group-reshuffle: solved=1/10
  [09:21:51] mode=constrained-shuffle
    constrained-shuffle: solved=2/10
[09:23:45] DONE R01425
[09:23:45] START R01761
  [09:23:45] mode=swap
    swap: solved=0/10
  [09:24:39] mode=group-reshuffle
    group-reshuffle: solved=0/10
  [09:25:32] mode=constrained-shuffle
    constrained-shuffle: solved=2/10
[09:26:25] DONE R01761
[09:26:25] START R02021
  [09:26:25] mode=swap
    swap: solved=0/10
  [09:27:31] mode=group-reshuffle
    group-reshuffle: solved=0/0
  [09:27:32] mode=constrained-shuffle
    constrained-shuffle: solved=0/10
[09:28:32] DONE R02021
[09:28:32] START R02081
  [09:28:32] mode=swap
    swap: solved=0/10
  [09:30:33] mode=group-reshuffle
    group-reshuffle: solved=0/10
  [09:32:38] mode=constrained-shuffle
    constrained-shuffle: solved=0/10
[09:34:40] DONE R02081
[09:34:40] START R02141
  [09:34:40] mode=symmetry
    symmetry: solved=7/7
  [09:34:56] mode=local-mutant
    local-mutant: solved=10/10
  [09:35:20] mode=swap
    swap: solved=10/10
  [09:35:44] mode=group-reshuffle
    group-reshuffle: solved=10/10
  [09:36:09] mode=constrained-shuffle
    constrained-shuffle: solved=10/10
[09:36:35] DONE R02141
[09:36:35] START R02201
  [09:36:35] mode=swap
    swap: solved=0/10
  [09:38:14] mode=group-reshuffle
    group-reshuffle: solved=0/10
  [09:39:48] mode=constrained-shuffle
    constrained-shuffle: solved=1/10
[09:41:21] DONE R02201
[09:41:21] START R02261
  [09:41:21] mode=swap
    swap: solved=0/10
  [09:43:28] mode=group-reshuffle
    group-reshuffle: solved=0/10
  [09:45:42] mode=constrained-shuffle
    constrained-shuffle: solved=0/10
[09:47:54] DONE R02261
[09:47:54] START R02321
  [09:47:54] mode=symmetry
    symmetry: solved=6/7
  [09:48:59] mode=local-mutant
    local-mutant: solved=8/10
  [09:50:08] mode=swap
    swap: solved=9/10
  [09:51:11] mode=group-reshuffle
    group-reshuffle: solved=3/10
  [09:52:34] mode=constrained-shuffle
    constrained-shuffle: solved=9/10
[09:53:37] DONE R02321
[09:53:37] START R02381
  [09:53:37] mode=symmetry
    symmetry: solved=7/7
  [09:53:45] mode=local-mutant
    local-mutant: solved=10/10
  [09:53:55] mode=swap
    swap: solved=0/0
  [09:53:56] mode=group-reshuffle
    group-reshuffle: solved=10/10
  [09:54:06] mode=constrained-shuffle
    constrained-shuffle: solved=10/10
[09:54:17] DONE R02381
[09:54:17] START R02441
  [09:54:17] mode=symmetry
    symmetry: solved=7/7
  [09:54:38] mode=local-mutant
    local-mutant: solved=10/10
  [09:55:11] mode=swap
    swap: solved=10/10
  [09:55:42] mode=group-reshuffle
    group-reshuffle: solved=10/10
  [09:56:09] mode=constrained-shuffle
    constrained-shuffle: solved=10/10
[09:56:33] DONE R02441
[09:56:33] START R02501
  [09:56:33] mode=swap
    swap: solved=0/10
  [09:57:37] mode=group-reshuffle
    group-reshuffle: solved=0/10
  [09:58:39] mode=constrained-shuffle
    constrained-shuffle: solved=0/10
[09:59:42] DONE R02501
[09:59:42] START R02561
  [09:59:42] mode=swap
    swap: solved=0/10
  [10:00:47] mode=group-reshuffle
    group-reshuffle: solved=0/10
  [10:01:49] mode=constrained-shuffle
    constrained-shuffle: solved=1/10
[10:02:54] DONE R02561
[10:02:54] START R02621
  [10:02:54] mode=swap
    swap: solved=0/10
  [10:03:35] mode=group-reshuffle
    group-reshuffle: solved=0/10
  [10:04:15] mode=constrained-shuffle
    constrained-shuffle: solved=0/10
[10:04:53] DONE R02621
[10:04:53] START R02681
  [10:04:53] mode=symmetry
    symmetry: solved=7/7
  [10:05:07] mode=local-mutant
    local-mutant: solved=10/10
  [10:05:35] mode=swap
    swap: solved=10/10
  [10:05:56] mode=group-reshuffle
    group-reshuffle: solved=8/10
  [10:06:38] mode=constrained-shuffle
    constrained-shuffle: solved=7/10
[10:07:13] DONE R02681
[10:07:13] START R02741
  [10:07:13] mode=symmetry
    symmetry: solved=1/7
  [10:07:59] mode=local-mutant
    local-mutant: solved=5/10
  [10:08:50] mode=swap
    swap: solved=0/10
  [10:10:15] mode=group-reshuffle
    group-reshuffle: solved=3/10
  [10:11:13] mode=constrained-shuffle
    constrained-shuffle: solved=8/10
[10:11:44] DONE R02741
[10:11:44] START R02801
  [10:11:44] mode=swap
    swap: solved=0/10
  [10:13:55] mode=group-reshuffle
    group-reshuffle: solved=1/10
  [10:16:07] mode=constrained-shuffle
    constrained-shuffle: solved=0/10
[10:18:26] DONE R02801
[10:18:26] START R02861
  [10:18:26] mode=symmetry
    symmetry: solved=0/7
  [10:19:00] mode=local-mutant
    local-mutant: solved=0/10
  [10:19:44] mode=swap
    swap: solved=0/10
  [10:20:30] mode=group-reshuffle
    group-reshuffle: solved=1/10
  [10:21:17] mode=constrained-shuffle
    constrained-shuffle: solved=2/10
[10:22:02] DONE R02861
[10:22:02] START R02921
  [10:22:02] mode=symmetry
    symmetry: solved=7/7
  [10:22:09] mode=local-mutant
    local-mutant: solved=10/10
  [10:22:17] mode=swap
    swap: solved=10/10
  [10:22:27] mode=group-reshuffle
    group-reshuffle: solved=10/10
  [10:22:35] mode=constrained-shuffle
    constrained-shuffle: solved=10/10
[10:22:43] DONE R02921
[10:22:43] START R02981
  [10:22:43] mode=symmetry
    symmetry: solved=7/7
  [10:22:54] mode=local-mutant
    local-mutant: solved=10/10
  [10:23:06] mode=swap
    swap: solved=10/10
  [10:23:16] mode=group-reshuffle
    group-reshuffle: solved=10/10
  [10:23:27] mode=constrained-shuffle
    constrained-shuffle: solved=10/10
[10:23:39] DONE R02981
[10:23:39] START R03041
  [10:23:39] mode=swap
    swap: solved=0/10
  [10:25:39] mode=group-reshuffle
    group-reshuffle: solved=1/10
  [10:27:35] mode=constrained-shuffle
    constrained-shuffle: solved=0/10
[10:29:27] DONE R03041
[10:29:27] START R03101
  [10:29:27] mode=symmetry
    symmetry: solved=1/7
  [10:30:17] mode=local-mutant
    local-mutant: solved=3/10
  [10:31:13] mode=swap
    swap: solved=2/10
  [10:32:14] mode=group-reshuffle
    group-reshuffle: solved=4/10
  [10:33:05] mode=constrained-shuffle
    constrained-shuffle: solved=3/10
[10:34:08] DONE R03101
[10:34:08] START R03161
  [10:34:08] mode=swap
    swap: solved=0/10
  [10:35:00] mode=group-reshuffle
    group-reshuffle: solved=0/10
  [10:35:54] mode=constrained-shuffle
    constrained-shuffle: solved=0/10
[10:36:50] DONE R03161
[10:36:50] START R03221
  [10:36:50] mode=swap
    swap: solved=0/10
  [10:39:16] mode=group-reshuffle
    group-reshuffle: solved=0/10
  [10:41:41] mode=constrained-shuffle
    constrained-shuffle: solved=0/10
[10:44:01] DONE R03221
[10:44:01] START R03281
  [10:44:01] mode=swap
    swap: solved=1/10
  [10:45:52] mode=group-reshuffle
    group-reshuffle: solved=1/10
  [10:47:40] mode=constrained-shuffle
    constrained-shuffle: solved=0/10
[10:49:28] DONE R03281
[10:49:28] START R03341
  [10:49:28] mode=symmetry
    symmetry: solved=7/7
  [10:49:38] mode=local-mutant
    local-mutant: solved=10/10
  [10:49:49] mode=swap
    swap: solved=0/0
  [10:49:50] mode=group-reshuffle
    group-reshuffle: solved=10/10
  [10:49:58] mode=constrained-shuffle
    constrained-shuffle: solved=10/10
[10:50:06] DONE R03341
[10:50:06] SHARD END
[19:10:28] SHARD START 33 level(s)
[19:10:28] START P00014
  [19:10:28] mode=symmetry
    already have this (family + solve result exist) -- skipping regeneration/re-solve
  [19:10:28] mode=local-mutant
    already have this (family + solve result exist) -- skipping regeneration/re-solve
  [19:10:28] mode=swap
    already have this (family + solve result exist) -- skipping regeneration/re-solve
  [19:10:28] mode=group-reshuffle
    already have this (family + solve result exist) -- skipping regeneration/re-solve
  [19:10:28] mode=constrained-shuffle
    already have this (family + solve result exist) -- skipping regeneration/re-solve
[19:10:28] DONE P00014
[19:10:28] START P00074
  [19:10:28] mode=symmetry
    already have this (family + solve result exist) -- skipping regeneration/re-solve
  [19:10:28] mode=local-mutant
    already have this (family + solve result exist) -- skipping regeneration/re-solve
  [19:10:28] mode=swap
    already have this (family + solve result exist) -- skipping regeneration/re-solve
  [19:10:28] mode=group-reshuffle
    already have this (family + solve result exist) -- skipping regeneration/re-solve
  [19:10:28] mode=constrained-shuffle
    already have this (family + solve result exist) -- skipping regeneration/re-solve
[19:10:28] DONE P00074
[19:10:28] START P00134
  [19:10:28] mode=symmetry
    already have this (family + solve result exist) -- skipping regeneration/re-solve
  [19:10:28] mode=local-mutant
    already have this (family + solve result exist) -- skipping regeneration/re-solve
  [19:10:28] mode=swap
    already have this (family + solve result exist) -- skipping regeneration/re-solve
  [19:10:28] mode=group-reshuffle
    already have this (family + solve result exist) -- skipping regeneration/re-solve
  [19:10:28] mode=constrained-shuffle
    already have this (family + solve result exist) -- skipping regeneration/re-solve
[19:10:28] DONE P00134
[19:10:28] START R00253
  [19:10:28] mode=symmetry
    already have this (family + solve result exist) -- skipping regeneration/re-solve
  [19:10:28] mode=local-mutant
    already have this (family + solve result exist) -- skipping regeneration/re-solve
  [19:10:28] mode=swap
    already have this (family + solve result exist) -- skipping regeneration/re-solve
  [19:10:28] mode=group-reshuffle
    already have this (family + solve result exist) -- skipping regeneration/re-solve
  [19:10:28] mode=constrained-shuffle
    already have this (family + solve result exist) -- skipping regeneration/re-solve
[19:10:28] DONE R00253
[19:10:28] START R01830
  [19:10:28] mode=symmetry
    already have this (family + solve result exist) -- skipping regeneration/re-solve
  [19:10:28] mode=local-mutant
    already have this (family + solve result exist) -- skipping regeneration/re-solve
  [19:10:28] mode=swap
    already have this (family + solve result exist) -- skipping regeneration/re-solve
  [19:10:28] mode=group-reshuffle
    already have this (family + solve result exist) -- skipping regeneration/re-solve
  [19:10:28] mode=constrained-shuffle
    already have this (family + solve result exist) -- skipping regeneration/re-solve
[19:10:28] DONE R01830
[19:10:28] START R00370
  [19:10:28] mode=swap
    already have this (family + solve result exist) -- skipping regeneration/re-solve
  [19:10:28] mode=group-reshuffle
    already have this (family + solve result exist) -- skipping regeneration/re-solve
  [19:10:28] mode=constrained-shuffle
    already have this (family + solve result exist) -- skipping regeneration/re-solve
[19:10:28] DONE R00370
[19:10:28] START R00707
  [19:10:28] mode=swap
    already have this (family + solve result exist) -- skipping regeneration/re-solve
  [19:10:28] mode=group-reshuffle
    already have this (family + solve result exist) -- skipping regeneration/re-solve
  [19:10:28] mode=constrained-shuffle
    already have this (family + solve result exist) -- skipping regeneration/re-solve
[19:10:28] DONE R00707
[19:10:28] START R01061
  [19:10:28] mode=symmetry
    already have this (family + solve result exist) -- skipping regeneration/re-solve
  [19:10:28] mode=local-mutant
    already have this (family + solve result exist) -- skipping regeneration/re-solve
  [19:10:28] mode=swap
    already have this (family + solve result exist) -- skipping regeneration/re-solve
  [19:10:28] mode=group-reshuffle
    already have this (family + solve result exist) -- skipping regeneration/re-solve
  [19:10:28] mode=constrained-shuffle
    already have this (family + solve result exist) -- skipping regeneration/re-solve
[19:10:28] DONE R01061
[19:10:28] START R01425
  [19:10:28] mode=symmetry
    already have this (family + solve result exist) -- skipping regeneration/re-solve
  [19:10:28] mode=local-mutant
    already have this (family + solve result exist) -- skipping regeneration/re-solve
  [19:10:28] mode=swap
    already have this (family + solve result exist) -- skipping regeneration/re-solve
  [19:10:28] mode=group-reshuffle
    already have this (family + solve result exist) -- skipping regeneration/re-solve
  [19:10:28] mode=constrained-shuffle
    already have this (family + solve result exist) -- skipping regeneration/re-solve
[19:10:28] DONE R01425
[19:10:28] START R01761
  [19:10:28] mode=swap
    already have this (family + solve result exist) -- skipping regeneration/re-solve
  [19:10:28] mode=group-reshuffle
    already have this (family + solve result exist) -- skipping regeneration/re-solve
  [19:10:28] mode=constrained-shuffle
    already have this (family + solve result exist) -- skipping regeneration/re-solve
[19:10:28] DONE R01761
[19:10:28] START R02021
  [19:10:28] mode=swap
    already have this (family + solve result exist) -- skipping regeneration/re-solve
  [19:10:28] mode=group-reshuffle
    already have this (family + solve result exist) -- skipping regeneration/re-solve
  [19:10:28] mode=constrained-shuffle
    already have this (family + solve result exist) -- skipping regeneration/re-solve
[19:10:28] DONE R02021
[19:10:28] START R02081
  [19:10:28] mode=swap
    already have this (family + solve result exist) -- skipping regeneration/re-solve
  [19:10:28] mode=group-reshuffle
    already have this (family + solve result exist) -- skipping regeneration/re-solve
  [19:10:28] mode=constrained-shuffle
    already have this (family + solve result exist) -- skipping regeneration/re-solve
[19:10:28] DONE R02081
[19:10:28] START R02141
  [19:10:28] mode=symmetry
    already have this (family + solve result exist) -- skipping regeneration/re-solve
  [19:10:28] mode=local-mutant
    already have this (family + solve result exist) -- skipping regeneration/re-solve
  [19:10:28] mode=swap
    already have this (family + solve result exist) -- skipping regeneration/re-solve
  [19:10:28] mode=group-reshuffle
    already have this (family + solve result exist) -- skipping regeneration/re-solve
  [19:10:28] mode=constrained-shuffle
    already have this (family + solve result exist) -- skipping regeneration/re-solve
[19:10:28] DONE R02141
[19:10:28] START R02201
  [19:10:28] mode=swap
    already have this (family + solve result exist) -- skipping regeneration/re-solve
  [19:10:28] mode=group-reshuffle
    already have this (family + solve result exist) -- skipping regeneration/re-solve
  [19:10:28] mode=constrained-shuffle
    already have this (family + solve result exist) -- skipping regeneration/re-solve
[19:10:28] DONE R02201
[19:10:28] START R02261
  [19:10:28] mode=swap
    already have this (family + solve result exist) -- skipping regeneration/re-solve
  [19:10:28] mode=group-reshuffle
    already have this (family + solve result exist) -- skipping regeneration/re-solve
  [19:10:28] mode=constrained-shuffle
    already have this (family + solve result exist) -- skipping regeneration/re-solve
[19:10:28] DONE R02261
[19:10:28] START R02321
  [19:10:28] mode=symmetry
    already have this (family + solve result exist) -- skipping regeneration/re-solve
  [19:10:28] mode=local-mutant
    already have this (family + solve result exist) -- skipping regeneration/re-solve
  [19:10:28] mode=swap
    already have this (family + solve result exist) -- skipping regeneration/re-solve
  [19:10:28] mode=group-reshuffle
    already have this (family + solve result exist) -- skipping regeneration/re-solve
  [19:10:28] mode=constrained-shuffle
    already have this (family + solve result exist) -- skipping regeneration/re-solve
[19:10:28] DONE R02321
[19:10:28] START R02381
  [19:10:28] mode=symmetry
    already have this (family + solve result exist) -- skipping regeneration/re-solve
  [19:10:28] mode=local-mutant
    already have this (family + solve result exist) -- skipping regeneration/re-solve
  [19:10:28] mode=swap
    already have this (family + solve result exist) -- skipping regeneration/re-solve
  [19:10:28] mode=group-reshuffle
    already have this (family + solve result exist) -- skipping regeneration/re-solve
  [19:10:28] mode=constrained-shuffle
    already have this (family + solve result exist) -- skipping regeneration/re-solve
[19:10:28] DONE R02381
[19:10:28] START R02441
  [19:10:28] mode=symmetry
    already have this (family + solve result exist) -- skipping regeneration/re-solve
  [19:10:28] mode=local-mutant
    already have this (family + solve result exist) -- skipping regeneration/re-solve
  [19:10:28] mode=swap
    already have this (family + solve result exist) -- skipping regeneration/re-solve
  [19:10:28] mode=group-reshuffle
    already have this (family + solve result exist) -- skipping regeneration/re-solve
  [19:10:28] mode=constrained-shuffle
    already have this (family + solve result exist) -- skipping regeneration/re-solve
[19:10:28] DONE R02441
[19:10:28] START R02501
  [19:10:28] mode=swap
    already have this (family + solve result exist) -- skipping regeneration/re-solve
  [19:10:28] mode=group-reshuffle
    already have this (family + solve result exist) -- skipping regeneration/re-solve
  [19:10:28] mode=constrained-shuffle
    already have this (family + solve result exist) -- skipping regeneration/re-solve
[19:10:28] DONE R02501
[19:10:28] START R02561
  [19:10:28] mode=swap
    already have this (family + solve result exist) -- skipping regeneration/re-solve
  [19:10:28] mode=group-reshuffle
    already have this (family + solve result exist) -- skipping regeneration/re-solve
  [19:10:28] mode=constrained-shuffle
    already have this (family + solve result exist) -- skipping regeneration/re-solve
[19:10:28] DONE R02561
[19:10:28] START R02621
  [19:10:28] mode=swap
    already have this (family + solve result exist) -- skipping regeneration/re-solve
  [19:10:28] mode=group-reshuffle
    already have this (family + solve result exist) -- skipping regeneration/re-solve
  [19:10:28] mode=constrained-shuffle
    already have this (family + solve result exist) -- skipping regeneration/re-solve
[19:10:28] DONE R02621
[19:10:28] START R02681
  [19:10:28] mode=symmetry
    already have this (family + solve result exist) -- skipping regeneration/re-solve
  [19:10:28] mode=local-mutant
    already have this (family + solve result exist) -- skipping regeneration/re-solve
  [19:10:28] mode=swap
    already have this (family + solve result exist) -- skipping regeneration/re-solve
  [19:10:28] mode=group-reshuffle
    already have this (family + solve result exist) -- skipping regeneration/re-solve
  [19:10:28] mode=constrained-shuffle
    already have this (family + solve result exist) -- skipping regeneration/re-solve
[19:10:28] DONE R02681
[19:10:28] START R02741
  [19:10:28] mode=symmetry
    already have this (family + solve result exist) -- skipping regeneration/re-solve
  [19:10:28] mode=local-mutant
    already have this (family + solve result exist) -- skipping regeneration/re-solve
  [19:10:28] mode=swap
    already have this (family + solve result exist) -- skipping regeneration/re-solve
  [19:10:28] mode=group-reshuffle
    already have this (family + solve result exist) -- skipping regeneration/re-solve
  [19:10:28] mode=constrained-shuffle
    already have this (family + solve result exist) -- skipping regeneration/re-solve
[19:10:28] DONE R02741
[19:10:28] START R02801
  [19:10:28] mode=swap
    already have this (family + solve result exist) -- skipping regeneration/re-solve
  [19:10:28] mode=group-reshuffle
    already have this (family + solve result exist) -- skipping regeneration/re-solve
  [19:10:28] mode=constrained-shuffle
    already have this (family + solve result exist) -- skipping regeneration/re-solve
[19:10:28] DONE R02801
[19:10:28] START R02861
  [19:10:28] mode=symmetry
    already have this (family + solve result exist) -- skipping regeneration/re-solve
  [19:10:28] mode=local-mutant
    already have this (family + solve result exist) -- skipping regeneration/re-solve
  [19:10:28] mode=swap
    already have this (family + solve result exist) -- skipping regeneration/re-solve
  [19:10:28] mode=group-reshuffle
    already have this (family + solve result exist) -- skipping regeneration/re-solve
  [19:10:28] mode=constrained-shuffle
    already have this (family + solve result exist) -- skipping regeneration/re-solve
[19:10:28] DONE R02861
[19:10:28] START R02921
  [19:10:28] mode=symmetry
    already have this (family + solve result exist) -- skipping regeneration/re-solve
  [19:10:28] mode=local-mutant
    already have this (family + solve result exist) -- skipping regeneration/re-solve
  [19:10:28] mode=swap
    already have this (family + solve result exist) -- skipping regeneration/re-solve
  [19:10:28] mode=group-reshuffle
    already have this (family + solve result exist) -- skipping regeneration/re-solve
  [19:10:28] mode=constrained-shuffle
    already have this (family + solve result exist) -- skipping regeneration/re-solve
[19:10:28] DONE R02921
[19:10:28] START R02981
  [19:10:28] mode=symmetry
    already have this (family + solve result exist) -- skipping regeneration/re-solve
  [19:10:28] mode=local-mutant
    already have this (family + solve result exist) -- skipping regeneration/re-solve
  [19:10:28] mode=swap
    already have this (family + solve result exist) -- skipping regeneration/re-solve
  [19:10:28] mode=group-reshuffle
    already have this (family + solve result exist) -- skipping regeneration/re-solve
  [19:10:28] mode=constrained-shuffle
    already have this (family + solve result exist) -- skipping regeneration/re-solve
[19:10:28] DONE R02981
[19:10:28] START R03041
  [19:10:28] mode=swap
    already have this (family + solve result exist) -- skipping regeneration/re-solve
  [19:10:28] mode=group-reshuffle
    already have this (family + solve result exist) -- skipping regeneration/re-solve
  [19:10:28] mode=constrained-shuffle
    already have this (family + solve result exist) -- skipping regeneration/re-solve
[19:10:28] DONE R03041
[19:10:28] START R03101
  [19:10:28] mode=symmetry
    already have this (family + solve result exist) -- skipping regeneration/re-solve
  [19:10:28] mode=local-mutant
    already have this (family + solve result exist) -- skipping regeneration/re-solve
  [19:10:28] mode=swap
    already have this (family + solve result exist) -- skipping regeneration/re-solve
  [19:10:28] mode=group-reshuffle
    already have this (family + solve result exist) -- skipping regeneration/re-solve
  [19:10:28] mode=constrained-shuffle
    already have this (family + solve result exist) -- skipping regeneration/re-solve
[19:10:28] DONE R03101
[19:10:28] START R03161
  [19:10:28] mode=swap
    already have this (family + solve result exist) -- skipping regeneration/re-solve
  [19:10:28] mode=group-reshuffle
    already have this (family + solve result exist) -- skipping regeneration/re-solve
  [19:10:28] mode=constrained-shuffle
    already have this (family + solve result exist) -- skipping regeneration/re-solve
[19:10:28] DONE R03161
[19:10:28] START R03221
  [19:10:28] mode=swap
    already have this (family + solve result exist) -- skipping regeneration/re-solve
  [19:10:28] mode=group-reshuffle
    already have this (family + solve result exist) -- skipping regeneration/re-solve
  [19:10:28] mode=constrained-shuffle
    already have this (family + solve result exist) -- skipping regeneration/re-solve
[19:10:28] DONE R03221
[19:10:28] START R03281
  [19:10:28] mode=swap
    already have this (family + solve result exist) -- skipping regeneration/re-solve
  [19:10:28] mode=group-reshuffle
    already have this (family + solve result exist) -- skipping regeneration/re-solve
  [19:10:28] mode=constrained-shuffle
    already have this (family + solve result exist) -- skipping regeneration/re-solve
[19:10:28] DONE R03281
[19:10:28] START R03341
  [19:10:28] mode=symmetry
    already have this (family + solve result exist) -- skipping regeneration/re-solve
  [19:10:28] mode=local-mutant
    already have this (family + solve result exist) -- skipping regeneration/re-solve
  [19:10:28] mode=swap
    already have this (family + solve result exist) -- skipping regeneration/re-solve
  [19:10:28] mode=group-reshuffle
    already have this (family + solve result exist) -- skipping regeneration/re-solve
  [19:10:28] mode=constrained-shuffle
    already have this (family + solve result exist) -- skipping regeneration/re-solve
[19:10:28] DONE R03341
[19:10:28] SHARD END
