[07:09:46] SHARD START 32 level(s)
[07:09:46] START P00045
  [07:09:46] mode=symmetry
    symmetry: solved=7/7
  [07:09:50] mode=local-mutant
    local-mutant: solved=10/10
  [07:09:54] mode=swap
    swap: solved=0/0
  [07:09:55] mode=group-reshuffle
    group-reshuffle: solved=10/10
  [07:09:58] mode=constrained-shuffle
    constrained-shuffle: solved=10/10
[07:10:02] DONE P00045
[07:10:02] START P00105
  [07:10:02] mode=symmetry
    symmetry: solved=7/7
  [07:10:05] mode=local-mutant
    local-mutant: solved=10/10
  [07:10:09] mode=swap
    swap: solved=10/10
  [07:10:12] mode=group-reshuffle
    group-reshuffle: solved=10/10
  [07:10:16] mode=constrained-shuffle
    constrained-shuffle: solved=10/10
[07:10:21] DONE P00105
[07:10:21] START S00048
  [07:10:21] mode=symmetry
    symmetry: solved=7/7
  [07:10:29] mode=local-mutant
    local-mutant: solved=10/10
  [07:10:47] mode=swap
    swap: solved=2/2
  [07:10:51] mode=group-reshuffle
    group-reshuffle: solved=10/10
  [07:11:03] mode=constrained-shuffle
    constrained-shuffle: solved=10/10
[07:11:17] DONE S00048
[07:11:17] START R01189
  [07:11:17] mode=symmetry
    symmetry: solved=7/7
  [07:11:22] mode=local-mutant
    local-mutant: solved=10/10
  [07:11:31] mode=swap
    swap: solved=10/10
  [07:11:38] mode=group-reshuffle
    group-reshuffle: solved=10/10
  [07:12:02] mode=constrained-shuffle
    constrained-shuffle: solved=8/10
[07:13:29] DONE R01189
[07:13:29] START R00180
  [07:13:29] mode=swap
    swap: solved=0/10
  [07:15:52] mode=group-reshuffle
    group-reshuffle: solved=5/10
  [07:17:29] mode=constrained-shuffle
    constrained-shuffle: solved=3/10
[07:19:26] DONE R00180
[07:19:26] START R00553
  [07:19:26] mode=symmetry
    symmetry: solved=7/7
  [07:19:50] mode=local-mutant
    local-mutant: solved=10/10
  [07:20:24] mode=swap
    swap: solved=10/10
  [07:20:54] mode=group-reshuffle
    group-reshuffle: solved=9/10
  [07:21:40] mode=constrained-shuffle
    constrained-shuffle: solved=9/10
[07:22:21] DONE R00553
[07:22:21] START R00923
  [07:22:21] mode=swap
    swap: solved=0/10
  [07:24:53] mode=group-reshuffle
    group-reshuffle: solved=0/10
  [07:27:26] mode=constrained-shuffle
    constrained-shuffle: solved=5/10
[07:29:08] DONE R00923
[07:29:08] START R01229
  [07:29:08] mode=swap
    swap: solved=1/10
  [07:31:20] mode=group-reshuffle
    group-reshuffle: solved=1/10
  [07:33:27] mode=constrained-shuffle
    constrained-shuffle: solved=6/10
[07:35:01] DONE R01229
[07:35:01] START R01600
  [07:35:01] mode=swap
    swap: solved=0/10
  [07:38:01] mode=group-reshuffle
    group-reshuffle: solved=0/10
  [07:40:57] mode=constrained-shuffle
    constrained-shuffle: solved=0/10
[07:43:47] DONE R01600
[07:43:47] START R01945
  [07:43:47] mode=swap
    swap: solved=0/10
  [07:46:08] mode=group-reshuffle
    group-reshuffle: solved=0/10
  [07:48:28] mode=constrained-shuffle
    constrained-shuffle: solved=0/10
[07:50:46] DONE R01945
[07:50:46] START R02052
  [07:50:46] mode=symmetry
    symmetry: solved=0/7
  [07:52:46] mode=local-mutant
    local-mutant: solved=0/10
  [07:55:36] mode=swap
    swap: solved=2/10
  [07:58:02] mode=group-reshuffle
    group-reshuffle: solved=0/10
  [08:00:55] mode=constrained-shuffle
    constrained-shuffle: solved=0/10
[08:03:37] DONE R02052
[08:03:37] START R02112
  [08:03:37] mode=symmetry
    symmetry: solved=7/7
  [08:04:20] mode=local-mutant
    local-mutant: solved=10/10
  [08:05:14] mode=swap
    swap: solved=10/10
  [08:06:21] mode=group-reshuffle
    group-reshuffle: solved=8/10
  [08:07:34] mode=constrained-shuffle
    constrained-shuffle: solved=7/10
[08:08:30] DONE R02112
[08:08:30] START R02172
  [08:08:30] mode=swap
    swap: solved=0/10
  [08:09:45] mode=group-reshuffle
    group-reshuffle: solved=1/10
  [08:11:00] mode=constrained-shuffle
    constrained-shuffle: solved=2/10
[08:12:10] DONE R02172
[08:12:10] START R02232
  [08:12:10] mode=symmetry
    symmetry: solved=7/7
  [08:12:21] mode=local-mutant
    local-mutant: solved=10/10
  [08:12:39] mode=swap
    swap: solved=10/10
  [08:12:58] mode=group-reshuffle
    group-reshuffle: solved=10/10
  [08:13:11] mode=constrained-shuffle
    constrained-shuffle: solved=10/10
[08:13:26] DONE R02232
[08:13:26] START R02292
  [08:13:26] mode=symmetry
    symmetry: solved=7/7
  [08:13:30] mode=local-mutant
    local-mutant: solved=10/10
  [08:13:36] mode=swap
    swap: solved=10/10
  [08:13:42] mode=group-reshuffle
    group-reshuffle: solved=10/10
  [08:13:48] mode=constrained-shuffle
    constrained-shuffle: solved=10/10
[08:13:57] DONE R02292
[08:13:57] START R02352
  [08:13:57] mode=symmetry
    symmetry: solved=7/7
  [08:14:14] mode=local-mutant
    local-mutant: solved=9/10
  [08:14:53] mode=swap
    swap: solved=8/10
  [08:15:33] mode=group-reshuffle
    group-reshuffle: solved=9/10
  [08:16:11] mode=constrained-shuffle
    constrained-shuffle: solved=8/10
[08:16:53] DONE R02352
[08:16:53] START R02412
  [08:16:53] mode=symmetry
    symmetry: solved=7/7
  [08:17:01] mode=local-mutant
    local-mutant: solved=10/10
  [08:17:10] mode=swap
    swap: solved=10/10
  [08:17:21] mode=group-reshuffle
    group-reshuffle: solved=10/10
  [08:17:33] mode=constrained-shuffle
    constrained-shuffle: solved=10/10
[08:17:42] DONE R02412
[08:17:42] START R02472
  [08:17:42] mode=swap
    swap: solved=1/10
  [08:20:04] mode=group-reshuffle
    group-reshuffle: solved=1/10
  [08:22:22] mode=constrained-shuffle
    constrained-shuffle: solved=1/10
[08:24:39] DONE R02472
[08:24:39] START R02532
  [08:24:39] mode=symmetry
    symmetry: solved=7/7
  [08:24:46] mode=local-mutant
    local-mutant: solved=10/10
  [08:24:55] mode=swap
    swap: solved=10/10
  [08:25:04] mode=group-reshuffle
    group-reshuffle: solved=10/10
  [08:25:15] mode=constrained-shuffle
    constrained-shuffle: solved=10/10
[08:25:23] DONE R02532
[08:25:23] START R02592
  [08:25:23] mode=swap
    swap: solved=0/10
  [08:29:42] mode=group-reshuffle
    group-reshuffle: solved=0/10
  [08:33:45] mode=constrained-shuffle
    constrained-shuffle: solved=0/10
[08:37:59] DONE R02592
[08:37:59] START R02652
  [08:37:59] mode=symmetry
    symmetry: solved=7/7
  [08:38:09] mode=local-mutant
    local-mutant: solved=10/10
  [08:38:23] mode=swap
    swap: solved=10/10
  [08:38:33] mode=group-reshuffle
    group-reshuffle: solved=10/10
  [08:38:45] mode=constrained-shuffle
    constrained-shuffle: solved=10/10
[08:38:59] DONE R02652
[08:38:59] START R02712
  [08:38:59] mode=symmetry
    symmetry: solved=4/7
  [08:40:46] mode=local-mutant
    local-mutant: solved=4/10
  [08:43:43] mode=swap
    swap: solved=8/10
  [08:46:07] mode=group-reshuffle
    group-reshuffle: solved=3/10
  [08:49:26] mode=constrained-shuffle
    constrained-shuffle: solved=5/10
[08:51:57] DONE R02712
[08:51:57] START R02772
  [08:51:57] mode=swap
    swap: solved=0/10
  [08:52:49] mode=group-reshuffle
    group-reshuffle: solved=1/10
  [08:53:42] mode=constrained-shuffle
    constrained-shuffle: solved=4/10
[08:54:24] DONE R02772
[08:54:24] START R02832
  [08:54:24] mode=swap
    swap: solved=0/10
  [08:56:53] mode=group-reshuffle
    group-reshuffle: solved=4/10
  [08:58:57] mode=constrained-shuffle
    constrained-shuffle: solved=2/10
[09:01:13] DONE R02832
[09:01:13] START R02892
  [09:01:13] mode=symmetry
    symmetry: solved=1/7
  [09:02:28] mode=local-mutant
    local-mutant: solved=1/10
  [09:04:24] mode=swap
    swap: solved=4/10
  [09:06:10] mode=group-reshuffle
    group-reshuffle: solved=2/10
  [09:08:02] mode=constrained-shuffle
    constrained-shuffle: solved=0/10
[09:09:53] DONE R02892
[09:09:53] START R02952
  [09:09:53] mode=symmetry
    symmetry: solved=7/7
  [09:10:58] mode=local-mutant
    local-mutant: solved=10/10
  [09:12:27] mode=swap
    swap: solved=10/10
  [09:13:59] mode=group-reshuffle
    group-reshuffle: solved=5/10
  [09:16:13] mode=constrained-shuffle
    constrained-shuffle: solved=5/10
[09:18:29] DONE R02952
[09:18:29] START R03012
  [09:18:29] mode=symmetry
    symmetry: solved=7/7
  [09:18:37] mode=local-mutant
    local-mutant: solved=10/10
  [09:18:50] mode=swap
    swap: solved=10/10
  [09:18:59] mode=group-reshuffle
    group-reshuffle: solved=10/10
  [09:19:15] mode=constrained-shuffle
    constrained-shuffle: solved=10/10
[09:19:33] DONE R03012
[09:19:33] START R03072
  [09:19:33] mode=symmetry
    symmetry: solved=0/7
  [09:20:56] mode=local-mutant
    local-mutant: solved=0/10
  [09:22:55] mode=swap
    swap: solved=0/10
  [09:24:53] mode=group-reshuffle
    group-reshuffle: solved=0/10
  [09:27:05] mode=constrained-shuffle
    constrained-shuffle: solved=0/10
[09:29:05] DONE R03072
[09:29:05] START R03132
  [09:29:05] mode=swap
    swap: solved=0/10
  [09:30:11] mode=group-reshuffle
    group-reshuffle: solved=0/10
  [09:31:14] mode=constrained-shuffle
    constrained-shuffle: solved=2/10
[09:32:19] DONE R03132
[09:32:19] START R03192
  [09:32:19] mode=swap
    swap: solved=0/10
  [09:33:24] mode=group-reshuffle
    group-reshuffle: solved=6/10
  [09:34:03] mode=constrained-shuffle
    constrained-shuffle: solved=6/10
[09:34:41] DONE R03192
[09:34:41] START R03252
  [09:34:41] mode=swap
    swap: solved=0/10
  [09:36:08] mode=group-reshuffle
    group-reshuffle: solved=0/10
  [09:37:38] mode=constrained-shuffle
    constrained-shuffle: solved=1/10
[09:39:06] DONE R03252
[09:39:06] START R03312
  [09:39:06] mode=symmetry
    symmetry: solved=3/7
  [09:40:35] mode=local-mutant
    local-mutant: solved=3/10
  [09:42:43] mode=swap
    swap: solved=5/10
  [09:44:35] mode=group-reshuffle
    group-reshuffle: solved=2/10
  [09:46:58] mode=constrained-shuffle
    constrained-shuffle: solved=3/10
[09:49:02] DONE R03312
[09:49:02] SHARD END
