[04:08:45] SHARD START 33 level(s)
[04:08:45] START P00006
  [04:08:45] mode=symmetry
    symmetry: solved=7/7
  [04:08:48] mode=local-mutant
    generate produced 0 variants (no file written) -- skipping solve/hint-workbench
  [04:08:48] mode=swap
    swap: solved=0/0
  [04:08:49] mode=constrained-shuffle
    constrained-shuffle: solved=0/0
[04:08:50] DONE P00006
[04:08:50] START P00066
  [04:08:50] mode=symmetry
    symmetry: solved=7/7
  [04:08:55] mode=local-mutant
    local-mutant: solved=10/10
  [04:09:02] mode=swap
    swap: solved=0/0
  [04:09:03] mode=group-reshuffle
    group-reshuffle: solved=10/10
  [04:09:11] mode=constrained-shuffle
    constrained-shuffle: solved=10/10
[04:09:19] DONE P00066
[04:09:19] START P00126
  [04:09:19] mode=symmetry
    symmetry: solved=7/7
  [04:09:24] mode=local-mutant
    local-mutant: solved=10/10
  [04:09:30] mode=swap
    swap: solved=4/4
  [04:09:33] mode=group-reshuffle
    group-reshuffle: solved=10/10
  [04:09:39] mode=constrained-shuffle
    constrained-shuffle: solved=10/10
[04:09:47] DONE P00126
[04:09:47] START R00060
  [04:09:47] mode=symmetry
    symmetry: solved=7/7
  [04:09:54] mode=local-mutant
    local-mutant: solved=10/10
  [04:10:04] mode=swap
    swap: solved=10/10
  [04:10:14] mode=group-reshuffle
    group-reshuffle: solved=10/10
  [04:10:25] mode=constrained-shuffle
    constrained-shuffle: solved=10/10
[04:10:35] DONE R00060
[04:10:35] START R01674
  [04:10:35] mode=symmetry
    symmetry: solved=7/7
  [04:10:47] mode=local-mutant
    local-mutant: solved=10/10
  [04:11:07] mode=swap
    swap: solved=10/10
  [04:11:23] mode=group-reshuffle
    group-reshuffle: solved=10/10
  [04:11:41] mode=constrained-shuffle
    constrained-shuffle: solved=9/10
[04:12:00] DONE R01674
[04:12:00] START R00340
  [04:12:00] mode=swap
    swap: solved=0/10
  [04:13:11] mode=group-reshuffle
    group-reshuffle: solved=1/10
  [04:14:28] mode=constrained-shuffle
    constrained-shuffle: solved=0/10
[04:15:43] DONE R00340
[04:15:43] START R00672
  [04:15:43] mode=swap
    swap: solved=0/10
  [04:17:41] mode=group-reshuffle
    group-reshuffle: solved=0/10
  [04:19:40] mode=constrained-shuffle
    constrained-shuffle: solved=0/10
[04:21:40] DONE R00672
[04:21:40] START R01019
  [04:21:40] mode=symmetry
    symmetry: solved=0/7
  [04:22:06] mode=local-mutant
    local-mutant: solved=0/10
  [04:22:41] mode=swap
    swap: solved=0/10
  [04:23:17] mode=group-reshuffle
    group-reshuffle: solved=0/10
  [04:23:53] mode=constrained-shuffle
    constrained-shuffle: solved=2/10
[04:24:29] DONE R01019
[04:24:29] START R01378
  [04:24:29] mode=swap
    swap: solved=1/10
  [04:27:08] mode=group-reshuffle
    group-reshuffle: solved=3/10
  [04:29:26] mode=constrained-shuffle
    constrained-shuffle: solved=0/10
[04:32:01] DONE R01378
[04:32:01] START R01719
  [04:32:01] mode=swap
    swap: solved=0/10
  [04:32:46] mode=group-reshuffle
    group-reshuffle: solved=1/10
  [04:33:33] mode=constrained-shuffle
    constrained-shuffle: solved=3/10
[04:34:11] DONE R01719
[04:34:11] START R02013
  [04:34:11] mode=symmetry
    symmetry: solved=7/7
  [04:35:02] mode=local-mutant
    local-mutant: solved=7/10
  [04:36:40] mode=swap
    swap: solved=1/3
  [04:37:20] mode=group-reshuffle
    group-reshuffle: solved=3/10
  [04:39:37] mode=constrained-shuffle
    constrained-shuffle: solved=7/10
[04:40:59] DONE R02013
[04:40:59] START R02073
  [04:40:59] mode=symmetry
    symmetry: solved=4/7
  [04:41:26] mode=local-mutant
    local-mutant: solved=2/10
  [04:42:27] mode=swap
    swap: solved=0/10
  [04:43:31] mode=group-reshuffle
    group-reshuffle: solved=7/10
  [04:44:05] mode=constrained-shuffle
    constrained-shuffle: solved=9/10
[04:44:40] DONE R02073
[04:44:40] START R02133
  [04:44:40] mode=swap
    swap: solved=0/9
  [04:46:34] mode=group-reshuffle
    group-reshuffle: solved=0/10
  [04:48:22] mode=constrained-shuffle
    constrained-shuffle: solved=1/10
[04:50:11] DONE R02133
[04:50:11] START R02193
  [04:50:11] mode=symmetry
    symmetry: solved=7/7
  [04:50:53] mode=local-mutant
    local-mutant: solved=9/10
  [04:51:49] mode=swap
    swap: solved=9/10
  [04:52:46] mode=group-reshuffle
    group-reshuffle: solved=9/10
  [04:53:42] mode=constrained-shuffle
    constrained-shuffle: solved=8/10
[04:54:57] DONE R02193
[04:54:57] START R02253
  [04:54:57] mode=symmetry
    symmetry: solved=7/7
  [04:55:45] mode=local-mutant
    local-mutant: solved=10/10
  [04:57:23] mode=swap
    swap: solved=10/10
  [04:59:10] mode=group-reshuffle
    group-reshuffle: solved=10/10
  [05:00:47] mode=constrained-shuffle
    constrained-shuffle: solved=7/10
[05:02:59] DONE R02253
[05:02:59] START R02313
  [05:02:59] mode=swap
    swap: solved=0/10
  [05:04:41] mode=group-reshuffle
    group-reshuffle: solved=2/10
  [05:06:05] mode=constrained-shuffle
    constrained-shuffle: solved=4/10
[05:07:18] DONE R02313
[05:07:18] START R02373
  [05:07:18] mode=swap
    swap: solved=0/10
  [05:09:09] mode=group-reshuffle
    group-reshuffle: solved=1/10
  [05:10:58] mode=constrained-shuffle
    constrained-shuffle: solved=0/10
[05:12:54] DONE R02373
[05:12:54] START R02433
  [05:12:54] mode=symmetry
    symmetry: solved=7/7
  [05:13:09] mode=local-mutant
    local-mutant: solved=10/10
  [05:13:35] mode=swap
    swap: solved=10/10
  [05:13:56] mode=group-reshuffle
    group-reshuffle: solved=10/10
  [05:14:19] mode=constrained-shuffle
    constrained-shuffle: solved=10/10
[05:14:47] DONE R02433
[05:14:47] START R02493
  [05:14:47] mode=symmetry
    symmetry: solved=7/7
  [05:15:58] mode=local-mutant
    local-mutant: solved=8/10
  [05:17:40] mode=swap
    swap: solved=9/10
  [05:19:17] mode=group-reshuffle
    group-reshuffle: solved=6/10
  [05:21:41] mode=constrained-shuffle
    constrained-shuffle: solved=4/10
[05:24:17] DONE R02493
[05:24:17] START R02553
  [05:24:17] mode=swap
    swap: solved=1/10
  [05:25:35] mode=group-reshuffle
    group-reshuffle: solved=1/10
  [05:26:55] mode=constrained-shuffle
    constrained-shuffle: solved=0/10
[05:28:16] DONE R02553
[05:28:16] START R02613
  [05:28:16] mode=swap
    swap: solved=0/10
  [05:31:00] mode=group-reshuffle
    group-reshuffle: solved=4/10
  [05:33:01] mode=constrained-shuffle
    constrained-shuffle: solved=1/10
[05:35:42] DONE R02613
[05:35:42] START R02673
  [05:35:42] mode=symmetry
    symmetry: solved=7/7
  [05:35:51] mode=local-mutant
    local-mutant: solved=9/10
  [05:36:20] mode=swap
    swap: solved=10/10
  [05:36:34] mode=group-reshuffle
    group-reshuffle: solved=8/10
  [05:37:08] mode=constrained-shuffle
    constrained-shuffle: solved=4/10
[05:38:00] DONE R02673
[05:38:00] START R02733
  [05:38:00] mode=swap
    swap: solved=0/10
  [05:39:28] mode=group-reshuffle
    group-reshuffle: solved=0/10
  [05:40:57] mode=constrained-shuffle
    constrained-shuffle: solved=0/10
[05:42:24] DONE R02733
[05:42:24] START R02793
  [05:42:24] mode=swap
    swap: solved=0/10
  [05:46:52] mode=group-reshuffle
    group-reshuffle: solved=0/10
  [05:51:34] mode=constrained-shuffle
    constrained-shuffle: solved=0/10
[05:56:02] DONE R02793
[05:56:02] START R02853
  [05:56:02] mode=symmetry
    symmetry: solved=7/7
  [05:56:35] mode=local-mutant
    local-mutant: solved=10/10
  [05:57:24] mode=swap
    swap: solved=10/10
  [05:58:11] mode=group-reshuffle
    group-reshuffle: solved=9/10
  [05:58:57] mode=constrained-shuffle
    constrained-shuffle: solved=9/10
[05:59:46] DONE R02853
[05:59:46] START R02913
  [05:59:46] mode=symmetry
    symmetry: solved=7/7
  [06:00:09] mode=local-mutant
    local-mutant: solved=10/10
  [06:00:38] mode=swap
    swap: solved=10/10
  [06:01:05] mode=group-reshuffle
    group-reshuffle: solved=8/10
  [06:01:53] mode=constrained-shuffle
    constrained-shuffle: solved=9/10
[06:02:34] DONE R02913
[06:02:34] START R02973
  [06:02:34] mode=symmetry
    symmetry: solved=7/7
  [06:02:39] mode=local-mutant
    local-mutant: solved=10/10
  [06:02:46] mode=swap
    swap: solved=10/10
  [06:02:52] mode=group-reshuffle
    group-reshuffle: solved=8/10
  [06:03:08] mode=constrained-shuffle
    constrained-shuffle: solved=9/10
[06:03:28] DONE R02973
[06:03:28] START R03033
  [06:03:28] mode=swap
    swap: solved=1/10
  [06:05:14] mode=group-reshuffle
    group-reshuffle: solved=0/10
  [06:07:07] mode=constrained-shuffle
    constrained-shuffle: solved=0/10
[06:08:54] DONE R03033
[06:08:54] START R03093
  [06:08:54] mode=swap
    swap: solved=0/10
  [06:10:24] mode=group-reshuffle
    group-reshuffle: solved=1/10
  [06:11:46] mode=constrained-shuffle
    constrained-shuffle: solved=0/10
[06:13:14] DONE R03093
[06:13:14] START R03153
  [06:13:14] mode=symmetry
    symmetry: solved=5/7
  [06:14:09] mode=local-mutant
    local-mutant: solved=5/10
  [06:16:03] mode=swap
    swap: solved=4/10
  [06:17:57] mode=group-reshuffle
    group-reshuffle: solved=7/10
  [06:19:38] mode=constrained-shuffle
    constrained-shuffle: solved=7/10
[06:21:10] DONE R03153
[06:21:10] START R03213
  [06:21:10] mode=swap
    swap: solved=0/10
  [06:25:42] mode=group-reshuffle
    group-reshuffle: solved=1/10
  [06:30:04] mode=constrained-shuffle
    constrained-shuffle: solved=1/10
[06:34:36] DONE R03213
[06:34:36] START R03273
  [06:34:36] mode=symmetry
    symmetry: solved=7/7
  [06:34:48] mode=local-mutant
    local-mutant: solved=10/10
  [06:35:08] mode=swap
    swap: solved=10/10
  [06:35:27] mode=group-reshuffle
    group-reshuffle: solved=6/10
  [06:36:21] mode=constrained-shuffle
    constrained-shuffle: solved=8/10
[06:37:00] DONE R03273
[06:37:00] START R03333
  [06:37:00] mode=symmetry
    symmetry: solved=3/7
  [06:37:50] mode=local-mutant
    local-mutant: solved=9/10
  [06:38:53] mode=swap
    swap: solved=8/10
  [06:39:56] mode=group-reshuffle
    group-reshuffle: solved=6/10
  [06:41:06] mode=constrained-shuffle
    constrained-shuffle: solved=3/10
[06:42:14] DONE R03333
[06:42:14] SHARD END
