[11:17:02] SHARD START 33 level(s)
[11:17:02] START P00023
  [11:17:02] mode=symmetry
    symmetry: solved=7/7
  [11:17:03] mode=local-mutant
    local-mutant: solved=10/10
  [11:17:05] mode=swap
    swap: solved=4/4
  [11:17:06] mode=group-reshuffle
    group-reshuffle: solved=10/10
  [11:17:09] mode=constrained-shuffle
    constrained-shuffle: solved=10/10
[11:17:12] DONE P00023
[11:17:12] START P00083
  [11:17:12] mode=symmetry
    symmetry: solved=3/3
  [11:17:14] mode=local-mutant
    local-mutant: solved=3/3
  [11:17:17] mode=swap
    swap: solved=0/0
  [11:17:17] mode=group-reshuffle
    group-reshuffle: solved=3/3
  [11:17:19] mode=constrained-shuffle
    constrained-shuffle: solved=3/3
[11:17:21] DONE P00083
[11:17:21] START P00143
  [11:17:21] mode=symmetry
    symmetry: solved=7/7
  [11:17:24] mode=local-mutant
    local-mutant: solved=10/10
  [11:17:27] mode=swap
    swap: solved=10/10
  [11:17:31] mode=group-reshuffle
    group-reshuffle: solved=10/10
  [11:17:35] mode=constrained-shuffle
    constrained-shuffle: solved=10/10
[11:17:40] DONE P00143
[11:17:40] START R00578
  [11:17:40] mode=symmetry
    symmetry: solved=7/7
  [11:17:53] mode=local-mutant
    local-mutant: solved=8/10
  [11:18:17] mode=swap
    swap: solved=8/10
  [11:18:41] mode=group-reshuffle
    group-reshuffle: solved=5/10
  [11:19:06] mode=constrained-shuffle
    constrained-shuffle: solved=6/10
[11:19:25] DONE R00578
[11:19:25] START R00001
  [11:19:25] mode=symmetry
    symmetry: solved=5/7
  [11:20:15] mode=local-mutant
    local-mutant: solved=7/10
  [11:21:29] mode=swap
    swap: solved=10/10
  [11:21:58] mode=group-reshuffle
    group-reshuffle: solved=5/10
  [11:23:33] mode=constrained-shuffle
    constrained-shuffle: solved=8/10
[11:24:43] DONE R00001
[11:24:43] START R00449
  [11:24:43] mode=swap
    swap: solved=0/10
  [11:28:06] mode=group-reshuffle
    group-reshuffle: solved=0/10
  [11:31:14] mode=constrained-shuffle
    constrained-shuffle: solved=0/10
[11:34:23] DONE R00449
[11:34:23] START R00756
  [11:34:23] mode=swap
    swap: solved=1/10
  [11:36:52] mode=group-reshuffle
    group-reshuffle: solved=1/10
  [11:39:19] mode=constrained-shuffle
    constrained-shuffle: solved=1/10
[11:41:42] DONE R00756
[11:41:42] START R01105
  [11:41:42] mode=swap
    swap: solved=0/10
  [11:43:53] mode=group-reshuffle
    group-reshuffle: solved=0/10
  [11:46:06] mode=constrained-shuffle
    constrained-shuffle: solved=0/10
[11:48:17] DONE R01105
[11:48:17] START R01487
  [11:48:17] mode=swap
    swap: solved=3/10
  [11:49:27] mode=group-reshuffle
    group-reshuffle: solved=7/10
  [11:50:23] mode=constrained-shuffle
    constrained-shuffle: solved=10/10
[11:51:02] DONE R01487
[11:51:02] START R01792
  [11:51:02] mode=swap
    swap: solved=0/10
  [11:52:12] mode=group-reshuffle
    group-reshuffle: solved=0/10
  [11:53:19] mode=constrained-shuffle
    constrained-shuffle: solved=1/10
[11:54:22] DONE R01792
[11:54:22] START R02030
  [11:54:22] mode=swap
    swap: solved=0/10
  [11:55:15] mode=group-reshuffle
    group-reshuffle: solved=0/10
  [11:56:09] mode=constrained-shuffle
    constrained-shuffle: solved=0/10
[11:57:07] DONE R02030
[11:57:07] START R02090
  [11:57:07] mode=symmetry
    symmetry: solved=0/7
  [11:57:34] mode=local-mutant
    local-mutant: solved=1/10
  [11:58:12] mode=swap
    swap: solved=0/10
  [11:58:51] mode=group-reshuffle
    group-reshuffle: solved=0/10
  [11:59:28] mode=constrained-shuffle
    constrained-shuffle: solved=0/10
[12:00:07] DONE R02090
[12:00:07] START R02150
  [12:00:07] mode=swap
    swap: solved=0/10
  [12:02:30] mode=group-reshuffle
    group-reshuffle: solved=1/10
  [12:04:49] mode=constrained-shuffle
    constrained-shuffle: solved=3/10
[12:06:58] DONE R02150
[12:06:58] START R02210
  [12:06:58] mode=swap
    swap: solved=0/10
  [12:08:03] mode=group-reshuffle
    group-reshuffle: solved=0/10
  [12:09:11] mode=constrained-shuffle
    constrained-shuffle: solved=0/10
[12:10:17] DONE R02210
[12:10:17] START R02270
  [12:10:17] mode=swap
    swap: solved=0/10
  [12:12:21] mode=group-reshuffle
    group-reshuffle: solved=1/10
  [12:14:14] mode=constrained-shuffle
    constrained-shuffle: solved=0/10
[12:16:17] DONE R02270
[12:16:17] START R02330
  [12:16:17] mode=swap
    swap: solved=0/10
  [12:18:24] mode=group-reshuffle
    group-reshuffle: solved=0/10
  [12:20:30] mode=constrained-shuffle
    constrained-shuffle: solved=0/10
[12:22:23] DONE R02330
[12:22:23] START R02390
  [12:22:23] mode=symmetry
    symmetry: solved=7/7
  [12:23:22] mode=local-mutant
    local-mutant: solved=10/10
  [12:24:45] mode=swap
    swap: solved=10/10
  [12:26:12] mode=group-reshuffle
    group-reshuffle: solved=4/10
  [12:28:15] mode=constrained-shuffle
    constrained-shuffle: solved=5/10
[12:30:12] DONE R02390
[12:30:12] START R02450
  [12:30:12] mode=symmetry
    symmetry: solved=7/7
  [12:30:31] mode=local-mutant
    local-mutant: solved=9/10
  [12:31:03] mode=swap
    swap: solved=6/10
  [12:31:45] mode=group-reshuffle
    group-reshuffle: solved=9/10
  [12:32:15] mode=constrained-shuffle
    constrained-shuffle: solved=9/10
[12:32:50] DONE R02450
[12:32:50] START R02510
  [12:32:50] mode=symmetry
    symmetry: solved=7/7
  [12:33:02] mode=local-mutant
    local-mutant: solved=10/10
  [12:33:18] mode=swap
    swap: solved=10/10
  [12:33:32] mode=group-reshuffle
    group-reshuffle: solved=10/10
  [12:33:48] mode=constrained-shuffle
    constrained-shuffle: solved=10/10
[12:34:05] DONE R02510
[12:34:05] START R02570
  [12:34:05] mode=swap
    swap: solved=1/10
  [12:34:50] mode=group-reshuffle
    group-reshuffle: solved=5/10
  [12:35:23] mode=constrained-shuffle
    constrained-shuffle: solved=3/10
[12:36:09] DONE R02570
[12:36:09] START R02630
  [12:36:09] mode=swap
    swap: solved=0/10
  [12:38:58] mode=group-reshuffle
    group-reshuffle: solved=0/10
  [12:41:50] mode=constrained-shuffle
    constrained-shuffle: solved=0/10
[12:44:39] DONE R02630
[12:44:39] START R02690
  [12:44:39] mode=swap
    swap: solved=1/10
  [12:46:38] mode=group-reshuffle
    group-reshuffle: solved=0/10
  [12:48:38] mode=constrained-shuffle
    constrained-shuffle: solved=0/10
[12:50:39] DONE R02690
[12:50:39] START R02750
  [12:50:39] mode=symmetry
    symmetry: solved=7/7
  [12:50:50] mode=local-mutant
    local-mutant: solved=10/10
  [12:51:04] mode=swap
    swap: solved=10/10
  [12:51:23] mode=group-reshuffle
    group-reshuffle: solved=10/10
  [12:51:48] mode=constrained-shuffle
    constrained-shuffle: solved=10/10
[12:52:04] DONE R02750
[12:52:04] START R02810
  [12:52:04] mode=swap
    swap: solved=0/10
  [12:52:54] mode=group-reshuffle
    group-reshuffle: solved=0/10
  [12:53:44] mode=constrained-shuffle
    constrained-shuffle: solved=0/10
[12:54:30] DONE R02810
[12:54:30] START R02870
  [12:54:30] mode=swap
    swap: solved=0/10
  [12:58:23] mode=group-reshuffle
    group-reshuffle: solved=0/10
  [13:02:28] mode=constrained-shuffle
    constrained-shuffle: solved=0/10
[13:06:30] DONE R02870
[13:06:30] START R02930
  [13:06:30] mode=symmetry
    symmetry: solved=0/7
  [13:07:43] mode=local-mutant
    local-mutant: solved=0/10
  [13:09:21] mode=swap
    swap: solved=0/10
  [13:11:07] mode=group-reshuffle
    group-reshuffle: solved=3/10
  [13:12:28] mode=constrained-shuffle
    constrained-shuffle: solved=1/10
[13:14:09] DONE R02930
[13:14:09] START R02990
  [13:14:09] mode=symmetry
    symmetry: solved=7/7
  [13:14:16] mode=local-mutant
    local-mutant: solved=8/10
  [13:14:45] mode=swap
    swap: solved=6/10
  [13:15:10] mode=group-reshuffle
    group-reshuffle: solved=3/10
  [13:15:49] mode=constrained-shuffle
    constrained-shuffle: solved=1/10
[13:16:40] DONE R02990
[13:16:40] START R03050
  [13:16:40] mode=swap
    swap: solved=0/10
  [13:19:23] mode=group-reshuffle
    group-reshuffle: solved=0/10
  [13:22:03] mode=constrained-shuffle
    constrained-shuffle: solved=0/10
[13:24:42] DONE R03050
[13:24:42] START R03110
  [13:24:42] mode=symmetry
    symmetry: solved=7/7
  [13:24:49] mode=local-mutant
    local-mutant: solved=10/10
  [13:24:59] mode=swap
    swap: solved=10/10
  [13:25:07] mode=group-reshuffle
    group-reshuffle: solved=10/10
  [13:25:19] mode=constrained-shuffle
    constrained-shuffle: solved=10/10
[13:25:30] DONE R03110
[13:25:30] START R03170
  [13:25:30] mode=symmetry
    symmetry: solved=7/7
  [13:25:37] mode=local-mutant
    local-mutant: solved=10/10
  [13:25:47] mode=swap
    swap: solved=10/10
  [13:25:58] mode=group-reshuffle
    group-reshuffle: solved=10/10
  [13:26:10] mode=constrained-shuffle
    constrained-shuffle: solved=10/10
[13:26:19] DONE R03170
[13:26:19] START R03230
  [13:26:19] mode=symmetry
    symmetry: solved=3/7
  [13:27:50] mode=local-mutant
    local-mutant: solved=8/10
  [13:29:20] mode=swap
    swap: solved=6/10
  [13:31:02] mode=group-reshuffle
    group-reshuffle: solved=4/10
  [13:32:57] mode=constrained-shuffle
    constrained-shuffle: solved=2/10
[13:34:56] DONE R03230
[13:34:56] START R03290
  [13:34:56] mode=swap
    swap: solved=0/10
  [13:36:08] mode=group-reshuffle
    group-reshuffle: solved=1/10
  [13:37:19] mode=constrained-shuffle
    constrained-shuffle: solved=0/10
[13:38:31] DONE R03290
[13:38:31] START R03350
  [13:38:31] mode=symmetry
    symmetry: solved=4/7
  [13:38:55] mode=local-mutant
    local-mutant: solved=5/10
  [13:39:32] mode=swap
    swap: solved=10/10
  [13:39:47] mode=group-reshuffle
    group-reshuffle: solved=3/10
  [13:40:28] mode=constrained-shuffle
    constrained-shuffle: solved=2/10
[13:41:14] DONE R03350
[13:41:14] SHARD END
[19:09:47] SHARD START 33 level(s)
[19:09:47] START P00023
  [19:09:47] mode=symmetry
    already have this (family + solve result exist) -- skipping regeneration/re-solve
  [19:09:47] mode=local-mutant
    already have this (family + solve result exist) -- skipping regeneration/re-solve
  [19:09:47] mode=swap
    already have this (family + solve result exist) -- skipping regeneration/re-solve
  [19:09:47] mode=group-reshuffle
    already have this (family + solve result exist) -- skipping regeneration/re-solve
  [19:09:47] mode=constrained-shuffle
    already have this (family + solve result exist) -- skipping regeneration/re-solve
[19:09:47] DONE P00023
[19:09:47] START P00083
  [19:09:47] mode=symmetry
    already have this (family + solve result exist) -- skipping regeneration/re-solve
  [19:09:47] mode=local-mutant
    already have this (family + solve result exist) -- skipping regeneration/re-solve
  [19:09:47] mode=swap
    already have this (family + solve result exist) -- skipping regeneration/re-solve
  [19:09:47] mode=group-reshuffle
    already have this (family + solve result exist) -- skipping regeneration/re-solve
  [19:09:47] mode=constrained-shuffle
    already have this (family + solve result exist) -- skipping regeneration/re-solve
[19:09:47] DONE P00083
[19:09:47] START P00143
  [19:09:47] mode=symmetry
    already have this (family + solve result exist) -- skipping regeneration/re-solve
  [19:09:47] mode=local-mutant
    already have this (family + solve result exist) -- skipping regeneration/re-solve
  [19:09:47] mode=swap
    already have this (family + solve result exist) -- skipping regeneration/re-solve
  [19:09:47] mode=group-reshuffle
    already have this (family + solve result exist) -- skipping regeneration/re-solve
  [19:09:47] mode=constrained-shuffle
    already have this (family + solve result exist) -- skipping regeneration/re-solve
[19:09:47] DONE P00143
[19:09:47] START R00578
  [19:09:47] mode=symmetry
    already have this (family + solve result exist) -- skipping regeneration/re-solve
  [19:09:47] mode=local-mutant
    already have this (family + solve result exist) -- skipping regeneration/re-solve
  [19:09:47] mode=swap
    already have this (family + solve result exist) -- skipping regeneration/re-solve
  [19:09:47] mode=group-reshuffle
    already have this (family + solve result exist) -- skipping regeneration/re-solve
  [19:09:47] mode=constrained-shuffle
    already have this (family + solve result exist) -- skipping regeneration/re-solve
[19:09:47] DONE R00578
[19:09:47] START R00001
  [19:09:47] mode=symmetry
    already have this (family + solve result exist) -- skipping regeneration/re-solve
  [19:09:47] mode=local-mutant
    already have this (family + solve result exist) -- skipping regeneration/re-solve
  [19:09:47] mode=swap
    already have this (family + solve result exist) -- skipping regeneration/re-solve
  [19:09:47] mode=group-reshuffle
    already have this (family + solve result exist) -- skipping regeneration/re-solve
  [19:09:47] mode=constrained-shuffle
    already have this (family + solve result exist) -- skipping regeneration/re-solve
[19:09:47] DONE R00001
[19:09:47] START R00449
  [19:09:47] mode=swap
    already have this (family + solve result exist) -- skipping regeneration/re-solve
  [19:09:47] mode=group-reshuffle
    already have this (family + solve result exist) -- skipping regeneration/re-solve
  [19:09:47] mode=constrained-shuffle
    already have this (family + solve result exist) -- skipping regeneration/re-solve
[19:09:47] DONE R00449
[19:09:47] START R00756
  [19:09:47] mode=swap
    already have this (family + solve result exist) -- skipping regeneration/re-solve
  [19:09:47] mode=group-reshuffle
    already have this (family + solve result exist) -- skipping regeneration/re-solve
  [19:09:47] mode=constrained-shuffle
    already have this (family + solve result exist) -- skipping regeneration/re-solve
[19:09:47] DONE R00756
[19:09:47] START R01105
  [19:09:47] mode=swap
    already have this (family + solve result exist) -- skipping regeneration/re-solve
  [19:09:47] mode=group-reshuffle
    already have this (family + solve result exist) -- skipping regeneration/re-solve
  [19:09:47] mode=constrained-shuffle
    already have this (family + solve result exist) -- skipping regeneration/re-solve
[19:09:47] DONE R01105
[19:09:47] START R01487
  [19:09:47] mode=swap
    already have this (family + solve result exist) -- skipping regeneration/re-solve
  [19:09:47] mode=group-reshuffle
    already have this (family + solve result exist) -- skipping regeneration/re-solve
  [19:09:47] mode=constrained-shuffle
    already have this (family + solve result exist) -- skipping regeneration/re-solve
[19:09:47] DONE R01487
[19:09:47] START R01792
  [19:09:47] mode=swap
    already have this (family + solve result exist) -- skipping regeneration/re-solve
  [19:09:47] mode=group-reshuffle
    already have this (family + solve result exist) -- skipping regeneration/re-solve
  [19:09:47] mode=constrained-shuffle
    already have this (family + solve result exist) -- skipping regeneration/re-solve
[19:09:47] DONE R01792
[19:09:47] START R02030
  [19:09:47] mode=swap
    already have this (family + solve result exist) -- skipping regeneration/re-solve
  [19:09:47] mode=group-reshuffle
    already have this (family + solve result exist) -- skipping regeneration/re-solve
  [19:09:47] mode=constrained-shuffle
    already have this (family + solve result exist) -- skipping regeneration/re-solve
[19:09:47] DONE R02030
[19:09:47] START R02090
  [19:09:47] mode=symmetry
    already have this (family + solve result exist) -- skipping regeneration/re-solve
  [19:09:47] mode=local-mutant
    already have this (family + solve result exist) -- skipping regeneration/re-solve
  [19:09:47] mode=swap
    already have this (family + solve result exist) -- skipping regeneration/re-solve
  [19:09:47] mode=group-reshuffle
    already have this (family + solve result exist) -- skipping regeneration/re-solve
  [19:09:47] mode=constrained-shuffle
    already have this (family + solve result exist) -- skipping regeneration/re-solve
[19:09:47] DONE R02090
[19:09:47] START R02150
  [19:09:47] mode=swap
    already have this (family + solve result exist) -- skipping regeneration/re-solve
  [19:09:47] mode=group-reshuffle
    already have this (family + solve result exist) -- skipping regeneration/re-solve
  [19:09:47] mode=constrained-shuffle
    already have this (family + solve result exist) -- skipping regeneration/re-solve
[19:09:47] DONE R02150
[19:09:47] START R02210
  [19:09:47] mode=swap
    already have this (family + solve result exist) -- skipping regeneration/re-solve
  [19:09:47] mode=group-reshuffle
    already have this (family + solve result exist) -- skipping regeneration/re-solve
  [19:09:47] mode=constrained-shuffle
    already have this (family + solve result exist) -- skipping regeneration/re-solve
[19:09:47] DONE R02210
[19:09:47] START R02270
  [19:09:47] mode=swap
    already have this (family + solve result exist) -- skipping regeneration/re-solve
  [19:09:47] mode=group-reshuffle
    already have this (family + solve result exist) -- skipping regeneration/re-solve
  [19:09:47] mode=constrained-shuffle
    already have this (family + solve result exist) -- skipping regeneration/re-solve
[19:09:47] DONE R02270
[19:09:47] START R02330
  [19:09:47] mode=swap
    already have this (family + solve result exist) -- skipping regeneration/re-solve
  [19:09:47] mode=group-reshuffle
    already have this (family + solve result exist) -- skipping regeneration/re-solve
  [19:09:47] mode=constrained-shuffle
    already have this (family + solve result exist) -- skipping regeneration/re-solve
[19:09:47] DONE R02330
[19:09:47] START R02390
  [19:09:47] mode=symmetry
    already have this (family + solve result exist) -- skipping regeneration/re-solve
  [19:09:47] mode=local-mutant
    already have this (family + solve result exist) -- skipping regeneration/re-solve
  [19:09:47] mode=swap
    already have this (family + solve result exist) -- skipping regeneration/re-solve
  [19:09:47] mode=group-reshuffle
    already have this (family + solve result exist) -- skipping regeneration/re-solve
  [19:09:47] mode=constrained-shuffle
    already have this (family + solve result exist) -- skipping regeneration/re-solve
[19:09:47] DONE R02390
[19:09:47] START R02450
  [19:09:47] mode=symmetry
    already have this (family + solve result exist) -- skipping regeneration/re-solve
  [19:09:47] mode=local-mutant
    already have this (family + solve result exist) -- skipping regeneration/re-solve
  [19:09:47] mode=swap
    already have this (family + solve result exist) -- skipping regeneration/re-solve
  [19:09:47] mode=group-reshuffle
    already have this (family + solve result exist) -- skipping regeneration/re-solve
  [19:09:47] mode=constrained-shuffle
    already have this (family + solve result exist) -- skipping regeneration/re-solve
[19:09:47] DONE R02450
[19:09:47] START R02510
  [19:09:47] mode=symmetry
    already have this (family + solve result exist) -- skipping regeneration/re-solve
  [19:09:47] mode=local-mutant
    already have this (family + solve result exist) -- skipping regeneration/re-solve
  [19:09:47] mode=swap
    already have this (family + solve result exist) -- skipping regeneration/re-solve
  [19:09:47] mode=group-reshuffle
    already have this (family + solve result exist) -- skipping regeneration/re-solve
  [19:09:47] mode=constrained-shuffle
    already have this (family + solve result exist) -- skipping regeneration/re-solve
[19:09:47] DONE R02510
[19:09:47] START R02570
  [19:09:47] mode=swap
    already have this (family + solve result exist) -- skipping regeneration/re-solve
  [19:09:47] mode=group-reshuffle
    already have this (family + solve result exist) -- skipping regeneration/re-solve
  [19:09:47] mode=constrained-shuffle
    already have this (family + solve result exist) -- skipping regeneration/re-solve
[19:09:47] DONE R02570
[19:09:47] START R02630
  [19:09:47] mode=swap
    already have this (family + solve result exist) -- skipping regeneration/re-solve
  [19:09:47] mode=group-reshuffle
    already have this (family + solve result exist) -- skipping regeneration/re-solve
  [19:09:47] mode=constrained-shuffle
    already have this (family + solve result exist) -- skipping regeneration/re-solve
[19:09:47] DONE R02630
[19:09:47] START R02690
  [19:09:47] mode=swap
    already have this (family + solve result exist) -- skipping regeneration/re-solve
  [19:09:47] mode=group-reshuffle
    already have this (family + solve result exist) -- skipping regeneration/re-solve
  [19:09:47] mode=constrained-shuffle
    already have this (family + solve result exist) -- skipping regeneration/re-solve
[19:09:47] DONE R02690
[19:09:47] START R02750
  [19:09:47] mode=symmetry
    already have this (family + solve result exist) -- skipping regeneration/re-solve
  [19:09:47] mode=local-mutant
    already have this (family + solve result exist) -- skipping regeneration/re-solve
  [19:09:47] mode=swap
    already have this (family + solve result exist) -- skipping regeneration/re-solve
  [19:09:47] mode=group-reshuffle
    already have this (family + solve result exist) -- skipping regeneration/re-solve
  [19:09:47] mode=constrained-shuffle
    already have this (family + solve result exist) -- skipping regeneration/re-solve
[19:09:47] DONE R02750
[19:09:47] START R02810
  [19:09:47] mode=swap
    already have this (family + solve result exist) -- skipping regeneration/re-solve
  [19:09:47] mode=group-reshuffle
    already have this (family + solve result exist) -- skipping regeneration/re-solve
  [19:09:47] mode=constrained-shuffle
    already have this (family + solve result exist) -- skipping regeneration/re-solve
[19:09:47] DONE R02810
[19:09:47] START R02870
  [19:09:47] mode=swap
    already have this (family + solve result exist) -- skipping regeneration/re-solve
  [19:09:47] mode=group-reshuffle
    already have this (family + solve result exist) -- skipping regeneration/re-solve
  [19:09:47] mode=constrained-shuffle
    already have this (family + solve result exist) -- skipping regeneration/re-solve
[19:09:47] DONE R02870
[19:09:47] START R02930
  [19:09:47] mode=symmetry
    already have this (family + solve result exist) -- skipping regeneration/re-solve
  [19:09:47] mode=local-mutant
    already have this (family + solve result exist) -- skipping regeneration/re-solve
  [19:09:47] mode=swap
    already have this (family + solve result exist) -- skipping regeneration/re-solve
  [19:09:47] mode=group-reshuffle
    already have this (family + solve result exist) -- skipping regeneration/re-solve
  [19:09:47] mode=constrained-shuffle
    already have this (family + solve result exist) -- skipping regeneration/re-solve
[19:09:47] DONE R02930
[19:09:47] START R02990
  [19:09:47] mode=symmetry
    already have this (family + solve result exist) -- skipping regeneration/re-solve
  [19:09:47] mode=local-mutant
    already have this (family + solve result exist) -- skipping regeneration/re-solve
  [19:09:47] mode=swap
    already have this (family + solve result exist) -- skipping regeneration/re-solve
  [19:09:47] mode=group-reshuffle
    already have this (family + solve result exist) -- skipping regeneration/re-solve
  [19:09:47] mode=constrained-shuffle
    already have this (family + solve result exist) -- skipping regeneration/re-solve
[19:09:47] DONE R02990
[19:09:47] START R03050
  [19:09:47] mode=swap
    already have this (family + solve result exist) -- skipping regeneration/re-solve
  [19:09:47] mode=group-reshuffle
    already have this (family + solve result exist) -- skipping regeneration/re-solve
  [19:09:47] mode=constrained-shuffle
    already have this (family + solve result exist) -- skipping regeneration/re-solve
[19:09:47] DONE R03050
[19:09:47] START R03110
  [19:09:47] mode=symmetry
    already have this (family + solve result exist) -- skipping regeneration/re-solve
  [19:09:47] mode=local-mutant
    already have this (family + solve result exist) -- skipping regeneration/re-solve
  [19:09:47] mode=swap
    already have this (family + solve result exist) -- skipping regeneration/re-solve
  [19:09:47] mode=group-reshuffle
    already have this (family + solve result exist) -- skipping regeneration/re-solve
  [19:09:47] mode=constrained-shuffle
    already have this (family + solve result exist) -- skipping regeneration/re-solve
[19:09:47] DONE R03110
[19:09:47] START R03170
  [19:09:47] mode=symmetry
    already have this (family + solve result exist) -- skipping regeneration/re-solve
  [19:09:47] mode=local-mutant
    already have this (family + solve result exist) -- skipping regeneration/re-solve
  [19:09:47] mode=swap
    already have this (family + solve result exist) -- skipping regeneration/re-solve
  [19:09:47] mode=group-reshuffle
    already have this (family + solve result exist) -- skipping regeneration/re-solve
  [19:09:47] mode=constrained-shuffle
    already have this (family + solve result exist) -- skipping regeneration/re-solve
[19:09:47] DONE R03170
[19:09:47] START R03230
  [19:09:47] mode=symmetry
    already have this (family + solve result exist) -- skipping regeneration/re-solve
  [19:09:47] mode=local-mutant
    already have this (family + solve result exist) -- skipping regeneration/re-solve
  [19:09:47] mode=swap
    already have this (family + solve result exist) -- skipping regeneration/re-solve
  [19:09:47] mode=group-reshuffle
    already have this (family + solve result exist) -- skipping regeneration/re-solve
  [19:09:47] mode=constrained-shuffle
    already have this (family + solve result exist) -- skipping regeneration/re-solve
[19:09:47] DONE R03230
[19:09:47] START R03290
  [19:09:47] mode=swap
    already have this (family + solve result exist) -- skipping regeneration/re-solve
  [19:09:47] mode=group-reshuffle
    already have this (family + solve result exist) -- skipping regeneration/re-solve
  [19:09:47] mode=constrained-shuffle
    already have this (family + solve result exist) -- skipping regeneration/re-solve
[19:09:47] DONE R03290
[19:09:47] START R03350
  [19:09:47] mode=symmetry
    already have this (family + solve result exist) -- skipping regeneration/re-solve
  [19:09:47] mode=local-mutant
    already have this (family + solve result exist) -- skipping regeneration/re-solve
  [19:09:47] mode=swap
    already have this (family + solve result exist) -- skipping regeneration/re-solve
  [19:09:47] mode=group-reshuffle
    already have this (family + solve result exist) -- skipping regeneration/re-solve
  [19:09:47] mode=constrained-shuffle
    already have this (family + solve result exist) -- skipping regeneration/re-solve
[19:09:47] DONE R03350
[19:09:47] SHARD END
