[11:18:16] SHARD START 33 level(s)
[11:18:16] START P00036
  [11:18:16] mode=symmetry
    symmetry: solved=3/3
  [11:18:22] mode=local-mutant
    local-mutant: solved=0/0
  [11:18:23] mode=swap
    swap: solved=0/0
  [11:18:23] mode=group-reshuffle
    group-reshuffle: solved=0/0
  [11:18:24] mode=constrained-shuffle
    constrained-shuffle: solved=0/0
[11:18:25] DONE P00036
[11:18:25] START P00096
  [11:18:25] mode=symmetry
    symmetry: solved=7/7
  [11:18:28] mode=local-mutant
    local-mutant: solved=10/10
  [11:18:33] mode=swap
    swap: solved=0/0
  [11:18:34] mode=group-reshuffle
    group-reshuffle: solved=10/10
  [11:18:39] mode=constrained-shuffle
    constrained-shuffle: solved=10/10
[11:18:44] DONE P00096
[11:18:44] START P00157
  [11:18:44] mode=symmetry
    symmetry: solved=7/7
  [11:18:56] mode=local-mutant
    local-mutant: solved=10/10
  [11:19:11] mode=swap
    swap: solved=10/10
  [11:19:31] mode=group-reshuffle
    group-reshuffle: solved=10/10
  [11:19:40] mode=constrained-shuffle
    constrained-shuffle: solved=10/10
[11:19:51] DONE P00157
[11:19:51] START R00825
  [11:19:51] mode=symmetry
    symmetry: solved=7/7
  [11:20:02] mode=local-mutant
    local-mutant: solved=10/10
  [11:20:13] mode=swap
    swap: solved=10/10
  [11:20:27] mode=group-reshuffle
    group-reshuffle: solved=10/10
  [11:20:50] mode=constrained-shuffle
    constrained-shuffle: solved=9/10
[11:21:41] DONE R00825
[11:21:41] START R00112
  [11:21:41] mode=swap
    swap: solved=1/10
  [11:22:29] mode=group-reshuffle
    group-reshuffle: solved=0/0
  [11:22:30] mode=constrained-shuffle
    constrained-shuffle: solved=2/10
[11:23:19] DONE R00112
[11:23:19] START R00518
  [11:23:19] mode=symmetry
    symmetry: solved=7/7
  [11:23:26] mode=local-mutant
    local-mutant: solved=10/10
  [11:23:35] mode=swap
    swap: solved=10/10
  [11:23:43] mode=group-reshuffle
    group-reshuffle: solved=8/10
  [11:24:10] mode=constrained-shuffle
    constrained-shuffle: solved=8/10
[11:24:36] DONE R00518
[11:24:36] START R00866
  [11:24:36] mode=swap
    swap: solved=2/10
  [11:25:24] mode=group-reshuffle
    group-reshuffle: solved=4/10
  [11:26:05] mode=constrained-shuffle
    constrained-shuffle: solved=3/10
[11:26:48] DONE R00866
[11:26:48] START R01172
  [11:26:48] mode=symmetry
    symmetry: solved=7/7
  [11:27:06] mode=local-mutant
    local-mutant: solved=9/10
  [11:27:47] mode=swap
    swap: solved=10/10
  [11:28:19] mode=group-reshuffle
    group-reshuffle: solved=5/10
  [11:29:13] mode=constrained-shuffle
    constrained-shuffle: solved=7/10
[11:29:53] DONE R01172
[11:29:53] START R01553
  [11:29:53] mode=swap
    swap: solved=0/10
  [11:31:28] mode=group-reshuffle
    group-reshuffle: solved=0/10
  [11:32:57] mode=constrained-shuffle
    constrained-shuffle: solved=4/10
[11:34:21] DONE R01553
[11:34:21] START R01888
  [11:34:21] mode=symmetry
    symmetry: solved=7/7
  [11:35:02] mode=local-mutant
    local-mutant: solved=10/10
  [11:36:00] mode=swap
    swap: solved=10/10
  [11:37:02] mode=group-reshuffle
    group-reshuffle: solved=9/10
  [11:38:10] mode=constrained-shuffle
    constrained-shuffle: solved=9/10
[11:39:16] DONE R01888
[11:39:16] START R02043
  [11:39:16] mode=swap
    swap: solved=0/10
  [11:40:17] mode=group-reshuffle
    group-reshuffle: solved=2/10
  [11:41:07] mode=constrained-shuffle
    constrained-shuffle: solved=1/10
[11:42:04] DONE R02043
[11:42:04] START R02103
  [11:42:04] mode=swap
    swap: solved=0/10
  [11:44:49] mode=group-reshuffle
    group-reshuffle: solved=0/10
  [11:47:32] mode=constrained-shuffle
    constrained-shuffle: solved=1/10
[11:50:05] DONE R02103
[11:50:05] START R02163
  [11:50:05] mode=symmetry
    symmetry: solved=7/7
  [11:50:37] mode=local-mutant
    local-mutant: solved=10/10
  [11:51:05] mode=swap
    swap: solved=10/10
  [11:51:44] mode=group-reshuffle
    group-reshuffle: solved=10/10
  [11:52:11] mode=constrained-shuffle
    constrained-shuffle: solved=8/10
[11:53:03] DONE R02163
[11:53:03] START R02223
  [11:53:03] mode=symmetry
    symmetry: solved=5/7
  [11:54:16] mode=local-mutant
    local-mutant: solved=7/10
  [11:55:51] mode=swap
    swap: solved=4/10
  [11:58:07] mode=group-reshuffle
    group-reshuffle: solved=7/10
  [11:59:40] mode=constrained-shuffle
    constrained-shuffle: solved=4/10
[12:02:34] DONE R02223
[12:02:34] START R02283
  [12:02:34] mode=symmetry
    symmetry: solved=7/7
  [12:02:56] mode=local-mutant
    local-mutant: solved=10/10
  [12:03:25] mode=swap
    swap: solved=10/10
  [12:03:54] mode=group-reshuffle
    group-reshuffle: solved=10/10
  [12:04:27] mode=constrained-shuffle
    constrained-shuffle: solved=10/10
[12:04:55] DONE R02283
[12:04:55] START R02343
  [12:04:55] mode=symmetry
    symmetry: solved=7/7
  [12:05:39] mode=local-mutant
    local-mutant: solved=10/10
  [12:06:20] mode=swap
    swap: solved=10/10
  [12:07:14] mode=group-reshuffle
    group-reshuffle: solved=10/10
  [12:07:37] mode=constrained-shuffle
    constrained-shuffle: solved=10/10
[12:08:11] DONE R02343
[12:08:11] START R02403
  [12:08:11] mode=swap
    swap: solved=1/10
  [12:10:15] mode=group-reshuffle
    group-reshuffle: solved=0/10
  [12:12:19] mode=constrained-shuffle
    constrained-shuffle: solved=2/10
[12:14:20] DONE R02403
[12:14:20] START R02463
  [12:14:20] mode=swap
    swap: solved=2/10
  [12:15:26] mode=group-reshuffle
    group-reshuffle: solved=0/10
  [12:16:38] mode=constrained-shuffle
    constrained-shuffle: solved=0/10
[12:17:44] DONE R02463
[12:17:44] START R02523
  [12:17:44] mode=symmetry
    symmetry: solved=7/7
  [12:18:29] mode=local-mutant
    local-mutant: solved=7/10
  [12:20:08] mode=swap
    swap: solved=9/10
  [12:21:26] mode=group-reshuffle
    group-reshuffle: solved=6/7
  [12:22:30] mode=constrained-shuffle
    constrained-shuffle: solved=10/10
[12:22:59] DONE R02523
[12:22:59] START R02583
  [12:22:59] mode=symmetry
    symmetry: solved=7/7
  [12:23:09] mode=local-mutant
    local-mutant: solved=10/10
  [12:23:27] mode=swap
    swap: solved=10/10
  [12:23:44] mode=group-reshuffle
    group-reshuffle: solved=4/10
  [12:24:30] mode=constrained-shuffle
    constrained-shuffle: solved=7/10
[12:25:05] DONE R02583
[12:25:05] START R02643
  [12:25:05] mode=swap
    swap: solved=0/10
  [12:27:52] mode=group-reshuffle
    group-reshuffle: solved=1/10
  [12:30:32] mode=constrained-shuffle
    constrained-shuffle: solved=3/10
[12:33:00] DONE R02643
[12:33:00] START R02703
  [12:33:00] mode=swap
    swap: solved=0/10
  [12:36:31] mode=group-reshuffle
    group-reshuffle: solved=0/10
  [12:39:53] mode=constrained-shuffle
    constrained-shuffle: solved=2/10
[12:43:17] DONE R02703
[12:43:17] START R02763
  [12:43:17] mode=symmetry
    symmetry: solved=0/7
  [12:46:02] mode=local-mutant
    local-mutant: solved=1/10
  [12:49:54] mode=swap
    swap: solved=0/10
  [12:53:43] mode=group-reshuffle
    group-reshuffle: solved=0/10
  [12:57:34] mode=constrained-shuffle
    constrained-shuffle: solved=0/10
[13:01:16] DONE R02763
[13:01:16] START R02823
  [13:01:16] mode=symmetry
    symmetry: solved=1/7
  [13:02:51] mode=local-mutant
    local-mutant: solved=2/10
  [13:04:47] mode=swap
    swap: solved=9/10
  [13:06:03] mode=group-reshuffle
    group-reshuffle: solved=4/10
  [13:08:00] mode=constrained-shuffle
    constrained-shuffle: solved=5/10
[13:09:44] DONE R02823
[13:09:44] START R02883
  [13:09:44] mode=swap
    swap: solved=0/10
  [13:10:59] mode=group-reshuffle
    group-reshuffle: solved=5/10
  [13:11:53] mode=constrained-shuffle
    constrained-shuffle: solved=4/10
[13:12:53] DONE R02883
[13:12:53] START R02943
  [13:12:53] mode=symmetry
    symmetry: solved=7/7
  [13:13:20] mode=local-mutant
    local-mutant: solved=10/10
  [13:13:49] mode=swap
    swap: solved=9/10
  [13:14:22] mode=group-reshuffle
    group-reshuffle: solved=10/10
  [13:14:37] mode=constrained-shuffle
    constrained-shuffle: solved=9/10
[13:15:01] DONE R02943
[13:15:01] START R03003
  [13:15:01] mode=swap
    swap: solved=0/10
  [13:20:39] mode=group-reshuffle
    group-reshuffle: solved=0/10
  [13:26:11] mode=constrained-shuffle
    constrained-shuffle: solved=0/10
[13:31:39] DONE R03003
[13:31:39] START R03063
  [13:31:39] mode=symmetry
    symmetry: solved=5/7
  [13:32:13] mode=local-mutant
    local-mutant: solved=6/10
  [13:33:06] mode=swap
    swap: solved=10/10
  [13:33:18] mode=group-reshuffle
    group-reshuffle: solved=4/10
  [13:34:37] mode=constrained-shuffle
    constrained-shuffle: solved=6/10
[13:35:52] DONE R03063
[13:35:52] START R03123
  [13:35:52] mode=swap
    swap: solved=0/10
  [13:40:38] mode=group-reshuffle
    group-reshuffle: solved=0/10
  [13:45:26] mode=constrained-shuffle
    constrained-shuffle: solved=0/10
[13:50:19] DONE R03123
[13:50:19] START R03183
  [13:50:19] mode=swap
    swap: solved=0/10
  [13:53:07] mode=group-reshuffle
    group-reshuffle: solved=0/10
  [13:56:05] mode=constrained-shuffle
    constrained-shuffle: solved=0/10
[13:59:10] DONE R03183
[13:59:10] START R03243
  [13:59:10] mode=symmetry
    symmetry: solved=7/7
  [13:59:17] mode=local-mutant
    local-mutant: solved=10/10
  [13:59:28] mode=swap
    swap: solved=10/10
  [13:59:39] mode=group-reshuffle
    group-reshuffle: solved=10/10
  [13:59:56] mode=constrained-shuffle
    constrained-shuffle: solved=10/10
[14:00:08] DONE R03243
[14:00:08] START R03303
  [14:00:08] mode=swap
    swap: solved=0/10
  [14:01:40] mode=group-reshuffle
    group-reshuffle: solved=0/10
  [14:03:13] mode=constrained-shuffle
    constrained-shuffle: solved=0/10
[14:04:44] DONE R03303
[14:04:44] START R03363
  [14:04:44] mode=symmetry
    symmetry: solved=6/7
  [14:05:09] mode=local-mutant
    local-mutant: solved=10/10
  [14:05:18] mode=swap
    swap: solved=9/10
  [14:05:45] mode=group-reshuffle
    group-reshuffle: solved=10/10
  [14:05:56] mode=constrained-shuffle
    constrained-shuffle: solved=10/10
[14:06:25] DONE R03363
[14:06:25] SHARD END
[19:11:23] SHARD START 33 level(s)
[19:11:23] START P00036
  [19:11:23] mode=symmetry
    already have this (family + solve result exist) -- skipping regeneration/re-solve
  [19:11:23] mode=local-mutant
    already have this (family + solve result exist) -- skipping regeneration/re-solve
  [19:11:23] mode=swap
    already have this (family + solve result exist) -- skipping regeneration/re-solve
  [19:11:23] mode=group-reshuffle
    already have this (family + solve result exist) -- skipping regeneration/re-solve
  [19:11:23] mode=constrained-shuffle
    already have this (family + solve result exist) -- skipping regeneration/re-solve
[19:11:23] DONE P00036
[19:11:23] START P00096
  [19:11:23] mode=symmetry
    already have this (family + solve result exist) -- skipping regeneration/re-solve
  [19:11:23] mode=local-mutant
    already have this (family + solve result exist) -- skipping regeneration/re-solve
  [19:11:23] mode=swap
    already have this (family + solve result exist) -- skipping regeneration/re-solve
  [19:11:23] mode=group-reshuffle
    already have this (family + solve result exist) -- skipping regeneration/re-solve
  [19:11:23] mode=constrained-shuffle
    already have this (family + solve result exist) -- skipping regeneration/re-solve
[19:11:23] DONE P00096
[19:11:23] START P00157
  [19:11:23] mode=symmetry
    already have this (family + solve result exist) -- skipping regeneration/re-solve
  [19:11:23] mode=local-mutant
    already have this (family + solve result exist) -- skipping regeneration/re-solve
  [19:11:23] mode=swap
    already have this (family + solve result exist) -- skipping regeneration/re-solve
  [19:11:23] mode=group-reshuffle
    already have this (family + solve result exist) -- skipping regeneration/re-solve
  [19:11:23] mode=constrained-shuffle
    already have this (family + solve result exist) -- skipping regeneration/re-solve
[19:11:23] DONE P00157
[19:11:23] START R00825
  [19:11:23] mode=symmetry
    already have this (family + solve result exist) -- skipping regeneration/re-solve
  [19:11:23] mode=local-mutant
    already have this (family + solve result exist) -- skipping regeneration/re-solve
  [19:11:23] mode=swap
    already have this (family + solve result exist) -- skipping regeneration/re-solve
  [19:11:23] mode=group-reshuffle
    already have this (family + solve result exist) -- skipping regeneration/re-solve
  [19:11:23] mode=constrained-shuffle
    already have this (family + solve result exist) -- skipping regeneration/re-solve
[19:11:23] DONE R00825
[19:11:23] START R00112
  [19:11:23] mode=swap
    already have this (family + solve result exist) -- skipping regeneration/re-solve
  [19:11:23] mode=group-reshuffle
    already have this (family + solve result exist) -- skipping regeneration/re-solve
  [19:11:23] mode=constrained-shuffle
    already have this (family + solve result exist) -- skipping regeneration/re-solve
[19:11:23] DONE R00112
[19:11:23] START R00518
  [19:11:23] mode=symmetry
    already have this (family + solve result exist) -- skipping regeneration/re-solve
  [19:11:23] mode=local-mutant
    already have this (family + solve result exist) -- skipping regeneration/re-solve
  [19:11:23] mode=swap
    already have this (family + solve result exist) -- skipping regeneration/re-solve
  [19:11:23] mode=group-reshuffle
    already have this (family + solve result exist) -- skipping regeneration/re-solve
  [19:11:23] mode=constrained-shuffle
    already have this (family + solve result exist) -- skipping regeneration/re-solve
[19:11:23] DONE R00518
[19:11:23] START R00866
  [19:11:23] mode=swap
    already have this (family + solve result exist) -- skipping regeneration/re-solve
  [19:11:23] mode=group-reshuffle
    already have this (family + solve result exist) -- skipping regeneration/re-solve
  [19:11:23] mode=constrained-shuffle
    already have this (family + solve result exist) -- skipping regeneration/re-solve
[19:11:23] DONE R00866
[19:11:23] START R01172
  [19:11:23] mode=symmetry
    already have this (family + solve result exist) -- skipping regeneration/re-solve
  [19:11:23] mode=local-mutant
    already have this (family + solve result exist) -- skipping regeneration/re-solve
  [19:11:23] mode=swap
    already have this (family + solve result exist) -- skipping regeneration/re-solve
  [19:11:23] mode=group-reshuffle
    already have this (family + solve result exist) -- skipping regeneration/re-solve
  [19:11:23] mode=constrained-shuffle
    already have this (family + solve result exist) -- skipping regeneration/re-solve
[19:11:23] DONE R01172
[19:11:23] START R01553
  [19:11:23] mode=swap
    already have this (family + solve result exist) -- skipping regeneration/re-solve
  [19:11:23] mode=group-reshuffle
    already have this (family + solve result exist) -- skipping regeneration/re-solve
  [19:11:23] mode=constrained-shuffle
    already have this (family + solve result exist) -- skipping regeneration/re-solve
[19:11:23] DONE R01553
[19:11:23] START R01888
  [19:11:23] mode=symmetry
    already have this (family + solve result exist) -- skipping regeneration/re-solve
  [19:11:23] mode=local-mutant
    already have this (family + solve result exist) -- skipping regeneration/re-solve
  [19:11:23] mode=swap
    already have this (family + solve result exist) -- skipping regeneration/re-solve
  [19:11:23] mode=group-reshuffle
    already have this (family + solve result exist) -- skipping regeneration/re-solve
  [19:11:23] mode=constrained-shuffle
    already have this (family + solve result exist) -- skipping regeneration/re-solve
[19:11:23] DONE R01888
[19:11:23] START R02043
  [19:11:23] mode=swap
    already have this (family + solve result exist) -- skipping regeneration/re-solve
  [19:11:23] mode=group-reshuffle
    already have this (family + solve result exist) -- skipping regeneration/re-solve
  [19:11:23] mode=constrained-shuffle
    already have this (family + solve result exist) -- skipping regeneration/re-solve
[19:11:23] DONE R02043
[19:11:23] START R02103
  [19:11:23] mode=swap
    already have this (family + solve result exist) -- skipping regeneration/re-solve
  [19:11:23] mode=group-reshuffle
    already have this (family + solve result exist) -- skipping regeneration/re-solve
  [19:11:23] mode=constrained-shuffle
    already have this (family + solve result exist) -- skipping regeneration/re-solve
[19:11:23] DONE R02103
[19:11:23] START R02163
  [19:11:23] mode=symmetry
    already have this (family + solve result exist) -- skipping regeneration/re-solve
  [19:11:23] mode=local-mutant
    already have this (family + solve result exist) -- skipping regeneration/re-solve
  [19:11:23] mode=swap
    already have this (family + solve result exist) -- skipping regeneration/re-solve
  [19:11:23] mode=group-reshuffle
    already have this (family + solve result exist) -- skipping regeneration/re-solve
  [19:11:23] mode=constrained-shuffle
    already have this (family + solve result exist) -- skipping regeneration/re-solve
[19:11:23] DONE R02163
[19:11:23] START R02223
  [19:11:23] mode=symmetry
    already have this (family + solve result exist) -- skipping regeneration/re-solve
  [19:11:23] mode=local-mutant
    already have this (family + solve result exist) -- skipping regeneration/re-solve
  [19:11:23] mode=swap
    already have this (family + solve result exist) -- skipping regeneration/re-solve
  [19:11:23] mode=group-reshuffle
    already have this (family + solve result exist) -- skipping regeneration/re-solve
  [19:11:23] mode=constrained-shuffle
    already have this (family + solve result exist) -- skipping regeneration/re-solve
[19:11:23] DONE R02223
[19:11:23] START R02283
  [19:11:23] mode=symmetry
    already have this (family + solve result exist) -- skipping regeneration/re-solve
  [19:11:23] mode=local-mutant
    already have this (family + solve result exist) -- skipping regeneration/re-solve
  [19:11:23] mode=swap
    already have this (family + solve result exist) -- skipping regeneration/re-solve
  [19:11:23] mode=group-reshuffle
    already have this (family + solve result exist) -- skipping regeneration/re-solve
  [19:11:23] mode=constrained-shuffle
    already have this (family + solve result exist) -- skipping regeneration/re-solve
[19:11:23] DONE R02283
[19:11:23] START R02343
  [19:11:23] mode=symmetry
    already have this (family + solve result exist) -- skipping regeneration/re-solve
  [19:11:23] mode=local-mutant
    already have this (family + solve result exist) -- skipping regeneration/re-solve
  [19:11:23] mode=swap
    already have this (family + solve result exist) -- skipping regeneration/re-solve
  [19:11:23] mode=group-reshuffle
    already have this (family + solve result exist) -- skipping regeneration/re-solve
  [19:11:23] mode=constrained-shuffle
    already have this (family + solve result exist) -- skipping regeneration/re-solve
[19:11:23] DONE R02343
[19:11:23] START R02403
  [19:11:23] mode=swap
    already have this (family + solve result exist) -- skipping regeneration/re-solve
  [19:11:23] mode=group-reshuffle
    already have this (family + solve result exist) -- skipping regeneration/re-solve
  [19:11:23] mode=constrained-shuffle
    already have this (family + solve result exist) -- skipping regeneration/re-solve
[19:11:23] DONE R02403
[19:11:23] START R02463
  [19:11:23] mode=swap
    already have this (family + solve result exist) -- skipping regeneration/re-solve
  [19:11:23] mode=group-reshuffle
    already have this (family + solve result exist) -- skipping regeneration/re-solve
  [19:11:23] mode=constrained-shuffle
    already have this (family + solve result exist) -- skipping regeneration/re-solve
[19:11:23] DONE R02463
[19:11:23] START R02523
  [19:11:23] mode=symmetry
    already have this (family + solve result exist) -- skipping regeneration/re-solve
  [19:11:23] mode=local-mutant
    already have this (family + solve result exist) -- skipping regeneration/re-solve
  [19:11:23] mode=swap
    already have this (family + solve result exist) -- skipping regeneration/re-solve
  [19:11:23] mode=group-reshuffle
    already have this (family + solve result exist) -- skipping regeneration/re-solve
  [19:11:23] mode=constrained-shuffle
    already have this (family + solve result exist) -- skipping regeneration/re-solve
[19:11:23] DONE R02523
[19:11:23] START R02583
  [19:11:23] mode=symmetry
    already have this (family + solve result exist) -- skipping regeneration/re-solve
  [19:11:23] mode=local-mutant
    already have this (family + solve result exist) -- skipping regeneration/re-solve
  [19:11:23] mode=swap
    already have this (family + solve result exist) -- skipping regeneration/re-solve
  [19:11:23] mode=group-reshuffle
    already have this (family + solve result exist) -- skipping regeneration/re-solve
  [19:11:23] mode=constrained-shuffle
    already have this (family + solve result exist) -- skipping regeneration/re-solve
[19:11:23] DONE R02583
[19:11:23] START R02643
  [19:11:23] mode=swap
    already have this (family + solve result exist) -- skipping regeneration/re-solve
  [19:11:23] mode=group-reshuffle
    already have this (family + solve result exist) -- skipping regeneration/re-solve
  [19:11:23] mode=constrained-shuffle
    already have this (family + solve result exist) -- skipping regeneration/re-solve
[19:11:23] DONE R02643
[19:11:23] START R02703
  [19:11:23] mode=swap
    already have this (family + solve result exist) -- skipping regeneration/re-solve
  [19:11:23] mode=group-reshuffle
    already have this (family + solve result exist) -- skipping regeneration/re-solve
  [19:11:23] mode=constrained-shuffle
    already have this (family + solve result exist) -- skipping regeneration/re-solve
[19:11:23] DONE R02703
[19:11:23] START R02763
  [19:11:23] mode=symmetry
    already have this (family + solve result exist) -- skipping regeneration/re-solve
  [19:11:23] mode=local-mutant
    already have this (family + solve result exist) -- skipping regeneration/re-solve
  [19:11:23] mode=swap
    already have this (family + solve result exist) -- skipping regeneration/re-solve
  [19:11:23] mode=group-reshuffle
    already have this (family + solve result exist) -- skipping regeneration/re-solve
  [19:11:23] mode=constrained-shuffle
    already have this (family + solve result exist) -- skipping regeneration/re-solve
[19:11:23] DONE R02763
[19:11:23] START R02823
  [19:11:23] mode=symmetry
    already have this (family + solve result exist) -- skipping regeneration/re-solve
  [19:11:23] mode=local-mutant
    already have this (family + solve result exist) -- skipping regeneration/re-solve
  [19:11:23] mode=swap
    already have this (family + solve result exist) -- skipping regeneration/re-solve
  [19:11:23] mode=group-reshuffle
    already have this (family + solve result exist) -- skipping regeneration/re-solve
  [19:11:23] mode=constrained-shuffle
    already have this (family + solve result exist) -- skipping regeneration/re-solve
[19:11:23] DONE R02823
[19:11:23] START R02883
  [19:11:23] mode=swap
    already have this (family + solve result exist) -- skipping regeneration/re-solve
  [19:11:23] mode=group-reshuffle
    already have this (family + solve result exist) -- skipping regeneration/re-solve
  [19:11:23] mode=constrained-shuffle
    already have this (family + solve result exist) -- skipping regeneration/re-solve
[19:11:23] DONE R02883
[19:11:23] START R02943
  [19:11:23] mode=symmetry
    already have this (family + solve result exist) -- skipping regeneration/re-solve
  [19:11:23] mode=local-mutant
    already have this (family + solve result exist) -- skipping regeneration/re-solve
  [19:11:23] mode=swap
    already have this (family + solve result exist) -- skipping regeneration/re-solve
  [19:11:23] mode=group-reshuffle
    already have this (family + solve result exist) -- skipping regeneration/re-solve
  [19:11:23] mode=constrained-shuffle
    already have this (family + solve result exist) -- skipping regeneration/re-solve
[19:11:23] DONE R02943
[19:11:23] START R03003
  [19:11:23] mode=swap
    already have this (family + solve result exist) -- skipping regeneration/re-solve
  [19:11:23] mode=group-reshuffle
    already have this (family + solve result exist) -- skipping regeneration/re-solve
  [19:11:23] mode=constrained-shuffle
    already have this (family + solve result exist) -- skipping regeneration/re-solve
[19:11:23] DONE R03003
[19:11:23] START R03063
  [19:11:23] mode=symmetry
    already have this (family + solve result exist) -- skipping regeneration/re-solve
  [19:11:23] mode=local-mutant
    already have this (family + solve result exist) -- skipping regeneration/re-solve
  [19:11:23] mode=swap
    already have this (family + solve result exist) -- skipping regeneration/re-solve
  [19:11:23] mode=group-reshuffle
    already have this (family + solve result exist) -- skipping regeneration/re-solve
  [19:11:23] mode=constrained-shuffle
    already have this (family + solve result exist) -- skipping regeneration/re-solve
[19:11:23] DONE R03063
[19:11:23] START R03123
  [19:11:23] mode=swap
    already have this (family + solve result exist) -- skipping regeneration/re-solve
  [19:11:23] mode=group-reshuffle
    already have this (family + solve result exist) -- skipping regeneration/re-solve
  [19:11:23] mode=constrained-shuffle
    already have this (family + solve result exist) -- skipping regeneration/re-solve
[19:11:23] DONE R03123
[19:11:23] START R03183
  [19:11:23] mode=swap
    already have this (family + solve result exist) -- skipping regeneration/re-solve
  [19:11:23] mode=group-reshuffle
    already have this (family + solve result exist) -- skipping regeneration/re-solve
  [19:11:23] mode=constrained-shuffle
    already have this (family + solve result exist) -- skipping regeneration/re-solve
[19:11:23] DONE R03183
[19:11:23] START R03243
  [19:11:23] mode=symmetry
    already have this (family + solve result exist) -- skipping regeneration/re-solve
  [19:11:23] mode=local-mutant
    already have this (family + solve result exist) -- skipping regeneration/re-solve
  [19:11:23] mode=swap
    already have this (family + solve result exist) -- skipping regeneration/re-solve
  [19:11:23] mode=group-reshuffle
    already have this (family + solve result exist) -- skipping regeneration/re-solve
  [19:11:23] mode=constrained-shuffle
    already have this (family + solve result exist) -- skipping regeneration/re-solve
[19:11:23] DONE R03243
[19:11:23] START R03303
  [19:11:23] mode=swap
    already have this (family + solve result exist) -- skipping regeneration/re-solve
  [19:11:23] mode=group-reshuffle
    already have this (family + solve result exist) -- skipping regeneration/re-solve
  [19:11:23] mode=constrained-shuffle
    already have this (family + solve result exist) -- skipping regeneration/re-solve
[19:11:23] DONE R03303
[19:11:23] START R03363
  [19:11:23] mode=symmetry
    already have this (family + solve result exist) -- skipping regeneration/re-solve
  [19:11:23] mode=local-mutant
    already have this (family + solve result exist) -- skipping regeneration/re-solve
  [19:11:23] mode=swap
    already have this (family + solve result exist) -- skipping regeneration/re-solve
  [19:11:23] mode=group-reshuffle
    already have this (family + solve result exist) -- skipping regeneration/re-solve
  [19:11:23] mode=constrained-shuffle
    already have this (family + solve result exist) -- skipping regeneration/re-solve
[19:11:23] DONE R03363
[19:11:23] SHARD END
