[04:08:44] SHARD START 33 level(s)
[04:08:44] START P00019
  [04:08:44] mode=symmetry
    symmetry: solved=7/7
  [04:08:48] mode=local-mutant
    generate produced 0 variants (no file written) -- skipping solve/hint-workbench
  [04:08:48] mode=swap
    swap: solved=0/0
  [04:08:49] mode=constrained-shuffle
    constrained-shuffle: solved=0/0
[04:08:50] DONE P00019
[04:08:50] START P00079
  [04:08:50] mode=symmetry
    symmetry: solved=7/7
  [04:08:59] mode=local-mutant
    local-mutant: solved=1/1
  [04:09:03] mode=swap
    swap: solved=0/0
  [04:09:04] mode=group-reshuffle
    group-reshuffle: solved=1/1
  [04:09:07] mode=constrained-shuffle
    constrained-shuffle: solved=1/1
[04:09:10] DONE P00079
[04:09:10] START P00139
  [04:09:10] mode=symmetry
    symmetry: solved=7/7
  [04:09:22] mode=local-mutant
    local-mutant: solved=10/10
  [04:09:37] mode=swap
    swap: solved=8/8
  [04:09:48] mode=group-reshuffle
    group-reshuffle: solved=10/10
  [04:10:02] mode=constrained-shuffle
    constrained-shuffle: solved=10/10
[04:10:14] DONE P00139
[04:10:14] START R00522
  [04:10:14] mode=symmetry
    symmetry: solved=7/7
  [04:10:24] mode=local-mutant
    local-mutant: solved=10/10
  [04:10:37] mode=swap
    swap: solved=10/10
  [04:10:53] mode=group-reshuffle
    group-reshuffle: solved=10/10
  [04:11:23] mode=constrained-shuffle
    constrained-shuffle: solved=8/10
[04:12:23] DONE R00522
[04:12:23] START R01944
  [04:12:23] mode=symmetry
    symmetry: solved=4/7
  [04:13:19] mode=local-mutant
    local-mutant: solved=3/10
  [04:14:46] mode=swap
    swap: solved=1/10
  [04:16:31] mode=group-reshuffle
    group-reshuffle: solved=4/10
  [04:17:33] mode=constrained-shuffle
    constrained-shuffle: solved=7/10
[04:18:15] DONE R01944
[04:18:15] START R00417
  [04:18:15] mode=swap
    swap: solved=0/10
  [04:20:40] mode=group-reshuffle
    group-reshuffle: solved=0/10
  [04:22:59] mode=constrained-shuffle
    constrained-shuffle: solved=1/10
[04:25:24] DONE R00417
[04:25:24] START R00727
  [04:25:24] mode=symmetry
    symmetry: solved=7/7
  [04:25:42] mode=local-mutant
    local-mutant: solved=10/10
  [04:26:09] mode=swap
    swap: solved=10/10
  [04:26:38] mode=group-reshuffle
    group-reshuffle: solved=10/10
  [04:27:04] mode=constrained-shuffle
    constrained-shuffle: solved=10/10
[04:27:33] DONE R00727
[04:27:33] START R01091
  [04:27:33] mode=swap
    swap: solved=0/10
  [04:30:40] mode=group-reshuffle
    group-reshuffle: solved=1/10
  [04:33:08] mode=constrained-shuffle
    constrained-shuffle: solved=1/10
[04:36:06] DONE R01091
[04:36:06] START R01465
  [04:36:06] mode=symmetry
    symmetry: solved=6/7
  [04:36:34] mode=local-mutant
    local-mutant: solved=10/10
  [04:37:05] mode=swap
    swap: solved=10/10
  [04:37:41] mode=group-reshuffle
    group-reshuffle: solved=9/10
  [04:38:17] mode=constrained-shuffle
    constrained-shuffle: solved=7/10
[04:39:01] DONE R01465
[04:39:01] START R01767
  [04:39:01] mode=swap
    swap: solved=0/10
  [04:41:09] mode=group-reshuffle
    group-reshuffle: solved=1/10
  [04:43:15] mode=constrained-shuffle
    constrained-shuffle: solved=1/10
[04:45:23] DONE R01767
[04:45:23] START R02026
  [04:45:23] mode=swap
    swap: solved=0/10
  [04:47:03] mode=group-reshuffle
    group-reshuffle: solved=0/10
  [04:48:33] mode=constrained-shuffle
    constrained-shuffle: solved=0/10
[04:50:10] DONE R02026
[04:50:10] START R02086
  [04:50:10] mode=swap
    swap: solved=0/10
  [04:53:03] mode=group-reshuffle
    group-reshuffle: solved=1/10
  [04:55:47] mode=constrained-shuffle
    constrained-shuffle: solved=1/10
[04:58:36] DONE R02086
[04:58:36] START R02146
  [04:58:36] mode=symmetry
    symmetry: solved=1/7
  [05:00:20] mode=local-mutant
    local-mutant: solved=5/10
  [05:02:19] mode=swap
    swap: solved=7/10
  [05:03:54] mode=group-reshuffle
    group-reshuffle: solved=6/10
  [05:05:54] mode=constrained-shuffle
    constrained-shuffle: solved=6/10
[05:07:43] DONE R02146
[05:07:43] START R02206
  [05:07:43] mode=symmetry
    symmetry: solved=1/7
  [05:10:50] mode=local-mutant
    local-mutant: solved=1/10
  [05:15:24] mode=swap
    swap: solved=3/10
  [05:19:32] mode=group-reshuffle
    group-reshuffle: solved=2/10
  [05:23:39] mode=constrained-shuffle
    constrained-shuffle: solved=3/10
[05:27:46] DONE R02206
[05:27:46] START R02266
  [05:27:46] mode=swap
    swap: solved=3/10
  [05:29:45] mode=group-reshuffle
    group-reshuffle: solved=8/10
  [05:30:43] mode=constrained-shuffle
    constrained-shuffle: solved=9/10
[05:31:41] DONE R02266
[05:31:41] START R02326
  [05:31:41] mode=swap
    swap: solved=0/10
  [05:36:20] mode=group-reshuffle
    group-reshuffle: solved=0/10
  [05:40:56] mode=constrained-shuffle
    constrained-shuffle: solved=0/10
[05:45:33] DONE R02326
[05:45:33] START R02386
  [05:45:33] mode=symmetry
    symmetry: solved=7/7
  [05:45:44] mode=local-mutant
    local-mutant: solved=10/10
  [05:46:01] mode=swap
    swap: solved=10/10
  [05:46:18] mode=group-reshuffle
    group-reshuffle: solved=8/10
  [05:46:54] mode=constrained-shuffle
    constrained-shuffle: solved=10/10
[05:47:09] DONE R02386
[05:47:09] START R02446
  [05:47:09] mode=swap
    swap: solved=0/10
  [05:49:41] mode=group-reshuffle
    group-reshuffle: solved=0/10
  [05:52:22] mode=constrained-shuffle
    constrained-shuffle: solved=0/10
[05:55:07] DONE R02446
[05:55:07] START R02506
  [05:55:07] mode=symmetry
    symmetry: solved=0/7
  [05:55:32] mode=local-mutant
    local-mutant: solved=3/10
  [05:56:03] mode=swap
    swap: solved=3/10
  [05:56:36] mode=group-reshuffle
    group-reshuffle: solved=8/10
  [05:57:01] mode=constrained-shuffle
    constrained-shuffle: solved=9/10
[05:57:24] DONE R02506
[05:57:24] START R02566
  [05:57:24] mode=symmetry
    symmetry: solved=7/7
  [05:58:04] mode=local-mutant
    local-mutant: solved=8/10
  [05:58:59] mode=swap
    swap: solved=10/10
  [05:59:54] mode=group-reshuffle
    group-reshuffle: solved=2/10
  [06:00:50] mode=constrained-shuffle
    constrained-shuffle: solved=0/10
[06:01:48] DONE R02566
[06:01:48] START R02626
  [06:01:48] mode=symmetry
    symmetry: solved=7/7
  [06:01:58] mode=local-mutant
    local-mutant: solved=10/10
  [06:02:12] mode=swap
    swap: solved=10/10
  [06:02:34] mode=group-reshuffle
    group-reshuffle: solved=10/10
  [06:03:05] mode=constrained-shuffle
    constrained-shuffle: solved=8/10
[06:03:49] DONE R02626
[06:03:49] START R02686
  [06:03:49] mode=symmetry
    symmetry: solved=7/7
  [06:06:22] mode=local-mutant
    local-mutant: solved=10/10
  [06:09:59] mode=swap
    swap: solved=10/10
  [06:13:35] mode=group-reshuffle
    group-reshuffle: solved=7/10
  [06:16:39] mode=constrained-shuffle
    constrained-shuffle: solved=6/10
[06:20:07] DONE R02686
[06:20:07] START R02746
  [06:20:07] mode=swap
    swap: solved=0/10
  [06:21:17] mode=group-reshuffle
    group-reshuffle: solved=0/10
  [06:22:23] mode=constrained-shuffle
    constrained-shuffle: solved=0/10
[06:23:30] DONE R02746
[06:23:30] START R02806
  [06:23:30] mode=symmetry
    symmetry: solved=1/7
  [06:25:33] mode=local-mutant
    local-mutant: solved=1/10
  [06:28:34] mode=swap
    swap: solved=2/10
  [06:31:24] mode=group-reshuffle
    group-reshuffle: solved=1/10
  [06:34:20] mode=constrained-shuffle
    constrained-shuffle: solved=1/10
[06:37:24] DONE R02806
[06:37:24] START R02866
  [06:37:24] mode=swap
    swap: solved=1/10
  [06:41:42] mode=group-reshuffle
    group-reshuffle: solved=0/10
  [06:46:02] mode=constrained-shuffle
    constrained-shuffle: solved=0/10
[06:50:29] DONE R02866
[06:50:29] START R02926
  [06:50:29] mode=swap
    swap: solved=0/10
  [06:52:31] mode=group-reshuffle
    group-reshuffle: solved=0/10
  [06:54:32] mode=constrained-shuffle
    constrained-shuffle: solved=0/10
[06:56:28] DONE R02926
[06:56:28] START R02986
  [06:56:28] mode=swap
    swap: solved=0/10
  [06:57:09] mode=group-reshuffle
    group-reshuffle: solved=0/10
  [06:57:49] mode=constrained-shuffle
    constrained-shuffle: solved=0/10
[06:58:29] DONE R02986
[06:58:29] START R03046
  [06:58:29] mode=swap
    swap: solved=2/10
  [06:59:30] mode=group-reshuffle
    group-reshuffle: solved=0/10
  [07:00:33] mode=constrained-shuffle
    constrained-shuffle: solved=1/10
[07:01:33] DONE R03046
[07:01:33] START R03106
  [07:01:33] mode=swap
    swap: solved=1/10
  [07:04:32] mode=group-reshuffle
    group-reshuffle: solved=0/10
  [07:07:28] mode=constrained-shuffle
    constrained-shuffle: solved=1/10
[07:10:28] DONE R03106
[07:10:28] START R03166
  [07:10:28] mode=swap
    swap: solved=0/10
  [07:14:48] mode=group-reshuffle
    group-reshuffle: solved=0/10
  [07:19:13] mode=constrained-shuffle
    constrained-shuffle: solved=0/10
[07:23:35] DONE R03166
[07:23:35] START R03226
  [07:23:35] mode=swap
    swap: solved=1/10
  [07:26:40] mode=group-reshuffle
    group-reshuffle: solved=4/10
  [07:29:22] mode=constrained-shuffle
    constrained-shuffle: solved=3/10
[07:31:56] DONE R03226
[07:31:56] START R03286
  [07:31:56] mode=swap
    swap: solved=1/10
  [07:35:16] mode=group-reshuffle
    group-reshuffle: solved=1/10
  [07:38:31] mode=constrained-shuffle
    constrained-shuffle: solved=0/10
[07:41:47] DONE R03286
[07:41:47] START R03346
  [07:41:47] mode=swap
    swap: solved=0/10
  [07:42:47] mode=group-reshuffle
    group-reshuffle: solved=0/0
  [07:42:49] mode=constrained-shuffle
    constrained-shuffle: solved=0/10
[07:43:49] DONE R03346
[07:43:49] SHARD END
