[10:22:09] SHARD START 33 level(s)
[10:22:09] START P00022
  [10:22:09] mode=symmetry
    symmetry: solved=3/3
  [10:22:13] mode=local-mutant
    local-mutant: solved=10/10
  [10:22:22] mode=swap
    swap: solved=0/0
  [10:22:23] mode=group-reshuffle
    group-reshuffle: solved=10/10
  [10:22:32] mode=constrained-shuffle
    constrained-shuffle: solved=10/10
[10:22:40] DONE P00022
[10:22:40] START P00082
  [10:22:40] mode=symmetry
    symmetry: solved=7/7
  [10:22:48] mode=local-mutant
    local-mutant: solved=10/10
  [10:22:56] mode=swap
    swap: solved=9/9
  [10:23:02] mode=group-reshuffle
    group-reshuffle: solved=10/10
  [10:23:11] mode=constrained-shuffle
    constrained-shuffle: solved=10/10
[10:23:21] DONE P00082
[10:23:21] START P00142
  [10:23:21] mode=symmetry
    symmetry: solved=3/3
  [10:23:28] mode=local-mutant
    local-mutant: solved=10/10
  [10:23:49] mode=swap
    swap: solved=0/0
  [10:23:49] mode=group-reshuffle
    group-reshuffle: solved=10/10
  [10:24:05] mode=constrained-shuffle
    constrained-shuffle: solved=10/10
[10:24:20] DONE P00142
[10:24:20] START R00541
  [10:24:20] mode=symmetry
    symmetry: solved=7/7
  [10:24:30] mode=local-mutant
    local-mutant: solved=10/10
  [10:24:49] mode=swap
    swap: solved=0/0
  [10:24:50] mode=group-reshuffle
    group-reshuffle: solved=10/10
  [10:25:03] mode=constrained-shuffle
    constrained-shuffle: solved=10/10
[10:25:17] DONE R00541
[10:25:17] START R02000
  [10:25:17] mode=swap
    swap: solved=9/10
  [10:25:41] mode=group-reshuffle
    group-reshuffle: solved=7/10
  [10:26:18] mode=constrained-shuffle
    constrained-shuffle: solved=9/10
[10:26:43] DONE R02000
[10:26:43] START R00440
  [10:26:43] mode=swap
    swap: solved=2/10
  [10:29:14] mode=group-reshuffle
    group-reshuffle: solved=0/10
  [10:32:06] mode=constrained-shuffle
    constrained-shuffle: solved=8/10
[10:33:32] DONE R00440
[10:33:32] START R00741
  [10:33:32] mode=symmetry
    symmetry: solved=7/7
  [10:34:21] mode=local-mutant
    local-mutant: solved=10/10
  [10:35:16] mode=swap
    swap: solved=10/10
  [10:36:15] mode=group-reshuffle
    group-reshuffle: solved=10/10
  [10:36:52] mode=constrained-shuffle
    constrained-shuffle: solved=10/10
[10:37:31] DONE R00741
[10:37:31] START R01099
  [10:37:31] mode=symmetry
    symmetry: solved=0/7
  [10:38:26] mode=local-mutant
    local-mutant: solved=3/10
  [10:39:39] mode=swap
    swap: solved=1/10
  [10:40:52] mode=group-reshuffle
    group-reshuffle: solved=9/10
  [10:41:31] mode=constrained-shuffle
    constrained-shuffle: solved=9/10
[10:41:58] DONE R01099
[10:41:58] START R01485
  [10:41:58] mode=swap
    swap: solved=0/10
  [10:44:17] mode=group-reshuffle
    group-reshuffle: solved=3/10
  [10:46:26] mode=constrained-shuffle
    constrained-shuffle: solved=2/10
[10:48:38] DONE R01485
[10:48:38] START R01778
  [10:48:38] mode=swap
    swap: solved=4/10
  [10:51:20] mode=group-reshuffle
    group-reshuffle: solved=6/10
  [10:53:14] mode=constrained-shuffle
    constrained-shuffle: solved=2/10
[10:56:13] DONE R01778
[10:56:13] START R02029
  [10:56:13] mode=swap
    swap: solved=0/10
  [10:57:47] mode=group-reshuffle
    group-reshuffle: solved=0/10
  [10:59:15] mode=constrained-shuffle
    constrained-shuffle: solved=0/10
[11:00:43] DONE R02029
[11:00:43] START R02089
  [11:00:43] mode=symmetry
    symmetry: solved=1/7
  [11:02:40] mode=local-mutant
    local-mutant: solved=1/10
  [11:05:54] mode=swap
    swap: solved=1/10
  [11:09:01] mode=group-reshuffle
    group-reshuffle: solved=4/10
  [11:11:18] mode=constrained-shuffle
    constrained-shuffle: solved=9/10
[11:12:34] DONE R02089
[11:12:34] START R02149
  [11:12:34] mode=swap
    swap: solved=2/10
  [11:14:52] mode=group-reshuffle
    group-reshuffle: solved=3/10
  [11:16:46] mode=constrained-shuffle
    constrained-shuffle: solved=7/10
[11:18:02] DONE R02149
[11:18:02] START R02209
  [11:18:02] mode=symmetry
    symmetry: solved=7/7
  [11:18:13] mode=local-mutant
    local-mutant: solved=10/10
  [11:18:19] mode=swap
    swap: solved=10/10
  [11:18:27] mode=group-reshuffle
    group-reshuffle: solved=10/10
  [11:18:48] mode=constrained-shuffle
    constrained-shuffle: solved=10/10
[11:19:11] DONE R02209
[11:19:11] START R02269
  [11:19:11] mode=symmetry
    symmetry: solved=7/7
  [11:19:31] mode=local-mutant
    local-mutant: solved=9/10
  [11:20:04] mode=swap
    swap: solved=8/10
  [11:20:45] mode=group-reshuffle
    group-reshuffle: solved=10/10
  [11:21:12] mode=constrained-shuffle
    constrained-shuffle: solved=5/10
[11:22:26] DONE R02269
[11:22:26] START R02329
  [11:22:26] mode=symmetry
    symmetry: solved=7/7
  [11:22:45] mode=local-mutant
    local-mutant: solved=10/10
  [11:23:15] mode=swap
    swap: solved=10/10
  [11:23:50] mode=group-reshuffle
    group-reshuffle: solved=10/10
  [11:24:24] mode=constrained-shuffle
    constrained-shuffle: solved=10/10
[11:25:10] DONE R02329
[11:25:10] START R02389
  [11:25:10] mode=swap
    swap: solved=0/10
  [11:30:04] mode=group-reshuffle
    group-reshuffle: solved=0/10
  [11:35:00] mode=constrained-shuffle
    constrained-shuffle: solved=0/10
[11:39:53] DONE R02389
[11:39:53] START R02449
  [11:39:53] mode=swap
    swap: solved=5/10
  [11:40:51] mode=group-reshuffle
    group-reshuffle: solved=9/10
  [11:41:42] mode=constrained-shuffle
    constrained-shuffle: solved=6/10
[11:42:35] DONE R02449
[11:42:35] START R02509
  [11:42:35] mode=symmetry
    symmetry: solved=2/7
  [11:44:21] mode=local-mutant
    local-mutant: solved=3/10
  [11:46:31] mode=swap
    swap: solved=3/10
  [11:48:45] mode=group-reshuffle
    group-reshuffle: solved=7/10
  [11:50:26] mode=constrained-shuffle
    constrained-shuffle: solved=6/10
[11:52:21] DONE R02509
[11:52:21] START R02569
  [11:52:21] mode=swap
    swap: solved=1/10
  [11:54:12] mode=group-reshuffle
    group-reshuffle: solved=4/10
  [11:55:47] mode=constrained-shuffle
    constrained-shuffle: solved=6/10
[11:56:43] DONE R02569
[11:56:43] START R02629
  [11:56:43] mode=swap
    swap: solved=0/10
  [12:01:25] mode=group-reshuffle
    group-reshuffle: solved=0/10
  [12:06:12] mode=constrained-shuffle
    constrained-shuffle: solved=0/7
[12:09:46] DONE R02629
[12:09:46] START R02689
  [12:09:46] mode=swap
    swap: solved=0/10
  [12:13:36] mode=group-reshuffle
    group-reshuffle: solved=0/10
  [12:17:27] mode=constrained-shuffle
    constrained-shuffle: solved=0/10
[12:21:24] DONE R02689
[12:21:24] START R02749
  [12:21:24] mode=symmetry
    symmetry: solved=7/7
  [12:21:36] mode=local-mutant
    local-mutant: solved=10/10
  [12:21:50] mode=swap
    swap: solved=10/10
  [12:22:05] mode=group-reshuffle
    group-reshuffle: solved=10/10
  [12:22:21] mode=constrained-shuffle
    constrained-shuffle: solved=10/10
[12:22:37] DONE R02749
[12:22:37] START R02809
  [12:22:37] mode=swap
    swap: solved=0/10
  [12:27:44] mode=group-reshuffle
    group-reshuffle: solved=0/10
  [12:32:37] mode=constrained-shuffle
    constrained-shuffle: solved=0/10
[12:37:37] DONE R02809
[12:37:37] START R02869
  [12:37:37] mode=symmetry
    symmetry: solved=7/7
  [12:38:08] mode=local-mutant
    local-mutant: solved=10/10
  [12:38:45] mode=swap
    swap: solved=10/10
  [12:39:27] mode=group-reshuffle
    group-reshuffle: solved=9/10
  [12:40:17] mode=constrained-shuffle
    constrained-shuffle: solved=9/10
[12:41:11] DONE R02869
[12:41:11] START R02929
  [12:41:11] mode=symmetry
    symmetry: solved=4/7
  [12:43:02] mode=local-mutant
    local-mutant: solved=5/10
  [12:45:47] mode=swap
    swap: solved=5/10
  [12:48:25] mode=group-reshuffle
    group-reshuffle: solved=6/10
  [12:51:11] mode=constrained-shuffle
    constrained-shuffle: solved=4/10
[12:54:13] DONE R02929
[12:54:13] START R02989
  [12:54:13] mode=swap
    swap: solved=0/10
  [12:55:29] mode=group-reshuffle
    group-reshuffle: solved=3/10
  [12:56:33] mode=constrained-shuffle
    constrained-shuffle: solved=8/10
[12:57:12] DONE R02989
[12:57:12] START R03049
  [12:57:12] mode=swap
    swap: solved=0/10
  [12:58:33] mode=group-reshuffle
    group-reshuffle: solved=0/10
  [12:59:59] mode=constrained-shuffle
    constrained-shuffle: solved=0/10
[13:01:27] DONE R03049
[13:01:27] START R03109
  [13:01:27] mode=swap
    swap: solved=1/10
  [13:03:16] mode=group-reshuffle
    group-reshuffle: solved=0/10
  [13:05:05] mode=constrained-shuffle
    constrained-shuffle: solved=1/10
[13:06:53] DONE R03109
[13:06:53] START R03169
  [13:06:53] mode=swap
    swap: solved=0/10
  [13:11:19] mode=group-reshuffle
    group-reshuffle: solved=1/10
  [13:15:58] mode=constrained-shuffle
    constrained-shuffle: solved=1/10
[13:20:33] DONE R03169
[13:20:33] START R03229
  [13:20:33] mode=swap
    swap: solved=0/10
  [13:23:02] mode=group-reshuffle
    group-reshuffle: solved=0/10
  [13:25:34] mode=constrained-shuffle
    constrained-shuffle: solved=0/10
[13:28:10] DONE R03229
[13:28:10] START R03289
  [13:28:10] mode=swap
    swap: solved=0/10
  [13:29:43] mode=group-reshuffle
    group-reshuffle: solved=0/10
  [13:31:13] mode=constrained-shuffle
    constrained-shuffle: solved=3/10
[13:32:23] DONE R03289
[13:32:23] START R03349
  [13:32:23] mode=symmetry
    symmetry: solved=2/7
  [13:33:55] mode=local-mutant
    local-mutant: solved=7/10
  [13:35:26] mode=swap
    swap: solved=8/10
  [13:37:06] mode=group-reshuffle
    group-reshuffle: solved=6/10
  [13:38:44] mode=constrained-shuffle
    constrained-shuffle: solved=5/10
[13:40:23] DONE R03349
[13:40:23] SHARD END
[19:09:48] SHARD START 33 level(s)
[19:09:48] START P00022
  [19:09:48] mode=symmetry
    already have this (family + solve result exist) -- skipping regeneration/re-solve
  [19:09:48] mode=local-mutant
    already have this (family + solve result exist) -- skipping regeneration/re-solve
  [19:09:48] mode=swap
    already have this (family + solve result exist) -- skipping regeneration/re-solve
  [19:09:48] mode=group-reshuffle
    already have this (family + solve result exist) -- skipping regeneration/re-solve
  [19:09:48] mode=constrained-shuffle
    already have this (family + solve result exist) -- skipping regeneration/re-solve
[19:09:48] DONE P00022
[19:09:48] START P00082
  [19:09:48] mode=symmetry
    already have this (family + solve result exist) -- skipping regeneration/re-solve
  [19:09:48] mode=local-mutant
    already have this (family + solve result exist) -- skipping regeneration/re-solve
  [19:09:48] mode=swap
    already have this (family + solve result exist) -- skipping regeneration/re-solve
  [19:09:48] mode=group-reshuffle
    already have this (family + solve result exist) -- skipping regeneration/re-solve
  [19:09:48] mode=constrained-shuffle
    already have this (family + solve result exist) -- skipping regeneration/re-solve
[19:09:48] DONE P00082
[19:09:48] START P00142
  [19:09:48] mode=symmetry
    already have this (family + solve result exist) -- skipping regeneration/re-solve
  [19:09:48] mode=local-mutant
    already have this (family + solve result exist) -- skipping regeneration/re-solve
  [19:09:48] mode=swap
    already have this (family + solve result exist) -- skipping regeneration/re-solve
  [19:09:48] mode=group-reshuffle
    already have this (family + solve result exist) -- skipping regeneration/re-solve
  [19:09:48] mode=constrained-shuffle
    already have this (family + solve result exist) -- skipping regeneration/re-solve
[19:09:48] DONE P00142
[19:09:48] START R00541
  [19:09:48] mode=symmetry
    already have this (family + solve result exist) -- skipping regeneration/re-solve
  [19:09:48] mode=local-mutant
    already have this (family + solve result exist) -- skipping regeneration/re-solve
  [19:09:48] mode=swap
    already have this (family + solve result exist) -- skipping regeneration/re-solve
  [19:09:48] mode=group-reshuffle
    already have this (family + solve result exist) -- skipping regeneration/re-solve
  [19:09:48] mode=constrained-shuffle
    already have this (family + solve result exist) -- skipping regeneration/re-solve
[19:09:48] DONE R00541
[19:09:48] START R02000
  [19:09:48] mode=swap
    already have this (family + solve result exist) -- skipping regeneration/re-solve
  [19:09:48] mode=group-reshuffle
    already have this (family + solve result exist) -- skipping regeneration/re-solve
  [19:09:48] mode=constrained-shuffle
    already have this (family + solve result exist) -- skipping regeneration/re-solve
[19:09:48] DONE R02000
[19:09:48] START R00440
  [19:09:48] mode=swap
    already have this (family + solve result exist) -- skipping regeneration/re-solve
  [19:09:48] mode=group-reshuffle
    already have this (family + solve result exist) -- skipping regeneration/re-solve
  [19:09:48] mode=constrained-shuffle
    already have this (family + solve result exist) -- skipping regeneration/re-solve
[19:09:48] DONE R00440
[19:09:48] START R00741
  [19:09:48] mode=symmetry
    already have this (family + solve result exist) -- skipping regeneration/re-solve
  [19:09:48] mode=local-mutant
    already have this (family + solve result exist) -- skipping regeneration/re-solve
  [19:09:48] mode=swap
    already have this (family + solve result exist) -- skipping regeneration/re-solve
  [19:09:48] mode=group-reshuffle
    already have this (family + solve result exist) -- skipping regeneration/re-solve
  [19:09:48] mode=constrained-shuffle
    already have this (family + solve result exist) -- skipping regeneration/re-solve
[19:09:48] DONE R00741
[19:09:48] START R01099
  [19:09:48] mode=symmetry
    already have this (family + solve result exist) -- skipping regeneration/re-solve
  [19:09:48] mode=local-mutant
    already have this (family + solve result exist) -- skipping regeneration/re-solve
  [19:09:48] mode=swap
    already have this (family + solve result exist) -- skipping regeneration/re-solve
  [19:09:48] mode=group-reshuffle
    already have this (family + solve result exist) -- skipping regeneration/re-solve
  [19:09:48] mode=constrained-shuffle
    already have this (family + solve result exist) -- skipping regeneration/re-solve
[19:09:48] DONE R01099
[19:09:48] START R01485
  [19:09:48] mode=swap
    already have this (family + solve result exist) -- skipping regeneration/re-solve
  [19:09:48] mode=group-reshuffle
    already have this (family + solve result exist) -- skipping regeneration/re-solve
  [19:09:48] mode=constrained-shuffle
    already have this (family + solve result exist) -- skipping regeneration/re-solve
[19:09:48] DONE R01485
[19:09:48] START R01778
  [19:09:48] mode=swap
    already have this (family + solve result exist) -- skipping regeneration/re-solve
  [19:09:48] mode=group-reshuffle
    already have this (family + solve result exist) -- skipping regeneration/re-solve
  [19:09:48] mode=constrained-shuffle
    already have this (family + solve result exist) -- skipping regeneration/re-solve
[19:09:48] DONE R01778
[19:09:48] START R02029
  [19:09:48] mode=swap
    already have this (family + solve result exist) -- skipping regeneration/re-solve
  [19:09:48] mode=group-reshuffle
    already have this (family + solve result exist) -- skipping regeneration/re-solve
  [19:09:48] mode=constrained-shuffle
    already have this (family + solve result exist) -- skipping regeneration/re-solve
[19:09:48] DONE R02029
[19:09:48] START R02089
  [19:09:48] mode=symmetry
    already have this (family + solve result exist) -- skipping regeneration/re-solve
  [19:09:48] mode=local-mutant
    already have this (family + solve result exist) -- skipping regeneration/re-solve
  [19:09:48] mode=swap
    already have this (family + solve result exist) -- skipping regeneration/re-solve
  [19:09:48] mode=group-reshuffle
    already have this (family + solve result exist) -- skipping regeneration/re-solve
  [19:09:48] mode=constrained-shuffle
    already have this (family + solve result exist) -- skipping regeneration/re-solve
[19:09:48] DONE R02089
[19:09:48] START R02149
  [19:09:48] mode=swap
    already have this (family + solve result exist) -- skipping regeneration/re-solve
  [19:09:48] mode=group-reshuffle
    already have this (family + solve result exist) -- skipping regeneration/re-solve
  [19:09:48] mode=constrained-shuffle
    already have this (family + solve result exist) -- skipping regeneration/re-solve
[19:09:48] DONE R02149
[19:09:48] START R02209
  [19:09:48] mode=symmetry
    already have this (family + solve result exist) -- skipping regeneration/re-solve
  [19:09:48] mode=local-mutant
    already have this (family + solve result exist) -- skipping regeneration/re-solve
  [19:09:48] mode=swap
    already have this (family + solve result exist) -- skipping regeneration/re-solve
  [19:09:48] mode=group-reshuffle
    already have this (family + solve result exist) -- skipping regeneration/re-solve
  [19:09:48] mode=constrained-shuffle
    already have this (family + solve result exist) -- skipping regeneration/re-solve
[19:09:48] DONE R02209
[19:09:48] START R02269
  [19:09:48] mode=symmetry
    already have this (family + solve result exist) -- skipping regeneration/re-solve
  [19:09:48] mode=local-mutant
    already have this (family + solve result exist) -- skipping regeneration/re-solve
  [19:09:48] mode=swap
    already have this (family + solve result exist) -- skipping regeneration/re-solve
  [19:09:48] mode=group-reshuffle
    already have this (family + solve result exist) -- skipping regeneration/re-solve
  [19:09:48] mode=constrained-shuffle
    already have this (family + solve result exist) -- skipping regeneration/re-solve
[19:09:48] DONE R02269
[19:09:48] START R02329
  [19:09:48] mode=symmetry
    already have this (family + solve result exist) -- skipping regeneration/re-solve
  [19:09:48] mode=local-mutant
    already have this (family + solve result exist) -- skipping regeneration/re-solve
  [19:09:48] mode=swap
    already have this (family + solve result exist) -- skipping regeneration/re-solve
  [19:09:48] mode=group-reshuffle
    already have this (family + solve result exist) -- skipping regeneration/re-solve
  [19:09:48] mode=constrained-shuffle
    already have this (family + solve result exist) -- skipping regeneration/re-solve
[19:09:48] DONE R02329
[19:09:48] START R02389
  [19:09:48] mode=swap
    already have this (family + solve result exist) -- skipping regeneration/re-solve
  [19:09:48] mode=group-reshuffle
    already have this (family + solve result exist) -- skipping regeneration/re-solve
  [19:09:48] mode=constrained-shuffle
    already have this (family + solve result exist) -- skipping regeneration/re-solve
[19:09:48] DONE R02389
[19:09:48] START R02449
  [19:09:48] mode=swap
    already have this (family + solve result exist) -- skipping regeneration/re-solve
  [19:09:48] mode=group-reshuffle
    already have this (family + solve result exist) -- skipping regeneration/re-solve
  [19:09:48] mode=constrained-shuffle
    already have this (family + solve result exist) -- skipping regeneration/re-solve
[19:09:48] DONE R02449
[19:09:48] START R02509
  [19:09:48] mode=symmetry
    already have this (family + solve result exist) -- skipping regeneration/re-solve
  [19:09:48] mode=local-mutant
    already have this (family + solve result exist) -- skipping regeneration/re-solve
  [19:09:48] mode=swap
    already have this (family + solve result exist) -- skipping regeneration/re-solve
  [19:09:48] mode=group-reshuffle
    already have this (family + solve result exist) -- skipping regeneration/re-solve
  [19:09:48] mode=constrained-shuffle
    already have this (family + solve result exist) -- skipping regeneration/re-solve
[19:09:48] DONE R02509
[19:09:48] START R02569
  [19:09:48] mode=swap
    already have this (family + solve result exist) -- skipping regeneration/re-solve
  [19:09:48] mode=group-reshuffle
    already have this (family + solve result exist) -- skipping regeneration/re-solve
  [19:09:48] mode=constrained-shuffle
    already have this (family + solve result exist) -- skipping regeneration/re-solve
[19:09:48] DONE R02569
[19:09:48] START R02629
  [19:09:48] mode=swap
    already have this (family + solve result exist) -- skipping regeneration/re-solve
  [19:09:48] mode=group-reshuffle
    already have this (family + solve result exist) -- skipping regeneration/re-solve
  [19:09:48] mode=constrained-shuffle
    already have this (family + solve result exist) -- skipping regeneration/re-solve
[19:09:48] DONE R02629
[19:09:48] START R02689
  [19:09:48] mode=swap
    already have this (family + solve result exist) -- skipping regeneration/re-solve
  [19:09:48] mode=group-reshuffle
    already have this (family + solve result exist) -- skipping regeneration/re-solve
  [19:09:48] mode=constrained-shuffle
    already have this (family + solve result exist) -- skipping regeneration/re-solve
[19:09:48] DONE R02689
[19:09:48] START R02749
  [19:09:48] mode=symmetry
    already have this (family + solve result exist) -- skipping regeneration/re-solve
  [19:09:48] mode=local-mutant
    already have this (family + solve result exist) -- skipping regeneration/re-solve
  [19:09:48] mode=swap
    already have this (family + solve result exist) -- skipping regeneration/re-solve
  [19:09:48] mode=group-reshuffle
    already have this (family + solve result exist) -- skipping regeneration/re-solve
  [19:09:48] mode=constrained-shuffle
    already have this (family + solve result exist) -- skipping regeneration/re-solve
[19:09:48] DONE R02749
[19:09:48] START R02809
  [19:09:48] mode=swap
    already have this (family + solve result exist) -- skipping regeneration/re-solve
  [19:09:48] mode=group-reshuffle
    already have this (family + solve result exist) -- skipping regeneration/re-solve
  [19:09:48] mode=constrained-shuffle
    already have this (family + solve result exist) -- skipping regeneration/re-solve
[19:09:48] DONE R02809
[19:09:48] START R02869
  [19:09:48] mode=symmetry
    already have this (family + solve result exist) -- skipping regeneration/re-solve
  [19:09:48] mode=local-mutant
    already have this (family + solve result exist) -- skipping regeneration/re-solve
  [19:09:48] mode=swap
    already have this (family + solve result exist) -- skipping regeneration/re-solve
  [19:09:48] mode=group-reshuffle
    already have this (family + solve result exist) -- skipping regeneration/re-solve
  [19:09:48] mode=constrained-shuffle
    already have this (family + solve result exist) -- skipping regeneration/re-solve
[19:09:48] DONE R02869
[19:09:48] START R02929
  [19:09:48] mode=symmetry
    already have this (family + solve result exist) -- skipping regeneration/re-solve
  [19:09:48] mode=local-mutant
    already have this (family + solve result exist) -- skipping regeneration/re-solve
  [19:09:48] mode=swap
    already have this (family + solve result exist) -- skipping regeneration/re-solve
  [19:09:48] mode=group-reshuffle
    already have this (family + solve result exist) -- skipping regeneration/re-solve
  [19:09:48] mode=constrained-shuffle
    already have this (family + solve result exist) -- skipping regeneration/re-solve
[19:09:48] DONE R02929
[19:09:48] START R02989
  [19:09:48] mode=swap
    already have this (family + solve result exist) -- skipping regeneration/re-solve
  [19:09:48] mode=group-reshuffle
    already have this (family + solve result exist) -- skipping regeneration/re-solve
  [19:09:48] mode=constrained-shuffle
    already have this (family + solve result exist) -- skipping regeneration/re-solve
[19:09:48] DONE R02989
[19:09:48] START R03049
  [19:09:48] mode=swap
    already have this (family + solve result exist) -- skipping regeneration/re-solve
  [19:09:48] mode=group-reshuffle
    already have this (family + solve result exist) -- skipping regeneration/re-solve
  [19:09:48] mode=constrained-shuffle
    already have this (family + solve result exist) -- skipping regeneration/re-solve
[19:09:48] DONE R03049
[19:09:48] START R03109
  [19:09:48] mode=swap
    already have this (family + solve result exist) -- skipping regeneration/re-solve
  [19:09:48] mode=group-reshuffle
    already have this (family + solve result exist) -- skipping regeneration/re-solve
  [19:09:48] mode=constrained-shuffle
    already have this (family + solve result exist) -- skipping regeneration/re-solve
[19:09:48] DONE R03109
[19:09:48] START R03169
  [19:09:48] mode=swap
    already have this (family + solve result exist) -- skipping regeneration/re-solve
  [19:09:48] mode=group-reshuffle
    already have this (family + solve result exist) -- skipping regeneration/re-solve
  [19:09:48] mode=constrained-shuffle
    already have this (family + solve result exist) -- skipping regeneration/re-solve
[19:09:48] DONE R03169
[19:09:48] START R03229
  [19:09:48] mode=swap
    already have this (family + solve result exist) -- skipping regeneration/re-solve
  [19:09:48] mode=group-reshuffle
    already have this (family + solve result exist) -- skipping regeneration/re-solve
  [19:09:48] mode=constrained-shuffle
    already have this (family + solve result exist) -- skipping regeneration/re-solve
[19:09:48] DONE R03229
[19:09:48] START R03289
  [19:09:48] mode=swap
    already have this (family + solve result exist) -- skipping regeneration/re-solve
  [19:09:48] mode=group-reshuffle
    already have this (family + solve result exist) -- skipping regeneration/re-solve
  [19:09:48] mode=constrained-shuffle
    already have this (family + solve result exist) -- skipping regeneration/re-solve
[19:09:48] DONE R03289
[19:09:48] START R03349
  [19:09:48] mode=symmetry
    already have this (family + solve result exist) -- skipping regeneration/re-solve
  [19:09:48] mode=local-mutant
    already have this (family + solve result exist) -- skipping regeneration/re-solve
  [19:09:48] mode=swap
    already have this (family + solve result exist) -- skipping regeneration/re-solve
  [19:09:48] mode=group-reshuffle
    already have this (family + solve result exist) -- skipping regeneration/re-solve
  [19:09:48] mode=constrained-shuffle
    already have this (family + solve result exist) -- skipping regeneration/re-solve
[19:09:48] DONE R03349
[19:09:48] SHARD END
