[09:45:38] SHARD START 33 level(s)
[09:45:38] START P00003
  [09:45:38] mode=symmetry
    symmetry: solved=7/7
  [09:45:48] mode=local-mutant
    local-mutant: solved=10/10
  [09:45:59] mode=swap
    swap: solved=0/0
  [09:45:59] mode=group-reshuffle
    group-reshuffle: solved=10/10
  [09:46:10] mode=constrained-shuffle
    constrained-shuffle: solved=10/10
[09:46:20] DONE P00003
[09:46:20] START P00063
  [09:46:20] mode=symmetry
    symmetry: solved=7/7
  [09:46:27] mode=local-mutant
    local-mutant: solved=10/10
  [09:46:41] mode=swap
    swap: solved=10/10
  [09:46:53] mode=group-reshuffle
    group-reshuffle: solved=10/10
  [09:47:00] mode=constrained-shuffle
    constrained-shuffle: solved=10/10
[09:47:09] DONE P00063
[09:47:09] START P00123
  [09:47:09] mode=symmetry
    symmetry: solved=7/7
  [09:47:18] mode=local-mutant
    local-mutant: solved=10/10
  [09:47:30] mode=swap
    swap: solved=0/0
  [09:47:31] mode=group-reshuffle
    group-reshuffle: solved=10/10
  [09:47:43] mode=constrained-shuffle
    constrained-shuffle: solved=10/10
[09:47:55] DONE P00123
[09:47:55] START S00140
  [09:47:55] mode=symmetry
    symmetry: solved=7/7
  [09:48:02] mode=local-mutant
    local-mutant: solved=10/10
  [09:48:13] mode=swap
    swap: solved=0/0
  [09:48:13] mode=group-reshuffle
    group-reshuffle: solved=10/10
  [09:48:25] mode=constrained-shuffle
    constrained-shuffle: solved=10/10
[09:48:36] DONE S00140
[09:48:36] START R01626
  [09:48:36] mode=symmetry
    symmetry: solved=7/7
  [09:48:56] mode=local-mutant
    local-mutant: solved=10/10
  [09:49:22] mode=swap
    swap: solved=0/0
  [09:49:23] mode=group-reshuffle
    group-reshuffle: solved=10/10
  [09:49:55] mode=constrained-shuffle
    constrained-shuffle: solved=10/10
[09:50:26] DONE R01626
[09:50:26] START R00320
  [09:50:26] mode=swap
    swap: solved=0/10
  [09:54:07] mode=group-reshuffle
    group-reshuffle: solved=1/10
  [09:58:02] mode=constrained-shuffle
    constrained-shuffle: solved=1/10
[10:01:54] DONE R00320
[10:01:54] START R00647
  [10:01:54] mode=swap
    swap: solved=0/10
  [10:06:04] mode=group-reshuffle
    group-reshuffle: solved=0/10
  [10:10:21] mode=constrained-shuffle
    constrained-shuffle: solved=0/10
[10:14:33] DONE R00647
[10:14:33] START R01011
  [10:14:33] mode=swap
    swap: solved=1/10
  [10:15:45] mode=group-reshuffle
    group-reshuffle: solved=1/10
  [10:16:53] mode=constrained-shuffle
    constrained-shuffle: solved=0/10
[10:18:12] DONE R01011
[10:18:12] START R01356
  [10:18:12] mode=symmetry
    symmetry: solved=0/7
  [10:21:55] mode=local-mutant
    local-mutant: solved=0/10
  [10:27:02] mode=swap
    swap: solved=0/10
  [10:32:15] mode=group-reshuffle
    group-reshuffle: solved=2/10
  [10:36:17] mode=constrained-shuffle
    constrained-shuffle: solved=1/10
[10:41:04] DONE R01356
[10:41:04] START R01698
  [10:41:04] mode=swap
    swap: solved=1/6
  [10:43:14] mode=group-reshuffle
    group-reshuffle: solved=2/10
  [10:46:25] mode=constrained-shuffle
    constrained-shuffle: solved=5/10
[10:48:59] DONE R01698
[10:48:59] START R02010
  [10:48:59] mode=symmetry
    symmetry: solved=2/7
  [10:51:02] mode=local-mutant
    local-mutant: solved=5/10
  [10:53:38] mode=swap
    swap: solved=8/10
  [10:55:46] mode=group-reshuffle
    group-reshuffle: solved=3/10
  [10:58:48] mode=constrained-shuffle
    constrained-shuffle: solved=7/10
[11:00:30] DONE R02010
[11:00:30] START R02070
  [11:00:30] mode=symmetry
    symmetry: solved=7/7
  [11:00:46] mode=local-mutant
    local-mutant: solved=10/10
  [11:01:09] mode=swap
    swap: solved=10/10
  [11:01:40] mode=group-reshuffle
    group-reshuffle: solved=8/10
  [11:02:19] mode=constrained-shuffle
    constrained-shuffle: solved=4/10
[11:03:37] DONE R02070
[11:03:37] START R02130
  [11:03:37] mode=symmetry
    symmetry: solved=0/7
  [11:05:59] mode=local-mutant
    local-mutant: solved=0/10
  [11:09:17] mode=swap
    swap: solved=0/10
  [11:12:38] mode=group-reshuffle
    group-reshuffle: solved=1/10
  [11:15:50] mode=constrained-shuffle
    constrained-shuffle: solved=8/10
[11:17:45] DONE R02130
[11:17:45] START R02190
  [11:17:45] mode=symmetry
    symmetry: solved=7/7
  [11:17:52] mode=local-mutant
    local-mutant: solved=9/10
  [11:18:14] mode=swap
    swap: solved=10/10
  [11:18:23] mode=group-reshuffle
    group-reshuffle: solved=10/10
  [11:18:39] mode=constrained-shuffle
    constrained-shuffle: solved=10/10
[11:18:56] DONE R02190
[11:18:56] START R02250
  [11:18:56] mode=symmetry
    symmetry: solved=7/7
  [11:19:09] mode=local-mutant
    local-mutant: solved=8/10
  [11:19:43] mode=swap
    swap: solved=9/10
  [11:20:13] mode=group-reshuffle
    group-reshuffle: solved=5/10
  [11:21:13] mode=constrained-shuffle
    constrained-shuffle: solved=4/10
[11:22:22] DONE R02250
[11:22:22] START R02310
  [11:22:22] mode=swap
    swap: solved=1/10
  [11:23:52] mode=group-reshuffle
    group-reshuffle: solved=3/10
  [11:25:01] mode=constrained-shuffle
    constrained-shuffle: solved=2/10
[11:26:21] DONE R02310
[11:26:21] START R02370
  [11:26:21] mode=symmetry
    symmetry: solved=3/7
  [11:26:58] mode=local-mutant
    local-mutant: solved=9/10
  [11:27:50] mode=swap
    swap: solved=10/10
  [11:28:37] mode=group-reshuffle
    group-reshuffle: solved=7/10
  [11:29:31] mode=constrained-shuffle
    constrained-shuffle: solved=1/10
[11:30:32] DONE R02370
[11:30:32] START R02430
  [11:30:32] mode=symmetry
    symmetry: solved=7/7
  [11:30:45] mode=local-mutant
    local-mutant: solved=10/10
  [11:31:02] mode=swap
    swap: solved=10/10
  [11:31:17] mode=group-reshuffle
    group-reshuffle: solved=10/10
  [11:31:36] mode=constrained-shuffle
    constrained-shuffle: solved=10/10
[11:32:01] DONE R02430
[11:32:01] START R02490
  [11:32:01] mode=swap
    swap: solved=0/10
  [11:34:12] mode=group-reshuffle
    group-reshuffle: solved=1/10
  [11:36:07] mode=constrained-shuffle
    constrained-shuffle: solved=4/10
[11:37:58] DONE R02490
[11:37:58] START R02550
  [11:37:58] mode=swap
    swap: solved=0/10
  [11:39:14] mode=group-reshuffle
    group-reshuffle: solved=1/10
  [11:40:30] mode=constrained-shuffle
    constrained-shuffle: solved=2/10
[11:41:38] DONE R02550
[11:41:38] START R02610
  [11:41:38] mode=swap
    swap: solved=2/10
  [11:43:09] mode=group-reshuffle
    group-reshuffle: solved=1/10
  [11:44:59] mode=constrained-shuffle
    constrained-shuffle: solved=4/10
[11:46:22] DONE R02610
[11:46:22] START R02670
  [11:46:22] mode=swap
    swap: solved=0/10
  [11:47:45] mode=group-reshuffle
    group-reshuffle: solved=3/10
  [11:49:08] mode=constrained-shuffle
    constrained-shuffle: solved=2/10
[11:50:23] DONE R02670
[11:50:23] START R02730
  [11:50:23] mode=swap
    swap: solved=0/10
  [11:53:51] mode=group-reshuffle
    group-reshuffle: solved=1/10
  [11:57:21] mode=constrained-shuffle
    constrained-shuffle: solved=2/10
[12:00:32] DONE R02730
[12:00:32] START R02790
  [12:00:32] mode=swap
    swap: solved=0/10
  [12:01:39] mode=group-reshuffle
    group-reshuffle: solved=3/10
  [12:02:34] mode=constrained-shuffle
    constrained-shuffle: solved=1/10
[12:03:47] DONE R02790
[12:03:47] START R02850
  [12:03:47] mode=swap
    swap: solved=0/10
  [12:04:51] mode=group-reshuffle
    group-reshuffle: solved=1/10
  [12:05:58] mode=constrained-shuffle
    constrained-shuffle: solved=0/10
[12:07:03] DONE R02850
[12:07:03] START R02910
  [12:07:03] mode=swap
    swap: solved=0/10
  [12:10:02] mode=group-reshuffle
    group-reshuffle: solved=0/10
  [12:13:02] mode=constrained-shuffle
    constrained-shuffle: solved=1/10
[12:15:46] DONE R02910
[12:15:46] START R02970
  [12:15:46] mode=swap
    swap: solved=0/10
  [12:17:16] mode=group-reshuffle
    group-reshuffle: solved=0/10
  [12:18:45] mode=constrained-shuffle
    constrained-shuffle: solved=0/10
[12:20:20] DONE R02970
[12:20:20] START R03030
  [12:20:20] mode=swap
    swap: solved=1/10
  [12:24:18] mode=group-reshuffle
    group-reshuffle: solved=0/10
  [12:28:18] mode=constrained-shuffle
    constrained-shuffle: solved=1/10
[12:32:05] DONE R03030
[12:32:05] START R03090
  [12:32:05] mode=symmetry
    symmetry: solved=7/7
  [12:32:13] mode=local-mutant
    local-mutant: solved=10/10
  [12:32:23] mode=swap
    swap: solved=10/10
  [12:32:33] mode=group-reshuffle
    group-reshuffle: solved=10/10
  [12:32:43] mode=constrained-shuffle
    constrained-shuffle: solved=9/10
[12:33:04] DONE R03090
[12:33:04] START R03150
  [12:33:04] mode=symmetry
    symmetry: solved=7/7
  [12:33:17] mode=local-mutant
    local-mutant: solved=10/10
  [12:33:35] mode=swap
    swap: solved=10/10
  [12:33:52] mode=group-reshuffle
    group-reshuffle: solved=6/10
  [12:34:41] mode=constrained-shuffle
    constrained-shuffle: solved=8/10
[12:35:14] DONE R03150
[12:35:14] START R03210
  [12:35:14] mode=symmetry
    symmetry: solved=7/7
  [12:35:27] mode=local-mutant
    local-mutant: solved=10/10
  [12:35:44] mode=swap
    swap: solved=10/10
  [12:36:02] mode=group-reshuffle
    group-reshuffle: solved=10/10
  [12:36:19] mode=constrained-shuffle
    constrained-shuffle: solved=10/10
[12:36:35] DONE R03210
[12:36:35] START R03270
  [12:36:35] mode=swap
    swap: solved=0/10
  [12:38:46] mode=group-reshuffle
    group-reshuffle: solved=0/10
  [12:41:01] mode=constrained-shuffle
    constrained-shuffle: solved=1/10
[12:43:13] DONE R03270
[12:43:13] START R03330
  [12:43:13] mode=swap
    swap: solved=0/10
  [12:44:45] mode=group-reshuffle
    group-reshuffle: solved=0/10
  [12:46:17] mode=constrained-shuffle
    constrained-shuffle: solved=0/10
[12:47:47] DONE R03330
[12:47:47] SHARD END
