[05:30:00] SHARD START 32 level(s)
[05:30:00] START P00048
  [05:30:00] mode=symmetry
    symmetry: solved=7/7
  [05:30:04] mode=local-mutant
    local-mutant: solved=10/10
  [05:30:10] mode=swap
    swap: solved=0/0
  [05:30:11] mode=group-reshuffle
    group-reshuffle: solved=10/10
  [05:30:17] mode=constrained-shuffle
    constrained-shuffle: solved=10/10
[05:30:25] DONE P00048
[05:30:25] START P00108
  [05:30:25] mode=symmetry
    symmetry: solved=7/7
  [05:30:31] mode=local-mutant
    local-mutant: solved=10/10
  [05:30:41] mode=swap
    swap: solved=10/10
  [05:30:49] mode=group-reshuffle
    group-reshuffle: solved=10/10
  [05:31:01] mode=constrained-shuffle
    constrained-shuffle: solved=10/10
[05:31:11] DONE P00108
[05:31:11] START S00064
  [05:31:11] mode=symmetry
    symmetry: solved=7/7
  [05:31:16] mode=local-mutant
    local-mutant: solved=10/10
  [05:31:23] mode=swap
    swap: solved=0/0
  [05:31:23] mode=group-reshuffle
    group-reshuffle: solved=10/10
  [05:31:31] mode=constrained-shuffle
    constrained-shuffle: solved=10/10
[05:31:38] DONE S00064
[05:31:38] START R01219
  [05:31:38] mode=symmetry
    symmetry: solved=7/7
  [05:31:53] mode=local-mutant
    local-mutant: solved=9/10
  [05:32:25] mode=swap
    swap: solved=9/10
  [05:32:58] mode=group-reshuffle
    group-reshuffle: solved=5/10
  [05:34:21] mode=constrained-shuffle
    constrained-shuffle: solved=5/10
[05:35:34] DONE R01219
[05:35:34] START R00209
  [05:35:34] mode=swap
    swap: solved=0/10
  [05:38:10] mode=group-reshuffle
    group-reshuffle: solved=1/10
  [05:40:50] mode=constrained-shuffle
    constrained-shuffle: solved=4/10
[05:43:14] DONE R00209
[05:43:14] START R00561
  [05:43:14] mode=swap
    swap: solved=0/10
  [05:45:06] mode=group-reshuffle
    group-reshuffle: solved=2/10
  [05:46:56] mode=constrained-shuffle
    constrained-shuffle: solved=0/10
[05:48:52] DONE R00561
[05:48:52] START R00934
  [05:48:52] mode=symmetry
    symmetry: solved=7/7
  [05:50:13] mode=local-mutant
    local-mutant: solved=10/10
  [05:52:09] mode=swap
    swap: solved=9/10
  [05:54:19] mode=group-reshuffle
    group-reshuffle: solved=5/10
  [05:57:18] mode=constrained-shuffle
    constrained-shuffle: solved=5/10
[06:00:06] DONE R00934
[06:00:06] START R01254
  [06:00:06] mode=swap
    swap: solved=0/10
  [06:04:57] mode=group-reshuffle
    group-reshuffle: solved=0/10
  [06:09:45] mode=constrained-shuffle
    constrained-shuffle: solved=0/10
[06:14:37] DONE R01254
[06:14:37] START R01613
  [06:14:37] mode=swap
    swap: solved=0/10
  [06:16:06] mode=group-reshuffle
    group-reshuffle: solved=0/10
  [06:17:38] mode=constrained-shuffle
    constrained-shuffle: solved=0/10
[06:19:11] DONE R01613
[06:19:11] START R01969
  [06:19:11] mode=symmetry
    symmetry: solved=5/7
  [06:19:52] mode=local-mutant
    local-mutant: solved=5/10
  [06:21:03] mode=swap
    swap: solved=5/10
  [06:22:18] mode=group-reshuffle
    group-reshuffle: solved=5/10
  [06:23:28] mode=constrained-shuffle
    constrained-shuffle: solved=7/10
[06:24:22] DONE R01969
[06:24:22] START R02055
  [06:24:22] mode=symmetry
    symmetry: solved=7/7
  [06:26:11] mode=local-mutant
    local-mutant: solved=10/10
  [06:28:44] mode=swap
    swap: solved=9/10
  [06:31:29] mode=group-reshuffle
    group-reshuffle: solved=2/10
  [06:35:37] mode=constrained-shuffle
    constrained-shuffle: solved=4/10
[06:38:58] DONE R02055
[06:38:58] START R02115
  [06:38:58] mode=symmetry
    symmetry: solved=7/7
  [06:39:17] mode=local-mutant
    local-mutant: solved=10/10
  [06:39:39] mode=swap
    swap: solved=10/10
  [06:40:01] mode=group-reshuffle
    group-reshuffle: solved=10/10
  [06:40:21] mode=constrained-shuffle
    constrained-shuffle: solved=10/10
[06:40:47] DONE R02115
[06:40:47] START R02175
  [06:40:47] mode=symmetry
    symmetry: solved=7/7
  [06:41:08] mode=local-mutant
    local-mutant: solved=8/10
  [06:41:51] mode=swap
    swap: solved=8/10
  [06:42:40] mode=group-reshuffle
    group-reshuffle: solved=10/10
  [06:43:05] mode=constrained-shuffle
    constrained-shuffle: solved=2/10
[06:44:25] DONE R02175
[06:44:25] START R02235
  [06:44:25] mode=swap
    swap: solved=0/10
  [06:46:56] mode=group-reshuffle
    group-reshuffle: solved=0/10
  [06:49:30] mode=constrained-shuffle
    constrained-shuffle: solved=0/10
[06:52:01] DONE R02235
[06:52:01] START R02295
  [06:52:01] mode=swap
    swap: solved=0/10
  [06:55:41] mode=group-reshuffle
    group-reshuffle: solved=0/10
  [06:59:20] mode=constrained-shuffle
    constrained-shuffle: solved=0/10
[07:03:03] DONE R02295
[07:03:03] START R02355
  [07:03:03] mode=symmetry
    symmetry: solved=7/7
  [07:03:21] mode=local-mutant
    local-mutant: solved=10/10
  [07:03:50] mode=swap
    swap: solved=10/10
  [07:04:15] mode=group-reshuffle
    group-reshuffle: solved=10/10
  [07:04:47] mode=constrained-shuffle
    constrained-shuffle: solved=9/10
[07:05:37] DONE R02355
[07:05:37] START R02415
  [07:05:37] mode=symmetry
    symmetry: solved=7/7
  [07:05:58] mode=local-mutant
    local-mutant: solved=10/10
  [07:06:26] mode=swap
    swap: solved=10/10
  [07:07:09] mode=group-reshuffle
    group-reshuffle: solved=10/10
  [07:07:40] mode=constrained-shuffle
    constrained-shuffle: solved=10/10
[07:08:33] DONE R02415
[07:08:33] START R02475
  [07:08:33] mode=symmetry
    symmetry: solved=0/7
  [07:09:24] mode=local-mutant
    local-mutant: solved=0/10
  [07:10:38] mode=swap
    swap: solved=0/10
  [07:11:52] mode=group-reshuffle
    group-reshuffle: solved=1/10
  [07:13:03] mode=constrained-shuffle
    constrained-shuffle: solved=2/10
[07:14:13] DONE R02475
[07:14:13] START R02535
  [07:14:13] mode=swap
    swap: solved=0/10
  [07:17:46] mode=group-reshuffle
    group-reshuffle: solved=1/10
  [07:21:15] mode=constrained-shuffle
    constrained-shuffle: solved=2/10
[07:24:18] DONE R02535
[07:24:18] START R02595
  [07:24:18] mode=symmetry
    symmetry: solved=7/7
  [07:24:56] mode=local-mutant
    local-mutant: solved=10/10
  [07:25:41] mode=swap
    swap: solved=9/10
  [07:26:44] mode=group-reshuffle
    group-reshuffle: solved=8/10
  [07:27:44] mode=constrained-shuffle
    constrained-shuffle: solved=10/10
[07:28:13] DONE R02595
[07:28:13] START R02655
  [07:28:13] mode=symmetry
    symmetry: solved=1/7
  [07:29:57] mode=local-mutant
    local-mutant: solved=3/10
  [07:32:07] mode=swap
    swap: solved=7/10
  [07:33:31] mode=group-reshuffle
    group-reshuffle: solved=3/10
  [07:36:06] mode=constrained-shuffle
    constrained-shuffle: solved=1/10
[07:38:41] DONE R02655
[07:38:41] START R02715
  [07:38:41] mode=symmetry
    symmetry: solved=7/7
  [07:40:23] mode=local-mutant
    local-mutant: solved=10/10
  [07:42:48] mode=swap
    swap: solved=10/10
  [07:45:11] mode=group-reshuffle
    group-reshuffle: solved=6/10
  [07:48:06] mode=constrained-shuffle
    constrained-shuffle: solved=4/10
[07:51:52] DONE R02715
[07:51:52] START R02775
  [07:51:52] mode=symmetry
    symmetry: solved=7/7
  [07:52:04] mode=local-mutant
    local-mutant: solved=10/10
  [07:52:20] mode=swap
    swap: solved=10/10
  [07:52:34] mode=group-reshuffle
    group-reshuffle: solved=10/10
  [07:52:50] mode=constrained-shuffle
    constrained-shuffle: solved=10/10
[07:53:04] DONE R02775
[07:53:04] START R02835
  [07:53:04] mode=swap
    swap: solved=0/10
  [07:56:25] mode=group-reshuffle
    group-reshuffle: solved=0/10
  [07:59:46] mode=constrained-shuffle
    constrained-shuffle: solved=0/10
[08:03:08] DONE R02835
[08:03:08] START R02895
  [08:03:08] mode=symmetry
    symmetry: solved=7/7
  [08:03:32] mode=local-mutant
    local-mutant: solved=7/10
  [08:04:02] mode=swap
    swap: solved=10/10
  [08:04:39] mode=group-reshuffle
    group-reshuffle: solved=7/10
  [08:05:14] mode=constrained-shuffle
    constrained-shuffle: solved=8/10
[08:05:48] DONE R02895
[08:05:48] START R02955
  [08:05:48] mode=symmetry
    symmetry: solved=7/7
  [08:06:01] mode=local-mutant
    local-mutant: solved=9/10
  [08:06:36] mode=swap
    swap: solved=6/10
  [08:07:23] mode=group-reshuffle
    group-reshuffle: solved=8/10
  [08:07:55] mode=constrained-shuffle
    constrained-shuffle: solved=9/10
[08:08:36] DONE R02955
[08:08:36] START R03015
  [08:08:36] mode=symmetry
    symmetry: solved=7/7
  [08:08:49] mode=local-mutant
    local-mutant: solved=10/10
  [08:09:07] mode=swap
    swap: solved=10/10
  [08:09:26] mode=group-reshuffle
    group-reshuffle: solved=7/10
  [08:10:16] mode=constrained-shuffle
    constrained-shuffle: solved=9/10
[08:10:53] DONE R03015
[08:10:53] START R03075
  [08:10:53] mode=symmetry
    symmetry: solved=7/7
  [08:11:06] mode=local-mutant
    local-mutant: solved=10/10
  [08:11:32] mode=swap
    swap: solved=10/10
  [08:11:53] mode=group-reshuffle
    group-reshuffle: solved=10/10
  [08:12:14] mode=constrained-shuffle
    constrained-shuffle: solved=8/10
[08:12:45] DONE R03075
[08:12:45] START R03135
  [08:12:45] mode=symmetry
    symmetry: solved=7/7
  [08:13:06] mode=local-mutant
    local-mutant: solved=9/10
  [08:13:31] mode=swap
    swap: solved=10/10
  [08:14:01] mode=group-reshuffle
    group-reshuffle: solved=9/10
  [08:14:17] mode=constrained-shuffle
    constrained-shuffle: solved=8/10
[08:14:37] DONE R03135
[08:14:37] START R03195
  [08:14:37] mode=swap
    swap: solved=0/10
  [08:18:19] mode=group-reshuffle
    group-reshuffle: solved=0/10
  [08:21:57] mode=constrained-shuffle
    constrained-shuffle: solved=0/10
[08:25:45] DONE R03195
[08:25:45] START R03255
  [08:25:45] mode=symmetry
    symmetry: solved=7/7
  [08:25:59] mode=local-mutant
    local-mutant: solved=10/10
  [08:26:16] mode=swap
    swap: solved=10/10
  [08:26:35] mode=group-reshuffle
    group-reshuffle: solved=10/10
  [08:26:51] mode=constrained-shuffle
    constrained-shuffle: solved=10/10
[08:27:04] DONE R03255
[08:27:04] START R03315
  [08:27:04] mode=swap
    swap: solved=0/10
  [08:28:07] mode=group-reshuffle
    group-reshuffle: solved=0/10
  [08:29:11] mode=constrained-shuffle
    constrained-shuffle: solved=0/10
[08:30:13] DONE R03315
[08:30:13] SHARD END
[19:12:01] SHARD START 32 level(s)
[19:12:01] START P00048
  [19:12:01] mode=symmetry
    already have this (family + solve result exist) -- skipping regeneration/re-solve
  [19:12:01] mode=local-mutant
    already have this (family + solve result exist) -- skipping regeneration/re-solve
  [19:12:01] mode=swap
    already have this (family + solve result exist) -- skipping regeneration/re-solve
  [19:12:01] mode=group-reshuffle
    already have this (family + solve result exist) -- skipping regeneration/re-solve
  [19:12:01] mode=constrained-shuffle
    already have this (family + solve result exist) -- skipping regeneration/re-solve
[19:12:01] DONE P00048
[19:12:01] START P00108
  [19:12:01] mode=symmetry
    already have this (family + solve result exist) -- skipping regeneration/re-solve
  [19:12:01] mode=local-mutant
    already have this (family + solve result exist) -- skipping regeneration/re-solve
  [19:12:01] mode=swap
    already have this (family + solve result exist) -- skipping regeneration/re-solve
  [19:12:01] mode=group-reshuffle
    already have this (family + solve result exist) -- skipping regeneration/re-solve
  [19:12:01] mode=constrained-shuffle
    already have this (family + solve result exist) -- skipping regeneration/re-solve
[19:12:01] DONE P00108
[19:12:01] START S00064
  [19:12:01] mode=symmetry
    already have this (family + solve result exist) -- skipping regeneration/re-solve
  [19:12:01] mode=local-mutant
    already have this (family + solve result exist) -- skipping regeneration/re-solve
  [19:12:01] mode=swap
    already have this (family + solve result exist) -- skipping regeneration/re-solve
  [19:12:01] mode=group-reshuffle
    already have this (family + solve result exist) -- skipping regeneration/re-solve
  [19:12:01] mode=constrained-shuffle
    already have this (family + solve result exist) -- skipping regeneration/re-solve
[19:12:01] DONE S00064
[19:12:01] START R01219
  [19:12:01] mode=symmetry
    already have this (family + solve result exist) -- skipping regeneration/re-solve
  [19:12:01] mode=local-mutant
    already have this (family + solve result exist) -- skipping regeneration/re-solve
  [19:12:01] mode=swap
    already have this (family + solve result exist) -- skipping regeneration/re-solve
  [19:12:01] mode=group-reshuffle
    already have this (family + solve result exist) -- skipping regeneration/re-solve
  [19:12:01] mode=constrained-shuffle
    already have this (family + solve result exist) -- skipping regeneration/re-solve
[19:12:01] DONE R01219
[19:12:01] START R00209
  [19:12:01] mode=swap
    already have this (family + solve result exist) -- skipping regeneration/re-solve
  [19:12:01] mode=group-reshuffle
    already have this (family + solve result exist) -- skipping regeneration/re-solve
  [19:12:01] mode=constrained-shuffle
    already have this (family + solve result exist) -- skipping regeneration/re-solve
[19:12:01] DONE R00209
[19:12:01] START R00561
  [19:12:01] mode=swap
    already have this (family + solve result exist) -- skipping regeneration/re-solve
  [19:12:01] mode=group-reshuffle
    already have this (family + solve result exist) -- skipping regeneration/re-solve
  [19:12:01] mode=constrained-shuffle
    already have this (family + solve result exist) -- skipping regeneration/re-solve
[19:12:01] DONE R00561
[19:12:01] START R00934
  [19:12:01] mode=symmetry
    already have this (family + solve result exist) -- skipping regeneration/re-solve
  [19:12:01] mode=local-mutant
    already have this (family + solve result exist) -- skipping regeneration/re-solve
  [19:12:01] mode=swap
    already have this (family + solve result exist) -- skipping regeneration/re-solve
  [19:12:01] mode=group-reshuffle
    already have this (family + solve result exist) -- skipping regeneration/re-solve
  [19:12:01] mode=constrained-shuffle
    already have this (family + solve result exist) -- skipping regeneration/re-solve
[19:12:01] DONE R00934
[19:12:01] START R01254
  [19:12:01] mode=swap
    already have this (family + solve result exist) -- skipping regeneration/re-solve
  [19:12:01] mode=group-reshuffle
    already have this (family + solve result exist) -- skipping regeneration/re-solve
  [19:12:01] mode=constrained-shuffle
    already have this (family + solve result exist) -- skipping regeneration/re-solve
[19:12:01] DONE R01254
[19:12:01] START R01613
  [19:12:01] mode=swap
    already have this (family + solve result exist) -- skipping regeneration/re-solve
  [19:12:01] mode=group-reshuffle
    already have this (family + solve result exist) -- skipping regeneration/re-solve
  [19:12:01] mode=constrained-shuffle
    already have this (family + solve result exist) -- skipping regeneration/re-solve
[19:12:01] DONE R01613
[19:12:01] START R01969
  [19:12:01] mode=symmetry
    already have this (family + solve result exist) -- skipping regeneration/re-solve
  [19:12:01] mode=local-mutant
    already have this (family + solve result exist) -- skipping regeneration/re-solve
  [19:12:01] mode=swap
    already have this (family + solve result exist) -- skipping regeneration/re-solve
  [19:12:01] mode=group-reshuffle
    already have this (family + solve result exist) -- skipping regeneration/re-solve
  [19:12:01] mode=constrained-shuffle
    already have this (family + solve result exist) -- skipping regeneration/re-solve
[19:12:01] DONE R01969
[19:12:01] START R02055
  [19:12:01] mode=symmetry
    already have this (family + solve result exist) -- skipping regeneration/re-solve
  [19:12:01] mode=local-mutant
    already have this (family + solve result exist) -- skipping regeneration/re-solve
  [19:12:01] mode=swap
    already have this (family + solve result exist) -- skipping regeneration/re-solve
  [19:12:01] mode=group-reshuffle
    already have this (family + solve result exist) -- skipping regeneration/re-solve
  [19:12:01] mode=constrained-shuffle
    already have this (family + solve result exist) -- skipping regeneration/re-solve
[19:12:01] DONE R02055
[19:12:01] START R02115
  [19:12:01] mode=symmetry
    already have this (family + solve result exist) -- skipping regeneration/re-solve
  [19:12:01] mode=local-mutant
    already have this (family + solve result exist) -- skipping regeneration/re-solve
  [19:12:01] mode=swap
    already have this (family + solve result exist) -- skipping regeneration/re-solve
  [19:12:01] mode=group-reshuffle
    already have this (family + solve result exist) -- skipping regeneration/re-solve
  [19:12:01] mode=constrained-shuffle
    already have this (family + solve result exist) -- skipping regeneration/re-solve
[19:12:01] DONE R02115
[19:12:01] START R02175
  [19:12:01] mode=symmetry
    already have this (family + solve result exist) -- skipping regeneration/re-solve
  [19:12:01] mode=local-mutant
    already have this (family + solve result exist) -- skipping regeneration/re-solve
  [19:12:01] mode=swap
    already have this (family + solve result exist) -- skipping regeneration/re-solve
  [19:12:01] mode=group-reshuffle
    already have this (family + solve result exist) -- skipping regeneration/re-solve
  [19:12:01] mode=constrained-shuffle
    already have this (family + solve result exist) -- skipping regeneration/re-solve
[19:12:01] DONE R02175
[19:12:01] START R02235
  [19:12:01] mode=swap
    already have this (family + solve result exist) -- skipping regeneration/re-solve
  [19:12:01] mode=group-reshuffle
    already have this (family + solve result exist) -- skipping regeneration/re-solve
  [19:12:01] mode=constrained-shuffle
    already have this (family + solve result exist) -- skipping regeneration/re-solve
[19:12:01] DONE R02235
[19:12:01] START R02295
  [19:12:01] mode=swap
    already have this (family + solve result exist) -- skipping regeneration/re-solve
  [19:12:01] mode=group-reshuffle
    already have this (family + solve result exist) -- skipping regeneration/re-solve
  [19:12:01] mode=constrained-shuffle
    already have this (family + solve result exist) -- skipping regeneration/re-solve
[19:12:01] DONE R02295
[19:12:01] START R02355
  [19:12:01] mode=symmetry
    already have this (family + solve result exist) -- skipping regeneration/re-solve
  [19:12:01] mode=local-mutant
    already have this (family + solve result exist) -- skipping regeneration/re-solve
  [19:12:01] mode=swap
    already have this (family + solve result exist) -- skipping regeneration/re-solve
  [19:12:01] mode=group-reshuffle
    already have this (family + solve result exist) -- skipping regeneration/re-solve
  [19:12:01] mode=constrained-shuffle
    already have this (family + solve result exist) -- skipping regeneration/re-solve
[19:12:01] DONE R02355
[19:12:01] START R02415
  [19:12:01] mode=symmetry
    already have this (family + solve result exist) -- skipping regeneration/re-solve
  [19:12:01] mode=local-mutant
    already have this (family + solve result exist) -- skipping regeneration/re-solve
  [19:12:01] mode=swap
    already have this (family + solve result exist) -- skipping regeneration/re-solve
  [19:12:01] mode=group-reshuffle
    already have this (family + solve result exist) -- skipping regeneration/re-solve
  [19:12:01] mode=constrained-shuffle
    already have this (family + solve result exist) -- skipping regeneration/re-solve
[19:12:01] DONE R02415
[19:12:01] START R02475
  [19:12:01] mode=symmetry
    already have this (family + solve result exist) -- skipping regeneration/re-solve
  [19:12:01] mode=local-mutant
    already have this (family + solve result exist) -- skipping regeneration/re-solve
  [19:12:01] mode=swap
    already have this (family + solve result exist) -- skipping regeneration/re-solve
  [19:12:01] mode=group-reshuffle
    already have this (family + solve result exist) -- skipping regeneration/re-solve
  [19:12:01] mode=constrained-shuffle
    already have this (family + solve result exist) -- skipping regeneration/re-solve
[19:12:01] DONE R02475
[19:12:01] START R02535
  [19:12:01] mode=swap
    already have this (family + solve result exist) -- skipping regeneration/re-solve
  [19:12:01] mode=group-reshuffle
    already have this (family + solve result exist) -- skipping regeneration/re-solve
  [19:12:01] mode=constrained-shuffle
    already have this (family + solve result exist) -- skipping regeneration/re-solve
[19:12:01] DONE R02535
[19:12:01] START R02595
  [19:12:01] mode=symmetry
    already have this (family + solve result exist) -- skipping regeneration/re-solve
  [19:12:01] mode=local-mutant
    already have this (family + solve result exist) -- skipping regeneration/re-solve
  [19:12:01] mode=swap
    already have this (family + solve result exist) -- skipping regeneration/re-solve
  [19:12:01] mode=group-reshuffle
    already have this (family + solve result exist) -- skipping regeneration/re-solve
  [19:12:01] mode=constrained-shuffle
    already have this (family + solve result exist) -- skipping regeneration/re-solve
[19:12:01] DONE R02595
[19:12:01] START R02655
  [19:12:01] mode=symmetry
    already have this (family + solve result exist) -- skipping regeneration/re-solve
  [19:12:01] mode=local-mutant
    already have this (family + solve result exist) -- skipping regeneration/re-solve
  [19:12:01] mode=swap
    already have this (family + solve result exist) -- skipping regeneration/re-solve
  [19:12:01] mode=group-reshuffle
    already have this (family + solve result exist) -- skipping regeneration/re-solve
  [19:12:01] mode=constrained-shuffle
    already have this (family + solve result exist) -- skipping regeneration/re-solve
[19:12:01] DONE R02655
[19:12:01] START R02715
  [19:12:01] mode=symmetry
    already have this (family + solve result exist) -- skipping regeneration/re-solve
  [19:12:01] mode=local-mutant
    already have this (family + solve result exist) -- skipping regeneration/re-solve
  [19:12:01] mode=swap
    already have this (family + solve result exist) -- skipping regeneration/re-solve
  [19:12:01] mode=group-reshuffle
    already have this (family + solve result exist) -- skipping regeneration/re-solve
  [19:12:01] mode=constrained-shuffle
    already have this (family + solve result exist) -- skipping regeneration/re-solve
[19:12:01] DONE R02715
[19:12:01] START R02775
  [19:12:01] mode=symmetry
    already have this (family + solve result exist) -- skipping regeneration/re-solve
  [19:12:01] mode=local-mutant
    already have this (family + solve result exist) -- skipping regeneration/re-solve
  [19:12:01] mode=swap
    already have this (family + solve result exist) -- skipping regeneration/re-solve
  [19:12:01] mode=group-reshuffle
    already have this (family + solve result exist) -- skipping regeneration/re-solve
  [19:12:01] mode=constrained-shuffle
    already have this (family + solve result exist) -- skipping regeneration/re-solve
[19:12:01] DONE R02775
[19:12:01] START R02835
  [19:12:01] mode=swap
    already have this (family + solve result exist) -- skipping regeneration/re-solve
  [19:12:01] mode=group-reshuffle
    already have this (family + solve result exist) -- skipping regeneration/re-solve
  [19:12:01] mode=constrained-shuffle
    already have this (family + solve result exist) -- skipping regeneration/re-solve
[19:12:01] DONE R02835
[19:12:01] START R02895
  [19:12:01] mode=symmetry
    already have this (family + solve result exist) -- skipping regeneration/re-solve
  [19:12:01] mode=local-mutant
    already have this (family + solve result exist) -- skipping regeneration/re-solve
  [19:12:01] mode=swap
    already have this (family + solve result exist) -- skipping regeneration/re-solve
  [19:12:01] mode=group-reshuffle
    already have this (family + solve result exist) -- skipping regeneration/re-solve
  [19:12:01] mode=constrained-shuffle
    already have this (family + solve result exist) -- skipping regeneration/re-solve
[19:12:01] DONE R02895
[19:12:01] START R02955
  [19:12:01] mode=symmetry
    already have this (family + solve result exist) -- skipping regeneration/re-solve
  [19:12:01] mode=local-mutant
    already have this (family + solve result exist) -- skipping regeneration/re-solve
  [19:12:01] mode=swap
    already have this (family + solve result exist) -- skipping regeneration/re-solve
  [19:12:01] mode=group-reshuffle
    already have this (family + solve result exist) -- skipping regeneration/re-solve
  [19:12:01] mode=constrained-shuffle
    already have this (family + solve result exist) -- skipping regeneration/re-solve
[19:12:01] DONE R02955
[19:12:01] START R03015
  [19:12:01] mode=symmetry
    already have this (family + solve result exist) -- skipping regeneration/re-solve
  [19:12:01] mode=local-mutant
    already have this (family + solve result exist) -- skipping regeneration/re-solve
  [19:12:01] mode=swap
    already have this (family + solve result exist) -- skipping regeneration/re-solve
  [19:12:01] mode=group-reshuffle
    already have this (family + solve result exist) -- skipping regeneration/re-solve
  [19:12:01] mode=constrained-shuffle
    already have this (family + solve result exist) -- skipping regeneration/re-solve
[19:12:01] DONE R03015
[19:12:01] START R03075
  [19:12:01] mode=symmetry
    already have this (family + solve result exist) -- skipping regeneration/re-solve
  [19:12:01] mode=local-mutant
    already have this (family + solve result exist) -- skipping regeneration/re-solve
  [19:12:01] mode=swap
    already have this (family + solve result exist) -- skipping regeneration/re-solve
  [19:12:01] mode=group-reshuffle
    already have this (family + solve result exist) -- skipping regeneration/re-solve
  [19:12:01] mode=constrained-shuffle
    already have this (family + solve result exist) -- skipping regeneration/re-solve
[19:12:01] DONE R03075
[19:12:01] START R03135
  [19:12:01] mode=symmetry
    already have this (family + solve result exist) -- skipping regeneration/re-solve
  [19:12:01] mode=local-mutant
    already have this (family + solve result exist) -- skipping regeneration/re-solve
  [19:12:01] mode=swap
    already have this (family + solve result exist) -- skipping regeneration/re-solve
  [19:12:01] mode=group-reshuffle
    already have this (family + solve result exist) -- skipping regeneration/re-solve
  [19:12:01] mode=constrained-shuffle
    already have this (family + solve result exist) -- skipping regeneration/re-solve
[19:12:01] DONE R03135
[19:12:01] START R03195
  [19:12:01] mode=swap
    already have this (family + solve result exist) -- skipping regeneration/re-solve
  [19:12:01] mode=group-reshuffle
    already have this (family + solve result exist) -- skipping regeneration/re-solve
  [19:12:01] mode=constrained-shuffle
    already have this (family + solve result exist) -- skipping regeneration/re-solve
[19:12:01] DONE R03195
[19:12:01] START R03255
  [19:12:01] mode=symmetry
    already have this (family + solve result exist) -- skipping regeneration/re-solve
  [19:12:01] mode=local-mutant
    already have this (family + solve result exist) -- skipping regeneration/re-solve
  [19:12:01] mode=swap
    already have this (family + solve result exist) -- skipping regeneration/re-solve
  [19:12:01] mode=group-reshuffle
    already have this (family + solve result exist) -- skipping regeneration/re-solve
  [19:12:01] mode=constrained-shuffle
    already have this (family + solve result exist) -- skipping regeneration/re-solve
[19:12:01] DONE R03255
[19:12:01] START R03315
  [19:12:01] mode=swap
    already have this (family + solve result exist) -- skipping regeneration/re-solve
  [19:12:01] mode=group-reshuffle
    already have this (family + solve result exist) -- skipping regeneration/re-solve
  [19:12:01] mode=constrained-shuffle
    already have this (family + solve result exist) -- skipping regeneration/re-solve
[19:12:01] DONE R03315
[19:12:01] SHARD END
