[10:15:57] SHARD START 32 level(s)
[10:15:57] START P00057
  [10:15:57] mode=symmetry
    symmetry: solved=7/7
  [10:16:02] mode=local-mutant
    local-mutant: solved=10/10
  [10:16:09] mode=swap
    swap: solved=10/10
  [10:16:16] mode=group-reshuffle
    group-reshuffle: solved=10/10
  [10:16:21] mode=constrained-shuffle
    constrained-shuffle: solved=10/10
[10:16:28] DONE P00057
[10:16:28] START P00117
  [10:16:28] mode=symmetry
    symmetry: solved=7/7
  [10:16:34] mode=local-mutant
    local-mutant: solved=10/10
  [10:16:44] mode=swap
    swap: solved=10/10
  [10:16:54] mode=group-reshuffle
    group-reshuffle: solved=10/10
  [10:17:05] mode=constrained-shuffle
    constrained-shuffle: solved=10/10
[10:17:15] DONE P00117
[10:17:15] START S00109
  [10:17:15] mode=symmetry
    symmetry: solved=7/7
  [10:17:19] mode=local-mutant
    local-mutant: solved=10/10
  [10:17:24] mode=swap
    swap: solved=1/1
  [10:17:25] mode=group-reshuffle
    group-reshuffle: solved=10/10
  [10:17:32] mode=constrained-shuffle
    constrained-shuffle: solved=10/10
[10:17:41] DONE S00109
[10:17:41] START R01478
  [10:17:41] mode=symmetry
    symmetry: solved=5/7
  [10:18:50] mode=local-mutant
    local-mutant: solved=9/10
  [10:20:21] mode=swap
    swap: solved=8/10
  [10:21:21] mode=group-reshuffle
    group-reshuffle: solved=6/10
  [10:23:11] mode=constrained-shuffle
    constrained-shuffle: solved=2/10
[10:26:14] DONE R01478
[10:26:14] START R00285
  [10:26:14] mode=swap
    swap: solved=0/10
  [10:27:27] mode=group-reshuffle
    group-reshuffle: solved=1/10
  [10:28:54] mode=constrained-shuffle
    constrained-shuffle: solved=1/10
[10:30:12] DONE R00285
[10:30:12] START R00623
  [10:30:12] mode=swap
    swap: solved=0/10
  [10:32:21] mode=group-reshuffle
    group-reshuffle: solved=0/10
  [10:34:26] mode=constrained-shuffle
    constrained-shuffle: solved=0/10
[10:36:35] DONE R00623
[10:36:35] START R00988
  [10:36:35] mode=symmetry
    symmetry: solved=7/7
  [10:37:16] mode=local-mutant
    local-mutant: solved=9/10
  [10:37:49] mode=swap
    swap: solved=10/10
  [10:38:24] mode=group-reshuffle
    group-reshuffle: solved=7/10
  [10:38:55] mode=constrained-shuffle
    constrained-shuffle: solved=3/10
[10:39:54] DONE R00988
[10:39:54] START R01325
  [10:39:54] mode=swap
    swap: solved=3/10
  [10:40:53] mode=group-reshuffle
    group-reshuffle: solved=3/10
  [10:41:55] mode=constrained-shuffle
    constrained-shuffle: solved=3/10
[10:42:57] DONE R01325
[10:42:57] START R01672
  [10:42:57] mode=swap
    swap: solved=0/10
  [10:44:11] mode=group-reshuffle
    group-reshuffle: solved=2/10
  [10:45:26] mode=constrained-shuffle
    constrained-shuffle: solved=1/10
[10:46:45] DONE R01672
[10:46:45] START R02004
  [10:46:45] mode=symmetry
    symmetry: solved=7/7
  [10:47:27] mode=local-mutant
    local-mutant: solved=6/10
  [10:49:02] mode=swap
    swap: solved=9/10
  [10:50:38] mode=group-reshuffle
    group-reshuffle: solved=6/10
  [10:51:42] mode=constrained-shuffle
    constrained-shuffle: solved=7/10
[10:52:22] DONE R02004
[10:52:22] START R02064
  [10:52:22] mode=swap
    swap: solved=0/10
  [10:53:28] mode=group-reshuffle
    group-reshuffle: solved=0/10
  [10:54:32] mode=constrained-shuffle
    constrained-shuffle: solved=1/10
[10:55:48] DONE R02064
[10:55:48] START R02124
  [10:55:48] mode=symmetry
    symmetry: solved=7/7
  [10:55:57] mode=local-mutant
    local-mutant: solved=10/10
  [10:56:07] mode=swap
    swap: solved=10/10
  [10:56:17] mode=group-reshuffle
    group-reshuffle: solved=0/0
  [10:56:18] mode=constrained-shuffle
    constrained-shuffle: solved=9/10
[10:56:50] DONE R02124
[10:56:50] START R02184
  [10:56:50] mode=swap
    swap: solved=0/10
  [11:00:34] mode=group-reshuffle
    group-reshuffle: solved=0/10
  [11:04:26] mode=constrained-shuffle
    constrained-shuffle: solved=0/10
[11:08:05] DONE R02184
[11:08:05] START R02244
  [11:08:05] mode=swap
    swap: solved=1/10
  [11:09:21] mode=group-reshuffle
    group-reshuffle: solved=0/10
  [11:10:39] mode=constrained-shuffle
    constrained-shuffle: solved=1/10
[11:12:03] DONE R02244
[11:12:03] START R02304
  [11:12:03] mode=swap
    swap: solved=3/10
  [11:13:11] mode=group-reshuffle
    group-reshuffle: solved=4/10
  [11:14:28] mode=constrained-shuffle
    constrained-shuffle: solved=9/10
[11:15:08] DONE R02304
[11:15:08] START R02364
  [11:15:08] mode=symmetry
    symmetry: solved=7/7
  [11:15:30] mode=local-mutant
    local-mutant: solved=10/10
  [11:16:02] mode=swap
    swap: solved=10/10
  [11:16:30] mode=group-reshuffle
    group-reshuffle: solved=10/10
  [11:16:55] mode=constrained-shuffle
    constrained-shuffle: solved=10/10
[11:17:17] DONE R02364
[11:17:17] START R02424
  [11:17:17] mode=swap
    swap: solved=4/10
  [11:19:09] mode=group-reshuffle
    group-reshuffle: solved=8/10
  [11:20:31] mode=constrained-shuffle
    constrained-shuffle: solved=9/10
[11:21:26] DONE R02424
[11:21:26] START R02484
  [11:21:26] mode=symmetry
    symmetry: solved=5/7
  [11:22:16] mode=local-mutant
    local-mutant: solved=6/10
  [11:23:22] mode=swap
    swap: solved=10/10
  [11:24:25] mode=group-reshuffle
    group-reshuffle: solved=4/10
  [11:25:41] mode=constrained-shuffle
    constrained-shuffle: solved=4/10
[11:26:50] DONE R02484
[11:26:50] START R02544
  [11:26:50] mode=symmetry
    symmetry: solved=7/7
  [11:27:07] mode=local-mutant
    local-mutant: solved=10/10
  [11:27:26] mode=swap
    swap: solved=10/10
  [11:28:01] mode=group-reshuffle
    group-reshuffle: solved=9/10
  [11:28:33] mode=constrained-shuffle
    constrained-shuffle: solved=10/10
[11:28:49] DONE R02544
[11:28:49] START R02604
  [11:28:49] mode=symmetry
    symmetry: solved=7/7
  [11:29:11] mode=local-mutant
    local-mutant: solved=10/10
  [11:29:48] mode=swap
    swap: solved=10/10
  [11:30:29] mode=group-reshuffle
    group-reshuffle: solved=10/10
  [11:31:05] mode=constrained-shuffle
    constrained-shuffle: solved=10/10
[11:31:35] DONE R02604
[11:31:35] START R02664
  [11:31:35] mode=swap
    swap: solved=0/10
  [11:33:03] mode=group-reshuffle
    group-reshuffle: solved=0/10
  [11:34:32] mode=constrained-shuffle
    constrained-shuffle: solved=1/10
[11:36:02] DONE R02664
[11:36:02] START R02724
  [11:36:02] mode=swap
    swap: solved=4/10
  [11:37:30] mode=group-reshuffle
    group-reshuffle: solved=2/10
  [11:39:00] mode=constrained-shuffle
    constrained-shuffle: solved=6/10
[11:40:10] DONE R02724
[11:40:10] START R02784
  [11:40:10] mode=symmetry
    symmetry: solved=7/7
  [11:40:20] mode=local-mutant
    local-mutant: solved=10/10
  [11:40:33] mode=swap
    swap: solved=10/10
  [11:40:47] mode=group-reshuffle
    group-reshuffle: solved=10/10
  [11:40:59] mode=constrained-shuffle
    constrained-shuffle: solved=9/10
[11:41:20] DONE R02784
[11:41:20] START R02844
  [11:41:20] mode=swap
    swap: solved=0/10
  [11:45:17] mode=group-reshuffle
    group-reshuffle: solved=0/10
  [11:48:57] mode=constrained-shuffle
    constrained-shuffle: solved=0/10
[11:52:41] DONE R02844
[11:52:41] START R02904
  [11:52:41] mode=swap
    swap: solved=0/10
  [11:56:20] mode=group-reshuffle
    group-reshuffle: solved=0/10
  [12:00:03] mode=constrained-shuffle
    constrained-shuffle: solved=0/10
[12:03:41] DONE R02904
[12:03:41] START R02964
  [12:03:41] mode=symmetry
    symmetry: solved=7/7
  [12:03:54] mode=local-mutant
    local-mutant: solved=10/10
  [12:04:11] mode=swap
    swap: solved=10/10
  [12:04:30] mode=group-reshuffle
    group-reshuffle: solved=10/10
  [12:04:45] mode=constrained-shuffle
    constrained-shuffle: solved=10/10
[12:05:03] DONE R02964
[12:05:03] START R03024
  [12:05:03] mode=swap
    swap: solved=2/10
  [12:07:30] mode=group-reshuffle
    group-reshuffle: solved=0/10
  [12:10:12] mode=constrained-shuffle
    constrained-shuffle: solved=3/10
[12:12:39] DONE R03024
[12:12:39] START R03084
  [12:12:39] mode=swap
    swap: solved=1/10
  [12:14:27] mode=group-reshuffle
    group-reshuffle: solved=0/10
  [12:16:15] mode=constrained-shuffle
    constrained-shuffle: solved=1/10
[12:18:07] DONE R03084
[12:18:07] START R03144
  [12:18:07] mode=symmetry
    symmetry: solved=7/7
  [12:18:15] mode=local-mutant
    local-mutant: solved=10/10
  [12:18:26] mode=swap
    swap: solved=10/10
  [12:18:37] mode=group-reshuffle
    group-reshuffle: solved=10/10
  [12:18:46] mode=constrained-shuffle
    constrained-shuffle: solved=10/10
[12:18:57] DONE R03144
[12:18:57] START R03204
  [12:18:57] mode=symmetry
    symmetry: solved=0/7
  [12:19:48] mode=local-mutant
    local-mutant: solved=2/10
  [12:20:48] mode=swap
    swap: solved=4/10
  [12:21:35] mode=group-reshuffle
    group-reshuffle: solved=4/10
  [12:22:29] mode=constrained-shuffle
    constrained-shuffle: solved=0/10
[12:23:41] DONE R03204
[12:23:41] START R03264
  [12:23:41] mode=swap
    swap: solved=3/10
  [12:24:56] mode=group-reshuffle
    group-reshuffle: solved=3/10
  [12:26:31] mode=constrained-shuffle
    constrained-shuffle: solved=2/10
[12:27:53] DONE R03264
[12:27:53] START R03324
  [12:27:53] mode=swap
    swap: solved=0/10
  [12:30:59] mode=group-reshuffle
    group-reshuffle: solved=2/10
  [12:33:43] mode=constrained-shuffle
    constrained-shuffle: solved=0/10
[12:36:39] DONE R03324
[12:36:39] SHARD END
