[08:21:28] SHARD START 33 level(s)
[08:21:28] START P00029
  [08:21:28] mode=symmetry
    symmetry: solved=7/7
  [08:21:32] mode=local-mutant
    local-mutant: solved=10/10
  [08:21:36] mode=swap
    swap: solved=0/0
  [08:21:37] mode=group-reshuffle
    group-reshuffle: solved=10/10
  [08:21:41] mode=constrained-shuffle
    constrained-shuffle: solved=10/10
[08:21:44] DONE P00029
[08:21:44] START P00089
  [08:21:44] mode=symmetry
    symmetry: solved=7/7
  [08:21:51] mode=local-mutant
    local-mutant: solved=10/10
  [08:21:58] mode=swap
    swap: solved=3/3
  [08:22:01] mode=group-reshuffle
    group-reshuffle: solved=10/10
  [08:22:10] mode=constrained-shuffle
    constrained-shuffle: solved=10/10
[08:22:16] DONE P00089
[08:22:16] START P00149
  [08:22:16] mode=symmetry
    symmetry: solved=3/3
  [08:22:17] mode=local-mutant
    local-mutant: solved=2/2
  [08:22:19] mode=swap
    swap: solved=0/0
  [08:22:19] mode=group-reshuffle
    group-reshuffle: solved=2/2
  [08:22:21] mode=constrained-shuffle
    constrained-shuffle: solved=2/2
[08:22:22] DONE P00149
[08:22:22] START R00716
  [08:22:22] mode=symmetry
    symmetry: solved=2/7
  [08:24:29] mode=local-mutant
    local-mutant: solved=7/10
  [08:26:01] mode=swap
    swap: solved=8/10
  [08:27:17] mode=group-reshuffle
    group-reshuffle: solved=5/10
  [08:29:33] mode=constrained-shuffle
    constrained-shuffle: solved=6/10
[08:33:14] DONE R00716
[08:33:14] START R00073
  [08:33:14] mode=swap
    swap: solved=0/10
  [08:37:10] mode=group-reshuffle
    group-reshuffle: solved=0/10
  [08:41:03] mode=constrained-shuffle
    constrained-shuffle: solved=0/10
[08:45:00] DONE R00073
[08:45:00] START R00481
  [08:45:00] mode=symmetry
    symmetry: solved=7/7
  [08:46:22] mode=local-mutant
    local-mutant: solved=10/10
  [08:48:12] mode=swap
    swap: solved=10/10
  [08:50:13] mode=group-reshuffle
    group-reshuffle: solved=10/10
  [08:50:57] mode=constrained-shuffle
    constrained-shuffle: solved=10/10
[08:51:51] DONE R00481
[08:51:51] START R00813
  [08:51:51] mode=swap
    swap: solved=0/10
  [08:52:44] mode=group-reshuffle
    group-reshuffle: solved=2/10
  [08:53:33] mode=constrained-shuffle
    constrained-shuffle: solved=3/10
[08:54:19] DONE R00813
[08:54:19] START R01142
  [08:54:19] mode=swap
    swap: solved=0/10
  [08:57:06] mode=group-reshuffle
    group-reshuffle: solved=0/10
  [08:59:53] mode=constrained-shuffle
    constrained-shuffle: solved=0/10
[09:02:48] DONE R01142
[09:02:48] START R01504
  [09:02:48] mode=swap
    swap: solved=0/10
  [09:03:30] mode=group-reshuffle
    group-reshuffle: solved=3/10
  [09:04:10] mode=constrained-shuffle
    constrained-shuffle: solved=2/10
[09:04:47] DONE R01504
[09:04:47] START R01856
  [09:04:47] mode=symmetry
    symmetry: solved=7/7
  [09:05:59] mode=local-mutant
    local-mutant: solved=10/10
  [09:07:27] mode=swap
    swap: solved=10/10
  [09:09:11] mode=group-reshuffle
    group-reshuffle: solved=10/10
  [09:10:13] mode=constrained-shuffle
    constrained-shuffle: solved=9/10
[09:11:10] DONE R01856
[09:11:10] START R02036
  [09:11:10] mode=swap
    swap: solved=1/10
  [09:13:58] mode=group-reshuffle
    group-reshuffle: solved=1/10
  [09:16:37] mode=constrained-shuffle
    constrained-shuffle: solved=2/10
[09:19:13] DONE R02036
[09:19:13] START R02096
  [09:19:13] mode=symmetry
    symmetry: solved=7/7
  [09:20:21] mode=local-mutant
    local-mutant: solved=8/10
  [09:22:03] mode=swap
    swap: solved=9/10
  [09:23:44] mode=group-reshuffle
    group-reshuffle: solved=10/10
  [09:25:02] mode=constrained-shuffle
    constrained-shuffle: solved=8/10
[09:27:01] DONE R02096
[09:27:01] START R02156
  [09:27:01] mode=symmetry
    symmetry: solved=7/7
  [09:27:12] mode=local-mutant
    local-mutant: solved=10/10
  [09:27:31] mode=swap
    swap: solved=10/10
  [09:27:44] mode=group-reshuffle
    group-reshuffle: solved=10/10
  [09:27:56] mode=constrained-shuffle
    constrained-shuffle: solved=10/10
[09:28:07] DONE R02156
[09:28:07] START R02216
  [09:28:07] mode=symmetry
    symmetry: solved=7/7
  [09:28:34] mode=local-mutant
    local-mutant: solved=8/10
  [09:29:38] mode=swap
    swap: solved=8/10
  [09:30:49] mode=group-reshuffle
    group-reshuffle: solved=6/10
  [09:31:52] mode=constrained-shuffle
    constrained-shuffle: solved=8/10
[09:32:40] DONE R02216
[09:32:40] START R02276
  [09:32:40] mode=swap
    swap: solved=0/10
  [09:35:10] mode=group-reshuffle
    group-reshuffle: solved=0/10
  [09:37:35] mode=constrained-shuffle
    constrained-shuffle: solved=1/10
[09:40:00] DONE R02276
[09:40:00] START R02336
  [09:40:00] mode=swap
    swap: solved=0/10
  [09:44:40] mode=group-reshuffle
    group-reshuffle: solved=0/10
  [09:49:18] mode=constrained-shuffle
    constrained-shuffle: solved=0/10
[09:54:06] DONE R02336
[09:54:06] START R02396
  [09:54:06] mode=symmetry
    symmetry: solved=7/7
  [09:54:15] mode=local-mutant
    local-mutant: solved=10/10
  [09:54:28] mode=swap
    swap: solved=10/10
  [09:54:39] mode=group-reshuffle
    group-reshuffle: solved=10/10
  [09:54:51] mode=constrained-shuffle
    constrained-shuffle: solved=10/10
[09:55:03] DONE R02396
[09:55:03] START R02456
  [09:55:03] mode=swap
    swap: solved=1/10
  [09:58:33] mode=group-reshuffle
    group-reshuffle: solved=0/10
  [10:02:10] mode=constrained-shuffle
    constrained-shuffle: solved=3/10
[10:04:58] DONE R02456
[10:04:58] START R02516
  [10:04:58] mode=swap
    swap: solved=0/10
  [10:07:03] mode=group-reshuffle
    group-reshuffle: solved=1/10
  [10:09:07] mode=constrained-shuffle
    constrained-shuffle: solved=2/10
[10:10:59] DONE R02516
[10:10:59] START R02576
  [10:10:59] mode=swap
    swap: solved=2/10
  [10:12:05] mode=group-reshuffle
    group-reshuffle: solved=3/10
  [10:13:07] mode=constrained-shuffle
    constrained-shuffle: solved=0/10
[10:14:20] DONE R02576
[10:14:20] START R02636
  [10:14:20] mode=symmetry
    symmetry: solved=7/7
  [10:14:52] mode=local-mutant
    local-mutant: solved=10/10
  [10:15:30] mode=swap
    swap: solved=10/10
  [10:16:11] mode=group-reshuffle
    group-reshuffle: solved=10/10
  [10:16:40] mode=constrained-shuffle
    constrained-shuffle: solved=10/10
[10:17:23] DONE R02636
[10:17:23] START R02696
  [10:17:23] mode=swap
    swap: solved=0/10
  [10:19:20] mode=group-reshuffle
    group-reshuffle: solved=0/10
  [10:21:09] mode=constrained-shuffle
    constrained-shuffle: solved=1/10
[10:22:55] DONE R02696
[10:22:55] START R02756
  [10:22:55] mode=swap
    swap: solved=0/10
  [10:24:24] mode=group-reshuffle
    group-reshuffle: solved=0/10
  [10:25:54] mode=constrained-shuffle
    constrained-shuffle: solved=0/10
[10:27:21] DONE R02756
[10:27:21] START R02816
  [10:27:21] mode=swap
    swap: solved=4/10
  [10:28:19] mode=group-reshuffle
    group-reshuffle: solved=0/10
  [10:29:28] mode=constrained-shuffle
    constrained-shuffle: solved=4/10
[10:30:30] DONE R02816
[10:30:30] START R02876
  [10:30:30] mode=swap
    swap: solved=2/10
  [10:32:08] mode=group-reshuffle
    group-reshuffle: solved=8/10
  [10:32:46] mode=constrained-shuffle
    constrained-shuffle: solved=9/10
[10:33:20] DONE R02876
[10:33:20] START R02936
  [10:33:20] mode=swap
    swap: solved=0/10
  [10:36:49] mode=group-reshuffle
    group-reshuffle: solved=1/10
  [10:40:13] mode=constrained-shuffle
    constrained-shuffle: solved=0/10
[10:43:39] DONE R02936
[10:43:39] START R02996
  [10:43:39] mode=swap
    swap: solved=0/10
  [10:47:51] mode=group-reshuffle
    group-reshuffle: solved=0/10
  [10:52:10] mode=constrained-shuffle
    constrained-shuffle: solved=0/10
[10:56:25] DONE R02996
[10:56:25] START R03056
  [10:56:25] mode=swap
    swap: solved=0/10
  [10:57:50] mode=group-reshuffle
    group-reshuffle: solved=0/10
  [10:59:17] mode=constrained-shuffle
    constrained-shuffle: solved=0/10
[11:00:39] DONE R03056
[11:00:39] START R03116
  [11:00:39] mode=swap
    swap: solved=3/10
  [11:04:01] mode=group-reshuffle
    group-reshuffle: solved=5/10
  [11:06:43] mode=constrained-shuffle
    constrained-shuffle: solved=7/10
[11:09:00] DONE R03116
[11:09:00] START R03176
  [11:09:00] mode=symmetry
    symmetry: solved=7/7
  [11:09:14] mode=local-mutant
    local-mutant: solved=10/10
  [11:09:31] mode=swap
    swap: solved=10/10
  [11:09:52] mode=group-reshuffle
    group-reshuffle: solved=10/10
  [11:10:12] mode=constrained-shuffle
    constrained-shuffle: solved=10/10
[11:10:29] DONE R03176
[11:10:29] START R03236
  [11:10:29] mode=swap
    swap: solved=1/10
  [11:11:45] mode=group-reshuffle
    group-reshuffle: solved=4/10
  [11:12:39] mode=constrained-shuffle
    constrained-shuffle: solved=7/10
[11:13:22] DONE R03236
[11:13:22] START R03296
  [11:13:22] mode=swap
    swap: solved=0/10
  [11:16:38] mode=group-reshuffle
    group-reshuffle: solved=0/10
  [11:19:48] mode=constrained-shuffle
    constrained-shuffle: solved=0/10
[11:23:03] DONE R03296
[11:23:03] START R03356
  [11:23:03] mode=swap
    swap: solved=2/10
  [11:25:12] mode=group-reshuffle
    group-reshuffle: solved=0/10
  [11:27:40] mode=constrained-shuffle
    constrained-shuffle: solved=1/10
[11:30:03] DONE R03356
[11:30:03] SHARD END
[19:09:43] SHARD START 33 level(s)
[19:09:43] START P00029
  [19:09:43] mode=symmetry
    already have this (family + solve result exist) -- skipping regeneration/re-solve
  [19:09:43] mode=local-mutant
    already have this (family + solve result exist) -- skipping regeneration/re-solve
  [19:09:43] mode=swap
    already have this (family + solve result exist) -- skipping regeneration/re-solve
  [19:09:43] mode=group-reshuffle
    already have this (family + solve result exist) -- skipping regeneration/re-solve
  [19:09:43] mode=constrained-shuffle
    already have this (family + solve result exist) -- skipping regeneration/re-solve
[19:09:43] DONE P00029
[19:09:43] START P00089
  [19:09:43] mode=symmetry
    already have this (family + solve result exist) -- skipping regeneration/re-solve
  [19:09:43] mode=local-mutant
    already have this (family + solve result exist) -- skipping regeneration/re-solve
  [19:09:43] mode=swap
    already have this (family + solve result exist) -- skipping regeneration/re-solve
  [19:09:43] mode=group-reshuffle
    already have this (family + solve result exist) -- skipping regeneration/re-solve
  [19:09:43] mode=constrained-shuffle
    already have this (family + solve result exist) -- skipping regeneration/re-solve
[19:09:43] DONE P00089
[19:09:43] START P00149
  [19:09:43] mode=symmetry
    already have this (family + solve result exist) -- skipping regeneration/re-solve
  [19:09:43] mode=local-mutant
    already have this (family + solve result exist) -- skipping regeneration/re-solve
  [19:09:43] mode=swap
    already have this (family + solve result exist) -- skipping regeneration/re-solve
  [19:09:43] mode=group-reshuffle
    already have this (family + solve result exist) -- skipping regeneration/re-solve
  [19:09:43] mode=constrained-shuffle
    already have this (family + solve result exist) -- skipping regeneration/re-solve
[19:09:43] DONE P00149
[19:09:43] START R00716
  [19:09:43] mode=symmetry
    already have this (family + solve result exist) -- skipping regeneration/re-solve
  [19:09:43] mode=local-mutant
    already have this (family + solve result exist) -- skipping regeneration/re-solve
  [19:09:43] mode=swap
    already have this (family + solve result exist) -- skipping regeneration/re-solve
  [19:09:43] mode=group-reshuffle
    already have this (family + solve result exist) -- skipping regeneration/re-solve
  [19:09:43] mode=constrained-shuffle
    already have this (family + solve result exist) -- skipping regeneration/re-solve
[19:09:43] DONE R00716
[19:09:43] START R00073
  [19:09:43] mode=swap
    already have this (family + solve result exist) -- skipping regeneration/re-solve
  [19:09:43] mode=group-reshuffle
    already have this (family + solve result exist) -- skipping regeneration/re-solve
  [19:09:43] mode=constrained-shuffle
    already have this (family + solve result exist) -- skipping regeneration/re-solve
[19:09:43] DONE R00073
[19:09:43] START R00481
  [19:09:43] mode=symmetry
    already have this (family + solve result exist) -- skipping regeneration/re-solve
  [19:09:43] mode=local-mutant
    already have this (family + solve result exist) -- skipping regeneration/re-solve
  [19:09:43] mode=swap
    already have this (family + solve result exist) -- skipping regeneration/re-solve
  [19:09:43] mode=group-reshuffle
    already have this (family + solve result exist) -- skipping regeneration/re-solve
  [19:09:43] mode=constrained-shuffle
    already have this (family + solve result exist) -- skipping regeneration/re-solve
[19:09:43] DONE R00481
[19:09:43] START R00813
  [19:09:43] mode=swap
    already have this (family + solve result exist) -- skipping regeneration/re-solve
  [19:09:43] mode=group-reshuffle
    already have this (family + solve result exist) -- skipping regeneration/re-solve
  [19:09:43] mode=constrained-shuffle
    already have this (family + solve result exist) -- skipping regeneration/re-solve
[19:09:43] DONE R00813
[19:09:43] START R01142
  [19:09:43] mode=swap
    already have this (family + solve result exist) -- skipping regeneration/re-solve
  [19:09:43] mode=group-reshuffle
    already have this (family + solve result exist) -- skipping regeneration/re-solve
  [19:09:43] mode=constrained-shuffle
    already have this (family + solve result exist) -- skipping regeneration/re-solve
[19:09:43] DONE R01142
[19:09:43] START R01504
  [19:09:43] mode=swap
    already have this (family + solve result exist) -- skipping regeneration/re-solve
  [19:09:43] mode=group-reshuffle
    already have this (family + solve result exist) -- skipping regeneration/re-solve
  [19:09:43] mode=constrained-shuffle
    already have this (family + solve result exist) -- skipping regeneration/re-solve
[19:09:43] DONE R01504
[19:09:43] START R01856
  [19:09:43] mode=symmetry
    already have this (family + solve result exist) -- skipping regeneration/re-solve
  [19:09:43] mode=local-mutant
    already have this (family + solve result exist) -- skipping regeneration/re-solve
  [19:09:43] mode=swap
    already have this (family + solve result exist) -- skipping regeneration/re-solve
  [19:09:43] mode=group-reshuffle
    already have this (family + solve result exist) -- skipping regeneration/re-solve
  [19:09:43] mode=constrained-shuffle
    already have this (family + solve result exist) -- skipping regeneration/re-solve
[19:09:43] DONE R01856
[19:09:43] START R02036
  [19:09:43] mode=swap
    already have this (family + solve result exist) -- skipping regeneration/re-solve
  [19:09:43] mode=group-reshuffle
    already have this (family + solve result exist) -- skipping regeneration/re-solve
  [19:09:43] mode=constrained-shuffle
    already have this (family + solve result exist) -- skipping regeneration/re-solve
[19:09:43] DONE R02036
[19:09:43] START R02096
  [19:09:43] mode=symmetry
    already have this (family + solve result exist) -- skipping regeneration/re-solve
  [19:09:43] mode=local-mutant
    already have this (family + solve result exist) -- skipping regeneration/re-solve
  [19:09:43] mode=swap
    already have this (family + solve result exist) -- skipping regeneration/re-solve
  [19:09:43] mode=group-reshuffle
    already have this (family + solve result exist) -- skipping regeneration/re-solve
  [19:09:43] mode=constrained-shuffle
    already have this (family + solve result exist) -- skipping regeneration/re-solve
[19:09:43] DONE R02096
[19:09:43] START R02156
  [19:09:43] mode=symmetry
    already have this (family + solve result exist) -- skipping regeneration/re-solve
  [19:09:43] mode=local-mutant
    already have this (family + solve result exist) -- skipping regeneration/re-solve
  [19:09:43] mode=swap
    already have this (family + solve result exist) -- skipping regeneration/re-solve
  [19:09:43] mode=group-reshuffle
    already have this (family + solve result exist) -- skipping regeneration/re-solve
  [19:09:43] mode=constrained-shuffle
    already have this (family + solve result exist) -- skipping regeneration/re-solve
[19:09:43] DONE R02156
[19:09:43] START R02216
  [19:09:43] mode=symmetry
    already have this (family + solve result exist) -- skipping regeneration/re-solve
  [19:09:43] mode=local-mutant
    already have this (family + solve result exist) -- skipping regeneration/re-solve
  [19:09:43] mode=swap
    already have this (family + solve result exist) -- skipping regeneration/re-solve
  [19:09:43] mode=group-reshuffle
    already have this (family + solve result exist) -- skipping regeneration/re-solve
  [19:09:43] mode=constrained-shuffle
    already have this (family + solve result exist) -- skipping regeneration/re-solve
[19:09:43] DONE R02216
[19:09:43] START R02276
  [19:09:43] mode=swap
    already have this (family + solve result exist) -- skipping regeneration/re-solve
  [19:09:43] mode=group-reshuffle
    already have this (family + solve result exist) -- skipping regeneration/re-solve
  [19:09:43] mode=constrained-shuffle
    already have this (family + solve result exist) -- skipping regeneration/re-solve
[19:09:43] DONE R02276
[19:09:43] START R02336
  [19:09:43] mode=swap
    already have this (family + solve result exist) -- skipping regeneration/re-solve
  [19:09:43] mode=group-reshuffle
    already have this (family + solve result exist) -- skipping regeneration/re-solve
  [19:09:43] mode=constrained-shuffle
    already have this (family + solve result exist) -- skipping regeneration/re-solve
[19:09:43] DONE R02336
[19:09:43] START R02396
  [19:09:43] mode=symmetry
    already have this (family + solve result exist) -- skipping regeneration/re-solve
  [19:09:43] mode=local-mutant
    already have this (family + solve result exist) -- skipping regeneration/re-solve
  [19:09:43] mode=swap
    already have this (family + solve result exist) -- skipping regeneration/re-solve
  [19:09:43] mode=group-reshuffle
    already have this (family + solve result exist) -- skipping regeneration/re-solve
  [19:09:43] mode=constrained-shuffle
    already have this (family + solve result exist) -- skipping regeneration/re-solve
[19:09:43] DONE R02396
[19:09:43] START R02456
  [19:09:43] mode=swap
    already have this (family + solve result exist) -- skipping regeneration/re-solve
  [19:09:43] mode=group-reshuffle
    already have this (family + solve result exist) -- skipping regeneration/re-solve
  [19:09:43] mode=constrained-shuffle
    already have this (family + solve result exist) -- skipping regeneration/re-solve
[19:09:43] DONE R02456
[19:09:43] START R02516
  [19:09:43] mode=swap
    already have this (family + solve result exist) -- skipping regeneration/re-solve
  [19:09:43] mode=group-reshuffle
    already have this (family + solve result exist) -- skipping regeneration/re-solve
  [19:09:43] mode=constrained-shuffle
    already have this (family + solve result exist) -- skipping regeneration/re-solve
[19:09:43] DONE R02516
[19:09:43] START R02576
  [19:09:43] mode=swap
    already have this (family + solve result exist) -- skipping regeneration/re-solve
  [19:09:43] mode=group-reshuffle
    already have this (family + solve result exist) -- skipping regeneration/re-solve
  [19:09:43] mode=constrained-shuffle
    already have this (family + solve result exist) -- skipping regeneration/re-solve
[19:09:43] DONE R02576
[19:09:43] START R02636
  [19:09:43] mode=symmetry
    already have this (family + solve result exist) -- skipping regeneration/re-solve
  [19:09:43] mode=local-mutant
    already have this (family + solve result exist) -- skipping regeneration/re-solve
  [19:09:43] mode=swap
    already have this (family + solve result exist) -- skipping regeneration/re-solve
  [19:09:43] mode=group-reshuffle
    already have this (family + solve result exist) -- skipping regeneration/re-solve
  [19:09:43] mode=constrained-shuffle
    already have this (family + solve result exist) -- skipping regeneration/re-solve
[19:09:43] DONE R02636
[19:09:43] START R02696
  [19:09:43] mode=swap
    already have this (family + solve result exist) -- skipping regeneration/re-solve
  [19:09:43] mode=group-reshuffle
    already have this (family + solve result exist) -- skipping regeneration/re-solve
  [19:09:43] mode=constrained-shuffle
    already have this (family + solve result exist) -- skipping regeneration/re-solve
[19:09:43] DONE R02696
[19:09:43] START R02756
  [19:09:43] mode=swap
    already have this (family + solve result exist) -- skipping regeneration/re-solve
  [19:09:43] mode=group-reshuffle
    already have this (family + solve result exist) -- skipping regeneration/re-solve
  [19:09:43] mode=constrained-shuffle
    already have this (family + solve result exist) -- skipping regeneration/re-solve
[19:09:43] DONE R02756
[19:09:43] START R02816
  [19:09:43] mode=swap
    already have this (family + solve result exist) -- skipping regeneration/re-solve
  [19:09:43] mode=group-reshuffle
    already have this (family + solve result exist) -- skipping regeneration/re-solve
  [19:09:43] mode=constrained-shuffle
    already have this (family + solve result exist) -- skipping regeneration/re-solve
[19:09:43] DONE R02816
[19:09:43] START R02876
  [19:09:43] mode=swap
    already have this (family + solve result exist) -- skipping regeneration/re-solve
  [19:09:43] mode=group-reshuffle
    already have this (family + solve result exist) -- skipping regeneration/re-solve
  [19:09:43] mode=constrained-shuffle
    already have this (family + solve result exist) -- skipping regeneration/re-solve
[19:09:43] DONE R02876
[19:09:43] START R02936
  [19:09:43] mode=swap
    already have this (family + solve result exist) -- skipping regeneration/re-solve
  [19:09:43] mode=group-reshuffle
    already have this (family + solve result exist) -- skipping regeneration/re-solve
  [19:09:43] mode=constrained-shuffle
    already have this (family + solve result exist) -- skipping regeneration/re-solve
[19:09:43] DONE R02936
[19:09:43] START R02996
  [19:09:43] mode=swap
    already have this (family + solve result exist) -- skipping regeneration/re-solve
  [19:09:43] mode=group-reshuffle
    already have this (family + solve result exist) -- skipping regeneration/re-solve
  [19:09:43] mode=constrained-shuffle
    already have this (family + solve result exist) -- skipping regeneration/re-solve
[19:09:43] DONE R02996
[19:09:43] START R03056
  [19:09:43] mode=swap
    already have this (family + solve result exist) -- skipping regeneration/re-solve
  [19:09:43] mode=group-reshuffle
    already have this (family + solve result exist) -- skipping regeneration/re-solve
  [19:09:43] mode=constrained-shuffle
    already have this (family + solve result exist) -- skipping regeneration/re-solve
[19:09:43] DONE R03056
[19:09:43] START R03116
  [19:09:43] mode=swap
    already have this (family + solve result exist) -- skipping regeneration/re-solve
  [19:09:43] mode=group-reshuffle
    already have this (family + solve result exist) -- skipping regeneration/re-solve
  [19:09:43] mode=constrained-shuffle
    already have this (family + solve result exist) -- skipping regeneration/re-solve
[19:09:43] DONE R03116
[19:09:43] START R03176
  [19:09:43] mode=symmetry
    already have this (family + solve result exist) -- skipping regeneration/re-solve
  [19:09:43] mode=local-mutant
    already have this (family + solve result exist) -- skipping regeneration/re-solve
  [19:09:43] mode=swap
    already have this (family + solve result exist) -- skipping regeneration/re-solve
  [19:09:43] mode=group-reshuffle
    already have this (family + solve result exist) -- skipping regeneration/re-solve
  [19:09:43] mode=constrained-shuffle
    already have this (family + solve result exist) -- skipping regeneration/re-solve
[19:09:43] DONE R03176
[19:09:43] START R03236
  [19:09:43] mode=swap
    already have this (family + solve result exist) -- skipping regeneration/re-solve
  [19:09:43] mode=group-reshuffle
    already have this (family + solve result exist) -- skipping regeneration/re-solve
  [19:09:43] mode=constrained-shuffle
    already have this (family + solve result exist) -- skipping regeneration/re-solve
[19:09:43] DONE R03236
[19:09:43] START R03296
  [19:09:43] mode=swap
    already have this (family + solve result exist) -- skipping regeneration/re-solve
  [19:09:43] mode=group-reshuffle
    already have this (family + solve result exist) -- skipping regeneration/re-solve
  [19:09:43] mode=constrained-shuffle
    already have this (family + solve result exist) -- skipping regeneration/re-solve
[19:09:43] DONE R03296
[19:09:43] START R03356
  [19:09:43] mode=swap
    already have this (family + solve result exist) -- skipping regeneration/re-solve
  [19:09:43] mode=group-reshuffle
    already have this (family + solve result exist) -- skipping regeneration/re-solve
  [19:09:43] mode=constrained-shuffle
    already have this (family + solve result exist) -- skipping regeneration/re-solve
[19:09:43] DONE R03356
[19:09:43] SHARD END
