[07:25:39] SHARD START 33 level(s)
[07:25:39] START P00038
  [07:25:39] mode=symmetry
    symmetry: solved=3/3
  [07:25:41] mode=local-mutant
    local-mutant: solved=10/10
  [07:25:43] mode=swap
    swap: solved=0/0
  [07:25:43] mode=group-reshuffle
    group-reshuffle: solved=10/10
  [07:25:45] mode=constrained-shuffle
    constrained-shuffle: solved=10/10
[07:25:48] DONE P00038
[07:25:48] START P00098
  [07:25:48] mode=symmetry
    symmetry: solved=7/7
  [07:25:57] mode=local-mutant
    local-mutant: solved=10/10
  [07:26:10] mode=swap
    swap: solved=0/0
  [07:26:10] mode=group-reshuffle
    group-reshuffle: solved=10/10
  [07:26:24] mode=constrained-shuffle
    constrained-shuffle: solved=10/10
[07:26:38] DONE P00098
[07:26:38] START P00159
  [07:26:38] mode=symmetry
    symmetry: solved=7/7
  [07:26:39] mode=local-mutant
    local-mutant: solved=10/10
  [07:26:40] mode=swap
    swap: solved=10/10
  [07:26:42] mode=group-reshuffle
    group-reshuffle: solved=10/10
  [07:26:43] mode=constrained-shuffle
    constrained-shuffle: solved=10/10
[07:26:44] DONE P00159
[07:26:44] START R00904
  [07:26:44] mode=symmetry
    symmetry: solved=7/7
  [07:26:54] mode=local-mutant
    local-mutant: solved=10/10
  [07:27:06] mode=swap
    swap: solved=10/10
  [07:27:20] mode=group-reshuffle
    group-reshuffle: solved=10/10
  [07:27:30] mode=constrained-shuffle
    constrained-shuffle: solved=10/10
[07:27:43] DONE R00904
[07:27:43] START R00137
  [07:27:43] mode=symmetry
    symmetry: solved=4/7
  [07:28:42] mode=local-mutant
    local-mutant: solved=2/10
  [07:30:10] mode=swap
    swap: solved=10/10
  [07:31:33] mode=group-reshuffle
    group-reshuffle: solved=2/10
  [07:32:55] mode=constrained-shuffle
    constrained-shuffle: solved=0/10
[07:34:24] DONE R00137
[07:34:24] START R00528
  [07:34:24] mode=swap
    swap: solved=0/10
  [07:38:19] mode=group-reshuffle
    group-reshuffle: solved=2/10
  [07:42:04] mode=constrained-shuffle
    constrained-shuffle: solved=5/10
[07:44:48] DONE R00528
[07:44:48] START R00869
  [07:44:48] mode=swap
    swap: solved=4/10
  [07:46:42] mode=group-reshuffle
    group-reshuffle: solved=0/10
  [07:49:28] mode=constrained-shuffle
    constrained-shuffle: solved=1/10
[07:52:17] DONE R00869
[07:52:17] START R01179
  [07:52:17] mode=swap
    swap: solved=2/10
  [07:53:44] mode=group-reshuffle
    group-reshuffle: solved=2/10
  [07:55:24] mode=constrained-shuffle
    constrained-shuffle: solved=3/10
[07:56:55] DONE R01179
[07:56:55] START R01558
  [07:56:55] mode=symmetry
    symmetry: solved=7/7
  [07:57:00] mode=local-mutant
    local-mutant: solved=10/10
  [07:57:07] mode=swap
    swap: solved=10/10
  [07:57:13] mode=group-reshuffle
    group-reshuffle: solved=10/10
  [07:57:20] mode=constrained-shuffle
    constrained-shuffle: solved=9/10
[07:57:36] DONE R01558
[07:57:36] START R01905
  [07:57:36] mode=swap
    swap: solved=0/10
  [07:58:46] mode=group-reshuffle
    group-reshuffle: solved=5/10
  [07:59:33] mode=constrained-shuffle
    constrained-shuffle: solved=3/10
[08:00:28] DONE R01905
[08:00:28] START R02045
  [08:00:28] mode=symmetry
    symmetry: solved=7/7
  [08:00:38] mode=local-mutant
    local-mutant: solved=10/10
  [08:00:54] mode=swap
    swap: solved=10/10
  [08:01:07] mode=group-reshuffle
    group-reshuffle: solved=10/10
  [08:01:20] mode=constrained-shuffle
    constrained-shuffle: solved=8/10
[08:02:12] DONE R02045
[08:02:12] START R02105
  [08:02:12] mode=swap
    swap: solved=0/10
  [08:03:03] mode=group-reshuffle
    group-reshuffle: solved=0/10
  [08:03:53] mode=constrained-shuffle
    constrained-shuffle: solved=0/10
[08:04:41] DONE R02105
[08:04:41] START R02165
  [08:04:41] mode=symmetry
    symmetry: solved=7/7
  [08:05:28] mode=local-mutant
    local-mutant: solved=10/10
  [08:06:30] mode=swap
    swap: solved=10/10
  [08:07:28] mode=group-reshuffle
    group-reshuffle: solved=10/10
  [08:08:20] mode=constrained-shuffle
    constrained-shuffle: solved=10/10
[08:08:59] DONE R02165
[08:08:59] START R02225
  [08:08:59] mode=symmetry
    symmetry: solved=7/7
  [08:09:17] mode=local-mutant
    local-mutant: solved=10/10
  [08:09:43] mode=swap
    swap: solved=10/10
  [08:10:16] mode=group-reshuffle
    group-reshuffle: solved=9/10
  [08:10:50] mode=constrained-shuffle
    constrained-shuffle: solved=10/10
[08:11:13] DONE R02225
[08:11:13] START R02285
  [08:11:13] mode=symmetry
    symmetry: solved=0/7
  [08:14:03] mode=local-mutant
    local-mutant: solved=1/10
  [08:17:58] mode=swap
    swap: solved=0/10
  [08:21:59] mode=group-reshuffle
    group-reshuffle: solved=0/10
  [08:25:53] mode=constrained-shuffle
    constrained-shuffle: solved=1/10
[08:29:47] DONE R02285
[08:29:47] START R02345
  [08:29:47] mode=swap
    swap: solved=0/10
  [08:31:33] mode=group-reshuffle
    group-reshuffle: solved=0/10
  [08:33:20] mode=constrained-shuffle
    constrained-shuffle: solved=0/10
[08:35:10] DONE R02345
[08:35:10] START R02405
  [08:35:10] mode=swap
    swap: solved=1/10
  [08:37:02] mode=group-reshuffle
    group-reshuffle: solved=0/10
  [08:38:58] mode=constrained-shuffle
    constrained-shuffle: solved=0/10
[08:40:40] DONE R02405
[08:40:40] START R02465
  [08:40:40] mode=symmetry
    symmetry: solved=0/7
  [08:41:57] mode=local-mutant
    local-mutant: solved=0/10
  [08:43:51] mode=swap
    swap: solved=2/10
  [08:45:37] mode=group-reshuffle
    group-reshuffle: solved=2/10
  [08:47:22] mode=constrained-shuffle
    constrained-shuffle: solved=1/10
[08:49:07] DONE R02465
[08:49:07] START R02525
  [08:49:07] mode=swap
    swap: solved=1/10
  [08:51:48] mode=group-reshuffle
    group-reshuffle: solved=2/10
  [08:54:03] mode=constrained-shuffle
    constrained-shuffle: solved=1/10
[08:56:41] DONE R02525
[08:56:41] START R02585
  [08:56:41] mode=symmetry
    symmetry: solved=7/7
  [08:56:48] mode=local-mutant
    local-mutant: solved=10/10
  [08:56:56] mode=swap
    swap: solved=10/10
  [08:57:05] mode=group-reshuffle
    group-reshuffle: solved=10/10
  [08:57:15] mode=constrained-shuffle
    constrained-shuffle: solved=9/10
[08:57:35] DONE R02585
[08:57:35] START R02645
  [08:57:35] mode=symmetry
    symmetry: solved=7/7
  [08:57:48] mode=local-mutant
    local-mutant: solved=10/10
  [08:58:05] mode=swap
    swap: solved=10/10
  [08:58:23] mode=group-reshuffle
    group-reshuffle: solved=10/10
  [08:58:40] mode=constrained-shuffle
    constrained-shuffle: solved=10/10
[08:58:59] DONE R02645
[08:58:59] START R02705
  [08:58:59] mode=symmetry
    symmetry: solved=1/7
  [09:01:36] mode=local-mutant
    local-mutant: solved=2/10
  [09:05:14] mode=swap
    swap: solved=8/10
  [09:07:06] mode=group-reshuffle
    group-reshuffle: solved=3/10
  [09:10:30] mode=constrained-shuffle
    constrained-shuffle: solved=6/10
[09:13:39] DONE R02705
[09:13:39] START R02765
  [09:13:39] mode=symmetry
    symmetry: solved=0/7
  [09:15:49] mode=local-mutant
    local-mutant: solved=3/10
  [09:18:26] mode=swap
    swap: solved=1/10
  [09:21:26] mode=group-reshuffle
    group-reshuffle: solved=2/10
  [09:24:08] mode=constrained-shuffle
    constrained-shuffle: solved=5/10
[09:26:17] DONE R02765
[09:26:17] START R02825
  [09:26:17] mode=symmetry
    symmetry: solved=7/7
  [09:26:23] mode=local-mutant
    local-mutant: solved=10/10
  [09:26:33] mode=swap
    swap: solved=10/10
  [09:26:41] mode=group-reshuffle
    group-reshuffle: solved=10/10
  [09:26:54] mode=constrained-shuffle
    constrained-shuffle: solved=10/10
[09:27:02] DONE R02825
[09:27:02] START R02885
  [09:27:02] mode=symmetry
    symmetry: solved=7/7
  [09:28:12] mode=local-mutant
    local-mutant: solved=8/10
  [09:29:57] mode=swap
    swap: solved=8/10
  [09:31:48] mode=group-reshuffle
    group-reshuffle: solved=10/10
  [09:33:08] mode=constrained-shuffle
    constrained-shuffle: solved=7/10
[09:35:01] DONE R02885
[09:35:01] START R02945
  [09:35:01] mode=symmetry
    symmetry: solved=7/7
  [09:35:15] mode=local-mutant
    local-mutant: solved=10/10
  [09:35:35] mode=swap
    swap: solved=10/10
  [09:35:56] mode=group-reshuffle
    group-reshuffle: solved=10/10
  [09:36:13] mode=constrained-shuffle
    constrained-shuffle: solved=10/10
[09:36:46] DONE R02945
[09:36:46] START R03005
  [09:36:46] mode=swap
    swap: solved=0/10
  [09:40:37] mode=group-reshuffle
    group-reshuffle: solved=1/10
  [09:44:20] mode=constrained-shuffle
    constrained-shuffle: solved=1/10
[09:48:16] DONE R03005
[09:48:16] START R03065
  [09:48:16] mode=symmetry
    symmetry: solved=7/7
  [09:48:51] mode=local-mutant
    local-mutant: solved=10/10
  [09:49:40] mode=swap
    swap: solved=10/10
  [09:50:22] mode=group-reshuffle
    group-reshuffle: solved=10/10
  [09:50:51] mode=constrained-shuffle
    constrained-shuffle: solved=10/10
[09:51:27] DONE R03065
[09:51:27] START R03125
  [09:51:27] mode=swap
    swap: solved=0/10
  [09:53:55] mode=group-reshuffle
    group-reshuffle: solved=0/10
  [09:56:19] mode=constrained-shuffle
    constrained-shuffle: solved=1/10
[09:58:39] DONE R03125
[09:58:39] START R03185
  [09:58:39] mode=symmetry
    symmetry: solved=7/7
  [09:58:51] mode=local-mutant
    local-mutant: solved=10/10
  [09:59:10] mode=swap
    swap: solved=10/10
  [09:59:29] mode=group-reshuffle
    group-reshuffle: solved=10/10
  [09:59:40] mode=constrained-shuffle
    constrained-shuffle: solved=10/10
[10:00:05] DONE R03185
[10:00:05] START R03245
  [10:00:05] mode=symmetry
    symmetry: solved=2/7
  [10:00:50] mode=local-mutant
    local-mutant: solved=2/10
  [10:02:01] mode=swap
    swap: solved=5/10
  [10:02:58] mode=group-reshuffle
    group-reshuffle: solved=9/10
  [10:03:35] mode=constrained-shuffle
    constrained-shuffle: solved=9/10
[10:04:29] DONE R03245
[10:04:29] START R03305
  [10:04:29] mode=swap
    swap: solved=1/10
  [10:07:11] mode=group-reshuffle
    group-reshuffle: solved=3/10
  [10:09:35] mode=constrained-shuffle
    constrained-shuffle: solved=4/10
[10:11:57] DONE R03305
[10:11:57] START R03365
  [10:11:57] mode=swap
    swap: solved=0/10
  [10:14:57] mode=group-reshuffle
    group-reshuffle: solved=2/10
  [10:17:26] mode=constrained-shuffle
    constrained-shuffle: solved=2/10
[10:19:53] DONE R03365
[10:19:53] SHARD END
[19:10:38] SHARD START 33 level(s)
[19:10:38] START P00038
  [19:10:38] mode=symmetry
    already have this (family + solve result exist) -- skipping regeneration/re-solve
  [19:10:38] mode=local-mutant
    already have this (family + solve result exist) -- skipping regeneration/re-solve
  [19:10:38] mode=swap
    already have this (family + solve result exist) -- skipping regeneration/re-solve
  [19:10:38] mode=group-reshuffle
    already have this (family + solve result exist) -- skipping regeneration/re-solve
  [19:10:38] mode=constrained-shuffle
    already have this (family + solve result exist) -- skipping regeneration/re-solve
[19:10:38] DONE P00038
[19:10:38] START P00098
  [19:10:38] mode=symmetry
    already have this (family + solve result exist) -- skipping regeneration/re-solve
  [19:10:38] mode=local-mutant
    already have this (family + solve result exist) -- skipping regeneration/re-solve
  [19:10:38] mode=swap
    already have this (family + solve result exist) -- skipping regeneration/re-solve
  [19:10:38] mode=group-reshuffle
    already have this (family + solve result exist) -- skipping regeneration/re-solve
  [19:10:38] mode=constrained-shuffle
    already have this (family + solve result exist) -- skipping regeneration/re-solve
[19:10:38] DONE P00098
[19:10:38] START P00159
  [19:10:38] mode=symmetry
    already have this (family + solve result exist) -- skipping regeneration/re-solve
  [19:10:38] mode=local-mutant
    already have this (family + solve result exist) -- skipping regeneration/re-solve
  [19:10:38] mode=swap
    already have this (family + solve result exist) -- skipping regeneration/re-solve
  [19:10:38] mode=group-reshuffle
    already have this (family + solve result exist) -- skipping regeneration/re-solve
  [19:10:38] mode=constrained-shuffle
    already have this (family + solve result exist) -- skipping regeneration/re-solve
[19:10:38] DONE P00159
[19:10:38] START R00904
  [19:10:38] mode=symmetry
    already have this (family + solve result exist) -- skipping regeneration/re-solve
  [19:10:38] mode=local-mutant
    already have this (family + solve result exist) -- skipping regeneration/re-solve
  [19:10:38] mode=swap
    already have this (family + solve result exist) -- skipping regeneration/re-solve
  [19:10:38] mode=group-reshuffle
    already have this (family + solve result exist) -- skipping regeneration/re-solve
  [19:10:38] mode=constrained-shuffle
    already have this (family + solve result exist) -- skipping regeneration/re-solve
[19:10:38] DONE R00904
[19:10:38] START R00137
  [19:10:38] mode=symmetry
    already have this (family + solve result exist) -- skipping regeneration/re-solve
  [19:10:38] mode=local-mutant
    already have this (family + solve result exist) -- skipping regeneration/re-solve
  [19:10:38] mode=swap
    already have this (family + solve result exist) -- skipping regeneration/re-solve
  [19:10:38] mode=group-reshuffle
    already have this (family + solve result exist) -- skipping regeneration/re-solve
  [19:10:38] mode=constrained-shuffle
    already have this (family + solve result exist) -- skipping regeneration/re-solve
[19:10:38] DONE R00137
[19:10:38] START R00528
  [19:10:38] mode=swap
    already have this (family + solve result exist) -- skipping regeneration/re-solve
  [19:10:38] mode=group-reshuffle
    already have this (family + solve result exist) -- skipping regeneration/re-solve
  [19:10:38] mode=constrained-shuffle
    already have this (family + solve result exist) -- skipping regeneration/re-solve
[19:10:38] DONE R00528
[19:10:38] START R00869
  [19:10:38] mode=swap
    already have this (family + solve result exist) -- skipping regeneration/re-solve
  [19:10:38] mode=group-reshuffle
    already have this (family + solve result exist) -- skipping regeneration/re-solve
  [19:10:38] mode=constrained-shuffle
    already have this (family + solve result exist) -- skipping regeneration/re-solve
[19:10:38] DONE R00869
[19:10:38] START R01179
  [19:10:38] mode=swap
    already have this (family + solve result exist) -- skipping regeneration/re-solve
  [19:10:38] mode=group-reshuffle
    already have this (family + solve result exist) -- skipping regeneration/re-solve
  [19:10:38] mode=constrained-shuffle
    already have this (family + solve result exist) -- skipping regeneration/re-solve
[19:10:38] DONE R01179
[19:10:38] START R01558
  [19:10:38] mode=symmetry
    already have this (family + solve result exist) -- skipping regeneration/re-solve
  [19:10:38] mode=local-mutant
    already have this (family + solve result exist) -- skipping regeneration/re-solve
  [19:10:38] mode=swap
    already have this (family + solve result exist) -- skipping regeneration/re-solve
  [19:10:38] mode=group-reshuffle
    already have this (family + solve result exist) -- skipping regeneration/re-solve
  [19:10:38] mode=constrained-shuffle
    already have this (family + solve result exist) -- skipping regeneration/re-solve
[19:10:38] DONE R01558
[19:10:38] START R01905
  [19:10:38] mode=swap
    already have this (family + solve result exist) -- skipping regeneration/re-solve
  [19:10:38] mode=group-reshuffle
    already have this (family + solve result exist) -- skipping regeneration/re-solve
  [19:10:38] mode=constrained-shuffle
    already have this (family + solve result exist) -- skipping regeneration/re-solve
[19:10:38] DONE R01905
[19:10:38] START R02045
  [19:10:38] mode=symmetry
    already have this (family + solve result exist) -- skipping regeneration/re-solve
  [19:10:38] mode=local-mutant
    already have this (family + solve result exist) -- skipping regeneration/re-solve
  [19:10:38] mode=swap
    already have this (family + solve result exist) -- skipping regeneration/re-solve
  [19:10:38] mode=group-reshuffle
    already have this (family + solve result exist) -- skipping regeneration/re-solve
  [19:10:38] mode=constrained-shuffle
    already have this (family + solve result exist) -- skipping regeneration/re-solve
[19:10:38] DONE R02045
[19:10:38] START R02105
  [19:10:38] mode=swap
    already have this (family + solve result exist) -- skipping regeneration/re-solve
  [19:10:38] mode=group-reshuffle
    already have this (family + solve result exist) -- skipping regeneration/re-solve
  [19:10:38] mode=constrained-shuffle
    already have this (family + solve result exist) -- skipping regeneration/re-solve
[19:10:38] DONE R02105
[19:10:38] START R02165
  [19:10:38] mode=symmetry
    already have this (family + solve result exist) -- skipping regeneration/re-solve
  [19:10:38] mode=local-mutant
    already have this (family + solve result exist) -- skipping regeneration/re-solve
  [19:10:38] mode=swap
    already have this (family + solve result exist) -- skipping regeneration/re-solve
  [19:10:38] mode=group-reshuffle
    already have this (family + solve result exist) -- skipping regeneration/re-solve
  [19:10:38] mode=constrained-shuffle
    already have this (family + solve result exist) -- skipping regeneration/re-solve
[19:10:38] DONE R02165
[19:10:38] START R02225
  [19:10:38] mode=symmetry
    already have this (family + solve result exist) -- skipping regeneration/re-solve
  [19:10:38] mode=local-mutant
    already have this (family + solve result exist) -- skipping regeneration/re-solve
  [19:10:38] mode=swap
    already have this (family + solve result exist) -- skipping regeneration/re-solve
  [19:10:38] mode=group-reshuffle
    already have this (family + solve result exist) -- skipping regeneration/re-solve
  [19:10:38] mode=constrained-shuffle
    already have this (family + solve result exist) -- skipping regeneration/re-solve
[19:10:38] DONE R02225
[19:10:38] START R02285
  [19:10:38] mode=symmetry
    already have this (family + solve result exist) -- skipping regeneration/re-solve
  [19:10:38] mode=local-mutant
    already have this (family + solve result exist) -- skipping regeneration/re-solve
  [19:10:38] mode=swap
    already have this (family + solve result exist) -- skipping regeneration/re-solve
  [19:10:38] mode=group-reshuffle
    already have this (family + solve result exist) -- skipping regeneration/re-solve
  [19:10:38] mode=constrained-shuffle
    already have this (family + solve result exist) -- skipping regeneration/re-solve
[19:10:38] DONE R02285
[19:10:38] START R02345
  [19:10:38] mode=swap
    already have this (family + solve result exist) -- skipping regeneration/re-solve
  [19:10:38] mode=group-reshuffle
    already have this (family + solve result exist) -- skipping regeneration/re-solve
  [19:10:38] mode=constrained-shuffle
    already have this (family + solve result exist) -- skipping regeneration/re-solve
[19:10:38] DONE R02345
[19:10:38] START R02405
  [19:10:38] mode=swap
    already have this (family + solve result exist) -- skipping regeneration/re-solve
  [19:10:38] mode=group-reshuffle
    already have this (family + solve result exist) -- skipping regeneration/re-solve
  [19:10:38] mode=constrained-shuffle
    already have this (family + solve result exist) -- skipping regeneration/re-solve
[19:10:38] DONE R02405
[19:10:38] START R02465
  [19:10:38] mode=symmetry
    already have this (family + solve result exist) -- skipping regeneration/re-solve
  [19:10:38] mode=local-mutant
    already have this (family + solve result exist) -- skipping regeneration/re-solve
  [19:10:38] mode=swap
    already have this (family + solve result exist) -- skipping regeneration/re-solve
  [19:10:38] mode=group-reshuffle
    already have this (family + solve result exist) -- skipping regeneration/re-solve
  [19:10:38] mode=constrained-shuffle
    already have this (family + solve result exist) -- skipping regeneration/re-solve
[19:10:38] DONE R02465
[19:10:38] START R02525
  [19:10:38] mode=swap
    already have this (family + solve result exist) -- skipping regeneration/re-solve
  [19:10:38] mode=group-reshuffle
    already have this (family + solve result exist) -- skipping regeneration/re-solve
  [19:10:38] mode=constrained-shuffle
    already have this (family + solve result exist) -- skipping regeneration/re-solve
[19:10:38] DONE R02525
[19:10:38] START R02585
  [19:10:38] mode=symmetry
    already have this (family + solve result exist) -- skipping regeneration/re-solve
  [19:10:38] mode=local-mutant
    already have this (family + solve result exist) -- skipping regeneration/re-solve
  [19:10:38] mode=swap
    already have this (family + solve result exist) -- skipping regeneration/re-solve
  [19:10:38] mode=group-reshuffle
    already have this (family + solve result exist) -- skipping regeneration/re-solve
  [19:10:38] mode=constrained-shuffle
    already have this (family + solve result exist) -- skipping regeneration/re-solve
[19:10:38] DONE R02585
[19:10:38] START R02645
  [19:10:38] mode=symmetry
    already have this (family + solve result exist) -- skipping regeneration/re-solve
  [19:10:38] mode=local-mutant
    already have this (family + solve result exist) -- skipping regeneration/re-solve
  [19:10:38] mode=swap
    already have this (family + solve result exist) -- skipping regeneration/re-solve
  [19:10:38] mode=group-reshuffle
    already have this (family + solve result exist) -- skipping regeneration/re-solve
  [19:10:38] mode=constrained-shuffle
    already have this (family + solve result exist) -- skipping regeneration/re-solve
[19:10:38] DONE R02645
[19:10:38] START R02705
  [19:10:38] mode=symmetry
    already have this (family + solve result exist) -- skipping regeneration/re-solve
  [19:10:38] mode=local-mutant
    already have this (family + solve result exist) -- skipping regeneration/re-solve
  [19:10:38] mode=swap
    already have this (family + solve result exist) -- skipping regeneration/re-solve
  [19:10:38] mode=group-reshuffle
    already have this (family + solve result exist) -- skipping regeneration/re-solve
  [19:10:38] mode=constrained-shuffle
    already have this (family + solve result exist) -- skipping regeneration/re-solve
[19:10:38] DONE R02705
[19:10:38] START R02765
  [19:10:38] mode=symmetry
    already have this (family + solve result exist) -- skipping regeneration/re-solve
  [19:10:38] mode=local-mutant
    already have this (family + solve result exist) -- skipping regeneration/re-solve
  [19:10:38] mode=swap
    already have this (family + solve result exist) -- skipping regeneration/re-solve
  [19:10:38] mode=group-reshuffle
    already have this (family + solve result exist) -- skipping regeneration/re-solve
  [19:10:38] mode=constrained-shuffle
    already have this (family + solve result exist) -- skipping regeneration/re-solve
[19:10:38] DONE R02765
[19:10:38] START R02825
  [19:10:38] mode=symmetry
    already have this (family + solve result exist) -- skipping regeneration/re-solve
  [19:10:38] mode=local-mutant
    already have this (family + solve result exist) -- skipping regeneration/re-solve
  [19:10:38] mode=swap
    already have this (family + solve result exist) -- skipping regeneration/re-solve
  [19:10:38] mode=group-reshuffle
    already have this (family + solve result exist) -- skipping regeneration/re-solve
  [19:10:38] mode=constrained-shuffle
    already have this (family + solve result exist) -- skipping regeneration/re-solve
[19:10:38] DONE R02825
[19:10:38] START R02885
  [19:10:38] mode=symmetry
    already have this (family + solve result exist) -- skipping regeneration/re-solve
  [19:10:38] mode=local-mutant
    already have this (family + solve result exist) -- skipping regeneration/re-solve
  [19:10:38] mode=swap
    already have this (family + solve result exist) -- skipping regeneration/re-solve
  [19:10:38] mode=group-reshuffle
    already have this (family + solve result exist) -- skipping regeneration/re-solve
  [19:10:38] mode=constrained-shuffle
    already have this (family + solve result exist) -- skipping regeneration/re-solve
[19:10:38] DONE R02885
[19:10:38] START R02945
  [19:10:38] mode=symmetry
    already have this (family + solve result exist) -- skipping regeneration/re-solve
  [19:10:38] mode=local-mutant
    already have this (family + solve result exist) -- skipping regeneration/re-solve
  [19:10:38] mode=swap
    already have this (family + solve result exist) -- skipping regeneration/re-solve
  [19:10:38] mode=group-reshuffle
    already have this (family + solve result exist) -- skipping regeneration/re-solve
  [19:10:38] mode=constrained-shuffle
    already have this (family + solve result exist) -- skipping regeneration/re-solve
[19:10:38] DONE R02945
[19:10:38] START R03005
  [19:10:38] mode=swap
    already have this (family + solve result exist) -- skipping regeneration/re-solve
  [19:10:38] mode=group-reshuffle
    already have this (family + solve result exist) -- skipping regeneration/re-solve
  [19:10:38] mode=constrained-shuffle
    already have this (family + solve result exist) -- skipping regeneration/re-solve
[19:10:38] DONE R03005
[19:10:38] START R03065
  [19:10:38] mode=symmetry
    already have this (family + solve result exist) -- skipping regeneration/re-solve
  [19:10:38] mode=local-mutant
    already have this (family + solve result exist) -- skipping regeneration/re-solve
  [19:10:38] mode=swap
    already have this (family + solve result exist) -- skipping regeneration/re-solve
  [19:10:38] mode=group-reshuffle
    already have this (family + solve result exist) -- skipping regeneration/re-solve
  [19:10:38] mode=constrained-shuffle
    already have this (family + solve result exist) -- skipping regeneration/re-solve
[19:10:38] DONE R03065
[19:10:38] START R03125
  [19:10:38] mode=swap
    already have this (family + solve result exist) -- skipping regeneration/re-solve
  [19:10:38] mode=group-reshuffle
    already have this (family + solve result exist) -- skipping regeneration/re-solve
  [19:10:38] mode=constrained-shuffle
    already have this (family + solve result exist) -- skipping regeneration/re-solve
[19:10:38] DONE R03125
[19:10:38] START R03185
  [19:10:38] mode=symmetry
    already have this (family + solve result exist) -- skipping regeneration/re-solve
  [19:10:38] mode=local-mutant
    already have this (family + solve result exist) -- skipping regeneration/re-solve
  [19:10:38] mode=swap
    already have this (family + solve result exist) -- skipping regeneration/re-solve
  [19:10:38] mode=group-reshuffle
    already have this (family + solve result exist) -- skipping regeneration/re-solve
  [19:10:38] mode=constrained-shuffle
    already have this (family + solve result exist) -- skipping regeneration/re-solve
[19:10:38] DONE R03185
[19:10:38] START R03245
  [19:10:38] mode=symmetry
    already have this (family + solve result exist) -- skipping regeneration/re-solve
  [19:10:38] mode=local-mutant
    already have this (family + solve result exist) -- skipping regeneration/re-solve
  [19:10:38] mode=swap
    already have this (family + solve result exist) -- skipping regeneration/re-solve
  [19:10:38] mode=group-reshuffle
    already have this (family + solve result exist) -- skipping regeneration/re-solve
  [19:10:38] mode=constrained-shuffle
    already have this (family + solve result exist) -- skipping regeneration/re-solve
[19:10:38] DONE R03245
[19:10:38] START R03305
  [19:10:38] mode=swap
    already have this (family + solve result exist) -- skipping regeneration/re-solve
  [19:10:38] mode=group-reshuffle
    already have this (family + solve result exist) -- skipping regeneration/re-solve
  [19:10:38] mode=constrained-shuffle
    already have this (family + solve result exist) -- skipping regeneration/re-solve
[19:10:38] DONE R03305
[19:10:38] START R03365
  [19:10:38] mode=swap
    already have this (family + solve result exist) -- skipping regeneration/re-solve
  [19:10:38] mode=group-reshuffle
    already have this (family + solve result exist) -- skipping regeneration/re-solve
  [19:10:38] mode=constrained-shuffle
    already have this (family + solve result exist) -- skipping regeneration/re-solve
[19:10:38] DONE R03365
[19:10:38] SHARD END
