[04:08:46] SHARD START 33 level(s)
[04:08:46] START P00028
  [04:08:46] mode=symmetry
    symmetry: solved=7/7
  [04:08:55] mode=local-mutant
    local-mutant: solved=10/10
  [04:09:04] mode=swap
    swap: solved=0/0
  [04:09:04] mode=group-reshuffle
    group-reshuffle: solved=10/10
  [04:09:12] mode=constrained-shuffle
    constrained-shuffle: solved=10/10
[04:09:19] DONE P00028
[04:09:19] START P00088
  [04:09:19] mode=symmetry
    symmetry: solved=7/7
  [04:09:24] mode=local-mutant
    local-mutant: solved=10/10
  [04:09:35] mode=swap
    swap: solved=10/10
  [04:09:43] mode=group-reshuffle
    group-reshuffle: solved=10/10
  [04:09:49] mode=constrained-shuffle
    constrained-shuffle: solved=10/10
[04:09:56] DONE P00088
[04:09:56] START P00148
  [04:09:56] mode=symmetry
    symmetry: solved=3/3
  [04:09:57] mode=local-mutant
    local-mutant: solved=0/0
  [04:09:58] mode=swap
    swap: solved=0/0
  [04:09:59] mode=group-reshuffle
    group-reshuffle: solved=0/0
  [04:10:00] mode=constrained-shuffle
    constrained-shuffle: solved=0/0
[04:10:01] DONE P00148
[04:10:01] START R00699
  [04:10:01] mode=symmetry
    symmetry: solved=7/7
  [04:10:17] mode=local-mutant
    local-mutant: solved=6/10
  [04:11:04] mode=swap
    swap: solved=10/10
  [04:11:46] mode=group-reshuffle
    group-reshuffle: solved=4/10
  [04:12:24] mode=constrained-shuffle
    constrained-shuffle: solved=2/10
[04:13:19] DONE R00699
[04:13:19] START R00059
  [04:13:19] mode=swap
    swap: solved=0/10
  [04:14:36] mode=group-reshuffle
    group-reshuffle: solved=2/10
  [04:15:42] mode=constrained-shuffle
    constrained-shuffle: solved=3/10
[04:16:52] DONE R00059
[04:16:52] START R00479
  [04:16:52] mode=swap
    swap: solved=0/10
  [04:18:13] mode=group-reshuffle
    group-reshuffle: solved=0/10
  [04:19:28] mode=constrained-shuffle
    constrained-shuffle: solved=0/10
[04:20:44] DONE R00479
[04:20:44] START R00803
  [04:20:44] mode=swap
    swap: solved=0/10
  [04:22:27] mode=group-reshuffle
    group-reshuffle: solved=0/10
  [04:24:03] mode=constrained-shuffle
    constrained-shuffle: solved=1/10
[04:25:33] DONE R00803
[04:25:33] START R01134
  [04:25:33] mode=symmetry
    symmetry: solved=7/7
  [04:25:47] mode=local-mutant
    local-mutant: solved=10/10
  [04:26:04] mode=swap
    swap: solved=10/10
  [04:26:23] mode=group-reshuffle
    group-reshuffle: solved=10/10
  [04:26:44] mode=constrained-shuffle
    constrained-shuffle: solved=8/10
[04:27:20] DONE R01134
[04:27:20] START R01501
  [04:27:20] mode=swap
    swap: solved=0/10
  [04:29:19] mode=group-reshuffle
    group-reshuffle: solved=0/10
  [04:31:13] mode=constrained-shuffle
    constrained-shuffle: solved=0/10
[04:33:07] DONE R01501
[04:33:07] START R01854
  [04:33:07] mode=swap
    swap: solved=0/10
  [04:34:08] mode=group-reshuffle
    group-reshuffle: solved=0/10
  [04:35:08] mode=constrained-shuffle
    constrained-shuffle: solved=0/10
[04:36:08] DONE R01854
[04:36:08] START R02035
  [04:36:08] mode=swap
    swap: solved=0/10
  [04:41:26] mode=group-reshuffle
    group-reshuffle: solved=1/10
  [04:46:40] mode=constrained-shuffle
    constrained-shuffle: solved=0/10
[04:51:59] DONE R02035
[04:51:59] START R02095
  [04:51:59] mode=swap
    swap: solved=0/10
  [04:53:05] mode=group-reshuffle
    group-reshuffle: solved=4/10
  [04:54:02] mode=constrained-shuffle
    constrained-shuffle: solved=1/10
[04:55:12] DONE R02095
[04:55:12] START R02155
  [04:55:12] mode=symmetry
    symmetry: solved=7/7
  [04:55:24] mode=local-mutant
    local-mutant: solved=8/10
  [04:55:50] mode=swap
    swap: solved=8/10
  [04:56:23] mode=group-reshuffle
    group-reshuffle: solved=6/10
  [04:57:19] mode=constrained-shuffle
    constrained-shuffle: solved=4/10
[04:58:10] DONE R02155
[04:58:10] START R02215
  [04:58:10] mode=swap
    swap: solved=0/10
  [05:03:53] mode=group-reshuffle
    group-reshuffle: solved=0/10
  [05:09:42] mode=constrained-shuffle
    constrained-shuffle: solved=1/10
[05:15:28] DONE R02215
[05:15:28] START R02275
  [05:15:28] mode=symmetry
    symmetry: solved=4/7
  [05:16:25] mode=local-mutant
    local-mutant: solved=6/10
  [05:17:53] mode=swap
    swap: solved=7/10
  [05:18:49] mode=group-reshuffle
    group-reshuffle: solved=6/10
  [05:20:15] mode=constrained-shuffle
    constrained-shuffle: solved=7/10
[05:21:14] DONE R02275
[05:21:14] START R02335
  [05:21:14] mode=swap
    swap: solved=0/10
  [05:24:08] mode=group-reshuffle
    group-reshuffle: solved=8/10
  [05:25:44] mode=constrained-shuffle
    constrained-shuffle: solved=3/10
[05:28:07] DONE R02335
[05:28:07] START R02395
  [05:28:07] mode=swap
    swap: solved=0/10
  [05:28:48] mode=group-reshuffle
    group-reshuffle: solved=0/0
  [05:28:50] mode=constrained-shuffle
    constrained-shuffle: solved=0/10
[05:29:32] DONE R02395
[05:29:32] START R02455
  [05:29:32] mode=symmetry
    symmetry: solved=0/7
  [05:30:19] mode=local-mutant
    local-mutant: solved=0/10
  [05:31:41] mode=swap
    swap: solved=0/10
  [05:32:51] mode=group-reshuffle
    group-reshuffle: solved=3/10
  [05:34:02] mode=constrained-shuffle
    constrained-shuffle: solved=3/10
[05:35:19] DONE R02455
[05:35:19] START R02515
  [05:35:19] mode=swap
    swap: solved=1/10
  [05:39:06] mode=group-reshuffle
    group-reshuffle: solved=2/10
  [05:42:48] mode=constrained-shuffle
    constrained-shuffle: solved=1/10
[05:46:41] DONE R02515
[05:46:41] START R02575
  [05:46:41] mode=symmetry
    symmetry: solved=0/7
  [05:47:34] mode=local-mutant
    local-mutant: solved=5/10
  [05:48:29] mode=swap
    swap: solved=2/10
  [05:49:40] mode=group-reshuffle
    group-reshuffle: solved=10/10
  [05:49:52] mode=constrained-shuffle
    constrained-shuffle: solved=10/10
[05:50:21] DONE R02575
[05:50:21] START R02635
  [05:50:21] mode=swap
    swap: solved=0/10
  [05:55:37] mode=group-reshuffle
    group-reshuffle: solved=0/10
  [06:00:52] mode=constrained-shuffle
    constrained-shuffle: solved=0/10
[06:06:07] DONE R02635
[06:06:07] START R02695
  [06:06:07] mode=swap
    swap: solved=1/10
  [06:08:54] mode=group-reshuffle
    group-reshuffle: solved=6/10
  [06:11:13] mode=constrained-shuffle
    constrained-shuffle: solved=5/10
[06:13:12] DONE R02695
[06:13:12] START R02755
  [06:13:12] mode=swap
    swap: solved=0/10
  [06:16:51] mode=group-reshuffle
    group-reshuffle: solved=2/10
  [06:20:27] mode=constrained-shuffle
    constrained-shuffle: solved=6/10
[06:23:14] DONE R02755
[06:23:14] START R02815
  [06:23:14] mode=swap
    swap: solved=5/10
  [06:24:45] mode=group-reshuffle
    group-reshuffle: solved=9/10
  [06:25:20] mode=constrained-shuffle
    constrained-shuffle: solved=7/10
[06:26:17] DONE R02815
[06:26:17] START R02875
  [06:26:17] mode=symmetry
    symmetry: solved=3/7
  [06:28:30] mode=local-mutant
    local-mutant: solved=3/10
  [06:31:35] mode=swap
    swap: solved=9/10
  [06:33:33] mode=group-reshuffle
    group-reshuffle: solved=0/10
  [06:37:12] mode=constrained-shuffle
    constrained-shuffle: solved=1/10
[06:40:44] DONE R02875
[06:40:44] START R02935
  [06:40:44] mode=swap
    swap: solved=0/10
  [06:43:42] mode=group-reshuffle
    group-reshuffle: solved=0/10
  [06:46:54] mode=constrained-shuffle
    constrained-shuffle: solved=1/10
[06:49:55] DONE R02935
[06:49:55] START R02995
  [06:49:55] mode=swap
    swap: solved=3/10
  [06:53:42] mode=group-reshuffle
    group-reshuffle: solved=7/10
  [06:55:56] mode=constrained-shuffle
    constrained-shuffle: solved=9/10
[06:57:30] DONE R02995
[06:57:30] START R03055
  [06:57:30] mode=swap
    swap: solved=0/10
  [07:02:12] mode=group-reshuffle
    group-reshuffle: solved=0/10
  [07:06:51] mode=constrained-shuffle
    constrained-shuffle: solved=0/10
[07:11:30] DONE R03055
[07:11:30] START R03115
  [07:11:30] mode=swap
    swap: solved=0/10
  [07:12:36] mode=group-reshuffle
    group-reshuffle: solved=0/10
  [07:13:45] mode=constrained-shuffle
    constrained-shuffle: solved=0/10
[07:14:59] DONE R03115
[07:14:59] START R03175
  [07:14:59] mode=swap
    swap: solved=0/10
  [07:18:30] mode=group-reshuffle
    group-reshuffle: solved=3/10
  [07:21:01] mode=constrained-shuffle
    constrained-shuffle: solved=2/10
[07:23:42] DONE R03175
[07:23:42] START R03235
  [07:23:42] mode=symmetry
    symmetry: solved=3/7
  [07:24:54] mode=local-mutant
    local-mutant: solved=7/10
  [07:26:28] mode=swap
    swap: solved=10/10
  [07:27:52] mode=group-reshuffle
    group-reshuffle: solved=3/10
  [07:29:28] mode=constrained-shuffle
    constrained-shuffle: solved=5/10
[07:30:42] DONE R03235
[07:30:42] START R03295
  [07:30:42] mode=symmetry
    symmetry: solved=7/7
  [07:31:05] mode=local-mutant
    local-mutant: solved=10/10
  [07:31:38] mode=swap
    swap: solved=10/10
  [07:32:23] mode=group-reshuffle
    group-reshuffle: solved=10/10
  [07:32:43] mode=constrained-shuffle
    constrained-shuffle: solved=10/10
[07:33:04] DONE R03295
[07:33:04] START R03355
  [07:33:04] mode=swap
    swap: solved=0/10
  [07:34:02] mode=group-reshuffle
    group-reshuffle: solved=0/10
  [07:34:59] mode=constrained-shuffle
    constrained-shuffle: solved=0/10
[07:35:56] DONE R03355
[07:35:56] SHARD END
[19:09:47] SHARD START 33 level(s)
[19:09:47] START P00028
  [19:09:47] mode=symmetry
    already have this (family + solve result exist) -- skipping regeneration/re-solve
  [19:09:47] mode=local-mutant
    already have this (family + solve result exist) -- skipping regeneration/re-solve
  [19:09:47] mode=swap
    already have this (family + solve result exist) -- skipping regeneration/re-solve
  [19:09:47] mode=group-reshuffle
    already have this (family + solve result exist) -- skipping regeneration/re-solve
  [19:09:47] mode=constrained-shuffle
    already have this (family + solve result exist) -- skipping regeneration/re-solve
[19:09:47] DONE P00028
[19:09:47] START P00088
  [19:09:47] mode=symmetry
    already have this (family + solve result exist) -- skipping regeneration/re-solve
  [19:09:47] mode=local-mutant
    already have this (family + solve result exist) -- skipping regeneration/re-solve
  [19:09:47] mode=swap
    already have this (family + solve result exist) -- skipping regeneration/re-solve
  [19:09:47] mode=group-reshuffle
    already have this (family + solve result exist) -- skipping regeneration/re-solve
  [19:09:47] mode=constrained-shuffle
    already have this (family + solve result exist) -- skipping regeneration/re-solve
[19:09:47] DONE P00088
[19:09:47] START P00148
  [19:09:47] mode=symmetry
    already have this (family + solve result exist) -- skipping regeneration/re-solve
  [19:09:47] mode=local-mutant
    already have this (family + solve result exist) -- skipping regeneration/re-solve
  [19:09:47] mode=swap
    already have this (family + solve result exist) -- skipping regeneration/re-solve
  [19:09:47] mode=group-reshuffle
    already have this (family + solve result exist) -- skipping regeneration/re-solve
  [19:09:47] mode=constrained-shuffle
    already have this (family + solve result exist) -- skipping regeneration/re-solve
[19:09:47] DONE P00148
[19:09:47] START R00699
  [19:09:47] mode=symmetry
    already have this (family + solve result exist) -- skipping regeneration/re-solve
  [19:09:47] mode=local-mutant
    already have this (family + solve result exist) -- skipping regeneration/re-solve
  [19:09:47] mode=swap
    already have this (family + solve result exist) -- skipping regeneration/re-solve
  [19:09:47] mode=group-reshuffle
    already have this (family + solve result exist) -- skipping regeneration/re-solve
  [19:09:47] mode=constrained-shuffle
    already have this (family + solve result exist) -- skipping regeneration/re-solve
[19:09:47] DONE R00699
[19:09:47] START R00059
  [19:09:47] mode=swap
    already have this (family + solve result exist) -- skipping regeneration/re-solve
  [19:09:47] mode=group-reshuffle
    already have this (family + solve result exist) -- skipping regeneration/re-solve
  [19:09:47] mode=constrained-shuffle
    already have this (family + solve result exist) -- skipping regeneration/re-solve
[19:09:47] DONE R00059
[19:09:47] START R00479
  [19:09:47] mode=swap
    already have this (family + solve result exist) -- skipping regeneration/re-solve
  [19:09:47] mode=group-reshuffle
    already have this (family + solve result exist) -- skipping regeneration/re-solve
  [19:09:47] mode=constrained-shuffle
    already have this (family + solve result exist) -- skipping regeneration/re-solve
[19:09:47] DONE R00479
[19:09:47] START R00803
  [19:09:47] mode=swap
    already have this (family + solve result exist) -- skipping regeneration/re-solve
  [19:09:47] mode=group-reshuffle
    already have this (family + solve result exist) -- skipping regeneration/re-solve
  [19:09:47] mode=constrained-shuffle
    already have this (family + solve result exist) -- skipping regeneration/re-solve
[19:09:47] DONE R00803
[19:09:47] START R01134
  [19:09:47] mode=symmetry
    already have this (family + solve result exist) -- skipping regeneration/re-solve
  [19:09:47] mode=local-mutant
    already have this (family + solve result exist) -- skipping regeneration/re-solve
  [19:09:47] mode=swap
    already have this (family + solve result exist) -- skipping regeneration/re-solve
  [19:09:47] mode=group-reshuffle
    already have this (family + solve result exist) -- skipping regeneration/re-solve
  [19:09:47] mode=constrained-shuffle
    already have this (family + solve result exist) -- skipping regeneration/re-solve
[19:09:47] DONE R01134
[19:09:47] START R01501
  [19:09:47] mode=swap
    already have this (family + solve result exist) -- skipping regeneration/re-solve
  [19:09:47] mode=group-reshuffle
    already have this (family + solve result exist) -- skipping regeneration/re-solve
  [19:09:47] mode=constrained-shuffle
    already have this (family + solve result exist) -- skipping regeneration/re-solve
[19:09:47] DONE R01501
[19:09:47] START R01854
  [19:09:47] mode=swap
    already have this (family + solve result exist) -- skipping regeneration/re-solve
  [19:09:47] mode=group-reshuffle
    already have this (family + solve result exist) -- skipping regeneration/re-solve
  [19:09:47] mode=constrained-shuffle
    already have this (family + solve result exist) -- skipping regeneration/re-solve
[19:09:47] DONE R01854
[19:09:47] START R02035
  [19:09:47] mode=swap
    already have this (family + solve result exist) -- skipping regeneration/re-solve
  [19:09:47] mode=group-reshuffle
    already have this (family + solve result exist) -- skipping regeneration/re-solve
  [19:09:47] mode=constrained-shuffle
    already have this (family + solve result exist) -- skipping regeneration/re-solve
[19:09:47] DONE R02035
[19:09:47] START R02095
  [19:09:47] mode=swap
    already have this (family + solve result exist) -- skipping regeneration/re-solve
  [19:09:47] mode=group-reshuffle
    already have this (family + solve result exist) -- skipping regeneration/re-solve
  [19:09:47] mode=constrained-shuffle
    already have this (family + solve result exist) -- skipping regeneration/re-solve
[19:09:47] DONE R02095
[19:09:47] START R02155
  [19:09:47] mode=symmetry
    already have this (family + solve result exist) -- skipping regeneration/re-solve
  [19:09:47] mode=local-mutant
    already have this (family + solve result exist) -- skipping regeneration/re-solve
  [19:09:47] mode=swap
    already have this (family + solve result exist) -- skipping regeneration/re-solve
  [19:09:47] mode=group-reshuffle
    already have this (family + solve result exist) -- skipping regeneration/re-solve
  [19:09:47] mode=constrained-shuffle
    already have this (family + solve result exist) -- skipping regeneration/re-solve
[19:09:47] DONE R02155
[19:09:47] START R02215
  [19:09:47] mode=swap
    already have this (family + solve result exist) -- skipping regeneration/re-solve
  [19:09:47] mode=group-reshuffle
    already have this (family + solve result exist) -- skipping regeneration/re-solve
  [19:09:47] mode=constrained-shuffle
    already have this (family + solve result exist) -- skipping regeneration/re-solve
[19:09:47] DONE R02215
[19:09:47] START R02275
  [19:09:47] mode=symmetry
    already have this (family + solve result exist) -- skipping regeneration/re-solve
  [19:09:47] mode=local-mutant
    already have this (family + solve result exist) -- skipping regeneration/re-solve
  [19:09:47] mode=swap
    already have this (family + solve result exist) -- skipping regeneration/re-solve
  [19:09:47] mode=group-reshuffle
    already have this (family + solve result exist) -- skipping regeneration/re-solve
  [19:09:47] mode=constrained-shuffle
    already have this (family + solve result exist) -- skipping regeneration/re-solve
[19:09:47] DONE R02275
[19:09:47] START R02335
  [19:09:47] mode=swap
    already have this (family + solve result exist) -- skipping regeneration/re-solve
  [19:09:47] mode=group-reshuffle
    already have this (family + solve result exist) -- skipping regeneration/re-solve
  [19:09:47] mode=constrained-shuffle
    already have this (family + solve result exist) -- skipping regeneration/re-solve
[19:09:47] DONE R02335
[19:09:47] START R02395
  [19:09:47] mode=swap
    already have this (family + solve result exist) -- skipping regeneration/re-solve
  [19:09:47] mode=group-reshuffle
    already have this (family + solve result exist) -- skipping regeneration/re-solve
  [19:09:47] mode=constrained-shuffle
    already have this (family + solve result exist) -- skipping regeneration/re-solve
[19:09:47] DONE R02395
[19:09:47] START R02455
  [19:09:47] mode=symmetry
    already have this (family + solve result exist) -- skipping regeneration/re-solve
  [19:09:47] mode=local-mutant
    already have this (family + solve result exist) -- skipping regeneration/re-solve
  [19:09:47] mode=swap
    already have this (family + solve result exist) -- skipping regeneration/re-solve
  [19:09:47] mode=group-reshuffle
    already have this (family + solve result exist) -- skipping regeneration/re-solve
  [19:09:47] mode=constrained-shuffle
    already have this (family + solve result exist) -- skipping regeneration/re-solve
[19:09:47] DONE R02455
[19:09:47] START R02515
  [19:09:47] mode=swap
    already have this (family + solve result exist) -- skipping regeneration/re-solve
  [19:09:47] mode=group-reshuffle
    already have this (family + solve result exist) -- skipping regeneration/re-solve
  [19:09:47] mode=constrained-shuffle
    already have this (family + solve result exist) -- skipping regeneration/re-solve
[19:09:47] DONE R02515
[19:09:47] START R02575
  [19:09:47] mode=symmetry
    already have this (family + solve result exist) -- skipping regeneration/re-solve
  [19:09:47] mode=local-mutant
    already have this (family + solve result exist) -- skipping regeneration/re-solve
  [19:09:47] mode=swap
    already have this (family + solve result exist) -- skipping regeneration/re-solve
  [19:09:47] mode=group-reshuffle
    already have this (family + solve result exist) -- skipping regeneration/re-solve
  [19:09:47] mode=constrained-shuffle
    already have this (family + solve result exist) -- skipping regeneration/re-solve
[19:09:47] DONE R02575
[19:09:47] START R02635
  [19:09:47] mode=swap
    already have this (family + solve result exist) -- skipping regeneration/re-solve
  [19:09:47] mode=group-reshuffle
    already have this (family + solve result exist) -- skipping regeneration/re-solve
  [19:09:47] mode=constrained-shuffle
    already have this (family + solve result exist) -- skipping regeneration/re-solve
[19:09:47] DONE R02635
[19:09:47] START R02695
  [19:09:47] mode=swap
    already have this (family + solve result exist) -- skipping regeneration/re-solve
  [19:09:47] mode=group-reshuffle
    already have this (family + solve result exist) -- skipping regeneration/re-solve
  [19:09:47] mode=constrained-shuffle
    already have this (family + solve result exist) -- skipping regeneration/re-solve
[19:09:47] DONE R02695
[19:09:47] START R02755
  [19:09:47] mode=swap
    already have this (family + solve result exist) -- skipping regeneration/re-solve
  [19:09:47] mode=group-reshuffle
    already have this (family + solve result exist) -- skipping regeneration/re-solve
  [19:09:47] mode=constrained-shuffle
    already have this (family + solve result exist) -- skipping regeneration/re-solve
[19:09:47] DONE R02755
[19:09:47] START R02815
  [19:09:47] mode=swap
    already have this (family + solve result exist) -- skipping regeneration/re-solve
  [19:09:47] mode=group-reshuffle
    already have this (family + solve result exist) -- skipping regeneration/re-solve
  [19:09:47] mode=constrained-shuffle
    already have this (family + solve result exist) -- skipping regeneration/re-solve
[19:09:47] DONE R02815
[19:09:47] START R02875
  [19:09:47] mode=symmetry
    already have this (family + solve result exist) -- skipping regeneration/re-solve
  [19:09:47] mode=local-mutant
    already have this (family + solve result exist) -- skipping regeneration/re-solve
  [19:09:47] mode=swap
    already have this (family + solve result exist) -- skipping regeneration/re-solve
  [19:09:47] mode=group-reshuffle
    already have this (family + solve result exist) -- skipping regeneration/re-solve
  [19:09:47] mode=constrained-shuffle
    already have this (family + solve result exist) -- skipping regeneration/re-solve
[19:09:47] DONE R02875
[19:09:47] START R02935
  [19:09:47] mode=swap
    already have this (family + solve result exist) -- skipping regeneration/re-solve
  [19:09:47] mode=group-reshuffle
    already have this (family + solve result exist) -- skipping regeneration/re-solve
  [19:09:47] mode=constrained-shuffle
    already have this (family + solve result exist) -- skipping regeneration/re-solve
[19:09:47] DONE R02935
[19:09:47] START R02995
  [19:09:47] mode=swap
    already have this (family + solve result exist) -- skipping regeneration/re-solve
  [19:09:47] mode=group-reshuffle
    already have this (family + solve result exist) -- skipping regeneration/re-solve
  [19:09:47] mode=constrained-shuffle
    already have this (family + solve result exist) -- skipping regeneration/re-solve
[19:09:47] DONE R02995
[19:09:47] START R03055
  [19:09:47] mode=swap
    already have this (family + solve result exist) -- skipping regeneration/re-solve
  [19:09:47] mode=group-reshuffle
    already have this (family + solve result exist) -- skipping regeneration/re-solve
  [19:09:47] mode=constrained-shuffle
    already have this (family + solve result exist) -- skipping regeneration/re-solve
[19:09:47] DONE R03055
[19:09:47] START R03115
  [19:09:47] mode=swap
    already have this (family + solve result exist) -- skipping regeneration/re-solve
  [19:09:47] mode=group-reshuffle
    already have this (family + solve result exist) -- skipping regeneration/re-solve
  [19:09:47] mode=constrained-shuffle
    already have this (family + solve result exist) -- skipping regeneration/re-solve
[19:09:47] DONE R03115
[19:09:47] START R03175
  [19:09:47] mode=swap
    already have this (family + solve result exist) -- skipping regeneration/re-solve
  [19:09:47] mode=group-reshuffle
    already have this (family + solve result exist) -- skipping regeneration/re-solve
  [19:09:47] mode=constrained-shuffle
    already have this (family + solve result exist) -- skipping regeneration/re-solve
[19:09:47] DONE R03175
[19:09:47] START R03235
  [19:09:47] mode=symmetry
    already have this (family + solve result exist) -- skipping regeneration/re-solve
  [19:09:47] mode=local-mutant
    already have this (family + solve result exist) -- skipping regeneration/re-solve
  [19:09:47] mode=swap
    already have this (family + solve result exist) -- skipping regeneration/re-solve
  [19:09:47] mode=group-reshuffle
    already have this (family + solve result exist) -- skipping regeneration/re-solve
  [19:09:47] mode=constrained-shuffle
    already have this (family + solve result exist) -- skipping regeneration/re-solve
[19:09:47] DONE R03235
[19:09:47] START R03295
  [19:09:47] mode=symmetry
    already have this (family + solve result exist) -- skipping regeneration/re-solve
  [19:09:47] mode=local-mutant
    already have this (family + solve result exist) -- skipping regeneration/re-solve
  [19:09:47] mode=swap
    already have this (family + solve result exist) -- skipping regeneration/re-solve
  [19:09:47] mode=group-reshuffle
    already have this (family + solve result exist) -- skipping regeneration/re-solve
  [19:09:47] mode=constrained-shuffle
    already have this (family + solve result exist) -- skipping regeneration/re-solve
[19:09:47] DONE R03295
[19:09:47] START R03355
  [19:09:47] mode=swap
    already have this (family + solve result exist) -- skipping regeneration/re-solve
  [19:09:47] mode=group-reshuffle
    already have this (family + solve result exist) -- skipping regeneration/re-solve
  [19:09:47] mode=constrained-shuffle
    already have this (family + solve result exist) -- skipping regeneration/re-solve
[19:09:47] DONE R03355
[19:09:47] SHARD END
