[08:30:53] SHARD START 32 level(s)
[08:30:53] START P00049
  [08:30:53] mode=symmetry
    symmetry: solved=7/7
  [08:31:00] mode=local-mutant
    generate produced 0 variants (no file written) -- skipping solve/hint-workbench
  [08:31:00] mode=swap
    swap: solved=0/0
  [08:31:01] mode=constrained-shuffle
    constrained-shuffle: solved=0/0
[08:31:02] DONE P00049
[08:31:02] START P00109
  [08:31:02] mode=symmetry
    symmetry: solved=7/7
  [08:31:07] mode=local-mutant
    generate produced 0 variants (no file written) -- skipping solve/hint-workbench
  [08:31:08] mode=swap
    swap: solved=0/0
  [08:31:08] mode=constrained-shuffle
    constrained-shuffle: solved=0/0
[08:31:09] DONE P00109
[08:31:09] START S00065
  [08:31:09] mode=symmetry
    symmetry: solved=7/7
  [08:31:17] mode=local-mutant
    local-mutant: solved=10/10
  [08:31:32] mode=swap
    swap: solved=0/0
  [08:31:33] mode=group-reshuffle
    group-reshuffle: solved=10/10
  [08:31:47] mode=constrained-shuffle
    constrained-shuffle: solved=10/10
[08:32:02] DONE S00065
[08:32:02] START R01227
  [08:32:02] mode=symmetry
    symmetry: solved=7/7
  [08:32:13] mode=local-mutant
    local-mutant: solved=10/10
  [08:32:26] mode=swap
    swap: solved=0/0
  [08:32:27] mode=group-reshuffle
    group-reshuffle: solved=10/10
  [08:32:51] mode=constrained-shuffle
    constrained-shuffle: solved=10/10
[08:33:17] DONE R01227
[08:33:17] START R00228
  [08:33:17] mode=symmetry
    symmetry: solved=7/7
  [08:34:15] mode=local-mutant
    local-mutant: solved=9/10
  [08:35:37] mode=swap
    swap: solved=10/10
  [08:37:03] mode=group-reshuffle
    group-reshuffle: solved=4/10
  [08:39:21] mode=constrained-shuffle
    constrained-shuffle: solved=6/10
[08:41:20] DONE R00228
[08:41:20] START R00563
  [08:41:20] mode=swap
    swap: solved=0/10
  [08:44:21] mode=group-reshuffle
    group-reshuffle: solved=0/10
  [08:47:19] mode=constrained-shuffle
    constrained-shuffle: solved=0/10
[08:50:16] DONE R00563
[08:50:16] START R00943
  [08:50:16] mode=symmetry
    symmetry: solved=0/7
  [08:53:32] mode=local-mutant
    local-mutant: solved=1/10
  [08:58:04] mode=swap
    swap: solved=1/10
  [09:02:36] mode=group-reshuffle
    group-reshuffle: solved=2/10
  [09:06:41] mode=constrained-shuffle
    constrained-shuffle: solved=0/10
[09:11:13] DONE R00943
[09:11:13] START R01262
  [09:11:13] mode=symmetry
    symmetry: solved=7/7
  [09:11:25] mode=local-mutant
    local-mutant: solved=10/10
  [09:11:42] mode=swap
    swap: solved=10/10
  [09:12:02] mode=group-reshuffle
    group-reshuffle: solved=10/10
  [09:12:18] mode=constrained-shuffle
    constrained-shuffle: solved=10/10
[09:12:36] DONE R01262
[09:12:36] START R01614
  [09:12:36] mode=swap
    swap: solved=0/10
  [09:13:53] mode=group-reshuffle
    group-reshuffle: solved=0/10
  [09:15:10] mode=constrained-shuffle
    constrained-shuffle: solved=1/10
[09:16:29] DONE R01614
[09:16:29] START R01972
  [09:16:29] mode=symmetry
    symmetry: solved=7/7
  [09:16:38] mode=local-mutant
    local-mutant: solved=10/10
  [09:16:50] mode=swap
    swap: solved=10/10
  [09:17:01] mode=group-reshuffle
    group-reshuffle: solved=10/10
  [09:17:12] mode=constrained-shuffle
    constrained-shuffle: solved=10/10
[09:17:24] DONE R01972
[09:17:24] START R02056
  [09:17:24] mode=symmetry
    symmetry: solved=0/7
  [09:18:09] mode=local-mutant
    local-mutant: solved=4/10
  [09:19:03] mode=swap
    swap: solved=2/10
  [09:20:08] mode=group-reshuffle
    group-reshuffle: solved=6/10
  [09:20:56] mode=constrained-shuffle
    constrained-shuffle: solved=3/10
[09:21:54] DONE R02056
[09:21:54] START R02116
  [09:21:54] mode=symmetry
    symmetry: solved=7/7
  [09:22:06] mode=local-mutant
    local-mutant: solved=10/10
  [09:22:39] mode=swap
    swap: solved=10/10
  [09:23:28] mode=group-reshuffle
    group-reshuffle: solved=9/10
  [09:24:07] mode=constrained-shuffle
    constrained-shuffle: solved=10/10
[09:24:28] DONE R02116
[09:24:28] START R02176
  [09:24:28] mode=swap
    swap: solved=1/10
  [09:28:26] mode=group-reshuffle
    group-reshuffle: solved=1/10
  [09:32:48] mode=constrained-shuffle
    constrained-shuffle: solved=3/10
[09:36:26] DONE R02176
[09:36:26] START R02236
  [09:36:26] mode=symmetry
    symmetry: solved=7/7
  [09:36:46] mode=local-mutant
    local-mutant: solved=10/10
  [09:37:19] mode=swap
    swap: solved=4/4
  [09:37:37] mode=group-reshuffle
    group-reshuffle: solved=10/10
  [09:38:28] mode=constrained-shuffle
    constrained-shuffle: solved=8/10
[09:39:44] DONE R02236
[09:39:44] START R02296
  [09:39:44] mode=swap
    swap: solved=0/10
  [09:40:31] mode=group-reshuffle
    group-reshuffle: solved=3/10
  [09:41:13] mode=constrained-shuffle
    constrained-shuffle: solved=3/10
[09:41:57] DONE R02296
[09:41:57] START R02356
  [09:41:57] mode=swap
    swap: solved=0/10
  [09:43:03] mode=group-reshuffle
    group-reshuffle: solved=0/10
  [09:44:05] mode=constrained-shuffle
    constrained-shuffle: solved=0/10
[09:45:11] DONE R02356
[09:45:11] START R02416
  [09:45:11] mode=swap
    swap: solved=0/10
  [09:46:04] mode=group-reshuffle
    group-reshuffle: solved=0/10
  [09:46:59] mode=constrained-shuffle
    constrained-shuffle: solved=0/10
[09:47:49] DONE R02416
[09:47:49] START R02476
  [09:47:49] mode=symmetry
    symmetry: solved=0/7
  [09:49:17] mode=local-mutant
    local-mutant: solved=0/10
  [09:51:20] mode=swap
    swap: solved=0/10
  [09:53:26] mode=group-reshuffle
    group-reshuffle: solved=0/10
  [09:55:33] mode=constrained-shuffle
    constrained-shuffle: solved=0/10
[09:57:33] DONE R02476
[09:57:33] START R02536
  [09:57:33] mode=symmetry
    symmetry: solved=1/7
  [10:00:03] mode=local-mutant
    local-mutant: solved=3/10
  [10:03:27] mode=swap
    swap: solved=0/10
  [10:07:11] mode=group-reshuffle
    group-reshuffle: solved=3/10
  [10:10:26] mode=constrained-shuffle
    constrained-shuffle: solved=2/10
[10:13:45] DONE R02536
[10:13:45] START R02596
  [10:13:45] mode=swap
    swap: solved=0/10
  [10:14:46] mode=group-reshuffle
    group-reshuffle: solved=0/10
  [10:15:44] mode=constrained-shuffle
    constrained-shuffle: solved=0/10
[10:16:43] DONE R02596
[10:16:43] START R02656
  [10:16:43] mode=swap
    swap: solved=0/10
  [10:18:04] mode=group-reshuffle
    group-reshuffle: solved=1/10
  [10:19:26] mode=constrained-shuffle
    constrained-shuffle: solved=1/10
[10:20:53] DONE R02656
[10:20:53] START R02716
  [10:20:53] mode=swap
    swap: solved=0/10
  [10:21:48] mode=group-reshuffle
    group-reshuffle: solved=0/10
  [10:22:45] mode=constrained-shuffle
    constrained-shuffle: solved=0/10
[10:23:45] DONE R02716
[10:23:45] START R02776
  [10:23:45] mode=symmetry
    symmetry: solved=7/7
  [10:23:56] mode=local-mutant
    local-mutant: solved=10/10
  [10:24:14] mode=swap
    swap: solved=10/10
  [10:24:30] mode=group-reshuffle
    group-reshuffle: solved=10/10
  [10:24:45] mode=constrained-shuffle
    constrained-shuffle: solved=9/10
[10:25:13] DONE R02776
[10:25:13] START R02836
  [10:25:13] mode=symmetry
    symmetry: solved=4/7
  [10:25:33] mode=local-mutant
    local-mutant: solved=10/10
  [10:26:00] mode=swap
    swap: solved=0/10
  [10:26:47] mode=group-reshuffle
    group-reshuffle: solved=10/10
  [10:27:11] mode=constrained-shuffle
    constrained-shuffle: solved=7/10
[10:27:48] DONE R02836
[10:27:48] START R02896
  [10:27:48] mode=swap
    swap: solved=0/10
  [10:29:00] mode=group-reshuffle
    group-reshuffle: solved=8/10
  [10:29:28] mode=constrained-shuffle
    constrained-shuffle: solved=9/10
[10:29:57] DONE R02896
[10:29:57] START R02956
  [10:29:57] mode=swap
    swap: solved=0/10
  [10:32:50] mode=group-reshuffle
    group-reshuffle: solved=5/10
  [10:34:37] mode=constrained-shuffle
    constrained-shuffle: solved=3/10
[10:36:50] DONE R02956
[10:36:50] START R03016
  [10:36:50] mode=swap
    swap: solved=0/10
  [10:40:13] mode=group-reshuffle
    group-reshuffle: solved=0/10
  [10:43:29] mode=constrained-shuffle
    constrained-shuffle: solved=0/10
[10:46:50] DONE R03016
[10:46:50] START R03076
  [10:46:50] mode=swap
    swap: solved=3/10
  [10:48:11] mode=group-reshuffle
    group-reshuffle: solved=4/10
  [10:49:28] mode=constrained-shuffle
    constrained-shuffle: solved=0/10
[10:50:51] DONE R03076
[10:50:51] START R03136
  [10:50:51] mode=swap
    swap: solved=4/10
  [10:54:11] mode=group-reshuffle
    group-reshuffle: solved=1/10
  [10:58:33] mode=constrained-shuffle
    constrained-shuffle: solved=3/10
[11:02:22] DONE R03136
[11:02:22] START R03196
  [11:02:22] mode=symmetry
    symmetry: solved=6/7
  [11:03:27] mode=local-mutant
    local-mutant: solved=8/10
  [11:05:00] mode=swap
    swap: solved=10/10
  [11:05:42] mode=group-reshuffle
    group-reshuffle: solved=6/10
  [11:07:36] mode=constrained-shuffle
    constrained-shuffle: solved=6/10
[11:09:32] DONE R03196
[11:09:32] START R03256
  [11:09:32] mode=symmetry
    symmetry: solved=7/7
  [11:09:43] mode=local-mutant
    local-mutant: solved=9/10
  [11:10:06] mode=swap
    swap: solved=10/10
  [11:10:22] mode=group-reshuffle
    group-reshuffle: solved=9/10
  [11:10:43] mode=constrained-shuffle
    constrained-shuffle: solved=9/10
[11:11:06] DONE R03256
[11:11:06] START R03316
  [11:11:06] mode=swap
    swap: solved=0/10
  [11:12:09] mode=group-reshuffle
    group-reshuffle: solved=0/0
  [11:12:11] mode=constrained-shuffle
    constrained-shuffle: solved=0/10
[11:13:15] DONE R03316
[11:13:15] SHARD END
[19:11:23] SHARD START 32 level(s)
[19:11:23] START P00049
  [19:11:23] mode=symmetry
    already have this (family + solve result exist) -- skipping regeneration/re-solve
  [19:11:23] mode=local-mutant
    generate produced 0 variants (no file written) -- skipping solve/hint-workbench
  [19:11:24] mode=swap
    already have this (family + solve result exist) -- skipping regeneration/re-solve
  [19:11:24] mode=constrained-shuffle
    already have this (family + solve result exist) -- skipping regeneration/re-solve
[19:11:24] DONE P00049
[19:11:24] START P00109
  [19:11:24] mode=symmetry
    already have this (family + solve result exist) -- skipping regeneration/re-solve
  [19:11:24] mode=local-mutant
    generate produced 0 variants (no file written) -- skipping solve/hint-workbench
  [19:11:24] mode=swap
    already have this (family + solve result exist) -- skipping regeneration/re-solve
  [19:11:24] mode=constrained-shuffle
    already have this (family + solve result exist) -- skipping regeneration/re-solve
[19:11:24] DONE P00109
[19:11:24] START S00065
  [19:11:24] mode=symmetry
    already have this (family + solve result exist) -- skipping regeneration/re-solve
  [19:11:24] mode=local-mutant
    already have this (family + solve result exist) -- skipping regeneration/re-solve
  [19:11:24] mode=swap
    already have this (family + solve result exist) -- skipping regeneration/re-solve
  [19:11:24] mode=group-reshuffle
    already have this (family + solve result exist) -- skipping regeneration/re-solve
  [19:11:24] mode=constrained-shuffle
    already have this (family + solve result exist) -- skipping regeneration/re-solve
[19:11:24] DONE S00065
[19:11:24] START R01227
  [19:11:24] mode=symmetry
    already have this (family + solve result exist) -- skipping regeneration/re-solve
  [19:11:24] mode=local-mutant
    already have this (family + solve result exist) -- skipping regeneration/re-solve
  [19:11:24] mode=swap
    already have this (family + solve result exist) -- skipping regeneration/re-solve
  [19:11:24] mode=group-reshuffle
    already have this (family + solve result exist) -- skipping regeneration/re-solve
  [19:11:24] mode=constrained-shuffle
    already have this (family + solve result exist) -- skipping regeneration/re-solve
[19:11:24] DONE R01227
[19:11:24] START R00228
  [19:11:24] mode=symmetry
    already have this (family + solve result exist) -- skipping regeneration/re-solve
  [19:11:24] mode=local-mutant
    already have this (family + solve result exist) -- skipping regeneration/re-solve
  [19:11:24] mode=swap
    already have this (family + solve result exist) -- skipping regeneration/re-solve
  [19:11:24] mode=group-reshuffle
    already have this (family + solve result exist) -- skipping regeneration/re-solve
  [19:11:24] mode=constrained-shuffle
    already have this (family + solve result exist) -- skipping regeneration/re-solve
[19:11:24] DONE R00228
[19:11:24] START R00563
  [19:11:24] mode=swap
    already have this (family + solve result exist) -- skipping regeneration/re-solve
  [19:11:24] mode=group-reshuffle
    already have this (family + solve result exist) -- skipping regeneration/re-solve
  [19:11:24] mode=constrained-shuffle
    already have this (family + solve result exist) -- skipping regeneration/re-solve
[19:11:24] DONE R00563
[19:11:24] START R00943
  [19:11:24] mode=symmetry
    already have this (family + solve result exist) -- skipping regeneration/re-solve
  [19:11:24] mode=local-mutant
    already have this (family + solve result exist) -- skipping regeneration/re-solve
  [19:11:24] mode=swap
    already have this (family + solve result exist) -- skipping regeneration/re-solve
  [19:11:24] mode=group-reshuffle
    already have this (family + solve result exist) -- skipping regeneration/re-solve
  [19:11:24] mode=constrained-shuffle
    already have this (family + solve result exist) -- skipping regeneration/re-solve
[19:11:24] DONE R00943
[19:11:24] START R01262
  [19:11:24] mode=symmetry
    already have this (family + solve result exist) -- skipping regeneration/re-solve
  [19:11:24] mode=local-mutant
    already have this (family + solve result exist) -- skipping regeneration/re-solve
  [19:11:24] mode=swap
    already have this (family + solve result exist) -- skipping regeneration/re-solve
  [19:11:24] mode=group-reshuffle
    already have this (family + solve result exist) -- skipping regeneration/re-solve
  [19:11:24] mode=constrained-shuffle
    already have this (family + solve result exist) -- skipping regeneration/re-solve
[19:11:24] DONE R01262
[19:11:24] START R01614
  [19:11:24] mode=swap
    already have this (family + solve result exist) -- skipping regeneration/re-solve
  [19:11:24] mode=group-reshuffle
    already have this (family + solve result exist) -- skipping regeneration/re-solve
  [19:11:24] mode=constrained-shuffle
    already have this (family + solve result exist) -- skipping regeneration/re-solve
[19:11:24] DONE R01614
[19:11:24] START R01972
  [19:11:24] mode=symmetry
    already have this (family + solve result exist) -- skipping regeneration/re-solve
  [19:11:24] mode=local-mutant
    already have this (family + solve result exist) -- skipping regeneration/re-solve
  [19:11:24] mode=swap
    already have this (family + solve result exist) -- skipping regeneration/re-solve
  [19:11:24] mode=group-reshuffle
    already have this (family + solve result exist) -- skipping regeneration/re-solve
  [19:11:24] mode=constrained-shuffle
    already have this (family + solve result exist) -- skipping regeneration/re-solve
[19:11:24] DONE R01972
[19:11:24] START R02056
  [19:11:24] mode=symmetry
    already have this (family + solve result exist) -- skipping regeneration/re-solve
  [19:11:24] mode=local-mutant
    already have this (family + solve result exist) -- skipping regeneration/re-solve
  [19:11:24] mode=swap
    already have this (family + solve result exist) -- skipping regeneration/re-solve
  [19:11:24] mode=group-reshuffle
    already have this (family + solve result exist) -- skipping regeneration/re-solve
  [19:11:24] mode=constrained-shuffle
    already have this (family + solve result exist) -- skipping regeneration/re-solve
[19:11:24] DONE R02056
[19:11:24] START R02116
  [19:11:24] mode=symmetry
    already have this (family + solve result exist) -- skipping regeneration/re-solve
  [19:11:24] mode=local-mutant
    already have this (family + solve result exist) -- skipping regeneration/re-solve
  [19:11:24] mode=swap
    already have this (family + solve result exist) -- skipping regeneration/re-solve
  [19:11:24] mode=group-reshuffle
    already have this (family + solve result exist) -- skipping regeneration/re-solve
  [19:11:24] mode=constrained-shuffle
    already have this (family + solve result exist) -- skipping regeneration/re-solve
[19:11:24] DONE R02116
[19:11:24] START R02176
  [19:11:24] mode=swap
    already have this (family + solve result exist) -- skipping regeneration/re-solve
  [19:11:24] mode=group-reshuffle
    already have this (family + solve result exist) -- skipping regeneration/re-solve
  [19:11:24] mode=constrained-shuffle
    already have this (family + solve result exist) -- skipping regeneration/re-solve
[19:11:24] DONE R02176
[19:11:24] START R02236
  [19:11:24] mode=symmetry
    already have this (family + solve result exist) -- skipping regeneration/re-solve
  [19:11:24] mode=local-mutant
    already have this (family + solve result exist) -- skipping regeneration/re-solve
  [19:11:24] mode=swap
    already have this (family + solve result exist) -- skipping regeneration/re-solve
  [19:11:24] mode=group-reshuffle
    already have this (family + solve result exist) -- skipping regeneration/re-solve
  [19:11:24] mode=constrained-shuffle
    already have this (family + solve result exist) -- skipping regeneration/re-solve
[19:11:24] DONE R02236
[19:11:24] START R02296
  [19:11:24] mode=swap
    already have this (family + solve result exist) -- skipping regeneration/re-solve
  [19:11:24] mode=group-reshuffle
    already have this (family + solve result exist) -- skipping regeneration/re-solve
  [19:11:24] mode=constrained-shuffle
    already have this (family + solve result exist) -- skipping regeneration/re-solve
[19:11:24] DONE R02296
[19:11:24] START R02356
  [19:11:24] mode=swap
    already have this (family + solve result exist) -- skipping regeneration/re-solve
  [19:11:24] mode=group-reshuffle
    already have this (family + solve result exist) -- skipping regeneration/re-solve
  [19:11:24] mode=constrained-shuffle
    already have this (family + solve result exist) -- skipping regeneration/re-solve
[19:11:24] DONE R02356
[19:11:24] START R02416
  [19:11:24] mode=swap
    already have this (family + solve result exist) -- skipping regeneration/re-solve
  [19:11:24] mode=group-reshuffle
    already have this (family + solve result exist) -- skipping regeneration/re-solve
  [19:11:24] mode=constrained-shuffle
    already have this (family + solve result exist) -- skipping regeneration/re-solve
[19:11:24] DONE R02416
[19:11:24] START R02476
  [19:11:24] mode=symmetry
    already have this (family + solve result exist) -- skipping regeneration/re-solve
  [19:11:24] mode=local-mutant
    already have this (family + solve result exist) -- skipping regeneration/re-solve
  [19:11:24] mode=swap
    already have this (family + solve result exist) -- skipping regeneration/re-solve
  [19:11:24] mode=group-reshuffle
    already have this (family + solve result exist) -- skipping regeneration/re-solve
  [19:11:24] mode=constrained-shuffle
    already have this (family + solve result exist) -- skipping regeneration/re-solve
[19:11:24] DONE R02476
[19:11:24] START R02536
  [19:11:24] mode=symmetry
    already have this (family + solve result exist) -- skipping regeneration/re-solve
  [19:11:24] mode=local-mutant
    already have this (family + solve result exist) -- skipping regeneration/re-solve
  [19:11:24] mode=swap
    already have this (family + solve result exist) -- skipping regeneration/re-solve
  [19:11:24] mode=group-reshuffle
    already have this (family + solve result exist) -- skipping regeneration/re-solve
  [19:11:24] mode=constrained-shuffle
    already have this (family + solve result exist) -- skipping regeneration/re-solve
[19:11:24] DONE R02536
[19:11:24] START R02596
  [19:11:24] mode=swap
    already have this (family + solve result exist) -- skipping regeneration/re-solve
  [19:11:24] mode=group-reshuffle
    already have this (family + solve result exist) -- skipping regeneration/re-solve
  [19:11:24] mode=constrained-shuffle
    already have this (family + solve result exist) -- skipping regeneration/re-solve
[19:11:24] DONE R02596
[19:11:24] START R02656
  [19:11:24] mode=swap
    already have this (family + solve result exist) -- skipping regeneration/re-solve
  [19:11:24] mode=group-reshuffle
    already have this (family + solve result exist) -- skipping regeneration/re-solve
  [19:11:24] mode=constrained-shuffle
    already have this (family + solve result exist) -- skipping regeneration/re-solve
[19:11:24] DONE R02656
[19:11:24] START R02716
  [19:11:24] mode=swap
    already have this (family + solve result exist) -- skipping regeneration/re-solve
  [19:11:24] mode=group-reshuffle
    already have this (family + solve result exist) -- skipping regeneration/re-solve
  [19:11:24] mode=constrained-shuffle
    already have this (family + solve result exist) -- skipping regeneration/re-solve
[19:11:24] DONE R02716
[19:11:24] START R02776
  [19:11:24] mode=symmetry
    already have this (family + solve result exist) -- skipping regeneration/re-solve
  [19:11:24] mode=local-mutant
    already have this (family + solve result exist) -- skipping regeneration/re-solve
  [19:11:24] mode=swap
    already have this (family + solve result exist) -- skipping regeneration/re-solve
  [19:11:24] mode=group-reshuffle
    already have this (family + solve result exist) -- skipping regeneration/re-solve
  [19:11:24] mode=constrained-shuffle
    already have this (family + solve result exist) -- skipping regeneration/re-solve
[19:11:24] DONE R02776
[19:11:24] START R02836
  [19:11:24] mode=symmetry
    already have this (family + solve result exist) -- skipping regeneration/re-solve
  [19:11:24] mode=local-mutant
    already have this (family + solve result exist) -- skipping regeneration/re-solve
  [19:11:24] mode=swap
    already have this (family + solve result exist) -- skipping regeneration/re-solve
  [19:11:24] mode=group-reshuffle
    already have this (family + solve result exist) -- skipping regeneration/re-solve
  [19:11:24] mode=constrained-shuffle
    already have this (family + solve result exist) -- skipping regeneration/re-solve
[19:11:24] DONE R02836
[19:11:24] START R02896
  [19:11:24] mode=swap
    already have this (family + solve result exist) -- skipping regeneration/re-solve
  [19:11:24] mode=group-reshuffle
    already have this (family + solve result exist) -- skipping regeneration/re-solve
  [19:11:24] mode=constrained-shuffle
    already have this (family + solve result exist) -- skipping regeneration/re-solve
[19:11:24] DONE R02896
[19:11:24] START R02956
  [19:11:24] mode=swap
    already have this (family + solve result exist) -- skipping regeneration/re-solve
  [19:11:24] mode=group-reshuffle
    already have this (family + solve result exist) -- skipping regeneration/re-solve
  [19:11:24] mode=constrained-shuffle
    already have this (family + solve result exist) -- skipping regeneration/re-solve
[19:11:24] DONE R02956
[19:11:24] START R03016
  [19:11:24] mode=swap
    already have this (family + solve result exist) -- skipping regeneration/re-solve
  [19:11:24] mode=group-reshuffle
    already have this (family + solve result exist) -- skipping regeneration/re-solve
  [19:11:24] mode=constrained-shuffle
    already have this (family + solve result exist) -- skipping regeneration/re-solve
[19:11:24] DONE R03016
[19:11:24] START R03076
  [19:11:24] mode=swap
    already have this (family + solve result exist) -- skipping regeneration/re-solve
  [19:11:24] mode=group-reshuffle
    already have this (family + solve result exist) -- skipping regeneration/re-solve
  [19:11:24] mode=constrained-shuffle
    already have this (family + solve result exist) -- skipping regeneration/re-solve
[19:11:24] DONE R03076
[19:11:24] START R03136
  [19:11:24] mode=swap
    already have this (family + solve result exist) -- skipping regeneration/re-solve
  [19:11:24] mode=group-reshuffle
    already have this (family + solve result exist) -- skipping regeneration/re-solve
  [19:11:24] mode=constrained-shuffle
    already have this (family + solve result exist) -- skipping regeneration/re-solve
[19:11:24] DONE R03136
[19:11:24] START R03196
  [19:11:24] mode=symmetry
    already have this (family + solve result exist) -- skipping regeneration/re-solve
  [19:11:24] mode=local-mutant
    already have this (family + solve result exist) -- skipping regeneration/re-solve
  [19:11:24] mode=swap
    already have this (family + solve result exist) -- skipping regeneration/re-solve
  [19:11:24] mode=group-reshuffle
    already have this (family + solve result exist) -- skipping regeneration/re-solve
  [19:11:24] mode=constrained-shuffle
    already have this (family + solve result exist) -- skipping regeneration/re-solve
[19:11:24] DONE R03196
[19:11:24] START R03256
  [19:11:24] mode=symmetry
    already have this (family + solve result exist) -- skipping regeneration/re-solve
  [19:11:24] mode=local-mutant
    already have this (family + solve result exist) -- skipping regeneration/re-solve
  [19:11:24] mode=swap
    already have this (family + solve result exist) -- skipping regeneration/re-solve
  [19:11:24] mode=group-reshuffle
    already have this (family + solve result exist) -- skipping regeneration/re-solve
  [19:11:24] mode=constrained-shuffle
    already have this (family + solve result exist) -- skipping regeneration/re-solve
[19:11:24] DONE R03256
[19:11:24] START R03316
  [19:11:24] mode=swap
    already have this (family + solve result exist) -- skipping regeneration/re-solve
  [19:11:24] mode=group-reshuffle
    already have this (family + solve result exist) -- skipping regeneration/re-solve
  [19:11:24] mode=constrained-shuffle
    already have this (family + solve result exist) -- skipping regeneration/re-solve
[19:11:24] DONE R03316
[19:11:24] SHARD END
