[07:34:06] SHARD START 33 level(s)
[07:34:06] START P00030
  [07:34:06] mode=symmetry
    symmetry: solved=7/7
  [07:34:10] mode=local-mutant
    generate produced 0 variants (no file written) -- skipping solve/hint-workbench
  [07:34:10] mode=swap
    swap: solved=0/0
  [07:34:11] mode=constrained-shuffle
    constrained-shuffle: solved=0/0
[07:34:12] DONE P00030
[07:34:12] START P00090
  [07:34:12] mode=symmetry
    symmetry: solved=7/7
  [07:34:18] mode=local-mutant
    local-mutant: solved=10/10
  [07:34:24] mode=swap
    swap: solved=0/0
  [07:34:25] mode=group-reshuffle
    group-reshuffle: solved=10/10
  [07:34:31] mode=constrained-shuffle
    constrained-shuffle: solved=10/10
[07:34:36] DONE P00090
[07:34:36] START P00150
  [07:34:36] mode=symmetry
    symmetry: solved=3/3
  [07:34:37] mode=local-mutant
    local-mutant: solved=10/10
  [07:34:39] mode=swap
    swap: solved=0/0
  [07:34:39] mode=group-reshuffle
    group-reshuffle: solved=10/10
  [07:34:41] mode=constrained-shuffle
    constrained-shuffle: solved=10/10
[07:34:42] DONE P00150
[07:34:42] START R00729
  [07:34:42] mode=symmetry
    symmetry: solved=3/7
  [07:35:12] mode=local-mutant
    local-mutant: solved=9/10
  [07:35:49] mode=swap
    swap: solved=10/10
  [07:36:08] mode=group-reshuffle
    group-reshuffle: solved=5/10
  [07:36:51] mode=constrained-shuffle
    constrained-shuffle: solved=8/10
[07:37:44] DONE R00729
[07:37:44] START R00080
  [07:37:44] mode=symmetry
    symmetry: solved=7/7
  [07:37:54] mode=local-mutant
    local-mutant: solved=8/10
  [07:38:17] mode=swap
    swap: solved=10/10
  [07:38:30] mode=group-reshuffle
    group-reshuffle: solved=3/10
  [07:39:18] mode=constrained-shuffle
    constrained-shuffle: solved=4/10
[07:40:07] DONE R00080
[07:40:07] START R00488
  [07:40:07] mode=swap
    swap: solved=1/10
  [07:41:23] mode=group-reshuffle
    group-reshuffle: solved=1/10
  [07:42:40] mode=constrained-shuffle
    constrained-shuffle: solved=4/10
[07:43:54] DONE R00488
[07:43:54] START R00815
  [07:43:54] mode=symmetry
    symmetry: solved=7/7
  [07:44:45] mode=local-mutant
    local-mutant: solved=10/10
  [07:45:50] mode=swap
    swap: solved=10/10
  [07:46:58] mode=group-reshuffle
    group-reshuffle: solved=10/10
  [07:47:56] mode=constrained-shuffle
    constrained-shuffle: solved=10/10
[07:49:11] DONE R00815
[07:49:11] START R01151
  [07:49:11] mode=swap
    swap: solved=0/10
  [07:52:38] mode=group-reshuffle
    group-reshuffle: solved=0/10
  [07:55:58] mode=constrained-shuffle
    constrained-shuffle: solved=0/10
[07:59:27] DONE R01151
[07:59:27] START R01511
  [07:59:27] mode=symmetry
    symmetry: solved=7/7
  [07:59:57] mode=local-mutant
    local-mutant: solved=10/10
  [08:00:34] mode=swap
    swap: solved=10/10
  [08:01:23] mode=group-reshuffle
    group-reshuffle: solved=9/10
  [08:02:12] mode=constrained-shuffle
    constrained-shuffle: solved=7/10
[08:03:22] DONE R01511
[08:03:22] START R01857
  [08:03:22] mode=symmetry
    symmetry: solved=0/7
  [08:04:09] mode=local-mutant
    local-mutant: solved=3/10
  [08:04:58] mode=swap
    swap: solved=1/10
  [08:05:58] mode=group-reshuffle
    group-reshuffle: solved=9/10
  [08:06:27] mode=constrained-shuffle
    constrained-shuffle: solved=8/10
[08:06:49] DONE R01857
[08:06:49] START R02037
  [08:06:49] mode=symmetry
    symmetry: solved=0/7
  [08:07:20] mode=local-mutant
    local-mutant: solved=0/10
  [08:08:03] mode=swap
    swap: solved=0/10
  [08:08:46] mode=group-reshuffle
    group-reshuffle: solved=1/10
  [08:09:30] mode=constrained-shuffle
    constrained-shuffle: solved=0/10
[08:10:13] DONE R02037
[08:10:13] START R02097
  [08:10:13] mode=swap
    swap: solved=0/10
  [08:12:33] mode=group-reshuffle
    group-reshuffle: solved=0/10
  [08:14:50] mode=constrained-shuffle
    constrained-shuffle: solved=2/10
[08:16:50] DONE R02097
[08:16:50] START R02157
  [08:16:50] mode=swap
    swap: solved=0/10
  [08:18:34] mode=group-reshuffle
    group-reshuffle: solved=5/10
  [08:19:40] mode=constrained-shuffle
    constrained-shuffle: solved=3/10
[08:21:00] DONE R02157
[08:21:00] START R02217
  [08:21:00] mode=symmetry
    symmetry: solved=7/7
  [08:21:19] mode=local-mutant
    local-mutant: solved=7/10
  [08:21:59] mode=swap
    swap: solved=5/10
  [08:22:48] mode=group-reshuffle
    group-reshuffle: solved=8/10
  [08:23:17] mode=constrained-shuffle
    constrained-shuffle: solved=6/10
[08:24:14] DONE R02217
[08:24:14] START R02277
  [08:24:14] mode=swap
    swap: solved=0/10
  [08:25:41] mode=group-reshuffle
    group-reshuffle: solved=2/10
  [08:27:03] mode=constrained-shuffle
    constrained-shuffle: solved=1/10
[08:28:30] DONE R02277
[08:28:30] START R02337
  [08:28:30] mode=symmetry
    symmetry: solved=0/7
  [08:32:21] mode=local-mutant
    local-mutant: solved=0/10
  [08:37:47] mode=swap
    swap: solved=5/10
  [08:41:10] mode=group-reshuffle
    group-reshuffle: solved=0/10
  [08:46:44] mode=constrained-shuffle
    constrained-shuffle: solved=0/10
[08:52:16] DONE R02337
[08:52:16] START R02397
  [08:52:16] mode=swap
    swap: solved=0/10
  [08:57:50] mode=group-reshuffle
    group-reshuffle: solved=0/10
  [09:03:10] mode=constrained-shuffle
    constrained-shuffle: solved=0/10
[09:08:34] DONE R02397
[09:08:34] START R02457
  [09:08:34] mode=swap
    swap: solved=0/10
  [09:13:37] mode=group-reshuffle
    group-reshuffle: solved=0/10
  [09:18:48] mode=constrained-shuffle
    constrained-shuffle: solved=0/10
[09:24:08] DONE R02457
[09:24:08] START R02517
  [09:24:08] mode=symmetry
    symmetry: solved=7/7
  [09:24:50] mode=local-mutant
    local-mutant: solved=5/10
  [09:26:03] mode=swap
    swap: solved=4/10
  [09:27:18] mode=group-reshuffle
    group-reshuffle: solved=0/10
  [09:28:42] mode=constrained-shuffle
    constrained-shuffle: solved=3/10
[09:29:54] DONE R02517
[09:29:54] START R02577
  [09:29:54] mode=symmetry
    symmetry: solved=7/7
  [09:30:07] mode=local-mutant
    local-mutant: solved=10/10
  [09:30:21] mode=swap
    swap: solved=10/10
  [09:30:39] mode=group-reshuffle
    group-reshuffle: solved=10/10
  [09:30:56] mode=constrained-shuffle
    constrained-shuffle: solved=10/10
[09:31:11] DONE R02577
[09:31:11] START R02637
  [09:31:11] mode=swap
    swap: solved=2/10
  [09:32:55] mode=group-reshuffle
    group-reshuffle: solved=2/10
  [09:34:41] mode=constrained-shuffle
    constrained-shuffle: solved=0/10
[09:36:49] DONE R02637
[09:36:49] START R02697
  [09:36:49] mode=swap
    swap: solved=1/10
  [09:39:55] mode=group-reshuffle
    group-reshuffle: solved=3/10
  [09:42:26] mode=constrained-shuffle
    constrained-shuffle: solved=3/10
[09:45:17] DONE R02697
[09:45:17] START R02757
  [09:45:17] mode=swap
    swap: solved=0/10
  [09:46:25] mode=group-reshuffle
    group-reshuffle: solved=0/10
  [09:47:33] mode=constrained-shuffle
    constrained-shuffle: solved=0/10
[09:48:45] DONE R02757
[09:48:45] START R02817
  [09:48:45] mode=symmetry
    symmetry: solved=5/7
  [09:49:17] mode=local-mutant
    local-mutant: solved=8/10
  [09:50:00] mode=swap
    swap: solved=7/10
  [09:50:50] mode=group-reshuffle
    group-reshuffle: solved=5/10
  [09:51:54] mode=constrained-shuffle
    constrained-shuffle: solved=5/10
[09:53:08] DONE R02817
[09:53:08] START R02877
  [09:53:08] mode=symmetry
    symmetry: solved=7/7
  [09:53:51] mode=local-mutant
    local-mutant: solved=7/10
  [09:55:13] mode=swap
    swap: solved=6/10
  [09:57:07] mode=group-reshuffle
    group-reshuffle: solved=10/10
  [09:57:54] mode=constrained-shuffle
    constrained-shuffle: solved=8/10
[09:58:48] DONE R02877
[09:58:48] START R02937
  [09:58:48] mode=symmetry
    symmetry: solved=1/7
  [10:00:59] mode=local-mutant
    local-mutant: solved=3/10
  [10:03:48] mode=swap
    swap: solved=0/10
  [10:06:58] mode=group-reshuffle
    group-reshuffle: solved=4/10
  [10:09:25] mode=constrained-shuffle
    constrained-shuffle: solved=1/10
[10:12:27] DONE R02937
[10:12:27] START R02997
  [10:12:27] mode=swap
    swap: solved=0/10
  [10:16:15] mode=group-reshuffle
    group-reshuffle: solved=0/10
  [10:20:07] mode=constrained-shuffle
    constrained-shuffle: solved=0/10
[10:24:04] DONE R02997
[10:24:04] START R03057
  [10:24:04] mode=swap
    swap: solved=4/10
  [10:25:09] mode=group-reshuffle
    group-reshuffle: solved=8/10
  [10:26:12] mode=constrained-shuffle
    constrained-shuffle: solved=4/10
[10:27:24] DONE R03057
[10:27:24] START R03117
  [10:27:24] mode=swap
    swap: solved=0/10
  [10:29:34] mode=group-reshuffle
    group-reshuffle: solved=0/10
  [10:31:48] mode=constrained-shuffle
    constrained-shuffle: solved=0/10
[10:34:03] DONE R03117
[10:34:03] START R03177
  [10:34:03] mode=swap
    swap: solved=0/10
  [10:35:44] mode=group-reshuffle
    group-reshuffle: solved=2/10
  [10:37:28] mode=constrained-shuffle
    constrained-shuffle: solved=0/10
[10:39:16] DONE R03177
[10:39:16] START R03237
  [10:39:16] mode=swap
    swap: solved=0/10
  [10:43:52] mode=group-reshuffle
    group-reshuffle: solved=0/10
  [10:48:32] mode=constrained-shuffle
    constrained-shuffle: solved=1/10
[10:53:06] DONE R03237
[10:53:06] START R03297
  [10:53:06] mode=symmetry
    symmetry: solved=7/7
  [10:53:18] mode=local-mutant
    local-mutant: solved=10/10
  [10:53:38] mode=swap
    swap: solved=10/10
  [10:53:58] mode=group-reshuffle
    group-reshuffle: solved=10/10
  [10:54:18] mode=constrained-shuffle
    constrained-shuffle: solved=10/10
[10:54:39] DONE R03297
[10:54:39] START R03357
  [10:54:39] mode=swap
    swap: solved=1/10
  [10:55:57] mode=group-reshuffle
    group-reshuffle: solved=5/10
  [10:56:52] mode=constrained-shuffle
    constrained-shuffle: solved=6/10
[10:57:52] DONE R03357
[10:57:52] SHARD END
[19:09:45] SHARD START 33 level(s)
[19:09:45] START P00030
  [19:09:45] mode=symmetry
    already have this (family + solve result exist) -- skipping regeneration/re-solve
  [19:09:45] mode=local-mutant
    generate produced 0 variants (no file written) -- skipping solve/hint-workbench
  [19:09:46] mode=swap
    already have this (family + solve result exist) -- skipping regeneration/re-solve
  [19:09:46] mode=constrained-shuffle
    already have this (family + solve result exist) -- skipping regeneration/re-solve
[19:09:46] DONE P00030
[19:09:46] START P00090
  [19:09:46] mode=symmetry
    already have this (family + solve result exist) -- skipping regeneration/re-solve
  [19:09:46] mode=local-mutant
    already have this (family + solve result exist) -- skipping regeneration/re-solve
  [19:09:46] mode=swap
    already have this (family + solve result exist) -- skipping regeneration/re-solve
  [19:09:46] mode=group-reshuffle
    already have this (family + solve result exist) -- skipping regeneration/re-solve
  [19:09:46] mode=constrained-shuffle
    already have this (family + solve result exist) -- skipping regeneration/re-solve
[19:09:46] DONE P00090
[19:09:46] START P00150
  [19:09:46] mode=symmetry
    already have this (family + solve result exist) -- skipping regeneration/re-solve
  [19:09:46] mode=local-mutant
    already have this (family + solve result exist) -- skipping regeneration/re-solve
  [19:09:46] mode=swap
    already have this (family + solve result exist) -- skipping regeneration/re-solve
  [19:09:46] mode=group-reshuffle
    already have this (family + solve result exist) -- skipping regeneration/re-solve
  [19:09:46] mode=constrained-shuffle
    already have this (family + solve result exist) -- skipping regeneration/re-solve
[19:09:46] DONE P00150
[19:09:46] START R00729
  [19:09:46] mode=symmetry
    already have this (family + solve result exist) -- skipping regeneration/re-solve
  [19:09:46] mode=local-mutant
    already have this (family + solve result exist) -- skipping regeneration/re-solve
  [19:09:46] mode=swap
    already have this (family + solve result exist) -- skipping regeneration/re-solve
  [19:09:46] mode=group-reshuffle
    already have this (family + solve result exist) -- skipping regeneration/re-solve
  [19:09:46] mode=constrained-shuffle
    already have this (family + solve result exist) -- skipping regeneration/re-solve
[19:09:46] DONE R00729
[19:09:46] START R00080
  [19:09:46] mode=symmetry
    already have this (family + solve result exist) -- skipping regeneration/re-solve
  [19:09:46] mode=local-mutant
    already have this (family + solve result exist) -- skipping regeneration/re-solve
  [19:09:46] mode=swap
    already have this (family + solve result exist) -- skipping regeneration/re-solve
  [19:09:46] mode=group-reshuffle
    already have this (family + solve result exist) -- skipping regeneration/re-solve
  [19:09:46] mode=constrained-shuffle
    already have this (family + solve result exist) -- skipping regeneration/re-solve
[19:09:46] DONE R00080
[19:09:46] START R00488
  [19:09:46] mode=swap
    already have this (family + solve result exist) -- skipping regeneration/re-solve
  [19:09:46] mode=group-reshuffle
    already have this (family + solve result exist) -- skipping regeneration/re-solve
  [19:09:46] mode=constrained-shuffle
    already have this (family + solve result exist) -- skipping regeneration/re-solve
[19:09:46] DONE R00488
[19:09:46] START R00815
  [19:09:46] mode=symmetry
    already have this (family + solve result exist) -- skipping regeneration/re-solve
  [19:09:46] mode=local-mutant
    already have this (family + solve result exist) -- skipping regeneration/re-solve
  [19:09:46] mode=swap
    already have this (family + solve result exist) -- skipping regeneration/re-solve
  [19:09:46] mode=group-reshuffle
    already have this (family + solve result exist) -- skipping regeneration/re-solve
  [19:09:46] mode=constrained-shuffle
    already have this (family + solve result exist) -- skipping regeneration/re-solve
[19:09:46] DONE R00815
[19:09:46] START R01151
  [19:09:46] mode=swap
    already have this (family + solve result exist) -- skipping regeneration/re-solve
  [19:09:46] mode=group-reshuffle
    already have this (family + solve result exist) -- skipping regeneration/re-solve
  [19:09:46] mode=constrained-shuffle
    already have this (family + solve result exist) -- skipping regeneration/re-solve
[19:09:46] DONE R01151
[19:09:46] START R01511
  [19:09:46] mode=symmetry
    already have this (family + solve result exist) -- skipping regeneration/re-solve
  [19:09:46] mode=local-mutant
    already have this (family + solve result exist) -- skipping regeneration/re-solve
  [19:09:46] mode=swap
    already have this (family + solve result exist) -- skipping regeneration/re-solve
  [19:09:46] mode=group-reshuffle
    already have this (family + solve result exist) -- skipping regeneration/re-solve
  [19:09:46] mode=constrained-shuffle
    already have this (family + solve result exist) -- skipping regeneration/re-solve
[19:09:46] DONE R01511
[19:09:46] START R01857
  [19:09:46] mode=symmetry
    already have this (family + solve result exist) -- skipping regeneration/re-solve
  [19:09:46] mode=local-mutant
    already have this (family + solve result exist) -- skipping regeneration/re-solve
  [19:09:46] mode=swap
    already have this (family + solve result exist) -- skipping regeneration/re-solve
  [19:09:46] mode=group-reshuffle
    already have this (family + solve result exist) -- skipping regeneration/re-solve
  [19:09:46] mode=constrained-shuffle
    already have this (family + solve result exist) -- skipping regeneration/re-solve
[19:09:46] DONE R01857
[19:09:46] START R02037
  [19:09:46] mode=symmetry
    already have this (family + solve result exist) -- skipping regeneration/re-solve
  [19:09:46] mode=local-mutant
    already have this (family + solve result exist) -- skipping regeneration/re-solve
  [19:09:46] mode=swap
    already have this (family + solve result exist) -- skipping regeneration/re-solve
  [19:09:46] mode=group-reshuffle
    already have this (family + solve result exist) -- skipping regeneration/re-solve
  [19:09:46] mode=constrained-shuffle
    already have this (family + solve result exist) -- skipping regeneration/re-solve
[19:09:46] DONE R02037
[19:09:46] START R02097
  [19:09:46] mode=swap
    already have this (family + solve result exist) -- skipping regeneration/re-solve
  [19:09:46] mode=group-reshuffle
    already have this (family + solve result exist) -- skipping regeneration/re-solve
  [19:09:46] mode=constrained-shuffle
    already have this (family + solve result exist) -- skipping regeneration/re-solve
[19:09:46] DONE R02097
[19:09:46] START R02157
  [19:09:46] mode=swap
    already have this (family + solve result exist) -- skipping regeneration/re-solve
  [19:09:46] mode=group-reshuffle
    already have this (family + solve result exist) -- skipping regeneration/re-solve
  [19:09:46] mode=constrained-shuffle
    already have this (family + solve result exist) -- skipping regeneration/re-solve
[19:09:46] DONE R02157
[19:09:46] START R02217
  [19:09:46] mode=symmetry
    already have this (family + solve result exist) -- skipping regeneration/re-solve
  [19:09:46] mode=local-mutant
    already have this (family + solve result exist) -- skipping regeneration/re-solve
  [19:09:46] mode=swap
    already have this (family + solve result exist) -- skipping regeneration/re-solve
  [19:09:46] mode=group-reshuffle
    already have this (family + solve result exist) -- skipping regeneration/re-solve
  [19:09:46] mode=constrained-shuffle
    already have this (family + solve result exist) -- skipping regeneration/re-solve
[19:09:46] DONE R02217
[19:09:46] START R02277
  [19:09:46] mode=swap
    already have this (family + solve result exist) -- skipping regeneration/re-solve
  [19:09:46] mode=group-reshuffle
    already have this (family + solve result exist) -- skipping regeneration/re-solve
  [19:09:46] mode=constrained-shuffle
    already have this (family + solve result exist) -- skipping regeneration/re-solve
[19:09:46] DONE R02277
[19:09:46] START R02337
  [19:09:46] mode=symmetry
    already have this (family + solve result exist) -- skipping regeneration/re-solve
  [19:09:46] mode=local-mutant
    already have this (family + solve result exist) -- skipping regeneration/re-solve
  [19:09:46] mode=swap
    already have this (family + solve result exist) -- skipping regeneration/re-solve
  [19:09:46] mode=group-reshuffle
    already have this (family + solve result exist) -- skipping regeneration/re-solve
  [19:09:46] mode=constrained-shuffle
    already have this (family + solve result exist) -- skipping regeneration/re-solve
[19:09:46] DONE R02337
[19:09:46] START R02397
  [19:09:46] mode=swap
    already have this (family + solve result exist) -- skipping regeneration/re-solve
  [19:09:46] mode=group-reshuffle
    already have this (family + solve result exist) -- skipping regeneration/re-solve
  [19:09:46] mode=constrained-shuffle
    already have this (family + solve result exist) -- skipping regeneration/re-solve
[19:09:46] DONE R02397
[19:09:46] START R02457
  [19:09:46] mode=swap
    already have this (family + solve result exist) -- skipping regeneration/re-solve
  [19:09:46] mode=group-reshuffle
    already have this (family + solve result exist) -- skipping regeneration/re-solve
  [19:09:46] mode=constrained-shuffle
    already have this (family + solve result exist) -- skipping regeneration/re-solve
[19:09:46] DONE R02457
[19:09:46] START R02517
  [19:09:46] mode=symmetry
    already have this (family + solve result exist) -- skipping regeneration/re-solve
  [19:09:46] mode=local-mutant
    already have this (family + solve result exist) -- skipping regeneration/re-solve
  [19:09:46] mode=swap
    already have this (family + solve result exist) -- skipping regeneration/re-solve
  [19:09:46] mode=group-reshuffle
    already have this (family + solve result exist) -- skipping regeneration/re-solve
  [19:09:46] mode=constrained-shuffle
    already have this (family + solve result exist) -- skipping regeneration/re-solve
[19:09:46] DONE R02517
[19:09:46] START R02577
  [19:09:46] mode=symmetry
    already have this (family + solve result exist) -- skipping regeneration/re-solve
  [19:09:46] mode=local-mutant
    already have this (family + solve result exist) -- skipping regeneration/re-solve
  [19:09:46] mode=swap
    already have this (family + solve result exist) -- skipping regeneration/re-solve
  [19:09:46] mode=group-reshuffle
    already have this (family + solve result exist) -- skipping regeneration/re-solve
  [19:09:46] mode=constrained-shuffle
    already have this (family + solve result exist) -- skipping regeneration/re-solve
[19:09:46] DONE R02577
[19:09:46] START R02637
  [19:09:46] mode=swap
    already have this (family + solve result exist) -- skipping regeneration/re-solve
  [19:09:46] mode=group-reshuffle
    already have this (family + solve result exist) -- skipping regeneration/re-solve
  [19:09:46] mode=constrained-shuffle
    already have this (family + solve result exist) -- skipping regeneration/re-solve
[19:09:46] DONE R02637
[19:09:46] START R02697
  [19:09:46] mode=swap
    already have this (family + solve result exist) -- skipping regeneration/re-solve
  [19:09:46] mode=group-reshuffle
    already have this (family + solve result exist) -- skipping regeneration/re-solve
  [19:09:46] mode=constrained-shuffle
    already have this (family + solve result exist) -- skipping regeneration/re-solve
[19:09:46] DONE R02697
[19:09:46] START R02757
  [19:09:46] mode=swap
    already have this (family + solve result exist) -- skipping regeneration/re-solve
  [19:09:46] mode=group-reshuffle
    already have this (family + solve result exist) -- skipping regeneration/re-solve
  [19:09:46] mode=constrained-shuffle
    already have this (family + solve result exist) -- skipping regeneration/re-solve
[19:09:46] DONE R02757
[19:09:46] START R02817
  [19:09:46] mode=symmetry
    already have this (family + solve result exist) -- skipping regeneration/re-solve
  [19:09:46] mode=local-mutant
    already have this (family + solve result exist) -- skipping regeneration/re-solve
  [19:09:46] mode=swap
    already have this (family + solve result exist) -- skipping regeneration/re-solve
  [19:09:46] mode=group-reshuffle
    already have this (family + solve result exist) -- skipping regeneration/re-solve
  [19:09:46] mode=constrained-shuffle
    already have this (family + solve result exist) -- skipping regeneration/re-solve
[19:09:46] DONE R02817
[19:09:46] START R02877
  [19:09:46] mode=symmetry
    already have this (family + solve result exist) -- skipping regeneration/re-solve
  [19:09:46] mode=local-mutant
    already have this (family + solve result exist) -- skipping regeneration/re-solve
  [19:09:46] mode=swap
    already have this (family + solve result exist) -- skipping regeneration/re-solve
  [19:09:46] mode=group-reshuffle
    already have this (family + solve result exist) -- skipping regeneration/re-solve
  [19:09:46] mode=constrained-shuffle
    already have this (family + solve result exist) -- skipping regeneration/re-solve
[19:09:46] DONE R02877
[19:09:46] START R02937
  [19:09:46] mode=symmetry
    already have this (family + solve result exist) -- skipping regeneration/re-solve
  [19:09:46] mode=local-mutant
    already have this (family + solve result exist) -- skipping regeneration/re-solve
  [19:09:46] mode=swap
    already have this (family + solve result exist) -- skipping regeneration/re-solve
  [19:09:46] mode=group-reshuffle
    already have this (family + solve result exist) -- skipping regeneration/re-solve
  [19:09:46] mode=constrained-shuffle
    already have this (family + solve result exist) -- skipping regeneration/re-solve
[19:09:46] DONE R02937
[19:09:46] START R02997
  [19:09:46] mode=swap
    already have this (family + solve result exist) -- skipping regeneration/re-solve
  [19:09:46] mode=group-reshuffle
    already have this (family + solve result exist) -- skipping regeneration/re-solve
  [19:09:46] mode=constrained-shuffle
    already have this (family + solve result exist) -- skipping regeneration/re-solve
[19:09:46] DONE R02997
[19:09:46] START R03057
  [19:09:46] mode=swap
    already have this (family + solve result exist) -- skipping regeneration/re-solve
  [19:09:46] mode=group-reshuffle
    already have this (family + solve result exist) -- skipping regeneration/re-solve
  [19:09:46] mode=constrained-shuffle
    already have this (family + solve result exist) -- skipping regeneration/re-solve
[19:09:46] DONE R03057
[19:09:46] START R03117
  [19:09:46] mode=swap
    already have this (family + solve result exist) -- skipping regeneration/re-solve
  [19:09:46] mode=group-reshuffle
    already have this (family + solve result exist) -- skipping regeneration/re-solve
  [19:09:46] mode=constrained-shuffle
    already have this (family + solve result exist) -- skipping regeneration/re-solve
[19:09:46] DONE R03117
[19:09:46] START R03177
  [19:09:46] mode=swap
    already have this (family + solve result exist) -- skipping regeneration/re-solve
  [19:09:46] mode=group-reshuffle
    already have this (family + solve result exist) -- skipping regeneration/re-solve
  [19:09:46] mode=constrained-shuffle
    already have this (family + solve result exist) -- skipping regeneration/re-solve
[19:09:46] DONE R03177
[19:09:46] START R03237
  [19:09:46] mode=swap
    already have this (family + solve result exist) -- skipping regeneration/re-solve
  [19:09:46] mode=group-reshuffle
    already have this (family + solve result exist) -- skipping regeneration/re-solve
  [19:09:46] mode=constrained-shuffle
    already have this (family + solve result exist) -- skipping regeneration/re-solve
[19:09:46] DONE R03237
[19:09:46] START R03297
  [19:09:46] mode=symmetry
    already have this (family + solve result exist) -- skipping regeneration/re-solve
  [19:09:46] mode=local-mutant
    already have this (family + solve result exist) -- skipping regeneration/re-solve
  [19:09:46] mode=swap
    already have this (family + solve result exist) -- skipping regeneration/re-solve
  [19:09:46] mode=group-reshuffle
    already have this (family + solve result exist) -- skipping regeneration/re-solve
  [19:09:46] mode=constrained-shuffle
    already have this (family + solve result exist) -- skipping regeneration/re-solve
[19:09:46] DONE R03297
[19:09:46] START R03357
  [19:09:46] mode=swap
    already have this (family + solve result exist) -- skipping regeneration/re-solve
  [19:09:46] mode=group-reshuffle
    already have this (family + solve result exist) -- skipping regeneration/re-solve
  [19:09:46] mode=constrained-shuffle
    already have this (family + solve result exist) -- skipping regeneration/re-solve
[19:09:46] DONE R03357
[19:09:46] SHARD END
