[04:08:42] SHARD START 33 level(s)
[04:08:42] START P00018
  [04:08:42] mode=symmetry
    symmetry: solved=7/7
  [04:08:49] mode=local-mutant
    local-mutant: solved=10/10
  [04:08:54] mode=swap
    swap: solved=0/0
  [04:08:55] mode=group-reshuffle
    group-reshuffle: solved=10/10
  [04:09:00] mode=constrained-shuffle
    constrained-shuffle: solved=10/10
[04:09:05] DONE P00018
[04:09:05] START P00078
  [04:09:05] mode=symmetry
    symmetry: solved=7/7
  [04:09:09] mode=local-mutant
    local-mutant: solved=10/10
  [04:09:15] mode=swap
    swap: solved=10/10
  [04:09:21] mode=group-reshuffle
    group-reshuffle: solved=10/10
  [04:09:27] mode=constrained-shuffle
    constrained-shuffle: solved=10/10
[04:09:32] DONE P00078
[04:09:32] START P00138
  [04:09:32] mode=symmetry
    symmetry: solved=7/7
  [04:09:49] mode=local-mutant
    local-mutant: solved=10/10
  [04:10:08] mode=swap
    swap: solved=0/0
  [04:10:09] mode=group-reshuffle
    group-reshuffle: solved=10/10
  [04:10:27] mode=constrained-shuffle
    constrained-shuffle: solved=10/10
[04:10:44] DONE P00138
[04:10:44] START R00432
  [04:10:44] mode=symmetry
    symmetry: solved=7/7
  [04:10:57] mode=local-mutant
    local-mutant: solved=10/10
  [04:11:14] mode=swap
    swap: solved=10/10
  [04:11:25] mode=group-reshuffle
    group-reshuffle: solved=10/10
  [04:11:47] mode=constrained-shuffle
    constrained-shuffle: solved=10/10
[04:12:02] DONE R00432
[04:12:02] START R01943
  [04:12:02] mode=symmetry
    symmetry: solved=2/7
  [04:12:53] mode=local-mutant
    local-mutant: solved=7/10
  [04:13:30] mode=swap
    swap: solved=6/10
  [04:14:21] mode=group-reshuffle
    group-reshuffle: solved=5/10
  [04:15:17] mode=constrained-shuffle
    constrained-shuffle: solved=8/10
[04:15:52] DONE R01943
[04:15:52] START R00399
  [04:15:52] mode=swap
    swap: solved=0/10
  [04:20:42] mode=group-reshuffle
    group-reshuffle: solved=0/10
  [04:25:19] mode=constrained-shuffle
    constrained-shuffle: solved=0/10
[04:29:55] DONE R00399
[04:29:55] START R00726
  [04:29:55] mode=swap
    swap: solved=0/10
  [04:33:24] mode=group-reshuffle
    group-reshuffle: solved=2/10
  [04:36:33] mode=constrained-shuffle
    constrained-shuffle: solved=1/10
[04:39:53] DONE R00726
[04:39:53] START R01086
  [04:39:53] mode=symmetry
    symmetry: solved=1/7
  [04:40:59] mode=local-mutant
    local-mutant: solved=3/10
  [04:42:22] mode=swap
    swap: solved=7/10
  [04:43:18] mode=group-reshuffle
    group-reshuffle: solved=5/10
  [04:44:41] mode=constrained-shuffle
    constrained-shuffle: solved=4/10
[04:46:00] DONE R01086
[04:46:00] START R01462
  [04:46:00] mode=swap
    swap: solved=0/10
  [04:46:58] mode=group-reshuffle
    group-reshuffle: solved=5/10
  [04:47:39] mode=constrained-shuffle
    constrained-shuffle: solved=7/10
[04:48:07] DONE R01462
[04:48:07] START R01766
  [04:48:07] mode=symmetry
    symmetry: solved=7/7
  [04:48:16] mode=local-mutant
    local-mutant: solved=10/10
  [04:48:29] mode=swap
    swap: solved=10/10
  [04:48:41] mode=group-reshuffle
    group-reshuffle: solved=10/10
  [04:48:54] mode=constrained-shuffle
    constrained-shuffle: solved=10/10
[04:49:07] DONE R01766
[04:49:07] START R02025
  [04:49:07] mode=swap
    swap: solved=0/10
  [04:51:27] mode=group-reshuffle
    group-reshuffle: solved=0/10
  [04:53:50] mode=constrained-shuffle
    constrained-shuffle: solved=0/10
[04:56:10] DONE R02025
[04:56:10] START R02085
  [04:56:10] mode=swap
    swap: solved=5/10
  [04:58:10] mode=group-reshuffle
    group-reshuffle: solved=7/10
  [04:59:50] mode=constrained-shuffle
    constrained-shuffle: solved=3/10
[05:02:02] DONE R02085
[05:02:02] START R02145
  [05:02:02] mode=swap
    swap: solved=0/10
  [05:02:51] mode=group-reshuffle
    group-reshuffle: solved=5/10
  [05:03:41] mode=constrained-shuffle
    constrained-shuffle: solved=9/10
[05:04:08] DONE R02145
[05:04:08] START R02205
  [05:04:08] mode=swap
    swap: solved=0/10
  [05:06:51] mode=group-reshuffle
    group-reshuffle: solved=2/10
  [05:09:07] mode=constrained-shuffle
    constrained-shuffle: solved=5/10
[05:11:43] DONE R02205
[05:11:43] START R02265
  [05:11:43] mode=symmetry
    symmetry: solved=0/7
  [05:13:00] mode=local-mutant
    local-mutant: solved=5/10
  [05:14:22] mode=swap
    swap: solved=7/10
  [05:15:16] mode=group-reshuffle
    group-reshuffle: solved=6/10
  [05:16:22] mode=constrained-shuffle
    constrained-shuffle: solved=5/10
[05:17:37] DONE R02265
[05:17:37] START R02325
  [05:17:37] mode=swap
    swap: solved=0/10
  [05:18:53] mode=group-reshuffle
    group-reshuffle: solved=0/10
  [05:20:08] mode=constrained-shuffle
    constrained-shuffle: solved=0/10
[05:21:24] DONE R02325
[05:21:24] START R02385
  [05:21:24] mode=swap
    swap: solved=0/10
  [05:22:53] mode=group-reshuffle
    group-reshuffle: solved=0/10
  [05:24:17] mode=constrained-shuffle
    constrained-shuffle: solved=0/10
[05:25:41] DONE R02385
[05:25:41] START R02445
  [05:25:41] mode=swap
    swap: solved=0/10
  [05:27:11] mode=group-reshuffle
    group-reshuffle: solved=0/10
  [05:28:36] mode=constrained-shuffle
    constrained-shuffle: solved=0/10
[05:30:04] DONE R02445
[05:30:04] START R02505
  [05:30:04] mode=swap
    swap: solved=4/10
  [05:30:58] mode=group-reshuffle
    group-reshuffle: solved=5/10
  [05:31:47] mode=constrained-shuffle
    constrained-shuffle: solved=5/10
[05:32:40] DONE R02505
[05:32:40] START R02565
  [05:32:40] mode=swap
    swap: solved=0/10
  [05:34:28] mode=group-reshuffle
    group-reshuffle: solved=0/10
  [05:36:17] mode=constrained-shuffle
    constrained-shuffle: solved=0/10
[05:37:57] DONE R02565
[05:37:57] START R02625
  [05:37:57] mode=swap
    swap: solved=0/10
  [05:38:47] mode=group-reshuffle
    group-reshuffle: solved=0/10
  [05:39:36] mode=constrained-shuffle
    constrained-shuffle: solved=0/10
[05:40:27] DONE R02625
[05:40:27] START R02685
  [05:40:27] mode=symmetry
    symmetry: solved=7/7
  [05:40:41] mode=local-mutant
    local-mutant: solved=10/10
  [05:40:53] mode=swap
    swap: solved=10/10
  [05:41:07] mode=group-reshuffle
    group-reshuffle: solved=10/10
  [05:41:23] mode=constrained-shuffle
    constrained-shuffle: solved=10/10
[05:41:42] DONE R02685
[05:41:42] START R02745
  [05:41:42] mode=swap
    swap: solved=0/10
  [05:43:01] mode=group-reshuffle
    group-reshuffle: solved=0/10
  [05:44:13] mode=constrained-shuffle
    constrained-shuffle: solved=0/10
[05:45:20] DONE R02745
[05:45:20] START R02805
  [05:45:20] mode=symmetry
    symmetry: solved=7/7
  [05:46:17] mode=local-mutant
    local-mutant: solved=10/10
  [05:47:32] mode=swap
    swap: solved=10/10
  [05:48:32] mode=group-reshuffle
    group-reshuffle: solved=8/10
  [05:50:23] mode=constrained-shuffle
    constrained-shuffle: solved=10/10
[05:51:55] DONE R02805
[05:51:55] START R02865
  [05:51:55] mode=symmetry
    symmetry: solved=1/7
  [05:53:14] mode=local-mutant
    local-mutant: solved=5/10
  [05:54:46] mode=swap
    swap: solved=3/10
  [05:56:28] mode=group-reshuffle
    group-reshuffle: solved=7/10
  [05:57:37] mode=constrained-shuffle
    constrained-shuffle: solved=4/10
[05:59:09] DONE R02865
[05:59:09] START R02925
  [05:59:09] mode=symmetry
    symmetry: solved=6/7
  [05:59:58] mode=local-mutant
    local-mutant: solved=10/10
  [06:00:14] mode=swap
    swap: solved=10/10
  [06:00:28] mode=group-reshuffle
    group-reshuffle: solved=8/10
  [06:01:33] mode=constrained-shuffle
    constrained-shuffle: solved=9/10
[06:02:36] DONE R02925
[06:02:36] START R02985
  [06:02:36] mode=symmetry
    symmetry: solved=7/7
  [06:02:48] mode=local-mutant
    local-mutant: solved=10/10
  [06:03:04] mode=swap
    swap: solved=10/10
  [06:03:19] mode=group-reshuffle
    group-reshuffle: solved=10/10
  [06:03:35] mode=constrained-shuffle
    constrained-shuffle: solved=10/10
[06:03:53] DONE R02985
[06:03:53] START R03045
  [06:03:53] mode=swap
    swap: solved=0/10
  [06:05:29] mode=group-reshuffle
    group-reshuffle: solved=0/10
  [06:06:59] mode=constrained-shuffle
    constrained-shuffle: solved=1/10
[06:08:29] DONE R03045
[06:08:29] START R03105
  [06:08:29] mode=swap
    swap: solved=0/10
  [06:10:47] mode=group-reshuffle
    group-reshuffle: solved=1/10
  [06:13:09] mode=constrained-shuffle
    constrained-shuffle: solved=3/10
[06:15:10] DONE R03105
[06:15:10] START R03165
  [06:15:10] mode=swap
    swap: solved=0/10
  [06:16:20] mode=group-reshuffle
    group-reshuffle: solved=5/10
  [06:17:05] mode=constrained-shuffle
    constrained-shuffle: solved=3/10
[06:18:03] DONE R03165
[06:18:03] START R03225
  [06:18:03] mode=symmetry
    symmetry: solved=7/7
  [06:18:24] mode=local-mutant
    local-mutant: solved=8/10
  [06:19:06] mode=swap
    swap: solved=10/10
  [06:19:45] mode=group-reshuffle
    group-reshuffle: solved=8/10
  [06:20:22] mode=constrained-shuffle
    constrained-shuffle: solved=7/10
[06:21:09] DONE R03225
[06:21:09] START R03285
  [06:21:09] mode=symmetry
    symmetry: solved=7/7
  [06:21:30] mode=local-mutant
    local-mutant: solved=10/10
  [06:21:57] mode=swap
    swap: solved=10/10
  [06:22:20] mode=group-reshuffle
    group-reshuffle: solved=10/10
  [06:22:38] mode=constrained-shuffle
    constrained-shuffle: solved=10/10
[06:22:57] DONE R03285
[06:22:57] START R03345
  [06:22:57] mode=symmetry
    symmetry: solved=7/7
  [06:23:03] mode=local-mutant
    local-mutant: solved=10/10
  [06:23:15] mode=swap
    swap: solved=10/10
  [06:23:34] mode=group-reshuffle
    group-reshuffle: solved=8/10
  [06:24:13] mode=constrained-shuffle
    constrained-shuffle: solved=9/10
[06:25:00] DONE R03345
[06:25:00] SHARD END
