[07:59:42] SHARD START 33 level(s)
[07:59:42] START P00039
  [07:59:42] mode=symmetry
    symmetry: solved=7/7
  [07:59:45] mode=local-mutant
    local-mutant: solved=10/10
  [07:59:51] mode=swap
    swap: solved=0/0
  [07:59:52] mode=group-reshuffle
    group-reshuffle: solved=10/10
  [07:59:59] mode=constrained-shuffle
    constrained-shuffle: solved=10/10
[08:00:06] DONE P00039
[08:00:06] START P00099
  [08:00:06] mode=symmetry
    symmetry: solved=7/7
  [08:00:11] mode=local-mutant
    local-mutant: solved=10/10
  [08:00:17] mode=swap
    swap: solved=10/10
  [08:00:23] mode=group-reshuffle
    group-reshuffle: solved=10/10
  [08:00:33] mode=constrained-shuffle
    constrained-shuffle: solved=10/10
[08:00:41] DONE P00099
[08:00:41] START P00160
  [08:00:41] mode=symmetry
    symmetry: solved=7/7
  [08:00:48] mode=local-mutant
    local-mutant: solved=10/10
  [08:00:59] mode=swap
    swap: solved=2/2
  [08:01:02] mode=group-reshuffle
    group-reshuffle: solved=0/0
  [08:01:03] mode=constrained-shuffle
    constrained-shuffle: solved=10/10
[08:01:14] DONE P00160
[08:01:14] START R00920
  [08:01:14] mode=symmetry
    symmetry: solved=7/7
  [08:01:28] mode=local-mutant
    local-mutant: solved=10/10
  [08:01:46] mode=swap
    swap: solved=10/10
  [08:02:06] mode=group-reshuffle
    group-reshuffle: solved=9/10
  [08:02:28] mode=constrained-shuffle
    constrained-shuffle: solved=9/10
[08:02:48] DONE R00920
[08:02:48] START R00139
  [08:02:48] mode=swap
    swap: solved=1/10
  [08:07:42] mode=group-reshuffle
    group-reshuffle: solved=1/10
  [08:12:41] mode=constrained-shuffle
    constrained-shuffle: solved=1/10
[08:17:51] DONE R00139
[08:17:51] START R00532
  [08:17:51] mode=swap
    swap: solved=0/10
  [08:21:37] mode=group-reshuffle
    group-reshuffle: solved=0/10
  [08:25:11] mode=constrained-shuffle
    constrained-shuffle: solved=0/10
[08:28:45] DONE R00532
[08:28:45] START R00877
  [08:28:45] mode=symmetry
    symmetry: solved=5/7
  [08:29:08] mode=local-mutant
    local-mutant: solved=2/10
  [08:29:59] mode=swap
    swap: solved=0/10
  [08:31:05] mode=group-reshuffle
    group-reshuffle: solved=2/10
  [08:31:59] mode=constrained-shuffle
    constrained-shuffle: solved=5/10
[08:32:42] DONE R00877
[08:32:42] START R01190
  [08:32:42] mode=swap
    swap: solved=0/10
  [08:34:30] mode=group-reshuffle
    group-reshuffle: solved=0/10
  [08:36:20] mode=constrained-shuffle
    constrained-shuffle: solved=1/10
[08:38:15] DONE R01190
[08:38:15] START R01568
  [08:38:15] mode=swap
    swap: solved=0/10
  [08:39:53] mode=group-reshuffle
    group-reshuffle: solved=0/10
  [08:41:32] mode=constrained-shuffle
    constrained-shuffle: solved=0/10
[08:43:06] DONE R01568
[08:43:06] START R01909
  [08:43:06] mode=swap
    swap: solved=0/10
  [08:45:09] mode=group-reshuffle
    group-reshuffle: solved=2/10
  [08:47:06] mode=constrained-shuffle
    constrained-shuffle: solved=0/10
[08:49:08] DONE R01909
[08:49:08] START R02046
  [08:49:08] mode=swap
    swap: solved=0/10
  [08:50:32] mode=group-reshuffle
    group-reshuffle: solved=0/10
  [08:51:54] mode=constrained-shuffle
    constrained-shuffle: solved=0/10
[08:53:16] DONE R02046
[08:53:16] START R02106
  [08:53:16] mode=swap
    swap: solved=3/10
  [08:55:00] mode=group-reshuffle
    group-reshuffle: solved=5/10
  [08:56:30] mode=constrained-shuffle
    constrained-shuffle: solved=6/10
[08:57:56] DONE R02106
[08:57:56] START R02166
  [08:57:56] mode=swap
    swap: solved=0/10
  [09:01:17] mode=group-reshuffle
    group-reshuffle: solved=0/10
  [09:04:36] mode=constrained-shuffle
    constrained-shuffle: solved=0/10
[09:07:48] DONE R02166
[09:07:48] START R02226
  [09:07:48] mode=swap
    swap: solved=0/10
  [09:11:48] mode=group-reshuffle
    group-reshuffle: solved=0/10
  [09:15:58] mode=constrained-shuffle
    constrained-shuffle: solved=0/10
[09:20:21] DONE R02226
[09:20:21] START R02286
  [09:20:21] mode=swap
    swap: solved=0/10
  [09:21:41] mode=group-reshuffle
    group-reshuffle: solved=0/10
  [09:22:58] mode=constrained-shuffle
    constrained-shuffle: solved=2/10
[09:24:10] DONE R02286
[09:24:10] START R02346
  [09:24:10] mode=swap
    swap: solved=1/10
  [09:28:14] mode=group-reshuffle
    group-reshuffle: solved=1/10
  [09:32:48] mode=constrained-shuffle
    constrained-shuffle: solved=4/10
[09:36:43] DONE R02346
[09:36:43] START R02406
  [09:36:43] mode=swap
    swap: solved=2/10
  [09:38:04] mode=group-reshuffle
    group-reshuffle: solved=1/10
  [09:39:39] mode=constrained-shuffle
    constrained-shuffle: solved=2/10
[09:41:07] DONE R02406
[09:41:07] START R02466
  [09:41:07] mode=symmetry
    symmetry: solved=4/7
  [09:42:14] mode=local-mutant
    local-mutant: solved=2/10
  [09:45:01] mode=swap
    swap: solved=4/10
  [09:47:27] mode=group-reshuffle
    group-reshuffle: solved=4/10
  [09:49:42] mode=constrained-shuffle
    constrained-shuffle: solved=5/10
[09:51:53] DONE R02466
[09:51:53] START R02526
  [09:51:53] mode=swap
    swap: solved=0/10
  [09:53:47] mode=group-reshuffle
    group-reshuffle: solved=1/10
  [09:55:34] mode=constrained-shuffle
    constrained-shuffle: solved=0/10
[09:57:26] DONE R02526
[09:57:26] START R02586
  [09:57:26] mode=swap
    swap: solved=2/10
  [09:59:28] mode=group-reshuffle
    group-reshuffle: solved=4/10
  [10:01:18] mode=constrained-shuffle
    constrained-shuffle: solved=4/10
[10:03:12] DONE R02586
[10:03:12] START R02646
  [10:03:12] mode=symmetry
    symmetry: solved=0/7
  [10:04:13] mode=local-mutant
    local-mutant: solved=4/10
  [10:05:20] mode=swap
    swap: solved=0/10
  [10:06:47] mode=group-reshuffle
    group-reshuffle: solved=0/10
  [10:08:16] mode=constrained-shuffle
    constrained-shuffle: solved=0/10
[10:09:45] DONE R02646
[10:09:45] START R02706
  [10:09:45] mode=symmetry
    symmetry: solved=1/7
  [10:10:55] mode=local-mutant
    local-mutant: solved=1/10
  [10:12:43] mode=swap
    swap: solved=0/10
  [10:14:34] mode=group-reshuffle
    group-reshuffle: solved=3/10
  [10:16:27] mode=constrained-shuffle
    constrained-shuffle: solved=1/10
[10:18:14] DONE R02706
[10:18:14] START R02766
  [10:18:14] mode=swap
    swap: solved=0/10
  [10:20:15] mode=group-reshuffle
    group-reshuffle: solved=0/10
  [10:22:24] mode=constrained-shuffle
    constrained-shuffle: solved=1/10
[10:24:28] DONE R02766
[10:24:28] START R02826
  [10:24:28] mode=symmetry
    symmetry: solved=1/7
  [10:26:59] mode=local-mutant
    local-mutant: solved=1/10
  [10:31:00] mode=swap
    swap: solved=1/10
  [10:35:07] mode=group-reshuffle
    group-reshuffle: solved=2/10
  [10:38:30] mode=constrained-shuffle
    constrained-shuffle: solved=2/10
[10:42:01] DONE R02826
[10:42:01] START R02886
  [10:42:01] mode=swap
    swap: solved=0/10
  [10:43:45] mode=group-reshuffle
    group-reshuffle: solved=0/10
  [10:45:28] mode=constrained-shuffle
    constrained-shuffle: solved=1/10
[10:47:26] DONE R02886
[10:47:26] START R02946
  [10:47:26] mode=symmetry
    symmetry: solved=7/7
  [10:47:37] mode=local-mutant
    local-mutant: solved=10/10
  [10:47:51] mode=swap
    swap: solved=9/10
  [10:48:18] mode=group-reshuffle
    group-reshuffle: solved=10/10
  [10:48:32] mode=constrained-shuffle
    constrained-shuffle: solved=10/10
[10:48:43] DONE R02946
[10:48:43] START R03006
  [10:48:43] mode=swap
    swap: solved=1/10
  [10:52:31] mode=group-reshuffle
    group-reshuffle: solved=7/10
  [10:55:15] mode=constrained-shuffle
    constrained-shuffle: solved=3/10
[10:58:36] DONE R03006
[10:58:36] START R03066
  [10:58:36] mode=swap
    swap: solved=3/10
  [11:00:15] mode=group-reshuffle
    group-reshuffle: solved=4/10
  [11:01:39] mode=constrained-shuffle
    constrained-shuffle: solved=5/10
[11:03:06] DONE R03066
[11:03:06] START R03126
  [11:03:06] mode=swap
    swap: solved=0/10
  [11:04:16] mode=group-reshuffle
    group-reshuffle: solved=0/10
  [11:05:29] mode=constrained-shuffle
    constrained-shuffle: solved=2/10
[11:06:32] DONE R03126
[11:06:32] START R03186
  [11:06:32] mode=swap
    swap: solved=0/10
  [11:10:38] mode=group-reshuffle
    group-reshuffle: solved=5/10
  [11:13:47] mode=constrained-shuffle
    constrained-shuffle: solved=0/10
[11:17:30] DONE R03186
[11:17:30] START R03246
  [11:17:30] mode=symmetry
    symmetry: solved=7/7
  [11:17:39] mode=local-mutant
    local-mutant: solved=9/10
  [11:18:11] mode=swap
    swap: solved=8/10
  [11:18:45] mode=group-reshuffle
    group-reshuffle: solved=10/10
  [11:19:01] mode=constrained-shuffle
    constrained-shuffle: solved=9/10
[11:19:29] DONE R03246
[11:19:29] START R03306
  [11:19:29] mode=swap
    swap: solved=0/10
  [11:20:19] mode=group-reshuffle
    group-reshuffle: solved=4/10
  [11:21:04] mode=constrained-shuffle
    constrained-shuffle: solved=3/10
[11:21:46] DONE R03306
[11:21:46] START R03366
  [11:21:46] mode=symmetry
    symmetry: solved=7/7
  [11:22:16] mode=local-mutant
    local-mutant: solved=10/10
  [11:23:00] mode=swap
    swap: solved=10/10
  [11:23:43] mode=group-reshuffle
    group-reshuffle: solved=9/10
  [11:24:42] mode=constrained-shuffle
    constrained-shuffle: solved=9/10
[11:25:30] DONE R03366
[11:25:30] SHARD END
