[10:16:14] SHARD START 33 level(s)
[10:16:14] START P00042
  [10:16:14] mode=symmetry
    symmetry: solved=7/7
  [10:16:16] mode=local-mutant
    generate produced 0 variants (no file written) -- skipping solve/hint-workbench
  [10:16:17] mode=swap
    swap: solved=0/0
  [10:16:17] mode=constrained-shuffle
    constrained-shuffle: solved=0/0
[10:16:18] DONE P00042
[10:16:18] START P00102
  [10:16:18] mode=symmetry
    symmetry: solved=3/3
  [10:16:21] mode=local-mutant
    local-mutant: solved=10/10
  [10:16:30] mode=swap
    swap: solved=0/0
  [10:16:31] mode=group-reshuffle
    group-reshuffle: solved=10/10
  [10:16:39] mode=constrained-shuffle
    constrained-shuffle: solved=10/10
[10:16:51] DONE P00102
[10:16:51] START S00028
  [10:16:51] mode=symmetry
    symmetry: solved=7/7
  [10:17:05] mode=local-mutant
    local-mutant: solved=10/10
  [10:17:26] mode=swap
    swap: solved=3/3
  [10:17:31] mode=group-reshuffle
    group-reshuffle: solved=10/10
  [10:17:47] mode=constrained-shuffle
    constrained-shuffle: solved=9/10
[10:18:54] DONE S00028
[10:18:54] START R01075
  [10:18:54] mode=symmetry
    symmetry: solved=6/7
  [10:19:34] mode=local-mutant
    local-mutant: solved=8/10
  [10:20:27] mode=swap
    swap: solved=10/10
  [10:21:03] mode=group-reshuffle
    group-reshuffle: solved=10/10
  [10:21:29] mode=constrained-shuffle
    constrained-shuffle: solved=10/10
[10:21:50] DONE R01075
[10:21:50] START R00153
  [10:21:50] mode=symmetry
    symmetry: solved=0/7
  [10:24:25] mode=local-mutant
    local-mutant: solved=0/10
  [10:28:00] mode=swap
    swap: solved=0/10
  [10:31:40] mode=group-reshuffle
    group-reshuffle: solved=0/10
  [10:35:22] mode=constrained-shuffle
    constrained-shuffle: solved=0/10
[10:39:06] DONE R00153
[10:39:06] START R00544
  [10:39:06] mode=swap
    swap: solved=0/10
  [10:40:54] mode=group-reshuffle
    group-reshuffle: solved=1/10
  [10:42:38] mode=constrained-shuffle
    constrained-shuffle: solved=0/10
[10:44:22] DONE R00544
[10:44:22] START R00901
  [10:44:22] mode=symmetry
    symmetry: solved=7/7
  [10:44:54] mode=local-mutant
    local-mutant: solved=7/10
  [10:46:01] mode=swap
    swap: solved=10/10
  [10:46:44] mode=group-reshuffle
    group-reshuffle: solved=10/10
  [10:47:30] mode=constrained-shuffle
    constrained-shuffle: solved=8/10
[10:48:30] DONE R00901
[10:48:30] START R01211
  [10:48:30] mode=symmetry
    symmetry: solved=0/7
  [10:49:49] mode=local-mutant
    local-mutant: solved=0/10
  [10:51:37] mode=swap
    swap: solved=0/10
  [10:53:26] mode=group-reshuffle
    group-reshuffle: solved=0/10
  [10:55:14] mode=constrained-shuffle
    constrained-shuffle: solved=1/10
[10:57:00] DONE R01211
[10:57:00] START R01577
  [10:57:00] mode=swap
    swap: solved=0/10
  [10:58:31] mode=group-reshuffle
    group-reshuffle: solved=0/10
  [11:00:05] mode=constrained-shuffle
    constrained-shuffle: solved=0/10
[11:01:39] DONE R01577
[11:01:39] START R01930
  [11:01:39] mode=symmetry
    symmetry: solved=0/7
  [11:04:50] mode=local-mutant
    local-mutant: solved=0/10
  [11:09:20] mode=swap
    swap: solved=5/10
  [11:12:01] mode=group-reshuffle
    group-reshuffle: solved=2/10
  [11:15:46] mode=constrained-shuffle
    constrained-shuffle: solved=3/10
[11:19:02] DONE R01930
[11:19:02] START R02049
  [11:19:02] mode=swap
    swap: solved=0/10
  [11:23:50] mode=group-reshuffle
    group-reshuffle: solved=0/10
  [11:28:41] mode=constrained-shuffle
    constrained-shuffle: solved=0/10
[11:33:26] DONE R02049
[11:33:26] START R02109
  [11:33:26] mode=swap
    swap: solved=1/10
  [11:36:42] mode=group-reshuffle
    group-reshuffle: solved=0/10
  [11:40:08] mode=constrained-shuffle
    constrained-shuffle: solved=6/10
[11:43:02] DONE R02109
[11:43:02] START R02169
  [11:43:02] mode=symmetry
    symmetry: solved=7/7
  [11:44:19] mode=local-mutant
    local-mutant: solved=4/10
  [11:47:01] mode=swap
    swap: solved=9/10
  [11:48:52] mode=group-reshuffle
    group-reshuffle: solved=7/10
  [11:51:07] mode=constrained-shuffle
    constrained-shuffle: solved=6/10
[11:53:28] DONE R02169
[11:53:28] START R02229
  [11:53:28] mode=symmetry
    symmetry: solved=0/7
  [11:55:05] mode=local-mutant
    local-mutant: solved=2/10
  [11:57:07] mode=swap
    swap: solved=0/10
  [11:59:23] mode=group-reshuffle
    group-reshuffle: solved=1/10
  [12:01:35] mode=constrained-shuffle
    constrained-shuffle: solved=0/10
[12:03:51] DONE R02229
[12:03:51] START R02289
  [12:03:51] mode=symmetry
    symmetry: solved=7/7
  [12:04:03] mode=local-mutant
    local-mutant: solved=10/10
  [12:04:19] mode=swap
    swap: solved=10/10
  [12:04:32] mode=group-reshuffle
    group-reshuffle: solved=8/8
  [12:04:47] mode=constrained-shuffle
    constrained-shuffle: solved=10/10
[12:05:02] DONE R02289
[12:05:02] START R02349
  [12:05:02] mode=symmetry
    symmetry: solved=7/7
  [12:05:12] mode=local-mutant
    local-mutant: solved=10/10
  [12:05:25] mode=swap
    swap: solved=10/10
  [12:05:37] mode=group-reshuffle
    group-reshuffle: solved=9/10
  [12:06:13] mode=constrained-shuffle
    constrained-shuffle: solved=8/10
[12:06:48] DONE R02349
[12:06:48] START R02409
  [12:06:48] mode=symmetry
    symmetry: solved=7/7
  [12:06:59] mode=local-mutant
    local-mutant: solved=10/10
  [12:07:14] mode=swap
    swap: solved=10/10
  [12:07:27] mode=group-reshuffle
    group-reshuffle: solved=10/10
  [12:07:48] mode=constrained-shuffle
    constrained-shuffle: solved=6/10
[12:08:21] DONE R02409
[12:08:21] START R02469
  [12:08:21] mode=swap
    swap: solved=0/10
  [12:12:32] mode=group-reshuffle
    group-reshuffle: solved=0/10
  [12:16:54] mode=constrained-shuffle
    constrained-shuffle: solved=0/10
[12:21:07] DONE R02469
[12:21:07] START R02529
  [12:21:07] mode=swap
    swap: solved=0/10
  [12:22:34] mode=group-reshuffle
    group-reshuffle: solved=0/10
  [12:23:50] mode=constrained-shuffle
    constrained-shuffle: solved=0/10
[12:25:08] DONE R02529
[12:25:08] START R02589
  [12:25:08] mode=symmetry
    symmetry: solved=7/7
  [12:25:25] mode=local-mutant
    local-mutant: solved=4/4
  [12:25:34] mode=swap
    swap: solved=5/5
  [12:25:42] mode=group-reshuffle
    group-reshuffle: solved=10/10
  [12:26:01] mode=constrained-shuffle
    constrained-shuffle: solved=10/10
[12:26:19] DONE R02589
[12:26:19] START R02649
  [12:26:19] mode=symmetry
    symmetry: solved=7/7
  [12:26:48] mode=local-mutant
    local-mutant: solved=9/10
  [12:27:36] mode=swap
    swap: solved=10/10
  [12:28:19] mode=group-reshuffle
    group-reshuffle: solved=4/10
  [12:29:33] mode=constrained-shuffle
    constrained-shuffle: solved=6/10
[12:30:35] DONE R02649
[12:30:35] START R02709
  [12:30:35] mode=swap
    swap: solved=0/10
  [12:31:52] mode=group-reshuffle
    group-reshuffle: solved=3/10
  [12:33:09] mode=constrained-shuffle
    constrained-shuffle: solved=2/10
[12:34:14] DONE R02709
[12:34:14] START R02769
  [12:34:14] mode=swap
    swap: solved=0/10
  [12:37:57] mode=group-reshuffle
    group-reshuffle: solved=0/10
  [12:41:42] mode=constrained-shuffle
    constrained-shuffle: solved=0/10
[12:45:30] DONE R02769
[12:45:30] START R02829
  [12:45:30] mode=symmetry
    symmetry: solved=7/7
  [12:47:32] mode=local-mutant
    local-mutant: solved=4/10
  [12:50:30] mode=swap
    swap: solved=9/10
  [12:53:27] mode=group-reshuffle
    group-reshuffle: solved=0/10
  [12:56:29] mode=constrained-shuffle
    constrained-shuffle: solved=1/10
[12:59:38] DONE R02829
[12:59:38] START R02889
  [12:59:38] mode=symmetry
    symmetry: solved=7/7
  [13:01:02] mode=local-mutant
    local-mutant: solved=8/10
  [13:03:05] mode=swap
    swap: solved=7/10
  [13:05:01] mode=group-reshuffle
    group-reshuffle: solved=9/10
  [13:06:31] mode=constrained-shuffle
    constrained-shuffle: solved=5/10
[13:07:58] DONE R02889
[13:07:58] START R02949
  [13:07:58] mode=swap
    swap: solved=0/10
  [13:13:28] mode=group-reshuffle
    group-reshuffle: solved=0/10
  [13:19:02] mode=constrained-shuffle
    constrained-shuffle: solved=0/10
[13:24:24] DONE R02949
[13:24:24] START R03009
  [13:24:24] mode=symmetry
    symmetry: solved=7/7
  [13:24:35] mode=local-mutant
    local-mutant: solved=10/10
  [13:24:55] mode=swap
    swap: solved=10/10
  [13:25:16] mode=group-reshuffle
    group-reshuffle: solved=10/10
  [13:25:31] mode=constrained-shuffle
    constrained-shuffle: solved=10/10
[13:25:58] DONE R03009
[13:25:58] START R03069
  [13:25:58] mode=swap
    swap: solved=0/10
  [13:27:41] mode=group-reshuffle
    group-reshuffle: solved=0/10
  [13:29:25] mode=constrained-shuffle
    constrained-shuffle: solved=0/10
[13:31:12] DONE R03069
[13:31:12] START R03129
  [13:31:12] mode=swap
    swap: solved=1/10
  [13:34:34] mode=group-reshuffle
    group-reshuffle: solved=2/10
  [13:37:32] mode=constrained-shuffle
    constrained-shuffle: solved=0/10
[13:40:59] DONE R03129
[13:40:59] START R03189
  [13:40:59] mode=swap
    swap: solved=0/10
  [13:42:04] mode=group-reshuffle
    group-reshuffle: solved=0/10
  [13:43:10] mode=constrained-shuffle
    constrained-shuffle: solved=0/10
[13:44:14] DONE R03189
[13:44:14] START R03249
  [13:44:14] mode=symmetry
    symmetry: solved=7/7
  [13:44:44] mode=local-mutant
    local-mutant: solved=10/10
  [13:45:17] mode=swap
    swap: solved=10/10
  [13:45:41] mode=group-reshuffle
    group-reshuffle: solved=10/10
  [13:46:27] mode=constrained-shuffle
    constrained-shuffle: solved=10/10
[13:47:01] DONE R03249
[13:47:01] START R03309
  [13:47:01] mode=swap
    swap: solved=0/10
  [13:51:07] mode=group-reshuffle
    group-reshuffle: solved=0/10
  [13:55:30] mode=constrained-shuffle
    constrained-shuffle: solved=3/10
[13:59:18] DONE R03309
[13:59:18] START R03369
  [13:59:18] mode=symmetry
    symmetry: solved=7/7
  [13:59:35] mode=local-mutant
    local-mutant: solved=10/10
  [13:59:51] mode=swap
    swap: solved=5/5
  [14:00:03] mode=group-reshuffle
    group-reshuffle: solved=10/10
  [14:00:23] mode=constrained-shuffle
    constrained-shuffle: solved=10/10
[14:00:42] DONE R03369
[14:00:42] SHARD END
[19:11:25] SHARD START 33 level(s)
[19:11:25] START P00042
  [19:11:25] mode=symmetry
    already have this (family + solve result exist) -- skipping regeneration/re-solve
  [19:11:25] mode=local-mutant
    generate produced 0 variants (no file written) -- skipping solve/hint-workbench
  [19:11:25] mode=swap
    already have this (family + solve result exist) -- skipping regeneration/re-solve
  [19:11:25] mode=constrained-shuffle
    already have this (family + solve result exist) -- skipping regeneration/re-solve
[19:11:25] DONE P00042
[19:11:25] START P00102
  [19:11:25] mode=symmetry
    already have this (family + solve result exist) -- skipping regeneration/re-solve
  [19:11:25] mode=local-mutant
    already have this (family + solve result exist) -- skipping regeneration/re-solve
  [19:11:25] mode=swap
    already have this (family + solve result exist) -- skipping regeneration/re-solve
  [19:11:25] mode=group-reshuffle
    already have this (family + solve result exist) -- skipping regeneration/re-solve
  [19:11:25] mode=constrained-shuffle
    already have this (family + solve result exist) -- skipping regeneration/re-solve
[19:11:25] DONE P00102
[19:11:25] START S00028
  [19:11:25] mode=symmetry
    already have this (family + solve result exist) -- skipping regeneration/re-solve
  [19:11:25] mode=local-mutant
    already have this (family + solve result exist) -- skipping regeneration/re-solve
  [19:11:25] mode=swap
    already have this (family + solve result exist) -- skipping regeneration/re-solve
  [19:11:25] mode=group-reshuffle
    already have this (family + solve result exist) -- skipping regeneration/re-solve
  [19:11:25] mode=constrained-shuffle
    already have this (family + solve result exist) -- skipping regeneration/re-solve
[19:11:25] DONE S00028
[19:11:25] START R01075
  [19:11:25] mode=symmetry
    already have this (family + solve result exist) -- skipping regeneration/re-solve
  [19:11:25] mode=local-mutant
    already have this (family + solve result exist) -- skipping regeneration/re-solve
  [19:11:25] mode=swap
    already have this (family + solve result exist) -- skipping regeneration/re-solve
  [19:11:25] mode=group-reshuffle
    already have this (family + solve result exist) -- skipping regeneration/re-solve
  [19:11:25] mode=constrained-shuffle
    already have this (family + solve result exist) -- skipping regeneration/re-solve
[19:11:25] DONE R01075
[19:11:25] START R00153
  [19:11:25] mode=symmetry
    already have this (family + solve result exist) -- skipping regeneration/re-solve
  [19:11:25] mode=local-mutant
    already have this (family + solve result exist) -- skipping regeneration/re-solve
  [19:11:25] mode=swap
    already have this (family + solve result exist) -- skipping regeneration/re-solve
  [19:11:25] mode=group-reshuffle
    already have this (family + solve result exist) -- skipping regeneration/re-solve
  [19:11:25] mode=constrained-shuffle
    already have this (family + solve result exist) -- skipping regeneration/re-solve
[19:11:25] DONE R00153
[19:11:25] START R00544
  [19:11:25] mode=swap
    already have this (family + solve result exist) -- skipping regeneration/re-solve
  [19:11:25] mode=group-reshuffle
    already have this (family + solve result exist) -- skipping regeneration/re-solve
  [19:11:25] mode=constrained-shuffle
    already have this (family + solve result exist) -- skipping regeneration/re-solve
[19:11:25] DONE R00544
[19:11:25] START R00901
  [19:11:25] mode=symmetry
    already have this (family + solve result exist) -- skipping regeneration/re-solve
  [19:11:25] mode=local-mutant
    already have this (family + solve result exist) -- skipping regeneration/re-solve
  [19:11:25] mode=swap
    already have this (family + solve result exist) -- skipping regeneration/re-solve
  [19:11:25] mode=group-reshuffle
    already have this (family + solve result exist) -- skipping regeneration/re-solve
  [19:11:25] mode=constrained-shuffle
    already have this (family + solve result exist) -- skipping regeneration/re-solve
[19:11:25] DONE R00901
[19:11:25] START R01211
  [19:11:25] mode=symmetry
    already have this (family + solve result exist) -- skipping regeneration/re-solve
  [19:11:25] mode=local-mutant
    already have this (family + solve result exist) -- skipping regeneration/re-solve
  [19:11:25] mode=swap
    already have this (family + solve result exist) -- skipping regeneration/re-solve
  [19:11:25] mode=group-reshuffle
    already have this (family + solve result exist) -- skipping regeneration/re-solve
  [19:11:25] mode=constrained-shuffle
    already have this (family + solve result exist) -- skipping regeneration/re-solve
[19:11:25] DONE R01211
[19:11:25] START R01577
  [19:11:25] mode=swap
    already have this (family + solve result exist) -- skipping regeneration/re-solve
  [19:11:25] mode=group-reshuffle
    already have this (family + solve result exist) -- skipping regeneration/re-solve
  [19:11:25] mode=constrained-shuffle
    already have this (family + solve result exist) -- skipping regeneration/re-solve
[19:11:25] DONE R01577
[19:11:25] START R01930
  [19:11:25] mode=symmetry
    already have this (family + solve result exist) -- skipping regeneration/re-solve
  [19:11:25] mode=local-mutant
    already have this (family + solve result exist) -- skipping regeneration/re-solve
  [19:11:25] mode=swap
    already have this (family + solve result exist) -- skipping regeneration/re-solve
  [19:11:25] mode=group-reshuffle
    already have this (family + solve result exist) -- skipping regeneration/re-solve
  [19:11:25] mode=constrained-shuffle
    already have this (family + solve result exist) -- skipping regeneration/re-solve
[19:11:25] DONE R01930
[19:11:25] START R02049
  [19:11:25] mode=swap
    already have this (family + solve result exist) -- skipping regeneration/re-solve
  [19:11:25] mode=group-reshuffle
    already have this (family + solve result exist) -- skipping regeneration/re-solve
  [19:11:25] mode=constrained-shuffle
    already have this (family + solve result exist) -- skipping regeneration/re-solve
[19:11:25] DONE R02049
[19:11:25] START R02109
  [19:11:25] mode=swap
    already have this (family + solve result exist) -- skipping regeneration/re-solve
  [19:11:25] mode=group-reshuffle
    already have this (family + solve result exist) -- skipping regeneration/re-solve
  [19:11:25] mode=constrained-shuffle
    already have this (family + solve result exist) -- skipping regeneration/re-solve
[19:11:25] DONE R02109
[19:11:25] START R02169
  [19:11:25] mode=symmetry
    already have this (family + solve result exist) -- skipping regeneration/re-solve
  [19:11:25] mode=local-mutant
    already have this (family + solve result exist) -- skipping regeneration/re-solve
  [19:11:25] mode=swap
    already have this (family + solve result exist) -- skipping regeneration/re-solve
  [19:11:25] mode=group-reshuffle
    already have this (family + solve result exist) -- skipping regeneration/re-solve
  [19:11:25] mode=constrained-shuffle
    already have this (family + solve result exist) -- skipping regeneration/re-solve
[19:11:25] DONE R02169
[19:11:25] START R02229
  [19:11:25] mode=symmetry
    already have this (family + solve result exist) -- skipping regeneration/re-solve
  [19:11:25] mode=local-mutant
    already have this (family + solve result exist) -- skipping regeneration/re-solve
  [19:11:25] mode=swap
    already have this (family + solve result exist) -- skipping regeneration/re-solve
  [19:11:25] mode=group-reshuffle
    already have this (family + solve result exist) -- skipping regeneration/re-solve
  [19:11:25] mode=constrained-shuffle
    already have this (family + solve result exist) -- skipping regeneration/re-solve
[19:11:25] DONE R02229
[19:11:25] START R02289
  [19:11:25] mode=symmetry
    already have this (family + solve result exist) -- skipping regeneration/re-solve
  [19:11:25] mode=local-mutant
    already have this (family + solve result exist) -- skipping regeneration/re-solve
  [19:11:25] mode=swap
    already have this (family + solve result exist) -- skipping regeneration/re-solve
  [19:11:25] mode=group-reshuffle
    already have this (family + solve result exist) -- skipping regeneration/re-solve
  [19:11:25] mode=constrained-shuffle
    already have this (family + solve result exist) -- skipping regeneration/re-solve
[19:11:25] DONE R02289
[19:11:25] START R02349
  [19:11:25] mode=symmetry
    already have this (family + solve result exist) -- skipping regeneration/re-solve
  [19:11:25] mode=local-mutant
    already have this (family + solve result exist) -- skipping regeneration/re-solve
  [19:11:25] mode=swap
    already have this (family + solve result exist) -- skipping regeneration/re-solve
  [19:11:25] mode=group-reshuffle
    already have this (family + solve result exist) -- skipping regeneration/re-solve
  [19:11:25] mode=constrained-shuffle
    already have this (family + solve result exist) -- skipping regeneration/re-solve
[19:11:25] DONE R02349
[19:11:25] START R02409
  [19:11:25] mode=symmetry
    already have this (family + solve result exist) -- skipping regeneration/re-solve
  [19:11:25] mode=local-mutant
    already have this (family + solve result exist) -- skipping regeneration/re-solve
  [19:11:25] mode=swap
    already have this (family + solve result exist) -- skipping regeneration/re-solve
  [19:11:25] mode=group-reshuffle
    already have this (family + solve result exist) -- skipping regeneration/re-solve
  [19:11:25] mode=constrained-shuffle
    already have this (family + solve result exist) -- skipping regeneration/re-solve
[19:11:25] DONE R02409
[19:11:25] START R02469
  [19:11:25] mode=swap
    already have this (family + solve result exist) -- skipping regeneration/re-solve
  [19:11:25] mode=group-reshuffle
    already have this (family + solve result exist) -- skipping regeneration/re-solve
  [19:11:25] mode=constrained-shuffle
    already have this (family + solve result exist) -- skipping regeneration/re-solve
[19:11:25] DONE R02469
[19:11:25] START R02529
  [19:11:25] mode=swap
    already have this (family + solve result exist) -- skipping regeneration/re-solve
  [19:11:25] mode=group-reshuffle
    already have this (family + solve result exist) -- skipping regeneration/re-solve
  [19:11:25] mode=constrained-shuffle
    already have this (family + solve result exist) -- skipping regeneration/re-solve
[19:11:25] DONE R02529
[19:11:25] START R02589
  [19:11:25] mode=symmetry
    already have this (family + solve result exist) -- skipping regeneration/re-solve
  [19:11:25] mode=local-mutant
    already have this (family + solve result exist) -- skipping regeneration/re-solve
  [19:11:25] mode=swap
    already have this (family + solve result exist) -- skipping regeneration/re-solve
  [19:11:25] mode=group-reshuffle
    already have this (family + solve result exist) -- skipping regeneration/re-solve
  [19:11:25] mode=constrained-shuffle
    already have this (family + solve result exist) -- skipping regeneration/re-solve
[19:11:25] DONE R02589
[19:11:25] START R02649
  [19:11:25] mode=symmetry
    already have this (family + solve result exist) -- skipping regeneration/re-solve
  [19:11:25] mode=local-mutant
    already have this (family + solve result exist) -- skipping regeneration/re-solve
  [19:11:25] mode=swap
    already have this (family + solve result exist) -- skipping regeneration/re-solve
  [19:11:25] mode=group-reshuffle
    already have this (family + solve result exist) -- skipping regeneration/re-solve
  [19:11:25] mode=constrained-shuffle
    already have this (family + solve result exist) -- skipping regeneration/re-solve
[19:11:25] DONE R02649
[19:11:25] START R02709
  [19:11:25] mode=swap
    already have this (family + solve result exist) -- skipping regeneration/re-solve
  [19:11:25] mode=group-reshuffle
    already have this (family + solve result exist) -- skipping regeneration/re-solve
  [19:11:25] mode=constrained-shuffle
    already have this (family + solve result exist) -- skipping regeneration/re-solve
[19:11:25] DONE R02709
[19:11:25] START R02769
  [19:11:25] mode=swap
    already have this (family + solve result exist) -- skipping regeneration/re-solve
  [19:11:25] mode=group-reshuffle
    already have this (family + solve result exist) -- skipping regeneration/re-solve
  [19:11:25] mode=constrained-shuffle
    already have this (family + solve result exist) -- skipping regeneration/re-solve
[19:11:25] DONE R02769
[19:11:25] START R02829
  [19:11:25] mode=symmetry
    already have this (family + solve result exist) -- skipping regeneration/re-solve
  [19:11:25] mode=local-mutant
    already have this (family + solve result exist) -- skipping regeneration/re-solve
  [19:11:25] mode=swap
    already have this (family + solve result exist) -- skipping regeneration/re-solve
  [19:11:25] mode=group-reshuffle
    already have this (family + solve result exist) -- skipping regeneration/re-solve
  [19:11:25] mode=constrained-shuffle
    already have this (family + solve result exist) -- skipping regeneration/re-solve
[19:11:25] DONE R02829
[19:11:25] START R02889
  [19:11:25] mode=symmetry
    already have this (family + solve result exist) -- skipping regeneration/re-solve
  [19:11:25] mode=local-mutant
    already have this (family + solve result exist) -- skipping regeneration/re-solve
  [19:11:25] mode=swap
    already have this (family + solve result exist) -- skipping regeneration/re-solve
  [19:11:25] mode=group-reshuffle
    already have this (family + solve result exist) -- skipping regeneration/re-solve
  [19:11:25] mode=constrained-shuffle
    already have this (family + solve result exist) -- skipping regeneration/re-solve
[19:11:25] DONE R02889
[19:11:25] START R02949
  [19:11:25] mode=swap
    already have this (family + solve result exist) -- skipping regeneration/re-solve
  [19:11:25] mode=group-reshuffle
    already have this (family + solve result exist) -- skipping regeneration/re-solve
  [19:11:25] mode=constrained-shuffle
    already have this (family + solve result exist) -- skipping regeneration/re-solve
[19:11:25] DONE R02949
[19:11:25] START R03009
  [19:11:25] mode=symmetry
    already have this (family + solve result exist) -- skipping regeneration/re-solve
  [19:11:25] mode=local-mutant
    already have this (family + solve result exist) -- skipping regeneration/re-solve
  [19:11:25] mode=swap
    already have this (family + solve result exist) -- skipping regeneration/re-solve
  [19:11:25] mode=group-reshuffle
    already have this (family + solve result exist) -- skipping regeneration/re-solve
  [19:11:25] mode=constrained-shuffle
    already have this (family + solve result exist) -- skipping regeneration/re-solve
[19:11:25] DONE R03009
[19:11:25] START R03069
  [19:11:25] mode=swap
    already have this (family + solve result exist) -- skipping regeneration/re-solve
  [19:11:25] mode=group-reshuffle
    already have this (family + solve result exist) -- skipping regeneration/re-solve
  [19:11:25] mode=constrained-shuffle
    already have this (family + solve result exist) -- skipping regeneration/re-solve
[19:11:25] DONE R03069
[19:11:25] START R03129
  [19:11:25] mode=swap
    already have this (family + solve result exist) -- skipping regeneration/re-solve
  [19:11:25] mode=group-reshuffle
    already have this (family + solve result exist) -- skipping regeneration/re-solve
  [19:11:25] mode=constrained-shuffle
    already have this (family + solve result exist) -- skipping regeneration/re-solve
[19:11:25] DONE R03129
[19:11:25] START R03189
  [19:11:25] mode=swap
    already have this (family + solve result exist) -- skipping regeneration/re-solve
  [19:11:25] mode=group-reshuffle
    already have this (family + solve result exist) -- skipping regeneration/re-solve
  [19:11:25] mode=constrained-shuffle
    already have this (family + solve result exist) -- skipping regeneration/re-solve
[19:11:25] DONE R03189
[19:11:25] START R03249
  [19:11:25] mode=symmetry
    already have this (family + solve result exist) -- skipping regeneration/re-solve
  [19:11:25] mode=local-mutant
    already have this (family + solve result exist) -- skipping regeneration/re-solve
  [19:11:25] mode=swap
    already have this (family + solve result exist) -- skipping regeneration/re-solve
  [19:11:25] mode=group-reshuffle
    already have this (family + solve result exist) -- skipping regeneration/re-solve
  [19:11:25] mode=constrained-shuffle
    already have this (family + solve result exist) -- skipping regeneration/re-solve
[19:11:25] DONE R03249
[19:11:25] START R03309
  [19:11:25] mode=swap
    already have this (family + solve result exist) -- skipping regeneration/re-solve
  [19:11:25] mode=group-reshuffle
    already have this (family + solve result exist) -- skipping regeneration/re-solve
  [19:11:25] mode=constrained-shuffle
    already have this (family + solve result exist) -- skipping regeneration/re-solve
[19:11:25] DONE R03309
[19:11:25] START R03369
  [19:11:25] mode=symmetry
    already have this (family + solve result exist) -- skipping regeneration/re-solve
  [19:11:25] mode=local-mutant
    already have this (family + solve result exist) -- skipping regeneration/re-solve
  [19:11:25] mode=swap
    already have this (family + solve result exist) -- skipping regeneration/re-solve
  [19:11:25] mode=group-reshuffle
    already have this (family + solve result exist) -- skipping regeneration/re-solve
  [19:11:25] mode=constrained-shuffle
    already have this (family + solve result exist) -- skipping regeneration/re-solve
[19:11:25] DONE R03369
[19:11:25] SHARD END
