[10:58:35] SHARD START 32 level(s)
[10:58:35] START P00047
  [10:58:35] mode=symmetry
    symmetry: solved=7/7
  [10:58:40] mode=local-mutant
    local-mutant: solved=10/10
  [10:58:45] mode=swap
    swap: solved=0/0
  [10:58:46] mode=group-reshuffle
    group-reshuffle: solved=10/10
  [10:58:51] mode=constrained-shuffle
    constrained-shuffle: solved=10/10
[10:58:57] DONE P00047
[10:58:57] START P00107
  [10:58:57] mode=symmetry
    symmetry: solved=7/7
  [10:58:58] mode=local-mutant
    local-mutant: solved=10/10
  [10:59:00] mode=swap
    swap: solved=10/10
  [10:59:02] mode=group-reshuffle
    group-reshuffle: solved=10/10
  [10:59:04] mode=constrained-shuffle
    constrained-shuffle: solved=10/10
[10:59:05] DONE P00107
[10:59:05] START S00057
  [10:59:05] mode=symmetry
    symmetry: solved=7/7
  [10:59:17] mode=local-mutant
    local-mutant: solved=10/10
  [10:59:33] mode=swap
    swap: solved=0/0
  [10:59:34] mode=group-reshuffle
    group-reshuffle: solved=10/10
  [10:59:51] mode=constrained-shuffle
    constrained-shuffle: solved=10/10
[11:00:08] DONE S00057
[11:00:08] START R01202
  [11:00:08] mode=symmetry
    symmetry: solved=7/7
  [11:00:20] mode=local-mutant
    local-mutant: solved=10/10
  [11:00:32] mode=swap
    swap: solved=0/0
  [11:00:33] mode=group-reshuffle
    group-reshuffle: solved=10/10
  [11:00:48] mode=constrained-shuffle
    constrained-shuffle: solved=10/10
[11:01:06] DONE R01202
[11:01:06] START R00193
  [11:01:06] mode=swap
    swap: solved=0/10
  [11:05:10] mode=group-reshuffle
    group-reshuffle: solved=0/10
  [11:09:23] mode=constrained-shuffle
    constrained-shuffle: solved=0/10
[11:13:33] DONE R00193
[11:13:33] START R00556
  [11:13:33] mode=swap
    swap: solved=1/10
  [11:16:53] mode=group-reshuffle
    group-reshuffle: solved=1/10
  [11:19:42] mode=constrained-shuffle
    constrained-shuffle: solved=1/10
[11:22:38] DONE R00556
[11:22:38] START R00930
  [11:22:38] mode=swap
    swap: solved=0/10
  [11:24:02] mode=group-reshuffle
    group-reshuffle: solved=0/10
  [11:25:34] mode=constrained-shuffle
    constrained-shuffle: solved=0/10
[11:26:52] DONE R00930
[11:26:52] START R01251
  [11:26:52] mode=symmetry
    symmetry: solved=7/7
  [11:28:00] mode=local-mutant
    local-mutant: solved=9/10
  [11:29:44] mode=swap
    swap: solved=10/10
  [11:31:30] mode=group-reshuffle
    group-reshuffle: solved=6/10
  [11:33:34] mode=constrained-shuffle
    constrained-shuffle: solved=8/10
[11:35:00] DONE R01251
[11:35:00] START R01609
  [11:35:00] mode=swap
    swap: solved=0/10
  [11:36:16] mode=group-reshuffle
    group-reshuffle: solved=9/10
  [11:36:41] mode=constrained-shuffle
    constrained-shuffle: solved=10/10
[11:36:57] DONE R01609
[11:36:57] START R01957
  [11:36:57] mode=symmetry
    symmetry: solved=7/7
  [11:37:54] mode=local-mutant
    local-mutant: solved=9/10
  [11:39:23] mode=swap
    swap: solved=10/10
  [11:40:35] mode=group-reshuffle
    group-reshuffle: solved=7/10
  [11:42:42] mode=constrained-shuffle
    constrained-shuffle: solved=9/10
[11:44:04] DONE R01957
[11:44:04] START R02054
  [11:44:04] mode=swap
    swap: solved=0/10
  [11:48:37] mode=group-reshuffle
    group-reshuffle: solved=0/10
  [11:53:25] mode=constrained-shuffle
    constrained-shuffle: solved=0/10
[11:58:07] DONE R02054
[11:58:07] START R02114
  [11:58:07] mode=swap
    swap: solved=5/10
  [11:59:30] mode=group-reshuffle
    group-reshuffle: solved=6/10
  [12:00:35] mode=constrained-shuffle
    constrained-shuffle: solved=5/10
[12:01:47] DONE R02114
[12:01:47] START R02174
  [12:01:47] mode=swap
    swap: solved=0/10
  [12:05:34] mode=group-reshuffle
    group-reshuffle: solved=0/10
  [12:09:23] mode=constrained-shuffle
    constrained-shuffle: solved=0/10
[12:13:11] DONE R02174
[12:13:11] START R02234
  [12:13:11] mode=symmetry
    symmetry: solved=7/7
  [12:13:47] mode=local-mutant
    local-mutant: solved=9/10
  [12:14:29] mode=swap
    swap: solved=10/10
  [12:15:13] mode=group-reshuffle
    group-reshuffle: solved=10/10
  [12:15:29] mode=constrained-shuffle
    constrained-shuffle: solved=8/10
[12:16:18] DONE R02234
[12:16:18] START R02294
  [12:16:18] mode=symmetry
    symmetry: solved=7/7
  [12:16:28] mode=local-mutant
    local-mutant: solved=10/10
  [12:16:41] mode=swap
    swap: solved=10/10
  [12:16:59] mode=group-reshuffle
    group-reshuffle: solved=10/10
  [12:17:14] mode=constrained-shuffle
    constrained-shuffle: solved=10/10
[12:17:29] DONE R02294
[12:17:29] START R02354
  [12:17:29] mode=symmetry
    symmetry: solved=7/7
  [12:18:58] mode=local-mutant
    local-mutant: solved=7/10
  [12:21:40] mode=swap
    swap: solved=9/10
  [12:24:01] mode=group-reshuffle
    group-reshuffle: solved=1/10
  [12:27:53] mode=constrained-shuffle
    constrained-shuffle: solved=3/10
[12:31:19] DONE R02354
[12:31:19] START R02414
  [12:31:19] mode=symmetry
    symmetry: solved=7/7
  [12:31:26] mode=local-mutant
    local-mutant: solved=10/10
  [12:31:35] mode=swap
    swap: solved=10/10
  [12:31:45] mode=group-reshuffle
    group-reshuffle: solved=10/10
  [12:31:54] mode=constrained-shuffle
    constrained-shuffle: solved=10/10
[12:32:03] DONE R02414
[12:32:03] START R02474
  [12:32:03] mode=symmetry
    symmetry: solved=7/7
  [12:33:01] mode=local-mutant
    local-mutant: solved=8/10
  [12:34:23] mode=swap
    swap: solved=9/10
  [12:35:44] mode=group-reshuffle
    group-reshuffle: solved=4/10
  [12:36:57] mode=constrained-shuffle
    constrained-shuffle: solved=2/10
[12:38:20] DONE R02474
[12:38:20] START R02534
  [12:38:20] mode=swap
    swap: solved=0/10
  [12:39:55] mode=group-reshuffle
    group-reshuffle: solved=0/10
  [12:41:28] mode=constrained-shuffle
    constrained-shuffle: solved=2/10
[12:42:54] DONE R02534
[12:42:54] START R02594
  [12:42:54] mode=swap
    swap: solved=0/10
  [12:47:35] mode=group-reshuffle
    group-reshuffle: solved=0/10
  [12:52:14] mode=constrained-shuffle
    constrained-shuffle: solved=0/10
[12:56:58] DONE R02594
[12:56:58] START R02654
  [12:56:58] mode=swap
    swap: solved=1/10
  [12:59:52] mode=group-reshuffle
    group-reshuffle: solved=2/10
  [13:02:18] mode=constrained-shuffle
    constrained-shuffle: solved=2/10
[13:04:54] DONE R02654
[13:04:54] START R02714
  [13:04:54] mode=symmetry
    symmetry: solved=7/7
  [13:05:04] mode=local-mutant
    local-mutant: solved=10/10
  [13:05:21] mode=swap
    swap: solved=10/10
  [13:05:36] mode=group-reshuffle
    group-reshuffle: solved=10/10
  [13:05:52] mode=constrained-shuffle
    constrained-shuffle: solved=10/10
[13:06:09] DONE R02714
[13:06:09] START R02774
  [13:06:09] mode=swap
    swap: solved=0/10
  [13:10:10] mode=group-reshuffle
    group-reshuffle: solved=0/10
  [13:14:05] mode=constrained-shuffle
    constrained-shuffle: solved=0/10
[13:18:05] DONE R02774
[13:18:05] START R02834
  [13:18:05] mode=symmetry
    symmetry: solved=7/7
  [13:18:16] mode=local-mutant
    local-mutant: solved=10/10
  [13:18:29] mode=swap
    swap: solved=10/10
  [13:18:42] mode=group-reshuffle
    group-reshuffle: solved=10/10
  [13:18:54] mode=constrained-shuffle
    constrained-shuffle: solved=10/10
[13:19:08] DONE R02834
[13:19:08] START R02894
  [13:19:08] mode=symmetry
    symmetry: solved=1/7
  [13:20:40] mode=local-mutant
    local-mutant: solved=2/10
  [13:22:46] mode=swap
    swap: solved=1/10
  [13:25:03] mode=group-reshuffle
    group-reshuffle: solved=2/10
  [13:27:05] mode=constrained-shuffle
    constrained-shuffle: solved=1/10
[13:29:27] DONE R02894
[13:29:27] START R02954
  [13:29:27] mode=swap
    swap: solved=0/10
  [13:34:25] mode=group-reshuffle
    group-reshuffle: solved=0/10
  [13:39:18] mode=constrained-shuffle
    constrained-shuffle: solved=0/10
[13:44:22] DONE R02954
[13:44:22] START R03014
  [13:44:22] mode=swap
    swap: solved=0/10
  [13:46:09] mode=group-reshuffle
    group-reshuffle: solved=3/10
  [13:47:54] mode=constrained-shuffle
    constrained-shuffle: solved=2/10
[13:49:36] DONE R03014
[13:49:36] START R03074
  [13:49:36] mode=symmetry
    symmetry: solved=0/7
  [13:50:39] mode=local-mutant
    local-mutant: solved=5/10
  [13:51:44] mode=swap
    swap: solved=3/10
  [13:53:01] mode=group-reshuffle
    group-reshuffle: solved=5/10
  [13:54:04] mode=constrained-shuffle
    constrained-shuffle: solved=4/10
[13:55:15] DONE R03074
[13:55:15] START R03134
  [13:55:15] mode=swap
    swap: solved=0/10
  [13:56:30] mode=group-reshuffle
    group-reshuffle: solved=2/10
  [13:57:37] mode=constrained-shuffle
    constrained-shuffle: solved=1/10
[13:58:59] DONE R03134
[13:58:59] START R03194
  [13:58:59] mode=swap
    swap: solved=0/10
  [14:00:58] mode=group-reshuffle
    group-reshuffle: solved=2/10
  [14:02:42] mode=constrained-shuffle
    constrained-shuffle: solved=1/10
[14:04:39] DONE R03194
[14:04:39] START R03254
  [14:04:39] mode=swap
    swap: solved=0/10
  [14:09:03] mode=group-reshuffle
    group-reshuffle: solved=0/10
  [14:13:29] mode=constrained-shuffle
    constrained-shuffle: solved=0/10
[14:18:07] DONE R03254
[14:18:07] START R03314
  [14:18:07] mode=symmetry
    symmetry: solved=7/7
  [14:18:15] mode=local-mutant
    local-mutant: solved=9/10
  [14:18:36] mode=swap
    swap: solved=10/10
  [14:18:52] mode=group-reshuffle
    group-reshuffle: solved=8/10
  [14:19:19] mode=constrained-shuffle
    constrained-shuffle: solved=7/10
[14:19:55] DONE R03314
[14:19:55] SHARD END
