[04:08:41] SHARD START 33 level(s)
[04:08:41] START P00021
  [04:08:41] mode=symmetry
    symmetry: solved=7/7
  [04:08:45] mode=local-mutant
    local-mutant: solved=1/1
  [04:08:47] mode=swap
    swap: solved=0/0
  [04:08:48] mode=group-reshuffle
    group-reshuffle: solved=1/1
  [04:08:50] mode=constrained-shuffle
    constrained-shuffle: solved=1/1
[04:08:52] DONE P00021
[04:08:52] START P00081
  [04:08:52] mode=symmetry
    symmetry: solved=7/7
  [04:08:58] mode=local-mutant
    local-mutant: solved=10/10
  [04:09:06] mode=swap
    swap: solved=0/0
  [04:09:07] mode=group-reshuffle
    group-reshuffle: solved=10/10
  [04:09:16] mode=constrained-shuffle
    constrained-shuffle: solved=10/10
[04:09:24] DONE P00081
[04:09:24] START P00141
  [04:09:24] mode=symmetry
    symmetry: solved=7/7
  [04:09:31] mode=local-mutant
    local-mutant: solved=10/10
  [04:09:38] mode=swap
    swap: solved=10/10
  [04:09:46] mode=group-reshuffle
    group-reshuffle: solved=10/10
  [04:09:55] mode=constrained-shuffle
    constrained-shuffle: solved=10/10
[04:10:05] DONE P00141
[04:10:05] START R00526
  [04:10:05] mode=symmetry
    symmetry: solved=4/7
  [04:11:05] mode=local-mutant
    local-mutant: solved=5/10
  [04:12:40] mode=swap
    swap: solved=3/10
  [04:14:26] mode=group-reshuffle
    group-reshuffle: solved=8/10
  [04:15:34] mode=constrained-shuffle
    constrained-shuffle: solved=5/10
[04:16:52] DONE R00526
[04:16:52] START R01993
  [04:16:52] mode=symmetry
    symmetry: solved=7/7
  [04:17:01] mode=local-mutant
    local-mutant: solved=10/10
  [04:17:15] mode=swap
    swap: solved=10/10
  [04:17:28] mode=group-reshuffle
    group-reshuffle: solved=10/10
  [04:17:40] mode=constrained-shuffle
    constrained-shuffle: solved=10/10
[04:17:53] DONE R01993
[04:17:53] START R00434
  [04:17:53] mode=symmetry
    symmetry: solved=7/7
  [04:18:20] mode=local-mutant
    local-mutant: solved=10/10
  [04:19:12] mode=swap
    swap: solved=10/10
  [04:19:56] mode=group-reshuffle
    group-reshuffle: solved=9/10
  [04:20:54] mode=constrained-shuffle
    constrained-shuffle: solved=3/10
[04:22:17] DONE R00434
[04:22:17] START R00732
  [04:22:17] mode=swap
    swap: solved=0/10
  [04:23:26] mode=group-reshuffle
    group-reshuffle: solved=1/10
  [04:24:29] mode=constrained-shuffle
    constrained-shuffle: solved=1/10
[04:25:35] DONE R00732
[04:25:35] START R01097
  [04:25:35] mode=swap
    swap: solved=0/10
  [04:30:00] mode=group-reshuffle
    group-reshuffle: solved=0/10
  [04:34:32] mode=constrained-shuffle
    constrained-shuffle: solved=0/3
[04:36:02] DONE R01097
[04:36:02] START R01477
  [04:36:02] mode=symmetry
    symmetry: solved=2/7
  [04:37:47] mode=local-mutant
    local-mutant: solved=3/10
  [04:40:16] mode=swap
    swap: solved=6/9
  [04:41:43] mode=group-reshuffle
    group-reshuffle: solved=7/10
  [04:42:54] mode=constrained-shuffle
    constrained-shuffle: solved=4/10
[04:45:16] DONE R01477
[04:45:16] START R01773
  [04:45:16] mode=swap
    swap: solved=0/10
  [04:48:36] mode=group-reshuffle
    group-reshuffle: solved=0/10
  [04:52:06] mode=constrained-shuffle
    constrained-shuffle: solved=0/10
[04:55:31] DONE R01773
[04:55:31] START R02028
  [04:55:31] mode=symmetry
    symmetry: solved=7/7
  [04:55:40] mode=local-mutant
    local-mutant: solved=10/10
  [04:55:52] mode=swap
    swap: solved=10/10
  [04:56:11] mode=group-reshuffle
    group-reshuffle: solved=10/10
  [04:56:28] mode=constrained-shuffle
    constrained-shuffle: solved=10/10
[04:56:41] DONE R02028
[04:56:41] START R02088
  [04:56:41] mode=swap
    swap: solved=0/10
  [05:00:01] mode=group-reshuffle
    group-reshuffle: solved=4/10
  [05:02:43] mode=constrained-shuffle
    constrained-shuffle: solved=1/10
[05:06:04] DONE R02088
[05:06:04] START R02148
  [05:06:04] mode=symmetry
    symmetry: solved=7/7
  [05:06:49] mode=local-mutant
    local-mutant: solved=10/10
  [05:07:45] mode=swap
    swap: solved=10/10
  [05:08:52] mode=group-reshuffle
    group-reshuffle: solved=10/10
  [05:09:57] mode=constrained-shuffle
    constrained-shuffle: solved=9/10
[05:11:24] DONE R02148
[05:11:24] START R02208
  [05:11:24] mode=symmetry
    symmetry: solved=7/7
  [05:11:31] mode=local-mutant
    local-mutant: solved=10/10
  [05:11:45] mode=swap
    swap: solved=10/10
  [05:12:01] mode=group-reshuffle
    group-reshuffle: solved=8/10
  [05:12:31] mode=constrained-shuffle
    constrained-shuffle: solved=10/10
[05:12:44] DONE R02208
[05:12:44] START R02268
  [05:12:44] mode=symmetry
    symmetry: solved=7/7
  [05:13:12] mode=local-mutant
    local-mutant: solved=10/10
  [05:14:03] mode=swap
    swap: solved=10/10
  [05:14:52] mode=group-reshuffle
    group-reshuffle: solved=10/10
  [05:15:36] mode=constrained-shuffle
    constrained-shuffle: solved=9/10
[05:16:51] DONE R02268
[05:16:51] START R02328
  [05:16:51] mode=symmetry
    symmetry: solved=7/7
  [05:17:07] mode=local-mutant
    local-mutant: solved=10/10
  [05:17:29] mode=swap
    swap: solved=3/3
  [05:17:37] mode=group-reshuffle
    group-reshuffle: solved=10/10
  [05:18:17] mode=constrained-shuffle
    constrained-shuffle: solved=10/10
[05:18:48] DONE R02328
[05:18:48] START R02388
  [05:18:48] mode=swap
    swap: solved=0/10
  [05:20:16] mode=group-reshuffle
    group-reshuffle: solved=1/10
  [05:21:33] mode=constrained-shuffle
    constrained-shuffle: solved=0/10
[05:23:00] DONE R02388
[05:23:00] START R02448
  [05:23:00] mode=swap
    swap: solved=2/10
  [05:25:13] mode=group-reshuffle
    group-reshuffle: solved=1/10
  [05:27:35] mode=constrained-shuffle
    constrained-shuffle: solved=0/10
[05:30:07] DONE R02448
[05:30:07] START R02508
  [05:30:07] mode=swap
    swap: solved=0/10
  [05:33:38] mode=group-reshuffle
    group-reshuffle: solved=0/10
  [05:37:15] mode=constrained-shuffle
    constrained-shuffle: solved=0/10
[05:40:45] DONE R02508
[05:40:45] START R02568
  [05:40:45] mode=swap
    swap: solved=0/10
  [05:41:51] mode=group-reshuffle
    group-reshuffle: solved=0/10
  [05:42:58] mode=constrained-shuffle
    constrained-shuffle: solved=0/10
[05:44:06] DONE R02568
[05:44:06] START R02628
  [05:44:06] mode=symmetry
    symmetry: solved=7/7
  [05:44:17] mode=local-mutant
    local-mutant: solved=10/10
  [05:44:31] mode=swap
    swap: solved=10/10
  [05:44:45] mode=group-reshuffle
    group-reshuffle: solved=10/10
  [05:45:00] mode=constrained-shuffle
    constrained-shuffle: solved=10/10
[05:45:14] DONE R02628
[05:45:14] START R02688
  [05:45:14] mode=symmetry
    symmetry: solved=7/7
  [05:45:26] mode=local-mutant
    local-mutant: solved=10/10
  [05:45:43] mode=swap
    swap: solved=10/10
  [05:46:04] mode=group-reshuffle
    group-reshuffle: solved=10/10
  [05:46:22] mode=constrained-shuffle
    constrained-shuffle: solved=10/10
[05:46:38] DONE R02688
[05:46:38] START R02748
  [05:46:38] mode=swap
    swap: solved=0/10
  [05:48:04] mode=group-reshuffle
    group-reshuffle: solved=3/10
  [05:49:15] mode=constrained-shuffle
    constrained-shuffle: solved=3/10
[05:50:21] DONE R02748
[05:50:21] START R02808
  [05:50:21] mode=symmetry
    symmetry: solved=1/7
  [05:51:30] mode=local-mutant
    local-mutant: solved=1/10
  [05:53:19] mode=swap
    swap: solved=0/10
  [05:55:08] mode=group-reshuffle
    group-reshuffle: solved=1/10
  [05:56:54] mode=constrained-shuffle
    constrained-shuffle: solved=0/10
[05:58:43] DONE R02808
[05:58:43] START R02868
  [05:58:43] mode=swap
    swap: solved=0/10
  [06:04:08] mode=group-reshuffle
    group-reshuffle: solved=0/10
  [06:09:44] mode=constrained-shuffle
    constrained-shuffle: solved=0/10
[06:15:13] DONE R02868
[06:15:13] START R02928
  [06:15:13] mode=swap
    swap: solved=0/10
  [06:16:39] mode=group-reshuffle
    group-reshuffle: solved=3/10
  [06:17:44] mode=constrained-shuffle
    constrained-shuffle: solved=6/10
[06:18:26] DONE R02928
[06:18:26] START R02988
  [06:18:26] mode=symmetry
    symmetry: solved=0/7
  [06:19:23] mode=local-mutant
    local-mutant: solved=7/10
  [06:20:10] mode=swap
    swap: solved=5/10
  [06:21:05] mode=group-reshuffle
    group-reshuffle: solved=7/10
  [06:21:49] mode=constrained-shuffle
    constrained-shuffle: solved=10/10
[06:22:17] DONE R02988
[06:22:17] START R03048
  [06:22:17] mode=swap
    swap: solved=0/10
  [06:26:43] mode=group-reshuffle
    group-reshuffle: solved=0/10
  [06:31:29] mode=constrained-shuffle
    constrained-shuffle: solved=0/10
[06:36:14] DONE R03048
[06:36:14] START R03108
  [06:36:14] mode=swap
    swap: solved=0/10
  [06:37:20] mode=group-reshuffle
    group-reshuffle: solved=4/10
  [06:38:18] mode=constrained-shuffle
    constrained-shuffle: solved=3/10
[06:39:26] DONE R03108
[06:39:26] START R03168
  [06:39:26] mode=swap
    swap: solved=0/10
  [06:40:14] mode=group-reshuffle
    group-reshuffle: solved=0/10
  [06:41:03] mode=constrained-shuffle
    constrained-shuffle: solved=0/10
[06:41:51] DONE R03168
[06:41:51] START R03228
  [06:41:51] mode=swap
    swap: solved=0/10
  [06:42:54] mode=group-reshuffle
    group-reshuffle: solved=0/10
  [06:43:58] mode=constrained-shuffle
    constrained-shuffle: solved=0/10
[06:45:03] DONE R03228
[06:45:03] START R03288
  [06:45:03] mode=swap
    swap: solved=0/10
  [06:46:43] mode=group-reshuffle
    group-reshuffle: solved=0/10
  [06:48:25] mode=constrained-shuffle
    constrained-shuffle: solved=0/10
[06:50:10] DONE R03288
[06:50:10] START R03348
  [06:50:10] mode=swap
    swap: solved=0/10
  [06:54:23] mode=group-reshuffle
    group-reshuffle: solved=0/10
  [06:58:40] mode=constrained-shuffle
    constrained-shuffle: solved=0/10
[07:02:52] DONE R03348
[07:02:52] SHARD END
[19:10:40] SHARD START 33 level(s)
[19:10:40] START P00021
  [19:10:40] mode=symmetry
    already have this (family + solve result exist) -- skipping regeneration/re-solve
  [19:10:40] mode=local-mutant
    already have this (family + solve result exist) -- skipping regeneration/re-solve
  [19:10:40] mode=swap
    already have this (family + solve result exist) -- skipping regeneration/re-solve
  [19:10:40] mode=group-reshuffle
    already have this (family + solve result exist) -- skipping regeneration/re-solve
  [19:10:40] mode=constrained-shuffle
    already have this (family + solve result exist) -- skipping regeneration/re-solve
[19:10:40] DONE P00021
[19:10:40] START P00081
  [19:10:40] mode=symmetry
    already have this (family + solve result exist) -- skipping regeneration/re-solve
  [19:10:40] mode=local-mutant
    already have this (family + solve result exist) -- skipping regeneration/re-solve
  [19:10:40] mode=swap
    already have this (family + solve result exist) -- skipping regeneration/re-solve
  [19:10:40] mode=group-reshuffle
    already have this (family + solve result exist) -- skipping regeneration/re-solve
  [19:10:40] mode=constrained-shuffle
    already have this (family + solve result exist) -- skipping regeneration/re-solve
[19:10:40] DONE P00081
[19:10:40] START P00141
  [19:10:40] mode=symmetry
    already have this (family + solve result exist) -- skipping regeneration/re-solve
  [19:10:40] mode=local-mutant
    already have this (family + solve result exist) -- skipping regeneration/re-solve
  [19:10:40] mode=swap
    already have this (family + solve result exist) -- skipping regeneration/re-solve
  [19:10:40] mode=group-reshuffle
    already have this (family + solve result exist) -- skipping regeneration/re-solve
  [19:10:40] mode=constrained-shuffle
    already have this (family + solve result exist) -- skipping regeneration/re-solve
[19:10:40] DONE P00141
[19:10:40] START R00526
  [19:10:40] mode=symmetry
    already have this (family + solve result exist) -- skipping regeneration/re-solve
  [19:10:40] mode=local-mutant
    already have this (family + solve result exist) -- skipping regeneration/re-solve
  [19:10:40] mode=swap
    already have this (family + solve result exist) -- skipping regeneration/re-solve
  [19:10:40] mode=group-reshuffle
    already have this (family + solve result exist) -- skipping regeneration/re-solve
  [19:10:40] mode=constrained-shuffle
    already have this (family + solve result exist) -- skipping regeneration/re-solve
[19:10:40] DONE R00526
[19:10:40] START R01993
  [19:10:40] mode=symmetry
    already have this (family + solve result exist) -- skipping regeneration/re-solve
  [19:10:40] mode=local-mutant
    already have this (family + solve result exist) -- skipping regeneration/re-solve
  [19:10:40] mode=swap
    already have this (family + solve result exist) -- skipping regeneration/re-solve
  [19:10:40] mode=group-reshuffle
    already have this (family + solve result exist) -- skipping regeneration/re-solve
  [19:10:40] mode=constrained-shuffle
    already have this (family + solve result exist) -- skipping regeneration/re-solve
[19:10:40] DONE R01993
[19:10:40] START R00434
  [19:10:40] mode=symmetry
    already have this (family + solve result exist) -- skipping regeneration/re-solve
  [19:10:40] mode=local-mutant
    already have this (family + solve result exist) -- skipping regeneration/re-solve
  [19:10:40] mode=swap
    already have this (family + solve result exist) -- skipping regeneration/re-solve
  [19:10:40] mode=group-reshuffle
    already have this (family + solve result exist) -- skipping regeneration/re-solve
  [19:10:40] mode=constrained-shuffle
    already have this (family + solve result exist) -- skipping regeneration/re-solve
[19:10:40] DONE R00434
[19:10:40] START R00732
  [19:10:40] mode=swap
    already have this (family + solve result exist) -- skipping regeneration/re-solve
  [19:10:40] mode=group-reshuffle
    already have this (family + solve result exist) -- skipping regeneration/re-solve
  [19:10:40] mode=constrained-shuffle
    already have this (family + solve result exist) -- skipping regeneration/re-solve
[19:10:40] DONE R00732
[19:10:40] START R01097
  [19:10:40] mode=swap
    already have this (family + solve result exist) -- skipping regeneration/re-solve
  [19:10:40] mode=group-reshuffle
    already have this (family + solve result exist) -- skipping regeneration/re-solve
  [19:10:40] mode=constrained-shuffle
    already have this (family + solve result exist) -- skipping regeneration/re-solve
[19:10:40] DONE R01097
[19:10:40] START R01477
  [19:10:40] mode=symmetry
    already have this (family + solve result exist) -- skipping regeneration/re-solve
  [19:10:40] mode=local-mutant
    already have this (family + solve result exist) -- skipping regeneration/re-solve
  [19:10:40] mode=swap
    already have this (family + solve result exist) -- skipping regeneration/re-solve
  [19:10:40] mode=group-reshuffle
    already have this (family + solve result exist) -- skipping regeneration/re-solve
  [19:10:40] mode=constrained-shuffle
    already have this (family + solve result exist) -- skipping regeneration/re-solve
[19:10:40] DONE R01477
[19:10:40] START R01773
  [19:10:40] mode=swap
    already have this (family + solve result exist) -- skipping regeneration/re-solve
  [19:10:40] mode=group-reshuffle
    already have this (family + solve result exist) -- skipping regeneration/re-solve
  [19:10:40] mode=constrained-shuffle
    already have this (family + solve result exist) -- skipping regeneration/re-solve
[19:10:40] DONE R01773
[19:10:40] START R02028
  [19:10:40] mode=symmetry
    already have this (family + solve result exist) -- skipping regeneration/re-solve
  [19:10:40] mode=local-mutant
    already have this (family + solve result exist) -- skipping regeneration/re-solve
  [19:10:40] mode=swap
    already have this (family + solve result exist) -- skipping regeneration/re-solve
  [19:10:40] mode=group-reshuffle
    already have this (family + solve result exist) -- skipping regeneration/re-solve
  [19:10:40] mode=constrained-shuffle
    already have this (family + solve result exist) -- skipping regeneration/re-solve
[19:10:40] DONE R02028
[19:10:40] START R02088
  [19:10:40] mode=swap
    already have this (family + solve result exist) -- skipping regeneration/re-solve
  [19:10:40] mode=group-reshuffle
    already have this (family + solve result exist) -- skipping regeneration/re-solve
  [19:10:40] mode=constrained-shuffle
    already have this (family + solve result exist) -- skipping regeneration/re-solve
[19:10:40] DONE R02088
[19:10:40] START R02148
  [19:10:40] mode=symmetry
    already have this (family + solve result exist) -- skipping regeneration/re-solve
  [19:10:40] mode=local-mutant
    already have this (family + solve result exist) -- skipping regeneration/re-solve
  [19:10:40] mode=swap
    already have this (family + solve result exist) -- skipping regeneration/re-solve
  [19:10:40] mode=group-reshuffle
    already have this (family + solve result exist) -- skipping regeneration/re-solve
  [19:10:40] mode=constrained-shuffle
    already have this (family + solve result exist) -- skipping regeneration/re-solve
[19:10:40] DONE R02148
[19:10:40] START R02208
  [19:10:40] mode=symmetry
    already have this (family + solve result exist) -- skipping regeneration/re-solve
  [19:10:40] mode=local-mutant
    already have this (family + solve result exist) -- skipping regeneration/re-solve
  [19:10:40] mode=swap
    already have this (family + solve result exist) -- skipping regeneration/re-solve
  [19:10:40] mode=group-reshuffle
    already have this (family + solve result exist) -- skipping regeneration/re-solve
  [19:10:40] mode=constrained-shuffle
    already have this (family + solve result exist) -- skipping regeneration/re-solve
[19:10:40] DONE R02208
[19:10:40] START R02268
  [19:10:40] mode=symmetry
    already have this (family + solve result exist) -- skipping regeneration/re-solve
  [19:10:40] mode=local-mutant
    already have this (family + solve result exist) -- skipping regeneration/re-solve
  [19:10:40] mode=swap
    already have this (family + solve result exist) -- skipping regeneration/re-solve
  [19:10:40] mode=group-reshuffle
    already have this (family + solve result exist) -- skipping regeneration/re-solve
  [19:10:40] mode=constrained-shuffle
    already have this (family + solve result exist) -- skipping regeneration/re-solve
[19:10:40] DONE R02268
[19:10:40] START R02328
  [19:10:40] mode=symmetry
    already have this (family + solve result exist) -- skipping regeneration/re-solve
  [19:10:40] mode=local-mutant
    already have this (family + solve result exist) -- skipping regeneration/re-solve
  [19:10:40] mode=swap
    already have this (family + solve result exist) -- skipping regeneration/re-solve
  [19:10:40] mode=group-reshuffle
    already have this (family + solve result exist) -- skipping regeneration/re-solve
  [19:10:40] mode=constrained-shuffle
    already have this (family + solve result exist) -- skipping regeneration/re-solve
[19:10:40] DONE R02328
[19:10:40] START R02388
  [19:10:40] mode=swap
    already have this (family + solve result exist) -- skipping regeneration/re-solve
  [19:10:40] mode=group-reshuffle
    already have this (family + solve result exist) -- skipping regeneration/re-solve
  [19:10:40] mode=constrained-shuffle
    already have this (family + solve result exist) -- skipping regeneration/re-solve
[19:10:40] DONE R02388
[19:10:40] START R02448
  [19:10:40] mode=swap
    already have this (family + solve result exist) -- skipping regeneration/re-solve
  [19:10:40] mode=group-reshuffle
    already have this (family + solve result exist) -- skipping regeneration/re-solve
  [19:10:40] mode=constrained-shuffle
    already have this (family + solve result exist) -- skipping regeneration/re-solve
[19:10:40] DONE R02448
[19:10:40] START R02508
  [19:10:40] mode=swap
    already have this (family + solve result exist) -- skipping regeneration/re-solve
  [19:10:40] mode=group-reshuffle
    already have this (family + solve result exist) -- skipping regeneration/re-solve
  [19:10:40] mode=constrained-shuffle
    already have this (family + solve result exist) -- skipping regeneration/re-solve
[19:10:40] DONE R02508
[19:10:40] START R02568
  [19:10:40] mode=swap
    already have this (family + solve result exist) -- skipping regeneration/re-solve
  [19:10:40] mode=group-reshuffle
    already have this (family + solve result exist) -- skipping regeneration/re-solve
  [19:10:40] mode=constrained-shuffle
    already have this (family + solve result exist) -- skipping regeneration/re-solve
[19:10:40] DONE R02568
[19:10:40] START R02628
  [19:10:40] mode=symmetry
    already have this (family + solve result exist) -- skipping regeneration/re-solve
  [19:10:40] mode=local-mutant
    already have this (family + solve result exist) -- skipping regeneration/re-solve
  [19:10:40] mode=swap
    already have this (family + solve result exist) -- skipping regeneration/re-solve
  [19:10:40] mode=group-reshuffle
    already have this (family + solve result exist) -- skipping regeneration/re-solve
  [19:10:40] mode=constrained-shuffle
    already have this (family + solve result exist) -- skipping regeneration/re-solve
[19:10:40] DONE R02628
[19:10:40] START R02688
  [19:10:40] mode=symmetry
    already have this (family + solve result exist) -- skipping regeneration/re-solve
  [19:10:40] mode=local-mutant
    already have this (family + solve result exist) -- skipping regeneration/re-solve
  [19:10:40] mode=swap
    already have this (family + solve result exist) -- skipping regeneration/re-solve
  [19:10:40] mode=group-reshuffle
    already have this (family + solve result exist) -- skipping regeneration/re-solve
  [19:10:40] mode=constrained-shuffle
    already have this (family + solve result exist) -- skipping regeneration/re-solve
[19:10:40] DONE R02688
[19:10:40] START R02748
  [19:10:40] mode=swap
    already have this (family + solve result exist) -- skipping regeneration/re-solve
  [19:10:40] mode=group-reshuffle
    already have this (family + solve result exist) -- skipping regeneration/re-solve
  [19:10:40] mode=constrained-shuffle
    already have this (family + solve result exist) -- skipping regeneration/re-solve
[19:10:40] DONE R02748
[19:10:40] START R02808
  [19:10:40] mode=symmetry
    already have this (family + solve result exist) -- skipping regeneration/re-solve
  [19:10:40] mode=local-mutant
    already have this (family + solve result exist) -- skipping regeneration/re-solve
  [19:10:40] mode=swap
    already have this (family + solve result exist) -- skipping regeneration/re-solve
  [19:10:40] mode=group-reshuffle
    already have this (family + solve result exist) -- skipping regeneration/re-solve
  [19:10:40] mode=constrained-shuffle
    already have this (family + solve result exist) -- skipping regeneration/re-solve
[19:10:40] DONE R02808
[19:10:40] START R02868
  [19:10:40] mode=swap
    already have this (family + solve result exist) -- skipping regeneration/re-solve
  [19:10:40] mode=group-reshuffle
    already have this (family + solve result exist) -- skipping regeneration/re-solve
  [19:10:40] mode=constrained-shuffle
    already have this (family + solve result exist) -- skipping regeneration/re-solve
[19:10:40] DONE R02868
[19:10:40] START R02928
  [19:10:40] mode=swap
    already have this (family + solve result exist) -- skipping regeneration/re-solve
  [19:10:40] mode=group-reshuffle
    already have this (family + solve result exist) -- skipping regeneration/re-solve
  [19:10:40] mode=constrained-shuffle
    already have this (family + solve result exist) -- skipping regeneration/re-solve
[19:10:40] DONE R02928
[19:10:40] START R02988
  [19:10:40] mode=symmetry
    already have this (family + solve result exist) -- skipping regeneration/re-solve
  [19:10:40] mode=local-mutant
    already have this (family + solve result exist) -- skipping regeneration/re-solve
  [19:10:40] mode=swap
    already have this (family + solve result exist) -- skipping regeneration/re-solve
  [19:10:40] mode=group-reshuffle
    already have this (family + solve result exist) -- skipping regeneration/re-solve
  [19:10:40] mode=constrained-shuffle
    already have this (family + solve result exist) -- skipping regeneration/re-solve
[19:10:40] DONE R02988
[19:10:40] START R03048
  [19:10:40] mode=swap
    already have this (family + solve result exist) -- skipping regeneration/re-solve
  [19:10:40] mode=group-reshuffle
    already have this (family + solve result exist) -- skipping regeneration/re-solve
  [19:10:40] mode=constrained-shuffle
    already have this (family + solve result exist) -- skipping regeneration/re-solve
[19:10:40] DONE R03048
[19:10:40] START R03108
  [19:10:40] mode=swap
    already have this (family + solve result exist) -- skipping regeneration/re-solve
  [19:10:40] mode=group-reshuffle
    already have this (family + solve result exist) -- skipping regeneration/re-solve
  [19:10:40] mode=constrained-shuffle
    already have this (family + solve result exist) -- skipping regeneration/re-solve
[19:10:40] DONE R03108
[19:10:40] START R03168
  [19:10:40] mode=swap
    already have this (family + solve result exist) -- skipping regeneration/re-solve
  [19:10:40] mode=group-reshuffle
    already have this (family + solve result exist) -- skipping regeneration/re-solve
  [19:10:40] mode=constrained-shuffle
    already have this (family + solve result exist) -- skipping regeneration/re-solve
[19:10:40] DONE R03168
[19:10:40] START R03228
  [19:10:40] mode=swap
    already have this (family + solve result exist) -- skipping regeneration/re-solve
  [19:10:40] mode=group-reshuffle
    already have this (family + solve result exist) -- skipping regeneration/re-solve
  [19:10:40] mode=constrained-shuffle
    already have this (family + solve result exist) -- skipping regeneration/re-solve
[19:10:40] DONE R03228
[19:10:40] START R03288
  [19:10:40] mode=swap
    already have this (family + solve result exist) -- skipping regeneration/re-solve
  [19:10:40] mode=group-reshuffle
    already have this (family + solve result exist) -- skipping regeneration/re-solve
  [19:10:40] mode=constrained-shuffle
    already have this (family + solve result exist) -- skipping regeneration/re-solve
[19:10:40] DONE R03288
[19:10:40] START R03348
  [19:10:40] mode=swap
    already have this (family + solve result exist) -- skipping regeneration/re-solve
  [19:10:40] mode=group-reshuffle
    already have this (family + solve result exist) -- skipping regeneration/re-solve
  [19:10:40] mode=constrained-shuffle
    already have this (family + solve result exist) -- skipping regeneration/re-solve
[19:10:40] DONE R03348
[19:10:40] SHARD END
