[11:13:51] SHARD START 32 level(s)
[11:13:51] START P00056
  [11:13:51] mode=symmetry
    symmetry: solved=7/7
  [11:13:56] mode=local-mutant
    local-mutant: solved=10/10
  [11:14:07] mode=swap
    swap: solved=0/0
  [11:14:08] mode=group-reshuffle
    group-reshuffle: solved=10/10
  [11:14:18] mode=constrained-shuffle
    constrained-shuffle: solved=10/10
[11:14:27] DONE P00056
[11:14:27] START P00116
  [11:14:27] mode=symmetry
    symmetry: solved=7/7
  [11:14:31] mode=local-mutant
    local-mutant: solved=10/10
  [11:14:36] mode=swap
    swap: solved=10/10
  [11:14:41] mode=group-reshuffle
    group-reshuffle: solved=10/10
  [11:14:50] mode=constrained-shuffle
    constrained-shuffle: solved=10/10
[11:14:58] DONE P00116
[11:14:58] START S00108
  [11:14:58] mode=symmetry
    symmetry: solved=7/7
  [11:15:14] mode=local-mutant
    local-mutant: solved=10/10
  [11:15:28] mode=swap
    swap: solved=0/0
  [11:15:29] mode=group-reshuffle
    group-reshuffle: solved=10/10
  [11:15:48] mode=constrained-shuffle
    constrained-shuffle: solved=10/10
[11:16:07] DONE S00108
[11:16:07] START R01455
  [11:16:07] mode=symmetry
    symmetry: solved=7/7
  [11:16:13] mode=local-mutant
    local-mutant: solved=10/10
  [11:16:22] mode=swap
    swap: solved=10/10
  [11:16:32] mode=group-reshuffle
    group-reshuffle: solved=10/10
  [11:16:42] mode=constrained-shuffle
    constrained-shuffle: solved=10/10
[11:16:52] DONE R01455
[11:16:52] START R00278
  [11:16:52] mode=symmetry
    symmetry: solved=7/7
  [11:17:14] mode=local-mutant
    local-mutant: solved=10/10
  [11:17:41] mode=swap
    swap: solved=10/10
  [11:18:04] mode=group-reshuffle
    group-reshuffle: solved=10/10
  [11:18:23] mode=constrained-shuffle
    constrained-shuffle: solved=10/10
[11:18:58] DONE R00278
[11:18:58] START R00602
  [11:18:58] mode=swap
    swap: solved=0/10
  [11:22:17] mode=group-reshuffle
    group-reshuffle: solved=3/10
  [11:25:08] mode=constrained-shuffle
    constrained-shuffle: solved=2/10
[11:28:13] DONE R00602
[11:28:13] START R00986
  [11:28:13] mode=symmetry
    symmetry: solved=7/7
  [11:29:27] mode=local-mutant
    local-mutant: solved=10/10
  [11:31:29] mode=swap
    swap: solved=10/10
  [11:33:31] mode=group-reshuffle
    group-reshuffle: solved=8/10
  [11:35:48] mode=constrained-shuffle
    constrained-shuffle: solved=6/10
[11:38:43] DONE R00986
[11:38:43] START R01318
  [11:38:43] mode=swap
    swap: solved=0/10
  [11:39:56] mode=group-reshuffle
    group-reshuffle: solved=0/10
  [11:41:05] mode=constrained-shuffle
    constrained-shuffle: solved=0/10
[11:42:12] DONE R01318
[11:42:12] START R01655
  [11:42:12] mode=swap
    swap: solved=0/10
  [11:45:32] mode=group-reshuffle
    group-reshuffle: solved=1/10
  [11:48:48] mode=constrained-shuffle
    constrained-shuffle: solved=0/10
[11:52:04] DONE R01655
[11:52:04] START R02003
  [11:52:04] mode=symmetry
    symmetry: solved=0/7
  [11:54:12] mode=local-mutant
    local-mutant: solved=5/10
  [11:56:16] mode=swap
    swap: solved=9/10
  [11:57:40] mode=group-reshuffle
    group-reshuffle: solved=5/10
  [11:59:50] mode=constrained-shuffle
    constrained-shuffle: solved=3/10
[12:02:19] DONE R02003
[12:02:19] START R02063
  [12:02:19] mode=swap
    swap: solved=0/10
  [12:03:15] mode=group-reshuffle
    group-reshuffle: solved=6/10
  [12:03:54] mode=constrained-shuffle
    constrained-shuffle: solved=6/10
[12:04:34] DONE R02063
[12:04:34] START R02123
  [12:04:34] mode=symmetry
    symmetry: solved=7/7
  [12:05:37] mode=local-mutant
    local-mutant: solved=9/10
  [12:07:13] mode=swap
    swap: solved=10/10
  [12:08:38] mode=group-reshuffle
    group-reshuffle: solved=2/10
  [12:11:11] mode=constrained-shuffle
    constrained-shuffle: solved=6/10
[12:13:14] DONE R02123
[12:13:14] START R02183
  [12:13:14] mode=swap
    swap: solved=0/10
  [12:14:08] mode=group-reshuffle
    group-reshuffle: solved=1/10
  [12:15:03] mode=constrained-shuffle
    constrained-shuffle: solved=0/10
[12:15:57] DONE R02183
[12:15:57] START R02243
  [12:15:57] mode=symmetry
    symmetry: solved=7/7
  [12:17:17] mode=local-mutant
    local-mutant: solved=6/10
  [12:19:36] mode=swap
    swap: solved=6/10
  [12:22:01] mode=group-reshuffle
    group-reshuffle: solved=1/10
  [12:25:11] mode=constrained-shuffle
    constrained-shuffle: solved=4/10
[12:27:21] DONE R02243
[12:27:21] START R02303
  [12:27:21] mode=swap
    swap: solved=0/10
  [12:29:04] mode=group-reshuffle
    group-reshuffle: solved=2/10
  [12:30:36] mode=constrained-shuffle
    constrained-shuffle: solved=2/10
[12:32:18] DONE R02303
[12:32:18] START R02363
  [12:32:18] mode=swap
    swap: solved=0/10
  [12:36:03] mode=group-reshuffle
    group-reshuffle: solved=3/10
  [12:39:14] mode=constrained-shuffle
    constrained-shuffle: solved=2/10
[12:42:52] DONE R02363
[12:42:52] START R02423
  [12:42:52] mode=symmetry
    symmetry: solved=0/7
  [12:43:43] mode=local-mutant
    local-mutant: solved=4/10
  [12:44:32] mode=swap
    swap: solved=1/10
  [12:45:44] mode=group-reshuffle
    group-reshuffle: solved=6/10
  [12:46:19] mode=constrained-shuffle
    constrained-shuffle: solved=5/10
[12:47:06] DONE R02423
[12:47:06] START R02483
  [12:47:06] mode=swap
    swap: solved=1/10
  [12:49:17] mode=group-reshuffle
    group-reshuffle: solved=3/10
  [12:50:57] mode=constrained-shuffle
    constrained-shuffle: solved=2/10
[12:53:01] DONE R02483
[12:53:01] START R02543
  [12:53:01] mode=swap
    swap: solved=0/10
  [12:58:35] mode=group-reshuffle
    group-reshuffle: solved=0/10
  [13:04:12] mode=constrained-shuffle
    constrained-shuffle: solved=3/10
[13:08:32] DONE R02543
[13:08:32] START R02603
  [13:08:32] mode=symmetry
    symmetry: solved=7/7
  [13:09:48] mode=local-mutant
    local-mutant: solved=10/10
  [13:11:28] mode=swap
    swap: solved=9/10
  [13:13:37] mode=group-reshuffle
    group-reshuffle: solved=7/10
  [13:15:57] mode=constrained-shuffle
    constrained-shuffle: solved=10/10
[13:16:51] DONE R02603
[13:16:51] START R02663
  [13:16:51] mode=symmetry
    symmetry: solved=2/7
  [13:18:55] mode=local-mutant
    local-mutant: solved=7/10
  [13:20:34] mode=swap
    swap: solved=2/10
  [13:23:18] mode=group-reshuffle
    group-reshuffle: solved=5/10
  [13:25:27] mode=constrained-shuffle
    constrained-shuffle: solved=2/10
[13:28:21] DONE R02663
[13:28:21] START R02723
  [13:28:21] mode=swap
    swap: solved=0/10
  [13:29:31] mode=group-reshuffle
    group-reshuffle: solved=0/10
  [13:30:41] mode=constrained-shuffle
    constrained-shuffle: solved=0/10
[13:31:49] DONE R02723
[13:31:49] START R02783
  [13:31:49] mode=symmetry
    symmetry: solved=1/7
  [13:33:00] mode=local-mutant
    local-mutant: solved=2/10
  [13:34:38] mode=swap
    swap: solved=1/10
  [13:36:39] mode=group-reshuffle
    group-reshuffle: solved=0/10
  [13:38:34] mode=constrained-shuffle
    constrained-shuffle: solved=0/10
[13:40:50] DONE R02783
[13:40:50] START R02843
  [13:40:50] mode=swap
    swap: solved=0/0
  [13:40:51] mode=group-reshuffle
    group-reshuffle: solved=3/10
  [13:41:48] mode=constrained-shuffle
    constrained-shuffle: solved=7/10
[13:42:21] DONE R02843
[13:42:21] START R02903
  [13:42:21] mode=swap
    swap: solved=0/10
  [13:43:25] mode=group-reshuffle
    group-reshuffle: solved=0/10
  [13:44:28] mode=constrained-shuffle
    constrained-shuffle: solved=1/10
[13:45:29] DONE R02903
[13:45:29] START R02963
  [13:45:29] mode=swap
    swap: solved=1/10
  [13:48:40] mode=group-reshuffle
    group-reshuffle: solved=0/10
  [13:52:06] mode=constrained-shuffle
    constrained-shuffle: solved=0/10
[13:55:27] DONE R02963
[13:55:27] START R03023
  [13:55:27] mode=symmetry
    symmetry: solved=7/7
  [13:55:45] mode=local-mutant
    local-mutant: solved=10/10
  [13:56:03] mode=swap
    swap: solved=10/10
  [13:56:18] mode=group-reshuffle
    group-reshuffle: solved=10/10
  [13:56:40] mode=constrained-shuffle
    constrained-shuffle: solved=9/10
[13:57:10] DONE R03023
[13:57:10] START R03083
  [13:57:10] mode=swap
    swap: solved=0/10
  [14:01:01] mode=group-reshuffle
    group-reshuffle: solved=0/10
  [14:04:59] mode=constrained-shuffle
    constrained-shuffle: solved=0/10
[14:08:44] DONE R03083
[14:08:44] START R03143
  [14:08:44] mode=swap
    swap: solved=0/10
  [14:12:23] mode=group-reshuffle
    group-reshuffle: solved=0/10
  [14:15:53] mode=constrained-shuffle
    constrained-shuffle: solved=0/10
[14:19:23] DONE R03143
[14:19:23] START R03203
  [14:19:23] mode=swap
    swap: solved=0/10
  [14:22:09] mode=group-reshuffle
    group-reshuffle: solved=1/10
  [14:24:54] mode=constrained-shuffle
    constrained-shuffle: solved=0/10
[14:27:38] DONE R03203
[14:27:38] START R03263
  [14:27:38] mode=symmetry
    symmetry: solved=6/7
  [14:28:55] mode=local-mutant
    local-mutant: solved=4/10
  [14:31:18] mode=swap
    swap: solved=4/10
  [14:33:33] mode=group-reshuffle
    group-reshuffle: solved=5/10
  [14:35:45] mode=constrained-shuffle
    constrained-shuffle: solved=1/10
[14:38:37] DONE R03263
[14:38:37] START R03323
  [14:38:37] mode=swap
    swap: solved=1/10
  [14:40:08] mode=group-reshuffle
    group-reshuffle: solved=3/10
  [14:41:21] mode=constrained-shuffle
    constrained-shuffle: solved=4/10
[14:42:42] DONE R03323
[14:42:42] SHARD END
