[11:30:44] SHARD START 33 level(s)
[11:30:44] START P00026
  [11:30:44] mode=symmetry
    symmetry: solved=7/7
  [11:30:49] mode=local-mutant
    local-mutant: solved=10/10
  [11:30:56] mode=swap
    swap: solved=0/0
  [11:30:57] mode=group-reshuffle
    group-reshuffle: solved=10/10
  [11:31:03] mode=constrained-shuffle
    constrained-shuffle: solved=10/10
[11:31:09] DONE P00026
[11:31:09] START P00086
  [11:31:09] mode=symmetry
    symmetry: solved=7/7
  [11:31:11] mode=local-mutant
    local-mutant: solved=10/10
  [11:31:12] mode=swap
    swap: solved=10/10
  [11:31:14] mode=group-reshuffle
    group-reshuffle: solved=10/10
  [11:31:16] mode=constrained-shuffle
    constrained-shuffle: solved=10/10
[11:31:18] DONE P00086
[11:31:18] START P00146
  [11:31:18] mode=symmetry
    symmetry: solved=7/7
  [11:31:27] mode=local-mutant
    local-mutant: solved=10/10
  [11:31:37] mode=swap
    swap: solved=10/10
  [11:31:48] mode=group-reshuffle
    group-reshuffle: solved=10/10
  [11:31:59] mode=constrained-shuffle
    constrained-shuffle: solved=10/10
[11:32:13] DONE P00146
[11:32:13] START R00631
  [11:32:13] mode=symmetry
    symmetry: solved=7/7
  [11:32:26] mode=local-mutant
    local-mutant: solved=10/10
  [11:32:45] mode=swap
    swap: solved=10/10
  [11:32:59] mode=group-reshuffle
    group-reshuffle: solved=10/10
  [11:33:17] mode=constrained-shuffle
    constrained-shuffle: solved=10/10
[11:33:27] DONE R00631
[11:33:27] START R00046
  [11:33:27] mode=swap
    swap: solved=0/10
  [11:34:37] mode=group-reshuffle
    group-reshuffle: solved=1/10
  [11:35:47] mode=constrained-shuffle
    constrained-shuffle: solved=0/10
[11:36:57] DONE R00046
[11:36:57] START R00468
  [11:36:57] mode=symmetry
    symmetry: solved=7/7
  [11:38:06] mode=local-mutant
    local-mutant: solved=10/10
  [11:39:37] mode=swap
    swap: solved=10/10
  [11:40:46] mode=group-reshuffle
    group-reshuffle: solved=8/10
  [11:43:14] mode=constrained-shuffle
    constrained-shuffle: solved=10/10
[11:44:47] DONE R00468
[11:44:47] START R00786
  [11:44:47] mode=swap
    swap: solved=0/10
  [11:49:15] mode=group-reshuffle
    group-reshuffle: solved=0/10
  [11:53:26] mode=constrained-shuffle
    constrained-shuffle: solved=2/10
[11:57:22] DONE R00786
[11:57:22] START R01129
  [11:57:22] mode=swap
    swap: solved=0/10
  [11:58:48] mode=group-reshuffle
    group-reshuffle: solved=0/10
  [12:00:19] mode=constrained-shuffle
    constrained-shuffle: solved=2/10
[12:01:46] DONE R01129
[12:01:46] START R01495
  [12:01:46] mode=symmetry
    symmetry: solved=0/7
  [12:03:40] mode=local-mutant
    local-mutant: solved=1/10
  [12:06:26] mode=swap
    swap: solved=0/10
  [12:09:06] mode=group-reshuffle
    group-reshuffle: solved=0/10
  [12:11:43] mode=constrained-shuffle
    constrained-shuffle: solved=0/10
[12:14:17] DONE R01495
[12:14:17] START R01822
  [12:14:17] mode=symmetry
    symmetry: solved=6/7
  [12:15:43] mode=local-mutant
    local-mutant: solved=1/10
  [12:18:58] mode=swap
    swap: solved=10/10
  [12:20:28] mode=group-reshuffle
    group-reshuffle: solved=0/10
  [12:23:34] mode=constrained-shuffle
    constrained-shuffle: solved=0/10
[12:26:47] DONE R01822
[12:26:47] START R02033
  [12:26:47] mode=symmetry
    symmetry: solved=7/7
  [12:27:03] mode=local-mutant
    local-mutant: solved=10/10
  [12:27:28] mode=swap
    swap: solved=10/10
  [12:27:51] mode=group-reshuffle
    group-reshuffle: solved=6/10
  [12:28:57] mode=constrained-shuffle
    constrained-shuffle: solved=8/10
[12:30:04] DONE R02033
[12:30:04] START R02093
  [12:30:04] mode=symmetry
    symmetry: solved=7/7
  [12:30:12] mode=local-mutant
    local-mutant: solved=10/10
  [12:30:23] mode=swap
    swap: solved=10/10
  [12:30:34] mode=group-reshuffle
    group-reshuffle: solved=10/10
  [12:30:44] mode=constrained-shuffle
    constrained-shuffle: solved=10/10
[12:31:08] DONE R02093
[12:31:08] START R02153
  [12:31:08] mode=symmetry
    symmetry: solved=5/7
  [12:31:39] mode=local-mutant
    local-mutant: solved=9/10
  [12:32:12] mode=swap
    swap: solved=2/10
  [12:33:23] mode=group-reshuffle
    group-reshuffle: solved=10/10
  [12:33:48] mode=constrained-shuffle
    constrained-shuffle: solved=9/10
[12:34:17] DONE R02153
[12:34:17] START R02213
  [12:34:17] mode=swap
    swap: solved=0/10
  [12:37:00] mode=group-reshuffle
    group-reshuffle: solved=3/10
  [12:39:06] mode=constrained-shuffle
    constrained-shuffle: solved=6/10
[12:40:46] DONE R02213
[12:40:46] START R02273
  [12:40:46] mode=swap
    swap: solved=0/10
  [12:43:46] mode=group-reshuffle
    group-reshuffle: solved=0/10
  [12:46:50] mode=constrained-shuffle
    constrained-shuffle: solved=0/10
[12:49:46] DONE R02273
[12:49:46] START R02333
  [12:49:46] mode=swap
    swap: solved=1/10
  [12:51:33] mode=group-reshuffle
    group-reshuffle: solved=2/10
  [12:53:20] mode=constrained-shuffle
    constrained-shuffle: solved=3/10
[12:54:53] DONE R02333
[12:54:53] START R02393
  [12:54:53] mode=symmetry
    symmetry: solved=5/7
  [12:55:51] mode=local-mutant
    local-mutant: solved=7/10
  [12:57:09] mode=swap
    swap: solved=7/10
  [12:58:23] mode=group-reshuffle
    group-reshuffle: solved=6/10
  [13:00:18] mode=constrained-shuffle
    constrained-shuffle: solved=10/10
[13:00:58] DONE R02393
[13:00:58] START R02453
  [13:00:58] mode=swap
    swap: solved=0/10
  [13:02:36] mode=group-reshuffle
    group-reshuffle: solved=0/10
  [13:04:08] mode=constrained-shuffle
    constrained-shuffle: solved=0/10
[13:05:48] DONE R02453
[13:05:48] START R02513
  [13:05:48] mode=symmetry
    symmetry: solved=7/7
  [13:06:57] mode=local-mutant
    local-mutant: solved=6/10
  [13:09:05] mode=swap
    swap: solved=10/10
  [13:10:41] mode=group-reshuffle
    group-reshuffle: solved=4/10
  [13:13:04] mode=constrained-shuffle
    constrained-shuffle: solved=7/10
[13:15:03] DONE R02513
[13:15:03] START R02573
  [13:15:03] mode=swap
    swap: solved=2/10
  [13:15:54] mode=group-reshuffle
    group-reshuffle: solved=4/10
  [13:16:37] mode=constrained-shuffle
    constrained-shuffle: solved=6/10
[13:17:19] DONE R02573
[13:17:19] START R02633
  [13:17:19] mode=swap
    swap: solved=0/10
  [13:18:43] mode=group-reshuffle
    group-reshuffle: solved=0/10
  [13:20:07] mode=constrained-shuffle
    constrained-shuffle: solved=0/10
[13:21:27] DONE R02633
[13:21:27] START R02693
  [13:21:27] mode=swap
    swap: solved=0/10
  [13:24:55] mode=group-reshuffle
    group-reshuffle: solved=0/10
  [13:28:29] mode=constrained-shuffle
    constrained-shuffle: solved=0/10
[13:31:45] DONE R02693
[13:31:45] START R02753
  [13:31:45] mode=symmetry
    symmetry: solved=7/7
  [13:32:27] mode=local-mutant
    local-mutant: solved=8/10
  [13:33:27] mode=swap
    swap: solved=10/10
  [13:34:22] mode=group-reshuffle
    group-reshuffle: solved=5/10
  [13:36:14] mode=constrained-shuffle
    constrained-shuffle: solved=8/10
[13:37:21] DONE R02753
[13:37:21] START R02813
  [13:37:21] mode=swap
    swap: solved=0/10
  [13:38:39] mode=group-reshuffle
    group-reshuffle: solved=0/10
  [13:39:41] mode=constrained-shuffle
    constrained-shuffle: solved=1/10
[13:40:41] DONE R02813
[13:40:41] START R02873
  [13:40:41] mode=symmetry
    symmetry: solved=5/7
  [13:42:11] mode=local-mutant
    local-mutant: solved=10/10
  [13:43:33] mode=swap
    swap: solved=6/10
  [13:45:35] mode=group-reshuffle
    group-reshuffle: solved=6/10
  [13:47:22] mode=constrained-shuffle
    constrained-shuffle: solved=7/10
[13:49:03] DONE R02873
[13:49:03] START R02933
  [13:49:03] mode=symmetry
    symmetry: solved=7/7
  [13:50:09] mode=local-mutant
    local-mutant: solved=10/10
  [13:51:42] mode=swap
    swap: solved=10/10
  [13:52:17] mode=group-reshuffle
    group-reshuffle: solved=9/10
  [13:53:40] mode=constrained-shuffle
    constrained-shuffle: solved=9/10
[13:55:04] DONE R02933
[13:55:04] START R02993
  [13:55:04] mode=swap
    swap: solved=2/10
  [13:59:02] mode=group-reshuffle
    group-reshuffle: solved=4/10
  [14:02:35] mode=constrained-shuffle
    constrained-shuffle: solved=1/10
[14:06:52] DONE R02993
[14:06:52] START R03053
  [14:06:52] mode=swap
    swap: solved=2/10
  [14:11:03] mode=group-reshuffle
    group-reshuffle: solved=1/10
  [14:15:36] mode=constrained-shuffle
    constrained-shuffle: solved=1/10
[14:20:09] DONE R03053
[14:20:09] START R03113
  [14:20:09] mode=symmetry
    symmetry: solved=7/7
  [14:20:19] mode=local-mutant
    local-mutant: solved=10/10
  [14:20:30] mode=swap
    swap: solved=10/10
  [14:20:45] mode=group-reshuffle
    group-reshuffle: solved=10/10
  [14:20:58] mode=constrained-shuffle
    constrained-shuffle: solved=10/10
[14:21:10] DONE R03113
[14:21:10] START R03173
  [14:21:10] mode=swap
    swap: solved=0/10
  [14:22:23] mode=group-reshuffle
    group-reshuffle: solved=0/10
  [14:23:42] mode=constrained-shuffle
    constrained-shuffle: solved=0/10
[14:24:52] DONE R03173
[14:24:52] START R03233
  [14:24:52] mode=symmetry
    symmetry: solved=3/7
  [14:26:10] mode=local-mutant
    local-mutant: solved=10/10
  [14:27:12] mode=swap
    swap: solved=9/10
  [14:28:21] mode=group-reshuffle
    group-reshuffle: solved=10/10
  [14:29:28] mode=constrained-shuffle
    constrained-shuffle: solved=9/10
[14:30:39] DONE R03233
[14:30:39] START R03293
  [14:30:39] mode=swap
    swap: solved=0/10
  [14:34:14] mode=group-reshuffle
    group-reshuffle: solved=5/10
  [14:36:43] mode=constrained-shuffle
    constrained-shuffle: solved=9/10
[14:38:22] DONE R03293
[14:38:22] START R03353
  [14:38:22] mode=swap
    swap: solved=0/10
  [14:39:38] mode=group-reshuffle
    group-reshuffle: solved=0/10
  [14:40:57] mode=constrained-shuffle
    constrained-shuffle: solved=0/10
[14:42:16] DONE R03353
[14:42:16] SHARD END
[19:10:42] SHARD START 33 level(s)
[19:10:42] START P00026
  [19:10:42] mode=symmetry
    already have this (family + solve result exist) -- skipping regeneration/re-solve
  [19:10:42] mode=local-mutant
    already have this (family + solve result exist) -- skipping regeneration/re-solve
  [19:10:42] mode=swap
    already have this (family + solve result exist) -- skipping regeneration/re-solve
  [19:10:42] mode=group-reshuffle
    already have this (family + solve result exist) -- skipping regeneration/re-solve
  [19:10:42] mode=constrained-shuffle
    already have this (family + solve result exist) -- skipping regeneration/re-solve
[19:10:42] DONE P00026
[19:10:42] START P00086
  [19:10:42] mode=symmetry
    already have this (family + solve result exist) -- skipping regeneration/re-solve
  [19:10:42] mode=local-mutant
    already have this (family + solve result exist) -- skipping regeneration/re-solve
  [19:10:42] mode=swap
    already have this (family + solve result exist) -- skipping regeneration/re-solve
  [19:10:42] mode=group-reshuffle
    already have this (family + solve result exist) -- skipping regeneration/re-solve
  [19:10:42] mode=constrained-shuffle
    already have this (family + solve result exist) -- skipping regeneration/re-solve
[19:10:42] DONE P00086
[19:10:42] START P00146
  [19:10:42] mode=symmetry
    already have this (family + solve result exist) -- skipping regeneration/re-solve
  [19:10:42] mode=local-mutant
    already have this (family + solve result exist) -- skipping regeneration/re-solve
  [19:10:42] mode=swap
    already have this (family + solve result exist) -- skipping regeneration/re-solve
  [19:10:42] mode=group-reshuffle
    already have this (family + solve result exist) -- skipping regeneration/re-solve
  [19:10:42] mode=constrained-shuffle
    already have this (family + solve result exist) -- skipping regeneration/re-solve
[19:10:42] DONE P00146
[19:10:42] START R00631
  [19:10:42] mode=symmetry
    already have this (family + solve result exist) -- skipping regeneration/re-solve
  [19:10:42] mode=local-mutant
    already have this (family + solve result exist) -- skipping regeneration/re-solve
  [19:10:42] mode=swap
    already have this (family + solve result exist) -- skipping regeneration/re-solve
  [19:10:42] mode=group-reshuffle
    already have this (family + solve result exist) -- skipping regeneration/re-solve
  [19:10:42] mode=constrained-shuffle
    already have this (family + solve result exist) -- skipping regeneration/re-solve
[19:10:42] DONE R00631
[19:10:42] START R00046
  [19:10:42] mode=swap
    already have this (family + solve result exist) -- skipping regeneration/re-solve
  [19:10:42] mode=group-reshuffle
    already have this (family + solve result exist) -- skipping regeneration/re-solve
  [19:10:42] mode=constrained-shuffle
    already have this (family + solve result exist) -- skipping regeneration/re-solve
[19:10:42] DONE R00046
[19:10:42] START R00468
  [19:10:42] mode=symmetry
    already have this (family + solve result exist) -- skipping regeneration/re-solve
  [19:10:42] mode=local-mutant
    already have this (family + solve result exist) -- skipping regeneration/re-solve
  [19:10:42] mode=swap
    already have this (family + solve result exist) -- skipping regeneration/re-solve
  [19:10:42] mode=group-reshuffle
    already have this (family + solve result exist) -- skipping regeneration/re-solve
  [19:10:42] mode=constrained-shuffle
    already have this (family + solve result exist) -- skipping regeneration/re-solve
[19:10:42] DONE R00468
[19:10:42] START R00786
  [19:10:42] mode=swap
    already have this (family + solve result exist) -- skipping regeneration/re-solve
  [19:10:42] mode=group-reshuffle
    already have this (family + solve result exist) -- skipping regeneration/re-solve
  [19:10:42] mode=constrained-shuffle
    already have this (family + solve result exist) -- skipping regeneration/re-solve
[19:10:42] DONE R00786
[19:10:42] START R01129
  [19:10:42] mode=swap
    already have this (family + solve result exist) -- skipping regeneration/re-solve
  [19:10:42] mode=group-reshuffle
    already have this (family + solve result exist) -- skipping regeneration/re-solve
  [19:10:42] mode=constrained-shuffle
    already have this (family + solve result exist) -- skipping regeneration/re-solve
[19:10:42] DONE R01129
[19:10:42] START R01495
  [19:10:42] mode=symmetry
    already have this (family + solve result exist) -- skipping regeneration/re-solve
  [19:10:42] mode=local-mutant
    already have this (family + solve result exist) -- skipping regeneration/re-solve
  [19:10:42] mode=swap
    already have this (family + solve result exist) -- skipping regeneration/re-solve
  [19:10:42] mode=group-reshuffle
    already have this (family + solve result exist) -- skipping regeneration/re-solve
  [19:10:42] mode=constrained-shuffle
    already have this (family + solve result exist) -- skipping regeneration/re-solve
[19:10:42] DONE R01495
[19:10:42] START R01822
  [19:10:42] mode=symmetry
    already have this (family + solve result exist) -- skipping regeneration/re-solve
  [19:10:42] mode=local-mutant
    already have this (family + solve result exist) -- skipping regeneration/re-solve
  [19:10:42] mode=swap
    already have this (family + solve result exist) -- skipping regeneration/re-solve
  [19:10:42] mode=group-reshuffle
    already have this (family + solve result exist) -- skipping regeneration/re-solve
  [19:10:42] mode=constrained-shuffle
    already have this (family + solve result exist) -- skipping regeneration/re-solve
[19:10:42] DONE R01822
[19:10:42] START R02033
  [19:10:42] mode=symmetry
    already have this (family + solve result exist) -- skipping regeneration/re-solve
  [19:10:42] mode=local-mutant
    already have this (family + solve result exist) -- skipping regeneration/re-solve
  [19:10:42] mode=swap
    already have this (family + solve result exist) -- skipping regeneration/re-solve
  [19:10:42] mode=group-reshuffle
    already have this (family + solve result exist) -- skipping regeneration/re-solve
  [19:10:42] mode=constrained-shuffle
    already have this (family + solve result exist) -- skipping regeneration/re-solve
[19:10:42] DONE R02033
[19:10:42] START R02093
  [19:10:42] mode=symmetry
    already have this (family + solve result exist) -- skipping regeneration/re-solve
  [19:10:42] mode=local-mutant
    already have this (family + solve result exist) -- skipping regeneration/re-solve
  [19:10:42] mode=swap
    already have this (family + solve result exist) -- skipping regeneration/re-solve
  [19:10:42] mode=group-reshuffle
    already have this (family + solve result exist) -- skipping regeneration/re-solve
  [19:10:42] mode=constrained-shuffle
    already have this (family + solve result exist) -- skipping regeneration/re-solve
[19:10:42] DONE R02093
[19:10:42] START R02153
  [19:10:42] mode=symmetry
    already have this (family + solve result exist) -- skipping regeneration/re-solve
  [19:10:42] mode=local-mutant
    already have this (family + solve result exist) -- skipping regeneration/re-solve
  [19:10:42] mode=swap
    already have this (family + solve result exist) -- skipping regeneration/re-solve
  [19:10:42] mode=group-reshuffle
    already have this (family + solve result exist) -- skipping regeneration/re-solve
  [19:10:42] mode=constrained-shuffle
    already have this (family + solve result exist) -- skipping regeneration/re-solve
[19:10:42] DONE R02153
[19:10:42] START R02213
  [19:10:42] mode=swap
    already have this (family + solve result exist) -- skipping regeneration/re-solve
  [19:10:42] mode=group-reshuffle
    already have this (family + solve result exist) -- skipping regeneration/re-solve
  [19:10:42] mode=constrained-shuffle
    already have this (family + solve result exist) -- skipping regeneration/re-solve
[19:10:42] DONE R02213
[19:10:42] START R02273
  [19:10:42] mode=swap
    already have this (family + solve result exist) -- skipping regeneration/re-solve
  [19:10:42] mode=group-reshuffle
    already have this (family + solve result exist) -- skipping regeneration/re-solve
  [19:10:42] mode=constrained-shuffle
    already have this (family + solve result exist) -- skipping regeneration/re-solve
[19:10:42] DONE R02273
[19:10:42] START R02333
  [19:10:42] mode=swap
    already have this (family + solve result exist) -- skipping regeneration/re-solve
  [19:10:42] mode=group-reshuffle
    already have this (family + solve result exist) -- skipping regeneration/re-solve
  [19:10:42] mode=constrained-shuffle
    already have this (family + solve result exist) -- skipping regeneration/re-solve
[19:10:42] DONE R02333
[19:10:42] START R02393
  [19:10:42] mode=symmetry
    already have this (family + solve result exist) -- skipping regeneration/re-solve
  [19:10:42] mode=local-mutant
    already have this (family + solve result exist) -- skipping regeneration/re-solve
  [19:10:42] mode=swap
    already have this (family + solve result exist) -- skipping regeneration/re-solve
  [19:10:42] mode=group-reshuffle
    already have this (family + solve result exist) -- skipping regeneration/re-solve
  [19:10:42] mode=constrained-shuffle
    already have this (family + solve result exist) -- skipping regeneration/re-solve
[19:10:42] DONE R02393
[19:10:42] START R02453
  [19:10:42] mode=swap
    already have this (family + solve result exist) -- skipping regeneration/re-solve
  [19:10:42] mode=group-reshuffle
    already have this (family + solve result exist) -- skipping regeneration/re-solve
  [19:10:42] mode=constrained-shuffle
    already have this (family + solve result exist) -- skipping regeneration/re-solve
[19:10:42] DONE R02453
[19:10:42] START R02513
  [19:10:42] mode=symmetry
    already have this (family + solve result exist) -- skipping regeneration/re-solve
  [19:10:42] mode=local-mutant
    already have this (family + solve result exist) -- skipping regeneration/re-solve
  [19:10:42] mode=swap
    already have this (family + solve result exist) -- skipping regeneration/re-solve
  [19:10:42] mode=group-reshuffle
    already have this (family + solve result exist) -- skipping regeneration/re-solve
  [19:10:42] mode=constrained-shuffle
    already have this (family + solve result exist) -- skipping regeneration/re-solve
[19:10:42] DONE R02513
[19:10:42] START R02573
  [19:10:42] mode=swap
    already have this (family + solve result exist) -- skipping regeneration/re-solve
  [19:10:42] mode=group-reshuffle
    already have this (family + solve result exist) -- skipping regeneration/re-solve
  [19:10:42] mode=constrained-shuffle
    already have this (family + solve result exist) -- skipping regeneration/re-solve
[19:10:42] DONE R02573
[19:10:42] START R02633
  [19:10:42] mode=swap
    already have this (family + solve result exist) -- skipping regeneration/re-solve
  [19:10:42] mode=group-reshuffle
    already have this (family + solve result exist) -- skipping regeneration/re-solve
  [19:10:42] mode=constrained-shuffle
    already have this (family + solve result exist) -- skipping regeneration/re-solve
[19:10:42] DONE R02633
[19:10:42] START R02693
  [19:10:42] mode=swap
    already have this (family + solve result exist) -- skipping regeneration/re-solve
  [19:10:42] mode=group-reshuffle
    already have this (family + solve result exist) -- skipping regeneration/re-solve
  [19:10:42] mode=constrained-shuffle
    already have this (family + solve result exist) -- skipping regeneration/re-solve
[19:10:42] DONE R02693
[19:10:42] START R02753
  [19:10:42] mode=symmetry
    already have this (family + solve result exist) -- skipping regeneration/re-solve
  [19:10:42] mode=local-mutant
    already have this (family + solve result exist) -- skipping regeneration/re-solve
  [19:10:42] mode=swap
    already have this (family + solve result exist) -- skipping regeneration/re-solve
  [19:10:42] mode=group-reshuffle
    already have this (family + solve result exist) -- skipping regeneration/re-solve
  [19:10:42] mode=constrained-shuffle
    already have this (family + solve result exist) -- skipping regeneration/re-solve
[19:10:42] DONE R02753
[19:10:42] START R02813
  [19:10:42] mode=swap
    already have this (family + solve result exist) -- skipping regeneration/re-solve
  [19:10:42] mode=group-reshuffle
    already have this (family + solve result exist) -- skipping regeneration/re-solve
  [19:10:42] mode=constrained-shuffle
    already have this (family + solve result exist) -- skipping regeneration/re-solve
[19:10:42] DONE R02813
[19:10:42] START R02873
  [19:10:42] mode=symmetry
    already have this (family + solve result exist) -- skipping regeneration/re-solve
  [19:10:42] mode=local-mutant
    already have this (family + solve result exist) -- skipping regeneration/re-solve
  [19:10:42] mode=swap
    already have this (family + solve result exist) -- skipping regeneration/re-solve
  [19:10:42] mode=group-reshuffle
    already have this (family + solve result exist) -- skipping regeneration/re-solve
  [19:10:42] mode=constrained-shuffle
    already have this (family + solve result exist) -- skipping regeneration/re-solve
[19:10:42] DONE R02873
[19:10:42] START R02933
  [19:10:42] mode=symmetry
    already have this (family + solve result exist) -- skipping regeneration/re-solve
  [19:10:42] mode=local-mutant
    already have this (family + solve result exist) -- skipping regeneration/re-solve
  [19:10:42] mode=swap
    already have this (family + solve result exist) -- skipping regeneration/re-solve
  [19:10:42] mode=group-reshuffle
    already have this (family + solve result exist) -- skipping regeneration/re-solve
  [19:10:42] mode=constrained-shuffle
    already have this (family + solve result exist) -- skipping regeneration/re-solve
[19:10:42] DONE R02933
[19:10:42] START R02993
  [19:10:42] mode=swap
    already have this (family + solve result exist) -- skipping regeneration/re-solve
  [19:10:42] mode=group-reshuffle
    already have this (family + solve result exist) -- skipping regeneration/re-solve
  [19:10:42] mode=constrained-shuffle
    already have this (family + solve result exist) -- skipping regeneration/re-solve
[19:10:42] DONE R02993
[19:10:42] START R03053
  [19:10:42] mode=swap
    already have this (family + solve result exist) -- skipping regeneration/re-solve
  [19:10:42] mode=group-reshuffle
    already have this (family + solve result exist) -- skipping regeneration/re-solve
  [19:10:42] mode=constrained-shuffle
    already have this (family + solve result exist) -- skipping regeneration/re-solve
[19:10:42] DONE R03053
[19:10:42] START R03113
  [19:10:42] mode=symmetry
    already have this (family + solve result exist) -- skipping regeneration/re-solve
  [19:10:42] mode=local-mutant
    already have this (family + solve result exist) -- skipping regeneration/re-solve
  [19:10:42] mode=swap
    already have this (family + solve result exist) -- skipping regeneration/re-solve
  [19:10:42] mode=group-reshuffle
    already have this (family + solve result exist) -- skipping regeneration/re-solve
  [19:10:42] mode=constrained-shuffle
    already have this (family + solve result exist) -- skipping regeneration/re-solve
[19:10:42] DONE R03113
[19:10:42] START R03173
  [19:10:42] mode=swap
    already have this (family + solve result exist) -- skipping regeneration/re-solve
  [19:10:42] mode=group-reshuffle
    already have this (family + solve result exist) -- skipping regeneration/re-solve
  [19:10:42] mode=constrained-shuffle
    already have this (family + solve result exist) -- skipping regeneration/re-solve
[19:10:42] DONE R03173
[19:10:42] START R03233
  [19:10:42] mode=symmetry
    already have this (family + solve result exist) -- skipping regeneration/re-solve
  [19:10:42] mode=local-mutant
    already have this (family + solve result exist) -- skipping regeneration/re-solve
  [19:10:42] mode=swap
    already have this (family + solve result exist) -- skipping regeneration/re-solve
  [19:10:42] mode=group-reshuffle
    already have this (family + solve result exist) -- skipping regeneration/re-solve
  [19:10:42] mode=constrained-shuffle
    already have this (family + solve result exist) -- skipping regeneration/re-solve
[19:10:42] DONE R03233
[19:10:42] START R03293
  [19:10:42] mode=swap
    already have this (family + solve result exist) -- skipping regeneration/re-solve
  [19:10:42] mode=group-reshuffle
    already have this (family + solve result exist) -- skipping regeneration/re-solve
  [19:10:42] mode=constrained-shuffle
    already have this (family + solve result exist) -- skipping regeneration/re-solve
[19:10:42] DONE R03293
[19:10:42] START R03353
  [19:10:42] mode=swap
    already have this (family + solve result exist) -- skipping regeneration/re-solve
  [19:10:42] mode=group-reshuffle
    already have this (family + solve result exist) -- skipping regeneration/re-solve
  [19:10:42] mode=constrained-shuffle
    already have this (family + solve result exist) -- skipping regeneration/re-solve
[19:10:42] DONE R03353
[19:10:42] SHARD END
