[06:25:48] SHARD START 33 level(s)
[06:25:48] START P00017
  [06:25:48] mode=symmetry
    symmetry: solved=7/7
  [06:25:51] mode=local-mutant
    generate produced 0 variants (no file written) -- skipping solve/hint-workbench
  [06:25:52] mode=swap
    swap: solved=0/0
  [06:25:52] mode=constrained-shuffle
    constrained-shuffle: solved=0/0
[06:25:53] DONE P00017
[06:25:53] START P00077
  [06:25:53] mode=symmetry
    symmetry: solved=7/7
  [06:26:00] mode=local-mutant
    local-mutant: solved=10/10
  [06:26:07] mode=swap
    swap: solved=0/0
  [06:26:07] mode=group-reshuffle
    group-reshuffle: solved=10/10
  [06:26:14] mode=constrained-shuffle
    constrained-shuffle: solved=10/10
[06:26:20] DONE P00077
[06:26:20] START P00137
  [06:26:20] mode=symmetry
    symmetry: solved=7/7
  [06:26:27] mode=local-mutant
    local-mutant: solved=10/10
  [06:26:37] mode=swap
    swap: solved=0/0
  [06:26:38] mode=group-reshuffle
    group-reshuffle: solved=10/10
  [06:26:48] mode=constrained-shuffle
    constrained-shuffle: solved=10/10
[06:26:59] DONE P00137
[06:26:59] START R00408
  [06:26:59] mode=symmetry
    symmetry: solved=7/7
  [06:27:30] mode=local-mutant
    local-mutant: solved=8/10
  [06:29:24] mode=swap
    swap: solved=10/10
  [06:30:18] mode=group-reshuffle
    group-reshuffle: solved=6/10
  [06:32:56] mode=constrained-shuffle
    constrained-shuffle: solved=7/10
[06:34:35] DONE R00408
[06:34:35] START R01889
  [06:34:35] mode=symmetry
    symmetry: solved=7/7
  [06:34:47] mode=local-mutant
    local-mutant: solved=8/10
  [06:35:20] mode=swap
    swap: solved=10/10
  [06:35:44] mode=group-reshuffle
    group-reshuffle: solved=9/10
  [06:36:12] mode=constrained-shuffle
    constrained-shuffle: solved=9/10
[06:36:42] DONE R01889
[06:36:42] START R00386
  [06:36:42] mode=swap
    swap: solved=2/10
  [06:38:46] mode=group-reshuffle
    group-reshuffle: solved=4/10
  [06:40:26] mode=constrained-shuffle
    constrained-shuffle: solved=8/10
[06:41:33] DONE R00386
[06:41:33] START R00720
  [06:41:33] mode=swap
    swap: solved=0/10
  [06:42:43] mode=group-reshuffle
    group-reshuffle: solved=0/10
  [06:43:53] mode=constrained-shuffle
    constrained-shuffle: solved=0/10
[06:45:06] DONE R00720
[06:45:06] START R01085
  [06:45:06] mode=symmetry
    symmetry: solved=7/7
  [06:46:17] mode=local-mutant
    local-mutant: solved=7/10
  [06:48:47] mode=swap
    swap: solved=10/10
  [06:50:04] mode=group-reshuffle
    group-reshuffle: solved=4/10
  [06:52:58] mode=constrained-shuffle
    constrained-shuffle: solved=5/10
[06:55:31] DONE R01085
[06:55:31] START R01461
  [06:55:31] mode=swap
    swap: solved=0/10
  [06:58:50] mode=group-reshuffle
    group-reshuffle: solved=0/10
  [07:02:02] mode=constrained-shuffle
    constrained-shuffle: solved=0/10
[07:05:11] DONE R01461
[07:05:11] START R01765
  [07:05:11] mode=swap
    swap: solved=0/10
  [07:08:43] mode=group-reshuffle
    group-reshuffle: solved=0/10
  [07:12:10] mode=constrained-shuffle
    constrained-shuffle: solved=0/10
[07:15:37] DONE R01765
[07:15:37] START R02024
  [07:15:37] mode=swap
    swap: solved=0/10
  [07:18:04] mode=group-reshuffle
    group-reshuffle: solved=0/10
  [07:20:33] mode=constrained-shuffle
    constrained-shuffle: solved=0/10
[07:23:05] DONE R02024
[07:23:05] START R02084
  [07:23:05] mode=swap
    swap: solved=0/10
  [07:25:40] mode=group-reshuffle
    group-reshuffle: solved=0/10
  [07:28:32] mode=constrained-shuffle
    constrained-shuffle: solved=2/10
[07:30:48] DONE R02084
[07:30:48] START R02144
  [07:30:48] mode=swap
    swap: solved=0/10
  [07:37:09] mode=group-reshuffle
    group-reshuffle: solved=0/10
  [07:43:27] mode=constrained-shuffle
    constrained-shuffle: solved=0/10
[07:49:36] DONE R02144
[07:49:36] START R02204
  [07:49:36] mode=symmetry
    symmetry: solved=7/7
  [07:50:30] mode=local-mutant
    local-mutant: solved=5/10
  [07:51:57] mode=swap
    swap: solved=10/10
  [07:53:23] mode=group-reshuffle
    group-reshuffle: solved=8/10
  [07:54:13] mode=constrained-shuffle
    constrained-shuffle: solved=9/10
[07:54:49] DONE R02204
[07:54:49] START R02264
  [07:54:49] mode=symmetry
    symmetry: solved=7/7
  [07:55:03] mode=local-mutant
    local-mutant: solved=9/10
  [07:55:42] mode=swap
    swap: solved=10/10
  [07:56:08] mode=group-reshuffle
    group-reshuffle: solved=8/10
  [07:56:57] mode=constrained-shuffle
    constrained-shuffle: solved=10/10
[07:57:38] DONE R02264
[07:57:38] START R02324
  [07:57:38] mode=swap
    swap: solved=0/10
  [08:03:38] mode=group-reshuffle
    group-reshuffle: solved=0/10
  [08:09:33] mode=constrained-shuffle
    constrained-shuffle: solved=0/10
[08:15:18] DONE R02324
[08:15:18] START R02384
  [08:15:18] mode=symmetry
    symmetry: solved=7/7
  [08:16:15] mode=local-mutant
    local-mutant: solved=7/10
  [08:17:44] mode=swap
    swap: solved=7/10
  [08:19:20] mode=group-reshuffle
    group-reshuffle: solved=1/10
  [08:21:11] mode=constrained-shuffle
    constrained-shuffle: solved=0/10
[08:22:59] DONE R02384
[08:22:59] START R02444
  [08:22:59] mode=symmetry
    symmetry: solved=7/7
  [08:24:07] mode=local-mutant
    local-mutant: solved=9/10
  [08:25:46] mode=swap
    swap: solved=10/10
  [08:27:16] mode=group-reshuffle
    group-reshuffle: solved=0/10
  [08:29:34] mode=constrained-shuffle
    constrained-shuffle: solved=0/10
[08:31:42] DONE R02444
[08:31:42] START R02504
  [08:31:42] mode=symmetry
    symmetry: solved=7/7
  [08:32:20] mode=local-mutant
    local-mutant: solved=10/10
  [08:33:26] mode=swap
    swap: solved=7/10
  [08:34:55] mode=group-reshuffle
    group-reshuffle: solved=7/10
  [08:36:19] mode=constrained-shuffle
    constrained-shuffle: solved=4/10
[08:38:23] DONE R02504
[08:38:23] START R02564
  [08:38:23] mode=swap
    swap: solved=0/10
  [08:44:21] mode=group-reshuffle
    group-reshuffle: solved=1/10
  [08:50:10] mode=constrained-shuffle
    constrained-shuffle: solved=1/10
[08:55:40] DONE R02564
[08:55:40] START R02624
  [08:55:40] mode=symmetry
    symmetry: solved=6/7
  [08:56:09] mode=local-mutant
    local-mutant: solved=6/10
  [08:57:16] mode=swap
    swap: solved=10/10
  [08:57:48] mode=group-reshuffle
    group-reshuffle: solved=8/10
  [08:58:36] mode=constrained-shuffle
    constrained-shuffle: solved=4/10
[09:00:13] DONE R02624
[09:00:13] START R02684
  [09:00:13] mode=symmetry
    symmetry: solved=7/7
  [09:00:27] mode=local-mutant
    local-mutant: solved=7/10
  [09:01:12] mode=swap
    swap: solved=7/10
  [09:02:02] mode=group-reshuffle
    group-reshuffle: solved=5/10
  [09:02:57] mode=constrained-shuffle
    constrained-shuffle: solved=3/10
[09:04:09] DONE R02684
[09:04:09] START R02744
  [09:04:09] mode=swap
    swap: solved=0/10
  [09:06:03] mode=group-reshuffle
    group-reshuffle: solved=0/10
  [09:07:59] mode=constrained-shuffle
    constrained-shuffle: solved=1/10
[09:09:52] DONE R02744
[09:09:52] START R02804
  [09:09:52] mode=symmetry
    symmetry: solved=7/7
  [09:10:01] mode=local-mutant
    local-mutant: solved=10/10
  [09:10:14] mode=swap
    swap: solved=1/1
  [09:10:19] mode=group-reshuffle
    group-reshuffle: solved=10/10
  [09:10:30] mode=constrained-shuffle
    constrained-shuffle: solved=10/10
[09:10:44] DONE R02804
[09:10:44] START R02864
  [09:10:44] mode=swap
    swap: solved=1/10
  [09:13:45] mode=group-reshuffle
    group-reshuffle: solved=2/10
  [09:16:18] mode=constrained-shuffle
    constrained-shuffle: solved=5/10
[09:18:24] DONE R02864
[09:18:24] START R02924
  [09:18:24] mode=swap
    swap: solved=0/10
  [09:22:30] mode=group-reshuffle
    group-reshuffle: solved=0/10
  [09:26:40] mode=constrained-shuffle
    constrained-shuffle: solved=0/10
[09:31:08] DONE R02924
[09:31:08] START R02984
  [09:31:08] mode=symmetry
    symmetry: solved=7/7
  [09:32:35] mode=local-mutant
    local-mutant: solved=4/10
  [09:34:57] mode=swap
    swap: solved=9/10
  [09:36:32] mode=group-reshuffle
    group-reshuffle: solved=2/10
  [09:39:11] mode=constrained-shuffle
    constrained-shuffle: solved=3/10
[09:41:40] DONE R02984
[09:41:40] START R03044
  [09:41:40] mode=swap
    swap: solved=0/10
  [09:44:40] mode=group-reshuffle
    group-reshuffle: solved=8/10
  [09:46:21] mode=constrained-shuffle
    constrained-shuffle: solved=9/10
[09:47:54] DONE R03044
[09:47:54] START R03104
  [09:47:54] mode=symmetry
    symmetry: solved=5/7
  [09:48:24] mode=local-mutant
    local-mutant: solved=10/10
  [09:48:56] mode=swap
    swap: solved=10/10
  [09:49:28] mode=group-reshuffle
    group-reshuffle: solved=10/10
  [09:49:53] mode=constrained-shuffle
    constrained-shuffle: solved=9/10
[09:50:26] DONE R03104
[09:50:26] START R03164
  [09:50:26] mode=symmetry
    symmetry: solved=7/7
  [09:50:38] mode=local-mutant
    local-mutant: solved=10/10
  [09:50:51] mode=swap
    swap: solved=10/10
  [09:51:05] mode=group-reshuffle
    group-reshuffle: solved=10/10
  [09:51:21] mode=constrained-shuffle
    constrained-shuffle: solved=10/10
[09:51:34] DONE R03164
[09:51:34] START R03224
  [09:51:34] mode=symmetry
    symmetry: solved=7/7
  [09:52:21] mode=local-mutant
    local-mutant: solved=10/10
  [09:53:55] mode=swap
    swap: solved=10/10
  [09:55:09] mode=group-reshuffle
    group-reshuffle: solved=7/10
  [09:57:23] mode=constrained-shuffle
    constrained-shuffle: solved=3/10
[10:00:03] DONE R03224
[10:00:03] START R03284
  [10:00:03] mode=symmetry
    symmetry: solved=7/7
  [10:00:25] mode=local-mutant
    local-mutant: solved=9/10
  [10:01:11] mode=swap
    swap: solved=10/10
  [10:01:40] mode=group-reshuffle
    group-reshuffle: solved=7/10
  [10:02:39] mode=constrained-shuffle
    constrained-shuffle: solved=6/10
[10:03:49] DONE R03284
[10:03:49] START R03344
  [10:03:49] mode=symmetry
    symmetry: solved=6/7
  [10:05:20] mode=local-mutant
    local-mutant: solved=8/10
  [10:07:51] mode=swap
    swap: solved=10/10
  [10:10:10] mode=group-reshuffle
    group-reshuffle: solved=5/10
  [10:12:32] mode=constrained-shuffle
    constrained-shuffle: solved=3/10
[10:15:17] DONE R03344
[10:15:17] SHARD END
[19:09:47] SHARD START 33 level(s)
[19:09:47] START P00017
  [19:09:47] mode=symmetry
    already have this (family + solve result exist) -- skipping regeneration/re-solve
  [19:09:47] mode=local-mutant
    generate produced 0 variants (no file written) -- skipping solve/hint-workbench
  [19:09:47] mode=swap
    already have this (family + solve result exist) -- skipping regeneration/re-solve
  [19:09:47] mode=constrained-shuffle
    already have this (family + solve result exist) -- skipping regeneration/re-solve
[19:09:47] DONE P00017
[19:09:47] START P00077
  [19:09:47] mode=symmetry
    already have this (family + solve result exist) -- skipping regeneration/re-solve
  [19:09:47] mode=local-mutant
    already have this (family + solve result exist) -- skipping regeneration/re-solve
  [19:09:47] mode=swap
    already have this (family + solve result exist) -- skipping regeneration/re-solve
  [19:09:47] mode=group-reshuffle
    already have this (family + solve result exist) -- skipping regeneration/re-solve
  [19:09:47] mode=constrained-shuffle
    already have this (family + solve result exist) -- skipping regeneration/re-solve
[19:09:47] DONE P00077
[19:09:47] START P00137
  [19:09:47] mode=symmetry
    already have this (family + solve result exist) -- skipping regeneration/re-solve
  [19:09:47] mode=local-mutant
    already have this (family + solve result exist) -- skipping regeneration/re-solve
  [19:09:47] mode=swap
    already have this (family + solve result exist) -- skipping regeneration/re-solve
  [19:09:47] mode=group-reshuffle
    already have this (family + solve result exist) -- skipping regeneration/re-solve
  [19:09:47] mode=constrained-shuffle
    already have this (family + solve result exist) -- skipping regeneration/re-solve
[19:09:47] DONE P00137
[19:09:47] START R00408
  [19:09:47] mode=symmetry
    already have this (family + solve result exist) -- skipping regeneration/re-solve
  [19:09:47] mode=local-mutant
    already have this (family + solve result exist) -- skipping regeneration/re-solve
  [19:09:47] mode=swap
    already have this (family + solve result exist) -- skipping regeneration/re-solve
  [19:09:47] mode=group-reshuffle
    already have this (family + solve result exist) -- skipping regeneration/re-solve
  [19:09:47] mode=constrained-shuffle
    already have this (family + solve result exist) -- skipping regeneration/re-solve
[19:09:47] DONE R00408
[19:09:47] START R01889
  [19:09:47] mode=symmetry
    already have this (family + solve result exist) -- skipping regeneration/re-solve
  [19:09:47] mode=local-mutant
    already have this (family + solve result exist) -- skipping regeneration/re-solve
  [19:09:47] mode=swap
    already have this (family + solve result exist) -- skipping regeneration/re-solve
  [19:09:47] mode=group-reshuffle
    already have this (family + solve result exist) -- skipping regeneration/re-solve
  [19:09:47] mode=constrained-shuffle
    already have this (family + solve result exist) -- skipping regeneration/re-solve
[19:09:47] DONE R01889
[19:09:47] START R00386
  [19:09:47] mode=swap
    already have this (family + solve result exist) -- skipping regeneration/re-solve
  [19:09:47] mode=group-reshuffle
    already have this (family + solve result exist) -- skipping regeneration/re-solve
  [19:09:47] mode=constrained-shuffle
    already have this (family + solve result exist) -- skipping regeneration/re-solve
[19:09:47] DONE R00386
[19:09:47] START R00720
  [19:09:47] mode=swap
    already have this (family + solve result exist) -- skipping regeneration/re-solve
  [19:09:47] mode=group-reshuffle
    already have this (family + solve result exist) -- skipping regeneration/re-solve
  [19:09:47] mode=constrained-shuffle
    already have this (family + solve result exist) -- skipping regeneration/re-solve
[19:09:47] DONE R00720
[19:09:47] START R01085
  [19:09:47] mode=symmetry
    already have this (family + solve result exist) -- skipping regeneration/re-solve
  [19:09:47] mode=local-mutant
    already have this (family + solve result exist) -- skipping regeneration/re-solve
  [19:09:47] mode=swap
    already have this (family + solve result exist) -- skipping regeneration/re-solve
  [19:09:47] mode=group-reshuffle
    already have this (family + solve result exist) -- skipping regeneration/re-solve
  [19:09:47] mode=constrained-shuffle
    already have this (family + solve result exist) -- skipping regeneration/re-solve
[19:09:47] DONE R01085
[19:09:47] START R01461
  [19:09:47] mode=swap
    already have this (family + solve result exist) -- skipping regeneration/re-solve
  [19:09:47] mode=group-reshuffle
    already have this (family + solve result exist) -- skipping regeneration/re-solve
  [19:09:47] mode=constrained-shuffle
    already have this (family + solve result exist) -- skipping regeneration/re-solve
[19:09:47] DONE R01461
[19:09:47] START R01765
  [19:09:47] mode=swap
    already have this (family + solve result exist) -- skipping regeneration/re-solve
  [19:09:47] mode=group-reshuffle
    already have this (family + solve result exist) -- skipping regeneration/re-solve
  [19:09:47] mode=constrained-shuffle
    already have this (family + solve result exist) -- skipping regeneration/re-solve
[19:09:47] DONE R01765
[19:09:47] START R02024
  [19:09:47] mode=swap
    already have this (family + solve result exist) -- skipping regeneration/re-solve
  [19:09:47] mode=group-reshuffle
    already have this (family + solve result exist) -- skipping regeneration/re-solve
  [19:09:47] mode=constrained-shuffle
    already have this (family + solve result exist) -- skipping regeneration/re-solve
[19:09:47] DONE R02024
[19:09:47] START R02084
  [19:09:47] mode=swap
    already have this (family + solve result exist) -- skipping regeneration/re-solve
  [19:09:47] mode=group-reshuffle
    already have this (family + solve result exist) -- skipping regeneration/re-solve
  [19:09:47] mode=constrained-shuffle
    already have this (family + solve result exist) -- skipping regeneration/re-solve
[19:09:47] DONE R02084
[19:09:47] START R02144
  [19:09:47] mode=swap
    already have this (family + solve result exist) -- skipping regeneration/re-solve
  [19:09:47] mode=group-reshuffle
    already have this (family + solve result exist) -- skipping regeneration/re-solve
  [19:09:47] mode=constrained-shuffle
    already have this (family + solve result exist) -- skipping regeneration/re-solve
[19:09:47] DONE R02144
[19:09:47] START R02204
  [19:09:47] mode=symmetry
    already have this (family + solve result exist) -- skipping regeneration/re-solve
  [19:09:47] mode=local-mutant
    already have this (family + solve result exist) -- skipping regeneration/re-solve
  [19:09:47] mode=swap
    already have this (family + solve result exist) -- skipping regeneration/re-solve
  [19:09:47] mode=group-reshuffle
    already have this (family + solve result exist) -- skipping regeneration/re-solve
  [19:09:47] mode=constrained-shuffle
    already have this (family + solve result exist) -- skipping regeneration/re-solve
[19:09:47] DONE R02204
[19:09:47] START R02264
  [19:09:47] mode=symmetry
    already have this (family + solve result exist) -- skipping regeneration/re-solve
  [19:09:47] mode=local-mutant
    already have this (family + solve result exist) -- skipping regeneration/re-solve
  [19:09:47] mode=swap
    already have this (family + solve result exist) -- skipping regeneration/re-solve
  [19:09:47] mode=group-reshuffle
    already have this (family + solve result exist) -- skipping regeneration/re-solve
  [19:09:47] mode=constrained-shuffle
    already have this (family + solve result exist) -- skipping regeneration/re-solve
[19:09:47] DONE R02264
[19:09:47] START R02324
  [19:09:47] mode=swap
    already have this (family + solve result exist) -- skipping regeneration/re-solve
  [19:09:47] mode=group-reshuffle
    already have this (family + solve result exist) -- skipping regeneration/re-solve
  [19:09:47] mode=constrained-shuffle
    already have this (family + solve result exist) -- skipping regeneration/re-solve
[19:09:47] DONE R02324
[19:09:47] START R02384
  [19:09:47] mode=symmetry
    already have this (family + solve result exist) -- skipping regeneration/re-solve
  [19:09:47] mode=local-mutant
    already have this (family + solve result exist) -- skipping regeneration/re-solve
  [19:09:47] mode=swap
    already have this (family + solve result exist) -- skipping regeneration/re-solve
  [19:09:47] mode=group-reshuffle
    already have this (family + solve result exist) -- skipping regeneration/re-solve
  [19:09:47] mode=constrained-shuffle
    already have this (family + solve result exist) -- skipping regeneration/re-solve
[19:09:47] DONE R02384
[19:09:47] START R02444
  [19:09:47] mode=symmetry
    already have this (family + solve result exist) -- skipping regeneration/re-solve
  [19:09:47] mode=local-mutant
    already have this (family + solve result exist) -- skipping regeneration/re-solve
  [19:09:47] mode=swap
    already have this (family + solve result exist) -- skipping regeneration/re-solve
  [19:09:47] mode=group-reshuffle
    already have this (family + solve result exist) -- skipping regeneration/re-solve
  [19:09:47] mode=constrained-shuffle
    already have this (family + solve result exist) -- skipping regeneration/re-solve
[19:09:47] DONE R02444
[19:09:47] START R02504
  [19:09:47] mode=symmetry
    already have this (family + solve result exist) -- skipping regeneration/re-solve
  [19:09:47] mode=local-mutant
    already have this (family + solve result exist) -- skipping regeneration/re-solve
  [19:09:47] mode=swap
    already have this (family + solve result exist) -- skipping regeneration/re-solve
  [19:09:47] mode=group-reshuffle
    already have this (family + solve result exist) -- skipping regeneration/re-solve
  [19:09:47] mode=constrained-shuffle
    already have this (family + solve result exist) -- skipping regeneration/re-solve
[19:09:47] DONE R02504
[19:09:47] START R02564
  [19:09:47] mode=swap
    already have this (family + solve result exist) -- skipping regeneration/re-solve
  [19:09:47] mode=group-reshuffle
    already have this (family + solve result exist) -- skipping regeneration/re-solve
  [19:09:47] mode=constrained-shuffle
    already have this (family + solve result exist) -- skipping regeneration/re-solve
[19:09:47] DONE R02564
[19:09:47] START R02624
  [19:09:47] mode=symmetry
    already have this (family + solve result exist) -- skipping regeneration/re-solve
  [19:09:47] mode=local-mutant
    already have this (family + solve result exist) -- skipping regeneration/re-solve
  [19:09:47] mode=swap
    already have this (family + solve result exist) -- skipping regeneration/re-solve
  [19:09:47] mode=group-reshuffle
    already have this (family + solve result exist) -- skipping regeneration/re-solve
  [19:09:47] mode=constrained-shuffle
    already have this (family + solve result exist) -- skipping regeneration/re-solve
[19:09:47] DONE R02624
[19:09:47] START R02684
  [19:09:47] mode=symmetry
    already have this (family + solve result exist) -- skipping regeneration/re-solve
  [19:09:47] mode=local-mutant
    already have this (family + solve result exist) -- skipping regeneration/re-solve
  [19:09:47] mode=swap
    already have this (family + solve result exist) -- skipping regeneration/re-solve
  [19:09:47] mode=group-reshuffle
    already have this (family + solve result exist) -- skipping regeneration/re-solve
  [19:09:47] mode=constrained-shuffle
    already have this (family + solve result exist) -- skipping regeneration/re-solve
[19:09:47] DONE R02684
[19:09:47] START R02744
  [19:09:47] mode=swap
    already have this (family + solve result exist) -- skipping regeneration/re-solve
  [19:09:47] mode=group-reshuffle
    already have this (family + solve result exist) -- skipping regeneration/re-solve
  [19:09:47] mode=constrained-shuffle
    already have this (family + solve result exist) -- skipping regeneration/re-solve
[19:09:47] DONE R02744
[19:09:47] START R02804
  [19:09:47] mode=symmetry
    already have this (family + solve result exist) -- skipping regeneration/re-solve
  [19:09:47] mode=local-mutant
    already have this (family + solve result exist) -- skipping regeneration/re-solve
  [19:09:47] mode=swap
    already have this (family + solve result exist) -- skipping regeneration/re-solve
  [19:09:47] mode=group-reshuffle
    already have this (family + solve result exist) -- skipping regeneration/re-solve
  [19:09:47] mode=constrained-shuffle
    already have this (family + solve result exist) -- skipping regeneration/re-solve
[19:09:47] DONE R02804
[19:09:47] START R02864
  [19:09:47] mode=swap
    already have this (family + solve result exist) -- skipping regeneration/re-solve
  [19:09:47] mode=group-reshuffle
    already have this (family + solve result exist) -- skipping regeneration/re-solve
  [19:09:47] mode=constrained-shuffle
    already have this (family + solve result exist) -- skipping regeneration/re-solve
[19:09:47] DONE R02864
[19:09:47] START R02924
  [19:09:47] mode=swap
    already have this (family + solve result exist) -- skipping regeneration/re-solve
  [19:09:47] mode=group-reshuffle
    already have this (family + solve result exist) -- skipping regeneration/re-solve
  [19:09:47] mode=constrained-shuffle
    already have this (family + solve result exist) -- skipping regeneration/re-solve
[19:09:47] DONE R02924
[19:09:47] START R02984
  [19:09:47] mode=symmetry
    already have this (family + solve result exist) -- skipping regeneration/re-solve
  [19:09:47] mode=local-mutant
    already have this (family + solve result exist) -- skipping regeneration/re-solve
  [19:09:47] mode=swap
    already have this (family + solve result exist) -- skipping regeneration/re-solve
  [19:09:47] mode=group-reshuffle
    already have this (family + solve result exist) -- skipping regeneration/re-solve
  [19:09:47] mode=constrained-shuffle
    already have this (family + solve result exist) -- skipping regeneration/re-solve
[19:09:47] DONE R02984
[19:09:47] START R03044
  [19:09:47] mode=swap
    already have this (family + solve result exist) -- skipping regeneration/re-solve
  [19:09:47] mode=group-reshuffle
    already have this (family + solve result exist) -- skipping regeneration/re-solve
  [19:09:47] mode=constrained-shuffle
    already have this (family + solve result exist) -- skipping regeneration/re-solve
[19:09:47] DONE R03044
[19:09:47] START R03104
  [19:09:47] mode=symmetry
    already have this (family + solve result exist) -- skipping regeneration/re-solve
  [19:09:47] mode=local-mutant
    already have this (family + solve result exist) -- skipping regeneration/re-solve
  [19:09:47] mode=swap
    already have this (family + solve result exist) -- skipping regeneration/re-solve
  [19:09:47] mode=group-reshuffle
    already have this (family + solve result exist) -- skipping regeneration/re-solve
  [19:09:47] mode=constrained-shuffle
    already have this (family + solve result exist) -- skipping regeneration/re-solve
[19:09:47] DONE R03104
[19:09:47] START R03164
  [19:09:47] mode=symmetry
    already have this (family + solve result exist) -- skipping regeneration/re-solve
  [19:09:47] mode=local-mutant
    already have this (family + solve result exist) -- skipping regeneration/re-solve
  [19:09:47] mode=swap
    already have this (family + solve result exist) -- skipping regeneration/re-solve
  [19:09:47] mode=group-reshuffle
    already have this (family + solve result exist) -- skipping regeneration/re-solve
  [19:09:47] mode=constrained-shuffle
    already have this (family + solve result exist) -- skipping regeneration/re-solve
[19:09:47] DONE R03164
[19:09:47] START R03224
  [19:09:47] mode=symmetry
    already have this (family + solve result exist) -- skipping regeneration/re-solve
  [19:09:47] mode=local-mutant
    already have this (family + solve result exist) -- skipping regeneration/re-solve
  [19:09:47] mode=swap
    already have this (family + solve result exist) -- skipping regeneration/re-solve
  [19:09:47] mode=group-reshuffle
    already have this (family + solve result exist) -- skipping regeneration/re-solve
  [19:09:47] mode=constrained-shuffle
    already have this (family + solve result exist) -- skipping regeneration/re-solve
[19:09:47] DONE R03224
[19:09:47] START R03284
  [19:09:47] mode=symmetry
    already have this (family + solve result exist) -- skipping regeneration/re-solve
  [19:09:47] mode=local-mutant
    already have this (family + solve result exist) -- skipping regeneration/re-solve
  [19:09:47] mode=swap
    already have this (family + solve result exist) -- skipping regeneration/re-solve
  [19:09:47] mode=group-reshuffle
    already have this (family + solve result exist) -- skipping regeneration/re-solve
  [19:09:47] mode=constrained-shuffle
    already have this (family + solve result exist) -- skipping regeneration/re-solve
[19:09:47] DONE R03284
[19:09:47] START R03344
  [19:09:47] mode=symmetry
    already have this (family + solve result exist) -- skipping regeneration/re-solve
  [19:09:47] mode=local-mutant
    already have this (family + solve result exist) -- skipping regeneration/re-solve
  [19:09:47] mode=swap
    already have this (family + solve result exist) -- skipping regeneration/re-solve
  [19:09:47] mode=group-reshuffle
    already have this (family + solve result exist) -- skipping regeneration/re-solve
  [19:09:47] mode=constrained-shuffle
    already have this (family + solve result exist) -- skipping regeneration/re-solve
[19:09:47] DONE R03344
[19:09:47] SHARD END
