[11:26:15] SHARD START 33 level(s)
[11:26:15] START P00040
  [11:26:15] mode=symmetry
    symmetry: solved=7/7
  [11:26:18] mode=local-mutant
    local-mutant: solved=0/0
  [11:26:18] mode=swap
    swap: solved=0/0
  [11:26:19] mode=group-reshuffle
    group-reshuffle: solved=0/0
  [11:26:20] mode=constrained-shuffle
    constrained-shuffle: solved=0/0
[11:26:21] DONE P00040
[11:26:21] START P00100
  [11:26:21] mode=symmetry
    symmetry: solved=7/7
  [11:26:25] mode=local-mutant
    local-mutant: solved=10/10
  [11:26:31] mode=swap
    swap: solved=0/0
  [11:26:32] mode=group-reshuffle
    group-reshuffle: solved=10/10
  [11:26:38] mode=constrained-shuffle
    constrained-shuffle: solved=10/10
[11:26:44] DONE P00100
[11:26:44] START P00161
  [11:26:44] mode=symmetry
    symmetry: solved=7/7
  [11:26:49] mode=local-mutant
    local-mutant: solved=10/10
  [11:26:56] mode=swap
    swap: solved=4/4
  [11:26:59] mode=group-reshuffle
    group-reshuffle: solved=10/10
  [11:27:06] mode=constrained-shuffle
    constrained-shuffle: solved=10/10
[11:27:18] DONE P00161
[11:27:18] START R00928
  [11:27:18] mode=symmetry
    symmetry: solved=7/7
  [11:27:33] mode=local-mutant
    local-mutant: solved=10/10
  [11:28:06] mode=swap
    swap: solved=8/10
  [11:28:31] mode=group-reshuffle
    group-reshuffle: solved=10/10
  [11:28:49] mode=constrained-shuffle
    constrained-shuffle: solved=7/10
[11:29:11] DONE R00928
[11:29:11] START R00142
  [11:29:11] mode=swap
    swap: solved=0/10
  [11:30:19] mode=group-reshuffle
    group-reshuffle: solved=0/10
  [11:31:27] mode=constrained-shuffle
    constrained-shuffle: solved=0/10
[11:32:33] DONE R00142
[11:32:33] START R00536
  [11:32:33] mode=swap
    swap: solved=0/10
  [11:35:48] mode=group-reshuffle
    group-reshuffle: solved=4/10
  [11:38:21] mode=constrained-shuffle
    constrained-shuffle: solved=0/10
[11:41:33] DONE R00536
[11:41:33] START R00886
  [11:41:33] mode=swap
    swap: solved=1/10
  [11:44:14] mode=group-reshuffle
    group-reshuffle: solved=3/10
  [11:46:42] mode=constrained-shuffle
    constrained-shuffle: solved=5/10
[11:48:58] DONE R00886
[11:48:58] START R01208
  [11:48:58] mode=swap
    swap: solved=1/10
  [11:51:26] mode=group-reshuffle
    group-reshuffle: solved=0/10
  [11:53:55] mode=constrained-shuffle
    constrained-shuffle: solved=0/10
[11:56:26] DONE R01208
[11:56:26] START R01571
  [11:56:26] mode=swap
    swap: solved=0/10
  [11:59:53] mode=group-reshuffle
    group-reshuffle: solved=0/10
  [12:03:31] mode=constrained-shuffle
    constrained-shuffle: solved=2/10
[12:06:44] DONE R01571
[12:06:44] START R01913
  [12:06:44] mode=swap
    swap: solved=0/10
  [12:07:34] mode=group-reshuffle
    group-reshuffle: solved=2/10
  [12:08:20] mode=constrained-shuffle
    constrained-shuffle: solved=3/10
[12:09:10] DONE R01913
[12:09:10] START R02047
  [12:09:10] mode=symmetry
    symmetry: solved=7/7
  [12:09:27] mode=local-mutant
    local-mutant: solved=10/10
  [12:09:47] mode=swap
    swap: solved=8/10
  [12:10:25] mode=group-reshuffle
    group-reshuffle: solved=9/10
  [12:11:00] mode=constrained-shuffle
    constrained-shuffle: solved=9/10
[12:11:36] DONE R02047
[12:11:36] START R02107
  [12:11:36] mode=swap
    swap: solved=0/10
  [12:12:37] mode=group-reshuffle
    group-reshuffle: solved=0/10
  [12:13:33] mode=constrained-shuffle
    constrained-shuffle: solved=0/10
[12:14:32] DONE R02107
[12:14:32] START R02167
  [12:14:32] mode=symmetry
    symmetry: solved=7/7
  [12:14:40] mode=local-mutant
    local-mutant: solved=10/10
  [12:14:52] mode=swap
    swap: solved=10/10
  [12:15:05] mode=group-reshuffle
    group-reshuffle: solved=10/10
  [12:15:19] mode=constrained-shuffle
    constrained-shuffle: solved=10/10
[12:15:36] DONE R02167
[12:15:36] START R02227
  [12:15:36] mode=symmetry
    symmetry: solved=7/7
  [12:16:13] mode=local-mutant
    local-mutant: solved=9/10
  [12:17:20] mode=swap
    swap: solved=10/10
  [12:18:14] mode=group-reshuffle
    group-reshuffle: solved=0/10
  [12:20:44] mode=constrained-shuffle
    constrained-shuffle: solved=2/10
[12:23:12] DONE R02227
[12:23:12] START R02287
  [12:23:12] mode=swap
    swap: solved=0/10
  [12:24:13] mode=group-reshuffle
    group-reshuffle: solved=1/10
  [12:25:14] mode=constrained-shuffle
    constrained-shuffle: solved=1/10
[12:26:13] DONE R02287
[12:26:13] START R02347
  [12:26:13] mode=swap
    swap: solved=0/10
  [12:28:44] mode=group-reshuffle
    group-reshuffle: solved=2/10
  [12:30:58] mode=constrained-shuffle
    constrained-shuffle: solved=0/10
[12:33:23] DONE R02347
[12:33:23] START R02407
  [12:33:23] mode=symmetry
    symmetry: solved=7/7
  [12:33:30] mode=local-mutant
    local-mutant: solved=10/10
  [12:33:41] mode=swap
    swap: solved=10/10
  [12:33:49] mode=group-reshuffle
    group-reshuffle: solved=10/10
  [12:34:02] mode=constrained-shuffle
    constrained-shuffle: solved=10/10
[12:34:14] DONE R02407
[12:34:14] START R02467
  [12:34:14] mode=symmetry
    symmetry: solved=6/7
  [12:35:12] mode=local-mutant
    local-mutant: solved=8/10
  [12:36:42] mode=swap
    swap: solved=10/10
  [12:37:51] mode=group-reshuffle
    group-reshuffle: solved=5/10
  [12:39:34] mode=constrained-shuffle
    constrained-shuffle: solved=1/10
[12:41:30] DONE R02467
[12:41:30] START R02527
  [12:41:30] mode=swap
    swap: solved=0/10
  [12:42:56] mode=group-reshuffle
    group-reshuffle: solved=0/10
  [12:44:26] mode=constrained-shuffle
    constrained-shuffle: solved=0/10
[12:46:00] DONE R02527
[12:46:00] START R02587
  [12:46:00] mode=symmetry
    symmetry: solved=3/7
  [12:46:40] mode=local-mutant
    local-mutant: solved=6/10
  [12:47:22] mode=swap
    swap: solved=10/10
  [12:47:30] mode=group-reshuffle
    group-reshuffle: solved=7/10
  [12:48:07] mode=constrained-shuffle
    constrained-shuffle: solved=7/10
[12:48:42] DONE R02587
[12:48:42] START R02647
  [12:48:42] mode=swap
    swap: solved=0/10
  [12:52:01] mode=group-reshuffle
    group-reshuffle: solved=2/10
  [12:54:34] mode=constrained-shuffle
    constrained-shuffle: solved=1/10
[12:57:34] DONE R02647
[12:57:34] START R02707
  [12:57:34] mode=symmetry
    symmetry: solved=3/7
  [12:58:28] mode=local-mutant
    local-mutant: solved=6/10
  [12:59:22] mode=swap
    swap: solved=5/10
  [13:00:35] mode=group-reshuffle
    group-reshuffle: solved=5/10
  [13:01:51] mode=constrained-shuffle
    constrained-shuffle: solved=0/10
[13:03:52] DONE R02707
[13:03:52] START R02767
  [13:03:52] mode=swap
    swap: solved=0/10
  [13:08:24] mode=group-reshuffle
    group-reshuffle: solved=0/10
  [13:12:48] mode=constrained-shuffle
    constrained-shuffle: solved=0/10
[13:17:21] DONE R02767
[13:17:21] START R02827
  [13:17:21] mode=symmetry
    symmetry: solved=2/7
  [13:18:19] mode=local-mutant
    local-mutant: solved=0/10
  [13:19:52] mode=swap
    swap: solved=0/10
  [13:21:24] mode=group-reshuffle
    group-reshuffle: solved=2/10
  [13:22:42] mode=constrained-shuffle
    constrained-shuffle: solved=1/10
[13:24:12] DONE R02827
[13:24:12] START R02887
  [13:24:12] mode=symmetry
    symmetry: solved=0/7
  [13:26:37] mode=local-mutant
    local-mutant: solved=1/10
  [13:30:04] mode=swap
    swap: solved=3/10
  [13:32:44] mode=group-reshuffle
    group-reshuffle: solved=0/10
  [13:36:00] mode=constrained-shuffle
    constrained-shuffle: solved=0/10
[13:39:14] DONE R02887
[13:39:14] START R02947
  [13:39:14] mode=symmetry
    symmetry: solved=0/7
  [13:39:50] mode=local-mutant
    local-mutant: solved=0/10
  [13:40:42] mode=swap
    swap: solved=0/10
  [13:41:36] mode=group-reshuffle
    group-reshuffle: solved=5/10
  [13:42:18] mode=constrained-shuffle
    constrained-shuffle: solved=2/10
[13:43:12] DONE R02947
[13:43:12] START R03007
  [13:43:12] mode=symmetry
    symmetry: solved=3/7
  [13:43:43] mode=local-mutant
    local-mutant: solved=9/10
  [13:44:11] mode=swap
    swap: solved=8/10
  [13:44:41] mode=group-reshuffle
    group-reshuffle: solved=5/10
  [13:45:23] mode=constrained-shuffle
    constrained-shuffle: solved=8/10
[13:45:56] DONE R03007
[13:45:56] START R03067
  [13:45:56] mode=swap
    swap: solved=0/10
  [13:46:49] mode=group-reshuffle
    group-reshuffle: solved=0/10
  [13:47:47] mode=constrained-shuffle
    constrained-shuffle: solved=0/10
[13:48:42] DONE R03067
[13:48:42] START R03127
  [13:48:42] mode=symmetry
    symmetry: solved=7/7
  [13:48:53] mode=local-mutant
    local-mutant: solved=10/10
  [13:49:09] mode=swap
    swap: solved=10/10
  [13:49:25] mode=group-reshuffle
    group-reshuffle: solved=10/10
  [13:49:40] mode=constrained-shuffle
    constrained-shuffle: solved=9/10
[13:49:58] DONE R03127
[13:49:58] START R03187
  [13:49:58] mode=symmetry
    symmetry: solved=7/7
  [13:50:21] mode=local-mutant
    local-mutant: solved=10/10
  [13:50:43] mode=swap
    swap: solved=10/10
  [13:51:06] mode=group-reshuffle
    group-reshuffle: solved=9/10
  [13:51:57] mode=constrained-shuffle
    constrained-shuffle: solved=6/10
[13:53:39] DONE R03187
[13:53:39] START R03247
  [13:53:39] mode=swap
    swap: solved=0/10
  [13:57:51] mode=group-reshuffle
    group-reshuffle: solved=0/10
  [14:01:57] mode=constrained-shuffle
    constrained-shuffle: solved=0/10
[14:06:11] DONE R03247
[14:06:11] START R03307
  [14:06:11] mode=swap
    swap: solved=0/10
  [14:08:34] mode=group-reshuffle
    group-reshuffle: solved=1/10
  [14:10:56] mode=constrained-shuffle
    constrained-shuffle: solved=6/10
[14:12:52] DONE R03307
[14:12:52] START R03367
  [14:12:52] mode=swap
    swap: solved=0/10
  [14:14:08] mode=group-reshuffle
    group-reshuffle: solved=0/10
  [14:15:19] mode=constrained-shuffle
    constrained-shuffle: solved=0/10
[14:16:33] DONE R03367
[14:16:33] SHARD END
