[06:03:54] SHARD START 33 level(s)
[06:03:54] START P00020
  [06:03:54] mode=symmetry
    symmetry: solved=7/7
  [06:04:01] mode=local-mutant
    local-mutant: solved=10/10
  [06:04:08] mode=swap
    swap: solved=0/0
  [06:04:08] mode=group-reshuffle
    group-reshuffle: solved=10/10
  [06:04:16] mode=constrained-shuffle
    constrained-shuffle: solved=10/10
[06:04:23] DONE P00020
[06:04:23] START P00080
  [06:04:23] mode=symmetry
    symmetry: solved=3/3
  [06:04:26] mode=local-mutant
    local-mutant: solved=10/10
  [06:04:30] mode=swap
    swap: solved=0/0
  [06:04:31] mode=group-reshuffle
    group-reshuffle: solved=10/10
  [06:04:38] mode=constrained-shuffle
    constrained-shuffle: solved=10/10
[06:04:43] DONE P00080
[06:04:43] START P00140
  [06:04:43] mode=symmetry
    symmetry: solved=6/7
  [06:05:12] mode=local-mutant
    local-mutant: solved=9/10
  [06:05:44] mode=swap
    swap: solved=10/10
  [06:06:20] mode=group-reshuffle
    group-reshuffle: solved=8/10
  [06:06:56] mode=constrained-shuffle
    constrained-shuffle: solved=10/10
[06:07:22] DONE P00140
[06:07:22] START R00525
  [06:07:22] mode=symmetry
    symmetry: solved=7/7
  [06:07:47] mode=local-mutant
    local-mutant: solved=7/10
  [06:08:31] mode=swap
    swap: solved=10/10
  [06:09:09] mode=group-reshuffle
    group-reshuffle: solved=6/10
  [06:09:42] mode=constrained-shuffle
    constrained-shuffle: solved=9/10
[06:10:11] DONE R00525
[06:10:11] START R01986
  [06:10:11] mode=symmetry
    symmetry: solved=7/7
  [06:10:25] mode=local-mutant
    local-mutant: solved=10/10
  [06:10:50] mode=swap
    swap: solved=10/10
  [06:11:05] mode=group-reshuffle
    group-reshuffle: solved=10/10
  [06:11:25] mode=constrained-shuffle
    constrained-shuffle: solved=10/10
[06:11:45] DONE R01986
[06:11:45] START R00433
  [06:11:45] mode=swap
    swap: solved=2/10
  [06:13:57] mode=group-reshuffle
    group-reshuffle: solved=3/10
  [06:16:12] mode=constrained-shuffle
    constrained-shuffle: solved=6/10
[06:18:08] DONE R00433
[06:18:08] START R00728
  [06:18:08] mode=swap
    swap: solved=0/10
  [06:19:26] mode=group-reshuffle
    group-reshuffle: solved=0/10
  [06:20:44] mode=constrained-shuffle
    constrained-shuffle: solved=1/10
[06:22:08] DONE R00728
[06:22:08] START R01092
  [06:22:08] mode=symmetry
    symmetry: solved=0/7
  [06:25:13] mode=local-mutant
    local-mutant: solved=0/10
  [06:29:32] mode=swap
    swap: solved=0/10
  [06:33:50] mode=group-reshuffle
    group-reshuffle: solved=0/10
  [06:38:05] mode=constrained-shuffle
    constrained-shuffle: solved=0/10
[06:42:21] DONE R01092
[06:42:21] START R01467
  [06:42:21] mode=swap
    swap: solved=1/10
  [06:46:01] mode=group-reshuffle
    group-reshuffle: solved=0/10
  [06:49:46] mode=constrained-shuffle
    constrained-shuffle: solved=2/10
[06:53:05] DONE R01467
[06:53:05] START R01769
  [06:53:05] mode=swap
    swap: solved=0/10
  [06:56:36] mode=group-reshuffle
    group-reshuffle: solved=0/10
  [07:00:04] mode=constrained-shuffle
    constrained-shuffle: solved=2/10
[07:03:04] DONE R01769
[07:03:04] START R02027
  [07:03:04] mode=swap
    swap: solved=0/10
  [07:05:11] mode=group-reshuffle
    group-reshuffle: solved=0/10
  [07:07:24] mode=constrained-shuffle
    constrained-shuffle: solved=0/10
[07:09:40] DONE R02027
[07:09:40] START R02087
  [07:09:40] mode=symmetry
    symmetry: solved=0/7
  [07:11:15] mode=local-mutant
    local-mutant: solved=1/10
  [07:13:31] mode=swap
    swap: solved=1/10
  [07:15:45] mode=group-reshuffle
    group-reshuffle: solved=2/10
  [07:17:50] mode=constrained-shuffle
    constrained-shuffle: solved=1/10
[07:20:04] DONE R02087
[07:20:04] START R02147
  [07:20:04] mode=symmetry
    symmetry: solved=7/7
  [07:20:16] mode=local-mutant
    local-mutant: solved=10/10
  [07:20:33] mode=swap
    swap: solved=10/10
  [07:20:51] mode=group-reshuffle
    group-reshuffle: solved=8/10
  [07:21:14] mode=constrained-shuffle
    constrained-shuffle: solved=5/10
[07:21:50] DONE R02147
[07:21:50] START R02207
  [07:21:50] mode=swap
    swap: solved=0/10
  [07:23:04] mode=group-reshuffle
    group-reshuffle: solved=0/10
  [07:24:03] mode=constrained-shuffle
    constrained-shuffle: solved=1/10
[07:25:04] DONE R02207
[07:25:04] START R02267
  [07:25:04] mode=symmetry
    symmetry: solved=7/7
  [07:25:43] mode=local-mutant
    local-mutant: solved=8/10
  [07:26:39] mode=swap
    swap: solved=10/10
  [07:27:32] mode=group-reshuffle
    group-reshuffle: solved=7/10
  [07:28:35] mode=constrained-shuffle
    constrained-shuffle: solved=10/10
[07:29:35] DONE R02267
[07:29:35] START R02327
  [07:29:35] mode=symmetry
    symmetry: solved=1/7
  [07:30:55] mode=local-mutant
    local-mutant: solved=1/10
  [07:33:06] mode=swap
    swap: solved=3/10
  [07:34:50] mode=group-reshuffle
    group-reshuffle: solved=1/10
  [07:37:00] mode=constrained-shuffle
    constrained-shuffle: solved=1/10
[07:38:58] DONE R02327
[07:38:58] START R02387
  [07:38:58] mode=swap
    swap: solved=0/10
  [07:40:56] mode=group-reshuffle
    group-reshuffle: solved=0/10
  [07:42:33] mode=constrained-shuffle
    constrained-shuffle: solved=0/10
[07:44:18] DONE R02387
[07:44:18] START R02447
  [07:44:18] mode=symmetry
    symmetry: solved=7/7
  [07:44:40] mode=local-mutant
    local-mutant: solved=10/10
  [07:45:05] mode=swap
    swap: solved=10/10
  [07:45:28] mode=group-reshuffle
    group-reshuffle: solved=10/10
  [07:45:58] mode=constrained-shuffle
    constrained-shuffle: solved=6/10
[07:46:53] DONE R02447
[07:46:53] START R02507
  [07:46:53] mode=swap
    swap: solved=0/10
  [07:47:47] mode=group-reshuffle
    group-reshuffle: solved=7/10
  [07:48:17] mode=constrained-shuffle
    constrained-shuffle: solved=9/10
[07:48:45] DONE R02507
[07:48:45] START R02567
  [07:48:45] mode=symmetry
    symmetry: solved=2/7
  [07:49:54] mode=local-mutant
    local-mutant: solved=6/10
  [07:51:01] mode=swap
    swap: solved=5/10
  [07:52:16] mode=group-reshuffle
    group-reshuffle: solved=10/10
  [07:52:33] mode=constrained-shuffle
    constrained-shuffle: solved=9/10
[07:53:21] DONE R02567
[07:53:21] START R02627
  [07:53:21] mode=swap
    swap: solved=0/10
  [07:57:25] mode=group-reshuffle
    group-reshuffle: solved=0/10
  [08:01:29] mode=constrained-shuffle
    constrained-shuffle: solved=0/10
[08:05:28] DONE R02627
[08:05:28] START R02687
  [08:05:28] mode=symmetry
    symmetry: solved=7/7
  [08:05:41] mode=local-mutant
    local-mutant: solved=7/10
  [08:06:18] mode=swap
    swap: solved=8/10
  [08:06:50] mode=group-reshuffle
    group-reshuffle: solved=6/10
  [08:07:34] mode=constrained-shuffle
    constrained-shuffle: solved=2/10
[08:08:54] DONE R02687
[08:08:54] START R02747
  [08:08:54] mode=swap
    swap: solved=0/10
  [08:14:00] mode=group-reshuffle
    group-reshuffle: solved=0/10
  [08:19:03] mode=constrained-shuffle
    constrained-shuffle: solved=0/10
[08:24:05] DONE R02747
[08:24:05] START R02807
  [08:24:05] mode=swap
    swap: solved=1/10
  [08:27:09] mode=group-reshuffle
    group-reshuffle: solved=4/10
  [08:29:30] mode=constrained-shuffle
    constrained-shuffle: solved=2/10
[08:32:31] DONE R02807
[08:32:31] START R02867
  [08:32:31] mode=symmetry
    symmetry: solved=3/7
  [08:35:15] mode=local-mutant
    local-mutant: solved=6/10
  [08:38:38] mode=swap
    swap: solved=7/10
  [08:41:51] mode=group-reshuffle
    group-reshuffle: solved=0/10
  [08:46:27] mode=constrained-shuffle
    constrained-shuffle: solved=1/10
[08:51:06] DONE R02867
[08:51:06] START R02927
  [08:51:06] mode=swap
    swap: solved=0/10
  [08:53:02] mode=group-reshuffle
    group-reshuffle: solved=3/10
  [08:54:32] mode=constrained-shuffle
    constrained-shuffle: solved=1/10
[08:56:25] DONE R02927
[08:56:25] START R02987
  [08:56:25] mode=swap
    swap: solved=0/10
  [08:58:41] mode=group-reshuffle
    group-reshuffle: solved=0/10
  [09:01:01] mode=constrained-shuffle
    constrained-shuffle: solved=0/10
[09:03:25] DONE R02987
[09:03:25] START R03047
  [09:03:25] mode=symmetry
    symmetry: solved=7/7
  [09:03:44] mode=local-mutant
    local-mutant: solved=8/10
  [09:04:34] mode=swap
    swap: solved=10/10
  [09:05:02] mode=group-reshuffle
    group-reshuffle: solved=5/10
  [09:06:20] mode=constrained-shuffle
    constrained-shuffle: solved=7/10
[09:07:11] DONE R03047
[09:07:11] START R03107
  [09:07:11] mode=symmetry
    symmetry: solved=1/7
  [09:08:25] mode=local-mutant
    local-mutant: solved=3/10
  [09:10:01] mode=swap
    swap: solved=5/10
  [09:11:14] mode=group-reshuffle
    group-reshuffle: solved=5/10
  [09:12:35] mode=constrained-shuffle
    constrained-shuffle: solved=6/10
[09:14:06] DONE R03107
[09:14:06] START R03167
  [09:14:06] mode=symmetry
    symmetry: solved=7/7
  [09:14:17] mode=local-mutant
    local-mutant: solved=9/10
  [09:14:52] mode=swap
    swap: solved=10/10
  [09:15:09] mode=group-reshuffle
    group-reshuffle: solved=10/10
  [09:15:28] mode=constrained-shuffle
    constrained-shuffle: solved=6/10
[09:16:13] DONE R03167
[09:16:13] START R03227
  [09:16:13] mode=swap
    swap: solved=0/10
  [09:18:36] mode=group-reshuffle
    group-reshuffle: solved=0/10
  [09:20:57] mode=constrained-shuffle
    constrained-shuffle: solved=0/10
[09:23:08] DONE R03227
[09:23:08] START R03287
  [09:23:08] mode=swap
    swap: solved=0/10
  [09:26:33] mode=group-reshuffle
    group-reshuffle: solved=0/10
  [09:29:54] mode=constrained-shuffle
    constrained-shuffle: solved=0/10
[09:33:16] DONE R03287
[09:33:16] START R03347
  [09:33:16] mode=swap
    swap: solved=2/10
  [09:36:49] mode=group-reshuffle
    group-reshuffle: solved=1/10
  [09:40:55] mode=constrained-shuffle
    constrained-shuffle: solved=2/10
[09:44:58] DONE R03347
[09:44:58] SHARD END
[19:09:41] SHARD START 33 level(s)
[19:09:41] START P00020
  [19:09:41] mode=symmetry
    already have this (family + solve result exist) -- skipping regeneration/re-solve
  [19:09:41] mode=local-mutant
    already have this (family + solve result exist) -- skipping regeneration/re-solve
  [19:09:41] mode=swap
    already have this (family + solve result exist) -- skipping regeneration/re-solve
  [19:09:41] mode=group-reshuffle
    already have this (family + solve result exist) -- skipping regeneration/re-solve
  [19:09:41] mode=constrained-shuffle
    already have this (family + solve result exist) -- skipping regeneration/re-solve
[19:09:41] DONE P00020
[19:09:41] START P00080
  [19:09:41] mode=symmetry
    already have this (family + solve result exist) -- skipping regeneration/re-solve
  [19:09:41] mode=local-mutant
    already have this (family + solve result exist) -- skipping regeneration/re-solve
  [19:09:41] mode=swap
    already have this (family + solve result exist) -- skipping regeneration/re-solve
  [19:09:41] mode=group-reshuffle
    already have this (family + solve result exist) -- skipping regeneration/re-solve
  [19:09:41] mode=constrained-shuffle
    already have this (family + solve result exist) -- skipping regeneration/re-solve
[19:09:41] DONE P00080
[19:09:41] START P00140
  [19:09:41] mode=symmetry
    already have this (family + solve result exist) -- skipping regeneration/re-solve
  [19:09:41] mode=local-mutant
    already have this (family + solve result exist) -- skipping regeneration/re-solve
  [19:09:41] mode=swap
    already have this (family + solve result exist) -- skipping regeneration/re-solve
  [19:09:41] mode=group-reshuffle
    already have this (family + solve result exist) -- skipping regeneration/re-solve
  [19:09:41] mode=constrained-shuffle
    already have this (family + solve result exist) -- skipping regeneration/re-solve
[19:09:41] DONE P00140
[19:09:41] START R00525
  [19:09:41] mode=symmetry
    already have this (family + solve result exist) -- skipping regeneration/re-solve
  [19:09:41] mode=local-mutant
    already have this (family + solve result exist) -- skipping regeneration/re-solve
  [19:09:41] mode=swap
    already have this (family + solve result exist) -- skipping regeneration/re-solve
  [19:09:41] mode=group-reshuffle
    already have this (family + solve result exist) -- skipping regeneration/re-solve
  [19:09:41] mode=constrained-shuffle
    already have this (family + solve result exist) -- skipping regeneration/re-solve
[19:09:41] DONE R00525
[19:09:41] START R01986
  [19:09:41] mode=symmetry
    already have this (family + solve result exist) -- skipping regeneration/re-solve
  [19:09:41] mode=local-mutant
    already have this (family + solve result exist) -- skipping regeneration/re-solve
  [19:09:41] mode=swap
    already have this (family + solve result exist) -- skipping regeneration/re-solve
  [19:09:41] mode=group-reshuffle
    already have this (family + solve result exist) -- skipping regeneration/re-solve
  [19:09:41] mode=constrained-shuffle
    already have this (family + solve result exist) -- skipping regeneration/re-solve
[19:09:41] DONE R01986
[19:09:41] START R00433
  [19:09:41] mode=swap
    already have this (family + solve result exist) -- skipping regeneration/re-solve
  [19:09:41] mode=group-reshuffle
    already have this (family + solve result exist) -- skipping regeneration/re-solve
  [19:09:41] mode=constrained-shuffle
    already have this (family + solve result exist) -- skipping regeneration/re-solve
[19:09:41] DONE R00433
[19:09:41] START R00728
  [19:09:41] mode=swap
    already have this (family + solve result exist) -- skipping regeneration/re-solve
  [19:09:41] mode=group-reshuffle
    already have this (family + solve result exist) -- skipping regeneration/re-solve
  [19:09:41] mode=constrained-shuffle
    already have this (family + solve result exist) -- skipping regeneration/re-solve
[19:09:41] DONE R00728
[19:09:41] START R01092
  [19:09:41] mode=symmetry
    already have this (family + solve result exist) -- skipping regeneration/re-solve
  [19:09:41] mode=local-mutant
    already have this (family + solve result exist) -- skipping regeneration/re-solve
  [19:09:41] mode=swap
    already have this (family + solve result exist) -- skipping regeneration/re-solve
  [19:09:41] mode=group-reshuffle
    already have this (family + solve result exist) -- skipping regeneration/re-solve
  [19:09:41] mode=constrained-shuffle
    already have this (family + solve result exist) -- skipping regeneration/re-solve
[19:09:41] DONE R01092
[19:09:41] START R01467
  [19:09:41] mode=swap
    already have this (family + solve result exist) -- skipping regeneration/re-solve
  [19:09:41] mode=group-reshuffle
    already have this (family + solve result exist) -- skipping regeneration/re-solve
  [19:09:41] mode=constrained-shuffle
    already have this (family + solve result exist) -- skipping regeneration/re-solve
[19:09:41] DONE R01467
[19:09:41] START R01769
  [19:09:41] mode=swap
    already have this (family + solve result exist) -- skipping regeneration/re-solve
  [19:09:41] mode=group-reshuffle
    already have this (family + solve result exist) -- skipping regeneration/re-solve
  [19:09:41] mode=constrained-shuffle
    already have this (family + solve result exist) -- skipping regeneration/re-solve
[19:09:41] DONE R01769
[19:09:41] START R02027
  [19:09:41] mode=swap
    already have this (family + solve result exist) -- skipping regeneration/re-solve
  [19:09:41] mode=group-reshuffle
    already have this (family + solve result exist) -- skipping regeneration/re-solve
  [19:09:41] mode=constrained-shuffle
    already have this (family + solve result exist) -- skipping regeneration/re-solve
[19:09:41] DONE R02027
[19:09:41] START R02087
  [19:09:41] mode=symmetry
    already have this (family + solve result exist) -- skipping regeneration/re-solve
  [19:09:41] mode=local-mutant
    already have this (family + solve result exist) -- skipping regeneration/re-solve
  [19:09:41] mode=swap
    already have this (family + solve result exist) -- skipping regeneration/re-solve
  [19:09:41] mode=group-reshuffle
    already have this (family + solve result exist) -- skipping regeneration/re-solve
  [19:09:41] mode=constrained-shuffle
    already have this (family + solve result exist) -- skipping regeneration/re-solve
[19:09:41] DONE R02087
[19:09:41] START R02147
  [19:09:41] mode=symmetry
    already have this (family + solve result exist) -- skipping regeneration/re-solve
  [19:09:41] mode=local-mutant
    already have this (family + solve result exist) -- skipping regeneration/re-solve
  [19:09:41] mode=swap
    already have this (family + solve result exist) -- skipping regeneration/re-solve
  [19:09:41] mode=group-reshuffle
    already have this (family + solve result exist) -- skipping regeneration/re-solve
  [19:09:41] mode=constrained-shuffle
    already have this (family + solve result exist) -- skipping regeneration/re-solve
[19:09:41] DONE R02147
[19:09:41] START R02207
  [19:09:41] mode=swap
    already have this (family + solve result exist) -- skipping regeneration/re-solve
  [19:09:41] mode=group-reshuffle
    already have this (family + solve result exist) -- skipping regeneration/re-solve
  [19:09:41] mode=constrained-shuffle
    already have this (family + solve result exist) -- skipping regeneration/re-solve
[19:09:41] DONE R02207
[19:09:41] START R02267
  [19:09:41] mode=symmetry
    already have this (family + solve result exist) -- skipping regeneration/re-solve
  [19:09:41] mode=local-mutant
    already have this (family + solve result exist) -- skipping regeneration/re-solve
  [19:09:41] mode=swap
    already have this (family + solve result exist) -- skipping regeneration/re-solve
  [19:09:41] mode=group-reshuffle
    already have this (family + solve result exist) -- skipping regeneration/re-solve
  [19:09:41] mode=constrained-shuffle
    already have this (family + solve result exist) -- skipping regeneration/re-solve
[19:09:41] DONE R02267
[19:09:41] START R02327
  [19:09:41] mode=symmetry
    already have this (family + solve result exist) -- skipping regeneration/re-solve
  [19:09:41] mode=local-mutant
    already have this (family + solve result exist) -- skipping regeneration/re-solve
  [19:09:41] mode=swap
    already have this (family + solve result exist) -- skipping regeneration/re-solve
  [19:09:41] mode=group-reshuffle
    already have this (family + solve result exist) -- skipping regeneration/re-solve
  [19:09:41] mode=constrained-shuffle
    already have this (family + solve result exist) -- skipping regeneration/re-solve
[19:09:41] DONE R02327
[19:09:41] START R02387
  [19:09:41] mode=swap
    already have this (family + solve result exist) -- skipping regeneration/re-solve
  [19:09:41] mode=group-reshuffle
    already have this (family + solve result exist) -- skipping regeneration/re-solve
  [19:09:41] mode=constrained-shuffle
    already have this (family + solve result exist) -- skipping regeneration/re-solve
[19:09:41] DONE R02387
[19:09:41] START R02447
  [19:09:41] mode=symmetry
    already have this (family + solve result exist) -- skipping regeneration/re-solve
  [19:09:41] mode=local-mutant
    already have this (family + solve result exist) -- skipping regeneration/re-solve
  [19:09:41] mode=swap
    already have this (family + solve result exist) -- skipping regeneration/re-solve
  [19:09:41] mode=group-reshuffle
    already have this (family + solve result exist) -- skipping regeneration/re-solve
  [19:09:41] mode=constrained-shuffle
    already have this (family + solve result exist) -- skipping regeneration/re-solve
[19:09:41] DONE R02447
[19:09:41] START R02507
  [19:09:41] mode=swap
    already have this (family + solve result exist) -- skipping regeneration/re-solve
  [19:09:41] mode=group-reshuffle
    already have this (family + solve result exist) -- skipping regeneration/re-solve
  [19:09:41] mode=constrained-shuffle
    already have this (family + solve result exist) -- skipping regeneration/re-solve
[19:09:41] DONE R02507
[19:09:41] START R02567
  [19:09:41] mode=symmetry
    already have this (family + solve result exist) -- skipping regeneration/re-solve
  [19:09:41] mode=local-mutant
    already have this (family + solve result exist) -- skipping regeneration/re-solve
  [19:09:41] mode=swap
    already have this (family + solve result exist) -- skipping regeneration/re-solve
  [19:09:41] mode=group-reshuffle
    already have this (family + solve result exist) -- skipping regeneration/re-solve
  [19:09:41] mode=constrained-shuffle
    already have this (family + solve result exist) -- skipping regeneration/re-solve
[19:09:41] DONE R02567
[19:09:41] START R02627
  [19:09:41] mode=swap
    already have this (family + solve result exist) -- skipping regeneration/re-solve
  [19:09:41] mode=group-reshuffle
    already have this (family + solve result exist) -- skipping regeneration/re-solve
  [19:09:41] mode=constrained-shuffle
    already have this (family + solve result exist) -- skipping regeneration/re-solve
[19:09:41] DONE R02627
[19:09:41] START R02687
  [19:09:41] mode=symmetry
    already have this (family + solve result exist) -- skipping regeneration/re-solve
  [19:09:41] mode=local-mutant
    already have this (family + solve result exist) -- skipping regeneration/re-solve
  [19:09:41] mode=swap
    already have this (family + solve result exist) -- skipping regeneration/re-solve
  [19:09:41] mode=group-reshuffle
    already have this (family + solve result exist) -- skipping regeneration/re-solve
  [19:09:41] mode=constrained-shuffle
    already have this (family + solve result exist) -- skipping regeneration/re-solve
[19:09:41] DONE R02687
[19:09:41] START R02747
  [19:09:41] mode=swap
    already have this (family + solve result exist) -- skipping regeneration/re-solve
  [19:09:41] mode=group-reshuffle
    already have this (family + solve result exist) -- skipping regeneration/re-solve
  [19:09:41] mode=constrained-shuffle
    already have this (family + solve result exist) -- skipping regeneration/re-solve
[19:09:41] DONE R02747
[19:09:41] START R02807
  [19:09:41] mode=swap
    already have this (family + solve result exist) -- skipping regeneration/re-solve
  [19:09:41] mode=group-reshuffle
    already have this (family + solve result exist) -- skipping regeneration/re-solve
  [19:09:41] mode=constrained-shuffle
    already have this (family + solve result exist) -- skipping regeneration/re-solve
[19:09:41] DONE R02807
[19:09:41] START R02867
  [19:09:41] mode=symmetry
    already have this (family + solve result exist) -- skipping regeneration/re-solve
  [19:09:41] mode=local-mutant
    already have this (family + solve result exist) -- skipping regeneration/re-solve
  [19:09:41] mode=swap
    already have this (family + solve result exist) -- skipping regeneration/re-solve
  [19:09:41] mode=group-reshuffle
    already have this (family + solve result exist) -- skipping regeneration/re-solve
  [19:09:41] mode=constrained-shuffle
    already have this (family + solve result exist) -- skipping regeneration/re-solve
[19:09:41] DONE R02867
[19:09:41] START R02927
  [19:09:41] mode=swap
    already have this (family + solve result exist) -- skipping regeneration/re-solve
  [19:09:41] mode=group-reshuffle
    already have this (family + solve result exist) -- skipping regeneration/re-solve
  [19:09:41] mode=constrained-shuffle
    already have this (family + solve result exist) -- skipping regeneration/re-solve
[19:09:41] DONE R02927
[19:09:41] START R02987
  [19:09:41] mode=swap
    already have this (family + solve result exist) -- skipping regeneration/re-solve
  [19:09:41] mode=group-reshuffle
    already have this (family + solve result exist) -- skipping regeneration/re-solve
  [19:09:41] mode=constrained-shuffle
    already have this (family + solve result exist) -- skipping regeneration/re-solve
[19:09:41] DONE R02987
[19:09:41] START R03047
  [19:09:41] mode=symmetry
    already have this (family + solve result exist) -- skipping regeneration/re-solve
  [19:09:41] mode=local-mutant
    already have this (family + solve result exist) -- skipping regeneration/re-solve
  [19:09:41] mode=swap
    already have this (family + solve result exist) -- skipping regeneration/re-solve
  [19:09:41] mode=group-reshuffle
    already have this (family + solve result exist) -- skipping regeneration/re-solve
  [19:09:41] mode=constrained-shuffle
    already have this (family + solve result exist) -- skipping regeneration/re-solve
[19:09:41] DONE R03047
[19:09:41] START R03107
  [19:09:41] mode=symmetry
    already have this (family + solve result exist) -- skipping regeneration/re-solve
  [19:09:41] mode=local-mutant
    already have this (family + solve result exist) -- skipping regeneration/re-solve
  [19:09:41] mode=swap
    already have this (family + solve result exist) -- skipping regeneration/re-solve
  [19:09:41] mode=group-reshuffle
    already have this (family + solve result exist) -- skipping regeneration/re-solve
  [19:09:41] mode=constrained-shuffle
    already have this (family + solve result exist) -- skipping regeneration/re-solve
[19:09:41] DONE R03107
[19:09:41] START R03167
  [19:09:41] mode=symmetry
    already have this (family + solve result exist) -- skipping regeneration/re-solve
  [19:09:41] mode=local-mutant
    already have this (family + solve result exist) -- skipping regeneration/re-solve
  [19:09:41] mode=swap
    already have this (family + solve result exist) -- skipping regeneration/re-solve
  [19:09:41] mode=group-reshuffle
    already have this (family + solve result exist) -- skipping regeneration/re-solve
  [19:09:41] mode=constrained-shuffle
    already have this (family + solve result exist) -- skipping regeneration/re-solve
[19:09:41] DONE R03167
[19:09:41] START R03227
  [19:09:41] mode=swap
    already have this (family + solve result exist) -- skipping regeneration/re-solve
  [19:09:41] mode=group-reshuffle
    already have this (family + solve result exist) -- skipping regeneration/re-solve
  [19:09:41] mode=constrained-shuffle
    already have this (family + solve result exist) -- skipping regeneration/re-solve
[19:09:41] DONE R03227
[19:09:41] START R03287
  [19:09:41] mode=swap
    already have this (family + solve result exist) -- skipping regeneration/re-solve
  [19:09:41] mode=group-reshuffle
    already have this (family + solve result exist) -- skipping regeneration/re-solve
  [19:09:41] mode=constrained-shuffle
    already have this (family + solve result exist) -- skipping regeneration/re-solve
[19:09:41] DONE R03287
[19:09:41] START R03347
  [19:09:41] mode=swap
    already have this (family + solve result exist) -- skipping regeneration/re-solve
  [19:09:41] mode=group-reshuffle
    already have this (family + solve result exist) -- skipping regeneration/re-solve
  [19:09:41] mode=constrained-shuffle
    already have this (family + solve result exist) -- skipping regeneration/re-solve
[19:09:41] DONE R03347
[19:09:41] SHARD END
