[04:08:44] SHARD START 33 level(s)
[04:08:44] START P00005
  [04:08:44] mode=symmetry
    symmetry: solved=7/7
  [04:08:51] mode=local-mutant
    local-mutant: solved=0/0
  [04:08:51] mode=swap
    swap: solved=0/0
  [04:08:52] mode=group-reshuffle
    group-reshuffle: solved=0/0
  [04:08:53] mode=constrained-shuffle
    constrained-shuffle: solved=0/0
[04:08:54] DONE P00005
[04:08:54] START P00065
  [04:08:54] mode=symmetry
    symmetry: solved=7/7
  [04:09:00] mode=local-mutant
    local-mutant: solved=10/10
  [04:09:06] mode=swap
    swap: solved=0/0
  [04:09:07] mode=group-reshuffle
    group-reshuffle: solved=10/10
  [04:09:15] mode=constrained-shuffle
    constrained-shuffle: solved=10/10
[04:09:23] DONE P00065
[04:09:23] START P00125
  [04:09:23] mode=symmetry
    symmetry: solved=3/3
  [04:09:27] mode=local-mutant
    local-mutant: solved=10/10
  [04:09:35] mode=swap
    swap: solved=0/0
  [04:09:35] mode=group-reshuffle
    group-reshuffle: solved=9/10
  [04:09:52] mode=constrained-shuffle
    constrained-shuffle: solved=10/10
[04:10:03] DONE P00125
[04:10:03] START R00058
  [04:10:03] mode=symmetry
    symmetry: solved=3/7
  [04:10:27] mode=local-mutant
    local-mutant: solved=6/10
  [04:11:01] mode=swap
    swap: solved=4/10
  [04:11:43] mode=group-reshuffle
    group-reshuffle: solved=3/10
  [04:12:30] mode=constrained-shuffle
    constrained-shuffle: solved=4/10
[04:13:19] DONE R00058
[04:13:19] START R01670
  [04:13:19] mode=symmetry
    symmetry: solved=0/7
  [04:13:51] mode=local-mutant
    local-mutant: solved=4/10
  [04:14:29] mode=swap
    swap: solved=1/10
  [04:15:16] mode=group-reshuffle
    group-reshuffle: solved=1/10
  [04:16:01] mode=constrained-shuffle
    constrained-shuffle: solved=4/10
[04:16:36] DONE R01670
[04:16:36] START R00329
  [04:16:36] mode=swap
    swap: solved=0/10
  [04:19:16] mode=group-reshuffle
    group-reshuffle: solved=0/10
  [04:22:01] mode=constrained-shuffle
    constrained-shuffle: solved=0/10
[04:24:44] DONE R00329
[04:24:44] START R00656
  [04:24:44] mode=swap
    swap: solved=0/10
  [04:26:35] mode=group-reshuffle
    group-reshuffle: solved=0/10
  [04:28:22] mode=constrained-shuffle
    constrained-shuffle: solved=0/10
[04:30:12] DONE R00656
[04:30:12] START R01016
  [04:30:12] mode=swap
    swap: solved=0/10
  [04:31:26] mode=group-reshuffle
    group-reshuffle: solved=0/10
  [04:32:48] mode=constrained-shuffle
    constrained-shuffle: solved=0/10
[04:34:08] DONE R01016
[04:34:08] START R01368
  [04:34:08] mode=swap
    swap: solved=0/10
  [04:38:40] mode=group-reshuffle
    group-reshuffle: solved=0/10
  [04:43:09] mode=constrained-shuffle
    constrained-shuffle: solved=0/10
[04:47:40] DONE R01368
[04:47:40] START R01718
  [04:47:40] mode=swap
    swap: solved=0/10
  [04:49:08] mode=group-reshuffle
    group-reshuffle: solved=0/10
  [04:50:34] mode=constrained-shuffle
    constrained-shuffle: solved=0/10
[04:52:03] DONE R01718
[04:52:03] START R02012
  [04:52:03] mode=swap
    swap: solved=0/10
  [04:55:08] mode=group-reshuffle
    group-reshuffle: solved=0/10
  [04:58:03] mode=constrained-shuffle
    constrained-shuffle: solved=1/10
[05:00:51] DONE R02012
[05:00:51] START R02072
  [05:00:51] mode=swap
    swap: solved=0/10
  [05:02:11] mode=group-reshuffle
    group-reshuffle: solved=2/10
  [05:03:28] mode=constrained-shuffle
    constrained-shuffle: solved=0/10
[05:04:52] DONE R02072
[05:04:52] START R02132
  [05:04:52] mode=symmetry
    symmetry: solved=7/7
  [05:06:26] mode=local-mutant
    local-mutant: solved=8/10
  [05:08:51] mode=swap
    swap: solved=10/10
  [05:11:06] mode=group-reshuffle
    group-reshuffle: solved=2/10
  [05:14:05] mode=constrained-shuffle
    constrained-shuffle: solved=1/10
[05:17:12] DONE R02132
[05:17:12] START R02192
  [05:17:12] mode=symmetry
    symmetry: solved=0/7
  [05:18:52] mode=local-mutant
    local-mutant: solved=8/10
  [05:20:05] mode=swap
    swap: solved=10/10
  [05:20:56] mode=group-reshuffle
    group-reshuffle: solved=7/10
  [05:22:09] mode=constrained-shuffle
    constrained-shuffle: solved=10/10
[05:22:34] DONE R02192
[05:22:34] START R02252
  [05:22:34] mode=swap
    swap: solved=4/10
  [05:24:04] mode=group-reshuffle
    group-reshuffle: solved=10/10
  [05:24:49] mode=constrained-shuffle
    constrained-shuffle: solved=8/10
[05:25:50] DONE R02252
[05:25:50] START R02312
  [05:25:50] mode=symmetry
    symmetry: solved=7/7
  [05:26:17] mode=local-mutant
    local-mutant: solved=5/10
  [05:27:08] mode=swap
    swap: solved=10/10
  [05:27:47] mode=group-reshuffle
    group-reshuffle: solved=8/10
  [05:28:25] mode=constrained-shuffle
    constrained-shuffle: solved=6/10
[05:29:05] DONE R02312
[05:29:05] START R02372
  [05:29:05] mode=symmetry
    symmetry: solved=7/7
  [05:29:12] mode=local-mutant
    local-mutant: solved=10/10
  [05:29:21] mode=swap
    swap: solved=10/10
  [05:29:31] mode=group-reshuffle
    group-reshuffle: solved=10/10
  [05:29:40] mode=constrained-shuffle
    constrained-shuffle: solved=10/10
[05:29:51] DONE R02372
[05:29:51] START R02432
  [05:29:51] mode=swap
    swap: solved=0/10
  [05:32:00] mode=group-reshuffle
    group-reshuffle: solved=0/10
  [05:34:20] mode=constrained-shuffle
    constrained-shuffle: solved=5/10
[05:35:49] DONE R02432
[05:35:49] START R02492
  [05:35:49] mode=symmetry
    symmetry: solved=6/7
  [05:36:14] mode=local-mutant
    local-mutant: solved=10/10
  [05:36:46] mode=swap
    swap: solved=0/0
  [05:36:47] mode=group-reshuffle
    group-reshuffle: solved=8/10
  [05:37:21] mode=constrained-shuffle
    constrained-shuffle: solved=6/10
[05:38:05] DONE R02492
[05:38:05] START R02552
  [05:38:05] mode=swap
    swap: solved=0/10
  [05:39:49] mode=group-reshuffle
    group-reshuffle: solved=1/10
  [05:41:24] mode=constrained-shuffle
    constrained-shuffle: solved=4/10
[05:42:40] DONE R02552
[05:42:40] START R02612
  [05:42:40] mode=swap
    swap: solved=0/10
  [05:44:52] mode=group-reshuffle
    group-reshuffle: solved=1/10
  [05:46:53] mode=constrained-shuffle
    constrained-shuffle: solved=1/10
[05:48:54] DONE R02612
[05:48:54] START R02672
  [05:48:54] mode=symmetry
    symmetry: solved=1/7
  [05:49:54] mode=local-mutant
    local-mutant: solved=4/10
  [05:51:11] mode=swap
    swap: solved=4/10
  [05:52:30] mode=group-reshuffle
    group-reshuffle: solved=2/10
  [05:54:13] mode=constrained-shuffle
    constrained-shuffle: solved=2/10
[05:55:57] DONE R02672
[05:55:57] START R02732
  [05:55:57] mode=symmetry
    symmetry: solved=7/7
  [05:56:29] mode=local-mutant
    local-mutant: solved=1/10
  [05:57:17] mode=swap
    swap: solved=10/10
  [05:58:00] mode=group-reshuffle
    group-reshuffle: solved=5/10
  [05:58:46] mode=constrained-shuffle
    constrained-shuffle: solved=2/10
[05:59:36] DONE R02732
[05:59:36] START R02792
  [05:59:36] mode=swap
    swap: solved=0/10
  [06:00:32] mode=group-reshuffle
    group-reshuffle: solved=0/10
  [06:01:27] mode=constrained-shuffle
    constrained-shuffle: solved=0/10
[06:02:22] DONE R02792
[06:02:22] START R02852
  [06:02:22] mode=swap
    swap: solved=2/10
  [06:04:03] mode=group-reshuffle
    group-reshuffle: solved=1/10
  [06:05:57] mode=constrained-shuffle
    constrained-shuffle: solved=2/10
[06:07:35] DONE R02852
[06:07:35] START R02912
  [06:07:35] mode=swap
    swap: solved=2/10
  [06:09:52] mode=group-reshuffle
    group-reshuffle: solved=3/10
  [06:11:56] mode=constrained-shuffle
    constrained-shuffle: solved=1/10
[06:14:21] DONE R02912
[06:14:21] START R02972
  [06:14:21] mode=symmetry
    symmetry: solved=7/7
  [06:14:40] mode=local-mutant
    local-mutant: solved=10/10
  [06:15:15] mode=swap
    swap: solved=10/10
  [06:15:38] mode=group-reshuffle
    group-reshuffle: solved=5/10
  [06:17:14] mode=constrained-shuffle
    constrained-shuffle: solved=4/10
[06:18:49] DONE R02972
[06:18:49] START R03032
  [06:18:49] mode=swap
    swap: solved=0/10
  [06:20:05] mode=group-reshuffle
    group-reshuffle: solved=0/10
  [06:21:15] mode=constrained-shuffle
    constrained-shuffle: solved=0/10
[06:22:26] DONE R03032
[06:22:26] START R03092
  [06:22:26] mode=swap
    swap: solved=0/10
  [06:23:10] mode=group-reshuffle
    group-reshuffle: solved=2/10
  [06:23:52] mode=constrained-shuffle
    constrained-shuffle: solved=1/10
[06:24:34] DONE R03092
[06:24:34] START R03152
  [06:24:34] mode=swap
    swap: solved=0/10
  [06:26:45] mode=group-reshuffle
    group-reshuffle: solved=0/10
  [06:29:06] mode=constrained-shuffle
    constrained-shuffle: solved=0/10
[06:31:20] DONE R03152
[06:31:20] START R03212
  [06:31:20] mode=swap
    swap: solved=0/10
  [06:32:39] mode=group-reshuffle
    group-reshuffle: solved=0/10
  [06:33:58] mode=constrained-shuffle
    constrained-shuffle: solved=0/10
[06:35:14] DONE R03212
[06:35:14] START R03272
  [06:35:14] mode=symmetry
    symmetry: solved=7/7
  [06:35:23] mode=local-mutant
    local-mutant: solved=10/10
  [06:35:35] mode=swap
    swap: solved=10/10
  [06:35:46] mode=group-reshuffle
    group-reshuffle: solved=10/10
  [06:35:57] mode=constrained-shuffle
    constrained-shuffle: solved=10/10
[06:36:06] DONE R03272
[06:36:06] START R03332
  [06:36:06] mode=swap
    swap: solved=0/10
  [06:40:22] mode=group-reshuffle
    group-reshuffle: solved=0/10
  [06:44:23] mode=constrained-shuffle
    constrained-shuffle: solved=0/10
[06:48:32] DONE R03332
[06:48:32] SHARD END
