[07:22:08] SHARD START 32 level(s)
[07:22:08] START P00052
  [07:22:08] mode=symmetry
    symmetry: solved=7/7
  [07:22:14] mode=local-mutant
    local-mutant: solved=10/10
  [07:22:20] mode=swap
    swap: solved=10/10
  [07:22:27] mode=group-reshuffle
    group-reshuffle: solved=10/10
  [07:22:32] mode=constrained-shuffle
    constrained-shuffle: solved=10/10
[07:22:36] DONE P00052
[07:22:36] START P00112
  [07:22:36] mode=symmetry
    symmetry: solved=7/7
  [07:22:40] mode=local-mutant
    local-mutant: solved=10/10
  [07:22:45] mode=swap
    swap: solved=0/0
  [07:22:46] mode=group-reshuffle
    group-reshuffle: solved=10/10
  [07:22:52] mode=constrained-shuffle
    constrained-shuffle: solved=10/10
[07:22:58] DONE P00112
[07:22:58] START S00095
  [07:22:58] mode=symmetry
    symmetry: solved=7/7
  [07:23:08] mode=local-mutant
    local-mutant: solved=10/10
  [07:23:23] mode=swap
    swap: solved=0/0
  [07:23:24] mode=group-reshuffle
    group-reshuffle: solved=10/10
  [07:23:40] mode=constrained-shuffle
    constrained-shuffle: solved=10/10
[07:23:56] DONE S00095
[07:23:56] START R01299
  [07:23:56] mode=symmetry
    symmetry: solved=7/7
  [07:24:09] mode=local-mutant
    local-mutant: solved=10/10
  [07:24:25] mode=swap
    swap: solved=10/10
  [07:24:42] mode=group-reshuffle
    group-reshuffle: solved=6/10
  [07:25:30] mode=constrained-shuffle
    constrained-shuffle: solved=9/10
[07:26:04] DONE R01299
[07:26:04] START R00239
  [07:26:04] mode=swap
    swap: solved=1/10
  [07:29:25] mode=group-reshuffle
    group-reshuffle: solved=6/10
  [07:31:50] mode=constrained-shuffle
    constrained-shuffle: solved=5/10
[07:34:36] DONE R00239
[07:34:36] START R00592
  [07:34:36] mode=swap
    swap: solved=3/10
  [07:36:05] mode=group-reshuffle
    group-reshuffle: solved=0/10
  [07:37:55] mode=constrained-shuffle
    constrained-shuffle: solved=3/10
[07:39:25] DONE R00592
[07:39:25] START R00970
  [07:39:25] mode=symmetry
    symmetry: solved=6/7
  [07:39:57] mode=local-mutant
    local-mutant: solved=10/10
  [07:40:19] mode=swap
    swap: solved=6/10
  [07:41:15] mode=group-reshuffle
    group-reshuffle: solved=6/10
  [07:42:15] mode=constrained-shuffle
    constrained-shuffle: solved=10/10
[07:42:38] DONE R00970
[07:42:38] START R01274
  [07:42:38] mode=swap
    swap: solved=0/10
  [07:46:36] mode=group-reshuffle
    group-reshuffle: solved=0/10
  [07:50:40] mode=constrained-shuffle
    constrained-shuffle: solved=0/10
[07:54:48] DONE R01274
[07:54:48] START R01633
  [07:54:48] mode=symmetry
    symmetry: solved=7/7
  [07:55:59] mode=local-mutant
    local-mutant: solved=10/10
  [07:57:26] mode=swap
    swap: solved=10/10
  [07:59:14] mode=group-reshuffle
    group-reshuffle: solved=4/10
  [08:01:48] mode=constrained-shuffle
    constrained-shuffle: solved=9/10
[08:02:53] DONE R01633
[08:02:53] START R01999
  [08:02:53] mode=swap
    swap: solved=0/10
  [08:05:40] mode=group-reshuffle
    group-reshuffle: solved=2/10
  [08:07:55] mode=constrained-shuffle
    constrained-shuffle: solved=2/10
[08:10:14] DONE R01999
[08:10:14] START R02059
  [08:10:14] mode=swap
    swap: solved=0/10
  [08:11:12] mode=group-reshuffle
    group-reshuffle: solved=0/10
  [08:12:06] mode=constrained-shuffle
    constrained-shuffle: solved=0/10
[08:13:03] DONE R02059
[08:13:03] START R02119
  [08:13:03] mode=symmetry
    symmetry: solved=7/7
  [08:13:39] mode=local-mutant
    local-mutant: solved=8/10
  [08:14:45] mode=swap
    swap: solved=8/10
  [08:15:46] mode=group-reshuffle
    group-reshuffle: solved=8/10
  [08:16:51] mode=constrained-shuffle
    constrained-shuffle: solved=8/10
[08:17:49] DONE R02119
[08:17:49] START R02179
  [08:17:49] mode=swap
    swap: solved=0/10
  [08:20:44] mode=group-reshuffle
    group-reshuffle: solved=5/10
  [08:22:38] mode=constrained-shuffle
    constrained-shuffle: solved=6/10
[08:24:27] DONE R02179
[08:24:27] START R02239
  [08:24:27] mode=symmetry
    symmetry: solved=7/7
  [08:24:50] mode=local-mutant
    local-mutant: solved=7/10
  [08:25:54] mode=swap
    swap: solved=10/10
  [08:26:43] mode=group-reshuffle
    group-reshuffle: solved=10/10
  [08:27:13] mode=constrained-shuffle
    constrained-shuffle: solved=7/10
[08:28:40] DONE R02239
[08:28:40] START R02299
  [08:28:40] mode=swap
    swap: solved=0/10
  [08:30:53] mode=group-reshuffle
    group-reshuffle: solved=2/10
  [08:32:38] mode=constrained-shuffle
    constrained-shuffle: solved=2/10
[08:34:19] DONE R02299
[08:34:19] START R02359
  [08:34:19] mode=swap
    swap: solved=0/10
  [08:36:18] mode=group-reshuffle
    group-reshuffle: solved=1/10
  [08:38:19] mode=constrained-shuffle
    constrained-shuffle: solved=0/10
[08:40:23] DONE R02359
[08:40:23] START R02419
  [08:40:23] mode=swap
    swap: solved=0/10
  [08:43:18] mode=group-reshuffle
    group-reshuffle: solved=0/10
  [08:46:15] mode=constrained-shuffle
    constrained-shuffle: solved=1/10
[08:48:57] DONE R02419
[08:48:57] START R02479
  [08:48:57] mode=swap
    swap: solved=0/6
  [08:50:28] mode=group-reshuffle
    group-reshuffle: solved=8/10
  [08:51:55] mode=constrained-shuffle
    constrained-shuffle: solved=6/10
[08:53:29] DONE R02479
[08:53:29] START R02539
  [08:53:29] mode=swap
    swap: solved=0/10
  [08:58:37] mode=group-reshuffle
    group-reshuffle: solved=3/10
  [09:02:53] mode=constrained-shuffle
    constrained-shuffle: solved=1/10
[09:07:51] DONE R02539
[09:07:51] START R02599
  [09:07:51] mode=symmetry
    symmetry: solved=7/7
  [09:07:57] mode=local-mutant
    local-mutant: solved=10/10
  [09:08:08] mode=swap
    swap: solved=10/10
  [09:08:17] mode=group-reshuffle
    group-reshuffle: solved=10/10
  [09:08:30] mode=constrained-shuffle
    constrained-shuffle: solved=8/10
[09:08:58] DONE R02599
[09:08:58] START R02659
  [09:08:58] mode=swap
    swap: solved=0/10
  [09:12:18] mode=group-reshuffle
    group-reshuffle: solved=3/10
  [09:15:28] mode=constrained-shuffle
    constrained-shuffle: solved=0/10
[09:18:48] DONE R02659
[09:18:48] START R02719
  [09:18:48] mode=swap
    swap: solved=0/10
  [09:22:53] mode=group-reshuffle
    group-reshuffle: solved=0/10
  [09:26:54] mode=constrained-shuffle
    constrained-shuffle: solved=0/10
[09:30:56] DONE R02719
[09:30:56] START R02779
  [09:30:56] mode=swap
    swap: solved=1/10
  [09:34:17] mode=group-reshuffle
    group-reshuffle: solved=4/10
  [09:36:24] mode=constrained-shuffle
    constrained-shuffle: solved=7/10
[09:37:34] DONE R02779
[09:37:34] START R02839
  [09:37:34] mode=swap
    swap: solved=0/10
  [09:38:34] mode=group-reshuffle
    group-reshuffle: solved=0/10
  [09:39:34] mode=constrained-shuffle
    constrained-shuffle: solved=0/10
[09:40:38] DONE R02839
[09:40:38] START R02899
  [09:40:38] mode=swap
    swap: solved=0/10
  [09:41:54] mode=group-reshuffle
    group-reshuffle: solved=0/10
  [09:43:17] mode=constrained-shuffle
    constrained-shuffle: solved=0/10
[09:44:36] DONE R02899
[09:44:36] START R02959
  [09:44:36] mode=symmetry
    symmetry: solved=7/7
  [09:45:07] mode=local-mutant
    local-mutant: solved=9/10
  [09:45:49] mode=swap
    swap: solved=10/10
  [09:46:34] mode=group-reshuffle
    group-reshuffle: solved=10/10
  [09:47:07] mode=constrained-shuffle
    constrained-shuffle: solved=6/10
[09:47:52] DONE R02959
[09:47:52] START R03019
  [09:47:52] mode=swap
    swap: solved=0/10
  [09:50:23] mode=group-reshuffle
    group-reshuffle: solved=0/10
  [09:52:53] mode=constrained-shuffle
    constrained-shuffle: solved=3/10
[09:55:20] DONE R03019
[09:55:20] START R03079
  [09:55:20] mode=swap
    swap: solved=2/10
  [09:56:35] mode=group-reshuffle
    group-reshuffle: solved=6/10
  [09:57:37] mode=constrained-shuffle
    constrained-shuffle: solved=8/10
[09:58:27] DONE R03079
[09:58:27] START R03139
  [09:58:27] mode=symmetry
    symmetry: solved=7/7
  [09:59:33] mode=local-mutant
    local-mutant: solved=10/10
  [10:01:04] mode=swap
    swap: solved=10/10
  [10:02:35] mode=group-reshuffle
    group-reshuffle: solved=4/10
  [10:05:11] mode=constrained-shuffle
    constrained-shuffle: solved=4/10
[10:07:55] DONE R03139
[10:07:55] START R03199
  [10:07:55] mode=swap
    swap: solved=0/10
  [10:09:59] mode=group-reshuffle
    group-reshuffle: solved=0/10
  [10:11:58] mode=constrained-shuffle
    constrained-shuffle: solved=0/10
[10:13:51] DONE R03199
[10:13:51] START R03259
  [10:13:51] mode=swap
    swap: solved=0/10
  [10:15:32] mode=group-reshuffle
    group-reshuffle: solved=1/10
  [10:17:16] mode=constrained-shuffle
    constrained-shuffle: solved=0/10
[10:19:00] DONE R03259
[10:19:00] START R03319
  [10:19:00] mode=symmetry
    symmetry: solved=7/7
  [10:19:17] mode=local-mutant
    local-mutant: solved=10/10
  [10:19:41] mode=swap
    swap: solved=9/10
  [10:20:14] mode=group-reshuffle
    group-reshuffle: solved=7/10
  [10:20:56] mode=constrained-shuffle
    constrained-shuffle: solved=9/10
[10:21:32] DONE R03319
[10:21:32] SHARD END
