[04:11:29] SHARD START 33 level(s)
[04:11:29] START P00007
  [04:11:29] mode=symmetry
    symmetry: solved=7/7
  [04:11:33] mode=local-mutant
    generate produced 0 variants (no file written) -- skipping solve/hint-workbench
  [04:11:33] mode=swap
    swap: solved=0/0
  [04:11:34] mode=constrained-shuffle
    constrained-shuffle: solved=0/0
[04:11:35] DONE P00007
[04:11:35] START P00067
  [04:11:35] mode=symmetry
    symmetry: solved=7/7
  [04:11:42] mode=local-mutant
    local-mutant: solved=10/10
  [04:11:51] mode=swap
    swap: solved=0/0
  [04:11:51] mode=group-reshuffle
    group-reshuffle: solved=10/10
  [04:12:01] mode=constrained-shuffle
    constrained-shuffle: solved=10/10
[04:12:10] DONE P00067
[04:12:10] START P00127
  [04:12:10] mode=symmetry
    symmetry: solved=7/7
  [04:12:13] mode=local-mutant
    local-mutant: solved=10/10
  [04:12:18] mode=swap
    swap: solved=0/0
  [04:12:19] mode=group-reshuffle
    group-reshuffle: solved=10/10
  [04:12:24] mode=constrained-shuffle
    constrained-shuffle: solved=10/10
[04:12:29] DONE P00127
[04:12:29] START R00064
  [04:12:29] mode=symmetry
    symmetry: solved=7/7
  [04:12:42] mode=local-mutant
    local-mutant: solved=9/10
  [04:13:19] mode=swap
    swap: solved=10/10
  [04:13:32] mode=group-reshuffle
    group-reshuffle: solved=6/10
  [04:14:40] mode=constrained-shuffle
    constrained-shuffle: solved=3/10
[04:16:22] DONE R00064
[04:16:22] START R01675
  [04:16:22] mode=symmetry
    symmetry: solved=2/7
  [04:17:29] mode=local-mutant
    local-mutant: solved=2/10
  [04:19:09] mode=swap
    swap: solved=4/10
  [04:20:43] mode=group-reshuffle
    group-reshuffle: solved=1/10
  [04:22:32] mode=constrained-shuffle
    constrained-shuffle: solved=4/10
[04:23:56] DONE R01675
[04:23:56] START R00342
  [04:23:56] mode=symmetry
    symmetry: solved=2/7
  [04:25:36] mode=local-mutant
    local-mutant: solved=1/10
  [04:28:23] mode=swap
    swap: solved=0/5
  [04:30:01] mode=group-reshuffle
    group-reshuffle: solved=4/10
  [04:31:52] mode=constrained-shuffle
    constrained-shuffle: solved=0/10
[04:34:46] DONE R00342
[04:34:46] START R00682
  [04:34:46] mode=swap
    swap: solved=0/10
  [04:37:52] mode=group-reshuffle
    group-reshuffle: solved=0/10
  [04:40:55] mode=constrained-shuffle
    constrained-shuffle: solved=0/10
[04:44:09] DONE R00682
[04:44:09] START R01020
  [04:44:09] mode=swap
    swap: solved=0/10
  [04:45:30] mode=group-reshuffle
    group-reshuffle: solved=3/10
  [04:46:31] mode=constrained-shuffle
    constrained-shuffle: solved=1/10
[04:47:41] DONE R01020
[04:47:41] START R01380
  [04:47:41] mode=swap
    swap: solved=0/10
  [04:49:57] mode=group-reshuffle
    group-reshuffle: solved=0/10
  [04:52:12] mode=constrained-shuffle
    constrained-shuffle: solved=0/10
[04:54:25] DONE R01380
[04:54:25] START R01723
  [04:54:25] mode=swap
    swap: solved=9/10
  [04:55:06] mode=group-reshuffle
    group-reshuffle: solved=9/10
  [04:55:49] mode=constrained-shuffle
    constrained-shuffle: solved=9/10
[04:56:35] DONE R01723
[04:56:35] START R02014
  [04:56:35] mode=symmetry
    symmetry: solved=4/7
  [04:57:21] mode=local-mutant
    local-mutant: solved=10/10
  [04:58:01] mode=swap
    swap: solved=9/10
  [04:58:46] mode=group-reshuffle
    group-reshuffle: solved=10/10
  [04:59:07] mode=constrained-shuffle
    constrained-shuffle: solved=9/10
[04:59:47] DONE R02014
[04:59:47] START R02074
  [04:59:47] mode=swap
    swap: solved=0/10
  [05:04:57] mode=group-reshuffle
    group-reshuffle: solved=0/10
  [05:10:14] mode=constrained-shuffle
    constrained-shuffle: solved=0/10
[05:15:26] DONE R02074
[05:15:26] START R02134
  [05:15:26] mode=swap
    swap: solved=0/10
  [05:17:19] mode=group-reshuffle
    group-reshuffle: solved=0/10
  [05:18:54] mode=constrained-shuffle
    constrained-shuffle: solved=0/10
[05:20:29] DONE R02134
[05:20:29] START R02194
  [05:20:29] mode=swap
    swap: solved=1/10
  [05:22:43] mode=group-reshuffle
    group-reshuffle: solved=2/10
  [05:24:47] mode=constrained-shuffle
    constrained-shuffle: solved=5/10
[05:26:31] DONE R02194
[05:26:31] START R02254
  [05:26:31] mode=swap
    swap: solved=1/10
  [05:27:28] mode=group-reshuffle
    group-reshuffle: solved=2/10
  [05:28:23] mode=constrained-shuffle
    constrained-shuffle: solved=2/10
[05:29:20] DONE R02254
[05:29:20] START R02314
  [05:29:20] mode=symmetry
    symmetry: solved=2/7
  [05:31:11] mode=local-mutant
    local-mutant: solved=5/10
  [05:33:43] mode=swap
    swap: solved=7/10
  [05:35:52] mode=group-reshuffle
    group-reshuffle: solved=2/10
  [05:38:48] mode=constrained-shuffle
    constrained-shuffle: solved=2/10
[05:41:44] DONE R02314
[05:41:44] START R02374
  [05:41:44] mode=symmetry
    symmetry: solved=7/7
  [05:42:48] mode=local-mutant
    local-mutant: solved=10/10
  [05:43:35] mode=swap
    swap: solved=10/10
  [05:44:37] mode=group-reshuffle
    group-reshuffle: solved=9/10
  [05:45:42] mode=constrained-shuffle
    constrained-shuffle: solved=7/10
[05:47:11] DONE R02374
[05:47:11] START R02434
  [05:47:11] mode=swap
    swap: solved=0/10
  [05:48:33] mode=group-reshuffle
    group-reshuffle: solved=0/10
  [05:49:38] mode=constrained-shuffle
    constrained-shuffle: solved=1/10
[05:50:45] DONE R02434
[05:50:45] START R02494
  [05:50:45] mode=swap
    swap: solved=0/10
  [05:53:05] mode=group-reshuffle
    group-reshuffle: solved=1/10
  [05:55:25] mode=constrained-shuffle
    constrained-shuffle: solved=1/10
[05:57:42] DONE R02494
[05:57:42] START R02554
  [05:57:42] mode=symmetry
    symmetry: solved=7/7
  [05:57:59] mode=local-mutant
    local-mutant: solved=10/10
  [05:58:24] mode=swap
    swap: solved=10/10
  [05:58:47] mode=group-reshuffle
    group-reshuffle: solved=10/10
  [05:59:08] mode=constrained-shuffle
    constrained-shuffle: solved=5/10
[06:00:18] DONE R02554
[06:00:18] START R02614
  [06:00:18] mode=swap
    swap: solved=0/9
  [06:02:05] mode=group-reshuffle
    group-reshuffle: solved=0/10
  [06:03:55] mode=constrained-shuffle
    constrained-shuffle: solved=0/10
[06:05:39] DONE R02614
[06:05:39] START R02674
  [06:05:39] mode=symmetry
    symmetry: solved=7/7
  [06:05:47] mode=local-mutant
    local-mutant: solved=10/10
  [06:05:59] mode=swap
    swap: solved=10/10
  [06:06:11] mode=group-reshuffle
    group-reshuffle: solved=10/10
  [06:06:22] mode=constrained-shuffle
    constrained-shuffle: solved=10/10
[06:06:32] DONE R02674
[06:06:32] START R02734
  [06:06:32] mode=swap
    swap: solved=0/10
  [06:07:35] mode=group-reshuffle
    group-reshuffle: solved=2/10
  [06:08:34] mode=constrained-shuffle
    constrained-shuffle: solved=7/10
[06:09:12] DONE R02734
[06:09:12] START R02794
  [06:09:12] mode=swap
    swap: solved=0/10
  [06:10:25] mode=group-reshuffle
    group-reshuffle: solved=0/10
  [06:11:34] mode=constrained-shuffle
    constrained-shuffle: solved=0/10
[06:12:47] DONE R02794
[06:12:47] START R02854
  [06:12:47] mode=swap
    swap: solved=0/10
  [06:14:32] mode=group-reshuffle
    group-reshuffle: solved=2/10
  [06:16:08] mode=constrained-shuffle
    constrained-shuffle: solved=1/10
[06:18:00] DONE R02854
[06:18:00] START R02914
  [06:18:00] mode=symmetry
    symmetry: solved=7/7
  [06:18:25] mode=local-mutant
    local-mutant: solved=5/10
  [06:19:05] mode=swap
    swap: solved=7/10
  [06:19:45] mode=group-reshuffle
    group-reshuffle: solved=2/10
  [06:20:34] mode=constrained-shuffle
    constrained-shuffle: solved=0/10
[06:21:24] DONE R02914
[06:21:24] START R02974
  [06:21:24] mode=swap
    swap: solved=1/10
  [06:23:16] mode=group-reshuffle
    group-reshuffle: solved=1/10
  [06:25:06] mode=constrained-shuffle
    constrained-shuffle: solved=3/10
[06:26:49] DONE R02974
[06:26:49] START R03034
  [06:26:49] mode=symmetry
    symmetry: solved=0/7
  [06:29:41] mode=local-mutant
    local-mutant: solved=0/10
  [06:33:35] mode=swap
    swap: solved=1/10
  [06:37:30] mode=group-reshuffle
    group-reshuffle: solved=0/10
  [06:41:12] mode=constrained-shuffle
    constrained-shuffle: solved=0/10
[06:44:58] DONE R03034
[06:44:58] START R03094
  [06:44:58] mode=swap
    swap: solved=0/10
  [06:48:51] mode=group-reshuffle
    group-reshuffle: solved=0/10
  [06:52:55] mode=constrained-shuffle
    constrained-shuffle: solved=0/10
[06:56:44] DONE R03094
[06:56:44] START R03154
  [06:56:44] mode=symmetry
    symmetry: solved=7/7
  [06:58:22] mode=local-mutant
    local-mutant: solved=9/10
  [07:00:49] mode=swap
    swap: solved=10/10
  [07:03:03] mode=group-reshuffle
    group-reshuffle: solved=9/10
  [07:05:29] mode=constrained-shuffle
    constrained-shuffle: solved=9/10
[07:07:56] DONE R03154
[07:07:56] START R03214
  [07:07:56] mode=symmetry
    symmetry: solved=7/7
  [07:08:12] mode=local-mutant
    local-mutant: solved=10/10
  [07:08:32] mode=swap
    swap: solved=10/10
  [07:08:50] mode=group-reshuffle
    group-reshuffle: solved=10/10
  [07:09:12] mode=constrained-shuffle
    constrained-shuffle: solved=10/10
[07:09:31] DONE R03214
[07:09:31] START R03274
  [07:09:31] mode=swap
    swap: solved=0/10
  [07:12:03] mode=group-reshuffle
    group-reshuffle: solved=0/10
  [07:14:02] mode=constrained-shuffle
    constrained-shuffle: solved=0/10
[07:16:03] DONE R03274
[07:16:03] START R03334
  [07:16:03] mode=swap
    swap: solved=0/10
  [07:17:48] mode=group-reshuffle
    group-reshuffle: solved=0/0
  [07:17:50] mode=constrained-shuffle
    constrained-shuffle: solved=0/10
[07:19:22] DONE R03334
[07:19:22] SHARD END
