[11:28:41] SHARD START 32 level(s)
[11:28:41] START P00055
  [11:28:41] mode=symmetry
    symmetry: solved=7/7
  [11:28:47] mode=local-mutant
    local-mutant: solved=10/10
  [11:28:56] mode=swap
    swap: solved=0/0
  [11:28:57] mode=group-reshuffle
    group-reshuffle: solved=10/10
  [11:29:04] mode=constrained-shuffle
    constrained-shuffle: solved=10/10
[11:29:12] DONE P00055
[11:29:12] START P00115
  [11:29:12] mode=symmetry
    symmetry: solved=3/3
  [11:29:17] mode=local-mutant
    local-mutant: solved=10/10
  [11:29:28] mode=swap
    swap: solved=0/0
  [11:29:29] mode=group-reshuffle
    group-reshuffle: solved=10/10
  [11:29:38] mode=constrained-shuffle
    constrained-shuffle: solved=10/10
[11:29:47] DONE P00115
[11:29:47] START S00107
  [11:29:47] mode=symmetry
    symmetry: solved=7/7
  [11:29:53] mode=local-mutant
    local-mutant: solved=10/10
  [11:30:00] mode=swap
    swap: solved=0/0
  [11:30:01] mode=group-reshuffle
    group-reshuffle: solved=10/10
  [11:30:07] mode=constrained-shuffle
    constrained-shuffle: solved=10/10
[11:30:16] DONE S00107
[11:30:16] START R01407
  [11:30:16] mode=symmetry
    symmetry: solved=2/7
  [11:31:33] mode=local-mutant
    local-mutant: solved=2/10
  [11:33:28] mode=swap
    swap: solved=6/10
  [11:34:44] mode=group-reshuffle
    group-reshuffle: solved=0/10
  [11:36:52] mode=constrained-shuffle
    constrained-shuffle: solved=2/10
[11:38:36] DONE R01407
[11:38:36] START R00274
  [11:38:36] mode=symmetry
    symmetry: solved=0/7
  [11:40:13] mode=local-mutant
    local-mutant: solved=0/10
  [11:42:41] mode=swap
    swap: solved=0/10
  [11:45:00] mode=group-reshuffle
    group-reshuffle: solved=0/10
  [11:47:23] mode=constrained-shuffle
    constrained-shuffle: solved=0/10
[11:49:51] DONE R00274
[11:49:51] START R00597
  [11:49:51] mode=symmetry
    symmetry: solved=7/7
  [11:50:08] mode=local-mutant
    local-mutant: solved=10/10
  [11:50:30] mode=swap
    swap: solved=10/10
  [11:50:54] mode=group-reshuffle
    group-reshuffle: solved=8/10
  [11:51:33] mode=constrained-shuffle
    constrained-shuffle: solved=9/10
[11:52:07] DONE R00597
[11:52:07] START R00977
  [11:52:07] mode=symmetry
    symmetry: solved=7/7
  [11:52:38] mode=local-mutant
    local-mutant: solved=9/10
  [11:53:28] mode=swap
    swap: solved=10/10
  [11:53:59] mode=group-reshuffle
    group-reshuffle: solved=10/10
  [11:54:20] mode=constrained-shuffle
    constrained-shuffle: solved=10/10
[11:54:44] DONE R00977
[11:54:44] START R01316
  [11:54:44] mode=symmetry
    symmetry: solved=7/7
  [11:55:30] mode=local-mutant
    local-mutant: solved=9/10
  [11:56:52] mode=swap
    swap: solved=10/10
  [11:57:52] mode=group-reshuffle
    group-reshuffle: solved=10/10
  [11:58:55] mode=constrained-shuffle
    constrained-shuffle: solved=8/10
[12:00:28] DONE R01316
[12:00:28] START R01652
  [12:00:28] mode=swap
    swap: solved=0/10
  [12:01:32] mode=group-reshuffle
    group-reshuffle: solved=0/10
  [12:02:34] mode=constrained-shuffle
    constrained-shuffle: solved=0/10
[12:03:33] DONE R01652
[12:03:33] START R02002
  [12:03:33] mode=swap
    swap: solved=0/10
  [12:05:08] mode=group-reshuffle
    group-reshuffle: solved=3/10
  [12:06:18] mode=constrained-shuffle
    constrained-shuffle: solved=7/10
[12:07:01] DONE R02002
[12:07:01] START R02062
  [12:07:01] mode=symmetry
    symmetry: solved=7/7
  [12:08:48] mode=local-mutant
    local-mutant: solved=7/10
  [12:11:42] mode=swap
    swap: solved=10/10
  [12:14:35] mode=group-reshuffle
    group-reshuffle: solved=7/10
  [12:17:28] mode=constrained-shuffle
    constrained-shuffle: solved=2/10
[12:20:49] DONE R02062
[12:20:49] START R02122
  [12:20:49] mode=symmetry
    symmetry: solved=7/7
  [12:21:06] mode=local-mutant
    local-mutant: solved=9/10
  [12:21:32] mode=swap
    swap: solved=10/10
  [12:21:47] mode=group-reshuffle
    group-reshuffle: solved=10/10
  [12:22:08] mode=constrained-shuffle
    constrained-shuffle: solved=9/10
[12:22:36] DONE R02122
[12:22:36] START R02182
  [12:22:36] mode=swap
    swap: solved=0/10
  [12:25:32] mode=group-reshuffle
    group-reshuffle: solved=1/10
  [12:28:17] mode=constrained-shuffle
    constrained-shuffle: solved=1/10
[12:30:56] DONE R02182
[12:30:56] START R02242
  [12:30:56] mode=swap
    swap: solved=2/10
  [12:31:59] mode=group-reshuffle
    group-reshuffle: solved=5/10
  [12:32:58] mode=constrained-shuffle
    constrained-shuffle: solved=2/10
[12:34:23] DONE R02242
[12:34:23] START R02302
  [12:34:23] mode=symmetry
    symmetry: solved=7/7
  [12:34:36] mode=local-mutant
    local-mutant: solved=10/10
  [12:34:50] mode=swap
    swap: solved=9/10
  [12:35:25] mode=group-reshuffle
    group-reshuffle: solved=5/10
  [12:36:39] mode=constrained-shuffle
    constrained-shuffle: solved=4/10
[12:38:06] DONE R02302
[12:38:06] START R02362
  [12:38:06] mode=swap
    swap: solved=0/10
  [12:38:42] mode=group-reshuffle
    group-reshuffle: solved=4/10
  [12:39:13] mode=constrained-shuffle
    constrained-shuffle: solved=5/10
[12:39:42] DONE R02362
[12:39:42] START R02422
  [12:39:42] mode=symmetry
    symmetry: solved=7/7
  [12:40:21] mode=local-mutant
    local-mutant: solved=4/10
  [12:42:21] mode=swap
    swap: solved=4/10
  [12:44:19] mode=group-reshuffle
    group-reshuffle: solved=1/10
  [12:46:53] mode=constrained-shuffle
    constrained-shuffle: solved=6/10
[12:48:47] DONE R02422
[12:48:47] START R02482
  [12:48:47] mode=symmetry
    symmetry: solved=7/7
  [12:49:02] mode=local-mutant
    local-mutant: solved=10/10
  [12:49:23] mode=swap
    swap: solved=10/10
  [12:49:44] mode=group-reshuffle
    group-reshuffle: solved=10/10
  [12:50:01] mode=constrained-shuffle
    constrained-shuffle: solved=10/10
[12:50:18] DONE R02482
[12:50:18] START R02542
  [12:50:18] mode=symmetry
    symmetry: solved=3/7
  [12:50:57] mode=local-mutant
    local-mutant: solved=7/10
  [12:51:43] mode=swap
    swap: solved=10/10
  [12:52:14] mode=group-reshuffle
    group-reshuffle: solved=10/10
  [12:52:45] mode=constrained-shuffle
    constrained-shuffle: solved=6/10
[12:53:37] DONE R02542
[12:53:37] START R02602
  [12:53:37] mode=swap
    swap: solved=2/10
  [12:54:43] mode=group-reshuffle
    group-reshuffle: solved=4/10
  [12:55:35] mode=constrained-shuffle
    constrained-shuffle: solved=0/10
[12:56:39] DONE R02602
[12:56:39] START R02662
  [12:56:39] mode=swap
    swap: solved=0/10
  [12:59:18] mode=group-reshuffle
    group-reshuffle: solved=0/10
  [13:02:01] mode=constrained-shuffle
    constrained-shuffle: solved=0/10
[13:04:45] DONE R02662
[13:04:45] START R02722
  [13:04:45] mode=swap
    swap: solved=0/10
  [13:07:51] mode=group-reshuffle
    group-reshuffle: solved=0/10
  [13:10:59] mode=constrained-shuffle
    constrained-shuffle: solved=0/10
[13:14:08] DONE R02722
[13:14:08] START R02782
  [13:14:08] mode=swap
    swap: solved=1/10
  [13:16:00] mode=group-reshuffle
    group-reshuffle: solved=3/10
  [13:17:31] mode=constrained-shuffle
    constrained-shuffle: solved=1/10
[13:19:18] DONE R02782
[13:19:18] START R02842
  [13:19:18] mode=symmetry
    symmetry: solved=4/7
  [13:20:47] mode=local-mutant
    local-mutant: solved=6/10
  [13:23:09] mode=swap
    swap: solved=7/10
  [13:25:01] mode=group-reshuffle
    group-reshuffle: solved=2/10
  [13:28:23] mode=constrained-shuffle
    constrained-shuffle: solved=4/10
[13:31:38] DONE R02842
[13:31:38] START R02902
  [13:31:38] mode=swap
    swap: solved=0/10
  [13:33:09] mode=group-reshuffle
    group-reshuffle: solved=0/10
  [13:34:49] mode=constrained-shuffle
    constrained-shuffle: solved=0/10
[13:36:27] DONE R02902
[13:36:27] START R02962
  [13:36:27] mode=symmetry
    symmetry: solved=7/7
  [13:36:45] mode=local-mutant
    local-mutant: solved=10/10
  [13:37:09] mode=swap
    swap: solved=10/10
  [13:37:29] mode=group-reshuffle
    group-reshuffle: solved=10/10
  [13:37:50] mode=constrained-shuffle
    constrained-shuffle: solved=10/10
[13:38:09] DONE R02962
[13:38:09] START R03022
  [13:38:09] mode=swap
    swap: solved=3/10
  [13:40:00] mode=group-reshuffle
    group-reshuffle: solved=4/10
  [13:41:35] mode=constrained-shuffle
    constrained-shuffle: solved=4/10
[13:43:02] DONE R03022
[13:43:02] START R03082
  [13:43:02] mode=swap
    swap: solved=0/10
  [13:44:38] mode=group-reshuffle
    group-reshuffle: solved=0/10
  [13:46:14] mode=constrained-shuffle
    constrained-shuffle: solved=0/10
[13:47:48] DONE R03082
[13:47:48] START R03142
  [13:47:48] mode=symmetry
    symmetry: solved=7/7
  [13:48:00] mode=local-mutant
    local-mutant: solved=10/10
  [13:48:16] mode=swap
    swap: solved=10/10
  [13:48:32] mode=group-reshuffle
    group-reshuffle: solved=9/10
  [13:49:04] mode=constrained-shuffle
    constrained-shuffle: solved=9/10
[13:49:31] DONE R03142
[13:49:31] START R03202
  [13:49:31] mode=swap
    swap: solved=0/10
  [13:54:25] mode=group-reshuffle
    group-reshuffle: solved=0/10
  [13:59:15] mode=constrained-shuffle
    constrained-shuffle: solved=0/10
[14:04:02] DONE R03202
[14:04:02] START R03262
  [14:04:02] mode=symmetry
    symmetry: solved=7/7
  [14:05:42] mode=local-mutant
    local-mutant: solved=10/10
  [14:07:53] mode=swap
    swap: solved=9/10
  [14:10:18] mode=group-reshuffle
    group-reshuffle: solved=9/10
  [14:12:35] mode=constrained-shuffle
    constrained-shuffle: solved=9/10
[14:14:58] DONE R03262
[14:14:58] START R03322
  [14:14:58] mode=swap
    swap: solved=0/10
  [14:16:00] mode=group-reshuffle
    group-reshuffle: solved=0/10
  [14:17:03] mode=constrained-shuffle
    constrained-shuffle: solved=0/10
[14:18:05] DONE R03322
[14:18:05] SHARD END
[19:10:38] SHARD START 32 level(s)
[19:10:38] START P00055
  [19:10:38] mode=symmetry
    already have this (family + solve result exist) -- skipping regeneration/re-solve
  [19:10:38] mode=local-mutant
    already have this (family + solve result exist) -- skipping regeneration/re-solve
  [19:10:38] mode=swap
    already have this (family + solve result exist) -- skipping regeneration/re-solve
  [19:10:38] mode=group-reshuffle
    already have this (family + solve result exist) -- skipping regeneration/re-solve
  [19:10:38] mode=constrained-shuffle
    already have this (family + solve result exist) -- skipping regeneration/re-solve
[19:10:38] DONE P00055
[19:10:38] START P00115
  [19:10:38] mode=symmetry
    already have this (family + solve result exist) -- skipping regeneration/re-solve
  [19:10:38] mode=local-mutant
    already have this (family + solve result exist) -- skipping regeneration/re-solve
  [19:10:38] mode=swap
    already have this (family + solve result exist) -- skipping regeneration/re-solve
  [19:10:38] mode=group-reshuffle
    already have this (family + solve result exist) -- skipping regeneration/re-solve
  [19:10:38] mode=constrained-shuffle
    already have this (family + solve result exist) -- skipping regeneration/re-solve
[19:10:38] DONE P00115
[19:10:38] START S00107
  [19:10:38] mode=symmetry
    already have this (family + solve result exist) -- skipping regeneration/re-solve
  [19:10:38] mode=local-mutant
    already have this (family + solve result exist) -- skipping regeneration/re-solve
  [19:10:38] mode=swap
    already have this (family + solve result exist) -- skipping regeneration/re-solve
  [19:10:38] mode=group-reshuffle
    already have this (family + solve result exist) -- skipping regeneration/re-solve
  [19:10:38] mode=constrained-shuffle
    already have this (family + solve result exist) -- skipping regeneration/re-solve
[19:10:38] DONE S00107
[19:10:38] START R01407
  [19:10:38] mode=symmetry
    already have this (family + solve result exist) -- skipping regeneration/re-solve
  [19:10:38] mode=local-mutant
    already have this (family + solve result exist) -- skipping regeneration/re-solve
  [19:10:38] mode=swap
    already have this (family + solve result exist) -- skipping regeneration/re-solve
  [19:10:38] mode=group-reshuffle
    already have this (family + solve result exist) -- skipping regeneration/re-solve
  [19:10:38] mode=constrained-shuffle
    already have this (family + solve result exist) -- skipping regeneration/re-solve
[19:10:38] DONE R01407
[19:10:38] START R00274
  [19:10:38] mode=symmetry
    already have this (family + solve result exist) -- skipping regeneration/re-solve
  [19:10:38] mode=local-mutant
    already have this (family + solve result exist) -- skipping regeneration/re-solve
  [19:10:38] mode=swap
    already have this (family + solve result exist) -- skipping regeneration/re-solve
  [19:10:38] mode=group-reshuffle
    already have this (family + solve result exist) -- skipping regeneration/re-solve
  [19:10:38] mode=constrained-shuffle
    already have this (family + solve result exist) -- skipping regeneration/re-solve
[19:10:38] DONE R00274
[19:10:38] START R00597
  [19:10:38] mode=symmetry
    already have this (family + solve result exist) -- skipping regeneration/re-solve
  [19:10:38] mode=local-mutant
    already have this (family + solve result exist) -- skipping regeneration/re-solve
  [19:10:38] mode=swap
    already have this (family + solve result exist) -- skipping regeneration/re-solve
  [19:10:38] mode=group-reshuffle
    already have this (family + solve result exist) -- skipping regeneration/re-solve
  [19:10:38] mode=constrained-shuffle
    already have this (family + solve result exist) -- skipping regeneration/re-solve
[19:10:38] DONE R00597
[19:10:38] START R00977
  [19:10:38] mode=symmetry
    already have this (family + solve result exist) -- skipping regeneration/re-solve
  [19:10:38] mode=local-mutant
    already have this (family + solve result exist) -- skipping regeneration/re-solve
  [19:10:38] mode=swap
    already have this (family + solve result exist) -- skipping regeneration/re-solve
  [19:10:38] mode=group-reshuffle
    already have this (family + solve result exist) -- skipping regeneration/re-solve
  [19:10:38] mode=constrained-shuffle
    already have this (family + solve result exist) -- skipping regeneration/re-solve
[19:10:38] DONE R00977
[19:10:38] START R01316
  [19:10:38] mode=symmetry
    already have this (family + solve result exist) -- skipping regeneration/re-solve
  [19:10:38] mode=local-mutant
    already have this (family + solve result exist) -- skipping regeneration/re-solve
  [19:10:38] mode=swap
    already have this (family + solve result exist) -- skipping regeneration/re-solve
  [19:10:38] mode=group-reshuffle
    already have this (family + solve result exist) -- skipping regeneration/re-solve
  [19:10:38] mode=constrained-shuffle
    already have this (family + solve result exist) -- skipping regeneration/re-solve
[19:10:38] DONE R01316
[19:10:38] START R01652
  [19:10:38] mode=swap
    already have this (family + solve result exist) -- skipping regeneration/re-solve
  [19:10:38] mode=group-reshuffle
    already have this (family + solve result exist) -- skipping regeneration/re-solve
  [19:10:38] mode=constrained-shuffle
    already have this (family + solve result exist) -- skipping regeneration/re-solve
[19:10:38] DONE R01652
[19:10:38] START R02002
  [19:10:38] mode=swap
    already have this (family + solve result exist) -- skipping regeneration/re-solve
  [19:10:38] mode=group-reshuffle
    already have this (family + solve result exist) -- skipping regeneration/re-solve
  [19:10:38] mode=constrained-shuffle
    already have this (family + solve result exist) -- skipping regeneration/re-solve
[19:10:38] DONE R02002
[19:10:38] START R02062
  [19:10:38] mode=symmetry
    already have this (family + solve result exist) -- skipping regeneration/re-solve
  [19:10:38] mode=local-mutant
    already have this (family + solve result exist) -- skipping regeneration/re-solve
  [19:10:38] mode=swap
    already have this (family + solve result exist) -- skipping regeneration/re-solve
  [19:10:38] mode=group-reshuffle
    already have this (family + solve result exist) -- skipping regeneration/re-solve
  [19:10:38] mode=constrained-shuffle
    already have this (family + solve result exist) -- skipping regeneration/re-solve
[19:10:38] DONE R02062
[19:10:38] START R02122
  [19:10:38] mode=symmetry
    already have this (family + solve result exist) -- skipping regeneration/re-solve
  [19:10:38] mode=local-mutant
    already have this (family + solve result exist) -- skipping regeneration/re-solve
  [19:10:38] mode=swap
    already have this (family + solve result exist) -- skipping regeneration/re-solve
  [19:10:38] mode=group-reshuffle
    already have this (family + solve result exist) -- skipping regeneration/re-solve
  [19:10:38] mode=constrained-shuffle
    already have this (family + solve result exist) -- skipping regeneration/re-solve
[19:10:38] DONE R02122
[19:10:38] START R02182
  [19:10:38] mode=swap
    already have this (family + solve result exist) -- skipping regeneration/re-solve
  [19:10:38] mode=group-reshuffle
    already have this (family + solve result exist) -- skipping regeneration/re-solve
  [19:10:38] mode=constrained-shuffle
    already have this (family + solve result exist) -- skipping regeneration/re-solve
[19:10:38] DONE R02182
[19:10:38] START R02242
  [19:10:38] mode=swap
    already have this (family + solve result exist) -- skipping regeneration/re-solve
  [19:10:38] mode=group-reshuffle
    already have this (family + solve result exist) -- skipping regeneration/re-solve
  [19:10:38] mode=constrained-shuffle
    already have this (family + solve result exist) -- skipping regeneration/re-solve
[19:10:38] DONE R02242
[19:10:38] START R02302
  [19:10:38] mode=symmetry
    already have this (family + solve result exist) -- skipping regeneration/re-solve
  [19:10:38] mode=local-mutant
    already have this (family + solve result exist) -- skipping regeneration/re-solve
  [19:10:38] mode=swap
    already have this (family + solve result exist) -- skipping regeneration/re-solve
  [19:10:38] mode=group-reshuffle
    already have this (family + solve result exist) -- skipping regeneration/re-solve
  [19:10:38] mode=constrained-shuffle
    already have this (family + solve result exist) -- skipping regeneration/re-solve
[19:10:38] DONE R02302
[19:10:38] START R02362
  [19:10:38] mode=swap
    already have this (family + solve result exist) -- skipping regeneration/re-solve
  [19:10:38] mode=group-reshuffle
    already have this (family + solve result exist) -- skipping regeneration/re-solve
  [19:10:38] mode=constrained-shuffle
    already have this (family + solve result exist) -- skipping regeneration/re-solve
[19:10:38] DONE R02362
[19:10:38] START R02422
  [19:10:38] mode=symmetry
    already have this (family + solve result exist) -- skipping regeneration/re-solve
  [19:10:38] mode=local-mutant
    already have this (family + solve result exist) -- skipping regeneration/re-solve
  [19:10:38] mode=swap
    already have this (family + solve result exist) -- skipping regeneration/re-solve
  [19:10:38] mode=group-reshuffle
    already have this (family + solve result exist) -- skipping regeneration/re-solve
  [19:10:38] mode=constrained-shuffle
    already have this (family + solve result exist) -- skipping regeneration/re-solve
[19:10:38] DONE R02422
[19:10:38] START R02482
  [19:10:38] mode=symmetry
    already have this (family + solve result exist) -- skipping regeneration/re-solve
  [19:10:38] mode=local-mutant
    already have this (family + solve result exist) -- skipping regeneration/re-solve
  [19:10:38] mode=swap
    already have this (family + solve result exist) -- skipping regeneration/re-solve
  [19:10:38] mode=group-reshuffle
    already have this (family + solve result exist) -- skipping regeneration/re-solve
  [19:10:38] mode=constrained-shuffle
    already have this (family + solve result exist) -- skipping regeneration/re-solve
[19:10:38] DONE R02482
[19:10:38] START R02542
  [19:10:38] mode=symmetry
    already have this (family + solve result exist) -- skipping regeneration/re-solve
  [19:10:38] mode=local-mutant
    already have this (family + solve result exist) -- skipping regeneration/re-solve
  [19:10:38] mode=swap
    already have this (family + solve result exist) -- skipping regeneration/re-solve
  [19:10:38] mode=group-reshuffle
    already have this (family + solve result exist) -- skipping regeneration/re-solve
  [19:10:38] mode=constrained-shuffle
    already have this (family + solve result exist) -- skipping regeneration/re-solve
[19:10:38] DONE R02542
[19:10:38] START R02602
  [19:10:38] mode=swap
    already have this (family + solve result exist) -- skipping regeneration/re-solve
  [19:10:38] mode=group-reshuffle
    already have this (family + solve result exist) -- skipping regeneration/re-solve
  [19:10:38] mode=constrained-shuffle
    already have this (family + solve result exist) -- skipping regeneration/re-solve
[19:10:38] DONE R02602
[19:10:38] START R02662
  [19:10:38] mode=swap
    already have this (family + solve result exist) -- skipping regeneration/re-solve
  [19:10:38] mode=group-reshuffle
    already have this (family + solve result exist) -- skipping regeneration/re-solve
  [19:10:38] mode=constrained-shuffle
    already have this (family + solve result exist) -- skipping regeneration/re-solve
[19:10:38] DONE R02662
[19:10:38] START R02722
  [19:10:38] mode=swap
    already have this (family + solve result exist) -- skipping regeneration/re-solve
  [19:10:38] mode=group-reshuffle
    already have this (family + solve result exist) -- skipping regeneration/re-solve
  [19:10:38] mode=constrained-shuffle
    already have this (family + solve result exist) -- skipping regeneration/re-solve
[19:10:38] DONE R02722
[19:10:38] START R02782
  [19:10:38] mode=swap
    already have this (family + solve result exist) -- skipping regeneration/re-solve
  [19:10:38] mode=group-reshuffle
    already have this (family + solve result exist) -- skipping regeneration/re-solve
  [19:10:38] mode=constrained-shuffle
    already have this (family + solve result exist) -- skipping regeneration/re-solve
[19:10:38] DONE R02782
[19:10:38] START R02842
  [19:10:38] mode=symmetry
    already have this (family + solve result exist) -- skipping regeneration/re-solve
  [19:10:38] mode=local-mutant
    already have this (family + solve result exist) -- skipping regeneration/re-solve
  [19:10:38] mode=swap
    already have this (family + solve result exist) -- skipping regeneration/re-solve
  [19:10:38] mode=group-reshuffle
    already have this (family + solve result exist) -- skipping regeneration/re-solve
  [19:10:38] mode=constrained-shuffle
    already have this (family + solve result exist) -- skipping regeneration/re-solve
[19:10:38] DONE R02842
[19:10:38] START R02902
  [19:10:38] mode=swap
    already have this (family + solve result exist) -- skipping regeneration/re-solve
  [19:10:38] mode=group-reshuffle
    already have this (family + solve result exist) -- skipping regeneration/re-solve
  [19:10:38] mode=constrained-shuffle
    already have this (family + solve result exist) -- skipping regeneration/re-solve
[19:10:38] DONE R02902
[19:10:38] START R02962
  [19:10:38] mode=symmetry
    already have this (family + solve result exist) -- skipping regeneration/re-solve
  [19:10:38] mode=local-mutant
    already have this (family + solve result exist) -- skipping regeneration/re-solve
  [19:10:38] mode=swap
    already have this (family + solve result exist) -- skipping regeneration/re-solve
  [19:10:38] mode=group-reshuffle
    already have this (family + solve result exist) -- skipping regeneration/re-solve
  [19:10:38] mode=constrained-shuffle
    already have this (family + solve result exist) -- skipping regeneration/re-solve
[19:10:38] DONE R02962
[19:10:38] START R03022
  [19:10:38] mode=swap
    already have this (family + solve result exist) -- skipping regeneration/re-solve
  [19:10:38] mode=group-reshuffle
    already have this (family + solve result exist) -- skipping regeneration/re-solve
  [19:10:38] mode=constrained-shuffle
    already have this (family + solve result exist) -- skipping regeneration/re-solve
[19:10:38] DONE R03022
[19:10:38] START R03082
  [19:10:38] mode=swap
    already have this (family + solve result exist) -- skipping regeneration/re-solve
  [19:10:38] mode=group-reshuffle
    already have this (family + solve result exist) -- skipping regeneration/re-solve
  [19:10:38] mode=constrained-shuffle
    already have this (family + solve result exist) -- skipping regeneration/re-solve
[19:10:38] DONE R03082
[19:10:38] START R03142
  [19:10:38] mode=symmetry
    already have this (family + solve result exist) -- skipping regeneration/re-solve
  [19:10:38] mode=local-mutant
    already have this (family + solve result exist) -- skipping regeneration/re-solve
  [19:10:38] mode=swap
    already have this (family + solve result exist) -- skipping regeneration/re-solve
  [19:10:38] mode=group-reshuffle
    already have this (family + solve result exist) -- skipping regeneration/re-solve
  [19:10:38] mode=constrained-shuffle
    already have this (family + solve result exist) -- skipping regeneration/re-solve
[19:10:38] DONE R03142
[19:10:38] START R03202
  [19:10:38] mode=swap
    already have this (family + solve result exist) -- skipping regeneration/re-solve
  [19:10:38] mode=group-reshuffle
    already have this (family + solve result exist) -- skipping regeneration/re-solve
  [19:10:38] mode=constrained-shuffle
    already have this (family + solve result exist) -- skipping regeneration/re-solve
[19:10:38] DONE R03202
[19:10:38] START R03262
  [19:10:38] mode=symmetry
    already have this (family + solve result exist) -- skipping regeneration/re-solve
  [19:10:38] mode=local-mutant
    already have this (family + solve result exist) -- skipping regeneration/re-solve
  [19:10:38] mode=swap
    already have this (family + solve result exist) -- skipping regeneration/re-solve
  [19:10:38] mode=group-reshuffle
    already have this (family + solve result exist) -- skipping regeneration/re-solve
  [19:10:38] mode=constrained-shuffle
    already have this (family + solve result exist) -- skipping regeneration/re-solve
[19:10:38] DONE R03262
[19:10:38] START R03322
  [19:10:38] mode=swap
    already have this (family + solve result exist) -- skipping regeneration/re-solve
  [19:10:38] mode=group-reshuffle
    already have this (family + solve result exist) -- skipping regeneration/re-solve
  [19:10:38] mode=constrained-shuffle
    already have this (family + solve result exist) -- skipping regeneration/re-solve
[19:10:38] DONE R03322
[19:10:38] SHARD END
