[10:53:03] SHARD START 33 level(s)
[10:53:03] START P00035
  [10:53:03] mode=symmetry
    symmetry: solved=7/7
  [10:53:09] mode=local-mutant
    local-mutant: solved=10/10
  [10:53:19] mode=swap
    swap: solved=3/3
  [10:53:22] mode=group-reshuffle
    group-reshuffle: solved=10/10
  [10:53:31] mode=constrained-shuffle
    constrained-shuffle: solved=10/10
[10:53:41] DONE P00035
[10:53:41] START P00095
  [10:53:41] mode=symmetry
    symmetry: solved=7/7
  [10:53:44] mode=local-mutant
    local-mutant: solved=10/10
  [10:53:49] mode=swap
    swap: solved=0/0
  [10:53:49] mode=group-reshuffle
    group-reshuffle: solved=10/10
  [10:53:54] mode=constrained-shuffle
    constrained-shuffle: solved=10/10
[10:53:58] DONE P00095
[10:53:58] START P00156
  [10:53:58] mode=symmetry
    symmetry: solved=7/7
  [10:54:01] mode=local-mutant
    local-mutant: solved=10/10
  [10:54:06] mode=swap
    swap: solved=10/10
  [10:54:11] mode=group-reshuffle
    group-reshuffle: solved=10/10
  [10:54:22] mode=constrained-shuffle
    constrained-shuffle: solved=10/10
[10:54:35] DONE P00156
[10:54:35] START R00822
  [10:54:35] mode=symmetry
    symmetry: solved=3/7
  [10:54:57] mode=local-mutant
    local-mutant: solved=5/10
  [10:55:28] mode=swap
    swap: solved=10/10
  [10:55:39] mode=group-reshuffle
    group-reshuffle: solved=2/10
  [10:56:15] mode=constrained-shuffle
    constrained-shuffle: solved=3/10
[10:56:52] DONE R00822
[10:56:52] START R00108
  [10:56:52] mode=swap
    swap: solved=0/10
  [10:59:52] mode=group-reshuffle
    group-reshuffle: solved=4/10
  [11:02:27] mode=constrained-shuffle
    constrained-shuffle: solved=7/10
[11:04:10] DONE R00108
[11:04:10] START R00513
  [11:04:10] mode=swap
    swap: solved=0/10
  [11:05:00] mode=group-reshuffle
    group-reshuffle: solved=0/10
  [11:05:50] mode=constrained-shuffle
    constrained-shuffle: solved=0/10
[11:06:40] DONE R00513
[11:06:40] START R00860
  [11:06:40] mode=swap
    swap: solved=1/10
  [11:07:25] mode=group-reshuffle
    group-reshuffle: solved=7/10
  [11:08:02] mode=constrained-shuffle
    constrained-shuffle: solved=0/10
[11:08:46] DONE R00860
[11:08:46] START R01158
  [11:08:46] mode=swap
    swap: solved=0/10
  [11:11:44] mode=group-reshuffle
    group-reshuffle: solved=0/10
  [11:14:34] mode=constrained-shuffle
    constrained-shuffle: solved=1/10
[11:17:25] DONE R01158
[11:17:25] START R01551
  [11:17:25] mode=swap
    swap: solved=0/10
  [11:18:16] mode=group-reshuffle
    group-reshuffle: solved=3/10
  [11:18:58] mode=constrained-shuffle
    constrained-shuffle: solved=2/10
[11:19:50] DONE R01551
[11:19:50] START R01882
  [11:19:50] mode=swap
    swap: solved=0/10
  [11:22:19] mode=group-reshuffle
    group-reshuffle: solved=0/10
  [11:25:00] mode=constrained-shuffle
    constrained-shuffle: solved=0/10
[11:27:41] DONE R01882
[11:27:41] START R02042
  [11:27:41] mode=swap
    swap: solved=0/10
  [11:28:55] mode=group-reshuffle
    group-reshuffle: solved=1/10
  [11:30:08] mode=constrained-shuffle
    constrained-shuffle: solved=2/10
[11:31:08] DONE R02042
[11:31:08] START R02102
  [11:31:08] mode=swap
    swap: solved=0/10
  [11:32:31] mode=group-reshuffle
    group-reshuffle: solved=0/10
  [11:33:53] mode=constrained-shuffle
    constrained-shuffle: solved=0/10
[11:35:20] DONE R02102
[11:35:20] START R02162
  [11:35:20] mode=swap
    swap: solved=0/10
  [11:36:29] mode=group-reshuffle
    group-reshuffle: solved=5/10
  [11:37:16] mode=constrained-shuffle
    constrained-shuffle: solved=3/10
[11:38:16] DONE R02162
[11:38:16] START R02222
  [11:38:16] mode=swap
    swap: solved=1/10
  [11:39:30] mode=group-reshuffle
    group-reshuffle: solved=3/10
  [11:40:23] mode=constrained-shuffle
    constrained-shuffle: solved=0/10
[11:41:40] DONE R02222
[11:41:40] START R02282
  [11:41:40] mode=swap
    swap: solved=0/10
  [11:42:32] mode=group-reshuffle
    group-reshuffle: solved=0/10
  [11:43:21] mode=constrained-shuffle
    constrained-shuffle: solved=0/10
[11:44:09] DONE R02282
[11:44:09] START R02342
  [11:44:09] mode=symmetry
    symmetry: solved=6/7
  [11:44:26] mode=local-mutant
    local-mutant: solved=9/10
  [11:44:45] mode=swap
    swap: solved=9/10
  [11:45:06] mode=group-reshuffle
    group-reshuffle: solved=10/10
  [11:45:14] mode=constrained-shuffle
    constrained-shuffle: solved=10/10
[11:45:22] DONE R02342
[11:45:22] START R02402
  [11:45:22] mode=symmetry
    symmetry: solved=7/7
  [11:45:40] mode=local-mutant
    local-mutant: solved=10/10
  [11:45:59] mode=swap
    swap: solved=9/10
  [11:46:22] mode=group-reshuffle
    group-reshuffle: solved=10/10
  [11:46:44] mode=constrained-shuffle
    constrained-shuffle: solved=10/10
[11:47:03] DONE R02402
[11:47:03] START R02462
  [11:47:03] mode=swap
    swap: solved=1/10
  [11:48:30] mode=group-reshuffle
    group-reshuffle: solved=0/10
  [11:49:57] mode=constrained-shuffle
    constrained-shuffle: solved=0/10
[11:51:26] DONE R02462
[11:51:26] START R02522
  [11:51:26] mode=swap
    swap: solved=0/10
  [11:53:04] mode=group-reshuffle
    group-reshuffle: solved=0/10
  [11:54:50] mode=constrained-shuffle
    constrained-shuffle: solved=0/10
[11:56:29] DONE R02522
[11:56:29] START R02582
  [11:56:29] mode=symmetry
    symmetry: solved=7/7
  [11:56:53] mode=local-mutant
    local-mutant: solved=4/10
  [11:57:35] mode=swap
    swap: solved=6/10
  [11:58:16] mode=group-reshuffle
    group-reshuffle: solved=2/10
  [11:58:57] mode=constrained-shuffle
    constrained-shuffle: solved=0/10
[11:59:48] DONE R02582
[11:59:48] START R02642
  [11:59:48] mode=swap
    swap: solved=0/10
  [12:01:04] mode=group-reshuffle
    group-reshuffle: solved=0/10
  [12:02:22] mode=constrained-shuffle
    constrained-shuffle: solved=0/10
[12:03:48] DONE R02642
[12:03:48] START R02702
  [12:03:48] mode=symmetry
    symmetry: solved=7/7
  [12:03:54] mode=local-mutant
    local-mutant: solved=10/10
  [12:04:03] mode=swap
    swap: solved=10/10
  [12:04:11] mode=group-reshuffle
    group-reshuffle: solved=10/10
  [12:04:20] mode=constrained-shuffle
    constrained-shuffle: solved=10/10
[12:04:29] DONE R02702
[12:04:29] START R02762
  [12:04:29] mode=symmetry
    symmetry: solved=6/7
  [12:04:51] mode=local-mutant
    local-mutant: solved=6/10
  [12:05:35] mode=swap
    swap: solved=9/10
  [12:05:58] mode=group-reshuffle
    group-reshuffle: solved=4/10
  [12:07:13] mode=constrained-shuffle
    constrained-shuffle: solved=5/10
[12:08:08] DONE R02762
[12:08:08] START R02822
  [12:08:08] mode=symmetry
    symmetry: solved=6/7
  [12:08:26] mode=local-mutant
    local-mutant: solved=7/10
  [12:09:00] mode=swap
    swap: solved=0/10
  [12:09:46] mode=group-reshuffle
    group-reshuffle: solved=9/10
  [12:10:10] mode=constrained-shuffle
    constrained-shuffle: solved=9/10
[12:10:35] DONE R02822
[12:10:35] START R02882
  [12:10:35] mode=swap
    swap: solved=0/10
  [12:11:45] mode=group-reshuffle
    group-reshuffle: solved=0/10
  [12:12:54] mode=constrained-shuffle
    constrained-shuffle: solved=0/10
[12:14:07] DONE R02882
[12:14:07] START R02942
  [12:14:07] mode=swap
    swap: solved=0/10
  [12:16:10] mode=group-reshuffle
    group-reshuffle: solved=0/10
  [12:18:12] mode=constrained-shuffle
    constrained-shuffle: solved=0/10
[12:20:18] DONE R02942
[12:20:18] START R03002
  [12:20:18] mode=swap
    swap: solved=0/10
  [12:22:28] mode=group-reshuffle
    group-reshuffle: solved=1/10
  [12:24:38] mode=constrained-shuffle
    constrained-shuffle: solved=1/10
[12:26:55] DONE R03002
[12:26:55] START R03062
  [12:26:55] mode=symmetry
    symmetry: solved=7/7
  [12:27:05] mode=local-mutant
    local-mutant: solved=10/10
  [12:27:20] mode=swap
    swap: solved=10/10
  [12:27:34] mode=group-reshuffle
    group-reshuffle: solved=10/10
  [12:27:50] mode=constrained-shuffle
    constrained-shuffle: solved=8/10
[12:28:23] DONE R03062
[12:28:23] START R03122
  [12:28:23] mode=symmetry
    symmetry: solved=7/7
  [12:28:37] mode=local-mutant
    local-mutant: solved=8/10
  [12:28:58] mode=swap
    swap: solved=8/10
  [12:29:22] mode=group-reshuffle
    group-reshuffle: solved=9/10
  [12:29:40] mode=constrained-shuffle
    constrained-shuffle: solved=10/10
[12:29:51] DONE R03122
[12:29:51] START R03182
  [12:29:51] mode=symmetry
    symmetry: solved=7/7
  [12:29:57] mode=local-mutant
    local-mutant: solved=10/10
  [12:30:07] mode=swap
    swap: solved=10/10
  [12:30:16] mode=group-reshuffle
    group-reshuffle: solved=10/10
  [12:30:27] mode=constrained-shuffle
    constrained-shuffle: solved=10/10
[12:30:38] DONE R03182
[12:30:38] START R03242
  [12:30:38] mode=swap
    swap: solved=1/10
  [12:32:22] mode=group-reshuffle
    group-reshuffle: solved=2/10
  [12:34:02] mode=constrained-shuffle
    constrained-shuffle: solved=1/10
[12:35:48] DONE R03242
[12:35:48] START R03302
  [12:35:48] mode=swap
    swap: solved=1/10
  [12:37:01] mode=group-reshuffle
    group-reshuffle: solved=3/10
  [12:38:04] mode=constrained-shuffle
    constrained-shuffle: solved=9/10
[12:38:44] DONE R03302
[12:38:44] START R03362
  [12:38:44] mode=symmetry
    symmetry: solved=7/7
  [12:39:03] mode=local-mutant
    local-mutant: solved=10/10
  [12:39:23] mode=swap
    swap: solved=10/10
  [12:40:02] mode=group-reshuffle
    group-reshuffle: solved=9/10
  [12:40:50] mode=constrained-shuffle
    constrained-shuffle: solved=8/10
[12:41:55] DONE R03362
[12:41:55] SHARD END
