[11:13:43] SHARD START 32 level(s)
[11:13:43] START P00044
  [11:13:43] mode=symmetry
    symmetry: solved=7/7
  [11:13:49] mode=local-mutant
    local-mutant: solved=10/10
  [11:14:01] mode=swap
    swap: solved=0/0
  [11:14:02] mode=group-reshuffle
    group-reshuffle: solved=10/10
  [11:14:14] mode=constrained-shuffle
    constrained-shuffle: solved=10/10
[11:14:26] DONE P00044
[11:14:26] START P00104
  [11:14:26] mode=symmetry
    symmetry: solved=7/7
  [11:14:32] mode=local-mutant
    local-mutant: solved=10/10
  [11:14:39] mode=swap
    swap: solved=1/1
  [11:14:41] mode=group-reshuffle
    group-reshuffle: solved=0/0
  [11:14:42] mode=constrained-shuffle
    constrained-shuffle: solved=10/10
[11:14:49] DONE P00104
[11:14:49] START S00035
  [11:14:49] mode=symmetry
    symmetry: solved=7/7
  [11:15:15] mode=local-mutant
    local-mutant: solved=10/10
  [11:15:40] mode=swap
    swap: solved=0/0
  [11:15:41] mode=group-reshuffle
    group-reshuffle: solved=10/10
  [11:16:01] mode=constrained-shuffle
    constrained-shuffle: solved=10/10
[11:16:23] DONE S00035
[11:16:23] START R01152
  [11:16:23] mode=symmetry
    symmetry: solved=7/7
  [11:16:40] mode=local-mutant
    local-mutant: solved=10/10
  [11:16:53] mode=swap
    swap: solved=10/10
  [11:17:08] mode=group-reshuffle
    group-reshuffle: solved=10/10
  [11:17:24] mode=constrained-shuffle
    constrained-shuffle: solved=10/10
[11:17:37] DONE R01152
[11:17:37] START R00169
  [11:17:37] mode=swap
    swap: solved=0/10
  [11:19:32] mode=group-reshuffle
    group-reshuffle: solved=0/10
  [11:21:25] mode=constrained-shuffle
    constrained-shuffle: solved=4/10
[11:22:54] DONE R00169
[11:22:54] START R00548
  [11:22:54] mode=symmetry
    symmetry: solved=7/7
  [11:23:20] mode=local-mutant
    local-mutant: solved=10/10
  [11:23:58] mode=swap
    swap: solved=10/10
  [11:24:41] mode=group-reshuffle
    group-reshuffle: solved=9/10
  [11:25:39] mode=constrained-shuffle
    constrained-shuffle: solved=4/10
[11:27:17] DONE R00548
[11:27:17] START R00912
  [11:27:17] mode=swap
    swap: solved=0/10
  [11:32:44] mode=group-reshuffle
    group-reshuffle: solved=0/10
  [11:38:10] mode=constrained-shuffle
    constrained-shuffle: solved=0/10
[11:43:30] DONE R00912
[11:43:30] START R01218
  [11:43:30] mode=symmetry
    symmetry: solved=7/7
  [11:43:41] mode=local-mutant
    local-mutant: solved=10/10
  [11:43:56] mode=swap
    swap: solved=10/10
  [11:44:12] mode=group-reshuffle
    group-reshuffle: solved=10/10
  [11:44:26] mode=constrained-shuffle
    constrained-shuffle: solved=10/10
[11:44:38] DONE R01218
[11:44:38] START R01590
  [11:44:38] mode=swap
    swap: solved=1/10
  [11:48:18] mode=group-reshuffle
    group-reshuffle: solved=2/10
  [11:51:48] mode=constrained-shuffle
    constrained-shuffle: solved=1/10
[11:55:29] DONE R01590
[11:55:29] START R01936
  [11:55:29] mode=symmetry
    symmetry: solved=4/7
  [11:56:39] mode=local-mutant
    local-mutant: solved=4/10
  [11:58:43] mode=swap
    swap: solved=2/4
  [11:59:32] mode=group-reshuffle
    group-reshuffle: solved=2/10
  [12:01:59] mode=constrained-shuffle
    constrained-shuffle: solved=4/10
[12:04:14] DONE R01936
[12:04:14] START R02051
  [12:04:14] mode=swap
    swap: solved=0/10
  [12:05:48] mode=group-reshuffle
    group-reshuffle: solved=0/10
  [12:07:25] mode=constrained-shuffle
    constrained-shuffle: solved=0/10
[12:09:05] DONE R02051
[12:09:05] START R02111
  [12:09:05] mode=symmetry
    symmetry: solved=7/7
  [12:09:45] mode=local-mutant
    local-mutant: solved=10/10
  [12:10:38] mode=swap
    swap: solved=10/10
  [12:11:35] mode=group-reshuffle
    group-reshuffle: solved=10/10
  [12:12:23] mode=constrained-shuffle
    constrained-shuffle: solved=10/10
[12:13:02] DONE R02111
[12:13:02] START R02171
  [12:13:02] mode=swap
    swap: solved=0/10
  [12:16:11] mode=group-reshuffle
    group-reshuffle: solved=0/10
  [12:19:25] mode=constrained-shuffle
    constrained-shuffle: solved=0/10
[12:22:50] DONE R02171
[12:22:50] START R02231
  [12:22:50] mode=swap
    swap: solved=0/10
  [12:26:11] mode=group-reshuffle
    group-reshuffle: solved=3/10
  [12:28:45] mode=constrained-shuffle
    constrained-shuffle: solved=1/10
[12:32:05] DONE R02231
[12:32:05] START R02291
  [12:32:05] mode=swap
    swap: solved=3/10
  [12:34:35] mode=group-reshuffle
    group-reshuffle: solved=2/10
  [12:37:41] mode=constrained-shuffle
    constrained-shuffle: solved=4/10
[12:40:34] DONE R02291
[12:40:34] START R02351
  [12:40:34] mode=swap
    swap: solved=0/10
  [12:44:17] mode=group-reshuffle
    group-reshuffle: solved=0/10
  [12:48:08] mode=constrained-shuffle
    constrained-shuffle: solved=0/10
[12:51:56] DONE R02351
[12:51:56] START R02411
  [12:51:56] mode=symmetry
    symmetry: solved=7/7
  [12:52:09] mode=local-mutant
    local-mutant: solved=10/10
  [12:52:28] mode=swap
    swap: solved=10/10
  [12:52:45] mode=group-reshuffle
    group-reshuffle: solved=8/10
  [12:53:12] mode=constrained-shuffle
    constrained-shuffle: solved=10/10
[12:53:24] DONE R02411
[12:53:24] START R02471
  [12:53:24] mode=swap
    swap: solved=0/10
  [12:57:00] mode=group-reshuffle
    group-reshuffle: solved=4/10
  [12:59:55] mode=constrained-shuffle
    constrained-shuffle: solved=1/10
[13:03:29] DONE R02471
[13:03:29] START R02531
  [13:03:29] mode=swap
    swap: solved=0/10
  [13:05:28] mode=group-reshuffle
    group-reshuffle: solved=4/10
  [13:07:07] mode=constrained-shuffle
    constrained-shuffle: solved=2/10
[13:09:13] DONE R02531
[13:09:13] START R02591
  [13:09:13] mode=swap
    swap: solved=0/10
  [13:10:40] mode=group-reshuffle
    group-reshuffle: solved=0/10
  [13:12:08] mode=constrained-shuffle
    constrained-shuffle: solved=1/10
[13:13:35] DONE R02591
[13:13:35] START R02651
  [13:13:35] mode=swap
    swap: solved=0/10
  [13:18:01] mode=group-reshuffle
    group-reshuffle: solved=2/10
  [13:21:53] mode=constrained-shuffle
    constrained-shuffle: solved=0/10
[13:26:07] DONE R02651
[13:26:07] START R02711
  [13:26:07] mode=symmetry
    symmetry: solved=7/7
  [13:26:20] mode=local-mutant
    local-mutant: solved=10/10
  [13:26:35] mode=swap
    swap: solved=10/10
  [13:26:49] mode=group-reshuffle
    group-reshuffle: solved=9/10
  [13:27:23] mode=constrained-shuffle
    constrained-shuffle: solved=7/10
[13:28:12] DONE R02711
[13:28:12] START R02771
  [13:28:12] mode=symmetry
    symmetry: solved=7/7
  [13:28:31] mode=local-mutant
    local-mutant: solved=10/10
  [13:28:51] mode=swap
    swap: solved=10/10
  [13:29:12] mode=group-reshuffle
    group-reshuffle: solved=10/10
  [13:29:40] mode=constrained-shuffle
    constrained-shuffle: solved=10/10
[13:30:04] DONE R02771
[13:30:04] START R02831
  [13:30:04] mode=symmetry
    symmetry: solved=7/7
  [13:30:54] mode=local-mutant
    local-mutant: solved=8/10
  [13:31:57] mode=swap
    swap: solved=4/10
  [13:33:21] mode=group-reshuffle
    group-reshuffle: solved=7/10
  [13:34:20] mode=constrained-shuffle
    constrained-shuffle: solved=10/10
[13:35:00] DONE R02831
[13:35:00] START R02891
  [13:35:00] mode=symmetry
    symmetry: solved=4/7
  [13:36:02] mode=local-mutant
    local-mutant: solved=7/10
  [13:37:20] mode=swap
    swap: solved=8/10
  [13:38:26] mode=group-reshuffle
    group-reshuffle: solved=9/10
  [13:39:14] mode=constrained-shuffle
    constrained-shuffle: solved=5/10
[13:40:48] DONE R02891
[13:40:48] START R02951
  [13:40:48] mode=swap
    swap: solved=1/10
  [13:43:32] mode=group-reshuffle
    group-reshuffle: solved=3/10
  [13:45:42] mode=constrained-shuffle
    constrained-shuffle: solved=0/10
[13:48:26] DONE R02951
[13:48:26] START R03011
  [13:48:26] mode=swap
    swap: solved=0/10
  [13:52:25] mode=group-reshuffle
    group-reshuffle: solved=0/10
  [13:56:25] mode=constrained-shuffle
    constrained-shuffle: solved=0/10
[14:00:31] DONE R03011
[14:00:31] START R03071
  [14:00:31] mode=swap
    swap: solved=6/10
  [14:02:38] mode=group-reshuffle
    group-reshuffle: solved=0/10
  [14:05:44] mode=constrained-shuffle
    constrained-shuffle: solved=2/10
[14:08:26] DONE R03071
[14:08:26] START R03131
  [14:08:26] mode=swap
    swap: solved=0/10
  [14:11:04] mode=group-reshuffle
    group-reshuffle: solved=0/10
  [14:13:54] mode=constrained-shuffle
    constrained-shuffle: solved=1/10
[14:16:46] DONE R03131
[14:16:46] START R03191
  [14:16:46] mode=swap
    swap: solved=0/10
  [14:18:17] mode=group-reshuffle
    group-reshuffle: solved=1/10
  [14:19:51] mode=constrained-shuffle
    constrained-shuffle: solved=1/10
[14:21:21] DONE R03191
[14:21:21] START R03251
  [14:21:21] mode=symmetry
    symmetry: solved=2/7
  [14:23:19] mode=local-mutant
    local-mutant: solved=6/10
  [14:25:01] mode=swap
    swap: solved=10/10
  [14:25:36] mode=group-reshuffle
    group-reshuffle: solved=4/10
  [14:27:53] mode=constrained-shuffle
    constrained-shuffle: solved=3/10
[14:30:25] DONE R03251
[14:30:25] START R03311
  [14:30:25] mode=symmetry
    symmetry: solved=7/7
  [14:30:37] mode=local-mutant
    local-mutant: solved=10/10
  [14:30:52] mode=swap
    swap: solved=10/10
  [14:31:08] mode=group-reshuffle
    group-reshuffle: solved=10/10
  [14:31:24] mode=constrained-shuffle
    constrained-shuffle: solved=10/10
[14:31:39] DONE R03311
[14:31:39] SHARD END
[19:11:19] SHARD START 32 level(s)
[19:11:19] START P00044
  [19:11:19] mode=symmetry
    already have this (family + solve result exist) -- skipping regeneration/re-solve
  [19:11:19] mode=local-mutant
    already have this (family + solve result exist) -- skipping regeneration/re-solve
  [19:11:19] mode=swap
    already have this (family + solve result exist) -- skipping regeneration/re-solve
  [19:11:19] mode=group-reshuffle
    already have this (family + solve result exist) -- skipping regeneration/re-solve
  [19:11:19] mode=constrained-shuffle
    already have this (family + solve result exist) -- skipping regeneration/re-solve
[19:11:19] DONE P00044
[19:11:19] START P00104
  [19:11:19] mode=symmetry
    already have this (family + solve result exist) -- skipping regeneration/re-solve
  [19:11:19] mode=local-mutant
    already have this (family + solve result exist) -- skipping regeneration/re-solve
  [19:11:19] mode=swap
    already have this (family + solve result exist) -- skipping regeneration/re-solve
  [19:11:19] mode=group-reshuffle
    already have this (family + solve result exist) -- skipping regeneration/re-solve
  [19:11:19] mode=constrained-shuffle
    already have this (family + solve result exist) -- skipping regeneration/re-solve
[19:11:19] DONE P00104
[19:11:19] START S00035
  [19:11:19] mode=symmetry
    already have this (family + solve result exist) -- skipping regeneration/re-solve
  [19:11:19] mode=local-mutant
    already have this (family + solve result exist) -- skipping regeneration/re-solve
  [19:11:19] mode=swap
    already have this (family + solve result exist) -- skipping regeneration/re-solve
  [19:11:19] mode=group-reshuffle
    already have this (family + solve result exist) -- skipping regeneration/re-solve
  [19:11:19] mode=constrained-shuffle
    already have this (family + solve result exist) -- skipping regeneration/re-solve
[19:11:19] DONE S00035
[19:11:19] START R01152
  [19:11:19] mode=symmetry
    already have this (family + solve result exist) -- skipping regeneration/re-solve
  [19:11:19] mode=local-mutant
    already have this (family + solve result exist) -- skipping regeneration/re-solve
  [19:11:19] mode=swap
    already have this (family + solve result exist) -- skipping regeneration/re-solve
  [19:11:19] mode=group-reshuffle
    already have this (family + solve result exist) -- skipping regeneration/re-solve
  [19:11:19] mode=constrained-shuffle
    already have this (family + solve result exist) -- skipping regeneration/re-solve
[19:11:19] DONE R01152
[19:11:19] START R00169
  [19:11:19] mode=swap
    already have this (family + solve result exist) -- skipping regeneration/re-solve
  [19:11:19] mode=group-reshuffle
    already have this (family + solve result exist) -- skipping regeneration/re-solve
  [19:11:19] mode=constrained-shuffle
    already have this (family + solve result exist) -- skipping regeneration/re-solve
[19:11:19] DONE R00169
[19:11:19] START R00548
  [19:11:19] mode=symmetry
    already have this (family + solve result exist) -- skipping regeneration/re-solve
  [19:11:19] mode=local-mutant
    already have this (family + solve result exist) -- skipping regeneration/re-solve
  [19:11:19] mode=swap
    already have this (family + solve result exist) -- skipping regeneration/re-solve
  [19:11:19] mode=group-reshuffle
    already have this (family + solve result exist) -- skipping regeneration/re-solve
  [19:11:19] mode=constrained-shuffle
    already have this (family + solve result exist) -- skipping regeneration/re-solve
[19:11:19] DONE R00548
[19:11:19] START R00912
  [19:11:19] mode=swap
    already have this (family + solve result exist) -- skipping regeneration/re-solve
  [19:11:19] mode=group-reshuffle
    already have this (family + solve result exist) -- skipping regeneration/re-solve
  [19:11:19] mode=constrained-shuffle
    already have this (family + solve result exist) -- skipping regeneration/re-solve
[19:11:19] DONE R00912
[19:11:19] START R01218
  [19:11:19] mode=symmetry
    already have this (family + solve result exist) -- skipping regeneration/re-solve
  [19:11:19] mode=local-mutant
    already have this (family + solve result exist) -- skipping regeneration/re-solve
  [19:11:19] mode=swap
    already have this (family + solve result exist) -- skipping regeneration/re-solve
  [19:11:19] mode=group-reshuffle
    already have this (family + solve result exist) -- skipping regeneration/re-solve
  [19:11:19] mode=constrained-shuffle
    already have this (family + solve result exist) -- skipping regeneration/re-solve
[19:11:19] DONE R01218
[19:11:19] START R01590
  [19:11:19] mode=swap
    already have this (family + solve result exist) -- skipping regeneration/re-solve
  [19:11:19] mode=group-reshuffle
    already have this (family + solve result exist) -- skipping regeneration/re-solve
  [19:11:19] mode=constrained-shuffle
    already have this (family + solve result exist) -- skipping regeneration/re-solve
[19:11:19] DONE R01590
[19:11:19] START R01936
  [19:11:19] mode=symmetry
    already have this (family + solve result exist) -- skipping regeneration/re-solve
  [19:11:19] mode=local-mutant
    already have this (family + solve result exist) -- skipping regeneration/re-solve
  [19:11:19] mode=swap
    already have this (family + solve result exist) -- skipping regeneration/re-solve
  [19:11:19] mode=group-reshuffle
    already have this (family + solve result exist) -- skipping regeneration/re-solve
  [19:11:19] mode=constrained-shuffle
    already have this (family + solve result exist) -- skipping regeneration/re-solve
[19:11:19] DONE R01936
[19:11:19] START R02051
  [19:11:19] mode=swap
    already have this (family + solve result exist) -- skipping regeneration/re-solve
  [19:11:19] mode=group-reshuffle
    already have this (family + solve result exist) -- skipping regeneration/re-solve
  [19:11:19] mode=constrained-shuffle
    already have this (family + solve result exist) -- skipping regeneration/re-solve
[19:11:19] DONE R02051
[19:11:19] START R02111
  [19:11:19] mode=symmetry
    already have this (family + solve result exist) -- skipping regeneration/re-solve
  [19:11:19] mode=local-mutant
    already have this (family + solve result exist) -- skipping regeneration/re-solve
  [19:11:19] mode=swap
    already have this (family + solve result exist) -- skipping regeneration/re-solve
  [19:11:19] mode=group-reshuffle
    already have this (family + solve result exist) -- skipping regeneration/re-solve
  [19:11:19] mode=constrained-shuffle
    already have this (family + solve result exist) -- skipping regeneration/re-solve
[19:11:19] DONE R02111
[19:11:19] START R02171
  [19:11:19] mode=swap
    already have this (family + solve result exist) -- skipping regeneration/re-solve
  [19:11:19] mode=group-reshuffle
    already have this (family + solve result exist) -- skipping regeneration/re-solve
  [19:11:19] mode=constrained-shuffle
    already have this (family + solve result exist) -- skipping regeneration/re-solve
[19:11:19] DONE R02171
[19:11:19] START R02231
  [19:11:19] mode=swap
    already have this (family + solve result exist) -- skipping regeneration/re-solve
  [19:11:19] mode=group-reshuffle
    already have this (family + solve result exist) -- skipping regeneration/re-solve
  [19:11:19] mode=constrained-shuffle
    already have this (family + solve result exist) -- skipping regeneration/re-solve
[19:11:19] DONE R02231
[19:11:19] START R02291
  [19:11:19] mode=swap
    already have this (family + solve result exist) -- skipping regeneration/re-solve
  [19:11:19] mode=group-reshuffle
    already have this (family + solve result exist) -- skipping regeneration/re-solve
  [19:11:19] mode=constrained-shuffle
    already have this (family + solve result exist) -- skipping regeneration/re-solve
[19:11:19] DONE R02291
[19:11:19] START R02351
  [19:11:19] mode=swap
    already have this (family + solve result exist) -- skipping regeneration/re-solve
  [19:11:19] mode=group-reshuffle
    already have this (family + solve result exist) -- skipping regeneration/re-solve
  [19:11:19] mode=constrained-shuffle
    already have this (family + solve result exist) -- skipping regeneration/re-solve
[19:11:19] DONE R02351
[19:11:19] START R02411
  [19:11:19] mode=symmetry
    already have this (family + solve result exist) -- skipping regeneration/re-solve
  [19:11:19] mode=local-mutant
    already have this (family + solve result exist) -- skipping regeneration/re-solve
  [19:11:19] mode=swap
    already have this (family + solve result exist) -- skipping regeneration/re-solve
  [19:11:19] mode=group-reshuffle
    already have this (family + solve result exist) -- skipping regeneration/re-solve
  [19:11:19] mode=constrained-shuffle
    already have this (family + solve result exist) -- skipping regeneration/re-solve
[19:11:19] DONE R02411
[19:11:19] START R02471
  [19:11:19] mode=swap
    already have this (family + solve result exist) -- skipping regeneration/re-solve
  [19:11:19] mode=group-reshuffle
    already have this (family + solve result exist) -- skipping regeneration/re-solve
  [19:11:19] mode=constrained-shuffle
    already have this (family + solve result exist) -- skipping regeneration/re-solve
[19:11:19] DONE R02471
[19:11:19] START R02531
  [19:11:19] mode=swap
    already have this (family + solve result exist) -- skipping regeneration/re-solve
  [19:11:19] mode=group-reshuffle
    already have this (family + solve result exist) -- skipping regeneration/re-solve
  [19:11:19] mode=constrained-shuffle
    already have this (family + solve result exist) -- skipping regeneration/re-solve
[19:11:19] DONE R02531
[19:11:19] START R02591
  [19:11:19] mode=swap
    already have this (family + solve result exist) -- skipping regeneration/re-solve
  [19:11:19] mode=group-reshuffle
    already have this (family + solve result exist) -- skipping regeneration/re-solve
  [19:11:19] mode=constrained-shuffle
    already have this (family + solve result exist) -- skipping regeneration/re-solve
[19:11:19] DONE R02591
[19:11:19] START R02651
  [19:11:19] mode=swap
    already have this (family + solve result exist) -- skipping regeneration/re-solve
  [19:11:19] mode=group-reshuffle
    already have this (family + solve result exist) -- skipping regeneration/re-solve
  [19:11:19] mode=constrained-shuffle
    already have this (family + solve result exist) -- skipping regeneration/re-solve
[19:11:19] DONE R02651
[19:11:19] START R02711
  [19:11:19] mode=symmetry
    already have this (family + solve result exist) -- skipping regeneration/re-solve
  [19:11:19] mode=local-mutant
    already have this (family + solve result exist) -- skipping regeneration/re-solve
  [19:11:19] mode=swap
    already have this (family + solve result exist) -- skipping regeneration/re-solve
  [19:11:19] mode=group-reshuffle
    already have this (family + solve result exist) -- skipping regeneration/re-solve
  [19:11:19] mode=constrained-shuffle
    already have this (family + solve result exist) -- skipping regeneration/re-solve
[19:11:19] DONE R02711
[19:11:19] START R02771
  [19:11:19] mode=symmetry
    already have this (family + solve result exist) -- skipping regeneration/re-solve
  [19:11:19] mode=local-mutant
    already have this (family + solve result exist) -- skipping regeneration/re-solve
  [19:11:19] mode=swap
    already have this (family + solve result exist) -- skipping regeneration/re-solve
  [19:11:19] mode=group-reshuffle
    already have this (family + solve result exist) -- skipping regeneration/re-solve
  [19:11:19] mode=constrained-shuffle
    already have this (family + solve result exist) -- skipping regeneration/re-solve
[19:11:19] DONE R02771
[19:11:19] START R02831
  [19:11:19] mode=symmetry
    already have this (family + solve result exist) -- skipping regeneration/re-solve
  [19:11:19] mode=local-mutant
    already have this (family + solve result exist) -- skipping regeneration/re-solve
  [19:11:19] mode=swap
    already have this (family + solve result exist) -- skipping regeneration/re-solve
  [19:11:19] mode=group-reshuffle
    already have this (family + solve result exist) -- skipping regeneration/re-solve
  [19:11:19] mode=constrained-shuffle
    already have this (family + solve result exist) -- skipping regeneration/re-solve
[19:11:19] DONE R02831
[19:11:19] START R02891
  [19:11:19] mode=symmetry
    already have this (family + solve result exist) -- skipping regeneration/re-solve
  [19:11:19] mode=local-mutant
    already have this (family + solve result exist) -- skipping regeneration/re-solve
  [19:11:19] mode=swap
    already have this (family + solve result exist) -- skipping regeneration/re-solve
  [19:11:19] mode=group-reshuffle
    already have this (family + solve result exist) -- skipping regeneration/re-solve
  [19:11:19] mode=constrained-shuffle
    already have this (family + solve result exist) -- skipping regeneration/re-solve
[19:11:19] DONE R02891
[19:11:19] START R02951
  [19:11:19] mode=swap
    already have this (family + solve result exist) -- skipping regeneration/re-solve
  [19:11:19] mode=group-reshuffle
    already have this (family + solve result exist) -- skipping regeneration/re-solve
  [19:11:19] mode=constrained-shuffle
    already have this (family + solve result exist) -- skipping regeneration/re-solve
[19:11:19] DONE R02951
[19:11:19] START R03011
  [19:11:19] mode=swap
    already have this (family + solve result exist) -- skipping regeneration/re-solve
  [19:11:19] mode=group-reshuffle
    already have this (family + solve result exist) -- skipping regeneration/re-solve
  [19:11:19] mode=constrained-shuffle
    already have this (family + solve result exist) -- skipping regeneration/re-solve
[19:11:19] DONE R03011
[19:11:19] START R03071
  [19:11:19] mode=swap
    already have this (family + solve result exist) -- skipping regeneration/re-solve
  [19:11:19] mode=group-reshuffle
    already have this (family + solve result exist) -- skipping regeneration/re-solve
  [19:11:19] mode=constrained-shuffle
    already have this (family + solve result exist) -- skipping regeneration/re-solve
[19:11:19] DONE R03071
[19:11:19] START R03131
  [19:11:19] mode=swap
    already have this (family + solve result exist) -- skipping regeneration/re-solve
  [19:11:19] mode=group-reshuffle
    already have this (family + solve result exist) -- skipping regeneration/re-solve
  [19:11:19] mode=constrained-shuffle
    already have this (family + solve result exist) -- skipping regeneration/re-solve
[19:11:19] DONE R03131
[19:11:19] START R03191
  [19:11:19] mode=swap
    already have this (family + solve result exist) -- skipping regeneration/re-solve
  [19:11:19] mode=group-reshuffle
    already have this (family + solve result exist) -- skipping regeneration/re-solve
  [19:11:19] mode=constrained-shuffle
    already have this (family + solve result exist) -- skipping regeneration/re-solve
[19:11:19] DONE R03191
[19:11:19] START R03251
  [19:11:19] mode=symmetry
    already have this (family + solve result exist) -- skipping regeneration/re-solve
  [19:11:19] mode=local-mutant
    already have this (family + solve result exist) -- skipping regeneration/re-solve
  [19:11:19] mode=swap
    already have this (family + solve result exist) -- skipping regeneration/re-solve
  [19:11:19] mode=group-reshuffle
    already have this (family + solve result exist) -- skipping regeneration/re-solve
  [19:11:19] mode=constrained-shuffle
    already have this (family + solve result exist) -- skipping regeneration/re-solve
[19:11:19] DONE R03251
[19:11:19] START R03311
  [19:11:19] mode=symmetry
    already have this (family + solve result exist) -- skipping regeneration/re-solve
  [19:11:19] mode=local-mutant
    already have this (family + solve result exist) -- skipping regeneration/re-solve
  [19:11:19] mode=swap
    already have this (family + solve result exist) -- skipping regeneration/re-solve
  [19:11:19] mode=group-reshuffle
    already have this (family + solve result exist) -- skipping regeneration/re-solve
  [19:11:19] mode=constrained-shuffle
    already have this (family + solve result exist) -- skipping regeneration/re-solve
[19:11:19] DONE R03311
[19:11:19] SHARD END
