[11:19:35] SHARD START 33 level(s)
[11:19:35] START P00033
  [11:19:35] mode=symmetry
    symmetry: solved=7/7
  [11:19:38] mode=local-mutant
    local-mutant: solved=10/10
  [11:19:42] mode=swap
    swap: solved=10/10
  [11:19:46] mode=group-reshuffle
    group-reshuffle: solved=10/10
  [11:19:50] mode=constrained-shuffle
    constrained-shuffle: solved=10/10
[11:19:55] DONE P00033
[11:19:55] START P00093
  [11:19:55] mode=symmetry
    symmetry: solved=7/7
  [11:20:02] mode=local-mutant
    local-mutant: solved=10/10
  [11:20:20] mode=swap
    swap: solved=0/0
  [11:20:21] mode=group-reshuffle
    group-reshuffle: solved=10/10
  [11:20:37] mode=constrained-shuffle
    constrained-shuffle: solved=10/10
[11:20:47] DONE P00093
[11:20:47] START P00154
  [11:20:47] mode=symmetry
    symmetry: solved=7/7
  [11:20:55] mode=local-mutant
    local-mutant: solved=10/10
  [11:21:06] mode=swap
    swap: solved=1/1
  [11:21:08] mode=group-reshuffle
    group-reshuffle: solved=0/0
  [11:21:08] mode=constrained-shuffle
    constrained-shuffle: solved=10/10
[11:21:19] DONE P00154
[11:21:19] START R00789
  [11:21:19] mode=symmetry
    symmetry: solved=7/7
  [11:21:26] mode=local-mutant
    local-mutant: solved=10/10
  [11:21:40] mode=swap
    swap: solved=10/10
  [11:21:49] mode=group-reshuffle
    group-reshuffle: solved=10/10
  [11:21:58] mode=constrained-shuffle
    constrained-shuffle: solved=10/10
[11:22:07] DONE R00789
[11:22:07] START R00093
  [11:22:07] mode=swap
    swap: solved=0/10
  [11:25:27] mode=group-reshuffle
    group-reshuffle: solved=0/10
  [11:28:51] mode=constrained-shuffle
    constrained-shuffle: solved=0/10
[11:32:18] DONE R00093
[11:32:18] START R00507
  [11:32:18] mode=swap
    swap: solved=0/10
  [11:36:05] mode=group-reshuffle
    group-reshuffle: solved=0/10
  [11:39:43] mode=constrained-shuffle
    constrained-shuffle: solved=0/10
[11:43:17] DONE R00507
[11:43:17] START R00851
  [11:43:17] mode=symmetry
    symmetry: solved=7/7
  [11:43:25] mode=local-mutant
    local-mutant: solved=1/10
  [11:44:13] mode=swap
    swap: solved=7/10
  [11:44:38] mode=group-reshuffle
    group-reshuffle: solved=4/10
  [11:45:13] mode=constrained-shuffle
    constrained-shuffle: solved=2/10
[11:46:05] DONE R00851
[11:46:05] START R01155
  [11:46:05] mode=swap
    swap: solved=2/10
  [11:47:29] mode=group-reshuffle
    group-reshuffle: solved=8/10
  [11:48:41] mode=constrained-shuffle
    constrained-shuffle: solved=2/10
[11:50:18] DONE R01155
[11:50:18] START R01531
  [11:50:18] mode=symmetry
    symmetry: solved=0/7
  [11:51:32] mode=local-mutant
    local-mutant: solved=3/10
  [11:52:57] mode=swap
    swap: solved=1/10
  [11:54:32] mode=group-reshuffle
    group-reshuffle: solved=3/10
  [11:55:57] mode=constrained-shuffle
    constrained-shuffle: solved=5/10
[11:57:08] DONE R01531
[11:57:08] START R01870
  [11:57:08] mode=swap
    swap: solved=5/10
  [11:59:10] mode=group-reshuffle
    group-reshuffle: solved=1/10
  [12:01:44] mode=constrained-shuffle
    constrained-shuffle: solved=2/10
[12:04:17] DONE R01870
[12:04:17] START R02040
  [12:04:17] mode=symmetry
    symmetry: solved=7/7
  [12:04:52] mode=local-mutant
    local-mutant: solved=10/10
  [12:05:45] mode=swap
    swap: solved=10/10
  [12:06:43] mode=group-reshuffle
    group-reshuffle: solved=10/10
  [12:07:49] mode=constrained-shuffle
    constrained-shuffle: solved=9/10
[12:08:50] DONE R02040
[12:08:50] START R02100
  [12:08:50] mode=swap
    swap: solved=0/10
  [12:10:51] mode=group-reshuffle
    group-reshuffle: solved=1/10
  [12:12:53] mode=constrained-shuffle
    constrained-shuffle: solved=1/10
[12:14:48] DONE R02100
[12:14:48] START R02160
  [12:14:48] mode=swap
    swap: solved=1/10
  [12:19:19] mode=group-reshuffle
    group-reshuffle: solved=2/10
  [12:23:22] mode=constrained-shuffle
    constrained-shuffle: solved=1/10
[12:27:45] DONE R02160
[12:27:45] START R02220
  [12:27:45] mode=symmetry
    symmetry: solved=7/7
  [12:28:21] mode=local-mutant
    local-mutant: solved=9/10
  [12:29:41] mode=swap
    swap: solved=9/10
  [12:30:51] mode=group-reshuffle
    group-reshuffle: solved=5/10
  [12:32:36] mode=constrained-shuffle
    constrained-shuffle: solved=5/10
[12:34:06] DONE R02220
[12:34:06] START R02280
  [12:34:06] mode=swap
    swap: solved=0/10
  [12:37:23] mode=group-reshuffle
    group-reshuffle: solved=1/10
  [12:40:32] mode=constrained-shuffle
    constrained-shuffle: solved=1/10
[12:43:39] DONE R02280
[12:43:39] START R02340
  [12:43:39] mode=swap
    swap: solved=0/10
  [12:45:45] mode=group-reshuffle
    group-reshuffle: solved=1/10
  [12:48:04] mode=constrained-shuffle
    constrained-shuffle: solved=1/10
[12:50:33] DONE R02340
[12:50:33] START R02400
  [12:50:33] mode=symmetry
    symmetry: solved=7/7
  [12:50:44] mode=local-mutant
    local-mutant: solved=9/10
  [12:51:18] mode=swap
    swap: solved=10/10
  [12:51:36] mode=group-reshuffle
    group-reshuffle: solved=8/10
  [12:52:16] mode=constrained-shuffle
    constrained-shuffle: solved=5/10
[12:53:17] DONE R02400
[12:53:17] START R02460
  [12:53:17] mode=swap
    swap: solved=0/10
  [12:54:59] mode=group-reshuffle
    group-reshuffle: solved=0/10
  [12:56:48] mode=constrained-shuffle
    constrained-shuffle: solved=1/10
[12:58:28] DONE R02460
[12:58:28] START R02520
  [12:58:28] mode=symmetry
    symmetry: solved=7/7
  [12:58:43] mode=local-mutant
    local-mutant: solved=10/10
  [12:59:02] mode=swap
    swap: solved=10/10
  [12:59:21] mode=group-reshuffle
    group-reshuffle: solved=10/10
  [12:59:38] mode=constrained-shuffle
    constrained-shuffle: solved=9/10
[13:00:11] DONE R02520
[13:00:11] START R02580
  [13:00:11] mode=swap
    swap: solved=0/10
  [13:03:58] mode=group-reshuffle
    group-reshuffle: solved=1/10
  [13:07:29] mode=constrained-shuffle
    constrained-shuffle: solved=0/10
[13:11:01] DONE R02580
[13:11:01] START R02640
  [13:11:01] mode=swap
    swap: solved=0/10
  [13:12:34] mode=group-reshuffle
    group-reshuffle: solved=1/10
  [13:14:08] mode=constrained-shuffle
    constrained-shuffle: solved=0/10
[13:15:52] DONE R02640
[13:15:52] START R02700
  [13:15:52] mode=swap
    swap: solved=1/10
  [13:17:24] mode=group-reshuffle
    group-reshuffle: solved=0/10
  [13:19:01] mode=constrained-shuffle
    constrained-shuffle: solved=0/10
[13:20:48] DONE R02700
[13:20:48] START R02760
  [13:20:48] mode=swap
    swap: solved=1/10
  [13:22:26] mode=group-reshuffle
    group-reshuffle: solved=9/10
  [13:23:24] mode=constrained-shuffle
    constrained-shuffle: solved=10/10
[13:23:53] DONE R02760
[13:23:53] START R02820
  [13:23:53] mode=symmetry
    symmetry: solved=1/7
  [13:25:53] mode=local-mutant
    local-mutant: solved=1/10
  [13:28:28] mode=swap
    swap: solved=0/10
  [13:31:24] mode=group-reshuffle
    group-reshuffle: solved=4/10
  [13:33:18] mode=constrained-shuffle
    constrained-shuffle: solved=4/10
[13:35:18] DONE R02820
[13:35:18] START R02880
  [13:35:18] mode=swap
    swap: solved=0/10
  [13:36:37] mode=group-reshuffle
    group-reshuffle: solved=0/10
  [13:37:52] mode=constrained-shuffle
    constrained-shuffle: solved=0/10
[13:39:05] DONE R02880
[13:39:05] START R02940
  [13:39:05] mode=swap
    swap: solved=1/10
  [13:40:44] mode=group-reshuffle
    group-reshuffle: solved=0/10
  [13:42:14] mode=constrained-shuffle
    constrained-shuffle: solved=0/10
[13:43:49] DONE R02940
[13:43:49] START R03000
  [13:43:49] mode=symmetry
    symmetry: solved=7/7
  [13:44:12] mode=local-mutant
    local-mutant: solved=10/10
  [13:44:43] mode=swap
    swap: solved=10/10
  [13:45:15] mode=group-reshuffle
    group-reshuffle: solved=10/10
  [13:45:45] mode=constrained-shuffle
    constrained-shuffle: solved=10/10
[13:46:13] DONE R03000
[13:46:13] START R03060
  [13:46:13] mode=symmetry
    symmetry: solved=7/7
  [13:46:29] mode=local-mutant
    local-mutant: solved=10/10
  [13:46:53] mode=swap
    swap: solved=10/10
  [13:47:17] mode=group-reshuffle
    group-reshuffle: solved=10/10
  [13:47:35] mode=constrained-shuffle
    constrained-shuffle: solved=9/10
[13:48:05] DONE R03060
[13:48:05] START R03120
  [13:48:05] mode=swap
    swap: solved=3/10
  [13:50:36] mode=group-reshuffle
    group-reshuffle: solved=9/10
  [13:52:31] mode=constrained-shuffle
    constrained-shuffle: solved=10/10
[13:53:58] DONE R03120
[13:53:58] START R03180
  [13:53:58] mode=swap
    swap: solved=0/10
  [13:55:57] mode=group-reshuffle
    group-reshuffle: solved=0/10
  [13:57:44] mode=constrained-shuffle
    constrained-shuffle: solved=0/10
[13:59:31] DONE R03180
[13:59:31] START R03240
  [13:59:31] mode=symmetry
    symmetry: solved=7/7
  [14:00:32] mode=local-mutant
    local-mutant: solved=8/10
  [14:02:24] mode=swap
    swap: solved=9/10
  [14:03:58] mode=group-reshuffle
    group-reshuffle: solved=5/10
  [14:06:18] mode=constrained-shuffle
    constrained-shuffle: solved=3/10
[14:08:50] DONE R03240
[14:08:50] START R03300
  [14:08:50] mode=swap
    swap: solved=0/10
  [14:11:47] mode=group-reshuffle
    group-reshuffle: solved=0/10
  [14:14:40] mode=constrained-shuffle
    constrained-shuffle: solved=0/10
[14:17:28] DONE R03300
[14:17:28] START R03360
  [14:17:28] mode=symmetry
    symmetry: solved=7/7
  [14:17:35] mode=local-mutant
    local-mutant: solved=10/10
  [14:17:44] mode=swap
    swap: solved=10/10
  [14:17:53] mode=group-reshuffle
    group-reshuffle: solved=10/10
  [14:18:02] mode=constrained-shuffle
    constrained-shuffle: solved=10/10
[14:18:14] DONE R03360
[14:18:14] SHARD END
[19:11:35] SHARD START 33 level(s)
[19:11:35] START P00033
  [19:11:35] mode=symmetry
    already have this (family + solve result exist) -- skipping regeneration/re-solve
  [19:11:35] mode=local-mutant
    already have this (family + solve result exist) -- skipping regeneration/re-solve
  [19:11:35] mode=swap
    already have this (family + solve result exist) -- skipping regeneration/re-solve
  [19:11:35] mode=group-reshuffle
    already have this (family + solve result exist) -- skipping regeneration/re-solve
  [19:11:35] mode=constrained-shuffle
    already have this (family + solve result exist) -- skipping regeneration/re-solve
[19:11:35] DONE P00033
[19:11:35] START P00093
  [19:11:35] mode=symmetry
    already have this (family + solve result exist) -- skipping regeneration/re-solve
  [19:11:35] mode=local-mutant
    already have this (family + solve result exist) -- skipping regeneration/re-solve
  [19:11:35] mode=swap
    already have this (family + solve result exist) -- skipping regeneration/re-solve
  [19:11:35] mode=group-reshuffle
    already have this (family + solve result exist) -- skipping regeneration/re-solve
  [19:11:35] mode=constrained-shuffle
    already have this (family + solve result exist) -- skipping regeneration/re-solve
[19:11:35] DONE P00093
[19:11:35] START P00154
  [19:11:35] mode=symmetry
    already have this (family + solve result exist) -- skipping regeneration/re-solve
  [19:11:35] mode=local-mutant
    already have this (family + solve result exist) -- skipping regeneration/re-solve
  [19:11:35] mode=swap
    already have this (family + solve result exist) -- skipping regeneration/re-solve
  [19:11:35] mode=group-reshuffle
    already have this (family + solve result exist) -- skipping regeneration/re-solve
  [19:11:35] mode=constrained-shuffle
    already have this (family + solve result exist) -- skipping regeneration/re-solve
[19:11:35] DONE P00154
[19:11:35] START R00789
  [19:11:35] mode=symmetry
    already have this (family + solve result exist) -- skipping regeneration/re-solve
  [19:11:35] mode=local-mutant
    already have this (family + solve result exist) -- skipping regeneration/re-solve
  [19:11:35] mode=swap
    already have this (family + solve result exist) -- skipping regeneration/re-solve
  [19:11:35] mode=group-reshuffle
    already have this (family + solve result exist) -- skipping regeneration/re-solve
  [19:11:35] mode=constrained-shuffle
    already have this (family + solve result exist) -- skipping regeneration/re-solve
[19:11:35] DONE R00789
[19:11:35] START R00093
  [19:11:35] mode=swap
    already have this (family + solve result exist) -- skipping regeneration/re-solve
  [19:11:35] mode=group-reshuffle
    already have this (family + solve result exist) -- skipping regeneration/re-solve
  [19:11:35] mode=constrained-shuffle
    already have this (family + solve result exist) -- skipping regeneration/re-solve
[19:11:35] DONE R00093
[19:11:35] START R00507
  [19:11:35] mode=swap
    already have this (family + solve result exist) -- skipping regeneration/re-solve
  [19:11:35] mode=group-reshuffle
    already have this (family + solve result exist) -- skipping regeneration/re-solve
  [19:11:35] mode=constrained-shuffle
    already have this (family + solve result exist) -- skipping regeneration/re-solve
[19:11:35] DONE R00507
[19:11:35] START R00851
  [19:11:35] mode=symmetry
    already have this (family + solve result exist) -- skipping regeneration/re-solve
  [19:11:35] mode=local-mutant
    already have this (family + solve result exist) -- skipping regeneration/re-solve
  [19:11:35] mode=swap
    already have this (family + solve result exist) -- skipping regeneration/re-solve
  [19:11:35] mode=group-reshuffle
    already have this (family + solve result exist) -- skipping regeneration/re-solve
  [19:11:35] mode=constrained-shuffle
    already have this (family + solve result exist) -- skipping regeneration/re-solve
[19:11:35] DONE R00851
[19:11:35] START R01155
  [19:11:35] mode=swap
    already have this (family + solve result exist) -- skipping regeneration/re-solve
  [19:11:35] mode=group-reshuffle
    already have this (family + solve result exist) -- skipping regeneration/re-solve
  [19:11:35] mode=constrained-shuffle
    already have this (family + solve result exist) -- skipping regeneration/re-solve
[19:11:35] DONE R01155
[19:11:35] START R01531
  [19:11:35] mode=symmetry
    already have this (family + solve result exist) -- skipping regeneration/re-solve
  [19:11:35] mode=local-mutant
    already have this (family + solve result exist) -- skipping regeneration/re-solve
  [19:11:35] mode=swap
    already have this (family + solve result exist) -- skipping regeneration/re-solve
  [19:11:35] mode=group-reshuffle
    already have this (family + solve result exist) -- skipping regeneration/re-solve
  [19:11:35] mode=constrained-shuffle
    already have this (family + solve result exist) -- skipping regeneration/re-solve
[19:11:35] DONE R01531
[19:11:35] START R01870
  [19:11:35] mode=swap
    already have this (family + solve result exist) -- skipping regeneration/re-solve
  [19:11:35] mode=group-reshuffle
    already have this (family + solve result exist) -- skipping regeneration/re-solve
  [19:11:35] mode=constrained-shuffle
    already have this (family + solve result exist) -- skipping regeneration/re-solve
[19:11:35] DONE R01870
[19:11:35] START R02040
  [19:11:35] mode=symmetry
    already have this (family + solve result exist) -- skipping regeneration/re-solve
  [19:11:35] mode=local-mutant
    already have this (family + solve result exist) -- skipping regeneration/re-solve
  [19:11:35] mode=swap
    already have this (family + solve result exist) -- skipping regeneration/re-solve
  [19:11:35] mode=group-reshuffle
    already have this (family + solve result exist) -- skipping regeneration/re-solve
  [19:11:35] mode=constrained-shuffle
    already have this (family + solve result exist) -- skipping regeneration/re-solve
[19:11:35] DONE R02040
[19:11:35] START R02100
  [19:11:35] mode=swap
    already have this (family + solve result exist) -- skipping regeneration/re-solve
  [19:11:35] mode=group-reshuffle
    already have this (family + solve result exist) -- skipping regeneration/re-solve
  [19:11:35] mode=constrained-shuffle
    already have this (family + solve result exist) -- skipping regeneration/re-solve
[19:11:35] DONE R02100
[19:11:35] START R02160
  [19:11:35] mode=swap
    already have this (family + solve result exist) -- skipping regeneration/re-solve
  [19:11:35] mode=group-reshuffle
    already have this (family + solve result exist) -- skipping regeneration/re-solve
  [19:11:35] mode=constrained-shuffle
    already have this (family + solve result exist) -- skipping regeneration/re-solve
[19:11:35] DONE R02160
[19:11:35] START R02220
  [19:11:35] mode=symmetry
    already have this (family + solve result exist) -- skipping regeneration/re-solve
  [19:11:35] mode=local-mutant
    already have this (family + solve result exist) -- skipping regeneration/re-solve
  [19:11:35] mode=swap
    already have this (family + solve result exist) -- skipping regeneration/re-solve
  [19:11:35] mode=group-reshuffle
    already have this (family + solve result exist) -- skipping regeneration/re-solve
  [19:11:35] mode=constrained-shuffle
    already have this (family + solve result exist) -- skipping regeneration/re-solve
[19:11:35] DONE R02220
[19:11:35] START R02280
  [19:11:35] mode=swap
    already have this (family + solve result exist) -- skipping regeneration/re-solve
  [19:11:35] mode=group-reshuffle
    already have this (family + solve result exist) -- skipping regeneration/re-solve
  [19:11:35] mode=constrained-shuffle
    already have this (family + solve result exist) -- skipping regeneration/re-solve
[19:11:35] DONE R02280
[19:11:35] START R02340
  [19:11:35] mode=swap
    already have this (family + solve result exist) -- skipping regeneration/re-solve
  [19:11:35] mode=group-reshuffle
    already have this (family + solve result exist) -- skipping regeneration/re-solve
  [19:11:35] mode=constrained-shuffle
    already have this (family + solve result exist) -- skipping regeneration/re-solve
[19:11:35] DONE R02340
[19:11:35] START R02400
  [19:11:35] mode=symmetry
    already have this (family + solve result exist) -- skipping regeneration/re-solve
  [19:11:35] mode=local-mutant
    already have this (family + solve result exist) -- skipping regeneration/re-solve
  [19:11:35] mode=swap
    already have this (family + solve result exist) -- skipping regeneration/re-solve
  [19:11:35] mode=group-reshuffle
    already have this (family + solve result exist) -- skipping regeneration/re-solve
  [19:11:35] mode=constrained-shuffle
    already have this (family + solve result exist) -- skipping regeneration/re-solve
[19:11:35] DONE R02400
[19:11:35] START R02460
  [19:11:35] mode=swap
    already have this (family + solve result exist) -- skipping regeneration/re-solve
  [19:11:35] mode=group-reshuffle
    already have this (family + solve result exist) -- skipping regeneration/re-solve
  [19:11:35] mode=constrained-shuffle
    already have this (family + solve result exist) -- skipping regeneration/re-solve
[19:11:35] DONE R02460
[19:11:35] START R02520
  [19:11:35] mode=symmetry
    already have this (family + solve result exist) -- skipping regeneration/re-solve
  [19:11:35] mode=local-mutant
    already have this (family + solve result exist) -- skipping regeneration/re-solve
  [19:11:35] mode=swap
    already have this (family + solve result exist) -- skipping regeneration/re-solve
  [19:11:35] mode=group-reshuffle
    already have this (family + solve result exist) -- skipping regeneration/re-solve
  [19:11:35] mode=constrained-shuffle
    already have this (family + solve result exist) -- skipping regeneration/re-solve
[19:11:35] DONE R02520
[19:11:35] START R02580
  [19:11:35] mode=swap
    already have this (family + solve result exist) -- skipping regeneration/re-solve
  [19:11:35] mode=group-reshuffle
    already have this (family + solve result exist) -- skipping regeneration/re-solve
  [19:11:35] mode=constrained-shuffle
    already have this (family + solve result exist) -- skipping regeneration/re-solve
[19:11:35] DONE R02580
[19:11:35] START R02640
  [19:11:35] mode=swap
    already have this (family + solve result exist) -- skipping regeneration/re-solve
  [19:11:35] mode=group-reshuffle
    already have this (family + solve result exist) -- skipping regeneration/re-solve
  [19:11:35] mode=constrained-shuffle
    already have this (family + solve result exist) -- skipping regeneration/re-solve
[19:11:35] DONE R02640
[19:11:35] START R02700
  [19:11:35] mode=swap
    already have this (family + solve result exist) -- skipping regeneration/re-solve
  [19:11:35] mode=group-reshuffle
    already have this (family + solve result exist) -- skipping regeneration/re-solve
  [19:11:35] mode=constrained-shuffle
    already have this (family + solve result exist) -- skipping regeneration/re-solve
[19:11:35] DONE R02700
[19:11:35] START R02760
  [19:11:35] mode=swap
    already have this (family + solve result exist) -- skipping regeneration/re-solve
  [19:11:35] mode=group-reshuffle
    already have this (family + solve result exist) -- skipping regeneration/re-solve
  [19:11:35] mode=constrained-shuffle
    already have this (family + solve result exist) -- skipping regeneration/re-solve
[19:11:35] DONE R02760
[19:11:35] START R02820
  [19:11:35] mode=symmetry
    already have this (family + solve result exist) -- skipping regeneration/re-solve
  [19:11:35] mode=local-mutant
    already have this (family + solve result exist) -- skipping regeneration/re-solve
  [19:11:35] mode=swap
    already have this (family + solve result exist) -- skipping regeneration/re-solve
  [19:11:35] mode=group-reshuffle
    already have this (family + solve result exist) -- skipping regeneration/re-solve
  [19:11:35] mode=constrained-shuffle
    already have this (family + solve result exist) -- skipping regeneration/re-solve
[19:11:35] DONE R02820
[19:11:35] START R02880
  [19:11:35] mode=swap
    already have this (family + solve result exist) -- skipping regeneration/re-solve
  [19:11:35] mode=group-reshuffle
    already have this (family + solve result exist) -- skipping regeneration/re-solve
  [19:11:35] mode=constrained-shuffle
    already have this (family + solve result exist) -- skipping regeneration/re-solve
[19:11:35] DONE R02880
[19:11:35] START R02940
  [19:11:35] mode=swap
    already have this (family + solve result exist) -- skipping regeneration/re-solve
  [19:11:35] mode=group-reshuffle
    already have this (family + solve result exist) -- skipping regeneration/re-solve
  [19:11:35] mode=constrained-shuffle
    already have this (family + solve result exist) -- skipping regeneration/re-solve
[19:11:35] DONE R02940
[19:11:35] START R03000
  [19:11:35] mode=symmetry
    already have this (family + solve result exist) -- skipping regeneration/re-solve
  [19:11:35] mode=local-mutant
    already have this (family + solve result exist) -- skipping regeneration/re-solve
  [19:11:35] mode=swap
    already have this (family + solve result exist) -- skipping regeneration/re-solve
  [19:11:35] mode=group-reshuffle
    already have this (family + solve result exist) -- skipping regeneration/re-solve
  [19:11:35] mode=constrained-shuffle
    already have this (family + solve result exist) -- skipping regeneration/re-solve
[19:11:35] DONE R03000
[19:11:35] START R03060
  [19:11:35] mode=symmetry
    already have this (family + solve result exist) -- skipping regeneration/re-solve
  [19:11:35] mode=local-mutant
    already have this (family + solve result exist) -- skipping regeneration/re-solve
  [19:11:35] mode=swap
    already have this (family + solve result exist) -- skipping regeneration/re-solve
  [19:11:35] mode=group-reshuffle
    already have this (family + solve result exist) -- skipping regeneration/re-solve
  [19:11:35] mode=constrained-shuffle
    already have this (family + solve result exist) -- skipping regeneration/re-solve
[19:11:35] DONE R03060
[19:11:35] START R03120
  [19:11:35] mode=swap
    already have this (family + solve result exist) -- skipping regeneration/re-solve
  [19:11:35] mode=group-reshuffle
    already have this (family + solve result exist) -- skipping regeneration/re-solve
  [19:11:35] mode=constrained-shuffle
    already have this (family + solve result exist) -- skipping regeneration/re-solve
[19:11:35] DONE R03120
[19:11:35] START R03180
  [19:11:35] mode=swap
    already have this (family + solve result exist) -- skipping regeneration/re-solve
  [19:11:35] mode=group-reshuffle
    already have this (family + solve result exist) -- skipping regeneration/re-solve
  [19:11:35] mode=constrained-shuffle
    already have this (family + solve result exist) -- skipping regeneration/re-solve
[19:11:35] DONE R03180
[19:11:35] START R03240
  [19:11:35] mode=symmetry
    already have this (family + solve result exist) -- skipping regeneration/re-solve
  [19:11:35] mode=local-mutant
    already have this (family + solve result exist) -- skipping regeneration/re-solve
  [19:11:35] mode=swap
    already have this (family + solve result exist) -- skipping regeneration/re-solve
  [19:11:35] mode=group-reshuffle
    already have this (family + solve result exist) -- skipping regeneration/re-solve
  [19:11:35] mode=constrained-shuffle
    already have this (family + solve result exist) -- skipping regeneration/re-solve
[19:11:35] DONE R03240
[19:11:35] START R03300
  [19:11:35] mode=swap
    already have this (family + solve result exist) -- skipping regeneration/re-solve
  [19:11:35] mode=group-reshuffle
    already have this (family + solve result exist) -- skipping regeneration/re-solve
  [19:11:35] mode=constrained-shuffle
    already have this (family + solve result exist) -- skipping regeneration/re-solve
[19:11:35] DONE R03300
[19:11:35] START R03360
  [19:11:35] mode=symmetry
    already have this (family + solve result exist) -- skipping regeneration/re-solve
  [19:11:35] mode=local-mutant
    already have this (family + solve result exist) -- skipping regeneration/re-solve
  [19:11:35] mode=swap
    already have this (family + solve result exist) -- skipping regeneration/re-solve
  [19:11:35] mode=group-reshuffle
    already have this (family + solve result exist) -- skipping regeneration/re-solve
  [19:11:35] mode=constrained-shuffle
    already have this (family + solve result exist) -- skipping regeneration/re-solve
[19:11:35] DONE R03360
[19:11:35] SHARD END
