[07:39:26] SHARD START 33 level(s)
[07:39:26] START P00013
  [07:39:26] mode=symmetry
    symmetry: solved=7/7
  [07:39:30] mode=local-mutant
    local-mutant: solved=10/10
  [07:39:35] mode=swap
    swap: solved=0/0
  [07:39:36] mode=group-reshuffle
    group-reshuffle: solved=10/10
  [07:39:41] mode=constrained-shuffle
    constrained-shuffle: solved=10/10
[07:39:47] DONE P00013
[07:39:47] START P00073
  [07:39:47] mode=symmetry
    symmetry: solved=7/7
  [07:39:49] mode=local-mutant
    local-mutant: solved=10/10
  [07:39:51] mode=swap
    swap: solved=9/9
  [07:39:52] mode=group-reshuffle
    group-reshuffle: solved=10/10
  [07:39:54] mode=constrained-shuffle
    constrained-shuffle: solved=10/10
[07:39:57] DONE P00073
[07:39:57] START P00133
  [07:39:57] mode=symmetry
    symmetry: solved=3/3
  [07:40:03] mode=local-mutant
    generate produced 0 variants (no file written) -- skipping solve/hint-workbench
  [07:40:03] mode=swap
    swap: solved=0/0
  [07:40:04] mode=constrained-shuffle
    constrained-shuffle: solved=0/0
[07:40:05] DONE P00133
[07:40:05] START R00226
  [07:40:05] mode=symmetry
    symmetry: solved=7/7
  [07:40:13] mode=local-mutant
    local-mutant: solved=10/10
  [07:40:23] mode=swap
    swap: solved=10/10
  [07:40:34] mode=group-reshuffle
    group-reshuffle: solved=10/10
  [07:40:45] mode=constrained-shuffle
    constrained-shuffle: solved=10/10
[07:40:56] DONE R00226
[07:40:56] START R01756
  [07:40:56] mode=symmetry
    symmetry: solved=6/7
  [07:41:44] mode=local-mutant
    local-mutant: solved=9/10
  [07:42:33] mode=swap
    swap: solved=7/10
  [07:43:41] mode=group-reshuffle
    group-reshuffle: solved=5/10
  [07:45:22] mode=constrained-shuffle
    constrained-shuffle: solved=4/10
[07:47:13] DONE R01756
[07:47:13] START R00367
  [07:47:13] mode=swap
    swap: solved=0/10
  [07:48:24] mode=group-reshuffle
    group-reshuffle: solved=2/10
  [07:49:35] mode=constrained-shuffle
    constrained-shuffle: solved=1/10
[07:50:45] DONE R00367
[07:50:45] START R00703
  [07:50:45] mode=swap
    swap: solved=0/10
  [07:54:32] mode=group-reshuffle
    group-reshuffle: solved=1/10
  [07:58:24] mode=constrained-shuffle
    constrained-shuffle: solved=1/10
[08:02:14] DONE R00703
[08:02:14] START R01058
  [08:02:14] mode=swap
    swap: solved=0/10
  [08:06:47] mode=group-reshuffle
    group-reshuffle: solved=0/10
  [08:11:34] mode=constrained-shuffle
    constrained-shuffle: solved=0/10
[08:16:15] DONE R01058
[08:16:15] START R01420
  [08:16:15] mode=swap
    swap: solved=0/10
  [08:17:08] mode=group-reshuffle
    group-reshuffle: solved=2/10
  [08:17:55] mode=constrained-shuffle
    constrained-shuffle: solved=2/10
[08:18:51] DONE R01420
[08:18:51] START R01744
  [08:18:51] mode=symmetry
    symmetry: solved=7/7
  [08:19:00] mode=local-mutant
    local-mutant: solved=10/10
  [08:19:13] mode=swap
    swap: solved=10/10
  [08:19:27] mode=group-reshuffle
    group-reshuffle: solved=10/10
  [08:19:41] mode=constrained-shuffle
    constrained-shuffle: solved=7/10
[08:20:14] DONE R01744
[08:20:14] START R02020
  [08:20:14] mode=symmetry
    symmetry: solved=4/7
  [08:21:39] mode=local-mutant
    local-mutant: solved=2/10
  [08:24:09] mode=swap
    swap: solved=5/10
  [08:26:02] mode=group-reshuffle
    group-reshuffle: solved=6/10
  [08:27:53] mode=constrained-shuffle
    constrained-shuffle: solved=5/10
[08:29:52] DONE R02020
[08:29:52] START R02080
  [08:29:52] mode=swap
    swap: solved=0/10
  [08:32:29] mode=group-reshuffle
    group-reshuffle: solved=3/10
  [08:34:25] mode=constrained-shuffle
    constrained-shuffle: solved=1/10
[08:36:49] DONE R02080
[08:36:49] START R02140
  [08:36:49] mode=swap
    swap: solved=0/10
  [08:41:19] mode=group-reshuffle
    group-reshuffle: solved=0/10
  [08:45:42] mode=constrained-shuffle
    constrained-shuffle: solved=2/10
[08:49:36] DONE R02140
[08:49:36] START R02200
  [08:49:36] mode=symmetry
    symmetry: solved=7/7
  [08:50:06] mode=local-mutant
    local-mutant: solved=6/10
  [08:51:00] mode=swap
    swap: solved=8/10
  [08:51:49] mode=group-reshuffle
    group-reshuffle: solved=7/10
  [08:52:36] mode=constrained-shuffle
    constrained-shuffle: solved=7/10
[08:53:23] DONE R02200
[08:53:23] START R02260
  [08:53:23] mode=swap
    swap: solved=0/10
  [08:55:13] mode=group-reshuffle
    group-reshuffle: solved=0/10
  [08:56:55] mode=constrained-shuffle
    constrained-shuffle: solved=0/10
[08:58:47] DONE R02260
[08:58:47] START R02320
  [08:58:47] mode=symmetry
    symmetry: solved=7/7
  [08:59:25] mode=local-mutant
    local-mutant: solved=9/10
  [08:59:54] mode=swap
    swap: solved=10/10
  [09:00:23] mode=group-reshuffle
    group-reshuffle: solved=9/10
  [09:01:02] mode=constrained-shuffle
    constrained-shuffle: solved=10/10
[09:01:14] DONE R02320
[09:01:14] START R02380
  [09:01:14] mode=swap
    swap: solved=0/10
  [09:02:07] mode=group-reshuffle
    group-reshuffle: solved=0/10
  [09:03:00] mode=constrained-shuffle
    constrained-shuffle: solved=0/10
[09:03:54] DONE R02380
[09:03:54] START R02440
  [09:03:54] mode=swap
    swap: solved=0/10
  [09:07:10] mode=group-reshuffle
    group-reshuffle: solved=0/10
  [09:10:20] mode=constrained-shuffle
    constrained-shuffle: solved=0/10
[09:13:27] DONE R02440
[09:13:27] START R02500
  [09:13:27] mode=swap
    swap: solved=0/10
  [09:17:54] mode=group-reshuffle
    group-reshuffle: solved=1/10
  [09:22:11] mode=constrained-shuffle
    constrained-shuffle: solved=0/10
[09:26:33] DONE R02500
[09:26:33] START R02560
  [09:26:33] mode=symmetry
    symmetry: solved=7/7
  [09:26:43] mode=local-mutant
    local-mutant: solved=10/10
  [09:27:00] mode=swap
    swap: solved=10/10
  [09:27:20] mode=group-reshuffle
    group-reshuffle: solved=10/10
  [09:27:37] mode=constrained-shuffle
    constrained-shuffle: solved=10/10
[09:27:59] DONE R02560
[09:27:59] START R02620
  [09:27:59] mode=symmetry
    symmetry: solved=5/7
  [09:28:55] mode=local-mutant
    local-mutant: solved=7/10
  [09:30:13] mode=swap
    swap: solved=6/10
  [09:32:02] mode=group-reshuffle
    group-reshuffle: solved=6/10
  [09:33:39] mode=constrained-shuffle
    constrained-shuffle: solved=5/10
[09:35:41] DONE R02620
[09:35:41] START R02680
  [09:35:41] mode=symmetry
    symmetry: solved=7/7
  [09:35:56] mode=local-mutant
    local-mutant: solved=6/10
  [09:36:53] mode=swap
    swap: solved=9/10
  [09:37:28] mode=group-reshuffle
    group-reshuffle: solved=4/10
  [09:38:45] mode=constrained-shuffle
    constrained-shuffle: solved=5/10
[09:39:59] DONE R02680
[09:39:59] START R02740
  [09:39:59] mode=symmetry
    symmetry: solved=7/7
  [09:41:01] mode=local-mutant
    local-mutant: solved=5/10
  [09:43:31] mode=swap
    swap: solved=6/10
  [09:45:57] mode=group-reshuffle
    group-reshuffle: solved=8/10
  [09:47:34] mode=constrained-shuffle
    constrained-shuffle: solved=6/10
[09:49:43] DONE R02740
[09:49:43] START R02800
  [09:49:43] mode=swap
    swap: solved=0/10
  [09:52:10] mode=group-reshuffle
    group-reshuffle: solved=1/10
  [09:54:34] mode=constrained-shuffle
    constrained-shuffle: solved=2/10
[09:56:59] DONE R02800
[09:56:59] START R02860
  [09:56:59] mode=swap
    swap: solved=1/10
  [09:59:03] mode=group-reshuffle
    group-reshuffle: solved=1/10
  [10:01:08] mode=constrained-shuffle
    constrained-shuffle: solved=2/10
[10:02:57] DONE R02860
[10:02:57] START R02920
  [10:02:57] mode=swap
    swap: solved=0/10
  [10:07:02] mode=group-reshuffle
    group-reshuffle: solved=0/10
  [10:11:03] mode=constrained-shuffle
    constrained-shuffle: solved=0/10
[10:15:02] DONE R02920
[10:15:02] START R02980
  [10:15:02] mode=swap
    swap: solved=0/10
  [10:19:19] mode=group-reshuffle
    group-reshuffle: solved=0/10
  [10:23:44] mode=constrained-shuffle
    constrained-shuffle: solved=0/10
[10:28:28] DONE R02980
[10:28:28] START R03040
  [10:28:28] mode=symmetry
    symmetry: solved=7/7
  [10:29:16] mode=local-mutant
    local-mutant: solved=10/10
  [10:30:23] mode=swap
    swap: solved=10/10
  [10:31:24] mode=group-reshuffle
    group-reshuffle: solved=9/10
  [10:32:39] mode=constrained-shuffle
    constrained-shuffle: solved=9/10
[10:33:45] DONE R03040
[10:33:45] START R03100
  [10:33:45] mode=symmetry
    symmetry: solved=7/7
  [10:35:02] mode=local-mutant
    local-mutant: solved=9/10
  [10:37:02] mode=swap
    swap: solved=8/10
  [10:39:06] mode=group-reshuffle
    group-reshuffle: solved=8/10
  [10:41:13] mode=constrained-shuffle
    constrained-shuffle: solved=3/10
[10:43:55] DONE R03100
[10:43:55] START R03160
  [10:43:55] mode=symmetry
    symmetry: solved=7/7
  [10:44:26] mode=local-mutant
    local-mutant: solved=4/10
  [10:45:49] mode=swap
    swap: solved=7/10
  [10:46:43] mode=group-reshuffle
    group-reshuffle: solved=7/10
  [10:47:29] mode=constrained-shuffle
    constrained-shuffle: solved=3/10
[10:49:03] DONE R03160
[10:49:03] START R03220
  [10:49:03] mode=swap
    swap: solved=0/10
  [10:53:22] mode=group-reshuffle
    group-reshuffle: solved=0/10
  [10:57:33] mode=constrained-shuffle
    constrained-shuffle: solved=0/10
[11:01:43] DONE R03220
[11:01:43] START R03280
  [11:01:43] mode=swap
    swap: solved=0/10
  [11:05:56] mode=group-reshuffle
    group-reshuffle: solved=2/10
  [11:09:44] mode=constrained-shuffle
    constrained-shuffle: solved=0/10
[11:13:52] DONE R03280
[11:13:52] START R03340
  [11:13:52] mode=symmetry
    symmetry: solved=7/7
  [11:14:57] mode=local-mutant
    local-mutant: solved=9/10
  [11:16:14] mode=swap
    swap: solved=10/10
  [11:17:14] mode=group-reshuffle
    group-reshuffle: solved=10/10
  [11:18:36] mode=constrained-shuffle
    constrained-shuffle: solved=7/10
[11:20:48] DONE R03340
[11:20:48] SHARD END
[19:09:55] SHARD START 33 level(s)
[19:09:55] START P00013
  [19:09:55] mode=symmetry
    already have this (family + solve result exist) -- skipping regeneration/re-solve
  [19:09:55] mode=local-mutant
    already have this (family + solve result exist) -- skipping regeneration/re-solve
  [19:09:55] mode=swap
    already have this (family + solve result exist) -- skipping regeneration/re-solve
  [19:09:55] mode=group-reshuffle
    already have this (family + solve result exist) -- skipping regeneration/re-solve
  [19:09:55] mode=constrained-shuffle
    already have this (family + solve result exist) -- skipping regeneration/re-solve
[19:09:55] DONE P00013
[19:09:55] START P00073
  [19:09:55] mode=symmetry
    already have this (family + solve result exist) -- skipping regeneration/re-solve
  [19:09:55] mode=local-mutant
    already have this (family + solve result exist) -- skipping regeneration/re-solve
  [19:09:55] mode=swap
    already have this (family + solve result exist) -- skipping regeneration/re-solve
  [19:09:55] mode=group-reshuffle
    already have this (family + solve result exist) -- skipping regeneration/re-solve
  [19:09:55] mode=constrained-shuffle
    already have this (family + solve result exist) -- skipping regeneration/re-solve
[19:09:55] DONE P00073
[19:09:55] START P00133
  [19:09:55] mode=symmetry
    already have this (family + solve result exist) -- skipping regeneration/re-solve
  [19:09:55] mode=local-mutant
    generate produced 0 variants (no file written) -- skipping solve/hint-workbench
  [19:09:55] mode=swap
    already have this (family + solve result exist) -- skipping regeneration/re-solve
  [19:09:55] mode=constrained-shuffle
    already have this (family + solve result exist) -- skipping regeneration/re-solve
[19:09:55] DONE P00133
[19:09:55] START R00226
  [19:09:55] mode=symmetry
    already have this (family + solve result exist) -- skipping regeneration/re-solve
  [19:09:55] mode=local-mutant
    already have this (family + solve result exist) -- skipping regeneration/re-solve
  [19:09:55] mode=swap
    already have this (family + solve result exist) -- skipping regeneration/re-solve
  [19:09:55] mode=group-reshuffle
    already have this (family + solve result exist) -- skipping regeneration/re-solve
  [19:09:55] mode=constrained-shuffle
    already have this (family + solve result exist) -- skipping regeneration/re-solve
[19:09:55] DONE R00226
[19:09:55] START R01756
  [19:09:55] mode=symmetry
    already have this (family + solve result exist) -- skipping regeneration/re-solve
  [19:09:55] mode=local-mutant
    already have this (family + solve result exist) -- skipping regeneration/re-solve
  [19:09:55] mode=swap
    already have this (family + solve result exist) -- skipping regeneration/re-solve
  [19:09:55] mode=group-reshuffle
    already have this (family + solve result exist) -- skipping regeneration/re-solve
  [19:09:55] mode=constrained-shuffle
    already have this (family + solve result exist) -- skipping regeneration/re-solve
[19:09:55] DONE R01756
[19:09:55] START R00367
  [19:09:55] mode=swap
    already have this (family + solve result exist) -- skipping regeneration/re-solve
  [19:09:55] mode=group-reshuffle
    already have this (family + solve result exist) -- skipping regeneration/re-solve
  [19:09:55] mode=constrained-shuffle
    already have this (family + solve result exist) -- skipping regeneration/re-solve
[19:09:55] DONE R00367
[19:09:55] START R00703
  [19:09:55] mode=swap
    already have this (family + solve result exist) -- skipping regeneration/re-solve
  [19:09:55] mode=group-reshuffle
    already have this (family + solve result exist) -- skipping regeneration/re-solve
  [19:09:55] mode=constrained-shuffle
    already have this (family + solve result exist) -- skipping regeneration/re-solve
[19:09:55] DONE R00703
[19:09:55] START R01058
  [19:09:55] mode=swap
    already have this (family + solve result exist) -- skipping regeneration/re-solve
  [19:09:55] mode=group-reshuffle
    already have this (family + solve result exist) -- skipping regeneration/re-solve
  [19:09:55] mode=constrained-shuffle
    already have this (family + solve result exist) -- skipping regeneration/re-solve
[19:09:55] DONE R01058
[19:09:55] START R01420
  [19:09:55] mode=swap
    already have this (family + solve result exist) -- skipping regeneration/re-solve
  [19:09:55] mode=group-reshuffle
    already have this (family + solve result exist) -- skipping regeneration/re-solve
  [19:09:55] mode=constrained-shuffle
    already have this (family + solve result exist) -- skipping regeneration/re-solve
[19:09:55] DONE R01420
[19:09:55] START R01744
  [19:09:55] mode=symmetry
    already have this (family + solve result exist) -- skipping regeneration/re-solve
  [19:09:55] mode=local-mutant
    already have this (family + solve result exist) -- skipping regeneration/re-solve
  [19:09:55] mode=swap
    already have this (family + solve result exist) -- skipping regeneration/re-solve
  [19:09:55] mode=group-reshuffle
    already have this (family + solve result exist) -- skipping regeneration/re-solve
  [19:09:55] mode=constrained-shuffle
    already have this (family + solve result exist) -- skipping regeneration/re-solve
[19:09:55] DONE R01744
[19:09:55] START R02020
  [19:09:55] mode=symmetry
    already have this (family + solve result exist) -- skipping regeneration/re-solve
  [19:09:55] mode=local-mutant
    already have this (family + solve result exist) -- skipping regeneration/re-solve
  [19:09:55] mode=swap
    already have this (family + solve result exist) -- skipping regeneration/re-solve
  [19:09:55] mode=group-reshuffle
    already have this (family + solve result exist) -- skipping regeneration/re-solve
  [19:09:55] mode=constrained-shuffle
    already have this (family + solve result exist) -- skipping regeneration/re-solve
[19:09:55] DONE R02020
[19:09:55] START R02080
  [19:09:55] mode=swap
    already have this (family + solve result exist) -- skipping regeneration/re-solve
  [19:09:55] mode=group-reshuffle
    already have this (family + solve result exist) -- skipping regeneration/re-solve
  [19:09:55] mode=constrained-shuffle
    already have this (family + solve result exist) -- skipping regeneration/re-solve
[19:09:55] DONE R02080
[19:09:55] START R02140
  [19:09:55] mode=swap
    already have this (family + solve result exist) -- skipping regeneration/re-solve
  [19:09:55] mode=group-reshuffle
    already have this (family + solve result exist) -- skipping regeneration/re-solve
  [19:09:55] mode=constrained-shuffle
    already have this (family + solve result exist) -- skipping regeneration/re-solve
[19:09:55] DONE R02140
[19:09:55] START R02200
  [19:09:55] mode=symmetry
    already have this (family + solve result exist) -- skipping regeneration/re-solve
  [19:09:55] mode=local-mutant
    already have this (family + solve result exist) -- skipping regeneration/re-solve
  [19:09:55] mode=swap
    already have this (family + solve result exist) -- skipping regeneration/re-solve
  [19:09:55] mode=group-reshuffle
    already have this (family + solve result exist) -- skipping regeneration/re-solve
  [19:09:55] mode=constrained-shuffle
    already have this (family + solve result exist) -- skipping regeneration/re-solve
[19:09:55] DONE R02200
[19:09:55] START R02260
  [19:09:55] mode=swap
    already have this (family + solve result exist) -- skipping regeneration/re-solve
  [19:09:55] mode=group-reshuffle
    already have this (family + solve result exist) -- skipping regeneration/re-solve
  [19:09:55] mode=constrained-shuffle
    already have this (family + solve result exist) -- skipping regeneration/re-solve
[19:09:55] DONE R02260
[19:09:55] START R02320
  [19:09:55] mode=symmetry
    already have this (family + solve result exist) -- skipping regeneration/re-solve
  [19:09:55] mode=local-mutant
    already have this (family + solve result exist) -- skipping regeneration/re-solve
  [19:09:55] mode=swap
    already have this (family + solve result exist) -- skipping regeneration/re-solve
  [19:09:55] mode=group-reshuffle
    already have this (family + solve result exist) -- skipping regeneration/re-solve
  [19:09:55] mode=constrained-shuffle
    already have this (family + solve result exist) -- skipping regeneration/re-solve
[19:09:55] DONE R02320
[19:09:55] START R02380
  [19:09:55] mode=swap
    already have this (family + solve result exist) -- skipping regeneration/re-solve
  [19:09:55] mode=group-reshuffle
    already have this (family + solve result exist) -- skipping regeneration/re-solve
  [19:09:55] mode=constrained-shuffle
    already have this (family + solve result exist) -- skipping regeneration/re-solve
[19:09:55] DONE R02380
[19:09:55] START R02440
  [19:09:55] mode=swap
    already have this (family + solve result exist) -- skipping regeneration/re-solve
  [19:09:55] mode=group-reshuffle
    already have this (family + solve result exist) -- skipping regeneration/re-solve
  [19:09:55] mode=constrained-shuffle
    already have this (family + solve result exist) -- skipping regeneration/re-solve
[19:09:55] DONE R02440
[19:09:55] START R02500
  [19:09:55] mode=swap
    already have this (family + solve result exist) -- skipping regeneration/re-solve
  [19:09:55] mode=group-reshuffle
    already have this (family + solve result exist) -- skipping regeneration/re-solve
  [19:09:55] mode=constrained-shuffle
    already have this (family + solve result exist) -- skipping regeneration/re-solve
[19:09:55] DONE R02500
[19:09:55] START R02560
  [19:09:55] mode=symmetry
    already have this (family + solve result exist) -- skipping regeneration/re-solve
  [19:09:55] mode=local-mutant
    already have this (family + solve result exist) -- skipping regeneration/re-solve
  [19:09:55] mode=swap
    already have this (family + solve result exist) -- skipping regeneration/re-solve
  [19:09:55] mode=group-reshuffle
    already have this (family + solve result exist) -- skipping regeneration/re-solve
  [19:09:55] mode=constrained-shuffle
    already have this (family + solve result exist) -- skipping regeneration/re-solve
[19:09:55] DONE R02560
[19:09:55] START R02620
  [19:09:55] mode=symmetry
    already have this (family + solve result exist) -- skipping regeneration/re-solve
  [19:09:55] mode=local-mutant
    already have this (family + solve result exist) -- skipping regeneration/re-solve
  [19:09:55] mode=swap
    already have this (family + solve result exist) -- skipping regeneration/re-solve
  [19:09:55] mode=group-reshuffle
    already have this (family + solve result exist) -- skipping regeneration/re-solve
  [19:09:55] mode=constrained-shuffle
    already have this (family + solve result exist) -- skipping regeneration/re-solve
[19:09:55] DONE R02620
[19:09:55] START R02680
  [19:09:55] mode=symmetry
    already have this (family + solve result exist) -- skipping regeneration/re-solve
  [19:09:55] mode=local-mutant
    already have this (family + solve result exist) -- skipping regeneration/re-solve
  [19:09:55] mode=swap
    already have this (family + solve result exist) -- skipping regeneration/re-solve
  [19:09:55] mode=group-reshuffle
    already have this (family + solve result exist) -- skipping regeneration/re-solve
  [19:09:55] mode=constrained-shuffle
    already have this (family + solve result exist) -- skipping regeneration/re-solve
[19:09:55] DONE R02680
[19:09:55] START R02740
  [19:09:55] mode=symmetry
    already have this (family + solve result exist) -- skipping regeneration/re-solve
  [19:09:55] mode=local-mutant
    already have this (family + solve result exist) -- skipping regeneration/re-solve
  [19:09:55] mode=swap
    already have this (family + solve result exist) -- skipping regeneration/re-solve
  [19:09:55] mode=group-reshuffle
    already have this (family + solve result exist) -- skipping regeneration/re-solve
  [19:09:55] mode=constrained-shuffle
    already have this (family + solve result exist) -- skipping regeneration/re-solve
[19:09:55] DONE R02740
[19:09:55] START R02800
  [19:09:55] mode=swap
    already have this (family + solve result exist) -- skipping regeneration/re-solve
  [19:09:55] mode=group-reshuffle
    already have this (family + solve result exist) -- skipping regeneration/re-solve
  [19:09:55] mode=constrained-shuffle
    already have this (family + solve result exist) -- skipping regeneration/re-solve
[19:09:55] DONE R02800
[19:09:55] START R02860
  [19:09:55] mode=swap
    already have this (family + solve result exist) -- skipping regeneration/re-solve
  [19:09:55] mode=group-reshuffle
    already have this (family + solve result exist) -- skipping regeneration/re-solve
  [19:09:55] mode=constrained-shuffle
    already have this (family + solve result exist) -- skipping regeneration/re-solve
[19:09:55] DONE R02860
[19:09:55] START R02920
  [19:09:55] mode=swap
    already have this (family + solve result exist) -- skipping regeneration/re-solve
  [19:09:55] mode=group-reshuffle
    already have this (family + solve result exist) -- skipping regeneration/re-solve
  [19:09:55] mode=constrained-shuffle
    already have this (family + solve result exist) -- skipping regeneration/re-solve
[19:09:55] DONE R02920
[19:09:55] START R02980
  [19:09:55] mode=swap
    already have this (family + solve result exist) -- skipping regeneration/re-solve
  [19:09:55] mode=group-reshuffle
    already have this (family + solve result exist) -- skipping regeneration/re-solve
  [19:09:55] mode=constrained-shuffle
    already have this (family + solve result exist) -- skipping regeneration/re-solve
[19:09:55] DONE R02980
[19:09:55] START R03040
  [19:09:55] mode=symmetry
    already have this (family + solve result exist) -- skipping regeneration/re-solve
  [19:09:55] mode=local-mutant
    already have this (family + solve result exist) -- skipping regeneration/re-solve
  [19:09:55] mode=swap
    already have this (family + solve result exist) -- skipping regeneration/re-solve
  [19:09:55] mode=group-reshuffle
    already have this (family + solve result exist) -- skipping regeneration/re-solve
  [19:09:55] mode=constrained-shuffle
    already have this (family + solve result exist) -- skipping regeneration/re-solve
[19:09:55] DONE R03040
[19:09:55] START R03100
  [19:09:55] mode=symmetry
    already have this (family + solve result exist) -- skipping regeneration/re-solve
  [19:09:55] mode=local-mutant
    already have this (family + solve result exist) -- skipping regeneration/re-solve
  [19:09:55] mode=swap
    already have this (family + solve result exist) -- skipping regeneration/re-solve
  [19:09:55] mode=group-reshuffle
    already have this (family + solve result exist) -- skipping regeneration/re-solve
  [19:09:55] mode=constrained-shuffle
    already have this (family + solve result exist) -- skipping regeneration/re-solve
[19:09:55] DONE R03100
[19:09:55] START R03160
  [19:09:55] mode=symmetry
    already have this (family + solve result exist) -- skipping regeneration/re-solve
  [19:09:55] mode=local-mutant
    already have this (family + solve result exist) -- skipping regeneration/re-solve
  [19:09:55] mode=swap
    already have this (family + solve result exist) -- skipping regeneration/re-solve
  [19:09:55] mode=group-reshuffle
    already have this (family + solve result exist) -- skipping regeneration/re-solve
  [19:09:55] mode=constrained-shuffle
    already have this (family + solve result exist) -- skipping regeneration/re-solve
[19:09:55] DONE R03160
[19:09:55] START R03220
  [19:09:55] mode=swap
    already have this (family + solve result exist) -- skipping regeneration/re-solve
  [19:09:55] mode=group-reshuffle
    already have this (family + solve result exist) -- skipping regeneration/re-solve
  [19:09:55] mode=constrained-shuffle
    already have this (family + solve result exist) -- skipping regeneration/re-solve
[19:09:55] DONE R03220
[19:09:55] START R03280
  [19:09:55] mode=swap
    already have this (family + solve result exist) -- skipping regeneration/re-solve
  [19:09:55] mode=group-reshuffle
    already have this (family + solve result exist) -- skipping regeneration/re-solve
  [19:09:55] mode=constrained-shuffle
    already have this (family + solve result exist) -- skipping regeneration/re-solve
[19:09:55] DONE R03280
[19:09:55] START R03340
  [19:09:55] mode=symmetry
    already have this (family + solve result exist) -- skipping regeneration/re-solve
  [19:09:55] mode=local-mutant
    already have this (family + solve result exist) -- skipping regeneration/re-solve
  [19:09:55] mode=swap
    already have this (family + solve result exist) -- skipping regeneration/re-solve
  [19:09:55] mode=group-reshuffle
    already have this (family + solve result exist) -- skipping regeneration/re-solve
  [19:09:55] mode=constrained-shuffle
    already have this (family + solve result exist) -- skipping regeneration/re-solve
[19:09:55] DONE R03340
[19:09:55] SHARD END
