[04:08:46] SHARD START 33 level(s)
[04:08:46] START P00012
  [04:08:46] mode=symmetry
    symmetry: solved=7/7
  [04:08:50] mode=local-mutant
    local-mutant: solved=0/0
  [04:08:51] mode=swap
    swap: solved=0/0
  [04:08:52] mode=group-reshuffle
    group-reshuffle: solved=0/0
  [04:08:53] mode=constrained-shuffle
    constrained-shuffle: solved=0/0
[04:08:54] DONE P00012
[04:08:54] START P00072
  [04:08:54] mode=symmetry
    symmetry: solved=7/7
  [04:08:58] mode=local-mutant
    local-mutant: solved=10/10
  [04:09:03] mode=swap
    swap: solved=0/0
  [04:09:04] mode=group-reshuffle
    group-reshuffle: solved=10/10
  [04:09:10] mode=constrained-shuffle
    constrained-shuffle: solved=10/10
[04:09:16] DONE P00072
[04:09:16] START P00132
  [04:09:16] mode=symmetry
    symmetry: solved=7/7
  [04:09:24] mode=local-mutant
    local-mutant: solved=10/10
  [04:09:35] mode=swap
    swap: solved=0/0
  [04:09:36] mode=group-reshuffle
    group-reshuffle: solved=0/0
  [04:09:37] mode=constrained-shuffle
    constrained-shuffle: solved=10/10
[04:09:47] DONE P00132
[04:09:47] START R00197
  [04:09:47] mode=symmetry
    symmetry: solved=7/7
  [04:10:20] mode=local-mutant
    local-mutant: solved=9/10
  [04:11:20] mode=swap
    swap: solved=8/9
  [04:12:25] mode=group-reshuffle
    group-reshuffle: solved=7/10
  [04:13:40] mode=constrained-shuffle
    constrained-shuffle: solved=9/10
[04:14:38] DONE R00197
[04:14:38] START R01743
  [04:14:38] mode=symmetry
    symmetry: solved=7/7
  [04:14:49] mode=local-mutant
    local-mutant: solved=10/10
  [04:15:04] mode=swap
    swap: solved=10/10
  [04:15:20] mode=group-reshuffle
    group-reshuffle: solved=10/10
  [04:15:36] mode=constrained-shuffle
    constrained-shuffle: solved=10/10
[04:15:53] DONE R01743
[04:15:53] START R00358
  [04:15:53] mode=symmetry
    symmetry: solved=7/7
  [04:16:08] mode=local-mutant
    local-mutant: solved=10/10
  [04:16:27] mode=swap
    swap: solved=10/10
  [04:16:48] mode=group-reshuffle
    group-reshuffle: solved=10/10
  [04:17:09] mode=constrained-shuffle
    constrained-shuffle: solved=10/10
[04:17:28] DONE R00358
[04:17:28] START R00702
  [04:17:28] mode=swap
    swap: solved=0/10
  [04:19:49] mode=group-reshuffle
    group-reshuffle: solved=1/10
  [04:21:54] mode=constrained-shuffle
    constrained-shuffle: solved=1/10
[04:24:08] DONE R00702
[04:24:08] START R01052
  [04:24:08] mode=swap
    swap: solved=1/10
  [04:27:44] mode=group-reshuffle
    group-reshuffle: solved=1/10
  [04:31:19] mode=constrained-shuffle
    constrained-shuffle: solved=3/10
[04:34:15] DONE R01052
[04:34:15] START R01417
  [04:34:15] mode=swap
    swap: solved=0/10
  [04:36:29] mode=group-reshuffle
    group-reshuffle: solved=0/10
  [04:38:52] mode=constrained-shuffle
    constrained-shuffle: solved=0/10
[04:41:23] DONE R01417
[04:41:23] START R01738
  [04:41:23] mode=swap
    swap: solved=0/10
  [04:42:48] mode=group-reshuffle
    group-reshuffle: solved=1/10
  [04:44:05] mode=constrained-shuffle
    constrained-shuffle: solved=2/10
[04:45:14] DONE R01738
[04:45:14] START R02019
  [04:45:14] mode=swap
    swap: solved=0/10
  [04:46:08] mode=group-reshuffle
    group-reshuffle: solved=0/10
  [04:47:03] mode=constrained-shuffle
    constrained-shuffle: solved=0/10
[04:47:58] DONE R02019
[04:47:58] START R02079
  [04:47:58] mode=swap
    swap: solved=0/10
  [04:52:57] mode=group-reshuffle
    group-reshuffle: solved=0/10
  [04:57:54] mode=constrained-shuffle
    constrained-shuffle: solved=0/10
[05:02:43] DONE R02079
[05:02:43] START R02139
  [05:02:43] mode=symmetry
    symmetry: solved=7/7
  [05:03:39] mode=local-mutant
    local-mutant: solved=10/10
  [05:05:05] mode=swap
    swap: solved=10/10
  [05:06:49] mode=group-reshuffle
    group-reshuffle: solved=10/10
  [05:08:14] mode=constrained-shuffle
    constrained-shuffle: solved=9/10
[05:09:12] DONE R02139
[05:09:12] START R02199
  [05:09:12] mode=swap
    swap: solved=0/10
  [05:14:08] mode=group-reshuffle
    group-reshuffle: solved=0/10
  [05:19:08] mode=constrained-shuffle
    constrained-shuffle: solved=1/10
[05:24:04] DONE R02199
[05:24:04] START R02259
  [05:24:04] mode=symmetry
    symmetry: solved=4/7
  [05:25:03] mode=local-mutant
    local-mutant: solved=8/10
  [05:26:01] mode=swap
    swap: solved=9/10
  [05:26:53] mode=group-reshuffle
    group-reshuffle: solved=10/10
  [05:27:41] mode=constrained-shuffle
    constrained-shuffle: solved=8/10
[05:28:25] DONE R02259
[05:28:25] START R02319
  [05:28:25] mode=symmetry
    symmetry: solved=4/7
  [05:29:31] mode=local-mutant
    local-mutant: solved=7/10
  [05:30:48] mode=swap
    swap: solved=8/10
  [05:31:43] mode=group-reshuffle
    group-reshuffle: solved=6/10
  [05:33:36] mode=constrained-shuffle
    constrained-shuffle: solved=6/10
[05:35:15] DONE R02319
[05:35:15] START R02379
  [05:35:15] mode=symmetry
    symmetry: solved=7/7
  [05:35:53] mode=local-mutant
    local-mutant: solved=10/10
  [05:36:39] mode=swap
    swap: solved=1/1
  [05:36:54] mode=group-reshuffle
    group-reshuffle: solved=9/10
  [05:38:15] mode=constrained-shuffle
    constrained-shuffle: solved=10/10
[05:39:01] DONE R02379
[05:39:01] START R02439
  [05:39:01] mode=symmetry
    symmetry: solved=7/7
  [05:39:18] mode=local-mutant
    local-mutant: solved=3/10
  [05:40:37] mode=swap
    swap: solved=5/10
  [05:41:44] mode=group-reshuffle
    group-reshuffle: solved=5/10
  [05:42:59] mode=constrained-shuffle
    constrained-shuffle: solved=4/10
[05:44:15] DONE R02439
[05:44:15] START R02499
  [05:44:15] mode=swap
    swap: solved=0/10
  [05:47:53] mode=group-reshuffle
    group-reshuffle: solved=0/10
  [05:51:26] mode=constrained-shuffle
    constrained-shuffle: solved=0/10
[05:55:02] DONE R02499
[05:55:02] START R02559
  [05:55:02] mode=symmetry
    symmetry: solved=7/7
  [05:55:32] mode=local-mutant
    local-mutant: solved=10/10
  [05:56:25] mode=swap
    swap: solved=10/10
  [05:56:50] mode=group-reshuffle
    group-reshuffle: solved=0/0
  [05:56:51] mode=constrained-shuffle
    constrained-shuffle: solved=9/10
[05:58:03] DONE R02559
[05:58:03] START R02619
  [05:58:03] mode=swap
    swap: solved=0/10
  [06:02:29] mode=group-reshuffle
    group-reshuffle: solved=0/10
  [06:07:01] mode=constrained-shuffle
    constrained-shuffle: solved=0/10
[06:11:34] DONE R02619
[06:11:34] START R02679
  [06:11:34] mode=symmetry
    symmetry: solved=7/7
  [06:12:08] mode=local-mutant
    local-mutant: solved=7/10
  [06:12:59] mode=swap
    swap: solved=7/10
  [06:13:49] mode=group-reshuffle
    group-reshuffle: solved=7/10
  [06:14:26] mode=constrained-shuffle
    constrained-shuffle: solved=6/10
[06:15:04] DONE R02679
[06:15:04] START R02739
  [06:15:04] mode=swap
    swap: solved=1/7
  [06:17:02] mode=group-reshuffle
    group-reshuffle: solved=3/10
  [06:19:35] mode=constrained-shuffle
    constrained-shuffle: solved=8/10
[06:21:09] DONE R02739
[06:21:09] START R02799
  [06:21:09] mode=swap
    swap: solved=0/10
  [06:23:02] mode=group-reshuffle
    group-reshuffle: solved=3/10
  [06:24:55] mode=constrained-shuffle
    constrained-shuffle: solved=1/10
[06:26:49] DONE R02799
[06:26:49] START R02859
  [06:26:49] mode=swap
    swap: solved=4/10
  [06:28:37] mode=group-reshuffle
    group-reshuffle: solved=7/10
  [06:30:09] mode=constrained-shuffle
    constrained-shuffle: solved=9/10
[06:31:04] DONE R02859
[06:31:04] START R02919
  [06:31:04] mode=swap
    swap: solved=0/10
  [06:32:10] mode=group-reshuffle
    group-reshuffle: solved=1/10
  [06:33:13] mode=constrained-shuffle
    constrained-shuffle: solved=3/10
[06:34:07] DONE R02919
[06:34:07] START R02979
  [06:34:07] mode=swap
    swap: solved=0/10
  [06:38:56] mode=group-reshuffle
    group-reshuffle: solved=6/10
  [06:42:10] mode=constrained-shuffle
    constrained-shuffle: solved=5/10
[06:45:51] DONE R02979
[06:45:51] START R03039
  [06:45:51] mode=swap
    swap: solved=0/10
  [06:49:19] mode=group-reshuffle
    group-reshuffle: solved=3/10
  [06:52:06] mode=constrained-shuffle
    constrained-shuffle: solved=2/10
[06:55:27] DONE R03039
[06:55:27] START R03099
  [06:55:27] mode=swap
    swap: solved=0/10
  [06:56:52] mode=group-reshuffle
    group-reshuffle: solved=1/10
  [06:58:16] mode=constrained-shuffle
    constrained-shuffle: solved=2/10
[06:59:30] DONE R03099
[06:59:30] START R03159
  [06:59:30] mode=swap
    swap: solved=0/10
  [07:03:04] mode=group-reshuffle
    group-reshuffle: solved=0/10
  [07:06:44] mode=constrained-shuffle
    constrained-shuffle: solved=0/10
[07:10:15] DONE R03159
[07:10:15] START R03219
  [07:10:15] mode=symmetry
    symmetry: solved=7/7
  [07:10:25] mode=local-mutant
    local-mutant: solved=10/10
  [07:10:41] mode=swap
    swap: solved=10/10
  [07:10:54] mode=group-reshuffle
    group-reshuffle: solved=10/10
  [07:11:09] mode=constrained-shuffle
    constrained-shuffle: solved=10/10
[07:11:25] DONE R03219
[07:11:25] START R03279
  [07:11:25] mode=symmetry
    symmetry: solved=7/7
  [07:12:18] mode=local-mutant
    local-mutant: solved=10/10
  [07:13:15] mode=swap
    swap: solved=10/10
  [07:13:58] mode=group-reshuffle
    group-reshuffle: solved=10/10
  [07:14:44] mode=constrained-shuffle
    constrained-shuffle: solved=10/10
[07:15:43] DONE R03279
[07:15:43] START R03339
  [07:15:43] mode=symmetry
    symmetry: solved=7/7
  [07:16:20] mode=local-mutant
    local-mutant: solved=5/10
  [07:17:26] mode=swap
    swap: solved=6/10
  [07:18:31] mode=group-reshuffle
    group-reshuffle: solved=6/10
  [07:19:47] mode=constrained-shuffle
    constrained-shuffle: solved=2/10
[07:21:27] DONE R03339
[07:21:27] SHARD END
