[04:08:42] SHARD START 33 level(s)
[04:08:42] START P00010
  [04:08:42] mode=symmetry
    symmetry: solved=7/7
  [04:08:48] mode=local-mutant
    local-mutant: solved=10/10
  [04:08:56] mode=swap
    swap: solved=9/9
  [04:09:03] mode=group-reshuffle
    group-reshuffle: solved=10/10
  [04:09:10] mode=constrained-shuffle
    constrained-shuffle: solved=10/10
[04:09:18] DONE P00010
[04:09:18] START P00070
  [04:09:18] mode=symmetry
    symmetry: solved=7/7
  [04:09:25] mode=local-mutant
    local-mutant: solved=10/10
  [04:09:33] mode=swap
    swap: solved=0/0
  [04:09:33] mode=group-reshuffle
    group-reshuffle: solved=10/10
  [04:09:44] mode=constrained-shuffle
    constrained-shuffle: solved=10/10
[04:09:54] DONE P00070
[04:09:54] START P00130
  [04:09:54] mode=symmetry
    symmetry: solved=7/7
  [04:10:02] mode=local-mutant
    local-mutant: solved=10/10
  [04:10:12] mode=swap
    swap: solved=0/0
  [04:10:13] mode=group-reshuffle
    group-reshuffle: solved=10/10
  [04:10:24] mode=constrained-shuffle
    constrained-shuffle: solved=10/10
[04:10:34] DONE P00130
[04:10:34] START R00134
  [04:10:34] mode=symmetry
    symmetry: solved=7/7
  [04:10:58] mode=local-mutant
    local-mutant: solved=10/10
  [04:11:24] mode=swap
    swap: solved=10/10
  [04:11:39] mode=group-reshuffle
    group-reshuffle: solved=10/10
  [04:12:05] mode=constrained-shuffle
    constrained-shuffle: solved=10/10
[04:12:31] DONE R00134
[04:12:31] START R01696
  [04:12:31] mode=symmetry
    symmetry: solved=7/7
  [04:13:35] mode=local-mutant
    local-mutant: solved=10/10
  [04:15:03] mode=swap
    swap: solved=10/10
  [04:16:36] mode=group-reshuffle
    group-reshuffle: solved=8/10
  [04:18:38] mode=constrained-shuffle
    constrained-shuffle: solved=2/10
[04:21:10] DONE R01696
[04:21:10] START R00350
  [04:21:10] mode=swap
    swap: solved=0/10
  [04:22:47] mode=group-reshuffle
    group-reshuffle: solved=0/10
  [04:24:25] mode=constrained-shuffle
    constrained-shuffle: solved=0/10
[04:26:00] DONE R00350
[04:26:00] START R00692
  [04:26:00] mode=swap
    swap: solved=0/10
  [04:27:39] mode=group-reshuffle
    group-reshuffle: solved=1/10
  [04:29:15] mode=constrained-shuffle
    constrained-shuffle: solved=1/10
[04:30:54] DONE R00692
[04:30:54] START R01024
  [04:30:54] mode=symmetry
    symmetry: solved=7/7
  [04:32:17] mode=local-mutant
    local-mutant: solved=8/10
  [04:34:20] mode=swap
    swap: solved=10/10
  [04:36:29] mode=group-reshuffle
    group-reshuffle: solved=10/10
  [04:37:51] mode=constrained-shuffle
    constrained-shuffle: solved=8/10
[04:39:34] DONE R01024
[04:39:34] START R01403
  [04:39:34] mode=swap
    swap: solved=0/10
  [04:43:31] mode=group-reshuffle
    group-reshuffle: solved=1/10
  [04:47:23] mode=constrained-shuffle
    constrained-shuffle: solved=1/10
[04:51:13] DONE R01403
[04:51:13] START R01730
  [04:51:13] mode=symmetry
    symmetry: solved=0/7
  [04:53:33] mode=local-mutant
    local-mutant: solved=1/10
  [04:56:50] mode=swap
    swap: solved=0/10
  [05:00:02] mode=group-reshuffle
    group-reshuffle: solved=2/10
  [05:02:54] mode=constrained-shuffle
    constrained-shuffle: solved=0/10
[05:06:13] DONE R01730
[05:06:13] START R02017
  [05:06:13] mode=symmetry
    symmetry: solved=7/7
  [05:06:42] mode=local-mutant
    local-mutant: solved=10/10
  [05:07:18] mode=swap
    swap: solved=10/10
  [05:07:43] mode=group-reshuffle
    group-reshuffle: solved=10/10
  [05:07:59] mode=constrained-shuffle
    constrained-shuffle: solved=10/10
[05:08:32] DONE R02017
[05:08:32] START R02077
  [05:08:32] mode=swap
    swap: solved=3/10
  [05:10:08] mode=group-reshuffle
    group-reshuffle: solved=1/10
  [05:12:45] mode=constrained-shuffle
    constrained-shuffle: solved=3/10
[05:15:15] DONE R02077
[05:15:15] START R02137
  [05:15:15] mode=swap
    swap: solved=0/10
  [05:17:19] mode=group-reshuffle
    group-reshuffle: solved=0/10
  [05:19:21] mode=constrained-shuffle
    constrained-shuffle: solved=3/10
[05:21:03] DONE R02137
[05:21:03] START R02197
  [05:21:03] mode=symmetry
    symmetry: solved=7/7
  [05:21:24] mode=local-mutant
    local-mutant: solved=7/10
  [05:22:07] mode=swap
    swap: solved=10/10
  [05:22:38] mode=group-reshuffle
    group-reshuffle: solved=5/10
  [05:23:20] mode=constrained-shuffle
    constrained-shuffle: solved=3/10
[05:24:09] DONE R02197
[05:24:09] START R02257
  [05:24:09] mode=symmetry
    symmetry: solved=7/7
  [05:24:19] mode=local-mutant
    local-mutant: solved=10/10
  [05:24:30] mode=swap
    swap: solved=10/10
  [05:24:42] mode=group-reshuffle
    group-reshuffle: solved=10/10
  [05:24:55] mode=constrained-shuffle
    constrained-shuffle: solved=10/10
[05:25:09] DONE R02257
[05:25:09] START R02317
  [05:25:09] mode=swap
    swap: solved=0/10
  [05:26:43] mode=group-reshuffle
    group-reshuffle: solved=0/10
  [05:28:20] mode=constrained-shuffle
    constrained-shuffle: solved=0/10
[05:29:54] DONE R02317
[05:29:54] START R02377
  [05:29:54] mode=symmetry
    symmetry: solved=7/7
  [05:30:06] mode=local-mutant
    local-mutant: solved=8/10
  [05:30:48] mode=swap
    swap: solved=10/10
  [05:31:23] mode=group-reshuffle
    group-reshuffle: solved=4/10
  [05:32:14] mode=constrained-shuffle
    constrained-shuffle: solved=3/10
[05:33:08] DONE R02377
[05:33:08] START R02437
  [05:33:08] mode=swap
    swap: solved=0/10
  [05:35:46] mode=group-reshuffle
    group-reshuffle: solved=0/10
  [05:38:22] mode=constrained-shuffle
    constrained-shuffle: solved=0/10
[05:41:04] DONE R02437
[05:41:04] START R02497
  [05:41:04] mode=swap
    swap: solved=0/10
  [05:44:46] mode=group-reshuffle
    group-reshuffle: solved=4/10
  [05:47:21] mode=constrained-shuffle
    constrained-shuffle: solved=2/10
[05:50:36] DONE R02497
[05:50:36] START R02557
  [05:50:36] mode=symmetry
    symmetry: solved=7/7
  [05:51:55] mode=local-mutant
    local-mutant: solved=6/10
  [05:54:33] mode=swap
    swap: solved=10/10
  [05:56:24] mode=group-reshuffle
    group-reshuffle: solved=8/10
  [05:58:44] mode=constrained-shuffle
    constrained-shuffle: solved=3/10
[06:01:43] DONE R02557
[06:01:43] START R02617
  [06:01:43] mode=symmetry
    symmetry: solved=0/7
  [06:02:41] mode=local-mutant
    local-mutant: solved=0/10
  [06:04:02] mode=swap
    swap: solved=0/10
  [06:05:24] mode=group-reshuffle
    group-reshuffle: solved=0/10
  [06:06:43] mode=constrained-shuffle
    constrained-shuffle: solved=0/10
[06:08:01] DONE R02617
[06:08:01] START R02677
  [06:08:01] mode=symmetry
    symmetry: solved=7/7
  [06:08:18] mode=local-mutant
    local-mutant: solved=10/10
  [06:08:36] mode=swap
    swap: solved=10/10
  [06:09:00] mode=group-reshuffle
    group-reshuffle: solved=10/10
  [06:09:27] mode=constrained-shuffle
    constrained-shuffle: solved=10/10
[06:09:50] DONE R02677
[06:09:50] START R02737
  [06:09:50] mode=swap
    swap: solved=0/10
  [06:11:09] mode=group-reshuffle
    group-reshuffle: solved=1/10
  [06:12:30] mode=constrained-shuffle
    constrained-shuffle: solved=0/10
[06:13:50] DONE R02737
[06:13:50] START R02797
  [06:13:50] mode=symmetry
    symmetry: solved=7/7
  [06:14:01] mode=local-mutant
    local-mutant: solved=10/10
  [06:14:17] mode=swap
    swap: solved=10/10
  [06:14:31] mode=group-reshuffle
    group-reshuffle: solved=10/10
  [06:14:45] mode=constrained-shuffle
    constrained-shuffle: solved=9/10
[06:15:16] DONE R02797
[06:15:16] START R02857
  [06:15:16] mode=swap
    swap: solved=1/10
  [06:19:12] mode=group-reshuffle
    group-reshuffle: solved=0/10
  [06:23:17] mode=constrained-shuffle
    constrained-shuffle: solved=0/10
[06:27:20] DONE R02857
[06:27:20] START R02917
  [06:27:20] mode=symmetry
    symmetry: solved=7/7
  [06:27:35] mode=local-mutant
    local-mutant: solved=10/10
  [06:27:52] mode=swap
    swap: solved=10/10
  [06:28:08] mode=group-reshuffle
    group-reshuffle: solved=10/10
  [06:28:23] mode=constrained-shuffle
    constrained-shuffle: solved=10/10
[06:28:38] DONE R02917
[06:28:38] START R02977
  [06:28:38] mode=symmetry
    symmetry: solved=0/7
  [06:29:51] mode=local-mutant
    local-mutant: solved=3/10
  [06:31:08] mode=swap
    swap: solved=1/10
  [06:32:48] mode=group-reshuffle
    group-reshuffle: solved=2/10
  [06:34:26] mode=constrained-shuffle
    constrained-shuffle: solved=2/10
[06:35:54] DONE R02977
[06:35:54] START R03037
  [06:35:54] mode=swap
    swap: solved=1/10
  [06:37:09] mode=group-reshuffle
    group-reshuffle: solved=3/10
  [06:38:21] mode=constrained-shuffle
    constrained-shuffle: solved=3/10
[06:39:22] DONE R03037
[06:39:22] START R03097
  [06:39:22] mode=swap
    swap: solved=0/10
  [06:41:23] mode=group-reshuffle
    group-reshuffle: solved=0/10
  [06:43:28] mode=constrained-shuffle
    constrained-shuffle: solved=0/10
[06:45:30] DONE R03097
[06:45:30] START R03157
  [06:45:30] mode=swap
    swap: solved=0/10
  [06:48:44] mode=group-reshuffle
    group-reshuffle: solved=0/10
  [06:52:04] mode=constrained-shuffle
    constrained-shuffle: solved=0/10
[06:55:26] DONE R03157
[06:55:26] START R03217
  [06:55:26] mode=symmetry
    symmetry: solved=6/7
  [06:56:08] mode=local-mutant
    local-mutant: solved=10/10
  [06:57:02] mode=swap
    swap: solved=8/10
  [06:58:05] mode=group-reshuffle
    group-reshuffle: solved=7/10
  [06:59:14] mode=constrained-shuffle
    constrained-shuffle: solved=7/10
[07:00:27] DONE R03217
[07:00:27] START R03277
  [07:00:27] mode=symmetry
    symmetry: solved=7/7
  [07:01:05] mode=local-mutant
    local-mutant: solved=9/10
  [07:01:53] mode=swap
    swap: solved=10/10
  [07:02:37] mode=group-reshuffle
    group-reshuffle: solved=10/10
  [07:03:23] mode=constrained-shuffle
    constrained-shuffle: solved=10/10
[07:03:47] DONE R03277
[07:03:47] START R03337
  [07:03:47] mode=swap
    swap: solved=0/10
  [07:06:20] mode=group-reshuffle
    group-reshuffle: solved=0/10
  [07:08:52] mode=constrained-shuffle
    constrained-shuffle: solved=0/10
[07:11:23] DONE R03337
[07:11:23] SHARD END
[19:09:46] SHARD START 33 level(s)
[19:09:46] START P00010
  [19:09:46] mode=symmetry
    already have this (family + solve result exist) -- skipping regeneration/re-solve
  [19:09:46] mode=local-mutant
    already have this (family + solve result exist) -- skipping regeneration/re-solve
  [19:09:46] mode=swap
    already have this (family + solve result exist) -- skipping regeneration/re-solve
  [19:09:46] mode=group-reshuffle
    already have this (family + solve result exist) -- skipping regeneration/re-solve
  [19:09:46] mode=constrained-shuffle
    already have this (family + solve result exist) -- skipping regeneration/re-solve
[19:09:46] DONE P00010
[19:09:46] START P00070
  [19:09:46] mode=symmetry
    already have this (family + solve result exist) -- skipping regeneration/re-solve
  [19:09:46] mode=local-mutant
    already have this (family + solve result exist) -- skipping regeneration/re-solve
  [19:09:46] mode=swap
    already have this (family + solve result exist) -- skipping regeneration/re-solve
  [19:09:46] mode=group-reshuffle
    already have this (family + solve result exist) -- skipping regeneration/re-solve
  [19:09:46] mode=constrained-shuffle
    already have this (family + solve result exist) -- skipping regeneration/re-solve
[19:09:46] DONE P00070
[19:09:46] START P00130
  [19:09:46] mode=symmetry
    already have this (family + solve result exist) -- skipping regeneration/re-solve
  [19:09:46] mode=local-mutant
    already have this (family + solve result exist) -- skipping regeneration/re-solve
  [19:09:46] mode=swap
    already have this (family + solve result exist) -- skipping regeneration/re-solve
  [19:09:46] mode=group-reshuffle
    already have this (family + solve result exist) -- skipping regeneration/re-solve
  [19:09:46] mode=constrained-shuffle
    already have this (family + solve result exist) -- skipping regeneration/re-solve
[19:09:46] DONE P00130
[19:09:46] START R00134
  [19:09:46] mode=symmetry
    already have this (family + solve result exist) -- skipping regeneration/re-solve
  [19:09:46] mode=local-mutant
    already have this (family + solve result exist) -- skipping regeneration/re-solve
  [19:09:46] mode=swap
    already have this (family + solve result exist) -- skipping regeneration/re-solve
  [19:09:46] mode=group-reshuffle
    already have this (family + solve result exist) -- skipping regeneration/re-solve
  [19:09:46] mode=constrained-shuffle
    already have this (family + solve result exist) -- skipping regeneration/re-solve
[19:09:46] DONE R00134
[19:09:46] START R01696
  [19:09:46] mode=symmetry
    already have this (family + solve result exist) -- skipping regeneration/re-solve
  [19:09:46] mode=local-mutant
    already have this (family + solve result exist) -- skipping regeneration/re-solve
  [19:09:46] mode=swap
    already have this (family + solve result exist) -- skipping regeneration/re-solve
  [19:09:46] mode=group-reshuffle
    already have this (family + solve result exist) -- skipping regeneration/re-solve
  [19:09:46] mode=constrained-shuffle
    already have this (family + solve result exist) -- skipping regeneration/re-solve
[19:09:46] DONE R01696
[19:09:46] START R00350
  [19:09:46] mode=swap
    already have this (family + solve result exist) -- skipping regeneration/re-solve
  [19:09:46] mode=group-reshuffle
    already have this (family + solve result exist) -- skipping regeneration/re-solve
  [19:09:46] mode=constrained-shuffle
    already have this (family + solve result exist) -- skipping regeneration/re-solve
[19:09:46] DONE R00350
[19:09:46] START R00692
  [19:09:46] mode=swap
    already have this (family + solve result exist) -- skipping regeneration/re-solve
  [19:09:46] mode=group-reshuffle
    already have this (family + solve result exist) -- skipping regeneration/re-solve
  [19:09:46] mode=constrained-shuffle
    already have this (family + solve result exist) -- skipping regeneration/re-solve
[19:09:46] DONE R00692
[19:09:46] START R01024
  [19:09:46] mode=symmetry
    already have this (family + solve result exist) -- skipping regeneration/re-solve
  [19:09:46] mode=local-mutant
    already have this (family + solve result exist) -- skipping regeneration/re-solve
  [19:09:46] mode=swap
    already have this (family + solve result exist) -- skipping regeneration/re-solve
  [19:09:46] mode=group-reshuffle
    already have this (family + solve result exist) -- skipping regeneration/re-solve
  [19:09:46] mode=constrained-shuffle
    already have this (family + solve result exist) -- skipping regeneration/re-solve
[19:09:46] DONE R01024
[19:09:46] START R01403
  [19:09:46] mode=swap
    already have this (family + solve result exist) -- skipping regeneration/re-solve
  [19:09:46] mode=group-reshuffle
    already have this (family + solve result exist) -- skipping regeneration/re-solve
  [19:09:46] mode=constrained-shuffle
    already have this (family + solve result exist) -- skipping regeneration/re-solve
[19:09:46] DONE R01403
[19:09:46] START R01730
  [19:09:46] mode=symmetry
    already have this (family + solve result exist) -- skipping regeneration/re-solve
  [19:09:46] mode=local-mutant
    already have this (family + solve result exist) -- skipping regeneration/re-solve
  [19:09:46] mode=swap
    already have this (family + solve result exist) -- skipping regeneration/re-solve
  [19:09:46] mode=group-reshuffle
    already have this (family + solve result exist) -- skipping regeneration/re-solve
  [19:09:46] mode=constrained-shuffle
    already have this (family + solve result exist) -- skipping regeneration/re-solve
[19:09:46] DONE R01730
[19:09:46] START R02017
  [19:09:46] mode=symmetry
    already have this (family + solve result exist) -- skipping regeneration/re-solve
  [19:09:46] mode=local-mutant
    already have this (family + solve result exist) -- skipping regeneration/re-solve
  [19:09:46] mode=swap
    already have this (family + solve result exist) -- skipping regeneration/re-solve
  [19:09:46] mode=group-reshuffle
    already have this (family + solve result exist) -- skipping regeneration/re-solve
  [19:09:46] mode=constrained-shuffle
    already have this (family + solve result exist) -- skipping regeneration/re-solve
[19:09:46] DONE R02017
[19:09:46] START R02077
  [19:09:46] mode=swap
    already have this (family + solve result exist) -- skipping regeneration/re-solve
  [19:09:46] mode=group-reshuffle
    already have this (family + solve result exist) -- skipping regeneration/re-solve
  [19:09:46] mode=constrained-shuffle
    already have this (family + solve result exist) -- skipping regeneration/re-solve
[19:09:46] DONE R02077
[19:09:46] START R02137
  [19:09:46] mode=swap
    already have this (family + solve result exist) -- skipping regeneration/re-solve
  [19:09:46] mode=group-reshuffle
    already have this (family + solve result exist) -- skipping regeneration/re-solve
  [19:09:46] mode=constrained-shuffle
    already have this (family + solve result exist) -- skipping regeneration/re-solve
[19:09:46] DONE R02137
[19:09:46] START R02197
  [19:09:46] mode=symmetry
    already have this (family + solve result exist) -- skipping regeneration/re-solve
  [19:09:46] mode=local-mutant
    already have this (family + solve result exist) -- skipping regeneration/re-solve
  [19:09:46] mode=swap
    already have this (family + solve result exist) -- skipping regeneration/re-solve
  [19:09:46] mode=group-reshuffle
    already have this (family + solve result exist) -- skipping regeneration/re-solve
  [19:09:46] mode=constrained-shuffle
    already have this (family + solve result exist) -- skipping regeneration/re-solve
[19:09:46] DONE R02197
[19:09:46] START R02257
  [19:09:46] mode=symmetry
    already have this (family + solve result exist) -- skipping regeneration/re-solve
  [19:09:46] mode=local-mutant
    already have this (family + solve result exist) -- skipping regeneration/re-solve
  [19:09:46] mode=swap
    already have this (family + solve result exist) -- skipping regeneration/re-solve
  [19:09:46] mode=group-reshuffle
    already have this (family + solve result exist) -- skipping regeneration/re-solve
  [19:09:46] mode=constrained-shuffle
    already have this (family + solve result exist) -- skipping regeneration/re-solve
[19:09:46] DONE R02257
[19:09:46] START R02317
  [19:09:46] mode=swap
    already have this (family + solve result exist) -- skipping regeneration/re-solve
  [19:09:46] mode=group-reshuffle
    already have this (family + solve result exist) -- skipping regeneration/re-solve
  [19:09:46] mode=constrained-shuffle
    already have this (family + solve result exist) -- skipping regeneration/re-solve
[19:09:46] DONE R02317
[19:09:46] START R02377
  [19:09:46] mode=symmetry
    already have this (family + solve result exist) -- skipping regeneration/re-solve
  [19:09:46] mode=local-mutant
    already have this (family + solve result exist) -- skipping regeneration/re-solve
  [19:09:46] mode=swap
    already have this (family + solve result exist) -- skipping regeneration/re-solve
  [19:09:46] mode=group-reshuffle
    already have this (family + solve result exist) -- skipping regeneration/re-solve
  [19:09:46] mode=constrained-shuffle
    already have this (family + solve result exist) -- skipping regeneration/re-solve
[19:09:46] DONE R02377
[19:09:46] START R02437
  [19:09:46] mode=swap
    already have this (family + solve result exist) -- skipping regeneration/re-solve
  [19:09:46] mode=group-reshuffle
    already have this (family + solve result exist) -- skipping regeneration/re-solve
  [19:09:46] mode=constrained-shuffle
    already have this (family + solve result exist) -- skipping regeneration/re-solve
[19:09:46] DONE R02437
[19:09:46] START R02497
  [19:09:46] mode=swap
    already have this (family + solve result exist) -- skipping regeneration/re-solve
  [19:09:46] mode=group-reshuffle
    already have this (family + solve result exist) -- skipping regeneration/re-solve
  [19:09:46] mode=constrained-shuffle
    already have this (family + solve result exist) -- skipping regeneration/re-solve
[19:09:46] DONE R02497
[19:09:46] START R02557
  [19:09:46] mode=symmetry
    already have this (family + solve result exist) -- skipping regeneration/re-solve
  [19:09:46] mode=local-mutant
    already have this (family + solve result exist) -- skipping regeneration/re-solve
  [19:09:46] mode=swap
    already have this (family + solve result exist) -- skipping regeneration/re-solve
  [19:09:46] mode=group-reshuffle
    already have this (family + solve result exist) -- skipping regeneration/re-solve
  [19:09:46] mode=constrained-shuffle
    already have this (family + solve result exist) -- skipping regeneration/re-solve
[19:09:46] DONE R02557
[19:09:46] START R02617
  [19:09:46] mode=symmetry
    already have this (family + solve result exist) -- skipping regeneration/re-solve
  [19:09:46] mode=local-mutant
    already have this (family + solve result exist) -- skipping regeneration/re-solve
  [19:09:46] mode=swap
    already have this (family + solve result exist) -- skipping regeneration/re-solve
  [19:09:46] mode=group-reshuffle
    already have this (family + solve result exist) -- skipping regeneration/re-solve
  [19:09:46] mode=constrained-shuffle
    already have this (family + solve result exist) -- skipping regeneration/re-solve
[19:09:46] DONE R02617
[19:09:46] START R02677
  [19:09:46] mode=symmetry
    already have this (family + solve result exist) -- skipping regeneration/re-solve
  [19:09:46] mode=local-mutant
    already have this (family + solve result exist) -- skipping regeneration/re-solve
  [19:09:46] mode=swap
    already have this (family + solve result exist) -- skipping regeneration/re-solve
  [19:09:46] mode=group-reshuffle
    already have this (family + solve result exist) -- skipping regeneration/re-solve
  [19:09:46] mode=constrained-shuffle
    already have this (family + solve result exist) -- skipping regeneration/re-solve
[19:09:46] DONE R02677
[19:09:46] START R02737
  [19:09:46] mode=swap
    already have this (family + solve result exist) -- skipping regeneration/re-solve
  [19:09:46] mode=group-reshuffle
    already have this (family + solve result exist) -- skipping regeneration/re-solve
  [19:09:46] mode=constrained-shuffle
    already have this (family + solve result exist) -- skipping regeneration/re-solve
[19:09:46] DONE R02737
[19:09:46] START R02797
  [19:09:46] mode=symmetry
    already have this (family + solve result exist) -- skipping regeneration/re-solve
  [19:09:46] mode=local-mutant
    already have this (family + solve result exist) -- skipping regeneration/re-solve
  [19:09:46] mode=swap
    already have this (family + solve result exist) -- skipping regeneration/re-solve
  [19:09:46] mode=group-reshuffle
    already have this (family + solve result exist) -- skipping regeneration/re-solve
  [19:09:46] mode=constrained-shuffle
    already have this (family + solve result exist) -- skipping regeneration/re-solve
[19:09:46] DONE R02797
[19:09:46] START R02857
  [19:09:46] mode=swap
    already have this (family + solve result exist) -- skipping regeneration/re-solve
  [19:09:46] mode=group-reshuffle
    already have this (family + solve result exist) -- skipping regeneration/re-solve
  [19:09:46] mode=constrained-shuffle
    already have this (family + solve result exist) -- skipping regeneration/re-solve
[19:09:46] DONE R02857
[19:09:46] START R02917
  [19:09:46] mode=symmetry
    already have this (family + solve result exist) -- skipping regeneration/re-solve
  [19:09:46] mode=local-mutant
    already have this (family + solve result exist) -- skipping regeneration/re-solve
  [19:09:46] mode=swap
    already have this (family + solve result exist) -- skipping regeneration/re-solve
  [19:09:46] mode=group-reshuffle
    already have this (family + solve result exist) -- skipping regeneration/re-solve
  [19:09:46] mode=constrained-shuffle
    already have this (family + solve result exist) -- skipping regeneration/re-solve
[19:09:46] DONE R02917
[19:09:46] START R02977
  [19:09:46] mode=symmetry
    already have this (family + solve result exist) -- skipping regeneration/re-solve
  [19:09:46] mode=local-mutant
    already have this (family + solve result exist) -- skipping regeneration/re-solve
  [19:09:46] mode=swap
    already have this (family + solve result exist) -- skipping regeneration/re-solve
  [19:09:46] mode=group-reshuffle
    already have this (family + solve result exist) -- skipping regeneration/re-solve
  [19:09:46] mode=constrained-shuffle
    already have this (family + solve result exist) -- skipping regeneration/re-solve
[19:09:46] DONE R02977
[19:09:46] START R03037
  [19:09:46] mode=swap
    already have this (family + solve result exist) -- skipping regeneration/re-solve
  [19:09:46] mode=group-reshuffle
    already have this (family + solve result exist) -- skipping regeneration/re-solve
  [19:09:46] mode=constrained-shuffle
    already have this (family + solve result exist) -- skipping regeneration/re-solve
[19:09:46] DONE R03037
[19:09:46] START R03097
  [19:09:46] mode=swap
    already have this (family + solve result exist) -- skipping regeneration/re-solve
  [19:09:46] mode=group-reshuffle
    already have this (family + solve result exist) -- skipping regeneration/re-solve
  [19:09:46] mode=constrained-shuffle
    already have this (family + solve result exist) -- skipping regeneration/re-solve
[19:09:46] DONE R03097
[19:09:46] START R03157
  [19:09:46] mode=swap
    already have this (family + solve result exist) -- skipping regeneration/re-solve
  [19:09:46] mode=group-reshuffle
    already have this (family + solve result exist) -- skipping regeneration/re-solve
  [19:09:46] mode=constrained-shuffle
    already have this (family + solve result exist) -- skipping regeneration/re-solve
[19:09:46] DONE R03157
[19:09:46] START R03217
  [19:09:46] mode=symmetry
    already have this (family + solve result exist) -- skipping regeneration/re-solve
  [19:09:46] mode=local-mutant
    already have this (family + solve result exist) -- skipping regeneration/re-solve
  [19:09:46] mode=swap
    already have this (family + solve result exist) -- skipping regeneration/re-solve
  [19:09:46] mode=group-reshuffle
    already have this (family + solve result exist) -- skipping regeneration/re-solve
  [19:09:46] mode=constrained-shuffle
    already have this (family + solve result exist) -- skipping regeneration/re-solve
[19:09:46] DONE R03217
[19:09:46] START R03277
  [19:09:46] mode=symmetry
    already have this (family + solve result exist) -- skipping regeneration/re-solve
  [19:09:46] mode=local-mutant
    already have this (family + solve result exist) -- skipping regeneration/re-solve
  [19:09:46] mode=swap
    already have this (family + solve result exist) -- skipping regeneration/re-solve
  [19:09:46] mode=group-reshuffle
    already have this (family + solve result exist) -- skipping regeneration/re-solve
  [19:09:46] mode=constrained-shuffle
    already have this (family + solve result exist) -- skipping regeneration/re-solve
[19:09:46] DONE R03277
[19:09:46] START R03337
  [19:09:46] mode=swap
    already have this (family + solve result exist) -- skipping regeneration/re-solve
  [19:09:46] mode=group-reshuffle
    already have this (family + solve result exist) -- skipping regeneration/re-solve
  [19:09:46] mode=constrained-shuffle
    already have this (family + solve result exist) -- skipping regeneration/re-solve
[19:09:46] DONE R03337
[19:09:46] SHARD END
