[10:34:11] SHARD START 32 level(s)
[10:34:11] START P00059
  [10:34:11] mode=symmetry
    symmetry: solved=3/3
  [10:34:18] mode=local-mutant
    local-mutant: solved=10/10
  [10:34:28] mode=swap
    swap: solved=0/0
  [10:34:29] mode=group-reshuffle
    group-reshuffle: solved=10/10
  [10:34:38] mode=constrained-shuffle
    constrained-shuffle: solved=10/10
[10:34:48] DONE P00059
[10:34:48] START P00119
  [10:34:48] mode=symmetry
    symmetry: solved=7/7
  [10:34:49] mode=local-mutant
    local-mutant: solved=10/10
  [10:34:52] mode=swap
    swap: solved=10/10
  [10:34:54] mode=group-reshuffle
    group-reshuffle: solved=10/10
  [10:34:56] mode=constrained-shuffle
    constrained-shuffle: solved=10/10
[10:34:59] DONE P00119
[10:34:59] START S00114
  [10:34:59] mode=symmetry
    symmetry: solved=7/7
  [10:35:05] mode=local-mutant
    local-mutant: solved=10/10
  [10:35:13] mode=swap
    swap: solved=0/0
  [10:35:14] mode=group-reshuffle
    group-reshuffle: solved=10/10
  [10:35:21] mode=constrained-shuffle
    constrained-shuffle: solved=10/10
[10:35:29] DONE S00114
[10:35:29] START R01533
  [10:35:29] mode=symmetry
    symmetry: solved=7/7
  [10:35:54] mode=local-mutant
    local-mutant: solved=10/10
  [10:36:32] mode=swap
    swap: solved=9/10
  [10:37:15] mode=group-reshuffle
    group-reshuffle: solved=10/10
  [10:37:50] mode=constrained-shuffle
    constrained-shuffle: solved=10/10
[10:38:19] DONE R01533
[10:38:19] START R00303
  [10:38:19] mode=swap
    swap: solved=0/10
  [10:39:38] mode=group-reshuffle
    group-reshuffle: solved=0/10
  [10:40:59] mode=constrained-shuffle
    constrained-shuffle: solved=0/10
[10:42:14] DONE R00303
[10:42:14] START R00632
  [10:42:14] mode=swap
    swap: solved=0/10
  [10:45:34] mode=group-reshuffle
    group-reshuffle: solved=0/10
  [10:48:48] mode=constrained-shuffle
    constrained-shuffle: solved=0/10
[10:52:00] DONE R00632
[10:52:00] START R00990
  [10:52:00] mode=swap
    swap: solved=0/10
  [10:53:29] mode=group-reshuffle
    group-reshuffle: solved=0/10
  [10:54:50] mode=constrained-shuffle
    constrained-shuffle: solved=0/10
[10:56:25] DONE R00990
[10:56:25] START R01341
  [10:56:25] mode=swap
    swap: solved=0/10
  [11:00:52] mode=group-reshuffle
    group-reshuffle: solved=1/10
  [11:05:20] mode=constrained-shuffle
    constrained-shuffle: solved=2/10
[11:09:33] DONE R01341
[11:09:33] START R01678
  [11:09:33] mode=symmetry
    symmetry: solved=7/7
  [11:09:50] mode=local-mutant
    local-mutant: solved=8/10
  [11:10:29] mode=swap
    swap: solved=9/10
  [11:11:05] mode=group-reshuffle
    group-reshuffle: solved=10/10
  [11:11:26] mode=constrained-shuffle
    constrained-shuffle: solved=9/10
[11:11:59] DONE R01678
[11:11:59] START R02006
  [11:11:59] mode=swap
    swap: solved=0/10
  [11:14:32] mode=group-reshuffle
    group-reshuffle: solved=0/10
  [11:16:59] mode=constrained-shuffle
    constrained-shuffle: solved=0/10
[11:19:17] DONE R02006
[11:19:17] START R02066
  [11:19:17] mode=symmetry
    symmetry: solved=7/7
  [11:19:44] mode=local-mutant
    local-mutant: solved=10/10
  [11:20:37] mode=swap
    swap: solved=10/10
  [11:21:22] mode=group-reshuffle
    group-reshuffle: solved=10/10
  [11:22:34] mode=constrained-shuffle
    constrained-shuffle: solved=6/10
[11:25:30] DONE R02066
[11:25:30] START R02126
  [11:25:30] mode=swap
    swap: solved=0/10
  [11:26:42] mode=group-reshuffle
    group-reshuffle: solved=2/10
  [11:27:52] mode=constrained-shuffle
    constrained-shuffle: solved=4/10
[11:28:44] DONE R02126
[11:28:44] START R02186
  [11:28:44] mode=symmetry
    symmetry: solved=0/7
  [11:29:32] mode=local-mutant
    local-mutant: solved=0/10
  [11:30:37] mode=swap
    swap: solved=0/10
  [11:31:41] mode=group-reshuffle
    group-reshuffle: solved=0/10
  [11:32:42] mode=constrained-shuffle
    constrained-shuffle: solved=2/10
[11:33:47] DONE R02186
[11:33:47] START R02246
  [11:33:47] mode=symmetry
    symmetry: solved=7/7
  [11:34:04] mode=local-mutant
    local-mutant: solved=10/10
  [11:34:26] mode=swap
    swap: solved=10/10
  [11:34:46] mode=group-reshuffle
    group-reshuffle: solved=10/10
  [11:35:07] mode=constrained-shuffle
    constrained-shuffle: solved=7/10
[11:35:58] DONE R02246
[11:35:58] START R02306
  [11:35:58] mode=symmetry
    symmetry: solved=7/7
  [11:36:44] mode=local-mutant
    local-mutant: solved=9/10
  [11:38:10] mode=swap
    swap: solved=10/10
  [11:39:18] mode=group-reshuffle
    group-reshuffle: solved=5/10
  [11:41:01] mode=constrained-shuffle
    constrained-shuffle: solved=2/10
[11:42:59] DONE R02306
[11:42:59] START R02366
  [11:42:59] mode=swap
    swap: solved=2/10
  [11:44:46] mode=group-reshuffle
    group-reshuffle: solved=2/10
  [11:46:33] mode=constrained-shuffle
    constrained-shuffle: solved=4/10
[11:48:09] DONE R02366
[11:48:09] START R02426
  [11:48:09] mode=symmetry
    symmetry: solved=7/7
  [11:49:16] mode=local-mutant
    local-mutant: solved=6/10
  [11:51:24] mode=swap
    swap: solved=8/10
  [11:53:03] mode=group-reshuffle
    group-reshuffle: solved=4/10
  [11:56:34] mode=constrained-shuffle
    constrained-shuffle: solved=3/10
[12:00:03] DONE R02426
[12:00:03] START R02486
  [12:00:03] mode=swap
    swap: solved=0/10
  [12:01:23] mode=group-reshuffle
    group-reshuffle: solved=0/10
  [12:02:44] mode=constrained-shuffle
    constrained-shuffle: solved=0/10
[12:04:04] DONE R02486
[12:04:04] START R02546
  [12:04:04] mode=swap
    swap: solved=1/10
  [12:06:39] mode=group-reshuffle
    group-reshuffle: solved=7/10
  [12:07:48] mode=constrained-shuffle
    constrained-shuffle: solved=6/10
[12:08:58] DONE R02546
[12:08:58] START R02606
  [12:08:58] mode=symmetry
    symmetry: solved=0/7
  [12:10:02] mode=local-mutant
    local-mutant: solved=2/10
  [12:11:14] mode=swap
    swap: solved=0/10
  [12:12:33] mode=group-reshuffle
    group-reshuffle: solved=0/10
  [12:14:05] mode=constrained-shuffle
    constrained-shuffle: solved=2/10
[12:15:39] DONE R02606
[12:15:39] START R02666
  [12:15:39] mode=swap
    swap: solved=0/10
  [12:17:24] mode=group-reshuffle
    group-reshuffle: solved=0/10
  [12:19:03] mode=constrained-shuffle
    constrained-shuffle: solved=0/10
[12:20:42] DONE R02666
[12:20:42] START R02726
  [12:20:42] mode=symmetry
    symmetry: solved=3/7
  [12:21:27] mode=local-mutant
    local-mutant: solved=7/10
  [12:22:15] mode=swap
    swap: solved=8/10
  [12:22:54] mode=group-reshuffle
    group-reshuffle: solved=0/10
  [12:24:14] mode=constrained-shuffle
    constrained-shuffle: solved=4/10
[12:25:13] DONE R02726
[12:25:13] START R02786
  [12:25:13] mode=swap
    swap: solved=2/10
  [12:26:39] mode=group-reshuffle
    group-reshuffle: solved=4/10
  [12:27:55] mode=constrained-shuffle
    constrained-shuffle: solved=4/10
[12:29:06] DONE R02786
[12:29:06] START R02846
  [12:29:06] mode=symmetry
    symmetry: solved=7/7
  [12:29:40] mode=local-mutant
    local-mutant: solved=7/10
  [12:30:22] mode=swap
    swap: solved=10/10
  [12:30:58] mode=group-reshuffle
    group-reshuffle: solved=1/10
  [12:31:51] mode=constrained-shuffle
    constrained-shuffle: solved=4/10
[12:32:29] DONE R02846
[12:32:29] START R02906
  [12:32:29] mode=swap
    swap: solved=0/10
  [12:33:42] mode=group-reshuffle
    group-reshuffle: solved=0/10
  [12:34:56] mode=constrained-shuffle
    constrained-shuffle: solved=4/10
[12:35:48] DONE R02906
[12:35:48] START R02966
  [12:35:48] mode=swap
    swap: solved=0/10
  [12:38:45] mode=group-reshuffle
    group-reshuffle: solved=4/10
  [12:40:43] mode=constrained-shuffle
    constrained-shuffle: solved=5/10
[12:42:23] DONE R02966
[12:42:23] START R03026
  [12:42:23] mode=swap
    swap: solved=0/10
  [12:43:37] mode=group-reshuffle
    group-reshuffle: solved=0/10
  [12:44:52] mode=constrained-shuffle
    constrained-shuffle: solved=0/10
[12:46:11] DONE R03026
[12:46:11] START R03086
  [12:46:11] mode=swap
    swap: solved=0/10
  [12:47:40] mode=group-reshuffle
    group-reshuffle: solved=0/10
  [12:49:09] mode=constrained-shuffle
    constrained-shuffle: solved=0/10
[12:50:36] DONE R03086
[12:50:36] START R03146
  [12:50:36] mode=symmetry
    symmetry: solved=7/7
  [12:50:50] mode=local-mutant
    local-mutant: solved=9/10
  [12:51:19] mode=swap
    swap: solved=10/10
  [12:51:35] mode=group-reshuffle
    group-reshuffle: solved=10/10
  [12:51:50] mode=constrained-shuffle
    constrained-shuffle: solved=6/10
[12:52:47] DONE R03146
[12:52:47] START R03206
  [12:52:47] mode=symmetry
    symmetry: solved=7/7
  [12:53:30] mode=local-mutant
    local-mutant: solved=10/10
  [12:53:46] mode=swap
    swap: solved=10/10
  [12:54:14] mode=group-reshuffle
    group-reshuffle: solved=10/10
  [12:54:39] mode=constrained-shuffle
    constrained-shuffle: solved=10/10
[12:55:02] DONE R03206
[12:55:02] START R03266
  [12:55:02] mode=symmetry
    symmetry: solved=1/7
  [12:56:20] mode=local-mutant
    local-mutant: solved=4/10
  [12:58:23] mode=swap
    swap: solved=2/10
  [13:00:21] mode=group-reshuffle
    group-reshuffle: solved=1/10
  [13:02:14] mode=constrained-shuffle
    constrained-shuffle: solved=6/10
[13:03:35] DONE R03266
[13:03:35] START R03326
  [13:03:35] mode=symmetry
    symmetry: solved=7/7
  [13:04:12] mode=local-mutant
    local-mutant: solved=6/10
  [13:05:08] mode=swap
    swap: solved=10/10
  [13:05:56] mode=group-reshuffle
    group-reshuffle: solved=5/10
  [13:06:51] mode=constrained-shuffle
    constrained-shuffle: solved=9/10
[13:07:30] DONE R03326
[13:07:30] SHARD END
