[07:35:21] SHARD START 32 level(s)
[07:35:21] START P00050
  [07:35:21] mode=symmetry
    symmetry: solved=7/7
  [07:35:32] mode=local-mutant
    local-mutant: solved=10/10
  [07:35:42] mode=swap
    swap: solved=0/0
  [07:35:43] mode=group-reshuffle
    group-reshuffle: solved=10/10
  [07:35:54] mode=constrained-shuffle
    constrained-shuffle: solved=10/10
[07:36:06] DONE P00050
[07:36:06] START P00110
  [07:36:06] mode=symmetry
    symmetry: solved=7/7
  [07:36:14] mode=local-mutant
    local-mutant: solved=10/10
  [07:36:24] mode=swap
    swap: solved=0/0
  [07:36:25] mode=group-reshuffle
    group-reshuffle: solved=10/10
  [07:36:33] mode=constrained-shuffle
    constrained-shuffle: solved=10/10
[07:36:41] DONE P00110
[07:36:41] START S00069
  [07:36:41] mode=symmetry
    symmetry: solved=7/7
  [07:36:59] mode=local-mutant
    generate produced 0 variants (no file written) -- skipping solve/hint-workbench
  [07:36:59] mode=swap
    swap: solved=0/0
  [07:37:00] mode=constrained-shuffle
    constrained-shuffle: solved=0/0
[07:37:01] DONE S00069
[07:37:01] START R01233
  [07:37:01] mode=symmetry
    symmetry: solved=0/7
  [07:37:34] mode=local-mutant
    local-mutant: solved=2/10
  [07:38:16] mode=swap
    swap: solved=3/10
  [07:38:53] mode=group-reshuffle
    group-reshuffle: solved=3/10
  [07:39:34] mode=constrained-shuffle
    constrained-shuffle: solved=4/10
[07:40:18] DONE R01233
[07:40:18] START R00234
  [07:40:18] mode=symmetry
    symmetry: solved=7/7
  [07:40:46] mode=local-mutant
    local-mutant: solved=10/10
  [07:41:23] mode=swap
    swap: solved=10/10
  [07:41:40] mode=group-reshuffle
    group-reshuffle: solved=10/10
  [07:42:29] mode=constrained-shuffle
    constrained-shuffle: solved=10/10
[07:43:33] DONE R00234
[07:43:33] START R00565
  [07:43:33] mode=swap
    swap: solved=0/10
  [07:46:43] mode=group-reshuffle
    group-reshuffle: solved=1/10
  [07:49:47] mode=constrained-shuffle
    constrained-shuffle: solved=1/10
[07:52:53] DONE R00565
[07:52:53] START R00960
  [07:52:53] mode=symmetry
    symmetry: solved=7/7
  [07:53:23] mode=local-mutant
    local-mutant: solved=10/10
  [07:53:56] mode=swap
    swap: solved=10/10
  [07:54:26] mode=group-reshuffle
    group-reshuffle: solved=10/10
  [07:54:59] mode=constrained-shuffle
    constrained-shuffle: solved=8/10
[07:55:49] DONE R00960
[07:55:49] START R01269
  [07:55:49] mode=swap
    swap: solved=0/10
  [07:59:04] mode=group-reshuffle
    group-reshuffle: solved=0/10
  [08:02:24] mode=constrained-shuffle
    constrained-shuffle: solved=0/10
[08:05:47] DONE R01269
[08:05:47] START R01625
  [08:05:47] mode=swap
    swap: solved=0/10
  [08:06:34] mode=group-reshuffle
    group-reshuffle: solved=0/10
  [08:07:21] mode=constrained-shuffle
    constrained-shuffle: solved=0/10
[08:08:07] DONE R01625
[08:08:07] START R01997
  [08:08:07] mode=swap
    swap: solved=4/10
  [08:09:08] mode=group-reshuffle
    group-reshuffle: solved=0/10
  [08:10:27] mode=constrained-shuffle
    constrained-shuffle: solved=0/10
[08:11:49] DONE R01997
[08:11:49] START R02057
  [08:11:49] mode=swap
    swap: solved=0/10
  [08:14:55] mode=group-reshuffle
    group-reshuffle: solved=1/10
  [08:17:57] mode=constrained-shuffle
    constrained-shuffle: solved=1/10
[08:20:55] DONE R02057
[08:20:55] START R02117
  [08:20:55] mode=swap
    swap: solved=0/10
  [08:22:13] mode=group-reshuffle
    group-reshuffle: solved=0/10
  [08:23:36] mode=constrained-shuffle
    constrained-shuffle: solved=0/10
[08:24:52] DONE R02117
[08:24:52] START R02177
  [08:24:52] mode=swap
    swap: solved=0/10
  [08:25:56] mode=group-reshuffle
    group-reshuffle: solved=0/0
  [08:25:58] mode=constrained-shuffle
    constrained-shuffle: solved=1/10
[08:27:06] DONE R02177
[08:27:06] START R02237
  [08:27:06] mode=swap
    swap: solved=0/10
  [08:28:06] mode=group-reshuffle
    group-reshuffle: solved=0/10
  [08:29:08] mode=constrained-shuffle
    constrained-shuffle: solved=0/10
[08:30:08] DONE R02237
[08:30:08] START R02297
  [08:30:08] mode=swap
    swap: solved=3/10
  [08:31:57] mode=group-reshuffle
    group-reshuffle: solved=0/10
  [08:34:18] mode=constrained-shuffle
    constrained-shuffle: solved=1/10
[08:36:35] DONE R02297
[08:36:35] START R02357
  [08:36:35] mode=symmetry
    symmetry: solved=7/7
  [08:36:43] mode=local-mutant
    local-mutant: solved=8/10
  [08:37:05] mode=swap
    swap: solved=10/10
  [08:37:24] mode=group-reshuffle
    group-reshuffle: solved=4/10
  [08:37:56] mode=constrained-shuffle
    constrained-shuffle: solved=7/10
[08:38:25] DONE R02357
[08:38:25] START R02417
  [08:38:25] mode=symmetry
    symmetry: solved=1/7
  [08:40:33] mode=local-mutant
    local-mutant: solved=3/10
  [08:43:02] mode=swap
    swap: solved=1/10
  [08:46:09] mode=group-reshuffle
    group-reshuffle: solved=1/10
  [08:49:11] mode=constrained-shuffle
    constrained-shuffle: solved=1/10
[08:52:10] DONE R02417
[08:52:10] START R02477
  [08:52:10] mode=symmetry
    symmetry: solved=7/7
  [08:52:21] mode=local-mutant
    local-mutant: solved=10/10
  [08:52:37] mode=swap
    swap: solved=10/10
  [08:52:53] mode=group-reshuffle
    group-reshuffle: solved=10/10
  [08:53:08] mode=constrained-shuffle
    constrained-shuffle: solved=10/10
[08:53:21] DONE R02477
[08:53:21] START R02537
  [08:53:21] mode=symmetry
    symmetry: solved=0/7
  [08:55:54] mode=local-mutant
    local-mutant: solved=0/10
  [08:59:29] mode=swap
    swap: solved=0/10
  [09:03:03] mode=group-reshuffle
    group-reshuffle: solved=1/10
  [09:06:35] mode=constrained-shuffle
    constrained-shuffle: solved=0/10
[09:10:18] DONE R02537
[09:10:18] START R02597
  [09:10:18] mode=swap
    swap: solved=2/10
  [09:12:54] mode=group-reshuffle
    group-reshuffle: solved=4/10
  [09:15:02] mode=constrained-shuffle
    constrained-shuffle: solved=3/10
[09:17:16] DONE R02597
[09:17:16] START R02657
  [09:17:16] mode=swap
    swap: solved=0/10
  [09:18:11] mode=group-reshuffle
    group-reshuffle: solved=3/10
  [09:18:52] mode=constrained-shuffle
    constrained-shuffle: solved=3/10
[09:19:34] DONE R02657
[09:19:34] START R02717
  [09:19:34] mode=swap
    swap: solved=2/10
  [09:20:39] mode=group-reshuffle
    group-reshuffle: solved=0/10
  [09:21:59] mode=constrained-shuffle
    constrained-shuffle: solved=2/10
[09:23:13] DONE R02717
[09:23:13] START R02777
  [09:23:13] mode=swap
    swap: solved=0/10
  [09:24:17] mode=group-reshuffle
    group-reshuffle: solved=4/10
  [09:25:16] mode=constrained-shuffle
    constrained-shuffle: solved=1/10
[09:26:23] DONE R02777
[09:26:23] START R02837
  [09:26:23] mode=symmetry
    symmetry: solved=3/7
  [09:27:22] mode=local-mutant
    local-mutant: solved=2/10
  [09:28:50] mode=swap
    swap: solved=5/10
  [09:30:07] mode=group-reshuffle
    group-reshuffle: solved=3/10
  [09:31:18] mode=constrained-shuffle
    constrained-shuffle: solved=4/10
[09:32:24] DONE R02837
[09:32:24] START R02897
  [09:32:24] mode=swap
    swap: solved=0/10
  [09:36:16] mode=group-reshuffle
    group-reshuffle: solved=0/10
  [09:40:01] mode=constrained-shuffle
    constrained-shuffle: solved=0/10
[09:43:44] DONE R02897
[09:43:44] START R02957
  [09:43:44] mode=symmetry
    symmetry: solved=7/7
  [09:43:54] mode=local-mutant
    local-mutant: solved=10/10
  [09:44:06] mode=swap
    swap: solved=10/10
  [09:44:18] mode=group-reshuffle
    group-reshuffle: solved=10/10
  [09:44:29] mode=constrained-shuffle
    constrained-shuffle: solved=10/10
[09:44:41] DONE R02957
[09:44:41] START R03017
  [09:44:41] mode=symmetry
    symmetry: solved=0/7
  [09:45:25] mode=local-mutant
    local-mutant: solved=2/10
  [09:46:31] mode=swap
    swap: solved=1/10
  [09:47:34] mode=group-reshuffle
    group-reshuffle: solved=6/10
  [09:48:33] mode=constrained-shuffle
    constrained-shuffle: solved=3/10
[09:49:26] DONE R03017
[09:49:26] START R03077
  [09:49:26] mode=swap
    swap: solved=1/10
  [09:53:38] mode=group-reshuffle
    group-reshuffle: solved=1/10
  [09:57:58] mode=constrained-shuffle
    constrained-shuffle: solved=0/10
[10:02:00] DONE R03077
[10:02:00] START R03137
  [10:02:00] mode=symmetry
    symmetry: solved=3/7
  [10:03:40] mode=local-mutant
    local-mutant: solved=2/10
  [10:06:26] mode=swap
    swap: solved=3/10
  [10:09:08] mode=group-reshuffle
    group-reshuffle: solved=7/10
  [10:11:02] mode=constrained-shuffle
    constrained-shuffle: solved=6/10
[10:13:02] DONE R03137
[10:13:02] START R03197
  [10:13:02] mode=swap
    swap: solved=0/10
  [10:16:24] mode=group-reshuffle
    group-reshuffle: solved=0/10
  [10:19:46] mode=constrained-shuffle
    constrained-shuffle: solved=0/10
[10:23:05] DONE R03197
[10:23:05] START R03257
  [10:23:05] mode=swap
    swap: solved=0/10
  [10:24:52] mode=group-reshuffle
    group-reshuffle: solved=0/10
  [10:26:43] mode=constrained-shuffle
    constrained-shuffle: solved=0/10
[10:28:34] DONE R03257
[10:28:34] START R03317
  [10:28:34] mode=swap
    swap: solved=1/10
  [10:29:39] mode=group-reshuffle
    group-reshuffle: solved=3/10
  [10:30:38] mode=constrained-shuffle
    constrained-shuffle: solved=6/10
[10:31:19] DONE R03317
[10:31:19] SHARD END
