[07:20:01] SHARD START 32 level(s)
[07:20:01] START P00053
  [07:20:01] mode=symmetry
    symmetry: solved=7/7
  [07:20:05] mode=local-mutant
    local-mutant: solved=10/10
  [07:20:12] mode=swap
    swap: solved=0/0
  [07:20:12] mode=group-reshuffle
    group-reshuffle: solved=10/10
  [07:20:18] mode=constrained-shuffle
    constrained-shuffle: solved=10/10
[07:20:22] DONE P00053
[07:20:22] START P00113
  [07:20:22] mode=symmetry
    symmetry: solved=7/7
  [07:20:28] mode=local-mutant
    local-mutant: solved=10/10
  [07:20:34] mode=swap
    swap: solved=8/8
  [07:20:40] mode=group-reshuffle
    group-reshuffle: solved=10/10
  [07:20:47] mode=constrained-shuffle
    constrained-shuffle: solved=10/10
[07:20:56] DONE P00113
[07:20:56] START S00099
  [07:20:56] mode=symmetry
    symmetry: solved=7/7
  [07:21:05] mode=local-mutant
    local-mutant: solved=10/10
  [07:21:18] mode=swap
    swap: solved=0/0
  [07:21:19] mode=group-reshuffle
    group-reshuffle: solved=10/10
  [07:21:31] mode=constrained-shuffle
    constrained-shuffle: solved=10/10
[07:21:44] DONE S00099
[07:21:44] START R01336
  [07:21:44] mode=symmetry
    symmetry: solved=2/7
  [07:22:40] mode=local-mutant
    local-mutant: solved=8/10
  [07:23:09] mode=swap
    swap: solved=8/10
  [07:23:38] mode=group-reshuffle
    group-reshuffle: solved=7/10
  [07:24:17] mode=constrained-shuffle
    constrained-shuffle: solved=9/10
[07:24:46] DONE R01336
[07:24:46] START R00242
  [07:24:46] mode=swap
    swap: solved=0/10
  [07:26:24] mode=group-reshuffle
    group-reshuffle: solved=0/10
  [07:27:49] mode=constrained-shuffle
    constrained-shuffle: solved=1/10
[07:29:18] DONE R00242
[07:29:18] START R00593
  [07:29:18] mode=swap
    swap: solved=0/10
  [07:33:32] mode=group-reshuffle
    group-reshuffle: solved=0/10
  [07:37:40] mode=constrained-shuffle
    constrained-shuffle: solved=1/10
[07:41:40] DONE R00593
[07:41:40] START R00975
  [07:41:40] mode=swap
    swap: solved=0/10
  [07:42:43] mode=group-reshuffle
    group-reshuffle: solved=3/10
  [07:43:32] mode=constrained-shuffle
    constrained-shuffle: solved=0/10
[07:44:36] DONE R00975
[07:44:36] START R01280
  [07:44:36] mode=swap
    swap: solved=1/10
  [07:46:42] mode=group-reshuffle
    group-reshuffle: solved=1/10
  [07:48:34] mode=constrained-shuffle
    constrained-shuffle: solved=0/10
[07:50:21] DONE R01280
[07:50:21] START R01642
  [07:50:21] mode=swap
    swap: solved=0/10
  [07:51:44] mode=group-reshuffle
    group-reshuffle: solved=0/10
  [07:53:15] mode=constrained-shuffle
    constrained-shuffle: solved=0/10
[07:54:41] DONE R01642
[07:54:41] START R02000
  [07:54:41] mode=swap
    swap: solved=0/10
  [07:55:50] mode=group-reshuffle
    group-reshuffle: solved=0/10
  [07:56:55] mode=constrained-shuffle
    constrained-shuffle: solved=0/10
[07:58:01] DONE R02000
[07:58:01] START R02060
  [07:58:01] mode=swap
    swap: solved=0/10
  [08:01:30] mode=group-reshuffle
    group-reshuffle: solved=0/10
  [08:05:05] mode=constrained-shuffle
    constrained-shuffle: solved=0/10
[08:08:39] DONE R02060
[08:08:39] START R02120
  [08:08:39] mode=swap
    swap: solved=0/10
  [08:12:41] mode=group-reshuffle
    group-reshuffle: solved=0/10
  [08:16:33] mode=constrained-shuffle
    constrained-shuffle: solved=0/10
[08:20:25] DONE R02120
[08:20:25] START R02180
  [08:20:25] mode=swap
    swap: solved=0/10
  [08:22:18] mode=group-reshuffle
    group-reshuffle: solved=0/10
  [08:24:06] mode=constrained-shuffle
    constrained-shuffle: solved=1/10
[08:26:00] DONE R02180
[08:26:00] START R02240
  [08:26:00] mode=symmetry
    symmetry: solved=7/7
  [08:26:13] mode=local-mutant
    local-mutant: solved=10/10
  [08:26:41] mode=swap
    swap: solved=10/10
  [08:27:01] mode=group-reshuffle
    group-reshuffle: solved=10/10
  [08:27:17] mode=constrained-shuffle
    constrained-shuffle: solved=6/10
[08:28:03] DONE R02240
[08:28:03] START R02300
  [08:28:03] mode=swap
    swap: solved=0/10
  [08:32:45] mode=group-reshuffle
    group-reshuffle: solved=0/10
  [08:37:29] mode=constrained-shuffle
    constrained-shuffle: solved=0/10
[08:42:11] DONE R02300
[08:42:11] START R02360
  [08:42:11] mode=symmetry
    symmetry: solved=0/7
  [08:44:05] mode=local-mutant
    local-mutant: solved=0/10
  [08:46:56] mode=swap
    swap: solved=1/10
  [08:49:57] mode=group-reshuffle
    group-reshuffle: solved=1/10
  [08:52:44] mode=constrained-shuffle
    constrained-shuffle: solved=0/10
[08:55:43] DONE R02360
[08:55:43] START R02420
  [08:55:43] mode=symmetry
    symmetry: solved=7/7
  [08:56:38] mode=local-mutant
    local-mutant: solved=6/10
  [08:57:56] mode=swap
    swap: solved=8/10
  [08:59:13] mode=group-reshuffle
    group-reshuffle: solved=2/10
  [09:00:36] mode=constrained-shuffle
    constrained-shuffle: solved=0/10
[09:02:00] DONE R02420
[09:02:00] START R02480
  [09:02:00] mode=symmetry
    symmetry: solved=7/7
  [09:02:34] mode=local-mutant
    local-mutant: solved=10/10
  [09:03:16] mode=swap
    swap: solved=10/10
  [09:04:03] mode=group-reshuffle
    group-reshuffle: solved=10/10
  [09:04:38] mode=constrained-shuffle
    constrained-shuffle: solved=9/10
[09:05:10] DONE R02480
[09:05:10] START R02540
  [09:05:10] mode=symmetry
    symmetry: solved=7/7
  [09:05:22] mode=local-mutant
    local-mutant: solved=10/10
  [09:05:48] mode=swap
    swap: solved=10/10
  [09:06:17] mode=group-reshuffle
    group-reshuffle: solved=10/10
  [09:06:46] mode=constrained-shuffle
    constrained-shuffle: solved=10/10
[09:07:13] DONE R02540
[09:07:13] START R02600
  [09:07:13] mode=swap
    swap: solved=1/10
  [09:08:22] mode=group-reshuffle
    group-reshuffle: solved=0/10
  [09:09:32] mode=constrained-shuffle
    constrained-shuffle: solved=5/10
[09:10:21] DONE R02600
[09:10:21] START R02660
  [09:10:21] mode=swap
    swap: solved=1/10
  [09:10:57] mode=group-reshuffle
    group-reshuffle: solved=2/10
  [09:11:37] mode=constrained-shuffle
    constrained-shuffle: solved=1/10
[09:12:20] DONE R02660
[09:12:20] START R02720
  [09:12:20] mode=swap
    swap: solved=0/10
  [09:13:04] mode=group-reshuffle
    group-reshuffle: solved=0/10
  [09:13:49] mode=constrained-shuffle
    constrained-shuffle: solved=0/10
[09:14:32] DONE R02720
[09:14:32] START R02780
  [09:14:32] mode=swap
    swap: solved=0/10
  [09:16:07] mode=group-reshuffle
    group-reshuffle: solved=0/10
  [09:17:52] mode=constrained-shuffle
    constrained-shuffle: solved=0/10
[09:19:32] DONE R02780
[09:19:32] START R02840
  [09:19:32] mode=symmetry
    symmetry: solved=7/7
  [09:19:40] mode=local-mutant
    local-mutant: solved=10/10
  [09:19:53] mode=swap
    swap: solved=10/10
  [09:20:04] mode=group-reshuffle
    group-reshuffle: solved=9/10
  [09:20:41] mode=constrained-shuffle
    constrained-shuffle: solved=9/10
[09:21:18] DONE R02840
[09:21:18] START R02900
  [09:21:18] mode=swap
    swap: solved=2/10
  [09:24:25] mode=group-reshuffle
    group-reshuffle: solved=4/10
  [09:27:26] mode=constrained-shuffle
    constrained-shuffle: solved=9/10
[09:29:30] DONE R02900
[09:29:30] START R02960
  [09:29:30] mode=swap
    swap: solved=3/10
  [09:30:31] mode=group-reshuffle
    group-reshuffle: solved=7/10
  [09:31:07] mode=constrained-shuffle
    constrained-shuffle: solved=5/10
[09:32:00] DONE R02960
[09:32:00] START R03020
  [09:32:00] mode=swap
    swap: solved=0/10
  [09:33:24] mode=group-reshuffle
    group-reshuffle: solved=3/10
  [09:34:30] mode=constrained-shuffle
    constrained-shuffle: solved=3/10
[09:35:38] DONE R03020
[09:35:38] START R03080
  [09:35:38] mode=swap
    swap: solved=0/10
  [09:41:19] mode=group-reshuffle
    group-reshuffle: solved=0/10
  [09:47:11] mode=constrained-shuffle
    constrained-shuffle: solved=0/10
[09:52:51] DONE R03080
[09:52:51] START R03140
  [09:52:51] mode=symmetry
    symmetry: solved=7/7
  [09:52:59] mode=local-mutant
    local-mutant: solved=10/10
  [09:53:11] mode=swap
    swap: solved=10/10
  [09:53:23] mode=group-reshuffle
    group-reshuffle: solved=10/10
  [09:53:37] mode=constrained-shuffle
    constrained-shuffle: solved=10/10
[09:53:51] DONE R03140
[09:53:51] START R03200
  [09:53:51] mode=symmetry
    symmetry: solved=0/7
  [09:54:44] mode=local-mutant
    local-mutant: solved=0/10
  [09:56:02] mode=swap
    swap: solved=0/10
  [09:57:15] mode=group-reshuffle
    group-reshuffle: solved=2/10
  [09:58:22] mode=constrained-shuffle
    constrained-shuffle: solved=3/10
[09:59:18] DONE R03200
[09:59:18] START R03260
  [09:59:18] mode=symmetry
    symmetry: solved=3/7
  [10:00:44] mode=local-mutant
    local-mutant: solved=3/10
  [10:02:53] mode=swap
    swap: solved=7/10
  [10:04:47] mode=group-reshuffle
    group-reshuffle: solved=1/10
  [10:06:49] mode=constrained-shuffle
    constrained-shuffle: solved=1/10
[10:08:59] DONE R03260
[10:08:59] START R03320
  [10:08:59] mode=symmetry
    symmetry: solved=7/7
  [10:09:09] mode=local-mutant
    local-mutant: solved=10/10
  [10:09:23] mode=swap
    swap: solved=10/10
  [10:09:35] mode=group-reshuffle
    group-reshuffle: solved=9/10
  [10:10:05] mode=constrained-shuffle
    constrained-shuffle: solved=10/10
[10:10:24] DONE R03320
[10:10:24] SHARD END
[19:10:33] SHARD START 32 level(s)
[19:10:33] START P00053
  [19:10:33] mode=symmetry
    already have this (family + solve result exist) -- skipping regeneration/re-solve
  [19:10:33] mode=local-mutant
    already have this (family + solve result exist) -- skipping regeneration/re-solve
  [19:10:33] mode=swap
    already have this (family + solve result exist) -- skipping regeneration/re-solve
  [19:10:33] mode=group-reshuffle
    already have this (family + solve result exist) -- skipping regeneration/re-solve
  [19:10:33] mode=constrained-shuffle
    already have this (family + solve result exist) -- skipping regeneration/re-solve
[19:10:33] DONE P00053
[19:10:33] START P00113
  [19:10:33] mode=symmetry
    already have this (family + solve result exist) -- skipping regeneration/re-solve
  [19:10:33] mode=local-mutant
    already have this (family + solve result exist) -- skipping regeneration/re-solve
  [19:10:33] mode=swap
    already have this (family + solve result exist) -- skipping regeneration/re-solve
  [19:10:33] mode=group-reshuffle
    already have this (family + solve result exist) -- skipping regeneration/re-solve
  [19:10:33] mode=constrained-shuffle
    already have this (family + solve result exist) -- skipping regeneration/re-solve
[19:10:33] DONE P00113
[19:10:33] START S00099
  [19:10:33] mode=symmetry
    already have this (family + solve result exist) -- skipping regeneration/re-solve
  [19:10:33] mode=local-mutant
    already have this (family + solve result exist) -- skipping regeneration/re-solve
  [19:10:33] mode=swap
    already have this (family + solve result exist) -- skipping regeneration/re-solve
  [19:10:33] mode=group-reshuffle
    already have this (family + solve result exist) -- skipping regeneration/re-solve
  [19:10:33] mode=constrained-shuffle
    already have this (family + solve result exist) -- skipping regeneration/re-solve
[19:10:33] DONE S00099
[19:10:33] START R01336
  [19:10:33] mode=symmetry
    already have this (family + solve result exist) -- skipping regeneration/re-solve
  [19:10:33] mode=local-mutant
    already have this (family + solve result exist) -- skipping regeneration/re-solve
  [19:10:33] mode=swap
    already have this (family + solve result exist) -- skipping regeneration/re-solve
  [19:10:33] mode=group-reshuffle
    already have this (family + solve result exist) -- skipping regeneration/re-solve
  [19:10:33] mode=constrained-shuffle
    already have this (family + solve result exist) -- skipping regeneration/re-solve
[19:10:33] DONE R01336
[19:10:33] START R00242
  [19:10:33] mode=swap
    already have this (family + solve result exist) -- skipping regeneration/re-solve
  [19:10:33] mode=group-reshuffle
    already have this (family + solve result exist) -- skipping regeneration/re-solve
  [19:10:33] mode=constrained-shuffle
    already have this (family + solve result exist) -- skipping regeneration/re-solve
[19:10:33] DONE R00242
[19:10:33] START R00593
  [19:10:33] mode=swap
    already have this (family + solve result exist) -- skipping regeneration/re-solve
  [19:10:33] mode=group-reshuffle
    already have this (family + solve result exist) -- skipping regeneration/re-solve
  [19:10:33] mode=constrained-shuffle
    already have this (family + solve result exist) -- skipping regeneration/re-solve
[19:10:33] DONE R00593
[19:10:33] START R00975
  [19:10:33] mode=swap
    already have this (family + solve result exist) -- skipping regeneration/re-solve
  [19:10:33] mode=group-reshuffle
    already have this (family + solve result exist) -- skipping regeneration/re-solve
  [19:10:33] mode=constrained-shuffle
    already have this (family + solve result exist) -- skipping regeneration/re-solve
[19:10:33] DONE R00975
[19:10:33] START R01280
  [19:10:33] mode=swap
    already have this (family + solve result exist) -- skipping regeneration/re-solve
  [19:10:33] mode=group-reshuffle
    already have this (family + solve result exist) -- skipping regeneration/re-solve
  [19:10:33] mode=constrained-shuffle
    already have this (family + solve result exist) -- skipping regeneration/re-solve
[19:10:33] DONE R01280
[19:10:33] START R01642
  [19:10:33] mode=swap
    already have this (family + solve result exist) -- skipping regeneration/re-solve
  [19:10:33] mode=group-reshuffle
    already have this (family + solve result exist) -- skipping regeneration/re-solve
  [19:10:33] mode=constrained-shuffle
    already have this (family + solve result exist) -- skipping regeneration/re-solve
[19:10:33] DONE R01642
[19:10:33] START R02000
  [19:10:33] mode=swap
    already have this (family + solve result exist) -- skipping regeneration/re-solve
  [19:10:33] mode=group-reshuffle
    already have this (family + solve result exist) -- skipping regeneration/re-solve
  [19:10:33] mode=constrained-shuffle
    already have this (family + solve result exist) -- skipping regeneration/re-solve
[19:10:33] DONE R02000
[19:10:33] START R02060
  [19:10:33] mode=swap
    already have this (family + solve result exist) -- skipping regeneration/re-solve
  [19:10:33] mode=group-reshuffle
    already have this (family + solve result exist) -- skipping regeneration/re-solve
  [19:10:33] mode=constrained-shuffle
    already have this (family + solve result exist) -- skipping regeneration/re-solve
[19:10:33] DONE R02060
[19:10:33] START R02120
  [19:10:33] mode=swap
    already have this (family + solve result exist) -- skipping regeneration/re-solve
  [19:10:33] mode=group-reshuffle
    already have this (family + solve result exist) -- skipping regeneration/re-solve
  [19:10:33] mode=constrained-shuffle
    already have this (family + solve result exist) -- skipping regeneration/re-solve
[19:10:33] DONE R02120
[19:10:33] START R02180
  [19:10:33] mode=swap
    already have this (family + solve result exist) -- skipping regeneration/re-solve
  [19:10:33] mode=group-reshuffle
    already have this (family + solve result exist) -- skipping regeneration/re-solve
  [19:10:33] mode=constrained-shuffle
    already have this (family + solve result exist) -- skipping regeneration/re-solve
[19:10:33] DONE R02180
[19:10:33] START R02240
  [19:10:33] mode=symmetry
    already have this (family + solve result exist) -- skipping regeneration/re-solve
  [19:10:33] mode=local-mutant
    already have this (family + solve result exist) -- skipping regeneration/re-solve
  [19:10:33] mode=swap
    already have this (family + solve result exist) -- skipping regeneration/re-solve
  [19:10:33] mode=group-reshuffle
    already have this (family + solve result exist) -- skipping regeneration/re-solve
  [19:10:33] mode=constrained-shuffle
    already have this (family + solve result exist) -- skipping regeneration/re-solve
[19:10:33] DONE R02240
[19:10:33] START R02300
  [19:10:33] mode=swap
    already have this (family + solve result exist) -- skipping regeneration/re-solve
  [19:10:33] mode=group-reshuffle
    already have this (family + solve result exist) -- skipping regeneration/re-solve
  [19:10:33] mode=constrained-shuffle
    already have this (family + solve result exist) -- skipping regeneration/re-solve
[19:10:33] DONE R02300
[19:10:33] START R02360
  [19:10:33] mode=symmetry
    already have this (family + solve result exist) -- skipping regeneration/re-solve
  [19:10:33] mode=local-mutant
    already have this (family + solve result exist) -- skipping regeneration/re-solve
  [19:10:33] mode=swap
    already have this (family + solve result exist) -- skipping regeneration/re-solve
  [19:10:33] mode=group-reshuffle
    already have this (family + solve result exist) -- skipping regeneration/re-solve
  [19:10:33] mode=constrained-shuffle
    already have this (family + solve result exist) -- skipping regeneration/re-solve
[19:10:33] DONE R02360
[19:10:33] START R02420
  [19:10:33] mode=symmetry
    already have this (family + solve result exist) -- skipping regeneration/re-solve
  [19:10:33] mode=local-mutant
    already have this (family + solve result exist) -- skipping regeneration/re-solve
  [19:10:33] mode=swap
    already have this (family + solve result exist) -- skipping regeneration/re-solve
  [19:10:33] mode=group-reshuffle
    already have this (family + solve result exist) -- skipping regeneration/re-solve
  [19:10:33] mode=constrained-shuffle
    already have this (family + solve result exist) -- skipping regeneration/re-solve
[19:10:33] DONE R02420
[19:10:33] START R02480
  [19:10:33] mode=symmetry
    already have this (family + solve result exist) -- skipping regeneration/re-solve
  [19:10:33] mode=local-mutant
    already have this (family + solve result exist) -- skipping regeneration/re-solve
  [19:10:33] mode=swap
    already have this (family + solve result exist) -- skipping regeneration/re-solve
  [19:10:33] mode=group-reshuffle
    already have this (family + solve result exist) -- skipping regeneration/re-solve
  [19:10:33] mode=constrained-shuffle
    already have this (family + solve result exist) -- skipping regeneration/re-solve
[19:10:33] DONE R02480
[19:10:33] START R02540
  [19:10:33] mode=symmetry
    already have this (family + solve result exist) -- skipping regeneration/re-solve
  [19:10:33] mode=local-mutant
    already have this (family + solve result exist) -- skipping regeneration/re-solve
  [19:10:33] mode=swap
    already have this (family + solve result exist) -- skipping regeneration/re-solve
  [19:10:33] mode=group-reshuffle
    already have this (family + solve result exist) -- skipping regeneration/re-solve
  [19:10:33] mode=constrained-shuffle
    already have this (family + solve result exist) -- skipping regeneration/re-solve
[19:10:33] DONE R02540
[19:10:33] START R02600
  [19:10:33] mode=swap
    already have this (family + solve result exist) -- skipping regeneration/re-solve
  [19:10:33] mode=group-reshuffle
    already have this (family + solve result exist) -- skipping regeneration/re-solve
  [19:10:33] mode=constrained-shuffle
    already have this (family + solve result exist) -- skipping regeneration/re-solve
[19:10:33] DONE R02600
[19:10:33] START R02660
  [19:10:33] mode=swap
    already have this (family + solve result exist) -- skipping regeneration/re-solve
  [19:10:33] mode=group-reshuffle
    already have this (family + solve result exist) -- skipping regeneration/re-solve
  [19:10:33] mode=constrained-shuffle
    already have this (family + solve result exist) -- skipping regeneration/re-solve
[19:10:33] DONE R02660
[19:10:33] START R02720
  [19:10:33] mode=swap
    already have this (family + solve result exist) -- skipping regeneration/re-solve
  [19:10:33] mode=group-reshuffle
    already have this (family + solve result exist) -- skipping regeneration/re-solve
  [19:10:33] mode=constrained-shuffle
    already have this (family + solve result exist) -- skipping regeneration/re-solve
[19:10:33] DONE R02720
[19:10:33] START R02780
  [19:10:33] mode=swap
    already have this (family + solve result exist) -- skipping regeneration/re-solve
  [19:10:33] mode=group-reshuffle
    already have this (family + solve result exist) -- skipping regeneration/re-solve
  [19:10:33] mode=constrained-shuffle
    already have this (family + solve result exist) -- skipping regeneration/re-solve
[19:10:33] DONE R02780
[19:10:33] START R02840
  [19:10:33] mode=symmetry
    already have this (family + solve result exist) -- skipping regeneration/re-solve
  [19:10:33] mode=local-mutant
    already have this (family + solve result exist) -- skipping regeneration/re-solve
  [19:10:33] mode=swap
    already have this (family + solve result exist) -- skipping regeneration/re-solve
  [19:10:33] mode=group-reshuffle
    already have this (family + solve result exist) -- skipping regeneration/re-solve
  [19:10:33] mode=constrained-shuffle
    already have this (family + solve result exist) -- skipping regeneration/re-solve
[19:10:33] DONE R02840
[19:10:33] START R02900
  [19:10:33] mode=swap
    already have this (family + solve result exist) -- skipping regeneration/re-solve
  [19:10:33] mode=group-reshuffle
    already have this (family + solve result exist) -- skipping regeneration/re-solve
  [19:10:33] mode=constrained-shuffle
    already have this (family + solve result exist) -- skipping regeneration/re-solve
[19:10:33] DONE R02900
[19:10:33] START R02960
  [19:10:33] mode=swap
    already have this (family + solve result exist) -- skipping regeneration/re-solve
  [19:10:33] mode=group-reshuffle
    already have this (family + solve result exist) -- skipping regeneration/re-solve
  [19:10:33] mode=constrained-shuffle
    already have this (family + solve result exist) -- skipping regeneration/re-solve
[19:10:33] DONE R02960
[19:10:33] START R03020
  [19:10:33] mode=swap
    already have this (family + solve result exist) -- skipping regeneration/re-solve
  [19:10:33] mode=group-reshuffle
    already have this (family + solve result exist) -- skipping regeneration/re-solve
  [19:10:33] mode=constrained-shuffle
    already have this (family + solve result exist) -- skipping regeneration/re-solve
[19:10:33] DONE R03020
[19:10:33] START R03080
  [19:10:33] mode=swap
    already have this (family + solve result exist) -- skipping regeneration/re-solve
  [19:10:33] mode=group-reshuffle
    already have this (family + solve result exist) -- skipping regeneration/re-solve
  [19:10:33] mode=constrained-shuffle
    already have this (family + solve result exist) -- skipping regeneration/re-solve
[19:10:33] DONE R03080
[19:10:33] START R03140
  [19:10:33] mode=symmetry
    already have this (family + solve result exist) -- skipping regeneration/re-solve
  [19:10:33] mode=local-mutant
    already have this (family + solve result exist) -- skipping regeneration/re-solve
  [19:10:33] mode=swap
    already have this (family + solve result exist) -- skipping regeneration/re-solve
  [19:10:33] mode=group-reshuffle
    already have this (family + solve result exist) -- skipping regeneration/re-solve
  [19:10:33] mode=constrained-shuffle
    already have this (family + solve result exist) -- skipping regeneration/re-solve
[19:10:33] DONE R03140
[19:10:33] START R03200
  [19:10:33] mode=symmetry
    already have this (family + solve result exist) -- skipping regeneration/re-solve
  [19:10:33] mode=local-mutant
    already have this (family + solve result exist) -- skipping regeneration/re-solve
  [19:10:33] mode=swap
    already have this (family + solve result exist) -- skipping regeneration/re-solve
  [19:10:33] mode=group-reshuffle
    already have this (family + solve result exist) -- skipping regeneration/re-solve
  [19:10:33] mode=constrained-shuffle
    already have this (family + solve result exist) -- skipping regeneration/re-solve
[19:10:33] DONE R03200
[19:10:33] START R03260
  [19:10:33] mode=symmetry
    already have this (family + solve result exist) -- skipping regeneration/re-solve
  [19:10:33] mode=local-mutant
    already have this (family + solve result exist) -- skipping regeneration/re-solve
  [19:10:33] mode=swap
    already have this (family + solve result exist) -- skipping regeneration/re-solve
  [19:10:33] mode=group-reshuffle
    already have this (family + solve result exist) -- skipping regeneration/re-solve
  [19:10:33] mode=constrained-shuffle
    already have this (family + solve result exist) -- skipping regeneration/re-solve
[19:10:33] DONE R03260
[19:10:33] START R03320
  [19:10:33] mode=symmetry
    already have this (family + solve result exist) -- skipping regeneration/re-solve
  [19:10:33] mode=local-mutant
    already have this (family + solve result exist) -- skipping regeneration/re-solve
  [19:10:33] mode=swap
    already have this (family + solve result exist) -- skipping regeneration/re-solve
  [19:10:33] mode=group-reshuffle
    already have this (family + solve result exist) -- skipping regeneration/re-solve
  [19:10:33] mode=constrained-shuffle
    already have this (family + solve result exist) -- skipping regeneration/re-solve
[19:10:33] DONE R03320
[19:10:33] SHARD END
