[04:08:43] SHARD START 33 level(s)
[04:08:43] START P00024
  [04:08:43] mode=symmetry
    symmetry: solved=7/7
  [04:08:47] mode=local-mutant
    local-mutant: solved=10/10
  [04:08:51] mode=swap
    swap: solved=0/0
  [04:08:52] mode=group-reshuffle
    group-reshuffle: solved=10/10
  [04:08:57] mode=constrained-shuffle
    constrained-shuffle: solved=10/10
[04:09:01] DONE P00024
[04:09:01] START P00084
  [04:09:01] mode=symmetry
    symmetry: solved=7/7
  [04:09:09] mode=local-mutant
    local-mutant: solved=10/10
  [04:09:18] mode=swap
    swap: solved=0/0
  [04:09:19] mode=group-reshuffle
    group-reshuffle: solved=10/10
  [04:09:29] mode=constrained-shuffle
    constrained-shuffle: solved=10/10
[04:09:38] DONE P00084
[04:09:38] START P00144
  [04:09:38] mode=symmetry
    symmetry: solved=7/7
  [04:09:45] mode=local-mutant
    local-mutant: solved=10/10
  [04:09:54] mode=swap
    swap: solved=10/10
  [04:10:03] mode=group-reshuffle
    group-reshuffle: solved=10/10
  [04:10:13] mode=constrained-shuffle
    constrained-shuffle: solved=10/10
[04:10:25] DONE P00144
[04:10:25] START R00581
  [04:10:25] mode=symmetry
    symmetry: solved=7/7
  [04:11:35] mode=local-mutant
    local-mutant: solved=8/10
  [04:13:08] mode=swap
    swap: solved=8/10
  [04:14:48] mode=group-reshuffle
    group-reshuffle: solved=10/10
  [04:16:07] mode=constrained-shuffle
    constrained-shuffle: solved=9/10
[04:17:15] DONE R00581
[04:17:15] START R00039
  [04:17:15] mode=swap
    swap: solved=0/10
  [04:18:46] mode=group-reshuffle
    group-reshuffle: solved=1/10
  [04:20:22] mode=constrained-shuffle
    constrained-shuffle: solved=2/10
[04:21:56] DONE R00039
[04:21:56] START R00460
  [04:21:56] mode=symmetry
    symmetry: solved=0/7
  [04:22:36] mode=local-mutant
    local-mutant: solved=2/10
  [04:23:33] mode=swap
    swap: solved=4/10
  [04:24:24] mode=group-reshuffle
    group-reshuffle: solved=7/10
  [04:24:58] mode=constrained-shuffle
    constrained-shuffle: solved=8/10
[04:25:26] DONE R00460
[04:25:26] START R00762
  [04:25:26] mode=swap
    swap: solved=2/10
  [04:28:55] mode=group-reshuffle
    group-reshuffle: solved=1/10
  [04:32:26] mode=constrained-shuffle
    constrained-shuffle: solved=5/10
[04:34:56] DONE R00762
[04:34:56] START R01118
  [04:34:56] mode=symmetry
    symmetry: solved=7/7
  [04:35:27] mode=local-mutant
    local-mutant: solved=10/10
  [04:36:07] mode=swap
    swap: solved=10/10
  [04:36:53] mode=group-reshuffle
    group-reshuffle: solved=10/10
  [04:37:26] mode=constrained-shuffle
    constrained-shuffle: solved=9/10
[04:38:25] DONE R01118
[04:38:25] START R01489
  [04:38:25] mode=symmetry
    symmetry: solved=7/7
  [04:39:10] mode=local-mutant
    local-mutant: solved=5/10
  [04:41:09] mode=swap
    swap: solved=6/10
  [04:42:57] mode=group-reshuffle
    group-reshuffle: solved=1/10
  [04:45:33] mode=constrained-shuffle
    constrained-shuffle: solved=2/10
[04:47:48] DONE R01489
[04:47:48] START R01799
  [04:47:48] mode=swap
    swap: solved=0/10
  [04:49:09] mode=group-reshuffle
    group-reshuffle: solved=5/10
  [04:50:18] mode=constrained-shuffle
    constrained-shuffle: solved=6/10
[04:51:32] DONE R01799
[04:51:32] START R02031
  [04:51:32] mode=swap
    swap: solved=0/10
  [04:54:35] mode=group-reshuffle
    group-reshuffle: solved=0/10
  [04:57:48] mode=constrained-shuffle
    constrained-shuffle: solved=2/10
[05:00:47] DONE R02031
[05:00:47] START R02091
  [05:00:47] mode=swap
    swap: solved=0/10
  [05:02:50] mode=group-reshuffle
    group-reshuffle: solved=0/10
  [05:04:50] mode=constrained-shuffle
    constrained-shuffle: solved=0/10
[05:06:53] DONE R02091
[05:06:53] START R02151
  [05:06:53] mode=swap
    swap: solved=3/10
  [05:09:26] mode=group-reshuffle
    group-reshuffle: solved=6/10
  [05:11:23] mode=constrained-shuffle
    constrained-shuffle: solved=2/10
[05:13:47] DONE R02151
[05:13:47] START R02211
  [05:13:47] mode=symmetry
    symmetry: solved=0/7
  [05:14:54] mode=local-mutant
    local-mutant: solved=1/10
  [05:16:28] mode=swap
    swap: solved=2/10
  [05:17:50] mode=group-reshuffle
    group-reshuffle: solved=5/10
  [05:18:59] mode=constrained-shuffle
    constrained-shuffle: solved=9/10
[05:19:56] DONE R02211
[05:19:56] START R02271
  [05:19:56] mode=swap
    swap: solved=1/10
  [05:21:18] mode=group-reshuffle
    group-reshuffle: solved=9/10
  [05:21:51] mode=constrained-shuffle
    constrained-shuffle: solved=8/10
[05:22:28] DONE R02271
[05:22:28] START R02331
  [05:22:28] mode=symmetry
    symmetry: solved=7/7
  [05:22:38] mode=local-mutant
    local-mutant: solved=10/10
  [05:22:49] mode=swap
    swap: solved=10/10
  [05:23:01] mode=group-reshuffle
    group-reshuffle: solved=10/10
  [05:23:18] mode=constrained-shuffle
    constrained-shuffle: solved=9/10
[05:23:37] DONE R02331
[05:23:37] START R02391
  [05:23:37] mode=swap
    swap: solved=0/10
  [05:25:55] mode=group-reshuffle
    group-reshuffle: solved=0/10
  [05:28:17] mode=constrained-shuffle
    constrained-shuffle: solved=1/10
[05:30:44] DONE R02391
[05:30:44] START R02451
  [05:30:44] mode=swap
    swap: solved=0/10
  [05:32:37] mode=group-reshuffle
    group-reshuffle: solved=0/10
  [05:34:21] mode=constrained-shuffle
    constrained-shuffle: solved=0/10
[05:36:15] DONE R02451
[05:36:15] START R02511
  [05:36:15] mode=symmetry
    symmetry: solved=7/7
  [05:36:43] mode=local-mutant
    local-mutant: solved=9/10
  [05:37:24] mode=swap
    swap: solved=9/10
  [05:38:05] mode=group-reshuffle
    group-reshuffle: solved=1/10
  [05:39:00] mode=constrained-shuffle
    constrained-shuffle: solved=1/10
[05:40:01] DONE R02511
[05:40:01] START R02571
  [05:40:01] mode=swap
    swap: solved=1/10
  [05:41:57] mode=group-reshuffle
    group-reshuffle: solved=4/10
  [05:43:08] mode=constrained-shuffle
    constrained-shuffle: solved=4/10
[05:44:21] DONE R02571
[05:44:21] START R02631
  [05:44:21] mode=symmetry
    symmetry: solved=3/7
  [05:45:54] mode=local-mutant
    local-mutant: solved=5/10
  [05:48:07] mode=swap
    swap: solved=8/10
  [05:50:19] mode=group-reshuffle
    group-reshuffle: solved=2/10
  [05:52:42] mode=constrained-shuffle
    constrained-shuffle: solved=0/10
[05:55:05] DONE R02631
[05:55:05] START R02691
  [05:55:05] mode=symmetry
    symmetry: solved=1/7
  [05:57:18] mode=local-mutant
    local-mutant: solved=0/10
  [06:00:24] mode=swap
    swap: solved=0/10
  [06:03:52] mode=group-reshuffle
    group-reshuffle: solved=2/10
  [06:06:40] mode=constrained-shuffle
    constrained-shuffle: solved=2/10
[06:09:35] DONE R02691
[06:09:35] START R02751
  [06:09:35] mode=swap
    swap: solved=0/10
  [06:11:05] mode=group-reshuffle
    group-reshuffle: solved=3/10
  [06:12:15] mode=constrained-shuffle
    constrained-shuffle: solved=6/10
[06:13:06] DONE R02751
[06:13:06] START R02811
  [06:13:06] mode=swap
    swap: solved=0/10
  [06:14:06] mode=group-reshuffle
    group-reshuffle: solved=2/10
  [06:15:11] mode=constrained-shuffle
    constrained-shuffle: solved=1/10
[06:16:14] DONE R02811
[06:16:14] START R02871
  [06:16:14] mode=symmetry
    symmetry: solved=5/7
  [06:17:24] mode=local-mutant
    local-mutant: solved=10/10
  [06:18:45] mode=swap
    swap: solved=9/10
  [06:19:37] mode=group-reshuffle
    group-reshuffle: solved=5/10
  [06:21:56] mode=constrained-shuffle
    constrained-shuffle: solved=6/10
[06:24:02] DONE R02871
[06:24:02] START R02931
  [06:24:02] mode=swap
    swap: solved=0/10
  [06:24:52] mode=group-reshuffle
    group-reshuffle: solved=8/10
  [06:25:25] mode=constrained-shuffle
    constrained-shuffle: solved=7/10
[06:25:55] DONE R02931
[06:25:55] START R02991
  [06:25:55] mode=swap
    swap: solved=0/10
  [06:28:40] mode=group-reshuffle
    group-reshuffle: solved=0/10
  [06:31:31] mode=constrained-shuffle
    constrained-shuffle: solved=0/10
[06:34:15] DONE R02991
[06:34:15] START R03051
  [06:34:15] mode=swap
    swap: solved=0/10
  [06:38:05] mode=group-reshuffle
    group-reshuffle: solved=0/10
  [06:41:44] mode=constrained-shuffle
    constrained-shuffle: solved=1/10
[06:45:28] DONE R03051
[06:45:28] START R03111
  [06:45:28] mode=symmetry
    symmetry: solved=0/7
  [06:46:20] mode=local-mutant
    local-mutant: solved=3/10
  [06:47:23] mode=swap
    swap: solved=0/10
  [06:48:37] mode=group-reshuffle
    group-reshuffle: solved=0/10
  [06:49:49] mode=constrained-shuffle
    constrained-shuffle: solved=0/10
[06:51:02] DONE R03111
[06:51:02] START R03171
  [06:51:02] mode=swap
    swap: solved=0/10
  [06:51:54] mode=group-reshuffle
    group-reshuffle: solved=7/10
  [06:52:40] mode=constrained-shuffle
    constrained-shuffle: solved=5/10
[06:53:27] DONE R03171
[06:53:27] START R03231
  [06:53:27] mode=symmetry
    symmetry: solved=7/7
  [06:53:47] mode=local-mutant
    local-mutant: solved=10/10
  [06:54:13] mode=swap
    swap: solved=10/10
  [06:54:39] mode=group-reshuffle
    group-reshuffle: solved=10/10
  [06:55:05] mode=constrained-shuffle
    constrained-shuffle: solved=10/10
[06:55:28] DONE R03231
[06:55:28] START R03291
  [06:55:28] mode=swap
    swap: solved=0/10
  [06:59:59] mode=group-reshuffle
    group-reshuffle: solved=3/10
  [07:04:03] mode=constrained-shuffle
    constrained-shuffle: solved=3/10
[07:07:38] DONE R03291
[07:07:38] START R03351
  [07:07:38] mode=swap
    swap: solved=0/10
  [07:10:51] mode=group-reshuffle
    group-reshuffle: solved=0/10
  [07:14:15] mode=constrained-shuffle
    constrained-shuffle: solved=0/10
[07:17:42] DONE R03351
[07:17:42] SHARD END
[19:09:49] SHARD START 33 level(s)
[19:09:49] START P00024
  [19:09:49] mode=symmetry
    already have this (family + solve result exist) -- skipping regeneration/re-solve
  [19:09:49] mode=local-mutant
    already have this (family + solve result exist) -- skipping regeneration/re-solve
  [19:09:49] mode=swap
    already have this (family + solve result exist) -- skipping regeneration/re-solve
  [19:09:49] mode=group-reshuffle
    already have this (family + solve result exist) -- skipping regeneration/re-solve
  [19:09:49] mode=constrained-shuffle
    already have this (family + solve result exist) -- skipping regeneration/re-solve
[19:09:49] DONE P00024
[19:09:49] START P00084
  [19:09:49] mode=symmetry
    already have this (family + solve result exist) -- skipping regeneration/re-solve
  [19:09:49] mode=local-mutant
    already have this (family + solve result exist) -- skipping regeneration/re-solve
  [19:09:49] mode=swap
    already have this (family + solve result exist) -- skipping regeneration/re-solve
  [19:09:49] mode=group-reshuffle
    already have this (family + solve result exist) -- skipping regeneration/re-solve
  [19:09:49] mode=constrained-shuffle
    already have this (family + solve result exist) -- skipping regeneration/re-solve
[19:09:49] DONE P00084
[19:09:49] START P00144
  [19:09:49] mode=symmetry
    already have this (family + solve result exist) -- skipping regeneration/re-solve
  [19:09:49] mode=local-mutant
    already have this (family + solve result exist) -- skipping regeneration/re-solve
  [19:09:49] mode=swap
    already have this (family + solve result exist) -- skipping regeneration/re-solve
  [19:09:49] mode=group-reshuffle
    already have this (family + solve result exist) -- skipping regeneration/re-solve
  [19:09:49] mode=constrained-shuffle
    already have this (family + solve result exist) -- skipping regeneration/re-solve
[19:09:49] DONE P00144
[19:09:49] START R00581
  [19:09:49] mode=symmetry
    already have this (family + solve result exist) -- skipping regeneration/re-solve
  [19:09:49] mode=local-mutant
    already have this (family + solve result exist) -- skipping regeneration/re-solve
  [19:09:49] mode=swap
    already have this (family + solve result exist) -- skipping regeneration/re-solve
  [19:09:49] mode=group-reshuffle
    already have this (family + solve result exist) -- skipping regeneration/re-solve
  [19:09:49] mode=constrained-shuffle
    already have this (family + solve result exist) -- skipping regeneration/re-solve
[19:09:49] DONE R00581
[19:09:49] START R00039
  [19:09:49] mode=swap
    already have this (family + solve result exist) -- skipping regeneration/re-solve
  [19:09:49] mode=group-reshuffle
    already have this (family + solve result exist) -- skipping regeneration/re-solve
  [19:09:49] mode=constrained-shuffle
    already have this (family + solve result exist) -- skipping regeneration/re-solve
[19:09:49] DONE R00039
[19:09:49] START R00460
  [19:09:49] mode=symmetry
    already have this (family + solve result exist) -- skipping regeneration/re-solve
  [19:09:49] mode=local-mutant
    already have this (family + solve result exist) -- skipping regeneration/re-solve
  [19:09:49] mode=swap
    already have this (family + solve result exist) -- skipping regeneration/re-solve
  [19:09:49] mode=group-reshuffle
    already have this (family + solve result exist) -- skipping regeneration/re-solve
  [19:09:49] mode=constrained-shuffle
    already have this (family + solve result exist) -- skipping regeneration/re-solve
[19:09:49] DONE R00460
[19:09:49] START R00762
  [19:09:49] mode=swap
    already have this (family + solve result exist) -- skipping regeneration/re-solve
  [19:09:49] mode=group-reshuffle
    already have this (family + solve result exist) -- skipping regeneration/re-solve
  [19:09:49] mode=constrained-shuffle
    already have this (family + solve result exist) -- skipping regeneration/re-solve
[19:09:49] DONE R00762
[19:09:49] START R01118
  [19:09:49] mode=symmetry
    already have this (family + solve result exist) -- skipping regeneration/re-solve
  [19:09:49] mode=local-mutant
    already have this (family + solve result exist) -- skipping regeneration/re-solve
  [19:09:49] mode=swap
    already have this (family + solve result exist) -- skipping regeneration/re-solve
  [19:09:49] mode=group-reshuffle
    already have this (family + solve result exist) -- skipping regeneration/re-solve
  [19:09:49] mode=constrained-shuffle
    already have this (family + solve result exist) -- skipping regeneration/re-solve
[19:09:49] DONE R01118
[19:09:49] START R01489
  [19:09:49] mode=symmetry
    already have this (family + solve result exist) -- skipping regeneration/re-solve
  [19:09:49] mode=local-mutant
    already have this (family + solve result exist) -- skipping regeneration/re-solve
  [19:09:49] mode=swap
    already have this (family + solve result exist) -- skipping regeneration/re-solve
  [19:09:49] mode=group-reshuffle
    already have this (family + solve result exist) -- skipping regeneration/re-solve
  [19:09:49] mode=constrained-shuffle
    already have this (family + solve result exist) -- skipping regeneration/re-solve
[19:09:49] DONE R01489
[19:09:49] START R01799
  [19:09:49] mode=swap
    already have this (family + solve result exist) -- skipping regeneration/re-solve
  [19:09:49] mode=group-reshuffle
    already have this (family + solve result exist) -- skipping regeneration/re-solve
  [19:09:49] mode=constrained-shuffle
    already have this (family + solve result exist) -- skipping regeneration/re-solve
[19:09:49] DONE R01799
[19:09:49] START R02031
  [19:09:49] mode=swap
    already have this (family + solve result exist) -- skipping regeneration/re-solve
  [19:09:49] mode=group-reshuffle
    already have this (family + solve result exist) -- skipping regeneration/re-solve
  [19:09:49] mode=constrained-shuffle
    already have this (family + solve result exist) -- skipping regeneration/re-solve
[19:09:49] DONE R02031
[19:09:49] START R02091
  [19:09:49] mode=swap
    already have this (family + solve result exist) -- skipping regeneration/re-solve
  [19:09:49] mode=group-reshuffle
    already have this (family + solve result exist) -- skipping regeneration/re-solve
  [19:09:49] mode=constrained-shuffle
    already have this (family + solve result exist) -- skipping regeneration/re-solve
[19:09:49] DONE R02091
[19:09:49] START R02151
  [19:09:49] mode=swap
    already have this (family + solve result exist) -- skipping regeneration/re-solve
  [19:09:49] mode=group-reshuffle
    already have this (family + solve result exist) -- skipping regeneration/re-solve
  [19:09:49] mode=constrained-shuffle
    already have this (family + solve result exist) -- skipping regeneration/re-solve
[19:09:49] DONE R02151
[19:09:49] START R02211
  [19:09:49] mode=symmetry
    already have this (family + solve result exist) -- skipping regeneration/re-solve
  [19:09:49] mode=local-mutant
    already have this (family + solve result exist) -- skipping regeneration/re-solve
  [19:09:49] mode=swap
    already have this (family + solve result exist) -- skipping regeneration/re-solve
  [19:09:49] mode=group-reshuffle
    already have this (family + solve result exist) -- skipping regeneration/re-solve
  [19:09:49] mode=constrained-shuffle
    already have this (family + solve result exist) -- skipping regeneration/re-solve
[19:09:49] DONE R02211
[19:09:49] START R02271
  [19:09:49] mode=swap
    already have this (family + solve result exist) -- skipping regeneration/re-solve
  [19:09:49] mode=group-reshuffle
    already have this (family + solve result exist) -- skipping regeneration/re-solve
  [19:09:49] mode=constrained-shuffle
    already have this (family + solve result exist) -- skipping regeneration/re-solve
[19:09:49] DONE R02271
[19:09:49] START R02331
  [19:09:49] mode=symmetry
    already have this (family + solve result exist) -- skipping regeneration/re-solve
  [19:09:49] mode=local-mutant
    already have this (family + solve result exist) -- skipping regeneration/re-solve
  [19:09:49] mode=swap
    already have this (family + solve result exist) -- skipping regeneration/re-solve
  [19:09:49] mode=group-reshuffle
    already have this (family + solve result exist) -- skipping regeneration/re-solve
  [19:09:49] mode=constrained-shuffle
    already have this (family + solve result exist) -- skipping regeneration/re-solve
[19:09:49] DONE R02331
[19:09:49] START R02391
  [19:09:49] mode=swap
    already have this (family + solve result exist) -- skipping regeneration/re-solve
  [19:09:49] mode=group-reshuffle
    already have this (family + solve result exist) -- skipping regeneration/re-solve
  [19:09:49] mode=constrained-shuffle
    already have this (family + solve result exist) -- skipping regeneration/re-solve
[19:09:49] DONE R02391
[19:09:49] START R02451
  [19:09:49] mode=swap
    already have this (family + solve result exist) -- skipping regeneration/re-solve
  [19:09:49] mode=group-reshuffle
    already have this (family + solve result exist) -- skipping regeneration/re-solve
  [19:09:49] mode=constrained-shuffle
    already have this (family + solve result exist) -- skipping regeneration/re-solve
[19:09:49] DONE R02451
[19:09:49] START R02511
  [19:09:49] mode=symmetry
    already have this (family + solve result exist) -- skipping regeneration/re-solve
  [19:09:49] mode=local-mutant
    already have this (family + solve result exist) -- skipping regeneration/re-solve
  [19:09:49] mode=swap
    already have this (family + solve result exist) -- skipping regeneration/re-solve
  [19:09:49] mode=group-reshuffle
    already have this (family + solve result exist) -- skipping regeneration/re-solve
  [19:09:49] mode=constrained-shuffle
    already have this (family + solve result exist) -- skipping regeneration/re-solve
[19:09:49] DONE R02511
[19:09:49] START R02571
  [19:09:49] mode=swap
    already have this (family + solve result exist) -- skipping regeneration/re-solve
  [19:09:49] mode=group-reshuffle
    already have this (family + solve result exist) -- skipping regeneration/re-solve
  [19:09:49] mode=constrained-shuffle
    already have this (family + solve result exist) -- skipping regeneration/re-solve
[19:09:49] DONE R02571
[19:09:49] START R02631
  [19:09:49] mode=symmetry
    already have this (family + solve result exist) -- skipping regeneration/re-solve
  [19:09:49] mode=local-mutant
    already have this (family + solve result exist) -- skipping regeneration/re-solve
  [19:09:49] mode=swap
    already have this (family + solve result exist) -- skipping regeneration/re-solve
  [19:09:49] mode=group-reshuffle
    already have this (family + solve result exist) -- skipping regeneration/re-solve
  [19:09:49] mode=constrained-shuffle
    already have this (family + solve result exist) -- skipping regeneration/re-solve
[19:09:49] DONE R02631
[19:09:49] START R02691
  [19:09:49] mode=symmetry
    already have this (family + solve result exist) -- skipping regeneration/re-solve
  [19:09:49] mode=local-mutant
    already have this (family + solve result exist) -- skipping regeneration/re-solve
  [19:09:49] mode=swap
    already have this (family + solve result exist) -- skipping regeneration/re-solve
  [19:09:49] mode=group-reshuffle
    already have this (family + solve result exist) -- skipping regeneration/re-solve
  [19:09:49] mode=constrained-shuffle
    already have this (family + solve result exist) -- skipping regeneration/re-solve
[19:09:49] DONE R02691
[19:09:49] START R02751
  [19:09:49] mode=swap
    already have this (family + solve result exist) -- skipping regeneration/re-solve
  [19:09:49] mode=group-reshuffle
    already have this (family + solve result exist) -- skipping regeneration/re-solve
  [19:09:49] mode=constrained-shuffle
    already have this (family + solve result exist) -- skipping regeneration/re-solve
[19:09:49] DONE R02751
[19:09:49] START R02811
  [19:09:49] mode=swap
    already have this (family + solve result exist) -- skipping regeneration/re-solve
  [19:09:49] mode=group-reshuffle
    already have this (family + solve result exist) -- skipping regeneration/re-solve
  [19:09:49] mode=constrained-shuffle
    already have this (family + solve result exist) -- skipping regeneration/re-solve
[19:09:49] DONE R02811
[19:09:49] START R02871
  [19:09:49] mode=symmetry
    already have this (family + solve result exist) -- skipping regeneration/re-solve
  [19:09:49] mode=local-mutant
    already have this (family + solve result exist) -- skipping regeneration/re-solve
  [19:09:49] mode=swap
    already have this (family + solve result exist) -- skipping regeneration/re-solve
  [19:09:49] mode=group-reshuffle
    already have this (family + solve result exist) -- skipping regeneration/re-solve
  [19:09:49] mode=constrained-shuffle
    already have this (family + solve result exist) -- skipping regeneration/re-solve
[19:09:49] DONE R02871
[19:09:49] START R02931
  [19:09:49] mode=swap
    already have this (family + solve result exist) -- skipping regeneration/re-solve
  [19:09:49] mode=group-reshuffle
    already have this (family + solve result exist) -- skipping regeneration/re-solve
  [19:09:49] mode=constrained-shuffle
    already have this (family + solve result exist) -- skipping regeneration/re-solve
[19:09:49] DONE R02931
[19:09:49] START R02991
  [19:09:49] mode=swap
    already have this (family + solve result exist) -- skipping regeneration/re-solve
  [19:09:49] mode=group-reshuffle
    already have this (family + solve result exist) -- skipping regeneration/re-solve
  [19:09:49] mode=constrained-shuffle
    already have this (family + solve result exist) -- skipping regeneration/re-solve
[19:09:49] DONE R02991
[19:09:49] START R03051
  [19:09:49] mode=swap
    already have this (family + solve result exist) -- skipping regeneration/re-solve
  [19:09:49] mode=group-reshuffle
    already have this (family + solve result exist) -- skipping regeneration/re-solve
  [19:09:49] mode=constrained-shuffle
    already have this (family + solve result exist) -- skipping regeneration/re-solve
[19:09:49] DONE R03051
[19:09:49] START R03111
  [19:09:49] mode=symmetry
    already have this (family + solve result exist) -- skipping regeneration/re-solve
  [19:09:49] mode=local-mutant
    already have this (family + solve result exist) -- skipping regeneration/re-solve
  [19:09:49] mode=swap
    already have this (family + solve result exist) -- skipping regeneration/re-solve
  [19:09:49] mode=group-reshuffle
    already have this (family + solve result exist) -- skipping regeneration/re-solve
  [19:09:49] mode=constrained-shuffle
    already have this (family + solve result exist) -- skipping regeneration/re-solve
[19:09:49] DONE R03111
[19:09:49] START R03171
  [19:09:49] mode=swap
    already have this (family + solve result exist) -- skipping regeneration/re-solve
  [19:09:49] mode=group-reshuffle
    already have this (family + solve result exist) -- skipping regeneration/re-solve
  [19:09:49] mode=constrained-shuffle
    already have this (family + solve result exist) -- skipping regeneration/re-solve
[19:09:49] DONE R03171
[19:09:49] START R03231
  [19:09:49] mode=symmetry
    already have this (family + solve result exist) -- skipping regeneration/re-solve
  [19:09:49] mode=local-mutant
    already have this (family + solve result exist) -- skipping regeneration/re-solve
  [19:09:49] mode=swap
    already have this (family + solve result exist) -- skipping regeneration/re-solve
  [19:09:49] mode=group-reshuffle
    already have this (family + solve result exist) -- skipping regeneration/re-solve
  [19:09:49] mode=constrained-shuffle
    already have this (family + solve result exist) -- skipping regeneration/re-solve
[19:09:49] DONE R03231
[19:09:49] START R03291
  [19:09:49] mode=swap
    already have this (family + solve result exist) -- skipping regeneration/re-solve
  [19:09:49] mode=group-reshuffle
    already have this (family + solve result exist) -- skipping regeneration/re-solve
  [19:09:49] mode=constrained-shuffle
    already have this (family + solve result exist) -- skipping regeneration/re-solve
[19:09:49] DONE R03291
[19:09:49] START R03351
  [19:09:49] mode=swap
    already have this (family + solve result exist) -- skipping regeneration/re-solve
  [19:09:49] mode=group-reshuffle
    already have this (family + solve result exist) -- skipping regeneration/re-solve
  [19:09:49] mode=constrained-shuffle
    already have this (family + solve result exist) -- skipping regeneration/re-solve
[19:09:49] DONE R03351
[19:09:49] SHARD END
