[19:10:43] SHARD START 33 level(s)
[19:10:43] START P00008
  [19:10:43] mode=symmetry
    symmetry: solved=7/7
  [19:10:50] mode=local-mutant
    local-mutant: solved=10/10
  [19:10:59] mode=swap
    swap: solved=10/10
  [19:11:09] mode=group-reshuffle
    group-reshuffle: solved=10/10
  [19:11:18] mode=constrained-shuffle
    constrained-shuffle: solved=10/10
[19:11:27] DONE P00008
[19:11:27] START P00068
  [19:11:27] mode=symmetry
    symmetry: solved=1/1
  [19:11:29] mode=local-mutant
    local-mutant: solved=10/10
  [19:11:35] mode=swap
    swap: solved=8/8
  [19:11:39] mode=group-reshuffle
    group-reshuffle: solved=10/10
  [19:11:46] mode=constrained-shuffle
    constrained-shuffle: solved=10/10
[19:11:54] DONE P00068
[19:11:54] START P00128
  [19:11:54] mode=symmetry
    symmetry: solved=7/7
  [19:12:01] mode=local-mutant
    local-mutant: solved=10/10
  [19:12:11] mode=swap
    swap: solved=10/10
  [19:12:20] mode=group-reshuffle
    group-reshuffle: solved=10/10
  [19:12:30] mode=constrained-shuffle
    constrained-shuffle: solved=10/10
[19:12:42] DONE P00128
[19:12:42] START R00087
  [19:12:42] mode=symmetry
    symmetry: solved=7/7
  [19:12:54] mode=local-mutant
    local-mutant: solved=10/10
  [19:13:10] mode=swap
    swap: solved=10/10
  [19:13:28] mode=group-reshuffle
    group-reshuffle: solved=9/10
  [19:14:01] mode=constrained-shuffle
    constrained-shuffle: solved=9/10
[19:14:30] DONE R00087
[19:14:30] START R01685
  [19:14:30] mode=symmetry
    symmetry: solved=7/7
  [19:14:37] mode=local-mutant
    local-mutant: solved=10/10
  [19:14:51] mode=swap
    swap: solved=10/10
  [19:15:02] mode=group-reshuffle
    group-reshuffle: solved=10/10
  [19:15:12] mode=constrained-shuffle
    constrained-shuffle: solved=10/10
[19:15:26] DONE R01685
[19:15:26] START R00347
  [19:15:26] mode=swap
    swap: solved=6/10
  [19:16:28] mode=group-reshuffle
    group-reshuffle: solved=4/10
  [19:17:37] mode=constrained-shuffle
    constrained-shuffle: solved=6/10
[19:18:32] DONE R00347
[19:18:32] START R00690
  [19:18:32] mode=swap
    swap: solved=0/10
  [19:21:36] mode=group-reshuffle
    group-reshuffle: solved=0/10
  [19:24:39] mode=constrained-shuffle
    constrained-shuffle: solved=0/10
[19:27:46] DONE R00690
[19:27:46] START R01022
  [19:27:46] mode=swap
    swap: solved=2/10
  [19:29:38] mode=group-reshuffle
    group-reshuffle: solved=3/10
  [19:31:40] mode=constrained-shuffle
    constrained-shuffle: solved=1/10
[19:33:45] DONE R01022
[19:33:45] START R01382
  [19:33:45] mode=swap
    swap: solved=0/10
  [19:37:17] mode=group-reshuffle
    group-reshuffle: solved=0/10
  [19:40:46] mode=constrained-shuffle
    constrained-shuffle: solved=0/10
[19:44:10] DONE R01382
[19:44:10] START R01724
  [19:44:10] mode=swap
    swap: solved=0/10
  [19:47:39] mode=group-reshuffle
    group-reshuffle: solved=2/10
  [19:50:32] mode=constrained-shuffle
    constrained-shuffle: solved=0/10
[19:54:03] DONE R01724
[19:54:03] START R02015
  [19:54:03] mode=symmetry
    symmetry: solved=3/7
  [19:55:04] mode=local-mutant
    local-mutant: solved=5/10
  [19:56:24] mode=swap
    swap: solved=5/10
  [19:57:47] mode=group-reshuffle
    group-reshuffle: solved=5/10
  [19:58:55] mode=constrained-shuffle
    constrained-shuffle: solved=5/10
[20:00:03] DONE R02015
[20:00:03] START R02075
  [20:00:03] mode=swap
    swap: solved=0/10
  [20:03:22] mode=group-reshuffle
    group-reshuffle: solved=3/10
  [20:06:06] mode=constrained-shuffle
    constrained-shuffle: solved=5/10
[20:08:25] DONE R02075
[20:08:25] START R02135
  [20:08:25] mode=symmetry
    symmetry: solved=7/7
  [20:08:51] mode=local-mutant
    local-mutant: solved=7/10
  [20:09:34] mode=swap
    swap: solved=10/10
  [20:10:11] mode=group-reshuffle
    group-reshuffle: solved=7/10
  [20:11:05] mode=constrained-shuffle
    constrained-shuffle: solved=2/10
[20:11:51] DONE R02135
[20:11:51] START R02195
  [20:11:51] mode=swap
    swap: solved=0/10
  [20:13:06] mode=group-reshuffle
    group-reshuffle: solved=2/10
  [20:14:15] mode=constrained-shuffle
    constrained-shuffle: solved=1/10
[20:15:25] DONE R02195
[20:15:25] START R02255
  [20:15:25] mode=swap
    swap: solved=0/10
  [20:17:13] mode=group-reshuffle
    group-reshuffle: solved=1/10
  [20:19:03] mode=constrained-shuffle
    constrained-shuffle: solved=1/10
[20:20:49] DONE R02255
[20:20:49] START R02315
  [20:20:49] mode=symmetry
    symmetry: solved=7/7
  [20:21:52] mode=local-mutant
    local-mutant: solved=3/10
  [20:23:17] mode=swap
    swap: solved=9/10
  [20:24:43] mode=group-reshuffle
    group-reshuffle: solved=4/10
  [20:25:53] mode=constrained-shuffle
    constrained-shuffle: solved=3/10
[20:27:10] DONE R02315
[20:27:10] START R02375
  [20:27:10] mode=swap
    swap: solved=0/10
  [20:28:56] mode=group-reshuffle
    group-reshuffle: solved=2/10
  [20:30:28] mode=constrained-shuffle
    constrained-shuffle: solved=1/10
[20:32:17] DONE R02375
[20:32:17] START R02435
  [20:32:17] mode=symmetry
    symmetry: solved=7/7
  [20:32:25] mode=local-mutant
    local-mutant: solved=10/10
  [20:32:39] mode=swap
    swap: solved=10/10
  [20:32:50] mode=group-reshuffle
    group-reshuffle: solved=6/10
  [20:33:40] mode=constrained-shuffle
    constrained-shuffle: solved=4/10
[20:34:36] DONE R02435
[20:34:36] START R02495
  [20:34:36] mode=symmetry
    symmetry: solved=0/7
  [20:35:30] mode=local-mutant
    local-mutant: solved=2/10
  [20:36:38] mode=swap
    swap: solved=1/10
  [20:37:49] mode=group-reshuffle
    group-reshuffle: solved=0/10
  [20:38:55] mode=constrained-shuffle
    constrained-shuffle: solved=4/10
[20:39:42] DONE R02495
[20:39:42] START R02555
  [20:39:42] mode=swap
    swap: solved=2/10
  [20:40:59] mode=group-reshuffle
    group-reshuffle: solved=6/10
  [20:41:44] mode=constrained-shuffle
    constrained-shuffle: solved=3/10
[20:42:55] DONE R02555
[20:42:55] START R02615
  [20:42:55] mode=swap
    swap: solved=0/10
  [20:44:29] mode=group-reshuffle
    group-reshuffle: solved=0/10
  [20:46:04] mode=constrained-shuffle
    constrained-shuffle: solved=1/10
[20:47:36] DONE R02615
[20:47:36] START R02675
  [20:47:36] mode=swap
    swap: solved=0/10
  [20:49:30] mode=group-reshuffle
    group-reshuffle: solved=0/10
  [20:51:22] mode=constrained-shuffle
    constrained-shuffle: solved=0/10
[20:53:13] DONE R02675
[20:53:13] START R02735
  [20:53:13] mode=swap
    swap: solved=1/10
  [20:54:14] mode=group-reshuffle
    group-reshuffle: solved=7/10
  [20:54:41] mode=constrained-shuffle
    constrained-shuffle: solved=1/10
[20:55:43] DONE R02735
[20:55:43] START R02795
  [20:55:43] mode=symmetry
    symmetry: solved=0/7
  [20:56:26] mode=local-mutant
    local-mutant: solved=4/10
  [20:57:18] mode=swap
    swap: solved=1/10
  [20:58:20] mode=group-reshuffle
    group-reshuffle: solved=2/10
  [20:59:21] mode=constrained-shuffle
    constrained-shuffle: solved=0/10
[21:00:21] DONE R02795
[21:00:21] START R02855
  [21:00:21] mode=symmetry
    symmetry: solved=7/7
  [21:00:31] mode=local-mutant
    local-mutant: solved=10/10
  [21:00:47] mode=swap
    swap: solved=10/10
  [21:00:59] mode=group-reshuffle
    group-reshuffle: solved=10/10
  [21:01:10] mode=constrained-shuffle
    constrained-shuffle: solved=10/10
[21:01:26] DONE R02855
[21:01:26] START R02915
  [21:01:26] mode=swap
    swap: solved=0/10
  [21:02:49] mode=group-reshuffle
    group-reshuffle: solved=0/10
  [21:04:16] mode=constrained-shuffle
    constrained-shuffle: solved=0/10
[21:05:46] DONE R02915
[21:05:46] START R02975
  [21:05:46] mode=symmetry
    symmetry: solved=7/7
  [21:05:55] mode=local-mutant
    local-mutant: solved=10/10
  [21:06:03] mode=swap
    swap: solved=8/10
  [21:06:27] mode=group-reshuffle
    group-reshuffle: solved=10/10
  [21:06:51] mode=constrained-shuffle
    constrained-shuffle: solved=10/10
[21:07:01] DONE R02975
[21:07:01] START R03035
  [21:07:01] mode=symmetry
    symmetry: solved=7/7
  [21:07:16] mode=local-mutant
    local-mutant: solved=9/10
  [21:07:48] mode=swap
    swap: solved=10/10
  [21:08:09] mode=group-reshuffle
    group-reshuffle: solved=9/10
  [21:08:34] mode=constrained-shuffle
    constrained-shuffle: solved=10/10
[21:08:52] DONE R03035
[21:08:52] START R03095
  [21:08:52] mode=symmetry
    symmetry: solved=7/7
  [21:09:29] mode=local-mutant
    local-mutant: solved=10/10
  [21:10:17] mode=swap
    swap: solved=10/10
  [21:11:01] mode=group-reshuffle
    group-reshuffle: solved=10/10
  [21:11:50] mode=constrained-shuffle
    constrained-shuffle: solved=8/10
[21:12:55] DONE R03095
[21:12:55] START R03155
  [21:12:55] mode=swap
    swap: solved=0/10
  [21:14:20] mode=group-reshuffle
    group-reshuffle: solved=1/10
  [21:15:45] mode=constrained-shuffle
    constrained-shuffle: solved=1/10
[21:17:17] DONE R03155
[21:17:17] START R03215
  [21:17:17] mode=swap
    swap: solved=0/10
  [21:19:50] mode=group-reshuffle
    group-reshuffle: solved=0/10
  [21:22:26] mode=constrained-shuffle
    constrained-shuffle: solved=0/10
[21:24:58] DONE R03215
[21:24:58] START R03275
  [21:24:58] mode=swap
    swap: solved=0/10
  [21:28:20] mode=group-reshuffle
    group-reshuffle: solved=0/10
  [21:31:37] mode=constrained-shuffle
    constrained-shuffle: solved=1/10
[21:34:53] DONE R03275
[21:34:53] START R03335
  [21:34:53] mode=symmetry
    symmetry: solved=3/7
  [21:35:20] mode=local-mutant
    local-mutant: solved=3/10
  [21:36:01] mode=swap
    swap: solved=8/10
  [21:36:21] mode=group-reshuffle
    group-reshuffle: solved=2/10
  [21:37:10] mode=constrained-shuffle
    constrained-shuffle: solved=2/10
[21:37:57] DONE R03335
[21:37:57] SHARD END
