[04:09:14] SHARD START 33 level(s)
[04:09:14] START P00001
  [04:09:14] mode=symmetry
    symmetry: solved=3/3
  [04:09:19] mode=local-mutant
    generate produced 0 variants (no file written) -- skipping solve/hint-workbench
  [04:09:19] mode=swap
    swap: solved=0/0
  [04:09:20] mode=constrained-shuffle
    constrained-shuffle: solved=0/0
[04:09:21] DONE P00001
[04:09:21] START P00061
  [04:09:21] mode=symmetry
    symmetry: solved=7/7
  [04:09:27] mode=local-mutant
    local-mutant: solved=10/10
  [04:09:41] mode=swap
    swap: solved=5/5
  [04:09:46] mode=group-reshuffle
    group-reshuffle: solved=10/10
  [04:09:58] mode=constrained-shuffle
    constrained-shuffle: solved=10/10
[04:10:10] DONE P00061
[04:10:10] START P00121
  [04:10:10] mode=symmetry
    symmetry: solved=7/7
  [04:10:24] mode=local-mutant
    local-mutant: solved=10/10
  [04:10:39] mode=swap
    swap: solved=6/6
  [04:10:50] mode=group-reshuffle
    group-reshuffle: solved=10/10
  [04:11:07] mode=constrained-shuffle
    constrained-shuffle: solved=10/10
[04:11:22] DONE P00121
[04:11:22] START S00120
  [04:11:22] mode=symmetry
    symmetry: solved=7/7
  [04:11:30] mode=local-mutant
    local-mutant: solved=10/10
  [04:11:38] mode=swap
    swap: solved=0/0
  [04:11:39] mode=group-reshuffle
    group-reshuffle: solved=10/10
  [04:11:49] mode=constrained-shuffle
    constrained-shuffle: solved=10/10
[04:11:58] DONE S00120
[04:11:58] START R01616
  [04:11:58] mode=symmetry
    symmetry: solved=7/7
  [04:12:03] mode=local-mutant
    local-mutant: solved=10/10
  [04:12:10] mode=swap
    swap: solved=10/10
  [04:12:16] mode=group-reshuffle
    group-reshuffle: solved=10/10
  [04:12:24] mode=constrained-shuffle
    constrained-shuffle: solved=10/10
[04:12:32] DONE R01616
[04:12:32] START R00312
  [04:12:32] mode=swap
    swap: solved=1/10
  [04:14:08] mode=group-reshuffle
    group-reshuffle: solved=3/10
  [04:15:31] mode=constrained-shuffle
    constrained-shuffle: solved=4/10
[04:16:45] DONE R00312
[04:16:45] START R00639
  [04:16:45] mode=swap
    swap: solved=0/10
  [04:19:44] mode=group-reshuffle
    group-reshuffle: solved=3/10
  [04:22:29] mode=constrained-shuffle
    constrained-shuffle: solved=7/10
[04:24:12] DONE R00639
[04:24:12] START R01006
  [04:24:12] mode=swap
    swap: solved=0/10
  [04:26:31] mode=group-reshuffle
    group-reshuffle: solved=0/10
  [04:28:53] mode=constrained-shuffle
    constrained-shuffle: solved=1/10
[04:31:16] DONE R01006
[04:31:16] START R01344
  [04:31:16] mode=swap
    swap: solved=0/10
  [04:34:38] mode=group-reshuffle
    group-reshuffle: solved=0/10
  [04:37:52] mode=constrained-shuffle
    constrained-shuffle: solved=0/10
[04:40:58] DONE R01344
[04:40:58] START R01691
  [04:40:58] mode=swap
    swap: solved=0/10
  [04:42:44] mode=group-reshuffle
    group-reshuffle: solved=7/10
  [04:43:26] mode=constrained-shuffle
    constrained-shuffle: solved=8/10
[04:44:06] DONE R01691
[04:44:06] START R02008
  [04:44:06] mode=symmetry
    symmetry: solved=0/7
  [04:44:43] mode=local-mutant
    local-mutant: solved=1/10
  [04:45:37] mode=swap
    swap: solved=0/10
  [04:46:30] mode=group-reshuffle
    group-reshuffle: solved=1/10
  [04:47:23] mode=constrained-shuffle
    constrained-shuffle: solved=1/10
[04:48:16] DONE R02008
[04:48:16] START R02068
  [04:48:16] mode=symmetry
    symmetry: solved=0/7
  [04:49:29] mode=local-mutant
    local-mutant: solved=1/10
  [04:51:07] mode=swap
    swap: solved=1/10
  [04:52:53] mode=group-reshuffle
    group-reshuffle: solved=0/10
  [04:54:37] mode=constrained-shuffle
    constrained-shuffle: solved=3/10
[04:56:10] DONE R02068
[04:56:10] START R02128
  [04:56:10] mode=symmetry
    symmetry: solved=0/7
  [04:57:02] mode=local-mutant
    local-mutant: solved=4/10
  [04:58:07] mode=swap
    swap: solved=4/10
  [04:59:09] mode=group-reshuffle
    group-reshuffle: solved=6/10
  [05:00:11] mode=constrained-shuffle
    constrained-shuffle: solved=1/10
[05:01:26] DONE R02128
[05:01:26] START R02188
  [05:01:26] mode=symmetry
    symmetry: solved=7/7
  [05:01:37] mode=local-mutant
    local-mutant: solved=10/10
  [05:01:55] mode=swap
    swap: solved=10/10
  [05:02:13] mode=group-reshuffle
    group-reshuffle: solved=10/10
  [05:02:28] mode=constrained-shuffle
    constrained-shuffle: solved=10/10
[05:02:42] DONE R02188
[05:02:42] START R02248
  [05:02:42] mode=swap
    swap: solved=4/10
  [05:03:37] mode=group-reshuffle
    group-reshuffle: solved=10/10
  [05:03:58] mode=constrained-shuffle
    constrained-shuffle: solved=10/10
[05:04:13] DONE R02248
[05:04:13] START R02308
  [05:04:13] mode=symmetry
    symmetry: solved=7/7
  [05:05:11] mode=local-mutant
    local-mutant: solved=7/10
  [05:07:12] mode=swap
    swap: solved=6/10
  [05:09:36] mode=group-reshuffle
    group-reshuffle: solved=7/10
  [05:11:49] mode=constrained-shuffle
    constrained-shuffle: solved=5/10
[05:14:26] DONE R02308
[05:14:26] START R02368
  [05:14:26] mode=swap
    swap: solved=0/10
  [05:18:18] mode=group-reshuffle
    group-reshuffle: solved=0/10
  [05:22:13] mode=constrained-shuffle
    constrained-shuffle: solved=1/10
[05:26:19] DONE R02368
[05:26:19] START R02428
  [05:26:19] mode=swap
    swap: solved=0/10
  [05:30:12] mode=group-reshuffle
    group-reshuffle: solved=0/10
  [05:34:23] mode=constrained-shuffle
    constrained-shuffle: solved=0/10
[05:38:44] DONE R02428
[05:38:44] START R02488
  [05:38:44] mode=swap
    swap: solved=0/10
  [05:39:35] mode=group-reshuffle
    group-reshuffle: solved=1/10
  [05:40:23] mode=constrained-shuffle
    constrained-shuffle: solved=3/10
[05:41:13] DONE R02488
[05:41:13] START R02548
  [05:41:13] mode=swap
    swap: solved=0/10
  [05:42:20] mode=group-reshuffle
    group-reshuffle: solved=0/10
  [05:43:31] mode=constrained-shuffle
    constrained-shuffle: solved=2/10
[05:44:34] DONE R02548
[05:44:34] START R02608
  [05:44:34] mode=symmetry
    symmetry: solved=7/7
  [05:44:42] mode=local-mutant
    local-mutant: solved=10/10
  [05:44:55] mode=swap
    swap: solved=9/10
  [05:45:26] mode=group-reshuffle
    group-reshuffle: solved=10/10
  [05:45:36] mode=constrained-shuffle
    constrained-shuffle: solved=10/10
[05:45:47] DONE R02608
[05:45:47] START R02668
  [05:45:47] mode=symmetry
    symmetry: solved=0/7
  [05:46:42] mode=local-mutant
    local-mutant: solved=0/10
  [05:48:02] mode=swap
    swap: solved=0/10
  [05:49:22] mode=group-reshuffle
    group-reshuffle: solved=0/10
  [05:50:44] mode=constrained-shuffle
    constrained-shuffle: solved=0/10
[05:52:03] DONE R02668
[05:52:03] START R02728
  [05:52:03] mode=swap
    swap: solved=0/10
  [05:53:37] mode=group-reshuffle
    group-reshuffle: solved=0/10
  [05:55:13] mode=constrained-shuffle
    constrained-shuffle: solved=0/10
[05:56:49] DONE R02728
[05:56:49] START R02788
  [05:56:49] mode=swap
    swap: solved=0/10
  [05:58:49] mode=group-reshuffle
    group-reshuffle: solved=7/10
  [06:00:06] mode=constrained-shuffle
    constrained-shuffle: solved=10/10
[06:00:32] DONE R02788
[06:00:32] START R02848
  [06:00:32] mode=swap
    swap: solved=0/10
  [06:05:42] mode=group-reshuffle
    group-reshuffle: solved=0/10
  [06:10:52] mode=constrained-shuffle
    constrained-shuffle: solved=0/10
[06:15:54] DONE R02848
[06:15:54] START R02908
  [06:15:54] mode=symmetry
    symmetry: solved=7/7
  [06:16:07] mode=local-mutant
    local-mutant: solved=10/10
  [06:16:27] mode=swap
    swap: solved=10/10
  [06:16:50] mode=group-reshuffle
    group-reshuffle: solved=10/10
  [06:17:11] mode=constrained-shuffle
    constrained-shuffle: solved=10/10
[06:17:30] DONE R02908
[06:17:30] START R02968
  [06:17:30] mode=symmetry
    symmetry: solved=7/7
  [06:17:52] mode=local-mutant
    local-mutant: solved=10/10
  [06:18:14] mode=swap
    swap: solved=10/10
  [06:18:33] mode=group-reshuffle
    group-reshuffle: solved=10/10
  [06:18:54] mode=constrained-shuffle
    constrained-shuffle: solved=7/10
[06:19:43] DONE R02968
[06:19:43] START R03028
  [06:19:43] mode=swap
    swap: solved=0/10
  [06:22:13] mode=group-reshuffle
    group-reshuffle: solved=0/10
  [06:24:50] mode=constrained-shuffle
    constrained-shuffle: solved=1/10
[06:27:18] DONE R03028
[06:27:18] START R03088
  [06:27:18] mode=swap
    swap: solved=0/10
  [06:31:47] mode=group-reshuffle
    group-reshuffle: solved=0/10
  [06:36:20] mode=constrained-shuffle
    constrained-shuffle: solved=0/10
[06:40:55] DONE R03088
[06:40:55] START R03148
  [06:40:55] mode=swap
    swap: solved=4/10
  [06:42:15] mode=group-reshuffle
    group-reshuffle: solved=8/10
  [06:42:58] mode=constrained-shuffle
    constrained-shuffle: solved=6/10
[06:43:50] DONE R03148
[06:43:50] START R03208
  [06:43:50] mode=symmetry
    symmetry: solved=7/7
  [06:45:01] mode=local-mutant
    local-mutant: solved=9/10
  [06:46:32] mode=swap
    swap: solved=10/10
  [06:47:57] mode=group-reshuffle
    group-reshuffle: solved=9/10
  [06:49:21] mode=constrained-shuffle
    constrained-shuffle: solved=8/10
[06:50:54] DONE R03208
[06:50:54] START R03268
  [06:50:54] mode=swap
    swap: solved=0/10
  [06:54:13] mode=group-reshuffle
    group-reshuffle: solved=1/10
  [06:57:22] mode=constrained-shuffle
    constrained-shuffle: solved=0/10
[07:00:34] DONE R03268
[07:00:34] START R03328
  [07:00:34] mode=swap
    swap: solved=0/10
  [07:01:38] mode=group-reshuffle
    group-reshuffle: solved=0/10
  [07:02:43] mode=constrained-shuffle
    constrained-shuffle: solved=0/10
[07:03:46] DONE R03328
[07:03:46] SHARD END
