[04:08:47] SHARD START 33 level(s)
[04:08:47] START P00015
  [04:08:47] mode=symmetry
    symmetry: solved=7/7
  [04:08:53] mode=local-mutant
    local-mutant: solved=10/10
  [04:09:00] mode=swap
    swap: solved=0/0
  [04:09:01] mode=group-reshuffle
    group-reshuffle: solved=10/10
  [04:09:07] mode=constrained-shuffle
    constrained-shuffle: solved=10/10
[04:09:14] DONE P00015
[04:09:14] START P00075
  [04:09:14] mode=symmetry
    symmetry: solved=7/7
  [04:09:18] mode=local-mutant
    local-mutant: solved=10/10
  [04:09:23] mode=swap
    swap: solved=0/0
  [04:09:24] mode=group-reshuffle
    group-reshuffle: solved=10/10
  [04:09:30] mode=constrained-shuffle
    constrained-shuffle: solved=10/10
[04:09:36] DONE P00075
[04:09:36] START P00135
  [04:09:36] mode=symmetry
    symmetry: solved=7/7
  [04:09:40] mode=local-mutant
    local-mutant: solved=10/10
  [04:09:45] mode=swap
    swap: solved=10/10
  [04:09:51] mode=group-reshuffle
    group-reshuffle: solved=10/10
  [04:09:58] mode=constrained-shuffle
    constrained-shuffle: solved=10/10
[04:10:05] DONE P00135
[04:10:05] START R00375
  [04:10:05] mode=symmetry
    symmetry: solved=7/7
  [04:10:14] mode=local-mutant
    local-mutant: solved=10/10
  [04:10:27] mode=swap
    swap: solved=10/10
  [04:10:39] mode=group-reshuffle
    group-reshuffle: solved=10/10
  [04:10:51] mode=constrained-shuffle
    constrained-shuffle: solved=10/10
[04:11:05] DONE R00375
[04:11:05] START R01844
  [04:11:05] mode=symmetry
    symmetry: solved=7/7
  [04:11:15] mode=local-mutant
    local-mutant: solved=10/10
  [04:11:33] mode=swap
    swap: solved=10/10
  [04:11:46] mode=group-reshuffle
    group-reshuffle: solved=10/10
  [04:12:01] mode=constrained-shuffle
    constrained-shuffle: solved=10/10
[04:12:16] DONE R01844
[04:12:16] START R00372
  [04:12:16] mode=swap
    swap: solved=0/10
  [04:16:05] mode=group-reshuffle
    group-reshuffle: solved=0/10
  [04:20:57] mode=constrained-shuffle
    constrained-shuffle: solved=2/10
[04:25:21] DONE R00372
[04:25:21] START R00709
  [04:25:21] mode=swap
    swap: solved=0/10
  [04:26:26] mode=group-reshuffle
    group-reshuffle: solved=0/10
  [04:27:28] mode=constrained-shuffle
    constrained-shuffle: solved=0/10
[04:28:34] DONE R00709
[04:28:34] START R01063
  [04:28:34] mode=symmetry
    symmetry: solved=4/7
  [04:29:33] mode=local-mutant
    local-mutant: solved=5/10
  [04:31:32] mode=swap
    swap: solved=3/10
  [04:33:27] mode=group-reshuffle
    group-reshuffle: solved=5/10
  [04:35:12] mode=constrained-shuffle
    constrained-shuffle: solved=4/10
[04:36:52] DONE R01063
[04:36:52] START R01426
  [04:36:52] mode=swap
    swap: solved=0/10
  [04:38:49] mode=group-reshuffle
    group-reshuffle: solved=0/10
  [04:40:40] mode=constrained-shuffle
    constrained-shuffle: solved=0/10
[04:42:29] DONE R01426
[04:42:29] START R01763
  [04:42:29] mode=symmetry
    symmetry: solved=0/7
  [04:43:16] mode=local-mutant
    local-mutant: solved=3/10
  [04:44:04] mode=swap
    swap: solved=0/10
  [04:45:08] mode=group-reshuffle
    group-reshuffle: solved=2/10
  [04:46:09] mode=constrained-shuffle
    constrained-shuffle: solved=2/10
[04:47:10] DONE R01763
[04:47:10] START R02022
  [04:47:10] mode=symmetry
    symmetry: solved=5/7
  [04:48:17] mode=local-mutant
    local-mutant: solved=3/10
  [04:50:59] mode=swap
    swap: solved=2/10
  [04:53:57] mode=group-reshuffle
    group-reshuffle: solved=4/10
  [04:56:26] mode=constrained-shuffle
    constrained-shuffle: solved=6/10
[04:58:26] DONE R02022
[04:58:26] START R02082
  [04:58:26] mode=swap
    swap: solved=0/10
  [05:03:26] mode=group-reshuffle
    group-reshuffle: solved=0/10
  [05:08:44] mode=constrained-shuffle
    constrained-shuffle: solved=1/10
[05:14:03] DONE R02082
[05:14:03] START R02142
  [05:14:03] mode=swap
    swap: solved=2/10
  [05:15:49] mode=group-reshuffle
    group-reshuffle: solved=1/10
  [05:17:48] mode=constrained-shuffle
    constrained-shuffle: solved=3/10
[05:19:20] DONE R02142
[05:19:20] START R02202
  [05:19:20] mode=swap
    swap: solved=0/10
  [05:21:34] mode=group-reshuffle
    group-reshuffle: solved=0/10
  [05:23:45] mode=constrained-shuffle
    constrained-shuffle: solved=1/10
[05:25:50] DONE R02202
[05:25:50] START R02262
  [05:25:50] mode=symmetry
    symmetry: solved=0/7
  [05:28:19] mode=local-mutant
    local-mutant: solved=2/10
  [05:31:27] mode=swap
    swap: solved=2/10
  [05:34:34] mode=group-reshuffle
    group-reshuffle: solved=3/10
  [05:37:26] mode=constrained-shuffle
    constrained-shuffle: solved=1/10
[05:40:56] DONE R02262
[05:40:56] START R02322
  [05:40:56] mode=swap
    swap: solved=0/10
  [05:42:41] mode=group-reshuffle
    group-reshuffle: solved=0/10
  [05:44:23] mode=constrained-shuffle
    constrained-shuffle: solved=4/10
[05:45:32] DONE R02322
[05:45:32] START R02382
  [05:45:32] mode=swap
    swap: solved=0/10
  [05:47:13] mode=group-reshuffle
    group-reshuffle: solved=0/10
  [05:49:05] mode=constrained-shuffle
    constrained-shuffle: solved=1/10
[05:50:46] DONE R02382
[05:50:46] START R02442
  [05:50:46] mode=swap
    swap: solved=0/10
  [05:52:21] mode=group-reshuffle
    group-reshuffle: solved=3/10
  [05:53:36] mode=constrained-shuffle
    constrained-shuffle: solved=4/10
[05:54:43] DONE R02442
[05:54:43] START R02502
  [05:54:43] mode=symmetry
    symmetry: solved=0/7
  [05:58:11] mode=local-mutant
    local-mutant: solved=4/10
  [06:02:27] mode=swap
    swap: solved=2/10
  [06:06:55] mode=group-reshuffle
    group-reshuffle: solved=3/10
  [06:11:29] mode=constrained-shuffle
    constrained-shuffle: solved=3/10
[06:15:54] DONE R02502
[06:15:54] START R02562
  [06:15:54] mode=symmetry
    symmetry: solved=0/7
  [06:16:43] mode=local-mutant
    local-mutant: solved=5/10
  [06:17:44] mode=swap
    swap: solved=1/10
  [06:18:57] mode=group-reshuffle
    group-reshuffle: solved=4/10
  [06:19:54] mode=constrained-shuffle
    constrained-shuffle: solved=5/10
[06:20:47] DONE R02562
[06:20:47] START R02622
  [06:20:47] mode=symmetry
    symmetry: solved=7/7
  [06:20:56] mode=local-mutant
    local-mutant: solved=4/10
  [06:21:45] mode=swap
    swap: solved=4/10
  [06:22:33] mode=group-reshuffle
    group-reshuffle: solved=4/10
  [06:23:21] mode=constrained-shuffle
    constrained-shuffle: solved=0/10
[06:24:36] DONE R02622
[06:24:36] START R02682
  [06:24:36] mode=swap
    swap: solved=5/10
  [06:27:24] mode=group-reshuffle
    group-reshuffle: solved=6/10
  [06:29:49] mode=constrained-shuffle
    constrained-shuffle: solved=8/10
[06:32:13] DONE R02682
[06:32:13] START R02742
  [06:32:13] mode=symmetry
    symmetry: solved=6/7
  [06:32:44] mode=local-mutant
    local-mutant: solved=9/10
  [06:33:25] mode=swap
    swap: solved=7/10
  [06:34:12] mode=group-reshuffle
    group-reshuffle: solved=9/10
  [06:34:51] mode=constrained-shuffle
    constrained-shuffle: solved=7/10
[06:35:37] DONE R02742
[06:35:37] START R02802
  [06:35:37] mode=swap
    swap: solved=0/10
  [06:37:03] mode=group-reshuffle
    group-reshuffle: solved=0/10
  [06:38:32] mode=constrained-shuffle
    constrained-shuffle: solved=0/10
[06:40:01] DONE R02802
[06:40:01] START R02862
  [06:40:01] mode=symmetry
    symmetry: solved=0/7
  [06:42:01] mode=local-mutant
    local-mutant: solved=0/10
  [06:44:52] mode=swap
    swap: solved=0/10
  [06:47:44] mode=group-reshuffle
    group-reshuffle: solved=0/10
  [06:50:29] mode=constrained-shuffle
    constrained-shuffle: solved=0/10
[06:53:17] DONE R02862
[06:53:17] START R02922
  [06:53:17] mode=symmetry
    symmetry: solved=7/7
  [06:53:27] mode=local-mutant
    local-mutant: solved=10/10
  [06:53:45] mode=swap
    swap: solved=10/10
  [06:54:01] mode=group-reshuffle
    group-reshuffle: solved=10/10
  [06:54:27] mode=constrained-shuffle
    constrained-shuffle: solved=9/10
[06:54:53] DONE R02922
[06:54:53] START R02982
  [06:54:53] mode=symmetry
    symmetry: solved=7/7
  [06:55:08] mode=local-mutant
    local-mutant: solved=8/10
  [06:55:44] mode=swap
    swap: solved=10/10
  [06:56:08] mode=group-reshuffle
    group-reshuffle: solved=10/10
  [06:56:22] mode=constrained-shuffle
    constrained-shuffle: solved=10/10
[06:56:40] DONE R02982
[06:56:40] START R03042
  [06:56:40] mode=swap
    swap: solved=4/10
  [06:59:28] mode=group-reshuffle
    group-reshuffle: solved=2/10
  [07:03:01] mode=constrained-shuffle
    constrained-shuffle: solved=8/10
[07:05:05] DONE R03042
[07:05:05] START R03102
  [07:05:05] mode=swap
    swap: solved=0/10
  [07:06:40] mode=group-reshuffle
    group-reshuffle: solved=0/10
  [07:08:19] mode=constrained-shuffle
    constrained-shuffle: solved=0/10
[07:09:58] DONE R03102
[07:09:58] START R03162
  [07:09:58] mode=symmetry
    symmetry: solved=7/7
  [07:10:29] mode=local-mutant
    local-mutant: solved=9/10
  [07:11:16] mode=swap
    swap: solved=10/10
  [07:11:30] mode=group-reshuffle
    group-reshuffle: solved=7/10
  [07:12:05] mode=constrained-shuffle
    constrained-shuffle: solved=7/10
[07:12:49] DONE R03162
[07:12:49] START R03222
  [07:12:49] mode=swap
    swap: solved=3/10
  [07:14:13] mode=group-reshuffle
    group-reshuffle: solved=4/10
  [07:15:31] mode=constrained-shuffle
    constrained-shuffle: solved=3/10
[07:16:46] DONE R03222
[07:16:46] START R03282
  [07:16:46] mode=swap
    swap: solved=0/10
  [07:21:56] mode=group-reshuffle
    group-reshuffle: solved=0/10
  [07:27:11] mode=constrained-shuffle
    constrained-shuffle: solved=0/10
[07:32:21] DONE R03282
[07:32:21] START R03342
  [07:32:21] mode=swap
    swap: solved=3/10
  [07:33:39] mode=group-reshuffle
    group-reshuffle: solved=4/10
  [07:34:51] mode=constrained-shuffle
    constrained-shuffle: solved=1/10
[07:36:40] DONE R03342
[07:36:40] SHARD END
