[11:25:55] SHARD START 33 level(s)
[11:25:55] START P00037
  [11:25:55] mode=symmetry
    symmetry: solved=7/7
  [11:26:00] mode=local-mutant
    local-mutant: solved=10/10
  [11:26:11] mode=swap
    swap: solved=0/0
  [11:26:12] mode=group-reshuffle
    group-reshuffle: solved=10/10
  [11:26:18] mode=constrained-shuffle
    constrained-shuffle: solved=10/10
[11:26:25] DONE P00037
[11:26:25] START P00097
  [11:26:25] mode=symmetry
    symmetry: solved=7/7
  [11:26:33] mode=local-mutant
    local-mutant: solved=10/10
  [11:26:45] mode=swap
    swap: solved=0/0
  [11:26:46] mode=group-reshuffle
    group-reshuffle: solved=1/1
  [11:26:48] mode=constrained-shuffle
    constrained-shuffle: solved=10/10
[11:26:58] DONE P00097
[11:26:58] START P00158
  [11:26:58] mode=symmetry
    symmetry: solved=7/7
  [11:27:02] mode=local-mutant
    local-mutant: solved=10/10
  [11:27:07] mode=swap
    swap: solved=4/4
  [11:27:10] mode=group-reshuffle
    group-reshuffle: solved=10/10
  [11:27:15] mode=constrained-shuffle
    constrained-shuffle: solved=10/10
[11:27:21] DONE P00158
[11:27:21] START R00855
  [11:27:21] mode=symmetry
    symmetry: solved=6/7
  [11:27:47] mode=local-mutant
    local-mutant: solved=9/10
  [11:28:18] mode=swap
    swap: solved=10/10
  [11:28:31] mode=group-reshuffle
    group-reshuffle: solved=8/10
  [11:29:09] mode=constrained-shuffle
    constrained-shuffle: solved=7/10
[11:30:03] DONE R00855
[11:30:03] START R00118
  [11:30:03] mode=swap
    swap: solved=0/10
  [11:33:14] mode=group-reshuffle
    group-reshuffle: solved=1/10
  [11:36:30] mode=constrained-shuffle
    constrained-shuffle: solved=0/10
[11:39:41] DONE R00118
[11:39:41] START R00527
  [11:39:41] mode=symmetry
    symmetry: solved=0/7
  [11:41:58] mode=local-mutant
    local-mutant: solved=5/10
  [11:44:01] mode=swap
    swap: solved=10/10
  [11:44:20] mode=group-reshuffle
    group-reshuffle: solved=4/10
  [11:46:35] mode=constrained-shuffle
    constrained-shuffle: solved=3/10
[11:49:03] DONE R00527
[11:49:03] START R00867
  [11:49:03] mode=swap
    swap: solved=0/10
  [11:52:40] mode=group-reshuffle
    group-reshuffle: solved=1/10
  [11:56:21] mode=constrained-shuffle
    constrained-shuffle: solved=0/10
[12:00:00] DONE R00867
[12:00:00] START R01174
  [12:00:00] mode=swap
    swap: solved=0/10
  [12:04:43] mode=group-reshuffle
    group-reshuffle: solved=0/10
  [12:09:29] mode=constrained-shuffle
    constrained-shuffle: solved=0/10
[12:14:06] DONE R01174
[12:14:06] START R01554
  [12:14:06] mode=symmetry
    symmetry: solved=0/7
  [12:17:22] mode=local-mutant
    local-mutant: solved=2/10
  [12:21:26] mode=swap
    swap: solved=1/10
  [12:26:13] mode=group-reshuffle
    group-reshuffle: solved=0/10
  [12:30:47] mode=constrained-shuffle
    constrained-shuffle: solved=0/10
[12:35:33] DONE R01554
[12:35:33] START R01903
  [12:35:33] mode=symmetry
    symmetry: solved=7/7
  [12:35:45] mode=local-mutant
    local-mutant: solved=10/10
  [12:36:01] mode=swap
    swap: solved=10/10
  [12:36:17] mode=group-reshuffle
    group-reshuffle: solved=10/10
  [12:36:33] mode=constrained-shuffle
    constrained-shuffle: solved=10/10
[12:36:49] DONE R01903
[12:36:49] START R02044
  [12:36:49] mode=symmetry
    symmetry: solved=7/7
  [12:37:12] mode=local-mutant
    local-mutant: solved=10/10
  [12:37:48] mode=swap
    swap: solved=0/0
  [12:37:49] mode=group-reshuffle
    group-reshuffle: solved=10/10
  [12:38:25] mode=constrained-shuffle
    constrained-shuffle: solved=10/10
[12:38:50] DONE R02044
[12:38:50] START R02104
  [12:38:50] mode=swap
    swap: solved=0/10
  [12:40:22] mode=group-reshuffle
    group-reshuffle: solved=2/10
  [12:41:32] mode=constrained-shuffle
    constrained-shuffle: solved=2/10
[12:42:48] DONE R02104
[12:42:48] START R02164
  [12:42:48] mode=swap
    swap: solved=0/10
  [12:45:42] mode=group-reshuffle
    group-reshuffle: solved=0/10
  [12:48:33] mode=constrained-shuffle
    constrained-shuffle: solved=0/10
[12:51:24] DONE R02164
[12:51:24] START R02224
  [12:51:24] mode=swap
    swap: solved=3/10
  [12:53:37] mode=group-reshuffle
    group-reshuffle: solved=5/10
  [12:55:38] mode=constrained-shuffle
    constrained-shuffle: solved=1/10
[12:58:21] DONE R02224
[12:58:21] START R02284
  [12:58:21] mode=symmetry
    symmetry: solved=0/7
  [13:02:15] mode=local-mutant
    local-mutant: solved=5/10
  [13:06:34] mode=swap
    swap: solved=3/10
  [13:11:25] mode=group-reshuffle
    group-reshuffle: solved=0/10
  [13:16:46] mode=constrained-shuffle
    constrained-shuffle: solved=1/10
[13:22:02] DONE R02284
[13:22:02] START R02344
  [13:22:02] mode=symmetry
    symmetry: solved=3/7
  [13:23:43] mode=local-mutant
    local-mutant: solved=8/10
  [13:25:50] mode=swap
    swap: solved=8/10
  [13:27:21] mode=group-reshuffle
    group-reshuffle: solved=3/10
  [13:30:48] mode=constrained-shuffle
    constrained-shuffle: solved=3/10
[13:33:33] DONE R02344
[13:33:33] START R02404
  [13:33:33] mode=swap
    swap: solved=0/10
  [13:35:46] mode=group-reshuffle
    group-reshuffle: solved=0/10
  [13:38:02] mode=constrained-shuffle
    constrained-shuffle: solved=0/10
[13:40:20] DONE R02404
[13:40:20] START R02464
  [13:40:20] mode=swap
    swap: solved=2/10
  [13:41:12] mode=group-reshuffle
    group-reshuffle: solved=0/10
  [13:42:07] mode=constrained-shuffle
    constrained-shuffle: solved=5/10
[13:42:49] DONE R02464
[13:42:49] START R02524
  [13:42:49] mode=symmetry
    symmetry: solved=7/7
  [13:43:21] mode=local-mutant
    local-mutant: solved=7/10
  [13:44:09] mode=swap
    swap: solved=8/10
  [13:44:54] mode=group-reshuffle
    group-reshuffle: solved=0/10
  [13:45:49] mode=constrained-shuffle
    constrained-shuffle: solved=1/10
[13:46:43] DONE R02524
[13:46:43] START R02584
  [13:46:43] mode=symmetry
    symmetry: solved=7/7
  [13:48:04] mode=local-mutant
    local-mutant: solved=10/10
  [13:49:56] mode=swap
    swap: solved=10/10
  [13:51:48] mode=group-reshuffle
    group-reshuffle: solved=10/10
  [13:53:40] mode=constrained-shuffle
    constrained-shuffle: solved=10/10
[13:55:22] DONE R02584
[13:55:22] START R02644
  [13:55:22] mode=swap
    swap: solved=0/10
  [13:56:32] mode=group-reshuffle
    group-reshuffle: solved=6/10
  [13:57:34] mode=constrained-shuffle
    constrained-shuffle: solved=6/10
[13:58:35] DONE R02644
[13:58:35] START R02704
  [13:58:35] mode=symmetry
    symmetry: solved=7/7
  [13:58:41] mode=local-mutant
    local-mutant: solved=10/10
  [13:58:49] mode=swap
    swap: solved=10/10
  [13:58:56] mode=group-reshuffle
    group-reshuffle: solved=10/10
  [13:59:07] mode=constrained-shuffle
    constrained-shuffle: solved=10/10
[13:59:16] DONE R02704
[13:59:16] START R02764
  [13:59:16] mode=symmetry
    symmetry: solved=7/7
  [13:59:28] mode=local-mutant
    local-mutant: solved=10/10
  [13:59:44] mode=swap
    swap: solved=10/10
  [14:00:01] mode=group-reshuffle
    group-reshuffle: solved=10/10
  [14:00:17] mode=constrained-shuffle
    constrained-shuffle: solved=10/10
[14:00:35] DONE R02764
[14:00:35] START R02824
  [14:00:35] mode=symmetry
    symmetry: solved=7/7
  [14:00:47] mode=local-mutant
    local-mutant: solved=10/10
  [14:01:01] mode=swap
    swap: solved=10/10
  [14:01:15] mode=group-reshuffle
    group-reshuffle: solved=10/10
  [14:01:37] mode=constrained-shuffle
    constrained-shuffle: solved=8/10
[14:01:59] DONE R02824
[14:01:59] START R02884
  [14:01:59] mode=swap
    swap: solved=1/10
  [14:03:51] mode=group-reshuffle
    group-reshuffle: solved=1/10
  [14:05:46] mode=constrained-shuffle
    constrained-shuffle: solved=4/10
[14:07:19] DONE R02884
[14:07:19] START R02944
  [14:07:19] mode=swap
    swap: solved=0/10
  [14:09:17] mode=group-reshuffle
    group-reshuffle: solved=0/10
  [14:11:17] mode=constrained-shuffle
    constrained-shuffle: solved=0/10
[14:13:16] DONE R02944
[14:13:16] START R03004
  [14:13:16] mode=swap
    swap: solved=3/10
  [14:16:23] mode=group-reshuffle
    group-reshuffle: solved=3/10
  [14:19:20] mode=constrained-shuffle
    constrained-shuffle: solved=0/10
[14:22:36] DONE R03004
[14:22:36] START R03064
  [14:22:36] mode=swap
    swap: solved=0/10
  [14:24:56] mode=group-reshuffle
    group-reshuffle: solved=0/10
  [14:27:14] mode=constrained-shuffle
    constrained-shuffle: solved=0/10
[14:29:38] DONE R03064
[14:29:38] START R03124
  [14:29:38] mode=swap
    swap: solved=6/10
  [14:31:10] mode=group-reshuffle
    group-reshuffle: solved=10/10
  [14:31:56] mode=constrained-shuffle
    constrained-shuffle: solved=7/10
[14:33:06] DONE R03124
[14:33:06] START R03184
  [14:33:06] mode=swap
    swap: solved=1/10
  [14:34:29] mode=group-reshuffle
    group-reshuffle: solved=0/10
  [14:35:52] mode=constrained-shuffle
    constrained-shuffle: solved=0/10
[14:37:14] DONE R03184
[14:37:14] START R03244
  [14:37:14] mode=symmetry
    symmetry: solved=7/7
  [14:37:23] mode=local-mutant
    local-mutant: solved=10/10
  [14:37:34] mode=swap
    swap: solved=10/10
  [14:37:49] mode=group-reshuffle
    group-reshuffle: solved=10/10
  [14:38:10] mode=constrained-shuffle
    constrained-shuffle: solved=10/10
[14:38:21] DONE R03244
[14:38:21] START R03304
  [14:38:21] mode=symmetry
    symmetry: solved=7/7
  [14:38:41] mode=local-mutant
    local-mutant: solved=10/10
  [14:39:08] mode=swap
    swap: solved=10/10
  [14:39:37] mode=group-reshuffle
    group-reshuffle: solved=9/10
  [14:40:14] mode=constrained-shuffle
    constrained-shuffle: solved=7/10
[14:41:03] DONE R03304
[14:41:03] START R03364
  [14:41:03] mode=swap
    swap: solved=0/10
  [14:44:31] mode=group-reshuffle
    group-reshuffle: solved=2/10
  [14:47:40] mode=constrained-shuffle
    constrained-shuffle: solved=0/10
[14:51:10] DONE R03364
[14:51:10] SHARD END
