[10:32:13] SHARD START 33 level(s)
[10:32:13] START P00009
  [10:32:13] mode=symmetry
    symmetry: solved=7/7
  [10:32:15] mode=local-mutant
    local-mutant: solved=10/10
  [10:32:16] mode=swap
    swap: solved=0/0
  [10:32:17] mode=group-reshuffle
    group-reshuffle: solved=10/10
  [10:32:20] mode=constrained-shuffle
    constrained-shuffle: solved=10/10
[10:32:23] DONE P00009
[10:32:23] START P00069
  [10:32:23] mode=symmetry
    symmetry: solved=7/7
  [10:32:30] mode=local-mutant
    local-mutant: solved=10/10
  [10:32:38] mode=swap
    swap: solved=0/0
  [10:32:39] mode=group-reshuffle
    group-reshuffle: solved=10/10
  [10:32:48] mode=constrained-shuffle
    constrained-shuffle: solved=10/10
[10:32:56] DONE P00069
[10:32:56] START P00129
  [10:32:56] mode=symmetry
    symmetry: solved=7/7
  [10:33:03] mode=local-mutant
    local-mutant: solved=10/10
  [10:33:13] mode=swap
    swap: solved=0/0
  [10:33:14] mode=group-reshuffle
    group-reshuffle: solved=0/0
  [10:33:15] mode=constrained-shuffle
    constrained-shuffle: solved=10/10
[10:33:25] DONE P00129
[10:33:25] START R00104
  [10:33:25] mode=symmetry
    symmetry: solved=7/7
  [10:33:56] mode=local-mutant
    local-mutant: solved=7/10
  [10:35:14] mode=swap
    swap: solved=9/10
  [10:36:10] mode=group-reshuffle
    group-reshuffle: solved=9/10
  [10:36:54] mode=constrained-shuffle
    constrained-shuffle: solved=9/10
[10:37:52] DONE R00104
[10:37:52] START R01689
  [10:37:52] mode=symmetry
    symmetry: solved=7/7
  [10:38:07] mode=local-mutant
    local-mutant: solved=9/10
  [10:38:47] mode=swap
    swap: solved=8/10
  [10:39:24] mode=group-reshuffle
    group-reshuffle: solved=7/10
  [10:40:21] mode=constrained-shuffle
    constrained-shuffle: solved=9/10
[10:40:55] DONE R01689
[10:40:55] START R00349
  [10:40:55] mode=symmetry
    symmetry: solved=7/7
  [10:41:09] mode=local-mutant
    local-mutant: solved=8/10
  [10:41:45] mode=swap
    swap: solved=10/10
  [10:42:03] mode=group-reshuffle
    group-reshuffle: solved=3/10
  [10:42:55] mode=constrained-shuffle
    constrained-shuffle: solved=8/10
[10:43:27] DONE R00349
[10:43:27] START R00691
  [10:43:27] mode=swap
    swap: solved=0/10
  [10:44:20] mode=group-reshuffle
    group-reshuffle: solved=3/10
  [10:45:09] mode=constrained-shuffle
    constrained-shuffle: solved=2/10
[10:46:03] DONE R00691
[10:46:03] START R01023
  [10:46:03] mode=swap
    swap: solved=1/10
  [10:49:40] mode=group-reshuffle
    group-reshuffle: solved=1/10
  [10:53:18] mode=constrained-shuffle
    constrained-shuffle: solved=1/10
[10:56:55] DONE R01023
[10:56:55] START R01397
  [10:56:55] mode=swap
    swap: solved=1/10
  [11:00:45] mode=group-reshuffle
    group-reshuffle: solved=0/10
  [11:04:40] mode=constrained-shuffle
    constrained-shuffle: solved=0/10
[11:08:35] DONE R01397
[11:08:35] START R01725
  [11:08:35] mode=symmetry
    symmetry: solved=7/7
  [11:08:47] mode=local-mutant
    local-mutant: solved=10/10
  [11:09:04] mode=swap
    swap: solved=10/10
  [11:09:20] mode=group-reshuffle
    group-reshuffle: solved=10/10
  [11:09:49] mode=constrained-shuffle
    constrained-shuffle: solved=10/10
[11:10:14] DONE R01725
[11:10:14] START R02016
  [11:10:14] mode=symmetry
    symmetry: solved=7/7
  [11:10:23] mode=local-mutant
    local-mutant: solved=10/10
  [11:10:37] mode=swap
    swap: solved=10/10
  [11:10:49] mode=group-reshuffle
    group-reshuffle: solved=10/10
  [11:11:06] mode=constrained-shuffle
    constrained-shuffle: solved=10/10
[11:11:21] DONE R02016
[11:11:21] START R02076
  [11:11:21] mode=symmetry
    symmetry: solved=0/7
  [11:13:10] mode=local-mutant
    local-mutant: solved=3/10
  [11:15:29] mode=swap
    swap: solved=6/10
  [11:17:19] mode=group-reshuffle
    group-reshuffle: solved=1/10
  [11:19:50] mode=constrained-shuffle
    constrained-shuffle: solved=4/10
[11:21:43] DONE R02076
[11:21:43] START R02136
  [11:21:43] mode=symmetry
    symmetry: solved=7/7
  [11:21:49] mode=local-mutant
    local-mutant: solved=10/10
  [11:21:56] mode=swap
    swap: solved=10/10
  [11:22:02] mode=group-reshuffle
    group-reshuffle: solved=10/10
  [11:22:09] mode=constrained-shuffle
    constrained-shuffle: solved=10/10
[11:22:18] DONE R02136
[11:22:18] START R02196
  [11:22:18] mode=symmetry
    symmetry: solved=4/7
  [11:23:33] mode=local-mutant
    local-mutant: solved=6/10
  [11:25:24] mode=swap
    swap: solved=8/10
  [11:27:02] mode=group-reshuffle
    group-reshuffle: solved=6/10
  [11:28:38] mode=constrained-shuffle
    constrained-shuffle: solved=2/10
[11:30:50] DONE R02196
[11:30:50] START R02256
  [11:30:50] mode=symmetry
    symmetry: solved=0/7
  [11:33:13] mode=local-mutant
    local-mutant: solved=1/10
  [11:36:25] mode=swap
    swap: solved=0/10
  [11:39:49] mode=group-reshuffle
    group-reshuffle: solved=0/10
  [11:43:13] mode=constrained-shuffle
    constrained-shuffle: solved=0/10
[11:46:18] DONE R02256
[11:46:18] START R02316
  [11:46:18] mode=symmetry
    symmetry: solved=7/7
  [11:46:43] mode=local-mutant
    local-mutant: solved=10/10
  [11:47:17] mode=swap
    swap: solved=9/10
  [11:48:03] mode=group-reshuffle
    group-reshuffle: solved=10/10
  [11:48:29] mode=constrained-shuffle
    constrained-shuffle: solved=7/10
[11:49:24] DONE R02316
[11:49:24] START R02376
  [11:49:24] mode=symmetry
    symmetry: solved=2/7
  [11:51:07] mode=local-mutant
    local-mutant: solved=4/10
  [11:53:12] mode=swap
    swap: solved=5/10
  [11:55:16] mode=group-reshuffle
    group-reshuffle: solved=5/10
  [11:57:26] mode=constrained-shuffle
    constrained-shuffle: solved=7/10
[11:59:14] DONE R02376
[11:59:14] START R02436
  [11:59:14] mode=symmetry
    symmetry: solved=3/7
  [12:00:08] mode=local-mutant
    local-mutant: solved=3/10
  [12:01:37] mode=swap
    swap: solved=4/10
  [12:02:58] mode=group-reshuffle
    group-reshuffle: solved=5/10
  [12:04:18] mode=constrained-shuffle
    constrained-shuffle: solved=5/10
[12:05:36] DONE R02436
[12:05:36] START R02496
  [12:05:36] mode=symmetry
    symmetry: solved=0/7
  [12:06:48] mode=local-mutant
    local-mutant: solved=1/10
  [12:08:28] mode=swap
    swap: solved=1/10
  [12:10:09] mode=group-reshuffle
    group-reshuffle: solved=0/10
  [12:11:50] mode=constrained-shuffle
    constrained-shuffle: solved=0/10
[12:13:31] DONE R02496
[12:13:31] START R02556
  [12:13:31] mode=swap
    swap: solved=0/10
  [12:16:44] mode=group-reshuffle
    group-reshuffle: solved=0/10
  [12:19:45] mode=constrained-shuffle
    constrained-shuffle: solved=0/10
[12:22:47] DONE R02556
[12:22:47] START R02616
  [12:22:47] mode=swap
    swap: solved=0/10
  [12:24:44] mode=group-reshuffle
    group-reshuffle: solved=0/10
  [12:26:33] mode=constrained-shuffle
    constrained-shuffle: solved=1/10
[12:28:22] DONE R02616
[12:28:22] START R02676
  [12:28:22] mode=swap
    swap: solved=2/10
  [12:31:11] mode=group-reshuffle
    group-reshuffle: solved=2/10
  [12:34:17] mode=constrained-shuffle
    constrained-shuffle: solved=3/10
[12:36:50] DONE R02676
[12:36:50] START R02736
  [12:36:50] mode=symmetry
    symmetry: solved=7/7
  [12:36:54] mode=local-mutant
    local-mutant: solved=10/10
  [12:37:02] mode=swap
    swap: solved=10/10
  [12:37:08] mode=group-reshuffle
    group-reshuffle: solved=10/10
  [12:37:17] mode=constrained-shuffle
    constrained-shuffle: solved=10/10
[12:37:25] DONE R02736
[12:37:25] START R02796
  [12:37:25] mode=swap
    swap: solved=4/10
  [12:38:10] mode=group-reshuffle
    group-reshuffle: solved=7/10
  [12:38:41] mode=constrained-shuffle
    constrained-shuffle: solved=5/10
[12:39:25] DONE R02796
[12:39:25] START R02856
  [12:39:25] mode=swap
    swap: solved=0/10
  [12:41:13] mode=group-reshuffle
    group-reshuffle: solved=0/10
  [12:42:58] mode=constrained-shuffle
    constrained-shuffle: solved=0/10
[12:44:45] DONE R02856
[12:44:45] START R02916
  [12:44:45] mode=symmetry
    symmetry: solved=7/7
  [12:45:56] mode=local-mutant
    local-mutant: solved=3/10
  [12:48:52] mode=swap
    swap: solved=6/10
  [12:51:11] mode=group-reshuffle
    group-reshuffle: solved=3/10
  [12:53:59] mode=constrained-shuffle
    constrained-shuffle: solved=3/10
[12:56:33] DONE R02916
[12:56:33] START R02976
  [12:56:33] mode=symmetry
    symmetry: solved=7/7
  [12:56:40] mode=local-mutant
    local-mutant: solved=10/10
  [12:56:52] mode=swap
    swap: solved=10/10
  [12:57:02] mode=group-reshuffle
    group-reshuffle: solved=10/10
  [12:57:15] mode=constrained-shuffle
    constrained-shuffle: solved=10/10
[12:57:28] DONE R02976
[12:57:28] START R03036
  [12:57:28] mode=symmetry
    symmetry: solved=4/7
  [12:58:32] mode=local-mutant
    local-mutant: solved=10/10
  [12:59:18] mode=swap
    swap: solved=8/10
  [13:00:27] mode=group-reshuffle
    group-reshuffle: solved=10/10
  [13:01:07] mode=constrained-shuffle
    constrained-shuffle: solved=8/10
[13:02:12] DONE R03036
[13:02:12] START R03096
  [13:02:12] mode=symmetry
    symmetry: solved=7/7
  [13:02:43] mode=local-mutant
    local-mutant: solved=10/10
  [13:03:21] mode=swap
    swap: solved=10/10
  [13:04:01] mode=group-reshuffle
    group-reshuffle: solved=10/10
  [13:04:42] mode=constrained-shuffle
    constrained-shuffle: solved=10/10
[13:05:15] DONE R03096
[13:05:15] START R03156
  [13:05:15] mode=swap
    swap: solved=0/10
  [13:08:38] mode=group-reshuffle
    group-reshuffle: solved=0/10
  [13:12:03] mode=constrained-shuffle
    constrained-shuffle: solved=0/10
[13:15:44] DONE R03156
[13:15:44] START R03216
  [13:15:44] mode=swap
    swap: solved=0/10
  [13:17:11] mode=group-reshuffle
    group-reshuffle: solved=0/10
  [13:18:38] mode=constrained-shuffle
    constrained-shuffle: solved=0/10
[13:20:04] DONE R03216
[13:20:04] START R03276
  [13:20:04] mode=swap
    swap: solved=0/10
  [13:22:36] mode=group-reshuffle
    group-reshuffle: solved=0/10
  [13:25:12] mode=constrained-shuffle
    constrained-shuffle: solved=0/10
[13:27:44] DONE R03276
[13:27:44] START R03336
  [13:27:44] mode=symmetry
    symmetry: solved=0/7
  [13:28:58] mode=local-mutant
    local-mutant: solved=1/10
  [13:30:44] mode=swap
    swap: solved=1/10
  [13:32:27] mode=group-reshuffle
    group-reshuffle: solved=1/10
  [13:34:14] mode=constrained-shuffle
    constrained-shuffle: solved=0/10
[13:36:10] DONE R03336
[13:36:10] SHARD END
