[11:47:10] SHARD START 32 level(s)
[11:47:10] START P00058
  [11:47:10] mode=symmetry
    symmetry: solved=7/7
  [11:47:16] mode=local-mutant
    local-mutant: solved=10/10
  [11:47:23] mode=swap
    swap: solved=3/3
  [11:47:27] mode=group-reshuffle
    group-reshuffle: solved=10/10
  [11:47:34] mode=constrained-shuffle
    constrained-shuffle: solved=10/10
[11:47:41] DONE P00058
[11:47:41] START P00118
  [11:47:41] mode=symmetry
    symmetry: solved=7/7
  [11:47:49] mode=local-mutant
    local-mutant: solved=10/10
  [11:47:59] mode=swap
    swap: solved=0/0
  [11:48:00] mode=group-reshuffle
    group-reshuffle: solved=10/10
  [11:48:16] mode=constrained-shuffle
    constrained-shuffle: solved=10/10
[11:48:27] DONE P00118
[11:48:27] START S00111
  [11:48:27] mode=symmetry
    symmetry: solved=7/7
  [11:48:32] mode=local-mutant
    local-mutant: solved=10/10
  [11:48:43] mode=swap
    swap: solved=0/0
  [11:48:43] mode=group-reshuffle
    group-reshuffle: solved=10/10
  [11:48:55] mode=constrained-shuffle
    constrained-shuffle: solved=10/10
[11:49:06] DONE S00111
[11:49:06] START R01480
  [11:49:06] mode=symmetry
    symmetry: solved=7/7
  [11:49:21] mode=local-mutant
    local-mutant: solved=10/10
  [11:49:37] mode=swap
    swap: solved=10/10
  [11:49:56] mode=group-reshuffle
    group-reshuffle: solved=10/10
  [11:50:17] mode=constrained-shuffle
    constrained-shuffle: solved=10/10
[11:50:45] DONE R01480
[11:50:45] START R00296
  [11:50:45] mode=symmetry
    symmetry: solved=0/7
  [11:51:55] mode=local-mutant
    local-mutant: solved=4/10
  [11:53:19] mode=swap
    swap: solved=0/10
  [11:54:55] mode=group-reshuffle
    group-reshuffle: solved=7/10
  [11:55:56] mode=constrained-shuffle
    constrained-shuffle: solved=7/10
[11:56:50] DONE R00296
[11:56:50] START R00630
  [11:56:50] mode=symmetry
    symmetry: solved=4/7
  [11:57:44] mode=local-mutant
    local-mutant: solved=7/10
  [11:58:28] mode=swap
    swap: solved=8/10
  [11:59:01] mode=group-reshuffle
    group-reshuffle: solved=7/10
  [12:00:12] mode=constrained-shuffle
    constrained-shuffle: solved=5/10
[12:01:47] DONE R00630
[12:01:47] START R00989
  [12:01:47] mode=symmetry
    symmetry: solved=7/7
  [12:01:56] mode=local-mutant
    local-mutant: solved=10/10
  [12:02:10] mode=swap
    swap: solved=10/10
  [12:02:24] mode=group-reshuffle
    group-reshuffle: solved=9/10
  [12:02:50] mode=constrained-shuffle
    constrained-shuffle: solved=10/10
[12:03:03] DONE R00989
[12:03:03] START R01333
  [12:03:03] mode=swap
    swap: solved=3/10
  [12:04:44] mode=group-reshuffle
    group-reshuffle: solved=1/10
  [12:06:29] mode=constrained-shuffle
    constrained-shuffle: solved=4/10
[12:08:05] DONE R01333
[12:08:05] START R01673
  [12:08:05] mode=swap
    swap: solved=0/10
  [12:13:15] mode=group-reshuffle
    group-reshuffle: solved=0/10
  [12:18:20] mode=constrained-shuffle
    constrained-shuffle: solved=1/10
[12:23:14] DONE R01673
[12:23:14] START R02005
  [12:23:14] mode=symmetry
    symmetry: solved=7/7
  [12:23:37] mode=local-mutant
    local-mutant: solved=10/10
  [12:24:13] mode=swap
    swap: solved=10/10
  [12:24:50] mode=group-reshuffle
    group-reshuffle: solved=6/10
  [12:25:37] mode=constrained-shuffle
    constrained-shuffle: solved=7/10
[12:26:15] DONE R02005
[12:26:15] START R02065
  [12:26:15] mode=symmetry
    symmetry: solved=7/7
  [12:26:29] mode=local-mutant
    local-mutant: solved=10/10
  [12:26:49] mode=swap
    swap: solved=10/10
  [12:27:07] mode=group-reshuffle
    group-reshuffle: solved=10/10
  [12:27:29] mode=constrained-shuffle
    constrained-shuffle: solved=10/10
[12:27:51] DONE R02065
[12:27:51] START R02125
  [12:27:51] mode=swap
    swap: solved=0/10
  [12:29:12] mode=group-reshuffle
    group-reshuffle: solved=0/10
  [12:30:27] mode=constrained-shuffle
    constrained-shuffle: solved=0/10
[12:31:43] DONE R02125
[12:31:43] START R02185
  [12:31:43] mode=swap
    swap: solved=1/10
  [12:36:12] mode=group-reshuffle
    group-reshuffle: solved=0/10
  [12:40:48] mode=constrained-shuffle
    constrained-shuffle: solved=1/10
[12:45:16] DONE R02185
[12:45:16] START R02245
  [12:45:16] mode=swap
    swap: solved=0/10
  [12:49:40] mode=group-reshuffle
    group-reshuffle: solved=1/10
  [12:53:52] mode=constrained-shuffle
    constrained-shuffle: solved=0/10
[12:58:11] DONE R02245
[12:58:11] START R02305
  [12:58:11] mode=symmetry
    symmetry: solved=7/7
  [12:58:18] mode=local-mutant
    local-mutant: solved=10/10
  [12:58:29] mode=swap
    swap: solved=10/10
  [12:58:38] mode=group-reshuffle
    group-reshuffle: solved=8/10
  [12:59:11] mode=constrained-shuffle
    constrained-shuffle: solved=10/10
[12:59:25] DONE R02305
[12:59:25] START R02365
  [12:59:25] mode=swap
    swap: solved=1/10
  [13:01:35] mode=group-reshuffle
    group-reshuffle: solved=6/10
  [13:03:02] mode=constrained-shuffle
    constrained-shuffle: solved=8/10
[13:03:57] DONE R02365
[13:03:57] START R02425
  [13:03:57] mode=swap
    swap: solved=0/10
  [13:05:21] mode=group-reshuffle
    group-reshuffle: solved=0/10
  [13:06:45] mode=constrained-shuffle
    constrained-shuffle: solved=0/10
[13:08:20] DONE R02425
[13:08:20] START R02485
  [13:08:20] mode=symmetry
    symmetry: solved=7/7
  [13:08:32] mode=local-mutant
    local-mutant: solved=10/10
  [13:08:50] mode=swap
    swap: solved=10/10
  [13:09:08] mode=group-reshuffle
    group-reshuffle: solved=10/10
  [13:09:24] mode=constrained-shuffle
    constrained-shuffle: solved=7/10
[13:09:56] DONE R02485
[13:09:56] START R02545
  [13:09:56] mode=swap
    swap: solved=1/10
  [13:11:09] mode=group-reshuffle
    group-reshuffle: solved=3/10
  [13:11:59] mode=constrained-shuffle
    constrained-shuffle: solved=2/10
[13:12:58] DONE R02545
[13:12:58] START R02605
  [13:12:58] mode=swap
    swap: solved=0/10
  [13:14:36] mode=group-reshuffle
    group-reshuffle: solved=0/10
  [13:16:10] mode=constrained-shuffle
    constrained-shuffle: solved=0/10
[13:17:44] DONE R02605
[13:17:44] START R02665
  [13:17:44] mode=swap
    swap: solved=1/10
  [13:20:29] mode=group-reshuffle
    group-reshuffle: solved=3/10
  [13:23:15] mode=constrained-shuffle
    constrained-shuffle: solved=7/10
[13:25:11] DONE R02665
[13:25:11] START R02725
  [13:25:11] mode=symmetry
    symmetry: solved=7/7
  [13:25:33] mode=local-mutant
    local-mutant: solved=10/10
  [13:26:18] mode=swap
    swap: solved=10/10
  [13:27:00] mode=group-reshuffle
    group-reshuffle: solved=10/10
  [13:27:57] mode=constrained-shuffle
    constrained-shuffle: solved=10/10
[13:28:52] DONE R02725
[13:28:52] START R02785
  [13:28:52] mode=symmetry
    symmetry: solved=7/7
  [13:29:00] mode=local-mutant
    local-mutant: solved=10/10
  [13:29:10] mode=swap
    swap: solved=10/10
  [13:29:19] mode=group-reshuffle
    group-reshuffle: solved=10/10
  [13:29:29] mode=constrained-shuffle
    constrained-shuffle: solved=9/10
[13:29:51] DONE R02785
[13:29:51] START R02845
  [13:29:51] mode=swap
    swap: solved=1/10
  [13:30:52] mode=group-reshuffle
    group-reshuffle: solved=0/10
  [13:31:52] mode=constrained-shuffle
    constrained-shuffle: solved=1/10
[13:32:49] DONE R02845
[13:32:49] START R02905
  [13:32:49] mode=symmetry
    symmetry: solved=7/7
  [13:33:24] mode=local-mutant
    local-mutant: solved=10/10
  [13:34:14] mode=swap
    swap: solved=10/10
  [13:35:04] mode=group-reshuffle
    group-reshuffle: solved=10/10
  [13:35:55] mode=constrained-shuffle
    constrained-shuffle: solved=10/10
[13:36:42] DONE R02905
[13:36:42] START R02965
  [13:36:42] mode=symmetry
    symmetry: solved=7/7
  [13:37:20] mode=local-mutant
    local-mutant: solved=7/10
  [13:38:52] mode=swap
    swap: solved=0/0
  [13:38:53] mode=group-reshuffle
    group-reshuffle: solved=0/0
  [13:38:54] mode=constrained-shuffle
    constrained-shuffle: solved=5/10
[13:40:59] DONE R02965
[13:40:59] START R03025
  [13:40:59] mode=symmetry
    symmetry: solved=7/7
  [13:41:26] mode=local-mutant
    local-mutant: solved=8/10
  [13:42:18] mode=swap
    swap: solved=9/10
  [13:43:13] mode=group-reshuffle
    group-reshuffle: solved=9/10
  [13:44:04] mode=constrained-shuffle
    constrained-shuffle: solved=7/10
[13:45:15] DONE R03025
[13:45:15] START R03085
  [13:45:15] mode=symmetry
    symmetry: solved=7/7
  [13:45:43] mode=local-mutant
    local-mutant: solved=10/10
  [13:46:24] mode=swap
    swap: solved=10/10
  [13:47:01] mode=group-reshuffle
    group-reshuffle: solved=10/10
  [13:47:24] mode=constrained-shuffle
    constrained-shuffle: solved=10/10
[13:47:55] DONE R03085
[13:47:55] START R03145
  [13:47:55] mode=swap
    swap: solved=5/10
  [13:48:52] mode=group-reshuffle
    group-reshuffle: solved=10/10
  [13:49:03] mode=constrained-shuffle
    constrained-shuffle: solved=8/10
[13:49:27] DONE R03145
[13:49:27] START R03205
  [13:49:27] mode=swap
    swap: solved=2/6
  [13:50:35] mode=group-reshuffle
    group-reshuffle: solved=8/10
  [13:51:40] mode=constrained-shuffle
    constrained-shuffle: solved=9/10
[13:52:23] DONE R03205
[13:52:23] START R03265
  [13:52:23] mode=swap
    swap: solved=0/10
  [13:53:57] mode=group-reshuffle
    group-reshuffle: solved=0/10
  [13:55:32] mode=constrained-shuffle
    constrained-shuffle: solved=0/10
[13:57:06] DONE R03265
[13:57:06] START R03325
  [13:57:06] mode=swap
    swap: solved=1/10
  [13:58:50] mode=group-reshuffle
    group-reshuffle: solved=4/10
  [14:00:13] mode=constrained-shuffle
    constrained-shuffle: solved=5/10
[14:01:24] DONE R03325
[14:01:24] SHARD END
