[04:08:44] SHARD START 33 level(s)
[04:08:44] START P00011
  [04:08:44] mode=symmetry
    symmetry: solved=7/7
  [04:08:47] mode=local-mutant
    local-mutant: solved=10/10
  [04:08:51] mode=swap
    swap: solved=0/0
  [04:08:52] mode=group-reshuffle
    group-reshuffle: solved=10/10
  [04:08:56] mode=constrained-shuffle
    constrained-shuffle: solved=10/10
[04:08:59] DONE P00011
[04:08:59] START P00071
  [04:08:59] mode=symmetry
    symmetry: solved=7/7
  [04:09:02] mode=local-mutant
    local-mutant: solved=10/10
  [04:09:06] mode=swap
    swap: solved=0/0
  [04:09:06] mode=group-reshuffle
    group-reshuffle: solved=10/10
  [04:09:10] mode=constrained-shuffle
    constrained-shuffle: solved=10/10
[04:09:14] DONE P00071
[04:09:14] START P00131
  [04:09:14] mode=symmetry
    symmetry: solved=7/7
  [04:09:20] mode=local-mutant
    local-mutant: solved=10/10
  [04:09:27] mode=swap
    swap: solved=10/10
  [04:09:34] mode=group-reshuffle
    group-reshuffle: solved=10/10
  [04:09:42] mode=constrained-shuffle
    constrained-shuffle: solved=10/10
[04:09:51] DONE P00131
[04:09:51] START R00191
  [04:09:51] mode=symmetry
    symmetry: solved=7/7
  [04:09:58] mode=local-mutant
    local-mutant: solved=10/10
  [04:10:08] mode=swap
    swap: solved=10/10
  [04:10:18] mode=group-reshuffle
    group-reshuffle: solved=10/10
  [04:10:27] mode=constrained-shuffle
    constrained-shuffle: solved=10/10
[04:10:37] DONE R00191
[04:10:37] START R01737
  [04:10:37] mode=symmetry
    symmetry: solved=7/7
  [04:10:44] mode=local-mutant
    local-mutant: solved=10/10
  [04:10:53] mode=swap
    swap: solved=10/10
  [04:11:02] mode=group-reshuffle
    group-reshuffle: solved=10/10
  [04:11:11] mode=constrained-shuffle
    constrained-shuffle: solved=10/10
[04:11:20] DONE R01737
[04:11:20] START R00355
  [04:11:20] mode=swap
    swap: solved=1/10
  [04:13:43] mode=group-reshuffle
    group-reshuffle: solved=3/10
  [04:15:46] mode=constrained-shuffle
    constrained-shuffle: solved=2/10
[04:17:58] DONE R00355
[04:17:58] START R00701
  [04:17:58] mode=symmetry
    symmetry: solved=0/7
  [04:19:22] mode=local-mutant
    local-mutant: solved=4/10
  [04:20:48] mode=swap
    swap: solved=6/10
  [04:21:47] mode=group-reshuffle
    group-reshuffle: solved=6/10
  [04:22:55] mode=constrained-shuffle
    constrained-shuffle: solved=6/10
[04:24:13] DONE R00701
[04:24:13] START R01044
  [04:24:13] mode=swap
    swap: solved=0/10
  [04:29:00] mode=group-reshuffle
    group-reshuffle: solved=0/10
  [04:33:59] mode=constrained-shuffle
    constrained-shuffle: solved=0/10
[04:38:59] DONE R01044
[04:38:59] START R01416
  [04:38:59] mode=swap
    swap: solved=0/10
  [04:40:19] mode=group-reshuffle
    group-reshuffle: solved=0/10
  [04:41:38] mode=constrained-shuffle
    constrained-shuffle: solved=0/10
[04:42:55] DONE R01416
[04:42:55] START R01735
  [04:42:55] mode=swap
    swap: solved=0/10
  [04:45:52] mode=group-reshuffle
    group-reshuffle: solved=2/10
  [04:48:37] mode=constrained-shuffle
    constrained-shuffle: solved=1/10
[04:51:27] DONE R01735
[04:51:27] START R02018
  [04:51:27] mode=swap
    swap: solved=0/10
  [04:55:07] mode=group-reshuffle
    group-reshuffle: solved=0/10
  [04:58:40] mode=constrained-shuffle
    constrained-shuffle: solved=0/10
[05:02:14] DONE R02018
[05:02:14] START R02078
  [05:02:14] mode=swap
    swap: solved=0/10
  [05:03:43] mode=group-reshuffle
    group-reshuffle: solved=0/10
  [05:05:01] mode=constrained-shuffle
    constrained-shuffle: solved=0/10
[05:06:22] DONE R02078
[05:06:22] START R02138
  [05:06:22] mode=swap
    swap: solved=3/10
  [05:07:49] mode=group-reshuffle
    group-reshuffle: solved=4/10
  [05:09:09] mode=constrained-shuffle
    constrained-shuffle: solved=2/10
[05:10:43] DONE R02138
[05:10:43] START R02198
  [05:10:43] mode=symmetry
    symmetry: solved=7/7
  [05:11:24] mode=local-mutant
    local-mutant: solved=8/10
  [05:12:29] mode=swap
    swap: solved=10/10
  [05:13:27] mode=group-reshuffle
    group-reshuffle: solved=0/10
  [05:14:54] mode=constrained-shuffle
    constrained-shuffle: solved=1/10
[05:16:21] DONE R02198
[05:16:21] START R02258
  [05:16:21] mode=symmetry
    symmetry: solved=0/7
  [05:19:19] mode=local-mutant
    local-mutant: solved=0/10
  [05:23:37] mode=swap
    swap: solved=0/10
  [05:27:59] mode=group-reshuffle
    group-reshuffle: solved=0/10
  [05:32:18] mode=constrained-shuffle
    constrained-shuffle: solved=0/10
[05:36:37] DONE R02258
[05:36:37] START R02318
  [05:36:37] mode=swap
    swap: solved=1/10
  [05:38:41] mode=group-reshuffle
    group-reshuffle: solved=0/10
  [05:40:46] mode=constrained-shuffle
    constrained-shuffle: solved=3/10
[05:42:24] DONE R02318
[05:42:24] START R02378
  [05:42:24] mode=symmetry
    symmetry: solved=0/7
  [05:44:42] mode=local-mutant
    local-mutant: solved=2/10
  [05:47:24] mode=swap
    swap: solved=0/10
  [05:51:02] mode=group-reshuffle
    group-reshuffle: solved=0/10
  [05:54:15] mode=constrained-shuffle
    constrained-shuffle: solved=0/10
[05:57:49] DONE R02378
[05:57:49] START R02438
  [05:57:49] mode=symmetry
    symmetry: solved=2/7
  [05:59:53] mode=local-mutant
    local-mutant: solved=4/10
  [06:02:06] mode=swap
    swap: solved=4/10
  [06:04:29] mode=group-reshuffle
    group-reshuffle: solved=2/10
  [06:07:20] mode=constrained-shuffle
    constrained-shuffle: solved=4/10
[06:09:37] DONE R02438
[06:09:37] START R02498
  [06:09:37] mode=swap
    swap: solved=0/10
  [06:10:27] mode=group-reshuffle
    group-reshuffle: solved=0/10
  [06:11:19] mode=constrained-shuffle
    constrained-shuffle: solved=0/10
[06:12:08] DONE R02498
[06:12:08] START R02558
  [06:12:08] mode=symmetry
    symmetry: solved=0/7
  [06:13:51] mode=local-mutant
    local-mutant: solved=0/10
  [06:16:13] mode=swap
    swap: solved=4/10
  [06:18:01] mode=group-reshuffle
    group-reshuffle: solved=2/10
  [06:20:09] mode=constrained-shuffle
    constrained-shuffle: solved=3/10
[06:22:11] DONE R02558
[06:22:11] START R02618
  [06:22:11] mode=symmetry
    symmetry: solved=6/7
  [06:23:30] mode=local-mutant
    local-mutant: solved=8/10
  [06:25:41] mode=swap
    swap: solved=10/10
  [06:27:46] mode=group-reshuffle
    group-reshuffle: solved=8/10
  [06:29:27] mode=constrained-shuffle
    constrained-shuffle: solved=7/10
[06:31:36] DONE R02618
[06:31:36] START R02678
  [06:31:36] mode=symmetry
    symmetry: solved=7/7
  [06:31:47] mode=local-mutant
    local-mutant: solved=10/10
  [06:32:01] mode=swap
    swap: solved=10/10
  [06:32:21] mode=group-reshuffle
    group-reshuffle: solved=10/10
  [06:32:33] mode=constrained-shuffle
    constrained-shuffle: solved=10/10
[06:32:51] DONE R02678
[06:32:51] START R02738
  [06:32:51] mode=swap
    swap: solved=0/10
  [06:36:06] mode=group-reshuffle
    group-reshuffle: solved=2/10
  [06:38:59] mode=constrained-shuffle
    constrained-shuffle: solved=1/10
[06:42:13] DONE R02738
[06:42:13] START R02798
  [06:42:13] mode=swap
    swap: solved=0/10
  [06:43:43] mode=group-reshuffle
    group-reshuffle: solved=0/10
  [06:45:08] mode=constrained-shuffle
    constrained-shuffle: solved=0/10
[06:46:34] DONE R02798
[06:46:34] START R02858
  [06:46:34] mode=swap
    swap: solved=0/10
  [06:48:13] mode=group-reshuffle
    group-reshuffle: solved=0/10
  [06:49:48] mode=constrained-shuffle
    constrained-shuffle: solved=0/10
[06:51:20] DONE R02858
[06:51:20] START R02918
  [06:51:20] mode=swap
    swap: solved=0/10
  [06:54:39] mode=group-reshuffle
    group-reshuffle: solved=0/10
  [06:58:00] mode=constrained-shuffle
    constrained-shuffle: solved=0/10
[07:01:18] DONE R02918
[07:01:18] START R02978
  [07:01:18] mode=symmetry
    symmetry: solved=7/7
  [07:01:37] mode=local-mutant
    local-mutant: solved=9/10
  [07:02:19] mode=swap
    swap: solved=8/10
  [07:03:05] mode=group-reshuffle
    group-reshuffle: solved=10/10
  [07:03:25] mode=constrained-shuffle
    constrained-shuffle: solved=9/10
[07:04:05] DONE R02978
[07:04:05] START R03038
  [07:04:05] mode=swap
    swap: solved=0/10
  [07:07:14] mode=group-reshuffle
    group-reshuffle: solved=0/10
  [07:10:19] mode=constrained-shuffle
    constrained-shuffle: solved=0/10
[07:13:27] DONE R03038
[07:13:27] START R03098
  [07:13:27] mode=swap
    swap: solved=0/10
  [07:16:26] mode=group-reshuffle
    group-reshuffle: solved=0/10
  [07:19:32] mode=constrained-shuffle
    constrained-shuffle: solved=0/10
[07:22:31] DONE R03098
[07:22:31] START R03158
  [07:22:31] mode=swap
    swap: solved=0/10
  [07:25:47] mode=group-reshuffle
    group-reshuffle: solved=0/10
  [07:29:03] mode=constrained-shuffle
    constrained-shuffle: solved=0/10
[07:32:25] DONE R03158
[07:32:25] START R03218
  [07:32:25] mode=swap
    swap: solved=0/10
  [07:33:41] mode=group-reshuffle
    group-reshuffle: solved=0/0
  [07:33:42] mode=constrained-shuffle
    constrained-shuffle: solved=0/10
[07:34:54] DONE R03218
[07:34:54] START R03278
  [07:34:54] mode=swap
    swap: solved=0/10
  [07:38:20] mode=group-reshuffle
    group-reshuffle: solved=0/10
  [07:42:04] mode=constrained-shuffle
    constrained-shuffle: solved=0/10
[07:45:47] DONE R03278
[07:45:47] START R03338
  [07:45:47] mode=symmetry
    symmetry: solved=1/7
  [07:47:56] mode=local-mutant
    local-mutant: solved=0/10
  [07:51:08] mode=swap
    swap: solved=8/10
  [07:52:12] mode=group-reshuffle
    group-reshuffle: solved=8/10
  [07:54:20] mode=constrained-shuffle
    constrained-shuffle: solved=5/10
[07:56:35] DONE R03338
[07:56:35] SHARD END
[19:09:48] SHARD START 33 level(s)
[19:09:48] START P00011
  [19:09:48] mode=symmetry
    already have this (family + solve result exist) -- skipping regeneration/re-solve
  [19:09:48] mode=local-mutant
    already have this (family + solve result exist) -- skipping regeneration/re-solve
  [19:09:48] mode=swap
    already have this (family + solve result exist) -- skipping regeneration/re-solve
  [19:09:48] mode=group-reshuffle
    already have this (family + solve result exist) -- skipping regeneration/re-solve
  [19:09:48] mode=constrained-shuffle
    already have this (family + solve result exist) -- skipping regeneration/re-solve
[19:09:48] DONE P00011
[19:09:48] START P00071
  [19:09:48] mode=symmetry
    already have this (family + solve result exist) -- skipping regeneration/re-solve
  [19:09:48] mode=local-mutant
    already have this (family + solve result exist) -- skipping regeneration/re-solve
  [19:09:48] mode=swap
    already have this (family + solve result exist) -- skipping regeneration/re-solve
  [19:09:48] mode=group-reshuffle
    already have this (family + solve result exist) -- skipping regeneration/re-solve
  [19:09:48] mode=constrained-shuffle
    already have this (family + solve result exist) -- skipping regeneration/re-solve
[19:09:48] DONE P00071
[19:09:48] START P00131
  [19:09:48] mode=symmetry
    already have this (family + solve result exist) -- skipping regeneration/re-solve
  [19:09:48] mode=local-mutant
    already have this (family + solve result exist) -- skipping regeneration/re-solve
  [19:09:48] mode=swap
    already have this (family + solve result exist) -- skipping regeneration/re-solve
  [19:09:48] mode=group-reshuffle
    already have this (family + solve result exist) -- skipping regeneration/re-solve
  [19:09:48] mode=constrained-shuffle
    already have this (family + solve result exist) -- skipping regeneration/re-solve
[19:09:48] DONE P00131
[19:09:48] START R00191
  [19:09:48] mode=symmetry
    already have this (family + solve result exist) -- skipping regeneration/re-solve
  [19:09:48] mode=local-mutant
    already have this (family + solve result exist) -- skipping regeneration/re-solve
  [19:09:49] mode=swap
    already have this (family + solve result exist) -- skipping regeneration/re-solve
  [19:09:49] mode=group-reshuffle
    already have this (family + solve result exist) -- skipping regeneration/re-solve
  [19:09:49] mode=constrained-shuffle
    already have this (family + solve result exist) -- skipping regeneration/re-solve
[19:09:49] DONE R00191
[19:09:49] START R01737
  [19:09:49] mode=symmetry
    already have this (family + solve result exist) -- skipping regeneration/re-solve
  [19:09:49] mode=local-mutant
    already have this (family + solve result exist) -- skipping regeneration/re-solve
  [19:09:49] mode=swap
    already have this (family + solve result exist) -- skipping regeneration/re-solve
  [19:09:49] mode=group-reshuffle
    already have this (family + solve result exist) -- skipping regeneration/re-solve
  [19:09:49] mode=constrained-shuffle
    already have this (family + solve result exist) -- skipping regeneration/re-solve
[19:09:49] DONE R01737
[19:09:49] START R00355
  [19:09:49] mode=swap
    already have this (family + solve result exist) -- skipping regeneration/re-solve
  [19:09:49] mode=group-reshuffle
    already have this (family + solve result exist) -- skipping regeneration/re-solve
  [19:09:49] mode=constrained-shuffle
    already have this (family + solve result exist) -- skipping regeneration/re-solve
[19:09:49] DONE R00355
[19:09:49] START R00701
  [19:09:49] mode=symmetry
    already have this (family + solve result exist) -- skipping regeneration/re-solve
  [19:09:49] mode=local-mutant
    already have this (family + solve result exist) -- skipping regeneration/re-solve
  [19:09:49] mode=swap
    already have this (family + solve result exist) -- skipping regeneration/re-solve
  [19:09:49] mode=group-reshuffle
    already have this (family + solve result exist) -- skipping regeneration/re-solve
  [19:09:49] mode=constrained-shuffle
    already have this (family + solve result exist) -- skipping regeneration/re-solve
[19:09:49] DONE R00701
[19:09:49] START R01044
  [19:09:49] mode=swap
    already have this (family + solve result exist) -- skipping regeneration/re-solve
  [19:09:49] mode=group-reshuffle
    already have this (family + solve result exist) -- skipping regeneration/re-solve
  [19:09:49] mode=constrained-shuffle
    already have this (family + solve result exist) -- skipping regeneration/re-solve
[19:09:49] DONE R01044
[19:09:49] START R01416
  [19:09:49] mode=swap
    already have this (family + solve result exist) -- skipping regeneration/re-solve
  [19:09:49] mode=group-reshuffle
    already have this (family + solve result exist) -- skipping regeneration/re-solve
  [19:09:49] mode=constrained-shuffle
    already have this (family + solve result exist) -- skipping regeneration/re-solve
[19:09:49] DONE R01416
[19:09:49] START R01735
  [19:09:49] mode=swap
    already have this (family + solve result exist) -- skipping regeneration/re-solve
  [19:09:49] mode=group-reshuffle
    already have this (family + solve result exist) -- skipping regeneration/re-solve
  [19:09:49] mode=constrained-shuffle
    already have this (family + solve result exist) -- skipping regeneration/re-solve
[19:09:49] DONE R01735
[19:09:49] START R02018
  [19:09:49] mode=swap
    already have this (family + solve result exist) -- skipping regeneration/re-solve
  [19:09:49] mode=group-reshuffle
    already have this (family + solve result exist) -- skipping regeneration/re-solve
  [19:09:49] mode=constrained-shuffle
    already have this (family + solve result exist) -- skipping regeneration/re-solve
[19:09:49] DONE R02018
[19:09:49] START R02078
  [19:09:49] mode=swap
    already have this (family + solve result exist) -- skipping regeneration/re-solve
  [19:09:49] mode=group-reshuffle
    already have this (family + solve result exist) -- skipping regeneration/re-solve
  [19:09:49] mode=constrained-shuffle
    already have this (family + solve result exist) -- skipping regeneration/re-solve
[19:09:49] DONE R02078
[19:09:49] START R02138
  [19:09:49] mode=swap
    already have this (family + solve result exist) -- skipping regeneration/re-solve
  [19:09:49] mode=group-reshuffle
    already have this (family + solve result exist) -- skipping regeneration/re-solve
  [19:09:49] mode=constrained-shuffle
    already have this (family + solve result exist) -- skipping regeneration/re-solve
[19:09:49] DONE R02138
[19:09:49] START R02198
  [19:09:49] mode=symmetry
    already have this (family + solve result exist) -- skipping regeneration/re-solve
  [19:09:49] mode=local-mutant
    already have this (family + solve result exist) -- skipping regeneration/re-solve
  [19:09:49] mode=swap
    already have this (family + solve result exist) -- skipping regeneration/re-solve
  [19:09:49] mode=group-reshuffle
    already have this (family + solve result exist) -- skipping regeneration/re-solve
  [19:09:49] mode=constrained-shuffle
    already have this (family + solve result exist) -- skipping regeneration/re-solve
[19:09:49] DONE R02198
[19:09:49] START R02258
  [19:09:49] mode=symmetry
    already have this (family + solve result exist) -- skipping regeneration/re-solve
  [19:09:49] mode=local-mutant
    already have this (family + solve result exist) -- skipping regeneration/re-solve
  [19:09:49] mode=swap
    already have this (family + solve result exist) -- skipping regeneration/re-solve
  [19:09:49] mode=group-reshuffle
    already have this (family + solve result exist) -- skipping regeneration/re-solve
  [19:09:49] mode=constrained-shuffle
    already have this (family + solve result exist) -- skipping regeneration/re-solve
[19:09:49] DONE R02258
[19:09:49] START R02318
  [19:09:49] mode=swap
    already have this (family + solve result exist) -- skipping regeneration/re-solve
  [19:09:49] mode=group-reshuffle
    already have this (family + solve result exist) -- skipping regeneration/re-solve
  [19:09:49] mode=constrained-shuffle
    already have this (family + solve result exist) -- skipping regeneration/re-solve
[19:09:49] DONE R02318
[19:09:49] START R02378
  [19:09:49] mode=symmetry
    already have this (family + solve result exist) -- skipping regeneration/re-solve
  [19:09:49] mode=local-mutant
    already have this (family + solve result exist) -- skipping regeneration/re-solve
  [19:09:49] mode=swap
    already have this (family + solve result exist) -- skipping regeneration/re-solve
  [19:09:49] mode=group-reshuffle
    already have this (family + solve result exist) -- skipping regeneration/re-solve
  [19:09:49] mode=constrained-shuffle
    already have this (family + solve result exist) -- skipping regeneration/re-solve
[19:09:49] DONE R02378
[19:09:49] START R02438
  [19:09:49] mode=symmetry
    already have this (family + solve result exist) -- skipping regeneration/re-solve
  [19:09:49] mode=local-mutant
    already have this (family + solve result exist) -- skipping regeneration/re-solve
  [19:09:49] mode=swap
    already have this (family + solve result exist) -- skipping regeneration/re-solve
  [19:09:49] mode=group-reshuffle
    already have this (family + solve result exist) -- skipping regeneration/re-solve
  [19:09:49] mode=constrained-shuffle
    already have this (family + solve result exist) -- skipping regeneration/re-solve
[19:09:49] DONE R02438
[19:09:49] START R02498
  [19:09:49] mode=swap
    already have this (family + solve result exist) -- skipping regeneration/re-solve
  [19:09:49] mode=group-reshuffle
    already have this (family + solve result exist) -- skipping regeneration/re-solve
  [19:09:49] mode=constrained-shuffle
    already have this (family + solve result exist) -- skipping regeneration/re-solve
[19:09:49] DONE R02498
[19:09:49] START R02558
  [19:09:49] mode=symmetry
    already have this (family + solve result exist) -- skipping regeneration/re-solve
  [19:09:49] mode=local-mutant
    already have this (family + solve result exist) -- skipping regeneration/re-solve
  [19:09:49] mode=swap
    already have this (family + solve result exist) -- skipping regeneration/re-solve
  [19:09:49] mode=group-reshuffle
    already have this (family + solve result exist) -- skipping regeneration/re-solve
  [19:09:49] mode=constrained-shuffle
    already have this (family + solve result exist) -- skipping regeneration/re-solve
[19:09:49] DONE R02558
[19:09:49] START R02618
  [19:09:49] mode=symmetry
    already have this (family + solve result exist) -- skipping regeneration/re-solve
  [19:09:49] mode=local-mutant
    already have this (family + solve result exist) -- skipping regeneration/re-solve
  [19:09:49] mode=swap
    already have this (family + solve result exist) -- skipping regeneration/re-solve
  [19:09:49] mode=group-reshuffle
    already have this (family + solve result exist) -- skipping regeneration/re-solve
  [19:09:49] mode=constrained-shuffle
    already have this (family + solve result exist) -- skipping regeneration/re-solve
[19:09:49] DONE R02618
[19:09:49] START R02678
  [19:09:49] mode=symmetry
    already have this (family + solve result exist) -- skipping regeneration/re-solve
  [19:09:49] mode=local-mutant
    already have this (family + solve result exist) -- skipping regeneration/re-solve
  [19:09:49] mode=swap
    already have this (family + solve result exist) -- skipping regeneration/re-solve
  [19:09:49] mode=group-reshuffle
    already have this (family + solve result exist) -- skipping regeneration/re-solve
  [19:09:49] mode=constrained-shuffle
    already have this (family + solve result exist) -- skipping regeneration/re-solve
[19:09:49] DONE R02678
[19:09:49] START R02738
  [19:09:49] mode=swap
    already have this (family + solve result exist) -- skipping regeneration/re-solve
  [19:09:49] mode=group-reshuffle
    already have this (family + solve result exist) -- skipping regeneration/re-solve
  [19:09:49] mode=constrained-shuffle
    already have this (family + solve result exist) -- skipping regeneration/re-solve
[19:09:49] DONE R02738
[19:09:49] START R02798
  [19:09:49] mode=swap
    already have this (family + solve result exist) -- skipping regeneration/re-solve
  [19:09:49] mode=group-reshuffle
    already have this (family + solve result exist) -- skipping regeneration/re-solve
  [19:09:49] mode=constrained-shuffle
    already have this (family + solve result exist) -- skipping regeneration/re-solve
[19:09:49] DONE R02798
[19:09:49] START R02858
  [19:09:49] mode=swap
    already have this (family + solve result exist) -- skipping regeneration/re-solve
  [19:09:49] mode=group-reshuffle
    already have this (family + solve result exist) -- skipping regeneration/re-solve
  [19:09:49] mode=constrained-shuffle
    already have this (family + solve result exist) -- skipping regeneration/re-solve
[19:09:49] DONE R02858
[19:09:49] START R02918
  [19:09:49] mode=swap
    already have this (family + solve result exist) -- skipping regeneration/re-solve
  [19:09:49] mode=group-reshuffle
    already have this (family + solve result exist) -- skipping regeneration/re-solve
  [19:09:49] mode=constrained-shuffle
    already have this (family + solve result exist) -- skipping regeneration/re-solve
[19:09:49] DONE R02918
[19:09:49] START R02978
  [19:09:49] mode=symmetry
    already have this (family + solve result exist) -- skipping regeneration/re-solve
  [19:09:49] mode=local-mutant
    already have this (family + solve result exist) -- skipping regeneration/re-solve
  [19:09:49] mode=swap
    already have this (family + solve result exist) -- skipping regeneration/re-solve
  [19:09:49] mode=group-reshuffle
    already have this (family + solve result exist) -- skipping regeneration/re-solve
  [19:09:49] mode=constrained-shuffle
    already have this (family + solve result exist) -- skipping regeneration/re-solve
[19:09:49] DONE R02978
[19:09:49] START R03038
  [19:09:49] mode=swap
    already have this (family + solve result exist) -- skipping regeneration/re-solve
  [19:09:49] mode=group-reshuffle
    already have this (family + solve result exist) -- skipping regeneration/re-solve
  [19:09:49] mode=constrained-shuffle
    already have this (family + solve result exist) -- skipping regeneration/re-solve
[19:09:49] DONE R03038
[19:09:49] START R03098
  [19:09:49] mode=swap
    already have this (family + solve result exist) -- skipping regeneration/re-solve
  [19:09:49] mode=group-reshuffle
    already have this (family + solve result exist) -- skipping regeneration/re-solve
  [19:09:49] mode=constrained-shuffle
    already have this (family + solve result exist) -- skipping regeneration/re-solve
[19:09:49] DONE R03098
[19:09:49] START R03158
  [19:09:49] mode=swap
    already have this (family + solve result exist) -- skipping regeneration/re-solve
  [19:09:49] mode=group-reshuffle
    already have this (family + solve result exist) -- skipping regeneration/re-solve
  [19:09:49] mode=constrained-shuffle
    already have this (family + solve result exist) -- skipping regeneration/re-solve
[19:09:49] DONE R03158
[19:09:49] START R03218
  [19:09:49] mode=swap
    already have this (family + solve result exist) -- skipping regeneration/re-solve
  [19:09:49] mode=group-reshuffle
    already have this (family + solve result exist) -- skipping regeneration/re-solve
  [19:09:49] mode=constrained-shuffle
    already have this (family + solve result exist) -- skipping regeneration/re-solve
[19:09:49] DONE R03218
[19:09:49] START R03278
  [19:09:49] mode=swap
    already have this (family + solve result exist) -- skipping regeneration/re-solve
  [19:09:49] mode=group-reshuffle
    already have this (family + solve result exist) -- skipping regeneration/re-solve
  [19:09:49] mode=constrained-shuffle
    already have this (family + solve result exist) -- skipping regeneration/re-solve
[19:09:49] DONE R03278
[19:09:49] START R03338
  [19:09:49] mode=symmetry
    already have this (family + solve result exist) -- skipping regeneration/re-solve
  [19:09:49] mode=local-mutant
    already have this (family + solve result exist) -- skipping regeneration/re-solve
  [19:09:49] mode=swap
    already have this (family + solve result exist) -- skipping regeneration/re-solve
  [19:09:49] mode=group-reshuffle
    already have this (family + solve result exist) -- skipping regeneration/re-solve
  [19:09:49] mode=constrained-shuffle
    already have this (family + solve result exist) -- skipping regeneration/re-solve
[19:09:49] DONE R03338
[19:09:49] SHARD END
