[04:11:15] SHARD START 33 level(s)
[04:11:15] START P00002
  [04:11:15] mode=symmetry
    symmetry: solved=7/7
  [04:11:21] mode=local-mutant
    local-mutant: solved=10/10
  [04:11:30] mode=swap
    swap: solved=0/0
  [04:11:31] mode=group-reshuffle
    group-reshuffle: solved=10/10
  [04:11:39] mode=constrained-shuffle
    constrained-shuffle: solved=10/10
[04:11:47] DONE P00002
[04:11:47] START P00062
  [04:11:47] mode=symmetry
    symmetry: solved=7/7
  [04:11:54] mode=local-mutant
    local-mutant: solved=10/10
  [04:12:01] mode=swap
    swap: solved=10/10
  [04:12:10] mode=group-reshuffle
    group-reshuffle: solved=10/10
  [04:12:19] mode=constrained-shuffle
    constrained-shuffle: solved=10/10
[04:12:29] DONE P00062
[04:12:29] START P00122
  [04:12:29] mode=symmetry
    symmetry: solved=7/7
  [04:12:30] mode=local-mutant
    local-mutant: solved=10/10
  [04:12:32] mode=swap
    swap: solved=10/10
  [04:12:34] mode=group-reshuffle
    group-reshuffle: solved=10/10
  [04:12:38] mode=constrained-shuffle
    constrained-shuffle: solved=10/10
[04:12:41] DONE P00122
[04:12:41] START S00133
  [04:12:41] mode=symmetry
    symmetry: solved=7/7
  [04:12:42] mode=local-mutant
    local-mutant: solved=10/10
  [04:12:43] mode=swap
    swap: solved=0/0
  [04:12:44] mode=group-reshuffle
    group-reshuffle: solved=0/0
  [04:12:45] mode=constrained-shuffle
    constrained-shuffle: solved=10/10
[04:12:46] DONE S00133
[04:12:46] START R01620
  [04:12:46] mode=symmetry
    symmetry: solved=0/7
  [04:15:26] mode=local-mutant
    local-mutant: solved=0/10
  [04:19:13] mode=swap
    swap: solved=1/10
  [04:22:39] mode=group-reshuffle
    group-reshuffle: solved=0/10
  [04:26:35] mode=constrained-shuffle
    constrained-shuffle: solved=2/10
[04:30:11] DONE R01620
[04:30:11] START R00314
  [04:30:11] mode=symmetry
    symmetry: solved=7/7
  [04:30:47] mode=local-mutant
    local-mutant: solved=8/10
  [04:31:45] mode=swap
    swap: solved=10/10
  [04:32:36] mode=group-reshuffle
    group-reshuffle: solved=10/10
  [04:32:55] mode=constrained-shuffle
    constrained-shuffle: solved=10/10
[04:33:31] DONE R00314
[04:33:31] START R00646
  [04:33:31] mode=swap
    swap: solved=0/10
  [04:35:47] mode=group-reshuffle
    group-reshuffle: solved=0/10
  [04:38:01] mode=constrained-shuffle
    constrained-shuffle: solved=1/10
[04:40:12] DONE R00646
[04:40:12] START R01009
  [04:40:12] mode=swap
    swap: solved=1/10
  [04:41:16] mode=group-reshuffle
    group-reshuffle: solved=7/10
  [04:41:48] mode=constrained-shuffle
    constrained-shuffle: solved=8/10
[04:42:11] DONE R01009
[04:42:11] START R01351
  [04:42:11] mode=swap
    swap: solved=0/10
  [04:45:57] mode=group-reshuffle
    group-reshuffle: solved=0/10
  [04:49:28] mode=constrained-shuffle
    constrained-shuffle: solved=0/10
[04:52:59] DONE R01351
[04:52:59] START R01694
  [04:52:59] mode=symmetry
    symmetry: solved=1/7
  [04:54:42] mode=local-mutant
    local-mutant: solved=2/10
  [04:57:22] mode=swap
    swap: solved=0/10
  [05:00:12] mode=group-reshuffle
    group-reshuffle: solved=5/10
  [05:02:21] mode=constrained-shuffle
    constrained-shuffle: solved=3/10
[05:04:29] DONE R01694
[05:04:29] START R02009
  [05:04:29] mode=symmetry
    symmetry: solved=5/7
  [05:05:36] mode=local-mutant
    local-mutant: solved=9/10
  [05:06:27] mode=swap
    swap: solved=10/10
  [05:06:36] mode=group-reshuffle
    group-reshuffle: solved=4/10
  [05:08:14] mode=constrained-shuffle
    constrained-shuffle: solved=9/10
[05:09:15] DONE R02009
[05:09:15] START R02069
  [05:09:15] mode=swap
    swap: solved=0/10
  [05:10:59] mode=group-reshuffle
    group-reshuffle: solved=1/10
  [05:12:34] mode=constrained-shuffle
    constrained-shuffle: solved=0/10
[05:14:08] DONE R02069
[05:14:08] START R02129
  [05:14:08] mode=symmetry
    symmetry: solved=7/7
  [05:14:26] mode=local-mutant
    local-mutant: solved=10/10
  [05:14:51] mode=swap
    swap: solved=10/10
  [05:15:18] mode=group-reshuffle
    group-reshuffle: solved=10/10
  [05:15:44] mode=constrained-shuffle
    constrained-shuffle: solved=10/10
[05:16:06] DONE R02129
[05:16:06] START R02189
  [05:16:06] mode=swap
    swap: solved=0/10
  [05:18:07] mode=group-reshuffle
    group-reshuffle: solved=6/10
  [05:19:36] mode=constrained-shuffle
    constrained-shuffle: solved=1/10
[05:21:30] DONE R02189
[05:21:30] START R02249
  [05:21:30] mode=swap
    swap: solved=0/10
  [05:22:50] mode=group-reshuffle
    group-reshuffle: solved=4/10
  [05:23:48] mode=constrained-shuffle
    constrained-shuffle: solved=6/10
[05:24:56] DONE R02249
[05:24:56] START R02309
  [05:24:56] mode=swap
    swap: solved=0/10
  [05:28:31] mode=group-reshuffle
    group-reshuffle: solved=2/10
  [05:31:53] mode=constrained-shuffle
    constrained-shuffle: solved=2/10
[05:35:26] DONE R02309
[05:35:26] START R02369
  [05:35:26] mode=swap
    swap: solved=0/10
  [05:38:35] mode=group-reshuffle
    group-reshuffle: solved=0/10
  [05:41:40] mode=constrained-shuffle
    constrained-shuffle: solved=0/10
[05:44:33] DONE R02369
[05:44:33] START R02429
  [05:44:33] mode=swap
    swap: solved=0/10
  [05:47:57] mode=group-reshuffle
    group-reshuffle: solved=0/10
  [05:51:24] mode=constrained-shuffle
    constrained-shuffle: solved=0/10
[05:54:45] DONE R02429
[05:54:45] START R02489
  [05:54:45] mode=symmetry
    symmetry: solved=7/7
  [05:55:54] mode=local-mutant
    local-mutant: solved=4/10
  [05:58:43] mode=swap
    swap: solved=8/10
  [06:00:53] mode=group-reshuffle
    group-reshuffle: solved=3/10
  [06:03:55] mode=constrained-shuffle
    constrained-shuffle: solved=1/10
[06:07:15] DONE R02489
[06:07:15] START R02549
  [06:07:15] mode=symmetry
    symmetry: solved=7/7
  [06:07:43] mode=local-mutant
    local-mutant: solved=10/10
  [06:08:23] mode=swap
    swap: solved=10/10
  [06:09:10] mode=group-reshuffle
    group-reshuffle: solved=10/10
  [06:09:48] mode=constrained-shuffle
    constrained-shuffle: solved=10/10
[06:10:29] DONE R02549
[06:10:29] START R02609
  [06:10:29] mode=symmetry
    symmetry: solved=7/7
  [06:10:38] mode=local-mutant
    local-mutant: solved=10/10
  [06:10:50] mode=swap
    swap: solved=10/10
  [06:11:02] mode=group-reshuffle
    group-reshuffle: solved=10/10
  [06:11:14] mode=constrained-shuffle
    constrained-shuffle: solved=10/10
[06:11:27] DONE R02609
[06:11:27] START R02669
  [06:11:27] mode=symmetry
    symmetry: solved=7/7
  [06:11:36] mode=local-mutant
    local-mutant: solved=6/10
  [06:12:22] mode=swap
    swap: solved=10/10
  [06:12:36] mode=group-reshuffle
    group-reshuffle: solved=7/10
  [06:13:24] mode=constrained-shuffle
    constrained-shuffle: solved=7/10
[06:14:17] DONE R02669
[06:14:17] START R02729
  [06:14:17] mode=symmetry
    symmetry: solved=7/7
  [06:14:30] mode=local-mutant
    local-mutant: solved=10/10
  [06:14:46] mode=swap
    swap: solved=10/10
  [06:15:04] mode=group-reshuffle
    group-reshuffle: solved=10/10
  [06:15:21] mode=constrained-shuffle
    constrained-shuffle: solved=10/10
[06:15:39] DONE R02729
[06:15:39] START R02789
  [06:15:39] mode=swap
    swap: solved=0/10
  [06:17:43] mode=group-reshuffle
    group-reshuffle: solved=0/10
  [06:19:35] mode=constrained-shuffle
    constrained-shuffle: solved=0/10
[06:21:34] DONE R02789
[06:21:34] START R02849
  [06:21:34] mode=swap
    swap: solved=0/10
  [06:22:55] mode=group-reshuffle
    group-reshuffle: solved=0/10
  [06:24:17] mode=constrained-shuffle
    constrained-shuffle: solved=1/10
[06:25:39] DONE R02849
[06:25:39] START R02909
  [06:25:39] mode=symmetry
    symmetry: solved=7/7
  [06:25:47] mode=local-mutant
    generate produced 0 variants (no file written) -- skipping solve/hint-workbench
  [06:25:47] mode=swap
    swap: solved=0/0
  [06:25:48] mode=constrained-shuffle
    constrained-shuffle: solved=0/0
[06:25:49] DONE R02909
[06:25:49] START R02969
  [06:25:49] mode=symmetry
    symmetry: solved=7/7
  [06:26:55] mode=local-mutant
    local-mutant: solved=10/10
  [06:28:16] mode=swap
    swap: solved=10/10
  [06:29:14] mode=group-reshuffle
    group-reshuffle: solved=3/10
  [06:32:09] mode=constrained-shuffle
    constrained-shuffle: solved=9/10
[06:33:43] DONE R02969
[06:33:43] START R03029
  [06:33:43] mode=swap
    swap: solved=0/9
  [06:38:23] mode=group-reshuffle
    group-reshuffle: solved=0/10
  [06:42:59] mode=constrained-shuffle
    constrained-shuffle: solved=2/10
[06:46:56] DONE R03029
[06:46:56] START R03089
  [06:46:56] mode=swap
    swap: solved=2/10
  [06:49:51] mode=group-reshuffle
    group-reshuffle: solved=2/10
  [06:52:38] mode=constrained-shuffle
    constrained-shuffle: solved=0/10
[06:55:33] DONE R03089
[06:55:33] START R03149
  [06:55:33] mode=symmetry
    symmetry: solved=7/7
  [06:57:05] mode=local-mutant
    local-mutant: solved=8/10
  [06:58:51] mode=swap
    swap: solved=6/10
  [07:01:20] mode=group-reshuffle
    group-reshuffle: solved=10/10
  [07:03:17] mode=constrained-shuffle
    constrained-shuffle: solved=9/10
[07:04:59] DONE R03149
[07:04:59] START R03209
  [07:04:59] mode=swap
    swap: solved=0/10
  [07:09:08] mode=group-reshuffle
    group-reshuffle: solved=0/10
  [07:13:14] mode=constrained-shuffle
    constrained-shuffle: solved=0/10
[07:17:16] DONE R03209
[07:17:16] START R03269
  [07:17:16] mode=swap
    swap: solved=0/10
  [07:21:39] mode=group-reshuffle
    group-reshuffle: solved=0/10
  [07:26:02] mode=constrained-shuffle
    constrained-shuffle: solved=0/10
[07:30:20] DONE R03269
[07:30:20] START R03329
  [07:30:20] mode=swap
    swap: solved=3/10
  [07:33:14] mode=group-reshuffle
    group-reshuffle: solved=1/10
  [07:36:23] mode=constrained-shuffle
    constrained-shuffle: solved=5/10
[07:38:43] DONE R03329
[07:38:43] SHARD END
