[07:37:30] SHARD START 32 level(s)
[07:37:30] START P00043
  [07:37:30] mode=symmetry
    symmetry: solved=7/7
  [07:37:35] mode=local-mutant
    local-mutant: solved=10/10
  [07:37:41] mode=swap
    swap: solved=0/0
  [07:37:42] mode=group-reshuffle
    group-reshuffle: solved=10/10
  [07:37:47] mode=constrained-shuffle
    constrained-shuffle: solved=10/10
[07:37:53] DONE P00043
[07:37:53] START P00103
  [07:37:53] mode=symmetry
    symmetry: solved=7/7
  [07:37:57] mode=local-mutant
    local-mutant: solved=10/10
  [07:38:01] mode=swap
    swap: solved=1/1
  [07:38:03] mode=group-reshuffle
    group-reshuffle: solved=10/10
  [07:38:08] mode=constrained-shuffle
    constrained-shuffle: solved=10/10
[07:38:13] DONE P00103
[07:38:13] START S00030
  [07:38:13] mode=symmetry
    symmetry: solved=5/7
  [07:39:33] mode=local-mutant
    local-mutant: solved=8/10
  [07:40:51] mode=swap
    swap: solved=6/7
  [07:41:52] mode=group-reshuffle
    group-reshuffle: solved=6/10
  [07:43:42] mode=constrained-shuffle
    constrained-shuffle: solved=6/10
[07:45:39] DONE S00030
[07:45:39] START R01083
  [07:45:39] mode=symmetry
    symmetry: solved=7/7
  [07:45:52] mode=local-mutant
    local-mutant: solved=10/10
  [07:46:08] mode=swap
    swap: solved=10/10
  [07:46:26] mode=group-reshuffle
    group-reshuffle: solved=10/10
  [07:46:42] mode=constrained-shuffle
    constrained-shuffle: solved=9/10
[07:47:14] DONE R01083
[07:47:14] START R00156
  [07:47:14] mode=symmetry
    symmetry: solved=4/7
  [07:47:49] mode=local-mutant
    local-mutant: solved=5/10
  [07:48:39] mode=swap
    swap: solved=2/10
  [07:49:43] mode=group-reshuffle
    group-reshuffle: solved=3/10
  [07:50:47] mode=constrained-shuffle
    constrained-shuffle: solved=3/10
[07:51:54] DONE R00156
[07:51:54] START R00546
  [07:51:54] mode=swap
    swap: solved=0/10
  [07:53:15] mode=group-reshuffle
    group-reshuffle: solved=2/10
  [07:54:27] mode=constrained-shuffle
    constrained-shuffle: solved=0/10
[07:55:44] DONE R00546
[07:55:44] START R00911
  [07:55:44] mode=symmetry
    symmetry: solved=3/7
  [07:56:47] mode=local-mutant
    local-mutant: solved=8/10
  [07:57:48] mode=swap
    swap: solved=6/10
  [07:59:11] mode=group-reshuffle
    group-reshuffle: solved=9/10
  [07:59:48] mode=constrained-shuffle
    constrained-shuffle: solved=10/10
[08:00:11] DONE R00911
[08:00:11] START R01215
  [08:00:11] mode=symmetry
    symmetry: solved=6/7
  [08:00:59] mode=local-mutant
    local-mutant: solved=9/10
  [08:02:11] mode=swap
    swap: solved=8/10
  [08:03:42] mode=group-reshuffle
    group-reshuffle: solved=8/10
  [08:04:58] mode=constrained-shuffle
    constrained-shuffle: solved=9/10
[08:06:11] DONE R01215
[08:06:11] START R01584
  [08:06:11] mode=symmetry
    symmetry: solved=7/7
  [08:06:21] mode=local-mutant
    local-mutant: solved=10/10
  [08:06:35] mode=swap
    swap: solved=6/10
  [08:07:23] mode=group-reshuffle
    group-reshuffle: solved=7/10
  [08:08:01] mode=constrained-shuffle
    constrained-shuffle: solved=4/10
[08:08:55] DONE R01584
[08:08:55] START R01932
  [08:08:55] mode=swap
    swap: solved=0/10
  [08:10:58] mode=group-reshuffle
    group-reshuffle: solved=0/10
  [08:13:06] mode=constrained-shuffle
    constrained-shuffle: solved=0/10
[08:15:13] DONE R01932
[08:15:13] START R02050
  [08:15:13] mode=swap
    swap: solved=4/10
  [08:16:26] mode=group-reshuffle
    group-reshuffle: solved=8/10
  [08:17:01] mode=constrained-shuffle
    constrained-shuffle: solved=7/10
[08:17:44] DONE R02050
[08:17:44] START R02110
  [08:17:44] mode=swap
    swap: solved=0/10
  [08:19:01] mode=group-reshuffle
    group-reshuffle: solved=0/10
  [08:20:22] mode=constrained-shuffle
    constrained-shuffle: solved=1/10
[08:21:37] DONE R02110
[08:21:37] START R02170
  [08:21:37] mode=swap
    swap: solved=0/10
  [08:25:26] mode=group-reshuffle
    group-reshuffle: solved=0/10
  [08:29:26] mode=constrained-shuffle
    constrained-shuffle: solved=0/10
[08:33:17] DONE R02170
[08:33:17] START R02230
  [08:33:17] mode=swap
    swap: solved=0/10
  [08:37:48] mode=group-reshuffle
    group-reshuffle: solved=0/10
  [08:42:20] mode=constrained-shuffle
    constrained-shuffle: solved=0/10
[08:46:55] DONE R02230
[08:46:55] START R02290
  [08:46:55] mode=symmetry
    symmetry: solved=7/7
  [08:47:07] mode=local-mutant
    local-mutant: solved=9/10
  [08:47:35] mode=swap
    swap: solved=10/10
  [08:47:52] mode=group-reshuffle
    group-reshuffle: solved=8/10
  [08:48:47] mode=constrained-shuffle
    constrained-shuffle: solved=5/10
[08:49:46] DONE R02290
[08:49:46] START R02350
  [08:49:46] mode=symmetry
    symmetry: solved=7/7
  [08:50:40] mode=local-mutant
    local-mutant: solved=10/10
  [08:51:43] mode=swap
    swap: solved=10/10
  [08:52:41] mode=group-reshuffle
    group-reshuffle: solved=10/10
  [08:53:32] mode=constrained-shuffle
    constrained-shuffle: solved=8/10
[08:54:41] DONE R02350
[08:54:41] START R02410
  [08:54:41] mode=swap
    swap: solved=0/10
  [08:56:39] mode=group-reshuffle
    group-reshuffle: solved=0/10
  [08:58:29] mode=constrained-shuffle
    constrained-shuffle: solved=0/10
[09:00:20] DONE R02410
[09:00:20] START R02470
  [09:00:20] mode=swap
    swap: solved=0/10
  [09:02:55] mode=group-reshuffle
    group-reshuffle: solved=0/10
  [09:05:27] mode=constrained-shuffle
    constrained-shuffle: solved=0/10
[09:08:01] DONE R02470
[09:08:01] START R02530
  [09:08:01] mode=swap
    swap: solved=0/10
  [09:11:11] mode=group-reshuffle
    group-reshuffle: solved=0/10
  [09:13:51] mode=constrained-shuffle
    constrained-shuffle: solved=0/10
[09:16:50] DONE R02530
[09:16:50] START R02590
  [09:16:50] mode=swap
    swap: solved=0/10
  [09:19:47] mode=group-reshuffle
    group-reshuffle: solved=1/10
  [09:22:50] mode=constrained-shuffle
    constrained-shuffle: solved=0/10
[09:25:57] DONE R02590
[09:25:57] START R02650
  [09:25:57] mode=symmetry
    symmetry: solved=7/7
  [09:26:07] mode=local-mutant
    local-mutant: solved=10/10
  [09:26:20] mode=swap
    swap: solved=10/10
  [09:26:34] mode=group-reshuffle
    group-reshuffle: solved=10/10
  [09:26:48] mode=constrained-shuffle
    constrained-shuffle: solved=10/10
[09:27:01] DONE R02650
[09:27:01] START R02710
  [09:27:01] mode=symmetry
    symmetry: solved=7/7
  [09:27:19] mode=local-mutant
    local-mutant: solved=9/10
  [09:28:10] mode=swap
    swap: solved=10/10
  [09:28:34] mode=group-reshuffle
    group-reshuffle: solved=10/10
  [09:29:17] mode=constrained-shuffle
    constrained-shuffle: solved=10/10
[09:29:48] DONE R02710
[09:29:48] START R02770
  [09:29:48] mode=swap
    swap: solved=0/10
  [09:31:52] mode=group-reshuffle
    group-reshuffle: solved=0/10
  [09:33:53] mode=constrained-shuffle
    constrained-shuffle: solved=0/10
[09:35:52] DONE R02770
[09:35:52] START R02830
  [09:35:52] mode=swap
    swap: solved=0/10
  [09:40:55] mode=group-reshuffle
    group-reshuffle: solved=0/10
  [09:46:15] mode=constrained-shuffle
    constrained-shuffle: solved=2/10
[09:50:33] DONE R02830
[09:50:33] START R02890
  [09:50:33] mode=swap
    swap: solved=0/10
  [09:53:46] mode=group-reshuffle
    group-reshuffle: solved=0/10
  [09:56:59] mode=constrained-shuffle
    constrained-shuffle: solved=1/10
[10:00:00] DONE R02890
[10:00:00] START R02950
  [10:00:00] mode=swap
    swap: solved=0/10
  [10:01:56] mode=group-reshuffle
    group-reshuffle: solved=0/10
  [10:03:48] mode=constrained-shuffle
    constrained-shuffle: solved=0/10
[10:05:50] DONE R02950
[10:05:50] START R03010
  [10:05:50] mode=symmetry
    symmetry: solved=7/7
  [10:06:01] mode=local-mutant
    local-mutant: solved=10/10
  [10:06:11] mode=swap
    swap: solved=10/10
  [10:06:26] mode=group-reshuffle
    group-reshuffle: solved=10/10
  [10:06:41] mode=constrained-shuffle
    constrained-shuffle: solved=10/10
[10:06:58] DONE R03010
[10:06:58] START R03070
  [10:06:58] mode=swap
    swap: solved=0/10
  [10:10:00] mode=group-reshuffle
    group-reshuffle: solved=0/10
  [10:13:05] mode=constrained-shuffle
    constrained-shuffle: solved=0/10
[10:16:05] DONE R03070
[10:16:05] START R03130
  [10:16:05] mode=swap
    swap: solved=0/10
  [10:20:42] mode=group-reshuffle
    group-reshuffle: solved=0/10
  [10:25:02] mode=constrained-shuffle
    constrained-shuffle: solved=0/10
[10:29:18] DONE R03130
[10:29:18] START R03190
  [10:29:18] mode=swap
    swap: solved=1/10
  [10:34:02] mode=group-reshuffle
    group-reshuffle: solved=2/10
  [10:38:29] mode=constrained-shuffle
    constrained-shuffle: solved=1/10
[10:43:23] DONE R03190
[10:43:23] START R03250
  [10:43:23] mode=symmetry
    symmetry: solved=7/7
  [10:43:46] mode=local-mutant
    local-mutant: solved=10/10
  [10:44:18] mode=swap
    swap: solved=10/10
  [10:44:48] mode=group-reshuffle
    group-reshuffle: solved=10/10
  [10:45:03] mode=constrained-shuffle
    constrained-shuffle: solved=10/10
[10:45:25] DONE R03250
[10:45:25] START R03310
  [10:45:25] mode=symmetry
    symmetry: solved=7/7
  [10:45:40] mode=local-mutant
    local-mutant: solved=10/10
  [10:46:11] mode=swap
    swap: solved=9/10
  [10:46:52] mode=group-reshuffle
    group-reshuffle: solved=10/10
  [10:47:33] mode=constrained-shuffle
    constrained-shuffle: solved=10/10
[10:47:58] DONE R03310
[10:47:58] SHARD END
