[07:12:12] SHARD START 32 level(s)
[07:12:12] START P00046
  [07:12:12] mode=symmetry
    symmetry: solved=7/7
  [07:12:18] mode=local-mutant
    local-mutant: solved=10/10
  [07:12:27] mode=swap
    swap: solved=0/0
  [07:12:28] mode=group-reshuffle
    group-reshuffle: solved=10/10
  [07:12:38] mode=constrained-shuffle
    constrained-shuffle: solved=10/10
[07:12:48] DONE P00046
[07:12:48] START P00106
  [07:12:48] mode=symmetry
    symmetry: solved=7/7
  [07:12:52] mode=local-mutant
    local-mutant: solved=10/10
  [07:13:01] mode=swap
    swap: solved=10/10
  [07:13:10] mode=group-reshuffle
    group-reshuffle: solved=10/10
  [07:13:17] mode=constrained-shuffle
    constrained-shuffle: solved=10/10
[07:13:25] DONE P00106
[07:13:25] START S00055
  [07:13:25] mode=symmetry
    symmetry: solved=7/7
  [07:13:32] mode=local-mutant
    generate produced 0 variants (no file written) -- skipping solve/hint-workbench
  [07:13:33] mode=swap
    swap: solved=0/0
  [07:13:33] mode=constrained-shuffle
    constrained-shuffle: solved=0/0
[07:13:34] DONE S00055
[07:13:34] START R01195
  [07:13:34] mode=symmetry
    symmetry: solved=0/7
  [07:15:18] mode=local-mutant
    local-mutant: solved=0/10
  [07:17:52] mode=swap
    swap: solved=0/10
  [07:20:20] mode=group-reshuffle
    group-reshuffle: solved=0/10
  [07:22:49] mode=constrained-shuffle
    constrained-shuffle: solved=0/10
[07:25:21] DONE R01195
[07:25:21] START R00181
  [07:25:21] mode=symmetry
    symmetry: solved=7/7
  [07:26:16] mode=local-mutant
    local-mutant: solved=10/10
  [07:27:39] mode=swap
    swap: solved=10/10
  [07:29:04] mode=group-reshuffle
    group-reshuffle: solved=9/10
  [07:30:31] mode=constrained-shuffle
    constrained-shuffle: solved=9/10
[07:31:52] DONE R00181
[07:31:52] START R00555
  [07:31:52] mode=swap
    swap: solved=0/10
  [07:35:53] mode=group-reshuffle
    group-reshuffle: solved=0/10
  [07:40:01] mode=constrained-shuffle
    constrained-shuffle: solved=0/10
[07:44:16] DONE R00555
[07:44:16] START R00927
  [07:44:16] mode=symmetry
    symmetry: solved=7/7
  [07:44:29] mode=local-mutant
    local-mutant: solved=10/10
  [07:44:47] mode=swap
    swap: solved=8/10
  [07:45:28] mode=group-reshuffle
    group-reshuffle: solved=3/10
  [07:46:55] mode=constrained-shuffle
    constrained-shuffle: solved=4/10
[07:48:17] DONE R00927
[07:48:17] START R01234
  [07:48:17] mode=swap
    swap: solved=0/10
  [07:50:41] mode=group-reshuffle
    group-reshuffle: solved=5/10
  [07:52:26] mode=constrained-shuffle
    constrained-shuffle: solved=2/10
[07:54:36] DONE R01234
[07:54:36] START R01603
  [07:54:36] mode=swap
    swap: solved=3/10
  [07:56:25] mode=group-reshuffle
    group-reshuffle: solved=6/10
  [07:57:57] mode=constrained-shuffle
    constrained-shuffle: solved=2/10
[07:59:58] DONE R01603
[07:59:58] START R01953
  [07:59:58] mode=swap
    swap: solved=0/10
  [08:01:53] mode=group-reshuffle
    group-reshuffle: solved=0/10
  [08:03:50] mode=constrained-shuffle
    constrained-shuffle: solved=0/10
[08:05:46] DONE R01953
[08:05:46] START R02053
  [08:05:46] mode=symmetry
    symmetry: solved=7/7
  [08:06:25] mode=local-mutant
    local-mutant: solved=6/10
  [08:07:29] mode=swap
    swap: solved=8/10
  [08:08:29] mode=group-reshuffle
    group-reshuffle: solved=2/10
  [08:09:43] mode=constrained-shuffle
    constrained-shuffle: solved=2/10
[08:10:55] DONE R02053
[08:10:55] START R02113
  [08:10:55] mode=symmetry
    symmetry: solved=7/7
  [08:11:08] mode=local-mutant
    local-mutant: solved=9/10
  [08:11:32] mode=swap
    swap: solved=10/10
  [08:11:53] mode=group-reshuffle
    group-reshuffle: solved=8/10
  [08:12:20] mode=constrained-shuffle
    constrained-shuffle: solved=4/10
[08:13:06] DONE R02113
[08:13:06] START R02173
  [08:13:06] mode=symmetry
    symmetry: solved=7/7
  [08:13:18] mode=local-mutant
    local-mutant: solved=3/10
  [08:14:19] mode=swap
    swap: solved=8/10
  [08:14:46] mode=group-reshuffle
    group-reshuffle: solved=6/10
  [08:15:29] mode=constrained-shuffle
    constrained-shuffle: solved=3/10
[08:16:29] DONE R02173
[08:16:29] START R02233
  [08:16:29] mode=swap
    swap: solved=0/10
  [08:20:42] mode=group-reshuffle
    group-reshuffle: solved=4/10
  [08:23:55] mode=constrained-shuffle
    constrained-shuffle: solved=2/10
[08:27:52] DONE R02233
[08:27:52] START R02293
  [08:27:52] mode=symmetry
    symmetry: solved=7/7
  [08:28:02] mode=local-mutant
    local-mutant: solved=10/10
  [08:28:13] mode=swap
    swap: solved=10/10
  [08:28:30] mode=group-reshuffle
    group-reshuffle: solved=9/10
  [08:28:57] mode=constrained-shuffle
    constrained-shuffle: solved=7/10
[08:29:32] DONE R02293
[08:29:32] START R02353
  [08:29:32] mode=swap
    swap: solved=0/10
  [08:32:01] mode=group-reshuffle
    group-reshuffle: solved=0/10
  [08:34:23] mode=constrained-shuffle
    constrained-shuffle: solved=0/10
[08:36:44] DONE R02353
[08:36:44] START R02413
  [08:36:44] mode=symmetry
    symmetry: solved=7/7
  [08:37:27] mode=local-mutant
    local-mutant: solved=10/10
  [08:38:17] mode=swap
    swap: solved=10/10
  [08:39:07] mode=group-reshuffle
    group-reshuffle: solved=9/10
  [08:39:54] mode=constrained-shuffle
    constrained-shuffle: solved=8/10
[08:40:43] DONE R02413
[08:40:43] START R02473
  [08:40:43] mode=swap
    swap: solved=0/10
  [08:45:59] mode=group-reshuffle
    group-reshuffle: solved=0/10
  [08:51:18] mode=constrained-shuffle
    constrained-shuffle: solved=0/10
[08:56:37] DONE R02473
[08:56:37] START R02533
  [08:56:37] mode=swap
    swap: solved=0/10
  [09:00:00] mode=group-reshuffle
    group-reshuffle: solved=2/10
  [09:02:56] mode=constrained-shuffle
    constrained-shuffle: solved=5/10
[09:05:06] DONE R02533
[09:05:06] START R02593
  [09:05:06] mode=swap
    swap: solved=2/10
  [09:06:43] mode=group-reshuffle
    group-reshuffle: solved=0/10
  [09:08:48] mode=constrained-shuffle
    constrained-shuffle: solved=2/10
[09:10:24] DONE R02593
[09:10:24] START R02653
  [09:10:24] mode=symmetry
    symmetry: solved=1/7
  [09:12:25] mode=local-mutant
    local-mutant: solved=4/10
  [09:15:10] mode=swap
    swap: solved=1/10
  [09:18:20] mode=group-reshuffle
    group-reshuffle: solved=5/10
  [09:20:35] mode=constrained-shuffle
    constrained-shuffle: solved=7/10
[09:22:52] DONE R02653
[09:22:52] START R02713
  [09:22:52] mode=symmetry
    symmetry: solved=5/7
  [09:23:47] mode=local-mutant
    local-mutant: solved=8/10
  [09:24:45] mode=swap
    swap: solved=9/10
  [09:25:30] mode=group-reshuffle
    group-reshuffle: solved=7/10
  [09:26:42] mode=constrained-shuffle
    constrained-shuffle: solved=10/10
[09:27:48] DONE R02713
[09:27:48] START R02773
  [09:27:48] mode=swap
    swap: solved=0/10
  [09:28:43] mode=group-reshuffle
    group-reshuffle: solved=1/10
  [09:29:34] mode=constrained-shuffle
    constrained-shuffle: solved=1/10
[09:30:26] DONE R02773
[09:30:26] START R02833
  [09:30:26] mode=swap
    swap: solved=0/10
  [09:34:09] mode=group-reshuffle
    group-reshuffle: solved=1/10
  [09:37:45] mode=constrained-shuffle
    constrained-shuffle: solved=2/10
[09:41:31] DONE R02833
[09:41:31] START R02893
  [09:41:31] mode=symmetry
    symmetry: solved=0/7
  [09:43:24] mode=local-mutant
    local-mutant: solved=0/10
  [09:46:07] mode=swap
    swap: solved=0/10
  [09:48:47] mode=group-reshuffle
    group-reshuffle: solved=1/10
  [09:51:27] mode=constrained-shuffle
    constrained-shuffle: solved=2/10
[09:53:52] DONE R02893
[09:53:52] START R02953
  [09:53:52] mode=swap
    swap: solved=2/10
  [09:57:11] mode=group-reshuffle
    group-reshuffle: solved=1/10
  [10:00:35] mode=constrained-shuffle
    constrained-shuffle: solved=2/10
[10:03:46] DONE R02953
[10:03:46] START R03013
  [10:03:46] mode=swap
    swap: solved=0/10
  [10:10:35] mode=group-reshuffle
    group-reshuffle: solved=0/10
  [10:17:23] mode=constrained-shuffle
    constrained-shuffle: solved=0/10
[10:24:01] DONE R03013
[10:24:01] START R03073
  [10:24:01] mode=swap
    swap: solved=0/10
  [10:25:38] mode=group-reshuffle
    group-reshuffle: solved=2/10
  [10:27:13] mode=constrained-shuffle
    constrained-shuffle: solved=3/10
[10:28:35] DONE R03073
[10:28:35] START R03133
  [10:28:35] mode=swap
    swap: solved=0/10
  [10:33:18] mode=group-reshuffle
    group-reshuffle: solved=0/10
  [10:38:13] mode=constrained-shuffle
    constrained-shuffle: solved=0/10
[10:43:02] DONE R03133
[10:43:02] START R03193
  [10:43:02] mode=swap
    swap: solved=0/10
  [10:47:29] mode=group-reshuffle
    group-reshuffle: solved=0/10
  [10:52:07] mode=constrained-shuffle
    constrained-shuffle: solved=0/10
[10:56:33] DONE R03193
[10:56:33] START R03253
  [10:56:33] mode=symmetry
    symmetry: solved=7/7
  [10:56:57] mode=local-mutant
    local-mutant: solved=8/10
  [10:57:39] mode=swap
    swap: solved=10/10
  [10:58:06] mode=group-reshuffle
    group-reshuffle: solved=9/10
  [10:58:47] mode=constrained-shuffle
    constrained-shuffle: solved=10/10
[10:59:27] DONE R03253
[10:59:27] START R03313
  [10:59:27] mode=swap
    swap: solved=0/10
  [11:03:52] mode=group-reshuffle
    group-reshuffle: solved=0/10
  [11:08:20] mode=constrained-shuffle
    constrained-shuffle: solved=0/10
[11:12:54] DONE R03313
[11:12:54] SHARD END
[19:11:12] SHARD START 32 level(s)
[19:11:12] START P00046
  [19:11:12] mode=symmetry
    already have this (family + solve result exist) -- skipping regeneration/re-solve
  [19:11:12] mode=local-mutant
    already have this (family + solve result exist) -- skipping regeneration/re-solve
  [19:11:12] mode=swap
    already have this (family + solve result exist) -- skipping regeneration/re-solve
  [19:11:12] mode=group-reshuffle
    already have this (family + solve result exist) -- skipping regeneration/re-solve
  [19:11:12] mode=constrained-shuffle
    already have this (family + solve result exist) -- skipping regeneration/re-solve
[19:11:12] DONE P00046
[19:11:12] START P00106
  [19:11:12] mode=symmetry
    already have this (family + solve result exist) -- skipping regeneration/re-solve
  [19:11:12] mode=local-mutant
    already have this (family + solve result exist) -- skipping regeneration/re-solve
  [19:11:12] mode=swap
    already have this (family + solve result exist) -- skipping regeneration/re-solve
  [19:11:12] mode=group-reshuffle
    already have this (family + solve result exist) -- skipping regeneration/re-solve
  [19:11:12] mode=constrained-shuffle
    already have this (family + solve result exist) -- skipping regeneration/re-solve
[19:11:12] DONE P00106
[19:11:12] START S00055
  [19:11:12] mode=symmetry
    already have this (family + solve result exist) -- skipping regeneration/re-solve
  [19:11:12] mode=local-mutant
    generate produced 0 variants (no file written) -- skipping solve/hint-workbench
  [19:11:12] mode=swap
    already have this (family + solve result exist) -- skipping regeneration/re-solve
  [19:11:12] mode=constrained-shuffle
    already have this (family + solve result exist) -- skipping regeneration/re-solve
[19:11:12] DONE S00055
[19:11:12] START R01195
  [19:11:12] mode=symmetry
    already have this (family + solve result exist) -- skipping regeneration/re-solve
  [19:11:12] mode=local-mutant
    already have this (family + solve result exist) -- skipping regeneration/re-solve
  [19:11:12] mode=swap
    already have this (family + solve result exist) -- skipping regeneration/re-solve
  [19:11:12] mode=group-reshuffle
    already have this (family + solve result exist) -- skipping regeneration/re-solve
  [19:11:12] mode=constrained-shuffle
    already have this (family + solve result exist) -- skipping regeneration/re-solve
[19:11:12] DONE R01195
[19:11:12] START R00181
  [19:11:12] mode=symmetry
    already have this (family + solve result exist) -- skipping regeneration/re-solve
  [19:11:12] mode=local-mutant
    already have this (family + solve result exist) -- skipping regeneration/re-solve
  [19:11:12] mode=swap
    already have this (family + solve result exist) -- skipping regeneration/re-solve
  [19:11:12] mode=group-reshuffle
    already have this (family + solve result exist) -- skipping regeneration/re-solve
  [19:11:12] mode=constrained-shuffle
    already have this (family + solve result exist) -- skipping regeneration/re-solve
[19:11:12] DONE R00181
[19:11:12] START R00555
  [19:11:12] mode=swap
    already have this (family + solve result exist) -- skipping regeneration/re-solve
  [19:11:12] mode=group-reshuffle
    already have this (family + solve result exist) -- skipping regeneration/re-solve
  [19:11:12] mode=constrained-shuffle
    already have this (family + solve result exist) -- skipping regeneration/re-solve
[19:11:12] DONE R00555
[19:11:12] START R00927
  [19:11:12] mode=symmetry
    already have this (family + solve result exist) -- skipping regeneration/re-solve
  [19:11:12] mode=local-mutant
    already have this (family + solve result exist) -- skipping regeneration/re-solve
  [19:11:12] mode=swap
    already have this (family + solve result exist) -- skipping regeneration/re-solve
  [19:11:12] mode=group-reshuffle
    already have this (family + solve result exist) -- skipping regeneration/re-solve
  [19:11:12] mode=constrained-shuffle
    already have this (family + solve result exist) -- skipping regeneration/re-solve
[19:11:12] DONE R00927
[19:11:12] START R01234
  [19:11:12] mode=swap
    already have this (family + solve result exist) -- skipping regeneration/re-solve
  [19:11:12] mode=group-reshuffle
    already have this (family + solve result exist) -- skipping regeneration/re-solve
  [19:11:12] mode=constrained-shuffle
    already have this (family + solve result exist) -- skipping regeneration/re-solve
[19:11:12] DONE R01234
[19:11:12] START R01603
  [19:11:12] mode=swap
    already have this (family + solve result exist) -- skipping regeneration/re-solve
  [19:11:12] mode=group-reshuffle
    already have this (family + solve result exist) -- skipping regeneration/re-solve
  [19:11:12] mode=constrained-shuffle
    already have this (family + solve result exist) -- skipping regeneration/re-solve
[19:11:12] DONE R01603
[19:11:12] START R01953
  [19:11:12] mode=swap
    already have this (family + solve result exist) -- skipping regeneration/re-solve
  [19:11:12] mode=group-reshuffle
    already have this (family + solve result exist) -- skipping regeneration/re-solve
  [19:11:12] mode=constrained-shuffle
    already have this (family + solve result exist) -- skipping regeneration/re-solve
[19:11:12] DONE R01953
[19:11:12] START R02053
  [19:11:12] mode=symmetry
    already have this (family + solve result exist) -- skipping regeneration/re-solve
  [19:11:12] mode=local-mutant
    already have this (family + solve result exist) -- skipping regeneration/re-solve
  [19:11:12] mode=swap
    already have this (family + solve result exist) -- skipping regeneration/re-solve
  [19:11:12] mode=group-reshuffle
    already have this (family + solve result exist) -- skipping regeneration/re-solve
  [19:11:12] mode=constrained-shuffle
    already have this (family + solve result exist) -- skipping regeneration/re-solve
[19:11:12] DONE R02053
[19:11:12] START R02113
  [19:11:12] mode=symmetry
    already have this (family + solve result exist) -- skipping regeneration/re-solve
  [19:11:12] mode=local-mutant
    already have this (family + solve result exist) -- skipping regeneration/re-solve
  [19:11:12] mode=swap
    already have this (family + solve result exist) -- skipping regeneration/re-solve
  [19:11:12] mode=group-reshuffle
    already have this (family + solve result exist) -- skipping regeneration/re-solve
  [19:11:12] mode=constrained-shuffle
    already have this (family + solve result exist) -- skipping regeneration/re-solve
[19:11:12] DONE R02113
[19:11:12] START R02173
  [19:11:12] mode=symmetry
    already have this (family + solve result exist) -- skipping regeneration/re-solve
  [19:11:12] mode=local-mutant
    already have this (family + solve result exist) -- skipping regeneration/re-solve
  [19:11:12] mode=swap
    already have this (family + solve result exist) -- skipping regeneration/re-solve
  [19:11:12] mode=group-reshuffle
    already have this (family + solve result exist) -- skipping regeneration/re-solve
  [19:11:12] mode=constrained-shuffle
    already have this (family + solve result exist) -- skipping regeneration/re-solve
[19:11:12] DONE R02173
[19:11:12] START R02233
  [19:11:12] mode=swap
    already have this (family + solve result exist) -- skipping regeneration/re-solve
  [19:11:12] mode=group-reshuffle
    already have this (family + solve result exist) -- skipping regeneration/re-solve
  [19:11:12] mode=constrained-shuffle
    already have this (family + solve result exist) -- skipping regeneration/re-solve
[19:11:12] DONE R02233
[19:11:12] START R02293
  [19:11:12] mode=symmetry
    already have this (family + solve result exist) -- skipping regeneration/re-solve
  [19:11:12] mode=local-mutant
    already have this (family + solve result exist) -- skipping regeneration/re-solve
  [19:11:12] mode=swap
    already have this (family + solve result exist) -- skipping regeneration/re-solve
  [19:11:12] mode=group-reshuffle
    already have this (family + solve result exist) -- skipping regeneration/re-solve
  [19:11:12] mode=constrained-shuffle
    already have this (family + solve result exist) -- skipping regeneration/re-solve
[19:11:12] DONE R02293
[19:11:12] START R02353
  [19:11:12] mode=swap
    already have this (family + solve result exist) -- skipping regeneration/re-solve
  [19:11:12] mode=group-reshuffle
    already have this (family + solve result exist) -- skipping regeneration/re-solve
  [19:11:12] mode=constrained-shuffle
    already have this (family + solve result exist) -- skipping regeneration/re-solve
[19:11:12] DONE R02353
[19:11:12] START R02413
  [19:11:12] mode=symmetry
    already have this (family + solve result exist) -- skipping regeneration/re-solve
  [19:11:12] mode=local-mutant
    already have this (family + solve result exist) -- skipping regeneration/re-solve
  [19:11:12] mode=swap
    already have this (family + solve result exist) -- skipping regeneration/re-solve
  [19:11:12] mode=group-reshuffle
    already have this (family + solve result exist) -- skipping regeneration/re-solve
  [19:11:12] mode=constrained-shuffle
    already have this (family + solve result exist) -- skipping regeneration/re-solve
[19:11:12] DONE R02413
[19:11:12] START R02473
  [19:11:12] mode=swap
    already have this (family + solve result exist) -- skipping regeneration/re-solve
  [19:11:12] mode=group-reshuffle
    already have this (family + solve result exist) -- skipping regeneration/re-solve
  [19:11:12] mode=constrained-shuffle
    already have this (family + solve result exist) -- skipping regeneration/re-solve
[19:11:12] DONE R02473
[19:11:12] START R02533
  [19:11:12] mode=swap
    already have this (family + solve result exist) -- skipping regeneration/re-solve
  [19:11:12] mode=group-reshuffle
    already have this (family + solve result exist) -- skipping regeneration/re-solve
  [19:11:12] mode=constrained-shuffle
    already have this (family + solve result exist) -- skipping regeneration/re-solve
[19:11:12] DONE R02533
[19:11:12] START R02593
  [19:11:12] mode=swap
    already have this (family + solve result exist) -- skipping regeneration/re-solve
  [19:11:12] mode=group-reshuffle
    already have this (family + solve result exist) -- skipping regeneration/re-solve
  [19:11:12] mode=constrained-shuffle
    already have this (family + solve result exist) -- skipping regeneration/re-solve
[19:11:12] DONE R02593
[19:11:12] START R02653
  [19:11:12] mode=symmetry
    already have this (family + solve result exist) -- skipping regeneration/re-solve
  [19:11:12] mode=local-mutant
    already have this (family + solve result exist) -- skipping regeneration/re-solve
  [19:11:12] mode=swap
    already have this (family + solve result exist) -- skipping regeneration/re-solve
  [19:11:12] mode=group-reshuffle
    already have this (family + solve result exist) -- skipping regeneration/re-solve
  [19:11:12] mode=constrained-shuffle
    already have this (family + solve result exist) -- skipping regeneration/re-solve
[19:11:12] DONE R02653
[19:11:12] START R02713
  [19:11:12] mode=symmetry
    already have this (family + solve result exist) -- skipping regeneration/re-solve
  [19:11:12] mode=local-mutant
    already have this (family + solve result exist) -- skipping regeneration/re-solve
  [19:11:12] mode=swap
    already have this (family + solve result exist) -- skipping regeneration/re-solve
  [19:11:12] mode=group-reshuffle
    already have this (family + solve result exist) -- skipping regeneration/re-solve
  [19:11:12] mode=constrained-shuffle
    already have this (family + solve result exist) -- skipping regeneration/re-solve
[19:11:12] DONE R02713
[19:11:12] START R02773
  [19:11:12] mode=swap
    already have this (family + solve result exist) -- skipping regeneration/re-solve
  [19:11:12] mode=group-reshuffle
    already have this (family + solve result exist) -- skipping regeneration/re-solve
  [19:11:12] mode=constrained-shuffle
    already have this (family + solve result exist) -- skipping regeneration/re-solve
[19:11:12] DONE R02773
[19:11:12] START R02833
  [19:11:12] mode=swap
    already have this (family + solve result exist) -- skipping regeneration/re-solve
  [19:11:12] mode=group-reshuffle
    already have this (family + solve result exist) -- skipping regeneration/re-solve
  [19:11:12] mode=constrained-shuffle
    already have this (family + solve result exist) -- skipping regeneration/re-solve
[19:11:12] DONE R02833
[19:11:12] START R02893
  [19:11:12] mode=symmetry
    already have this (family + solve result exist) -- skipping regeneration/re-solve
  [19:11:12] mode=local-mutant
    already have this (family + solve result exist) -- skipping regeneration/re-solve
  [19:11:12] mode=swap
    already have this (family + solve result exist) -- skipping regeneration/re-solve
  [19:11:12] mode=group-reshuffle
    already have this (family + solve result exist) -- skipping regeneration/re-solve
  [19:11:12] mode=constrained-shuffle
    already have this (family + solve result exist) -- skipping regeneration/re-solve
[19:11:12] DONE R02893
[19:11:12] START R02953
  [19:11:12] mode=swap
    already have this (family + solve result exist) -- skipping regeneration/re-solve
  [19:11:12] mode=group-reshuffle
    already have this (family + solve result exist) -- skipping regeneration/re-solve
  [19:11:12] mode=constrained-shuffle
    already have this (family + solve result exist) -- skipping regeneration/re-solve
[19:11:12] DONE R02953
[19:11:12] START R03013
  [19:11:12] mode=swap
    already have this (family + solve result exist) -- skipping regeneration/re-solve
  [19:11:12] mode=group-reshuffle
    already have this (family + solve result exist) -- skipping regeneration/re-solve
  [19:11:12] mode=constrained-shuffle
    already have this (family + solve result exist) -- skipping regeneration/re-solve
[19:11:12] DONE R03013
[19:11:12] START R03073
  [19:11:12] mode=swap
    already have this (family + solve result exist) -- skipping regeneration/re-solve
  [19:11:12] mode=group-reshuffle
    already have this (family + solve result exist) -- skipping regeneration/re-solve
  [19:11:12] mode=constrained-shuffle
    already have this (family + solve result exist) -- skipping regeneration/re-solve
[19:11:12] DONE R03073
[19:11:12] START R03133
  [19:11:12] mode=swap
    already have this (family + solve result exist) -- skipping regeneration/re-solve
  [19:11:12] mode=group-reshuffle
    already have this (family + solve result exist) -- skipping regeneration/re-solve
  [19:11:12] mode=constrained-shuffle
    already have this (family + solve result exist) -- skipping regeneration/re-solve
[19:11:12] DONE R03133
[19:11:12] START R03193
  [19:11:12] mode=swap
    already have this (family + solve result exist) -- skipping regeneration/re-solve
  [19:11:12] mode=group-reshuffle
    already have this (family + solve result exist) -- skipping regeneration/re-solve
  [19:11:12] mode=constrained-shuffle
    already have this (family + solve result exist) -- skipping regeneration/re-solve
[19:11:12] DONE R03193
[19:11:12] START R03253
  [19:11:12] mode=symmetry
    already have this (family + solve result exist) -- skipping regeneration/re-solve
  [19:11:12] mode=local-mutant
    already have this (family + solve result exist) -- skipping regeneration/re-solve
  [19:11:12] mode=swap
    already have this (family + solve result exist) -- skipping regeneration/re-solve
  [19:11:12] mode=group-reshuffle
    already have this (family + solve result exist) -- skipping regeneration/re-solve
  [19:11:12] mode=constrained-shuffle
    already have this (family + solve result exist) -- skipping regeneration/re-solve
[19:11:12] DONE R03253
[19:11:12] START R03313
  [19:11:12] mode=swap
    already have this (family + solve result exist) -- skipping regeneration/re-solve
  [19:11:12] mode=group-reshuffle
    already have this (family + solve result exist) -- skipping regeneration/re-solve
  [19:11:12] mode=constrained-shuffle
    already have this (family + solve result exist) -- skipping regeneration/re-solve
[19:11:12] DONE R03313
[19:11:12] SHARD END
