[11:04:25] SHARD START 32 level(s)
[11:04:25] START P00054
  [11:04:25] mode=symmetry
    symmetry: solved=7/7
  [11:04:32] mode=local-mutant
    local-mutant: solved=10/10
  [11:04:44] mode=swap
    swap: solved=0/0
  [11:04:44] mode=group-reshuffle
    group-reshuffle: solved=10/10
  [11:04:56] mode=constrained-shuffle
    constrained-shuffle: solved=10/10
[11:05:07] DONE P00054
[11:05:07] START P00114
  [11:05:07] mode=symmetry
    symmetry: solved=7/7
  [11:05:13] mode=local-mutant
    local-mutant: solved=10/10
  [11:05:21] mode=swap
    swap: solved=2/2
  [11:05:23] mode=group-reshuffle
    group-reshuffle: solved=10/10
  [11:05:32] mode=constrained-shuffle
    constrained-shuffle: solved=10/10
[11:05:42] DONE P00114
[11:05:42] START S00103
  [11:05:42] mode=symmetry
    symmetry: solved=7/7
  [11:05:57] mode=local-mutant
    local-mutant: solved=10/10
  [11:06:20] mode=swap
    swap: solved=0/0
  [11:06:20] mode=group-reshuffle
    group-reshuffle: solved=9/10
  [11:06:53] mode=constrained-shuffle
    constrained-shuffle: solved=9/10
[11:07:25] DONE S00103
[11:07:25] START R01349
  [11:07:25] mode=symmetry
    symmetry: solved=7/7
  [11:07:37] mode=local-mutant
    local-mutant: solved=10/10
  [11:07:59] mode=swap
    swap: solved=10/10
  [11:08:33] mode=group-reshuffle
    group-reshuffle: solved=9/10
  [11:09:22] mode=constrained-shuffle
    constrained-shuffle: solved=8/10
[11:09:49] DONE R01349
[11:09:49] START R00260
  [11:09:49] mode=symmetry
    symmetry: solved=7/7
  [11:10:04] mode=local-mutant
    local-mutant: solved=10/10
  [11:10:27] mode=swap
    swap: solved=10/10
  [11:10:46] mode=group-reshuffle
    group-reshuffle: solved=10/10
  [11:11:06] mode=constrained-shuffle
    constrained-shuffle: solved=10/10
[11:11:27] DONE R00260
[11:11:27] START R00595
  [11:11:27] mode=swap
    swap: solved=1/10
  [11:12:44] mode=group-reshuffle
    group-reshuffle: solved=1/10
  [11:14:00] mode=constrained-shuffle
    constrained-shuffle: solved=1/10
[11:15:14] DONE R00595
[11:15:14] START R00976
  [11:15:14] mode=symmetry
    symmetry: solved=7/7
  [11:15:50] mode=local-mutant
    local-mutant: solved=10/10
  [11:16:42] mode=swap
    swap: solved=10/10
  [11:17:25] mode=group-reshuffle
    group-reshuffle: solved=10/10
  [11:18:06] mode=constrained-shuffle
    constrained-shuffle: solved=9/10
[11:19:00] DONE R00976
[11:19:00] START R01290
  [11:19:00] mode=swap
    swap: solved=0/10
  [11:22:53] mode=group-reshuffle
    group-reshuffle: solved=0/10
  [11:26:49] mode=constrained-shuffle
    constrained-shuffle: solved=0/10
[11:30:30] DONE R01290
[11:30:30] START R01644
  [11:30:30] mode=symmetry
    symmetry: solved=7/7
  [11:30:47] mode=local-mutant
    local-mutant: solved=10/10
  [11:31:11] mode=swap
    swap: solved=10/10
  [11:31:38] mode=group-reshuffle
    group-reshuffle: solved=10/10
  [11:32:00] mode=constrained-shuffle
    constrained-shuffle: solved=10/10
[11:32:20] DONE R01644
[11:32:20] START R02001
  [11:32:20] mode=symmetry
    symmetry: solved=7/7
  [11:33:24] mode=local-mutant
    local-mutant: solved=9/10
  [11:35:17] mode=swap
    swap: solved=10/10
  [11:36:36] mode=group-reshuffle
    group-reshuffle: solved=7/10
  [11:38:44] mode=constrained-shuffle
    constrained-shuffle: solved=9/10
[11:40:06] DONE R02001
[11:40:06] START R02061
  [11:40:06] mode=symmetry
    symmetry: solved=3/7
  [11:40:44] mode=local-mutant
    local-mutant: solved=6/10
  [11:41:37] mode=swap
    swap: solved=8/10
  [11:42:21] mode=group-reshuffle
    group-reshuffle: solved=9/10
  [11:42:55] mode=constrained-shuffle
    constrained-shuffle: solved=9/10
[11:43:28] DONE R02061
[11:43:28] START R02121
  [11:43:28] mode=swap
    swap: solved=0/10
  [11:45:07] mode=group-reshuffle
    group-reshuffle: solved=0/10
  [11:46:47] mode=constrained-shuffle
    constrained-shuffle: solved=0/10
[11:48:24] DONE R02121
[11:48:24] START R02181
  [11:48:24] mode=swap
    swap: solved=2/10
  [11:51:39] mode=group-reshuffle
    group-reshuffle: solved=2/10
  [11:54:47] mode=constrained-shuffle
    constrained-shuffle: solved=1/10
[11:58:26] DONE R02181
[11:58:26] START R02241
  [11:58:26] mode=symmetry
    symmetry: solved=7/7
  [11:58:35] mode=local-mutant
    local-mutant: solved=10/10
  [11:58:46] mode=swap
    swap: solved=10/10
  [11:58:56] mode=group-reshuffle
    group-reshuffle: solved=9/10
  [11:59:27] mode=constrained-shuffle
    constrained-shuffle: solved=8/10
[12:00:25] DONE R02241
[12:00:25] START R02301
  [12:00:25] mode=swap
    swap: solved=0/10
  [12:03:16] mode=group-reshuffle
    group-reshuffle: solved=0/10
  [12:06:06] mode=constrained-shuffle
    constrained-shuffle: solved=0/10
[12:08:54] DONE R02301
[12:08:54] START R02361
  [12:08:54] mode=symmetry
    symmetry: solved=7/7
  [12:09:02] mode=local-mutant
    local-mutant: solved=10/10
  [12:09:12] mode=swap
    swap: solved=10/10
  [12:09:19] mode=group-reshuffle
    group-reshuffle: solved=10/10
  [12:09:29] mode=constrained-shuffle
    constrained-shuffle: solved=8/10
[12:10:08] DONE R02361
[12:10:08] START R02421
  [12:10:08] mode=symmetry
    symmetry: solved=7/7
  [12:10:41] mode=local-mutant
    local-mutant: solved=7/10
  [12:11:47] mode=swap
    swap: solved=6/10
  [12:13:01] mode=group-reshuffle
    group-reshuffle: solved=1/10
  [12:15:02] mode=constrained-shuffle
    constrained-shuffle: solved=2/10
[12:16:44] DONE R02421
[12:16:44] START R02481
  [12:16:44] mode=symmetry
    symmetry: solved=7/7
  [12:17:18] mode=local-mutant
    local-mutant: solved=8/10
  [12:18:00] mode=swap
    swap: solved=10/10
  [12:18:47] mode=group-reshuffle
    group-reshuffle: solved=10/10
  [12:19:01] mode=constrained-shuffle
    constrained-shuffle: solved=10/10
[12:19:14] DONE R02481
[12:19:14] START R02541
  [12:19:14] mode=swap
    swap: solved=0/10
  [12:21:18] mode=group-reshuffle
    group-reshuffle: solved=0/10
  [12:23:19] mode=constrained-shuffle
    constrained-shuffle: solved=0/10
[12:25:26] DONE R02541
[12:25:26] START R02601
  [12:25:26] mode=symmetry
    symmetry: solved=0/7
  [12:26:36] mode=local-mutant
    local-mutant: solved=0/10
  [12:28:11] mode=swap
    swap: solved=0/10
  [12:29:46] mode=group-reshuffle
    group-reshuffle: solved=3/10
  [12:31:14] mode=constrained-shuffle
    constrained-shuffle: solved=5/10
[12:32:28] DONE R02601
[12:32:28] START R02661
  [12:32:28] mode=swap
    swap: solved=0/10
  [12:34:51] mode=group-reshuffle
    group-reshuffle: solved=2/10
  [12:36:59] mode=constrained-shuffle
    constrained-shuffle: solved=0/10
[12:39:22] DONE R02661
[12:39:22] START R02721
  [12:39:22] mode=symmetry
    symmetry: solved=7/7
  [12:39:34] mode=local-mutant
    local-mutant: solved=10/10
  [12:39:57] mode=swap
    swap: solved=10/10
  [12:40:16] mode=group-reshuffle
    group-reshuffle: solved=10/10
  [12:40:38] mode=constrained-shuffle
    constrained-shuffle: solved=9/10
[12:41:04] DONE R02721
[12:41:04] START R02781
  [12:41:04] mode=swap
    swap: solved=1/10
  [12:42:26] mode=group-reshuffle
    group-reshuffle: solved=0/10
  [12:43:51] mode=constrained-shuffle
    constrained-shuffle: solved=0/10
[12:45:17] DONE R02781
[12:45:17] START R02841
  [12:45:17] mode=symmetry
    symmetry: solved=7/7
  [12:45:27] mode=local-mutant
    local-mutant: solved=10/10
  [12:45:40] mode=swap
    swap: solved=10/10
  [12:45:52] mode=group-reshuffle
    group-reshuffle: solved=10/10
  [12:46:05] mode=constrained-shuffle
    constrained-shuffle: solved=10/10
[12:46:23] DONE R02841
[12:46:23] START R02901
  [12:46:23] mode=symmetry
    symmetry: solved=7/7
  [12:46:36] mode=local-mutant
    local-mutant: solved=9/10
  [12:47:10] mode=swap
    swap: solved=10/10
  [12:47:28] mode=group-reshuffle
    group-reshuffle: solved=6/10
  [12:48:24] mode=constrained-shuffle
    constrained-shuffle: solved=6/10
[12:49:17] DONE R02901
[12:49:17] START R02961
  [12:49:17] mode=swap
    swap: solved=0/10
  [12:52:13] mode=group-reshuffle
    group-reshuffle: solved=4/10
  [12:54:21] mode=constrained-shuffle
    constrained-shuffle: solved=6/10
[12:56:29] DONE R02961
[12:56:29] START R03021
  [12:56:29] mode=swap
    swap: solved=0/10
  [12:57:53] mode=group-reshuffle
    group-reshuffle: solved=0/10
  [12:59:18] mode=constrained-shuffle
    constrained-shuffle: solved=0/10
[13:00:47] DONE R03021
[13:00:47] START R03081
  [13:00:47] mode=symmetry
    symmetry: solved=1/7
  [13:03:13] mode=local-mutant
    local-mutant: solved=0/10
  [13:07:16] mode=swap
    swap: solved=2/10
  [13:11:22] mode=group-reshuffle
    group-reshuffle: solved=3/10
  [13:15:30] mode=constrained-shuffle
    constrained-shuffle: solved=6/10
[13:18:59] DONE R03081
[13:18:59] START R03141
  [13:18:59] mode=swap
    swap: solved=0/10
  [13:19:42] mode=group-reshuffle
    group-reshuffle: solved=0/10
  [13:20:31] mode=constrained-shuffle
    constrained-shuffle: solved=1/10
[13:21:13] DONE R03141
[13:21:13] START R03201
  [13:21:13] mode=swap
    swap: solved=1/10
  [13:23:41] mode=group-reshuffle
    group-reshuffle: solved=3/10
  [13:25:52] mode=constrained-shuffle
    constrained-shuffle: solved=6/10
[13:27:55] DONE R03201
[13:27:55] START R03261
  [13:27:55] mode=swap
    swap: solved=0/10
  [13:30:06] mode=group-reshuffle
    group-reshuffle: solved=1/10
  [13:32:07] mode=constrained-shuffle
    constrained-shuffle: solved=0/10
[13:34:08] DONE R03261
[13:34:08] START R03321
  [13:34:08] mode=swap
    swap: solved=0/10
  [13:38:28] mode=group-reshuffle
    group-reshuffle: solved=0/10
  [13:42:47] mode=constrained-shuffle
    constrained-shuffle: solved=0/10
[13:47:06] DONE R03321
[13:47:06] SHARD END
