[04:08:46] SHARD START 33 level(s)
[04:08:46] START P00027
  [04:08:46] mode=symmetry
    symmetry: solved=7/7
  [04:08:49] mode=local-mutant
    local-mutant: solved=10/10
  [04:08:54] mode=swap
    swap: solved=4/4
  [04:08:56] mode=group-reshuffle
    group-reshuffle: solved=10/10
  [04:09:01] mode=constrained-shuffle
    constrained-shuffle: solved=10/10
[04:09:05] DONE P00027
[04:09:05] START P00087
  [04:09:05] mode=symmetry
    symmetry: solved=7/7
  [04:09:09] mode=local-mutant
    local-mutant: solved=10/10
  [04:09:17] mode=swap
    swap: solved=10/10
  [04:09:23] mode=group-reshuffle
    group-reshuffle: solved=10/10
  [04:09:34] mode=constrained-shuffle
    constrained-shuffle: solved=10/10
[04:09:43] DONE P00087
[04:09:43] START P00147
  [04:09:43] mode=symmetry
    symmetry: solved=7/7
  [04:09:58] mode=local-mutant
    local-mutant: solved=6/10
  [04:11:14] mode=swap
    swap: solved=10/10
  [04:11:41] mode=group-reshuffle
    group-reshuffle: solved=10/10
  [04:12:09] mode=constrained-shuffle
    constrained-shuffle: solved=7/10
[04:13:50] DONE P00147
[04:13:50] START R00649
  [04:13:50] mode=symmetry
    symmetry: solved=7/7
  [04:13:59] mode=local-mutant
    local-mutant: solved=10/10
  [04:14:11] mode=swap
    swap: solved=10/10
  [04:14:22] mode=group-reshuffle
    group-reshuffle: solved=10/10
  [04:14:37] mode=constrained-shuffle
    constrained-shuffle: solved=10/10
[04:14:53] DONE R00649
[04:14:53] START R00050
  [04:14:53] mode=swap
    swap: solved=0/10
  [04:16:21] mode=group-reshuffle
    group-reshuffle: solved=2/10
  [04:17:30] mode=constrained-shuffle
    constrained-shuffle: solved=2/10
[04:18:34] DONE R00050
[04:18:34] START R00477
  [04:18:34] mode=swap
    swap: solved=0/10
  [04:19:42] mode=group-reshuffle
    group-reshuffle: solved=4/10
  [04:20:37] mode=constrained-shuffle
    constrained-shuffle: solved=4/10
[04:21:41] DONE R00477
[04:21:41] START R00787
  [04:21:41] mode=swap
    swap: solved=0/10
  [04:25:58] mode=group-reshuffle
    group-reshuffle: solved=0/10
  [04:30:20] mode=constrained-shuffle
    constrained-shuffle: solved=2/10
[04:34:15] DONE R00787
[04:34:15] START R01132
  [04:34:15] mode=swap
    swap: solved=0/10
  [04:37:40] mode=group-reshuffle
    group-reshuffle: solved=0/10
  [04:41:10] mode=constrained-shuffle
    constrained-shuffle: solved=2/10
[04:44:26] DONE R01132
[04:44:26] START R01500
  [04:44:26] mode=symmetry
    symmetry: solved=1/7
  [04:45:17] mode=local-mutant
    local-mutant: solved=2/10
  [04:46:23] mode=swap
    swap: solved=8/10
  [04:46:53] mode=group-reshuffle
    group-reshuffle: solved=8/10
  [04:47:23] mode=constrained-shuffle
    constrained-shuffle: solved=7/10
[04:48:14] DONE R01500
[04:48:14] START R01849
  [04:48:14] mode=symmetry
    symmetry: solved=0/7
  [04:50:06] mode=local-mutant
    local-mutant: solved=2/10
  [04:52:14] mode=swap
    swap: solved=2/10
  [04:54:24] mode=group-reshuffle
    group-reshuffle: solved=1/10
  [04:56:59] mode=constrained-shuffle
    constrained-shuffle: solved=5/10
[04:58:36] DONE R01849
[04:58:36] START R02034
  [04:58:36] mode=swap
    swap: solved=0/10
  [05:02:10] mode=group-reshuffle
    group-reshuffle: solved=0/10
  [05:05:46] mode=constrained-shuffle
    constrained-shuffle: solved=1/10
[05:09:19] DONE R02034
[05:09:19] START R02094
  [05:09:19] mode=symmetry
    symmetry: solved=7/7
  [05:10:32] mode=local-mutant
    local-mutant: solved=3/10
  [05:13:01] mode=swap
    swap: solved=4/10
  [05:15:27] mode=group-reshuffle
    group-reshuffle: solved=5/10
  [05:17:48] mode=constrained-shuffle
    constrained-shuffle: solved=4/10
[05:20:15] DONE R02094
[05:20:15] START R02154
  [05:20:15] mode=swap
    swap: solved=0/10
  [05:22:05] mode=group-reshuffle
    group-reshuffle: solved=0/10
  [05:23:56] mode=constrained-shuffle
    constrained-shuffle: solved=0/10
[05:25:50] DONE R02154
[05:25:50] START R02214
  [05:25:50] mode=symmetry
    symmetry: solved=0/7
  [05:27:00] mode=local-mutant
    local-mutant: solved=0/10
  [05:28:40] mode=swap
    swap: solved=0/10
  [05:30:19] mode=group-reshuffle
    group-reshuffle: solved=3/10
  [05:31:38] mode=constrained-shuffle
    constrained-shuffle: solved=1/10
[05:33:26] DONE R02214
[05:33:26] START R02274
  [05:33:26] mode=swap
    swap: solved=0/10
  [05:35:25] mode=group-reshuffle
    group-reshuffle: solved=0/10
  [05:37:29] mode=constrained-shuffle
    constrained-shuffle: solved=0/10
[05:39:36] DONE R02274
[05:39:36] START R02334
  [05:39:36] mode=swap
    swap: solved=0/10
  [05:42:07] mode=group-reshuffle
    group-reshuffle: solved=0/10
  [05:44:40] mode=constrained-shuffle
    constrained-shuffle: solved=1/10
[05:47:11] DONE R02334
[05:47:11] START R02394
  [05:47:11] mode=symmetry
    symmetry: solved=7/7
  [05:47:22] mode=local-mutant
    local-mutant: solved=10/10
  [05:47:35] mode=swap
    swap: solved=10/10
  [05:47:49] mode=group-reshuffle
    group-reshuffle: solved=10/10
  [05:48:02] mode=constrained-shuffle
    constrained-shuffle: solved=10/10
[05:48:15] DONE R02394
[05:48:15] START R02454
  [05:48:15] mode=swap
    swap: solved=0/10
  [05:49:12] mode=group-reshuffle
    group-reshuffle: solved=0/10
  [05:50:07] mode=constrained-shuffle
    constrained-shuffle: solved=0/10
[05:51:04] DONE R02454
[05:51:04] START R02514
  [05:51:04] mode=symmetry
    symmetry: solved=7/7
  [05:51:12] mode=local-mutant
    local-mutant: solved=10/10
  [05:51:22] mode=swap
    swap: solved=10/10
  [05:51:31] mode=group-reshuffle
    group-reshuffle: solved=10/10
  [05:51:43] mode=constrained-shuffle
    constrained-shuffle: solved=10/10
[05:52:00] DONE R02514
[05:52:00] START R02574
  [05:52:00] mode=symmetry
    symmetry: solved=7/7
  [05:53:45] mode=local-mutant
    local-mutant: solved=9/10
  [05:56:11] mode=swap
    swap: solved=7/10
  [05:59:02] mode=group-reshuffle
    group-reshuffle: solved=7/10
  [06:01:44] mode=constrained-shuffle
    constrained-shuffle: solved=3/10
[06:05:01] DONE R02574
[06:05:01] START R02634
  [06:05:01] mode=symmetry
    symmetry: solved=7/7
  [06:05:46] mode=local-mutant
    local-mutant: solved=10/10
  [06:06:40] mode=swap
    swap: solved=10/10
  [06:07:46] mode=group-reshuffle
    group-reshuffle: solved=8/10
  [06:08:17] mode=constrained-shuffle
    constrained-shuffle: solved=9/10
[06:08:50] DONE R02634
[06:08:50] START R02694
  [06:08:50] mode=swap
    swap: solved=0/10
  [06:10:09] mode=group-reshuffle
    group-reshuffle: solved=0/10
  [06:11:25] mode=constrained-shuffle
    constrained-shuffle: solved=0/10
[06:12:41] DONE R02694
[06:12:41] START R02754
  [06:12:41] mode=swap
    swap: solved=0/10
  [06:16:02] mode=group-reshuffle
    group-reshuffle: solved=0/10
  [06:19:18] mode=constrained-shuffle
    constrained-shuffle: solved=0/10
[06:22:41] DONE R02754
[06:22:41] START R02814
  [06:22:41] mode=swap
    swap: solved=0/10
  [06:25:48] mode=group-reshuffle
    group-reshuffle: solved=1/10
  [06:28:57] mode=constrained-shuffle
    constrained-shuffle: solved=3/10
[06:31:25] DONE R02814
[06:31:25] START R02874
  [06:31:25] mode=swap
    swap: solved=0/10
  [06:35:43] mode=group-reshuffle
    group-reshuffle: solved=4/10
  [06:39:17] mode=constrained-shuffle
    constrained-shuffle: solved=2/10
[06:43:28] DONE R02874
[06:43:28] START R02934
  [06:43:28] mode=swap
    swap: solved=0/10
  [06:45:50] mode=group-reshuffle
    group-reshuffle: solved=2/10
  [06:47:59] mode=constrained-shuffle
    constrained-shuffle: solved=0/10
[06:50:33] DONE R02934
[06:50:33] START R02994
  [06:50:33] mode=swap
    swap: solved=0/10
  [06:54:02] mode=group-reshuffle
    group-reshuffle: solved=2/10
  [06:57:39] mode=constrained-shuffle
    constrained-shuffle: solved=0/10
[07:01:13] DONE R02994
[07:01:13] START R03054
  [07:01:13] mode=swap
    swap: solved=4/10
  [07:02:56] mode=group-reshuffle
    group-reshuffle: solved=1/10
  [07:05:06] mode=constrained-shuffle
    constrained-shuffle: solved=3/10
[07:06:48] DONE R03054
[07:06:48] START R03114
  [07:06:48] mode=swap
    swap: solved=0/10
  [07:07:38] mode=group-reshuffle
    group-reshuffle: solved=0/0
  [07:07:39] mode=constrained-shuffle
    constrained-shuffle: solved=1/10
[07:08:30] DONE R03114
[07:08:30] START R03174
  [07:08:30] mode=symmetry
    symmetry: solved=7/7
  [07:08:44] mode=local-mutant
    local-mutant: solved=10/10
  [07:09:07] mode=swap
    swap: solved=10/10
  [07:09:26] mode=group-reshuffle
    group-reshuffle: solved=10/10
  [07:09:52] mode=constrained-shuffle
    constrained-shuffle: solved=8/10
[07:10:35] DONE R03174
[07:10:35] START R03234
  [07:10:35] mode=symmetry
    symmetry: solved=6/7
  [07:11:18] mode=local-mutant
    local-mutant: solved=5/10
  [07:12:57] mode=swap
    swap: solved=8/10
  [07:13:46] mode=group-reshuffle
    group-reshuffle: solved=7/10
  [07:15:12] mode=constrained-shuffle
    constrained-shuffle: solved=7/10
[07:16:16] DONE R03234
[07:16:16] START R03294
  [07:16:16] mode=swap
    swap: solved=1/10
  [07:20:17] mode=group-reshuffle
    group-reshuffle: solved=2/10
  [07:24:08] mode=constrained-shuffle
    constrained-shuffle: solved=2/10
[07:28:06] DONE R03294
[07:28:06] START R03354
  [07:28:06] mode=swap
    swap: solved=0/10
  [07:29:51] mode=group-reshuffle
    group-reshuffle: solved=0/10
  [07:31:34] mode=constrained-shuffle
    constrained-shuffle: solved=0/10
[07:33:26] DONE R03354
[07:33:26] SHARD END
