[06:49:16] SHARD START 33 level(s)
[06:49:16] START P00041
  [06:49:16] mode=symmetry
    symmetry: solved=7/7
  [06:49:22] mode=local-mutant
    local-mutant: solved=10/10
  [06:49:28] mode=swap
    swap: solved=4/4
  [06:49:33] mode=group-reshuffle
    group-reshuffle: solved=10/10
  [06:49:38] mode=constrained-shuffle
    constrained-shuffle: solved=10/10
[06:49:43] DONE P00041
[06:49:43] START P00101
  [06:49:43] mode=symmetry
    symmetry: solved=7/7
  [06:49:47] mode=local-mutant
    local-mutant: solved=10/10
  [06:49:54] mode=swap
    swap: solved=0/0
  [06:49:55] mode=group-reshuffle
    group-reshuffle: solved=10/10
  [06:50:01] mode=constrained-shuffle
    constrained-shuffle: solved=10/10
[06:50:05] DONE P00101
[06:50:05] START S00001
  [06:50:05] mode=symmetry
    symmetry: solved=7/7
  [06:50:10] mode=local-mutant
    local-mutant: solved=10/10
  [06:50:18] mode=swap
    swap: solved=0/0
  [06:50:19] mode=group-reshuffle
    group-reshuffle: solved=10/10
  [06:50:26] mode=constrained-shuffle
    constrained-shuffle: solved=10/10
[06:50:34] DONE S00001
[06:50:34] START R01014
  [06:50:34] mode=symmetry
    symmetry: solved=0/7
  [06:50:52] mode=local-mutant
    local-mutant: solved=0/10
  [06:51:17] mode=swap
    swap: solved=0/10
  [06:51:41] mode=group-reshuffle
    group-reshuffle: solved=0/10
  [06:52:05] mode=constrained-shuffle
    constrained-shuffle: solved=1/10
[06:52:31] DONE R01014
[06:52:31] START R00143
  [06:52:31] mode=symmetry
    symmetry: solved=7/7
  [06:52:47] mode=local-mutant
    local-mutant: solved=7/10
  [06:53:17] mode=swap
    swap: solved=7/10
  [06:53:47] mode=group-reshuffle
    group-reshuffle: solved=9/10
  [06:54:13] mode=constrained-shuffle
    constrained-shuffle: solved=5/10
[06:54:53] DONE R00143
[06:54:53] START R00537
  [06:54:53] mode=symmetry
    symmetry: solved=1/7
  [06:56:08] mode=local-mutant
    local-mutant: solved=5/10
  [06:57:20] mode=swap
    swap: solved=5/10
  [06:58:38] mode=group-reshuffle
    group-reshuffle: solved=2/10
  [07:00:04] mode=constrained-shuffle
    constrained-shuffle: solved=3/10
[07:01:26] DONE R00537
[07:01:26] START R00893
  [07:01:26] mode=swap
    swap: solved=0/10
  [07:03:44] mode=group-reshuffle
    group-reshuffle: solved=0/10
  [07:05:58] mode=constrained-shuffle
    constrained-shuffle: solved=0/10
[07:08:18] DONE R00893
[07:08:18] START R01210
  [07:08:18] mode=symmetry
    symmetry: solved=7/7
  [07:08:26] mode=local-mutant
    local-mutant: solved=10/10
  [07:08:38] mode=swap
    swap: solved=10/10
  [07:08:48] mode=group-reshuffle
    group-reshuffle: solved=10/10
  [07:08:59] mode=constrained-shuffle
    constrained-shuffle: solved=10/10
[07:09:15] DONE R01210
[07:09:15] START R01576
  [07:09:15] mode=swap
    swap: solved=0/10
  [07:11:30] mode=group-reshuffle
    group-reshuffle: solved=1/10
  [07:13:44] mode=constrained-shuffle
    constrained-shuffle: solved=2/10
[07:15:53] DONE R01576
[07:15:53] START R01925
  [07:15:53] mode=symmetry
    symmetry: solved=3/7
  [07:16:59] mode=local-mutant
    local-mutant: solved=6/10
  [07:18:26] mode=swap
    swap: solved=8/10
  [07:19:29] mode=group-reshuffle
    group-reshuffle: solved=8/10
  [07:20:23] mode=constrained-shuffle
    constrained-shuffle: solved=3/10
[07:22:06] DONE R01925
[07:22:06] START R02048
  [07:22:06] mode=symmetry
    symmetry: solved=6/7
  [07:22:29] mode=local-mutant
    local-mutant: solved=10/10
  [07:22:41] mode=swap
    swap: solved=6/10
  [07:23:16] mode=group-reshuffle
    group-reshuffle: solved=7/10
  [07:23:52] mode=constrained-shuffle
    constrained-shuffle: solved=7/10
[07:24:39] DONE R02048
[07:24:39] START R02108
  [07:24:39] mode=swap
    swap: solved=0/10
  [07:26:50] mode=group-reshuffle
    group-reshuffle: solved=1/10
  [07:29:03] mode=constrained-shuffle
    constrained-shuffle: solved=4/10
[07:30:56] DONE R02108
[07:30:56] START R02168
  [07:30:56] mode=symmetry
    symmetry: solved=7/7
  [07:31:14] mode=local-mutant
    local-mutant: solved=2/10
  [07:32:18] mode=swap
    swap: solved=5/10
  [07:33:14] mode=group-reshuffle
    group-reshuffle: solved=3/10
  [07:34:24] mode=constrained-shuffle
    constrained-shuffle: solved=2/10
[07:35:39] DONE R02168
[07:35:39] START R02228
  [07:35:39] mode=symmetry
    symmetry: solved=7/7
  [07:35:45] mode=local-mutant
    local-mutant: solved=10/10
  [07:35:52] mode=swap
    swap: solved=10/10
  [07:36:00] mode=group-reshuffle
    group-reshuffle: solved=9/10
  [07:36:15] mode=constrained-shuffle
    constrained-shuffle: solved=9/10
[07:36:30] DONE R02228
[07:36:30] START R02288
  [07:36:30] mode=swap
    swap: solved=0/10
  [07:37:48] mode=group-reshuffle
    group-reshuffle: solved=1/10
  [07:39:01] mode=constrained-shuffle
    constrained-shuffle: solved=1/10
[07:40:17] DONE R02288
[07:40:17] START R02348
  [07:40:17] mode=swap
    swap: solved=0/10
  [07:41:04] mode=group-reshuffle
    group-reshuffle: solved=1/10
  [07:41:48] mode=constrained-shuffle
    constrained-shuffle: solved=0/10
[07:42:35] DONE R02348
[07:42:35] START R02408
  [07:42:35] mode=swap
    swap: solved=0/10
  [07:43:22] mode=group-reshuffle
    group-reshuffle: solved=0/10
  [07:44:08] mode=constrained-shuffle
    constrained-shuffle: solved=1/10
[07:44:57] DONE R02408
[07:44:57] START R02468
  [07:44:57] mode=symmetry
    symmetry: solved=7/7
  [07:45:25] mode=local-mutant
    local-mutant: solved=7/10
  [07:45:56] mode=swap
    swap: solved=8/10
  [07:46:25] mode=group-reshuffle
    group-reshuffle: solved=5/10
  [07:46:56] mode=constrained-shuffle
    constrained-shuffle: solved=7/10
[07:47:17] DONE R02468
[07:47:17] START R02528
  [07:47:17] mode=symmetry
    symmetry: solved=0/7
  [07:48:49] mode=local-mutant
    local-mutant: solved=0/10
  [07:50:57] mode=swap
    swap: solved=0/10
  [07:53:09] mode=group-reshuffle
    group-reshuffle: solved=1/10
  [07:55:17] mode=constrained-shuffle
    constrained-shuffle: solved=0/10
[07:57:28] DONE R02528
[07:57:28] START R02588
  [07:57:28] mode=swap
    swap: solved=0/10
  [07:58:45] mode=group-reshuffle
    group-reshuffle: solved=0/10
  [08:00:08] mode=constrained-shuffle
    constrained-shuffle: solved=0/10
[08:01:22] DONE R02588
[08:01:22] START R02648
  [08:01:22] mode=symmetry
    symmetry: solved=7/7
  [08:01:30] mode=local-mutant
    local-mutant: solved=10/10
  [08:01:40] mode=swap
    swap: solved=9/10
  [08:02:00] mode=group-reshuffle
    group-reshuffle: solved=3/10
  [08:02:40] mode=constrained-shuffle
    constrained-shuffle: solved=2/10
[08:03:22] DONE R02648
[08:03:22] START R02708
  [08:03:22] mode=symmetry
    symmetry: solved=7/7
  [08:03:35] mode=local-mutant
    local-mutant: solved=10/10
  [08:03:52] mode=swap
    swap: solved=10/10
  [08:04:09] mode=group-reshuffle
    group-reshuffle: solved=8/10
  [08:04:27] mode=constrained-shuffle
    constrained-shuffle: solved=7/10
[08:04:45] DONE R02708
[08:04:45] START R02768
  [08:04:45] mode=swap
    swap: solved=0/10
  [08:05:36] mode=group-reshuffle
    group-reshuffle: solved=2/10
  [08:06:16] mode=constrained-shuffle
    constrained-shuffle: solved=3/10
[08:06:55] DONE R02768
[08:06:55] START R02828
  [08:06:55] mode=swap
    swap: solved=0/10
  [08:08:26] mode=group-reshuffle
    group-reshuffle: solved=0/10
  [08:09:53] mode=constrained-shuffle
    constrained-shuffle: solved=0/10
[08:11:28] DONE R02828
[08:11:28] START R02888
  [08:11:28] mode=symmetry
    symmetry: solved=7/7
  [08:12:12] mode=local-mutant
    local-mutant: solved=9/10
  [08:13:00] mode=swap
    swap: solved=10/10
  [08:13:47] mode=group-reshuffle
    group-reshuffle: solved=9/10
  [08:14:46] mode=constrained-shuffle
    constrained-shuffle: solved=8/10
[08:15:32] DONE R02888
[08:15:32] START R02948
  [08:15:32] mode=symmetry
    symmetry: solved=7/7
  [08:15:41] mode=local-mutant
    local-mutant: solved=10/10
  [08:15:55] mode=swap
    swap: solved=10/10
  [08:16:08] mode=group-reshuffle
    group-reshuffle: solved=9/10
  [08:16:40] mode=constrained-shuffle
    constrained-shuffle: solved=7/10
[08:17:30] DONE R02948
[08:17:30] START R03008
  [08:17:30] mode=swap
    swap: solved=0/10
  [08:18:41] mode=group-reshuffle
    group-reshuffle: solved=1/10
  [08:19:50] mode=constrained-shuffle
    constrained-shuffle: solved=0/10
[08:21:04] DONE R03008
[08:21:04] START R03068
  [08:21:04] mode=swap
    swap: solved=0/10
  [08:21:57] mode=group-reshuffle
    group-reshuffle: solved=0/10
  [08:22:52] mode=constrained-shuffle
    constrained-shuffle: solved=1/10
[08:23:52] DONE R03068
[08:23:52] START R03128
  [08:23:52] mode=swap
    swap: solved=0/10
  [08:25:09] mode=group-reshuffle
    group-reshuffle: solved=0/10
  [08:26:26] mode=constrained-shuffle
    constrained-shuffle: solved=0/10
[08:27:41] DONE R03128
[08:27:41] START R03188
  [08:27:41] mode=symmetry
    symmetry: solved=0/7
  [08:28:23] mode=local-mutant
    local-mutant: solved=4/10
  [08:29:14] mode=swap
    swap: solved=1/10
  [08:30:12] mode=group-reshuffle
    group-reshuffle: solved=6/10
  [08:30:45] mode=constrained-shuffle
    constrained-shuffle: solved=4/10
[08:31:25] DONE R03188
[08:31:25] START R03248
  [08:31:25] mode=symmetry
    symmetry: solved=7/7
  [08:31:35] mode=local-mutant
    local-mutant: solved=9/10
  [08:31:56] mode=swap
    swap: solved=9/10
  [08:32:20] mode=group-reshuffle
    group-reshuffle: solved=9/10
  [08:32:43] mode=constrained-shuffle
    constrained-shuffle: solved=9/10
[08:33:07] DONE R03248
[08:33:07] START R03308
  [08:33:07] mode=swap
    swap: solved=0/10
  [08:35:14] mode=group-reshuffle
    group-reshuffle: solved=1/10
  [08:37:21] mode=constrained-shuffle
    constrained-shuffle: solved=1/10
[08:39:23] DONE R03308
[08:39:23] START R03368
  [08:39:23] mode=swap
    swap: solved=5/10
  [08:40:50] mode=group-reshuffle
    group-reshuffle: solved=5/10
  [08:42:20] mode=constrained-shuffle
    constrained-shuffle: solved=1/10
[08:44:28] DONE R03368
[08:44:28] SHARD END
[19:11:59] SHARD START 33 level(s)
[19:11:59] START P00041
  [19:11:59] mode=symmetry
    already have this (family + solve result exist) -- skipping regeneration/re-solve
  [19:11:59] mode=local-mutant
    already have this (family + solve result exist) -- skipping regeneration/re-solve
  [19:11:59] mode=swap
    already have this (family + solve result exist) -- skipping regeneration/re-solve
  [19:11:59] mode=group-reshuffle
    already have this (family + solve result exist) -- skipping regeneration/re-solve
  [19:11:59] mode=constrained-shuffle
    already have this (family + solve result exist) -- skipping regeneration/re-solve
[19:11:59] DONE P00041
[19:11:59] START P00101
  [19:11:59] mode=symmetry
    already have this (family + solve result exist) -- skipping regeneration/re-solve
  [19:11:59] mode=local-mutant
    already have this (family + solve result exist) -- skipping regeneration/re-solve
  [19:11:59] mode=swap
    already have this (family + solve result exist) -- skipping regeneration/re-solve
  [19:11:59] mode=group-reshuffle
    already have this (family + solve result exist) -- skipping regeneration/re-solve
  [19:11:59] mode=constrained-shuffle
    already have this (family + solve result exist) -- skipping regeneration/re-solve
[19:11:59] DONE P00101
[19:11:59] START S00001
  [19:11:59] mode=symmetry
    already have this (family + solve result exist) -- skipping regeneration/re-solve
  [19:11:59] mode=local-mutant
    already have this (family + solve result exist) -- skipping regeneration/re-solve
  [19:11:59] mode=swap
    already have this (family + solve result exist) -- skipping regeneration/re-solve
  [19:11:59] mode=group-reshuffle
    already have this (family + solve result exist) -- skipping regeneration/re-solve
  [19:11:59] mode=constrained-shuffle
    already have this (family + solve result exist) -- skipping regeneration/re-solve
[19:11:59] DONE S00001
[19:11:59] START R01014
  [19:11:59] mode=symmetry
    already have this (family + solve result exist) -- skipping regeneration/re-solve
  [19:11:59] mode=local-mutant
    already have this (family + solve result exist) -- skipping regeneration/re-solve
  [19:11:59] mode=swap
    already have this (family + solve result exist) -- skipping regeneration/re-solve
  [19:11:59] mode=group-reshuffle
    already have this (family + solve result exist) -- skipping regeneration/re-solve
  [19:11:59] mode=constrained-shuffle
    already have this (family + solve result exist) -- skipping regeneration/re-solve
[19:11:59] DONE R01014
[19:11:59] START R00143
  [19:11:59] mode=symmetry
    already have this (family + solve result exist) -- skipping regeneration/re-solve
  [19:11:59] mode=local-mutant
    already have this (family + solve result exist) -- skipping regeneration/re-solve
  [19:11:59] mode=swap
    already have this (family + solve result exist) -- skipping regeneration/re-solve
  [19:11:59] mode=group-reshuffle
    already have this (family + solve result exist) -- skipping regeneration/re-solve
  [19:11:59] mode=constrained-shuffle
    already have this (family + solve result exist) -- skipping regeneration/re-solve
[19:11:59] DONE R00143
[19:11:59] START R00537
  [19:11:59] mode=symmetry
    already have this (family + solve result exist) -- skipping regeneration/re-solve
  [19:11:59] mode=local-mutant
    already have this (family + solve result exist) -- skipping regeneration/re-solve
  [19:11:59] mode=swap
    already have this (family + solve result exist) -- skipping regeneration/re-solve
  [19:11:59] mode=group-reshuffle
    already have this (family + solve result exist) -- skipping regeneration/re-solve
  [19:11:59] mode=constrained-shuffle
    already have this (family + solve result exist) -- skipping regeneration/re-solve
[19:11:59] DONE R00537
[19:11:59] START R00893
  [19:11:59] mode=swap
    already have this (family + solve result exist) -- skipping regeneration/re-solve
  [19:11:59] mode=group-reshuffle
    already have this (family + solve result exist) -- skipping regeneration/re-solve
  [19:11:59] mode=constrained-shuffle
    already have this (family + solve result exist) -- skipping regeneration/re-solve
[19:11:59] DONE R00893
[19:11:59] START R01210
  [19:11:59] mode=symmetry
    already have this (family + solve result exist) -- skipping regeneration/re-solve
  [19:11:59] mode=local-mutant
    already have this (family + solve result exist) -- skipping regeneration/re-solve
  [19:11:59] mode=swap
    already have this (family + solve result exist) -- skipping regeneration/re-solve
  [19:11:59] mode=group-reshuffle
    already have this (family + solve result exist) -- skipping regeneration/re-solve
  [19:11:59] mode=constrained-shuffle
    already have this (family + solve result exist) -- skipping regeneration/re-solve
[19:11:59] DONE R01210
[19:11:59] START R01576
  [19:11:59] mode=swap
    already have this (family + solve result exist) -- skipping regeneration/re-solve
  [19:11:59] mode=group-reshuffle
    already have this (family + solve result exist) -- skipping regeneration/re-solve
  [19:11:59] mode=constrained-shuffle
    already have this (family + solve result exist) -- skipping regeneration/re-solve
[19:11:59] DONE R01576
[19:11:59] START R01925
  [19:11:59] mode=symmetry
    already have this (family + solve result exist) -- skipping regeneration/re-solve
  [19:11:59] mode=local-mutant
    already have this (family + solve result exist) -- skipping regeneration/re-solve
  [19:11:59] mode=swap
    already have this (family + solve result exist) -- skipping regeneration/re-solve
  [19:11:59] mode=group-reshuffle
    already have this (family + solve result exist) -- skipping regeneration/re-solve
  [19:11:59] mode=constrained-shuffle
    already have this (family + solve result exist) -- skipping regeneration/re-solve
[19:11:59] DONE R01925
[19:11:59] START R02048
  [19:11:59] mode=symmetry
    already have this (family + solve result exist) -- skipping regeneration/re-solve
  [19:11:59] mode=local-mutant
    already have this (family + solve result exist) -- skipping regeneration/re-solve
  [19:11:59] mode=swap
    already have this (family + solve result exist) -- skipping regeneration/re-solve
  [19:11:59] mode=group-reshuffle
    already have this (family + solve result exist) -- skipping regeneration/re-solve
  [19:11:59] mode=constrained-shuffle
    already have this (family + solve result exist) -- skipping regeneration/re-solve
[19:11:59] DONE R02048
[19:11:59] START R02108
  [19:11:59] mode=swap
    already have this (family + solve result exist) -- skipping regeneration/re-solve
  [19:11:59] mode=group-reshuffle
    already have this (family + solve result exist) -- skipping regeneration/re-solve
  [19:11:59] mode=constrained-shuffle
    already have this (family + solve result exist) -- skipping regeneration/re-solve
[19:11:59] DONE R02108
[19:11:59] START R02168
  [19:11:59] mode=symmetry
    already have this (family + solve result exist) -- skipping regeneration/re-solve
  [19:11:59] mode=local-mutant
    already have this (family + solve result exist) -- skipping regeneration/re-solve
  [19:11:59] mode=swap
    already have this (family + solve result exist) -- skipping regeneration/re-solve
  [19:11:59] mode=group-reshuffle
    already have this (family + solve result exist) -- skipping regeneration/re-solve
  [19:11:59] mode=constrained-shuffle
    already have this (family + solve result exist) -- skipping regeneration/re-solve
[19:11:59] DONE R02168
[19:11:59] START R02228
  [19:11:59] mode=symmetry
    already have this (family + solve result exist) -- skipping regeneration/re-solve
  [19:11:59] mode=local-mutant
    already have this (family + solve result exist) -- skipping regeneration/re-solve
  [19:11:59] mode=swap
    already have this (family + solve result exist) -- skipping regeneration/re-solve
  [19:11:59] mode=group-reshuffle
    already have this (family + solve result exist) -- skipping regeneration/re-solve
  [19:11:59] mode=constrained-shuffle
    already have this (family + solve result exist) -- skipping regeneration/re-solve
[19:11:59] DONE R02228
[19:11:59] START R02288
  [19:11:59] mode=swap
    already have this (family + solve result exist) -- skipping regeneration/re-solve
  [19:11:59] mode=group-reshuffle
    already have this (family + solve result exist) -- skipping regeneration/re-solve
  [19:11:59] mode=constrained-shuffle
    already have this (family + solve result exist) -- skipping regeneration/re-solve
[19:11:59] DONE R02288
[19:11:59] START R02348
  [19:11:59] mode=swap
    already have this (family + solve result exist) -- skipping regeneration/re-solve
  [19:11:59] mode=group-reshuffle
    already have this (family + solve result exist) -- skipping regeneration/re-solve
  [19:11:59] mode=constrained-shuffle
    already have this (family + solve result exist) -- skipping regeneration/re-solve
[19:11:59] DONE R02348
[19:11:59] START R02408
  [19:11:59] mode=swap
    already have this (family + solve result exist) -- skipping regeneration/re-solve
  [19:11:59] mode=group-reshuffle
    already have this (family + solve result exist) -- skipping regeneration/re-solve
  [19:11:59] mode=constrained-shuffle
    already have this (family + solve result exist) -- skipping regeneration/re-solve
[19:11:59] DONE R02408
[19:11:59] START R02468
  [19:11:59] mode=symmetry
    already have this (family + solve result exist) -- skipping regeneration/re-solve
  [19:11:59] mode=local-mutant
    already have this (family + solve result exist) -- skipping regeneration/re-solve
  [19:11:59] mode=swap
    already have this (family + solve result exist) -- skipping regeneration/re-solve
  [19:11:59] mode=group-reshuffle
    already have this (family + solve result exist) -- skipping regeneration/re-solve
  [19:11:59] mode=constrained-shuffle
    already have this (family + solve result exist) -- skipping regeneration/re-solve
[19:11:59] DONE R02468
[19:11:59] START R02528
  [19:11:59] mode=symmetry
    already have this (family + solve result exist) -- skipping regeneration/re-solve
  [19:11:59] mode=local-mutant
    already have this (family + solve result exist) -- skipping regeneration/re-solve
  [19:11:59] mode=swap
    already have this (family + solve result exist) -- skipping regeneration/re-solve
  [19:11:59] mode=group-reshuffle
    already have this (family + solve result exist) -- skipping regeneration/re-solve
  [19:11:59] mode=constrained-shuffle
    already have this (family + solve result exist) -- skipping regeneration/re-solve
[19:11:59] DONE R02528
[19:11:59] START R02588
  [19:11:59] mode=swap
    already have this (family + solve result exist) -- skipping regeneration/re-solve
  [19:11:59] mode=group-reshuffle
    already have this (family + solve result exist) -- skipping regeneration/re-solve
  [19:11:59] mode=constrained-shuffle
    already have this (family + solve result exist) -- skipping regeneration/re-solve
[19:11:59] DONE R02588
[19:11:59] START R02648
  [19:11:59] mode=symmetry
    already have this (family + solve result exist) -- skipping regeneration/re-solve
  [19:11:59] mode=local-mutant
    already have this (family + solve result exist) -- skipping regeneration/re-solve
  [19:11:59] mode=swap
    already have this (family + solve result exist) -- skipping regeneration/re-solve
  [19:11:59] mode=group-reshuffle
    already have this (family + solve result exist) -- skipping regeneration/re-solve
  [19:11:59] mode=constrained-shuffle
    already have this (family + solve result exist) -- skipping regeneration/re-solve
[19:11:59] DONE R02648
[19:11:59] START R02708
  [19:11:59] mode=symmetry
    already have this (family + solve result exist) -- skipping regeneration/re-solve
  [19:11:59] mode=local-mutant
    already have this (family + solve result exist) -- skipping regeneration/re-solve
  [19:11:59] mode=swap
    already have this (family + solve result exist) -- skipping regeneration/re-solve
  [19:11:59] mode=group-reshuffle
    already have this (family + solve result exist) -- skipping regeneration/re-solve
  [19:11:59] mode=constrained-shuffle
    already have this (family + solve result exist) -- skipping regeneration/re-solve
[19:11:59] DONE R02708
[19:11:59] START R02768
  [19:11:59] mode=swap
    already have this (family + solve result exist) -- skipping regeneration/re-solve
  [19:11:59] mode=group-reshuffle
    already have this (family + solve result exist) -- skipping regeneration/re-solve
  [19:11:59] mode=constrained-shuffle
    already have this (family + solve result exist) -- skipping regeneration/re-solve
[19:11:59] DONE R02768
[19:11:59] START R02828
  [19:11:59] mode=swap
    already have this (family + solve result exist) -- skipping regeneration/re-solve
  [19:11:59] mode=group-reshuffle
    already have this (family + solve result exist) -- skipping regeneration/re-solve
  [19:11:59] mode=constrained-shuffle
    already have this (family + solve result exist) -- skipping regeneration/re-solve
[19:11:59] DONE R02828
[19:11:59] START R02888
  [19:11:59] mode=symmetry
    already have this (family + solve result exist) -- skipping regeneration/re-solve
  [19:11:59] mode=local-mutant
    already have this (family + solve result exist) -- skipping regeneration/re-solve
  [19:11:59] mode=swap
    already have this (family + solve result exist) -- skipping regeneration/re-solve
  [19:11:59] mode=group-reshuffle
    already have this (family + solve result exist) -- skipping regeneration/re-solve
  [19:11:59] mode=constrained-shuffle
    already have this (family + solve result exist) -- skipping regeneration/re-solve
[19:11:59] DONE R02888
[19:11:59] START R02948
  [19:11:59] mode=symmetry
    already have this (family + solve result exist) -- skipping regeneration/re-solve
  [19:11:59] mode=local-mutant
    already have this (family + solve result exist) -- skipping regeneration/re-solve
  [19:11:59] mode=swap
    already have this (family + solve result exist) -- skipping regeneration/re-solve
  [19:11:59] mode=group-reshuffle
    already have this (family + solve result exist) -- skipping regeneration/re-solve
  [19:11:59] mode=constrained-shuffle
    already have this (family + solve result exist) -- skipping regeneration/re-solve
[19:11:59] DONE R02948
[19:11:59] START R03008
  [19:11:59] mode=swap
    already have this (family + solve result exist) -- skipping regeneration/re-solve
  [19:11:59] mode=group-reshuffle
    already have this (family + solve result exist) -- skipping regeneration/re-solve
  [19:11:59] mode=constrained-shuffle
    already have this (family + solve result exist) -- skipping regeneration/re-solve
[19:11:59] DONE R03008
[19:11:59] START R03068
  [19:11:59] mode=swap
    already have this (family + solve result exist) -- skipping regeneration/re-solve
  [19:11:59] mode=group-reshuffle
    already have this (family + solve result exist) -- skipping regeneration/re-solve
  [19:11:59] mode=constrained-shuffle
    already have this (family + solve result exist) -- skipping regeneration/re-solve
[19:11:59] DONE R03068
[19:11:59] START R03128
  [19:11:59] mode=swap
    already have this (family + solve result exist) -- skipping regeneration/re-solve
  [19:11:59] mode=group-reshuffle
    already have this (family + solve result exist) -- skipping regeneration/re-solve
  [19:11:59] mode=constrained-shuffle
    already have this (family + solve result exist) -- skipping regeneration/re-solve
[19:11:59] DONE R03128
[19:11:59] START R03188
  [19:11:59] mode=symmetry
    already have this (family + solve result exist) -- skipping regeneration/re-solve
  [19:11:59] mode=local-mutant
    already have this (family + solve result exist) -- skipping regeneration/re-solve
  [19:11:59] mode=swap
    already have this (family + solve result exist) -- skipping regeneration/re-solve
  [19:11:59] mode=group-reshuffle
    already have this (family + solve result exist) -- skipping regeneration/re-solve
  [19:11:59] mode=constrained-shuffle
    already have this (family + solve result exist) -- skipping regeneration/re-solve
[19:11:59] DONE R03188
[19:11:59] START R03248
  [19:11:59] mode=symmetry
    already have this (family + solve result exist) -- skipping regeneration/re-solve
  [19:11:59] mode=local-mutant
    already have this (family + solve result exist) -- skipping regeneration/re-solve
  [19:11:59] mode=swap
    already have this (family + solve result exist) -- skipping regeneration/re-solve
  [19:11:59] mode=group-reshuffle
    already have this (family + solve result exist) -- skipping regeneration/re-solve
  [19:11:59] mode=constrained-shuffle
    already have this (family + solve result exist) -- skipping regeneration/re-solve
[19:11:59] DONE R03248
[19:11:59] START R03308
  [19:11:59] mode=swap
    already have this (family + solve result exist) -- skipping regeneration/re-solve
  [19:11:59] mode=group-reshuffle
    already have this (family + solve result exist) -- skipping regeneration/re-solve
  [19:11:59] mode=constrained-shuffle
    already have this (family + solve result exist) -- skipping regeneration/re-solve
[19:11:59] DONE R03308
[19:11:59] START R03368
  [19:11:59] mode=swap
    already have this (family + solve result exist) -- skipping regeneration/re-solve
  [19:11:59] mode=group-reshuffle
    already have this (family + solve result exist) -- skipping regeneration/re-solve
  [19:11:59] mode=constrained-shuffle
    already have this (family + solve result exist) -- skipping regeneration/re-solve
[19:11:59] DONE R03368
[19:11:59] SHARD END
