[07:51:45] SHARD START 33 level(s)
[07:51:45] START P00031
  [07:51:45] mode=symmetry
    symmetry: solved=7/7
  [07:51:49] mode=local-mutant
    local-mutant: solved=10/10
  [07:51:54] mode=swap
    swap: solved=0/0
  [07:51:55] mode=group-reshuffle
    group-reshuffle: solved=10/10
  [07:52:01] mode=constrained-shuffle
    constrained-shuffle: solved=10/10
[07:52:06] DONE P00031
[07:52:06] START P00091
  [07:52:06] mode=symmetry
    symmetry: solved=7/7
  [07:52:13] mode=local-mutant
    local-mutant: solved=10/10
  [07:52:22] mode=swap
    swap: solved=0/0
  [07:52:23] mode=group-reshuffle
    group-reshuffle: solved=10/10
  [07:52:36] mode=constrained-shuffle
    constrained-shuffle: solved=10/10
[07:52:48] DONE P00091
[07:52:48] START P00151
  [07:52:48] mode=symmetry
    symmetry: solved=7/7
  [07:52:50] mode=local-mutant
    local-mutant: solved=10/10
  [07:52:53] mode=swap
    swap: solved=0/0
  [07:52:54] mode=group-reshuffle
    group-reshuffle: solved=2/2
  [07:52:56] mode=constrained-shuffle
    constrained-shuffle: solved=10/10
[07:52:59] DONE P00151
[07:52:59] START R00760
  [07:52:59] mode=symmetry
    symmetry: solved=7/7
  [07:53:17] mode=local-mutant
    local-mutant: solved=10/10
  [07:53:58] mode=swap
    swap: solved=10/10
  [07:54:20] mode=group-reshuffle
    group-reshuffle: solved=10/10
  [07:55:10] mode=constrained-shuffle
    constrained-shuffle: solved=10/10
[07:55:54] DONE R00760
[07:55:54] START R00082
  [07:55:54] mode=swap
    swap: solved=0/10
  [07:58:57] mode=group-reshuffle
    group-reshuffle: solved=0/10
  [08:01:54] mode=constrained-shuffle
    constrained-shuffle: solved=1/10
[08:04:42] DONE R00082
[08:04:42] START R00500
  [08:04:42] mode=swap
    swap: solved=1/10
  [08:08:25] mode=group-reshuffle
    group-reshuffle: solved=3/10
  [08:11:59] mode=constrained-shuffle
    constrained-shuffle: solved=7/10
[08:14:32] DONE R00500
[08:14:32] START R00817
  [08:14:32] mode=swap
    swap: solved=0/10
  [08:17:25] mode=group-reshuffle
    group-reshuffle: solved=0/10
  [08:20:23] mode=constrained-shuffle
    constrained-shuffle: solved=1/10
[08:23:25] DONE R00817
[08:23:25] START R01153
  [08:23:25] mode=symmetry
    symmetry: solved=7/7
  [08:23:52] mode=local-mutant
    local-mutant: solved=10/10
  [08:24:38] mode=swap
    swap: solved=10/10
  [08:25:00] mode=group-reshuffle
    group-reshuffle: solved=8/10
  [08:26:16] mode=constrained-shuffle
    constrained-shuffle: solved=10/10
[08:26:48] DONE R01153
[08:26:48] START R01516
  [08:26:48] mode=swap
    swap: solved=1/10
  [08:27:58] mode=group-reshuffle
    group-reshuffle: solved=10/10
  [08:28:16] mode=constrained-shuffle
    constrained-shuffle: solved=10/10
[08:28:32] DONE R01516
[08:28:32] START R01860
  [08:28:32] mode=swap
    swap: solved=3/10
  [08:31:09] mode=group-reshuffle
    group-reshuffle: solved=4/10
  [08:33:48] mode=constrained-shuffle
    constrained-shuffle: solved=3/10
[08:36:26] DONE R01860
[08:36:26] START R02038
  [08:36:26] mode=symmetry
    symmetry: solved=3/7
  [08:37:53] mode=local-mutant
    local-mutant: solved=7/10
  [08:39:19] mode=swap
    swap: solved=4/10
  [08:41:17] mode=group-reshuffle
    group-reshuffle: solved=6/10
  [08:42:47] mode=constrained-shuffle
    constrained-shuffle: solved=8/10
[08:43:46] DONE R02038
[08:43:46] START R02098
  [08:43:46] mode=symmetry
    symmetry: solved=4/7
  [08:45:06] mode=local-mutant
    local-mutant: solved=8/10
  [08:46:23] mode=swap
    swap: solved=8/10
  [08:48:22] mode=group-reshuffle
    group-reshuffle: solved=10/10
  [08:49:06] mode=constrained-shuffle
    constrained-shuffle: solved=8/10
[08:50:06] DONE R02098
[08:50:06] START R02158
  [08:50:06] mode=symmetry
    symmetry: solved=5/7
  [08:51:44] mode=local-mutant
    local-mutant: solved=8/10
  [08:53:39] mode=swap
    swap: solved=10/10
  [08:55:02] mode=group-reshuffle
    group-reshuffle: solved=2/10
  [08:58:05] mode=constrained-shuffle
    constrained-shuffle: solved=2/10
[09:01:17] DONE R02158
[09:01:17] START R02218
  [09:01:17] mode=symmetry
    symmetry: solved=7/7
  [09:01:31] mode=local-mutant
    local-mutant: solved=10/10
  [09:01:50] mode=swap
    swap: solved=10/10
  [09:02:12] mode=group-reshuffle
    group-reshuffle: solved=10/10
  [09:02:30] mode=constrained-shuffle
    constrained-shuffle: solved=10/10
[09:02:47] DONE R02218
[09:02:47] START R02278
  [09:02:47] mode=swap
    swap: solved=0/10
  [09:04:58] mode=group-reshuffle
    group-reshuffle: solved=0/10
  [09:07:05] mode=constrained-shuffle
    constrained-shuffle: solved=0/10
[09:09:14] DONE R02278
[09:09:14] START R02338
  [09:09:14] mode=symmetry
    symmetry: solved=7/7
  [09:09:28] mode=local-mutant
    local-mutant: solved=10/10
  [09:09:47] mode=swap
    swap: solved=9/10
  [09:10:11] mode=group-reshuffle
    group-reshuffle: solved=10/10
  [09:10:36] mode=constrained-shuffle
    constrained-shuffle: solved=7/10
[09:11:11] DONE R02338
[09:11:11] START R02398
  [09:11:11] mode=swap
    swap: solved=0/10
  [09:12:26] mode=group-reshuffle
    group-reshuffle: solved=0/10
  [09:13:37] mode=constrained-shuffle
    constrained-shuffle: solved=1/10
[09:14:51] DONE R02398
[09:14:51] START R02458
  [09:14:51] mode=swap
    swap: solved=0/10
  [09:18:25] mode=group-reshuffle
    group-reshuffle: solved=1/10
  [09:21:35] mode=constrained-shuffle
    constrained-shuffle: solved=1/10
[09:24:53] DONE R02458
[09:24:53] START R02518
  [09:24:53] mode=swap
    swap: solved=0/10
  [09:29:55] mode=group-reshuffle
    group-reshuffle: solved=3/10
  [09:34:23] mode=constrained-shuffle
    constrained-shuffle: solved=2/10
[09:38:48] DONE R02518
[09:38:48] START R02578
  [09:38:48] mode=swap
    swap: solved=0/10
  [09:42:05] mode=group-reshuffle
    group-reshuffle: solved=0/10
  [09:45:13] mode=constrained-shuffle
    constrained-shuffle: solved=1/10
[09:48:14] DONE R02578
[09:48:14] START R02638
  [09:48:14] mode=swap
    swap: solved=0/10
  [09:50:44] mode=group-reshuffle
    group-reshuffle: solved=6/10
  [09:52:24] mode=constrained-shuffle
    constrained-shuffle: solved=6/10
[09:53:56] DONE R02638
[09:53:56] START R02698
  [09:53:56] mode=symmetry
    symmetry: solved=7/7
  [09:54:07] mode=local-mutant
    local-mutant: solved=10/10
  [09:54:21] mode=swap
    swap: solved=10/10
  [09:54:35] mode=group-reshuffle
    group-reshuffle: solved=7/10
  [09:55:04] mode=constrained-shuffle
    constrained-shuffle: solved=8/10
[09:55:26] DONE R02698
[09:55:26] START R02758
  [09:55:26] mode=swap
    swap: solved=0/10
  [09:57:52] mode=group-reshuffle
    group-reshuffle: solved=1/10
  [10:00:09] mode=constrained-shuffle
    constrained-shuffle: solved=3/10
[10:02:20] DONE R02758
[10:02:20] START R02818
  [10:02:20] mode=swap
    swap: solved=0/10
  [10:03:55] mode=group-reshuffle
    group-reshuffle: solved=0/10
  [10:05:35] mode=constrained-shuffle
    constrained-shuffle: solved=0/10
[10:07:19] DONE R02818
[10:07:19] START R02878
  [10:07:19] mode=symmetry
    symmetry: solved=0/7
  [10:08:08] mode=local-mutant
    local-mutant: solved=1/10
  [10:09:16] mode=swap
    swap: solved=0/10
  [10:10:23] mode=group-reshuffle
    group-reshuffle: solved=6/10
  [10:11:02] mode=constrained-shuffle
    constrained-shuffle: solved=3/10
[10:12:09] DONE R02878
[10:12:09] START R02938
  [10:12:09] mode=swap
    swap: solved=0/10
  [10:15:35] mode=group-reshuffle
    group-reshuffle: solved=0/10
  [10:18:51] mode=constrained-shuffle
    constrained-shuffle: solved=0/10
[10:22:17] DONE R02938
[10:22:17] START R02998
  [10:22:17] mode=symmetry
    symmetry: solved=7/7
  [10:22:54] mode=local-mutant
    local-mutant: solved=6/10
  [10:24:57] mode=swap
    swap: solved=10/10
  [10:26:09] mode=group-reshuffle
    group-reshuffle: solved=1/10
  [10:29:10] mode=constrained-shuffle
    constrained-shuffle: solved=1/10
[10:32:08] DONE R02998
[10:32:08] START R03058
  [10:32:08] mode=symmetry
    symmetry: solved=0/7
  [10:33:43] mode=local-mutant
    local-mutant: solved=0/10
  [10:36:00] mode=swap
    swap: solved=0/10
  [10:38:15] mode=group-reshuffle
    group-reshuffle: solved=0/10
  [10:40:36] mode=constrained-shuffle
    constrained-shuffle: solved=0/10
[10:42:53] DONE R03058
[10:42:53] START R03118
  [10:42:53] mode=swap
    swap: solved=0/10
  [10:44:49] mode=group-reshuffle
    group-reshuffle: solved=5/10
  [10:46:35] mode=constrained-shuffle
    constrained-shuffle: solved=1/10
[10:48:31] DONE R03118
[10:48:31] START R03178
  [10:48:31] mode=swap
    swap: solved=0/10
  [10:50:14] mode=group-reshuffle
    group-reshuffle: solved=0/10
  [10:52:07] mode=constrained-shuffle
    constrained-shuffle: solved=0/10
[10:53:51] DONE R03178
[10:53:51] START R03238
  [10:53:51] mode=symmetry
    symmetry: solved=2/7
  [10:56:14] mode=local-mutant
    local-mutant: solved=1/10
  [11:00:11] mode=swap
    swap: solved=0/10
  [11:04:04] mode=group-reshuffle
    group-reshuffle: solved=0/10
  [11:07:57] mode=constrained-shuffle
    constrained-shuffle: solved=0/10
[11:11:45] DONE R03238
[11:11:45] START R03298
  [11:11:45] mode=swap
    swap: solved=0/10
  [11:15:11] mode=group-reshuffle
    group-reshuffle: solved=0/10
  [11:18:33] mode=constrained-shuffle
    constrained-shuffle: solved=1/10
[11:21:50] DONE R03298
[11:21:50] START R03358
  [11:21:50] mode=symmetry
    symmetry: solved=3/7
  [11:22:25] mode=local-mutant
    local-mutant: solved=10/10
  [11:23:06] mode=swap
    swap: solved=9/10
  [11:23:51] mode=group-reshuffle
    group-reshuffle: solved=8/10
  [11:24:35] mode=constrained-shuffle
    constrained-shuffle: solved=9/10
[11:25:14] DONE R03358
[11:25:14] SHARD END
[19:11:20] SHARD START 33 level(s)
[19:11:20] START P00031
  [19:11:20] mode=symmetry
    already have this (family + solve result exist) -- skipping regeneration/re-solve
  [19:11:20] mode=local-mutant
    already have this (family + solve result exist) -- skipping regeneration/re-solve
  [19:11:20] mode=swap
    already have this (family + solve result exist) -- skipping regeneration/re-solve
  [19:11:20] mode=group-reshuffle
    already have this (family + solve result exist) -- skipping regeneration/re-solve
  [19:11:20] mode=constrained-shuffle
    already have this (family + solve result exist) -- skipping regeneration/re-solve
[19:11:20] DONE P00031
[19:11:20] START P00091
  [19:11:20] mode=symmetry
    already have this (family + solve result exist) -- skipping regeneration/re-solve
  [19:11:20] mode=local-mutant
    already have this (family + solve result exist) -- skipping regeneration/re-solve
  [19:11:20] mode=swap
    already have this (family + solve result exist) -- skipping regeneration/re-solve
  [19:11:20] mode=group-reshuffle
    already have this (family + solve result exist) -- skipping regeneration/re-solve
  [19:11:20] mode=constrained-shuffle
    already have this (family + solve result exist) -- skipping regeneration/re-solve
[19:11:20] DONE P00091
[19:11:20] START P00151
  [19:11:20] mode=symmetry
    already have this (family + solve result exist) -- skipping regeneration/re-solve
  [19:11:20] mode=local-mutant
    already have this (family + solve result exist) -- skipping regeneration/re-solve
  [19:11:20] mode=swap
    already have this (family + solve result exist) -- skipping regeneration/re-solve
  [19:11:20] mode=group-reshuffle
    already have this (family + solve result exist) -- skipping regeneration/re-solve
  [19:11:20] mode=constrained-shuffle
    already have this (family + solve result exist) -- skipping regeneration/re-solve
[19:11:20] DONE P00151
[19:11:20] START R00760
  [19:11:20] mode=symmetry
    already have this (family + solve result exist) -- skipping regeneration/re-solve
  [19:11:20] mode=local-mutant
    already have this (family + solve result exist) -- skipping regeneration/re-solve
  [19:11:20] mode=swap
    already have this (family + solve result exist) -- skipping regeneration/re-solve
  [19:11:20] mode=group-reshuffle
    already have this (family + solve result exist) -- skipping regeneration/re-solve
  [19:11:20] mode=constrained-shuffle
    already have this (family + solve result exist) -- skipping regeneration/re-solve
[19:11:20] DONE R00760
[19:11:20] START R00082
  [19:11:20] mode=swap
    already have this (family + solve result exist) -- skipping regeneration/re-solve
  [19:11:20] mode=group-reshuffle
    already have this (family + solve result exist) -- skipping regeneration/re-solve
  [19:11:20] mode=constrained-shuffle
    already have this (family + solve result exist) -- skipping regeneration/re-solve
[19:11:20] DONE R00082
[19:11:20] START R00500
  [19:11:20] mode=swap
    already have this (family + solve result exist) -- skipping regeneration/re-solve
  [19:11:20] mode=group-reshuffle
    already have this (family + solve result exist) -- skipping regeneration/re-solve
  [19:11:20] mode=constrained-shuffle
    already have this (family + solve result exist) -- skipping regeneration/re-solve
[19:11:20] DONE R00500
[19:11:20] START R00817
  [19:11:20] mode=swap
    already have this (family + solve result exist) -- skipping regeneration/re-solve
  [19:11:20] mode=group-reshuffle
    already have this (family + solve result exist) -- skipping regeneration/re-solve
  [19:11:20] mode=constrained-shuffle
    already have this (family + solve result exist) -- skipping regeneration/re-solve
[19:11:20] DONE R00817
[19:11:20] START R01153
  [19:11:20] mode=symmetry
    already have this (family + solve result exist) -- skipping regeneration/re-solve
  [19:11:20] mode=local-mutant
    already have this (family + solve result exist) -- skipping regeneration/re-solve
  [19:11:20] mode=swap
    already have this (family + solve result exist) -- skipping regeneration/re-solve
  [19:11:20] mode=group-reshuffle
    already have this (family + solve result exist) -- skipping regeneration/re-solve
  [19:11:20] mode=constrained-shuffle
    already have this (family + solve result exist) -- skipping regeneration/re-solve
[19:11:20] DONE R01153
[19:11:20] START R01516
  [19:11:20] mode=swap
    already have this (family + solve result exist) -- skipping regeneration/re-solve
  [19:11:20] mode=group-reshuffle
    already have this (family + solve result exist) -- skipping regeneration/re-solve
  [19:11:20] mode=constrained-shuffle
    already have this (family + solve result exist) -- skipping regeneration/re-solve
[19:11:20] DONE R01516
[19:11:20] START R01860
  [19:11:20] mode=swap
    already have this (family + solve result exist) -- skipping regeneration/re-solve
  [19:11:20] mode=group-reshuffle
    already have this (family + solve result exist) -- skipping regeneration/re-solve
  [19:11:20] mode=constrained-shuffle
    already have this (family + solve result exist) -- skipping regeneration/re-solve
[19:11:20] DONE R01860
[19:11:20] START R02038
  [19:11:20] mode=symmetry
    already have this (family + solve result exist) -- skipping regeneration/re-solve
  [19:11:20] mode=local-mutant
    already have this (family + solve result exist) -- skipping regeneration/re-solve
  [19:11:20] mode=swap
    already have this (family + solve result exist) -- skipping regeneration/re-solve
  [19:11:20] mode=group-reshuffle
    already have this (family + solve result exist) -- skipping regeneration/re-solve
  [19:11:20] mode=constrained-shuffle
    already have this (family + solve result exist) -- skipping regeneration/re-solve
[19:11:20] DONE R02038
[19:11:20] START R02098
  [19:11:20] mode=symmetry
    already have this (family + solve result exist) -- skipping regeneration/re-solve
  [19:11:20] mode=local-mutant
    already have this (family + solve result exist) -- skipping regeneration/re-solve
  [19:11:20] mode=swap
    already have this (family + solve result exist) -- skipping regeneration/re-solve
  [19:11:20] mode=group-reshuffle
    already have this (family + solve result exist) -- skipping regeneration/re-solve
  [19:11:20] mode=constrained-shuffle
    already have this (family + solve result exist) -- skipping regeneration/re-solve
[19:11:20] DONE R02098
[19:11:20] START R02158
  [19:11:20] mode=symmetry
    already have this (family + solve result exist) -- skipping regeneration/re-solve
  [19:11:20] mode=local-mutant
    already have this (family + solve result exist) -- skipping regeneration/re-solve
  [19:11:20] mode=swap
    already have this (family + solve result exist) -- skipping regeneration/re-solve
  [19:11:20] mode=group-reshuffle
    already have this (family + solve result exist) -- skipping regeneration/re-solve
  [19:11:20] mode=constrained-shuffle
    already have this (family + solve result exist) -- skipping regeneration/re-solve
[19:11:20] DONE R02158
[19:11:20] START R02218
  [19:11:20] mode=symmetry
    already have this (family + solve result exist) -- skipping regeneration/re-solve
  [19:11:20] mode=local-mutant
    already have this (family + solve result exist) -- skipping regeneration/re-solve
  [19:11:20] mode=swap
    already have this (family + solve result exist) -- skipping regeneration/re-solve
  [19:11:20] mode=group-reshuffle
    already have this (family + solve result exist) -- skipping regeneration/re-solve
  [19:11:20] mode=constrained-shuffle
    already have this (family + solve result exist) -- skipping regeneration/re-solve
[19:11:20] DONE R02218
[19:11:20] START R02278
  [19:11:20] mode=swap
    already have this (family + solve result exist) -- skipping regeneration/re-solve
  [19:11:20] mode=group-reshuffle
    already have this (family + solve result exist) -- skipping regeneration/re-solve
  [19:11:20] mode=constrained-shuffle
    already have this (family + solve result exist) -- skipping regeneration/re-solve
[19:11:20] DONE R02278
[19:11:20] START R02338
  [19:11:20] mode=symmetry
    already have this (family + solve result exist) -- skipping regeneration/re-solve
  [19:11:20] mode=local-mutant
    already have this (family + solve result exist) -- skipping regeneration/re-solve
  [19:11:20] mode=swap
    already have this (family + solve result exist) -- skipping regeneration/re-solve
  [19:11:20] mode=group-reshuffle
    already have this (family + solve result exist) -- skipping regeneration/re-solve
  [19:11:20] mode=constrained-shuffle
    already have this (family + solve result exist) -- skipping regeneration/re-solve
[19:11:20] DONE R02338
[19:11:20] START R02398
  [19:11:20] mode=swap
    already have this (family + solve result exist) -- skipping regeneration/re-solve
  [19:11:20] mode=group-reshuffle
    already have this (family + solve result exist) -- skipping regeneration/re-solve
  [19:11:20] mode=constrained-shuffle
    already have this (family + solve result exist) -- skipping regeneration/re-solve
[19:11:20] DONE R02398
[19:11:20] START R02458
  [19:11:20] mode=swap
    already have this (family + solve result exist) -- skipping regeneration/re-solve
  [19:11:20] mode=group-reshuffle
    already have this (family + solve result exist) -- skipping regeneration/re-solve
  [19:11:20] mode=constrained-shuffle
    already have this (family + solve result exist) -- skipping regeneration/re-solve
[19:11:20] DONE R02458
[19:11:20] START R02518
  [19:11:20] mode=swap
    already have this (family + solve result exist) -- skipping regeneration/re-solve
  [19:11:20] mode=group-reshuffle
    already have this (family + solve result exist) -- skipping regeneration/re-solve
  [19:11:20] mode=constrained-shuffle
    already have this (family + solve result exist) -- skipping regeneration/re-solve
[19:11:20] DONE R02518
[19:11:20] START R02578
  [19:11:20] mode=swap
    already have this (family + solve result exist) -- skipping regeneration/re-solve
  [19:11:20] mode=group-reshuffle
    already have this (family + solve result exist) -- skipping regeneration/re-solve
  [19:11:20] mode=constrained-shuffle
    already have this (family + solve result exist) -- skipping regeneration/re-solve
[19:11:20] DONE R02578
[19:11:20] START R02638
  [19:11:20] mode=swap
    already have this (family + solve result exist) -- skipping regeneration/re-solve
  [19:11:20] mode=group-reshuffle
    already have this (family + solve result exist) -- skipping regeneration/re-solve
  [19:11:20] mode=constrained-shuffle
    already have this (family + solve result exist) -- skipping regeneration/re-solve
[19:11:20] DONE R02638
[19:11:20] START R02698
  [19:11:20] mode=symmetry
    already have this (family + solve result exist) -- skipping regeneration/re-solve
  [19:11:20] mode=local-mutant
    already have this (family + solve result exist) -- skipping regeneration/re-solve
  [19:11:20] mode=swap
    already have this (family + solve result exist) -- skipping regeneration/re-solve
  [19:11:20] mode=group-reshuffle
    already have this (family + solve result exist) -- skipping regeneration/re-solve
  [19:11:20] mode=constrained-shuffle
    already have this (family + solve result exist) -- skipping regeneration/re-solve
[19:11:20] DONE R02698
[19:11:20] START R02758
  [19:11:20] mode=swap
    already have this (family + solve result exist) -- skipping regeneration/re-solve
  [19:11:20] mode=group-reshuffle
    already have this (family + solve result exist) -- skipping regeneration/re-solve
  [19:11:20] mode=constrained-shuffle
    already have this (family + solve result exist) -- skipping regeneration/re-solve
[19:11:20] DONE R02758
[19:11:20] START R02818
  [19:11:20] mode=swap
    already have this (family + solve result exist) -- skipping regeneration/re-solve
  [19:11:20] mode=group-reshuffle
    already have this (family + solve result exist) -- skipping regeneration/re-solve
  [19:11:20] mode=constrained-shuffle
    already have this (family + solve result exist) -- skipping regeneration/re-solve
[19:11:20] DONE R02818
[19:11:20] START R02878
  [19:11:20] mode=symmetry
    already have this (family + solve result exist) -- skipping regeneration/re-solve
  [19:11:20] mode=local-mutant
    already have this (family + solve result exist) -- skipping regeneration/re-solve
  [19:11:20] mode=swap
    already have this (family + solve result exist) -- skipping regeneration/re-solve
  [19:11:20] mode=group-reshuffle
    already have this (family + solve result exist) -- skipping regeneration/re-solve
  [19:11:20] mode=constrained-shuffle
    already have this (family + solve result exist) -- skipping regeneration/re-solve
[19:11:20] DONE R02878
[19:11:20] START R02938
  [19:11:20] mode=swap
    already have this (family + solve result exist) -- skipping regeneration/re-solve
  [19:11:20] mode=group-reshuffle
    already have this (family + solve result exist) -- skipping regeneration/re-solve
  [19:11:20] mode=constrained-shuffle
    already have this (family + solve result exist) -- skipping regeneration/re-solve
[19:11:20] DONE R02938
[19:11:20] START R02998
  [19:11:20] mode=symmetry
    already have this (family + solve result exist) -- skipping regeneration/re-solve
  [19:11:20] mode=local-mutant
    already have this (family + solve result exist) -- skipping regeneration/re-solve
  [19:11:20] mode=swap
    already have this (family + solve result exist) -- skipping regeneration/re-solve
  [19:11:20] mode=group-reshuffle
    already have this (family + solve result exist) -- skipping regeneration/re-solve
  [19:11:20] mode=constrained-shuffle
    already have this (family + solve result exist) -- skipping regeneration/re-solve
[19:11:20] DONE R02998
[19:11:20] START R03058
  [19:11:20] mode=symmetry
    already have this (family + solve result exist) -- skipping regeneration/re-solve
  [19:11:20] mode=local-mutant
    already have this (family + solve result exist) -- skipping regeneration/re-solve
  [19:11:20] mode=swap
    already have this (family + solve result exist) -- skipping regeneration/re-solve
  [19:11:20] mode=group-reshuffle
    already have this (family + solve result exist) -- skipping regeneration/re-solve
  [19:11:20] mode=constrained-shuffle
    already have this (family + solve result exist) -- skipping regeneration/re-solve
[19:11:20] DONE R03058
[19:11:20] START R03118
  [19:11:20] mode=swap
    already have this (family + solve result exist) -- skipping regeneration/re-solve
  [19:11:20] mode=group-reshuffle
    already have this (family + solve result exist) -- skipping regeneration/re-solve
  [19:11:20] mode=constrained-shuffle
    already have this (family + solve result exist) -- skipping regeneration/re-solve
[19:11:20] DONE R03118
[19:11:20] START R03178
  [19:11:20] mode=swap
    already have this (family + solve result exist) -- skipping regeneration/re-solve
  [19:11:20] mode=group-reshuffle
    already have this (family + solve result exist) -- skipping regeneration/re-solve
  [19:11:20] mode=constrained-shuffle
    already have this (family + solve result exist) -- skipping regeneration/re-solve
[19:11:20] DONE R03178
[19:11:20] START R03238
  [19:11:20] mode=symmetry
    already have this (family + solve result exist) -- skipping regeneration/re-solve
  [19:11:20] mode=local-mutant
    already have this (family + solve result exist) -- skipping regeneration/re-solve
  [19:11:20] mode=swap
    already have this (family + solve result exist) -- skipping regeneration/re-solve
  [19:11:20] mode=group-reshuffle
    already have this (family + solve result exist) -- skipping regeneration/re-solve
  [19:11:20] mode=constrained-shuffle
    already have this (family + solve result exist) -- skipping regeneration/re-solve
[19:11:20] DONE R03238
[19:11:20] START R03298
  [19:11:20] mode=swap
    already have this (family + solve result exist) -- skipping regeneration/re-solve
  [19:11:20] mode=group-reshuffle
    already have this (family + solve result exist) -- skipping regeneration/re-solve
  [19:11:20] mode=constrained-shuffle
    already have this (family + solve result exist) -- skipping regeneration/re-solve
[19:11:20] DONE R03298
[19:11:20] START R03358
  [19:11:20] mode=symmetry
    already have this (family + solve result exist) -- skipping regeneration/re-solve
  [19:11:20] mode=local-mutant
    already have this (family + solve result exist) -- skipping regeneration/re-solve
  [19:11:20] mode=swap
    already have this (family + solve result exist) -- skipping regeneration/re-solve
  [19:11:20] mode=group-reshuffle
    already have this (family + solve result exist) -- skipping regeneration/re-solve
  [19:11:20] mode=constrained-shuffle
    already have this (family + solve result exist) -- skipping regeneration/re-solve
[19:11:20] DONE R03358
[19:11:20] SHARD END
