[07:46:50] SHARD START 33 level(s)
[07:46:50] START P00025
  [07:46:50] mode=symmetry
    symmetry: solved=7/7
  [07:46:54] mode=local-mutant
    generate produced 0 variants (no file written) -- skipping solve/hint-workbench
  [07:46:54] mode=swap
    swap: solved=0/0
  [07:46:55] mode=constrained-shuffle
    constrained-shuffle: solved=0/0
[07:46:56] DONE P00025
[07:46:56] START P00085
  [07:46:56] mode=symmetry
    symmetry: solved=7/7
  [07:47:00] mode=local-mutant
    local-mutant: solved=10/10
  [07:47:05] mode=swap
    swap: solved=0/0
  [07:47:06] mode=group-reshuffle
    group-reshuffle: solved=10/10
  [07:47:12] mode=constrained-shuffle
    constrained-shuffle: solved=10/10
[07:47:18] DONE P00085
[07:47:18] START P00145
  [07:47:18] mode=symmetry
    symmetry: solved=7/7
  [07:47:34] mode=local-mutant
    local-mutant: solved=10/10
  [07:47:53] mode=swap
    swap: solved=10/10
  [07:48:14] mode=group-reshuffle
    group-reshuffle: solved=10/10
  [07:48:33] mode=constrained-shuffle
    constrained-shuffle: solved=10/10
[07:48:47] DONE P00145
[07:48:47] START R00600
  [07:48:47] mode=symmetry
    symmetry: solved=7/7
  [07:49:01] mode=local-mutant
    local-mutant: solved=9/10
  [07:49:33] mode=swap
    swap: solved=9/10
  [07:50:04] mode=group-reshuffle
    group-reshuffle: solved=9/10
  [07:50:38] mode=constrained-shuffle
    constrained-shuffle: solved=7/10
[07:51:18] DONE R00600
[07:51:18] START R00044
  [07:51:18] mode=swap
    swap: solved=0/10
  [07:53:02] mode=group-reshuffle
    group-reshuffle: solved=0/10
  [07:54:48] mode=constrained-shuffle
    constrained-shuffle: solved=0/10
[07:56:31] DONE R00044
[07:56:31] START R00466
  [07:56:31] mode=swap
    swap: solved=0/10
  [07:58:10] mode=group-reshuffle
    group-reshuffle: solved=0/10
  [07:59:48] mode=constrained-shuffle
    constrained-shuffle: solved=0/10
[08:01:36] DONE R00466
[08:01:36] START R00765
  [08:01:36] mode=swap
    swap: solved=0/10
  [08:05:46] mode=group-reshuffle
    group-reshuffle: solved=0/10
  [08:09:53] mode=constrained-shuffle
    constrained-shuffle: solved=0/10
[08:13:47] DONE R00765
[08:13:47] START R01124
  [08:13:47] mode=symmetry
    symmetry: solved=3/7
  [08:15:09] mode=local-mutant
    local-mutant: solved=5/10
  [08:16:47] mode=swap
    swap: solved=3/10
  [08:18:42] mode=group-reshuffle
    group-reshuffle: solved=2/10
  [08:21:01] mode=constrained-shuffle
    constrained-shuffle: solved=3/10
[08:22:59] DONE R01124
[08:22:59] START R01492
  [08:22:59] mode=swap
    swap: solved=0/10
  [08:23:48] mode=group-reshuffle
    group-reshuffle: solved=0/10
  [08:24:38] mode=constrained-shuffle
    constrained-shuffle: solved=0/10
[08:25:26] DONE R01492
[08:25:26] START R01800
  [08:25:26] mode=swap
    swap: solved=3/10
  [08:27:20] mode=group-reshuffle
    group-reshuffle: solved=10/10
  [08:28:08] mode=constrained-shuffle
    constrained-shuffle: solved=9/10
[08:29:20] DONE R01800
[08:29:20] START R02032
  [08:29:20] mode=swap
    swap: solved=1/10
  [08:31:31] mode=group-reshuffle
    group-reshuffle: solved=1/10
  [08:33:36] mode=constrained-shuffle
    constrained-shuffle: solved=1/10
[08:35:45] DONE R02032
[08:35:45] START R02092
  [08:35:45] mode=swap
    swap: solved=0/10
  [08:38:24] mode=group-reshuffle
    group-reshuffle: solved=4/10
  [08:40:17] mode=constrained-shuffle
    constrained-shuffle: solved=8/10
[08:41:39] DONE R02092
[08:41:39] START R02152
  [08:41:39] mode=symmetry
    symmetry: solved=5/7
  [08:42:19] mode=local-mutant
    local-mutant: solved=6/10
  [08:43:27] mode=swap
    swap: solved=7/10
  [08:44:13] mode=group-reshuffle
    group-reshuffle: solved=10/10
  [08:45:03] mode=constrained-shuffle
    constrained-shuffle: solved=9/10
[08:45:40] DONE R02152
[08:45:40] START R02212
  [08:45:40] mode=symmetry
    symmetry: solved=7/7
  [08:46:03] mode=local-mutant
    local-mutant: solved=8/10
  [08:47:00] mode=swap
    swap: solved=10/10
  [08:47:32] mode=group-reshuffle
    group-reshuffle: solved=8/10
  [08:48:27] mode=constrained-shuffle
    constrained-shuffle: solved=8/10
[08:49:22] DONE R02212
[08:49:22] START R02272
  [08:49:22] mode=swap
    swap: solved=0/10
  [08:50:54] mode=group-reshuffle
    group-reshuffle: solved=0/10
  [08:52:29] mode=constrained-shuffle
    constrained-shuffle: solved=0/10
[08:54:02] DONE R02272
[08:54:02] START R02332
  [08:54:02] mode=symmetry
    symmetry: solved=7/7
  [08:55:05] mode=local-mutant
    local-mutant: solved=9/10
  [08:56:06] mode=swap
    swap: solved=10/10
  [08:56:32] mode=group-reshuffle
    group-reshuffle: solved=8/10
  [08:57:57] mode=constrained-shuffle
    constrained-shuffle: solved=8/10
[08:59:21] DONE R02332
[08:59:21] START R02392
  [08:59:21] mode=swap
    swap: solved=0/10
  [09:02:34] mode=group-reshuffle
    group-reshuffle: solved=3/10
  [09:05:31] mode=constrained-shuffle
    constrained-shuffle: solved=3/10
[09:08:26] DONE R02392
[09:08:26] START R02452
  [09:08:26] mode=symmetry
    symmetry: solved=3/7
  [09:09:13] mode=local-mutant
    local-mutant: solved=1/10
  [09:10:53] mode=swap
    swap: solved=5/10
  [09:11:58] mode=group-reshuffle
    group-reshuffle: solved=6/10
  [09:12:52] mode=constrained-shuffle
    constrained-shuffle: solved=4/10
[09:14:09] DONE R02452
[09:14:09] START R02512
  [09:14:09] mode=swap
    swap: solved=0/10
  [09:17:37] mode=group-reshuffle
    group-reshuffle: solved=1/10
  [09:21:07] mode=constrained-shuffle
    constrained-shuffle: solved=0/10
[09:24:30] DONE R02512
[09:24:30] START R02572
  [09:24:30] mode=symmetry
    symmetry: solved=7/7
  [09:24:38] mode=local-mutant
    local-mutant: solved=10/10
  [09:24:49] mode=swap
    swap: solved=10/10
  [09:25:01] mode=group-reshuffle
    group-reshuffle: solved=10/10
  [09:25:13] mode=constrained-shuffle
    constrained-shuffle: solved=9/10
[09:25:35] DONE R02572
[09:25:35] START R02632
  [09:25:35] mode=swap
    swap: solved=0/10
  [09:27:59] mode=group-reshuffle
    group-reshuffle: solved=0/10
  [09:30:24] mode=constrained-shuffle
    constrained-shuffle: solved=1/10
[09:32:36] DONE R02632
[09:32:36] START R02692
  [09:32:36] mode=swap
    swap: solved=0/10
  [09:36:50] mode=group-reshuffle
    group-reshuffle: solved=0/10
  [09:40:57] mode=constrained-shuffle
    constrained-shuffle: solved=0/10
[09:45:15] DONE R02692
[09:45:15] START R02752
  [09:45:15] mode=symmetry
    symmetry: solved=7/7
  [09:45:34] mode=local-mutant
    local-mutant: solved=10/10
  [09:46:00] mode=swap
    swap: solved=1/1
  [09:46:04] mode=group-reshuffle
    group-reshuffle: solved=10/10
  [09:46:29] mode=constrained-shuffle
    constrained-shuffle: solved=10/10
[09:46:47] DONE R02752
[09:46:47] START R02812
  [09:46:47] mode=symmetry
    symmetry: solved=7/7
  [09:47:10] mode=local-mutant
    local-mutant: solved=9/10
  [09:47:44] mode=swap
    swap: solved=10/10
  [09:48:18] mode=group-reshuffle
    group-reshuffle: solved=9/10
  [09:49:09] mode=constrained-shuffle
    constrained-shuffle: solved=8/10
[09:49:48] DONE R02812
[09:49:48] START R02872
  [09:49:48] mode=symmetry
    symmetry: solved=3/7
  [09:52:45] mode=local-mutant
    local-mutant: solved=8/10
  [09:55:43] mode=swap
    swap: solved=5/10
  [09:59:21] mode=group-reshuffle
    group-reshuffle: solved=1/10
  [10:03:58] mode=constrained-shuffle
    constrained-shuffle: solved=2/10
[10:08:02] DONE R02872
[10:08:02] START R02932
  [10:08:02] mode=swap
    swap: solved=0/10
  [10:10:46] mode=group-reshuffle
    group-reshuffle: solved=0/10
  [10:13:31] mode=constrained-shuffle
    constrained-shuffle: solved=0/10
[10:16:24] DONE R02932
[10:16:24] START R02992
  [10:16:24] mode=swap
    swap: solved=0/10
  [10:19:43] mode=group-reshuffle
    group-reshuffle: solved=3/10
  [10:22:27] mode=constrained-shuffle
    constrained-shuffle: solved=0/10
[10:25:49] DONE R02992
[10:25:49] START R03052
  [10:25:49] mode=swap
    swap: solved=1/10
  [10:27:14] mode=group-reshuffle
    group-reshuffle: solved=4/10
  [10:28:17] mode=constrained-shuffle
    constrained-shuffle: solved=5/10
[10:29:30] DONE R03052
[10:29:30] START R03112
  [10:29:30] mode=symmetry
    symmetry: solved=7/7
  [10:29:57] mode=local-mutant
    local-mutant: solved=9/10
  [10:30:43] mode=swap
    swap: solved=9/10
  [10:31:25] mode=group-reshuffle
    group-reshuffle: solved=9/10
  [10:32:19] mode=constrained-shuffle
    constrained-shuffle: solved=8/10
[10:33:10] DONE R03112
[10:33:10] START R03172
  [10:33:10] mode=swap
    swap: solved=0/10
  [10:36:56] mode=group-reshuffle
    group-reshuffle: solved=0/10
  [10:40:48] mode=constrained-shuffle
    constrained-shuffle: solved=0/10
[10:44:48] DONE R03172
[10:44:48] START R03232
  [10:44:48] mode=symmetry
    symmetry: solved=7/7
  [10:45:11] mode=local-mutant
    local-mutant: solved=8/10
  [10:45:43] mode=swap
    swap: solved=10/10
  [10:46:11] mode=group-reshuffle
    group-reshuffle: solved=6/10
  [10:46:55] mode=constrained-shuffle
    constrained-shuffle: solved=10/10
[10:47:27] DONE R03232
[10:47:27] START R03292
  [10:47:27] mode=swap
    swap: solved=0/10
  [10:51:16] mode=group-reshuffle
    group-reshuffle: solved=0/10
  [10:55:09] mode=constrained-shuffle
    constrained-shuffle: solved=0/10
[10:58:57] DONE R03292
[10:58:57] START R03352
  [10:58:57] mode=symmetry
    symmetry: solved=0/7
  [11:01:50] mode=local-mutant
    local-mutant: solved=0/10
  [11:05:54] mode=swap
    swap: solved=0/10
  [11:10:01] mode=group-reshuffle
    group-reshuffle: solved=2/10
  [11:13:35] mode=constrained-shuffle
    constrained-shuffle: solved=0/10
[11:17:30] DONE R03352
[11:17:30] SHARD END
