[04:12:50] SHARD START 33 level(s)
[04:12:50] START P00004
  [04:12:50] mode=symmetry
    symmetry: solved=3/3
  [04:12:52] mode=local-mutant
    local-mutant: solved=10/10
  [04:12:59] mode=swap
    swap: solved=0/0
  [04:13:00] mode=group-reshuffle
    group-reshuffle: solved=10/10
  [04:13:05] mode=constrained-shuffle
    constrained-shuffle: solved=10/10
[04:13:10] DONE P00004
[04:13:10] START P00064
  [04:13:10] mode=symmetry
    symmetry: solved=3/3
  [04:13:14] mode=local-mutant
    local-mutant: solved=10/10
  [04:13:22] mode=swap
    swap: solved=0/0
  [04:13:23] mode=group-reshuffle
    group-reshuffle: solved=10/10
  [04:13:29] mode=constrained-shuffle
    constrained-shuffle: solved=10/10
[04:13:36] DONE P00064
[04:13:36] START P00124
  [04:13:36] mode=symmetry
    symmetry: solved=7/7
  [04:13:41] mode=local-mutant
    local-mutant: solved=10/10
  [04:13:51] mode=swap
    swap: solved=0/0
  [04:13:52] mode=group-reshuffle
    group-reshuffle: solved=0/0
  [04:13:53] mode=constrained-shuffle
    constrained-shuffle: solved=10/10
[04:13:59] DONE P00124
[04:13:59] START R00045
  [04:13:59] mode=symmetry
    symmetry: solved=7/7
  [04:14:23] mode=local-mutant
    local-mutant: solved=10/10
  [04:14:54] mode=swap
    swap: solved=10/10
  [04:15:26] mode=group-reshuffle
    group-reshuffle: solved=10/10
  [04:15:49] mode=constrained-shuffle
    constrained-shuffle: solved=9/10
[04:16:19] DONE R00045
[04:16:19] START R01636
  [04:16:19] mode=symmetry
    symmetry: solved=7/7
  [04:16:24] mode=local-mutant
    local-mutant: solved=10/10
  [04:16:31] mode=swap
    swap: solved=10/10
  [04:16:37] mode=group-reshuffle
    group-reshuffle: solved=10/10
  [04:16:52] mode=constrained-shuffle
    constrained-shuffle: solved=10/10
[04:17:04] DONE R01636
[04:17:04] START R00323
  [04:17:04] mode=symmetry
    symmetry: solved=1/7
  [04:19:54] mode=local-mutant
    local-mutant: solved=5/10
  [04:22:39] mode=swap
    swap: solved=3/10
  [04:25:57] mode=group-reshuffle
    group-reshuffle: solved=0/0
  [04:25:58] mode=constrained-shuffle
    constrained-shuffle: solved=7/10
[04:27:51] DONE R00323
[04:27:51] START R00648
  [04:27:51] mode=symmetry
    symmetry: solved=3/7
  [04:28:56] mode=local-mutant
    local-mutant: solved=10/10
  [04:30:05] mode=swap
    swap: solved=0/0
  [04:30:06] mode=group-reshuffle
    group-reshuffle: solved=7/10
  [04:31:12] mode=constrained-shuffle
    constrained-shuffle: solved=7/10
[04:32:18] DONE R00648
[04:32:18] START R01012
  [04:32:18] mode=symmetry
    symmetry: solved=0/7
  [04:33:10] mode=local-mutant
    local-mutant: solved=0/10
  [04:34:36] mode=swap
    swap: solved=0/10
  [04:35:51] mode=group-reshuffle
    group-reshuffle: solved=1/10
  [04:37:02] mode=constrained-shuffle
    constrained-shuffle: solved=1/10
[04:38:15] DONE R01012
[04:38:15] START R01367
  [04:38:15] mode=swap
    swap: solved=0/10
  [04:39:22] mode=group-reshuffle
    group-reshuffle: solved=0/10
  [04:40:28] mode=constrained-shuffle
    constrained-shuffle: solved=0/10
[04:41:40] DONE R01367
[04:41:40] START R01706
  [04:41:40] mode=swap
    swap: solved=9/10
  [04:42:28] mode=group-reshuffle
    group-reshuffle: solved=6/10
  [04:43:45] mode=constrained-shuffle
    constrained-shuffle: solved=6/10
[04:45:15] DONE R01706
[04:45:15] START R02011
  [04:45:15] mode=swap
    swap: solved=0/10
  [04:46:54] mode=group-reshuffle
    group-reshuffle: solved=0/10
  [04:48:34] mode=constrained-shuffle
    constrained-shuffle: solved=0/10
[04:50:13] DONE R02011
[04:50:13] START R02071
  [04:50:13] mode=symmetry
    symmetry: solved=7/7
  [04:50:21] mode=local-mutant
    local-mutant: solved=10/10
  [04:50:39] mode=swap
    swap: solved=10/10
  [04:50:51] mode=group-reshuffle
    group-reshuffle: solved=10/10
  [04:51:11] mode=constrained-shuffle
    constrained-shuffle: solved=10/10
[04:51:29] DONE R02071
[04:51:29] START R02131
  [04:51:29] mode=swap
    swap: solved=0/10
  [04:52:51] mode=group-reshuffle
    group-reshuffle: solved=2/10
  [04:54:16] mode=constrained-shuffle
    constrained-shuffle: solved=3/10
[04:55:33] DONE R02131
[04:55:33] START R02191
  [04:55:33] mode=swap
    swap: solved=0/10
  [04:57:25] mode=group-reshuffle
    group-reshuffle: solved=1/10
  [04:59:10] mode=constrained-shuffle
    constrained-shuffle: solved=0/10
[05:01:11] DONE R02191
[05:01:11] START R02251
  [05:01:11] mode=swap
    swap: solved=0/10
  [05:03:47] mode=group-reshuffle
    group-reshuffle: solved=0/10
  [05:06:24] mode=constrained-shuffle
    constrained-shuffle: solved=0/10
[05:09:00] DONE R02251
[05:09:00] START R02311
  [05:09:00] mode=symmetry
    symmetry: solved=7/7
  [05:09:50] mode=local-mutant
    local-mutant: solved=8/10
  [05:11:24] mode=swap
    swap: solved=10/10
  [05:12:42] mode=group-reshuffle
    group-reshuffle: solved=7/10
  [05:14:26] mode=constrained-shuffle
    constrained-shuffle: solved=5/10
[05:16:07] DONE R02311
[05:16:07] START R02371
  [05:16:07] mode=swap
    swap: solved=4/10
  [05:17:18] mode=group-reshuffle
    group-reshuffle: solved=8/10
  [05:17:51] mode=constrained-shuffle
    constrained-shuffle: solved=6/10
[05:18:40] DONE R02371
[05:18:40] START R02431
  [05:18:40] mode=swap
    swap: solved=0/10
  [05:23:31] mode=group-reshuffle
    group-reshuffle: solved=0/10
  [05:28:26] mode=constrained-shuffle
    constrained-shuffle: solved=0/10
[05:33:19] DONE R02431
[05:33:19] START R02491
  [05:33:19] mode=symmetry
    symmetry: solved=2/7
  [05:34:49] mode=local-mutant
    local-mutant: solved=3/10
  [05:37:13] mode=swap
    swap: solved=5/10
  [05:39:27] mode=group-reshuffle
    group-reshuffle: solved=5/10
  [05:41:15] mode=constrained-shuffle
    constrained-shuffle: solved=2/10
[05:43:46] DONE R02491
[05:43:46] START R02551
  [05:43:46] mode=swap
    swap: solved=0/10
  [05:48:26] mode=group-reshuffle
    group-reshuffle: solved=0/10
  [05:53:05] mode=constrained-shuffle
    constrained-shuffle: solved=0/10
[05:57:35] DONE R02551
[05:57:35] START R02611
  [05:57:35] mode=symmetry
    symmetry: solved=1/7
  [06:00:25] mode=local-mutant
    local-mutant: solved=1/10
  [06:04:35] mode=swap
    swap: solved=1/10
  [06:08:26] mode=group-reshuffle
    group-reshuffle: solved=0/10
  [06:13:03] mode=constrained-shuffle
    constrained-shuffle: solved=2/10
[06:17:05] DONE R02611
[06:17:05] START R02671
  [06:17:05] mode=symmetry
    symmetry: solved=7/7
  [06:17:16] mode=local-mutant
    local-mutant: solved=9/10
  [06:17:45] mode=swap
    swap: solved=10/10
  [06:17:58] mode=group-reshuffle
    group-reshuffle: solved=5/10
  [06:19:06] mode=constrained-shuffle
    constrained-shuffle: solved=6/10
[06:19:59] DONE R02671
[06:19:59] START R02731
  [06:19:59] mode=symmetry
    symmetry: solved=4/7
  [06:21:25] mode=local-mutant
    local-mutant: solved=7/10
  [06:23:21] mode=swap
    swap: solved=5/10
  [06:25:19] mode=group-reshuffle
    group-reshuffle: solved=3/10
  [06:27:58] mode=constrained-shuffle
    constrained-shuffle: solved=3/10
[06:30:28] DONE R02731
[06:30:28] START R02791
  [06:30:28] mode=symmetry
    symmetry: solved=7/7
  [06:30:57] mode=local-mutant
    local-mutant: solved=10/10
  [06:31:22] mode=swap
    swap: solved=10/10
  [06:31:53] mode=group-reshuffle
    group-reshuffle: solved=10/10
  [06:32:02] mode=constrained-shuffle
    constrained-shuffle: solved=10/10
[06:32:31] DONE R02791
[06:32:31] START R02851
  [06:32:31] mode=symmetry
    symmetry: solved=7/7
  [06:32:45] mode=local-mutant
    local-mutant: solved=9/10
  [06:33:07] mode=swap
    swap: solved=0/0
  [06:33:08] mode=group-reshuffle
    group-reshuffle: solved=10/10
  [06:33:25] mode=constrained-shuffle
    constrained-shuffle: solved=7/10
[06:33:57] DONE R02851
[06:33:57] START R02911
  [06:33:57] mode=swap
    swap: solved=0/10
  [06:36:40] mode=group-reshuffle
    group-reshuffle: solved=2/10
  [06:39:06] mode=constrained-shuffle
    constrained-shuffle: solved=0/10
[06:41:49] DONE R02911
[06:41:49] START R02971
  [06:41:49] mode=symmetry
    symmetry: solved=0/7
  [06:42:46] mode=local-mutant
    local-mutant: solved=7/10
  [06:43:49] mode=swap
    swap: solved=4/10
  [06:44:56] mode=group-reshuffle
    group-reshuffle: solved=6/10
  [06:45:44] mode=constrained-shuffle
    constrained-shuffle: solved=3/10
[06:46:43] DONE R02971
[06:46:43] START R03031
  [06:46:43] mode=swap
    swap: solved=1/10
  [06:51:23] mode=group-reshuffle
    group-reshuffle: solved=4/10
  [06:54:59] mode=constrained-shuffle
    constrained-shuffle: solved=0/10
[06:59:45] DONE R03031
[06:59:45] START R03091
  [06:59:45] mode=symmetry
    symmetry: solved=7/7
  [06:59:59] mode=local-mutant
    local-mutant: solved=10/10
  [07:00:21] mode=swap
    swap: solved=10/10
  [07:00:45] mode=group-reshuffle
    group-reshuffle: solved=9/10
  [07:01:13] mode=constrained-shuffle
    constrained-shuffle: solved=10/10
[07:01:33] DONE R03091
[07:01:33] START R03151
  [07:01:33] mode=swap
    swap: solved=0/10
  [07:03:29] mode=group-reshuffle
    group-reshuffle: solved=0/10
  [07:05:17] mode=constrained-shuffle
    constrained-shuffle: solved=0/10
[07:07:08] DONE R03151
[07:07:08] START R03211
  [07:07:08] mode=symmetry
    symmetry: solved=2/7
  [07:08:20] mode=local-mutant
    local-mutant: solved=6/10
  [07:09:36] mode=swap
    swap: solved=1/10
  [07:11:33] mode=group-reshuffle
    group-reshuffle: solved=4/10
  [07:12:59] mode=constrained-shuffle
    constrained-shuffle: solved=1/10
[07:14:55] DONE R03211
[07:14:55] START R03271
  [07:14:55] mode=swap
    swap: solved=0/10
  [07:16:06] mode=group-reshuffle
    group-reshuffle: solved=8/10
  [07:16:34] mode=constrained-shuffle
    constrained-shuffle: solved=6/10
[07:17:13] DONE R03271
[07:17:13] START R03331
  [07:17:13] mode=swap
    swap: solved=0/10
  [07:19:51] mode=group-reshuffle
    group-reshuffle: solved=2/10
  [07:22:08] mode=constrained-shuffle
    constrained-shuffle: solved=0/10
[07:25:00] DONE R03331
[07:25:00] SHARD END
