[08:14:07] SHARD START 32 level(s)
[08:14:07] START P00051
  [08:14:07] mode=symmetry
    symmetry: solved=7/7
  [08:14:11] mode=local-mutant
    local-mutant: solved=10/10
  [08:14:16] mode=swap
    swap: solved=2/2
  [08:14:18] mode=group-reshuffle
    group-reshuffle: solved=10/10
  [08:14:24] mode=constrained-shuffle
    constrained-shuffle: solved=10/10
[08:14:29] DONE P00051
[08:14:29] START P00111
  [08:14:29] mode=symmetry
    symmetry: solved=3/3
  [08:14:32] mode=local-mutant
    local-mutant: solved=10/10
  [08:14:40] mode=swap
    swap: solved=0/0
  [08:14:41] mode=group-reshuffle
    group-reshuffle: solved=10/10
  [08:14:50] mode=constrained-shuffle
    constrained-shuffle: solved=10/10
[08:15:00] DONE P00111
[08:15:00] START S00087
  [08:15:00] mode=symmetry
    symmetry: solved=7/7
  [08:15:06] mode=local-mutant
    local-mutant: solved=10/10
  [08:15:17] mode=swap
    swap: solved=0/0
  [08:15:18] mode=group-reshuffle
    group-reshuffle: solved=10/10
  [08:15:33] mode=constrained-shuffle
    constrained-shuffle: solved=10/10
[08:15:47] DONE S00087
[08:15:47] START R01271
  [08:15:47] mode=symmetry
    symmetry: solved=7/7
  [08:16:46] mode=local-mutant
    local-mutant: solved=10/10
  [08:18:07] mode=swap
    swap: solved=10/10
  [08:19:11] mode=group-reshuffle
    group-reshuffle: solved=10/10
  [08:20:39] mode=constrained-shuffle
    constrained-shuffle: solved=10/10
[08:21:39] DONE R01271
[08:21:39] START R00238
  [08:21:39] mode=symmetry
    symmetry: solved=7/7
  [08:22:13] mode=local-mutant
    local-mutant: solved=10/10
  [08:22:58] mode=swap
    swap: solved=10/10
  [08:23:44] mode=group-reshuffle
    group-reshuffle: solved=10/10
  [08:24:28] mode=constrained-shuffle
    constrained-shuffle: solved=6/10
[08:25:14] DONE R00238
[08:25:14] START R00573
  [08:25:14] mode=swap
    swap: solved=0/10
  [08:29:54] mode=group-reshuffle
    group-reshuffle: solved=0/10
  [08:34:36] mode=constrained-shuffle
    constrained-shuffle: solved=0/10
[08:39:21] DONE R00573
[08:39:21] START R00963
  [08:39:21] mode=swap
    swap: solved=0/10
  [08:44:08] mode=group-reshuffle
    group-reshuffle: solved=0/10
  [08:49:09] mode=constrained-shuffle
    constrained-shuffle: solved=0/10
[08:53:55] DONE R00963
[08:53:55] START R01273
  [08:53:55] mode=swap
    swap: solved=0/10
  [08:58:41] mode=group-reshuffle
    group-reshuffle: solved=0/10
  [09:03:26] mode=constrained-shuffle
    constrained-shuffle: solved=0/10
[09:07:59] DONE R01273
[09:07:59] START R01632
  [09:07:59] mode=swap
    swap: solved=0/10
  [09:11:34] mode=group-reshuffle
    group-reshuffle: solved=1/10
  [09:15:03] mode=constrained-shuffle
    constrained-shuffle: solved=0/10
[09:18:32] DONE R01632
[09:18:32] START R01998
  [09:18:32] mode=swap
    swap: solved=0/10
  [09:23:27] mode=group-reshuffle
    group-reshuffle: solved=3/10
  [09:27:20] mode=constrained-shuffle
    constrained-shuffle: solved=3/10
[09:31:24] DONE R01998
[09:31:24] START R02058
  [09:31:24] mode=swap
    swap: solved=0/10
  [09:33:50] mode=group-reshuffle
    group-reshuffle: solved=0/10
  [09:36:23] mode=constrained-shuffle
    constrained-shuffle: solved=0/10
[09:38:49] DONE R02058
[09:38:49] START R02118
  [09:38:49] mode=swap
    swap: solved=0/10
  [09:42:53] mode=group-reshuffle
    group-reshuffle: solved=1/10
  [09:46:52] mode=constrained-shuffle
    constrained-shuffle: solved=3/10
[09:50:00] DONE R02118
[09:50:00] START R02178
  [09:50:00] mode=symmetry
    symmetry: solved=3/7
  [09:51:30] mode=local-mutant
    local-mutant: solved=1/10
  [09:54:02] mode=swap
    swap: solved=0/10
  [09:56:47] mode=group-reshuffle
    group-reshuffle: solved=1/10
  [09:59:19] mode=constrained-shuffle
    constrained-shuffle: solved=1/10
[10:02:01] DONE R02178
[10:02:01] START R02238
  [10:02:01] mode=symmetry
    symmetry: solved=6/7
  [10:03:35] mode=local-mutant
    local-mutant: solved=7/10
  [10:06:10] mode=swap
    swap: solved=9/10
  [10:08:40] mode=group-reshuffle
    group-reshuffle: solved=10/10
  [10:10:21] mode=constrained-shuffle
    constrained-shuffle: solved=7/10
[10:12:18] DONE R02238
[10:12:18] START R02298
  [10:12:18] mode=swap
    swap: solved=0/10
  [10:14:19] mode=group-reshuffle
    group-reshuffle: solved=0/10
  [10:16:18] mode=constrained-shuffle
    constrained-shuffle: solved=0/10
[10:18:18] DONE R02298
[10:18:18] START R02358
  [10:18:18] mode=symmetry
    symmetry: solved=7/7
  [10:19:04] mode=local-mutant
    local-mutant: solved=10/10
  [10:20:09] mode=swap
    swap: solved=10/10
  [10:21:45] mode=group-reshuffle
    group-reshuffle: solved=6/10
  [10:23:56] mode=constrained-shuffle
    constrained-shuffle: solved=8/10
[10:25:07] DONE R02358
[10:25:07] START R02418
  [10:25:07] mode=symmetry
    symmetry: solved=7/7
  [10:26:55] mode=local-mutant
    local-mutant: solved=4/10
  [10:29:58] mode=swap
    swap: solved=8/10
  [10:32:32] mode=group-reshuffle
    group-reshuffle: solved=0/10
  [10:36:03] mode=constrained-shuffle
    constrained-shuffle: solved=5/10
[10:38:22] DONE R02418
[10:38:22] START R02478
  [10:38:22] mode=symmetry
    symmetry: solved=7/7
  [10:38:32] mode=local-mutant
    local-mutant: solved=5/10
  [10:39:19] mode=swap
    swap: solved=7/10
  [10:39:49] mode=group-reshuffle
    group-reshuffle: solved=2/10
  [10:40:50] mode=constrained-shuffle
    constrained-shuffle: solved=8/10
[10:41:16] DONE R02478
[10:41:16] START R02538
  [10:41:16] mode=swap
    swap: solved=0/10
  [10:46:18] mode=group-reshuffle
    group-reshuffle: solved=0/10
  [10:51:23] mode=constrained-shuffle
    constrained-shuffle: solved=0/10
[10:56:15] DONE R02538
[10:56:15] START R02598
  [10:56:15] mode=swap
    swap: solved=0/10
  [10:57:55] mode=group-reshuffle
    group-reshuffle: solved=0/10
  [10:59:26] mode=constrained-shuffle
    constrained-shuffle: solved=5/10
[11:00:25] DONE R02598
[11:00:25] START R02658
  [11:00:25] mode=swap
    swap: solved=0/10
  [11:02:31] mode=group-reshuffle
    group-reshuffle: solved=0/10
  [11:04:36] mode=constrained-shuffle
    constrained-shuffle: solved=0/10
[11:06:38] DONE R02658
[11:06:38] START R02718
  [11:06:38] mode=symmetry
    symmetry: solved=7/7
  [11:06:56] mode=local-mutant
    local-mutant: solved=10/10
  [11:07:17] mode=swap
    swap: solved=9/10
  [11:07:45] mode=group-reshuffle
    group-reshuffle: solved=7/10
  [11:08:21] mode=constrained-shuffle
    constrained-shuffle: solved=8/10
[11:08:54] DONE R02718
[11:08:54] START R02778
  [11:08:54] mode=symmetry
    symmetry: solved=7/7
  [11:09:20] mode=local-mutant
    local-mutant: solved=10/10
  [11:09:57] mode=swap
    swap: solved=10/10
  [11:10:34] mode=group-reshuffle
    group-reshuffle: solved=10/10
  [11:10:59] mode=constrained-shuffle
    constrained-shuffle: solved=8/10
[11:11:16] DONE R02778
[11:11:16] START R02838
  [11:11:16] mode=swap
    swap: solved=0/10
  [11:12:50] mode=group-reshuffle
    group-reshuffle: solved=0/10
  [11:14:26] mode=constrained-shuffle
    constrained-shuffle: solved=0/10
[11:15:59] DONE R02838
[11:15:59] START R02898
  [11:15:59] mode=symmetry
    symmetry: solved=7/7
  [11:16:32] mode=local-mutant
    local-mutant: solved=10/10
  [11:17:19] mode=swap
    swap: solved=10/10
  [11:18:01] mode=group-reshuffle
    group-reshuffle: solved=7/10
  [11:18:52] mode=constrained-shuffle
    constrained-shuffle: solved=9/10
[11:19:36] DONE R02898
[11:19:36] START R02958
  [11:19:36] mode=symmetry
    symmetry: solved=6/7
  [11:19:54] mode=local-mutant
    local-mutant: solved=6/10
  [11:20:32] mode=swap
    swap: solved=9/10
  [11:21:08] mode=group-reshuffle
    group-reshuffle: solved=10/10
  [11:21:41] mode=constrained-shuffle
    constrained-shuffle: solved=7/10
[11:22:21] DONE R02958
[11:22:21] START R03018
  [11:22:21] mode=symmetry
    symmetry: solved=7/7
  [11:23:01] mode=local-mutant
    local-mutant: solved=10/10
  [11:23:57] mode=swap
    swap: solved=10/10
  [11:24:56] mode=group-reshuffle
    group-reshuffle: solved=8/10
  [11:25:37] mode=constrained-shuffle
    constrained-shuffle: solved=9/10
[11:26:19] DONE R03018
[11:26:19] START R03078
  [11:26:19] mode=swap
    swap: solved=0/10
  [11:27:52] mode=group-reshuffle
    group-reshuffle: solved=1/10
  [11:29:29] mode=constrained-shuffle
    constrained-shuffle: solved=0/10
[11:30:57] DONE R03078
[11:30:57] START R03138
  [11:30:57] mode=symmetry
    symmetry: solved=1/7
  [11:31:50] mode=local-mutant
    local-mutant: solved=2/10
  [11:32:58] mode=swap
    swap: solved=2/10
  [11:34:13] mode=group-reshuffle
    group-reshuffle: solved=2/10
  [11:35:37] mode=constrained-shuffle
    constrained-shuffle: solved=2/10
[11:36:48] DONE R03138
[11:36:48] START R03198
  [11:36:48] mode=swap
    swap: solved=0/10
  [11:38:12] mode=group-reshuffle
    group-reshuffle: solved=1/10
  [11:39:41] mode=constrained-shuffle
    constrained-shuffle: solved=2/10
[11:41:08] DONE R03198
[11:41:08] START R03258
  [11:41:08] mode=symmetry
    symmetry: solved=7/7
  [11:41:18] mode=local-mutant
    local-mutant: solved=10/10
  [11:41:30] mode=swap
    swap: solved=10/10
  [11:41:42] mode=group-reshuffle
    group-reshuffle: solved=10/10
  [11:41:54] mode=constrained-shuffle
    constrained-shuffle: solved=10/10
[11:42:12] DONE R03258
[11:42:12] START R03318
  [11:42:12] mode=swap
    swap: solved=0/10
  [11:43:33] mode=group-reshuffle
    group-reshuffle: solved=0/10
  [11:44:52] mode=constrained-shuffle
    constrained-shuffle: solved=0/10
[11:46:18] DONE R03318
[11:46:18] SHARD END
[19:12:39] SHARD START 32 level(s)
[19:12:39] START P00051
  [19:12:39] mode=symmetry
    already have this (family + solve result exist) -- skipping regeneration/re-solve
  [19:12:39] mode=local-mutant
    already have this (family + solve result exist) -- skipping regeneration/re-solve
  [19:12:39] mode=swap
    already have this (family + solve result exist) -- skipping regeneration/re-solve
  [19:12:39] mode=group-reshuffle
    already have this (family + solve result exist) -- skipping regeneration/re-solve
  [19:12:39] mode=constrained-shuffle
    already have this (family + solve result exist) -- skipping regeneration/re-solve
[19:12:39] DONE P00051
[19:12:39] START P00111
  [19:12:39] mode=symmetry
    already have this (family + solve result exist) -- skipping regeneration/re-solve
  [19:12:39] mode=local-mutant
    already have this (family + solve result exist) -- skipping regeneration/re-solve
  [19:12:39] mode=swap
    already have this (family + solve result exist) -- skipping regeneration/re-solve
  [19:12:39] mode=group-reshuffle
    already have this (family + solve result exist) -- skipping regeneration/re-solve
  [19:12:39] mode=constrained-shuffle
    already have this (family + solve result exist) -- skipping regeneration/re-solve
[19:12:39] DONE P00111
[19:12:39] START S00087
  [19:12:39] mode=symmetry
    already have this (family + solve result exist) -- skipping regeneration/re-solve
  [19:12:39] mode=local-mutant
    already have this (family + solve result exist) -- skipping regeneration/re-solve
  [19:12:39] mode=swap
    already have this (family + solve result exist) -- skipping regeneration/re-solve
  [19:12:39] mode=group-reshuffle
    already have this (family + solve result exist) -- skipping regeneration/re-solve
  [19:12:39] mode=constrained-shuffle
    already have this (family + solve result exist) -- skipping regeneration/re-solve
[19:12:39] DONE S00087
[19:12:39] START R01271
  [19:12:39] mode=symmetry
    already have this (family + solve result exist) -- skipping regeneration/re-solve
  [19:12:39] mode=local-mutant
    already have this (family + solve result exist) -- skipping regeneration/re-solve
  [19:12:39] mode=swap
    already have this (family + solve result exist) -- skipping regeneration/re-solve
  [19:12:39] mode=group-reshuffle
    already have this (family + solve result exist) -- skipping regeneration/re-solve
  [19:12:39] mode=constrained-shuffle
    already have this (family + solve result exist) -- skipping regeneration/re-solve
[19:12:39] DONE R01271
[19:12:39] START R00238
  [19:12:39] mode=symmetry
    already have this (family + solve result exist) -- skipping regeneration/re-solve
  [19:12:39] mode=local-mutant
    already have this (family + solve result exist) -- skipping regeneration/re-solve
  [19:12:39] mode=swap
    already have this (family + solve result exist) -- skipping regeneration/re-solve
  [19:12:39] mode=group-reshuffle
    already have this (family + solve result exist) -- skipping regeneration/re-solve
  [19:12:39] mode=constrained-shuffle
    already have this (family + solve result exist) -- skipping regeneration/re-solve
[19:12:39] DONE R00238
[19:12:39] START R00573
  [19:12:39] mode=swap
    already have this (family + solve result exist) -- skipping regeneration/re-solve
  [19:12:39] mode=group-reshuffle
    already have this (family + solve result exist) -- skipping regeneration/re-solve
  [19:12:39] mode=constrained-shuffle
    already have this (family + solve result exist) -- skipping regeneration/re-solve
[19:12:39] DONE R00573
[19:12:39] START R00963
  [19:12:39] mode=swap
    already have this (family + solve result exist) -- skipping regeneration/re-solve
  [19:12:39] mode=group-reshuffle
    already have this (family + solve result exist) -- skipping regeneration/re-solve
  [19:12:39] mode=constrained-shuffle
    already have this (family + solve result exist) -- skipping regeneration/re-solve
[19:12:39] DONE R00963
[19:12:39] START R01273
  [19:12:39] mode=swap
    already have this (family + solve result exist) -- skipping regeneration/re-solve
  [19:12:39] mode=group-reshuffle
    already have this (family + solve result exist) -- skipping regeneration/re-solve
  [19:12:39] mode=constrained-shuffle
    already have this (family + solve result exist) -- skipping regeneration/re-solve
[19:12:39] DONE R01273
[19:12:39] START R01632
  [19:12:39] mode=swap
    already have this (family + solve result exist) -- skipping regeneration/re-solve
  [19:12:39] mode=group-reshuffle
    already have this (family + solve result exist) -- skipping regeneration/re-solve
  [19:12:39] mode=constrained-shuffle
    already have this (family + solve result exist) -- skipping regeneration/re-solve
[19:12:39] DONE R01632
[19:12:39] START R01998
  [19:12:39] mode=swap
    already have this (family + solve result exist) -- skipping regeneration/re-solve
  [19:12:39] mode=group-reshuffle
    already have this (family + solve result exist) -- skipping regeneration/re-solve
  [19:12:39] mode=constrained-shuffle
    already have this (family + solve result exist) -- skipping regeneration/re-solve
[19:12:39] DONE R01998
[19:12:39] START R02058
  [19:12:39] mode=swap
    already have this (family + solve result exist) -- skipping regeneration/re-solve
  [19:12:39] mode=group-reshuffle
    already have this (family + solve result exist) -- skipping regeneration/re-solve
  [19:12:39] mode=constrained-shuffle
    already have this (family + solve result exist) -- skipping regeneration/re-solve
[19:12:39] DONE R02058
[19:12:39] START R02118
  [19:12:39] mode=swap
    already have this (family + solve result exist) -- skipping regeneration/re-solve
  [19:12:39] mode=group-reshuffle
    already have this (family + solve result exist) -- skipping regeneration/re-solve
  [19:12:39] mode=constrained-shuffle
    already have this (family + solve result exist) -- skipping regeneration/re-solve
[19:12:39] DONE R02118
[19:12:39] START R02178
  [19:12:39] mode=symmetry
    already have this (family + solve result exist) -- skipping regeneration/re-solve
  [19:12:39] mode=local-mutant
    already have this (family + solve result exist) -- skipping regeneration/re-solve
  [19:12:39] mode=swap
    already have this (family + solve result exist) -- skipping regeneration/re-solve
  [19:12:39] mode=group-reshuffle
    already have this (family + solve result exist) -- skipping regeneration/re-solve
  [19:12:39] mode=constrained-shuffle
    already have this (family + solve result exist) -- skipping regeneration/re-solve
[19:12:39] DONE R02178
[19:12:39] START R02238
  [19:12:39] mode=symmetry
    already have this (family + solve result exist) -- skipping regeneration/re-solve
  [19:12:39] mode=local-mutant
    already have this (family + solve result exist) -- skipping regeneration/re-solve
  [19:12:39] mode=swap
    already have this (family + solve result exist) -- skipping regeneration/re-solve
  [19:12:39] mode=group-reshuffle
    already have this (family + solve result exist) -- skipping regeneration/re-solve
  [19:12:39] mode=constrained-shuffle
    already have this (family + solve result exist) -- skipping regeneration/re-solve
[19:12:39] DONE R02238
[19:12:39] START R02298
  [19:12:39] mode=swap
    already have this (family + solve result exist) -- skipping regeneration/re-solve
  [19:12:39] mode=group-reshuffle
    already have this (family + solve result exist) -- skipping regeneration/re-solve
  [19:12:39] mode=constrained-shuffle
    already have this (family + solve result exist) -- skipping regeneration/re-solve
[19:12:39] DONE R02298
[19:12:39] START R02358
  [19:12:39] mode=symmetry
    already have this (family + solve result exist) -- skipping regeneration/re-solve
  [19:12:39] mode=local-mutant
    already have this (family + solve result exist) -- skipping regeneration/re-solve
  [19:12:39] mode=swap
    already have this (family + solve result exist) -- skipping regeneration/re-solve
  [19:12:39] mode=group-reshuffle
    already have this (family + solve result exist) -- skipping regeneration/re-solve
  [19:12:39] mode=constrained-shuffle
    already have this (family + solve result exist) -- skipping regeneration/re-solve
[19:12:39] DONE R02358
[19:12:39] START R02418
  [19:12:39] mode=symmetry
    already have this (family + solve result exist) -- skipping regeneration/re-solve
  [19:12:39] mode=local-mutant
    already have this (family + solve result exist) -- skipping regeneration/re-solve
  [19:12:39] mode=swap
    already have this (family + solve result exist) -- skipping regeneration/re-solve
  [19:12:39] mode=group-reshuffle
    already have this (family + solve result exist) -- skipping regeneration/re-solve
  [19:12:39] mode=constrained-shuffle
    already have this (family + solve result exist) -- skipping regeneration/re-solve
[19:12:39] DONE R02418
[19:12:39] START R02478
  [19:12:39] mode=symmetry
    already have this (family + solve result exist) -- skipping regeneration/re-solve
  [19:12:39] mode=local-mutant
    already have this (family + solve result exist) -- skipping regeneration/re-solve
  [19:12:39] mode=swap
    already have this (family + solve result exist) -- skipping regeneration/re-solve
  [19:12:39] mode=group-reshuffle
    already have this (family + solve result exist) -- skipping regeneration/re-solve
  [19:12:39] mode=constrained-shuffle
    already have this (family + solve result exist) -- skipping regeneration/re-solve
[19:12:39] DONE R02478
[19:12:39] START R02538
  [19:12:39] mode=swap
    already have this (family + solve result exist) -- skipping regeneration/re-solve
  [19:12:39] mode=group-reshuffle
    already have this (family + solve result exist) -- skipping regeneration/re-solve
  [19:12:39] mode=constrained-shuffle
    already have this (family + solve result exist) -- skipping regeneration/re-solve
[19:12:39] DONE R02538
[19:12:39] START R02598
  [19:12:39] mode=swap
    already have this (family + solve result exist) -- skipping regeneration/re-solve
  [19:12:39] mode=group-reshuffle
    already have this (family + solve result exist) -- skipping regeneration/re-solve
  [19:12:39] mode=constrained-shuffle
    already have this (family + solve result exist) -- skipping regeneration/re-solve
[19:12:39] DONE R02598
[19:12:39] START R02658
  [19:12:39] mode=swap
    already have this (family + solve result exist) -- skipping regeneration/re-solve
  [19:12:39] mode=group-reshuffle
    already have this (family + solve result exist) -- skipping regeneration/re-solve
  [19:12:39] mode=constrained-shuffle
    already have this (family + solve result exist) -- skipping regeneration/re-solve
[19:12:39] DONE R02658
[19:12:39] START R02718
  [19:12:39] mode=symmetry
    already have this (family + solve result exist) -- skipping regeneration/re-solve
  [19:12:39] mode=local-mutant
    already have this (family + solve result exist) -- skipping regeneration/re-solve
  [19:12:39] mode=swap
    already have this (family + solve result exist) -- skipping regeneration/re-solve
  [19:12:39] mode=group-reshuffle
    already have this (family + solve result exist) -- skipping regeneration/re-solve
  [19:12:39] mode=constrained-shuffle
    already have this (family + solve result exist) -- skipping regeneration/re-solve
[19:12:39] DONE R02718
[19:12:39] START R02778
  [19:12:39] mode=symmetry
    already have this (family + solve result exist) -- skipping regeneration/re-solve
  [19:12:39] mode=local-mutant
    already have this (family + solve result exist) -- skipping regeneration/re-solve
  [19:12:39] mode=swap
    already have this (family + solve result exist) -- skipping regeneration/re-solve
  [19:12:39] mode=group-reshuffle
    already have this (family + solve result exist) -- skipping regeneration/re-solve
  [19:12:39] mode=constrained-shuffle
    already have this (family + solve result exist) -- skipping regeneration/re-solve
[19:12:39] DONE R02778
[19:12:39] START R02838
  [19:12:39] mode=swap
    already have this (family + solve result exist) -- skipping regeneration/re-solve
  [19:12:39] mode=group-reshuffle
    already have this (family + solve result exist) -- skipping regeneration/re-solve
  [19:12:39] mode=constrained-shuffle
    already have this (family + solve result exist) -- skipping regeneration/re-solve
[19:12:39] DONE R02838
[19:12:39] START R02898
  [19:12:39] mode=symmetry
    already have this (family + solve result exist) -- skipping regeneration/re-solve
  [19:12:39] mode=local-mutant
    already have this (family + solve result exist) -- skipping regeneration/re-solve
  [19:12:39] mode=swap
    already have this (family + solve result exist) -- skipping regeneration/re-solve
  [19:12:39] mode=group-reshuffle
    already have this (family + solve result exist) -- skipping regeneration/re-solve
  [19:12:39] mode=constrained-shuffle
    already have this (family + solve result exist) -- skipping regeneration/re-solve
[19:12:39] DONE R02898
[19:12:39] START R02958
  [19:12:39] mode=symmetry
    already have this (family + solve result exist) -- skipping regeneration/re-solve
  [19:12:39] mode=local-mutant
    already have this (family + solve result exist) -- skipping regeneration/re-solve
  [19:12:39] mode=swap
    already have this (family + solve result exist) -- skipping regeneration/re-solve
  [19:12:39] mode=group-reshuffle
    already have this (family + solve result exist) -- skipping regeneration/re-solve
  [19:12:39] mode=constrained-shuffle
    already have this (family + solve result exist) -- skipping regeneration/re-solve
[19:12:39] DONE R02958
[19:12:39] START R03018
  [19:12:39] mode=symmetry
    already have this (family + solve result exist) -- skipping regeneration/re-solve
  [19:12:39] mode=local-mutant
    already have this (family + solve result exist) -- skipping regeneration/re-solve
  [19:12:39] mode=swap
    already have this (family + solve result exist) -- skipping regeneration/re-solve
  [19:12:39] mode=group-reshuffle
    already have this (family + solve result exist) -- skipping regeneration/re-solve
  [19:12:39] mode=constrained-shuffle
    already have this (family + solve result exist) -- skipping regeneration/re-solve
[19:12:39] DONE R03018
[19:12:39] START R03078
  [19:12:39] mode=swap
    already have this (family + solve result exist) -- skipping regeneration/re-solve
  [19:12:39] mode=group-reshuffle
    already have this (family + solve result exist) -- skipping regeneration/re-solve
  [19:12:39] mode=constrained-shuffle
    already have this (family + solve result exist) -- skipping regeneration/re-solve
[19:12:39] DONE R03078
[19:12:39] START R03138
  [19:12:39] mode=symmetry
    already have this (family + solve result exist) -- skipping regeneration/re-solve
  [19:12:39] mode=local-mutant
    already have this (family + solve result exist) -- skipping regeneration/re-solve
  [19:12:39] mode=swap
    already have this (family + solve result exist) -- skipping regeneration/re-solve
  [19:12:39] mode=group-reshuffle
    already have this (family + solve result exist) -- skipping regeneration/re-solve
  [19:12:39] mode=constrained-shuffle
    already have this (family + solve result exist) -- skipping regeneration/re-solve
[19:12:39] DONE R03138
[19:12:39] START R03198
  [19:12:39] mode=swap
    already have this (family + solve result exist) -- skipping regeneration/re-solve
  [19:12:39] mode=group-reshuffle
    already have this (family + solve result exist) -- skipping regeneration/re-solve
  [19:12:39] mode=constrained-shuffle
    already have this (family + solve result exist) -- skipping regeneration/re-solve
[19:12:39] DONE R03198
[19:12:39] START R03258
  [19:12:39] mode=symmetry
    already have this (family + solve result exist) -- skipping regeneration/re-solve
  [19:12:39] mode=local-mutant
    already have this (family + solve result exist) -- skipping regeneration/re-solve
  [19:12:39] mode=swap
    already have this (family + solve result exist) -- skipping regeneration/re-solve
  [19:12:39] mode=group-reshuffle
    already have this (family + solve result exist) -- skipping regeneration/re-solve
  [19:12:39] mode=constrained-shuffle
    already have this (family + solve result exist) -- skipping regeneration/re-solve
[19:12:39] DONE R03258
[19:12:39] START R03318
  [19:12:39] mode=swap
    already have this (family + solve result exist) -- skipping regeneration/re-solve
  [19:12:39] mode=group-reshuffle
    already have this (family + solve result exist) -- skipping regeneration/re-solve
  [19:12:39] mode=constrained-shuffle
    already have this (family + solve result exist) -- skipping regeneration/re-solve
[19:12:39] DONE R03318
[19:12:39] SHARD END
