[11:21:28] SHARD START 32 level(s)
[11:21:28] START P00060
  [11:21:28] mode=symmetry
    symmetry: solved=7/7
  [11:21:32] mode=local-mutant
    local-mutant: solved=10/10
  [11:21:37] mode=swap
    swap: solved=0/0
  [11:21:38] mode=group-reshuffle
    group-reshuffle: solved=10/10
  [11:21:43] mode=constrained-shuffle
    constrained-shuffle: solved=10/10
[11:21:50] DONE P00060
[11:21:50] START P00120
  [11:21:50] mode=symmetry
    symmetry: solved=7/7
  [11:21:58] mode=local-mutant
    local-mutant: solved=10/10
  [11:22:08] mode=swap
    swap: solved=10/10
  [11:22:18] mode=group-reshuffle
    group-reshuffle: solved=10/10
  [11:22:29] mode=constrained-shuffle
    constrained-shuffle: solved=10/10
[11:22:42] DONE P00120
[11:22:42] START S00115
  [11:22:42] mode=symmetry
    symmetry: solved=7/7
  [11:22:46] mode=local-mutant
    local-mutant: solved=10/10
  [11:22:53] mode=swap
    swap: solved=0/0
  [11:22:54] mode=group-reshuffle
    group-reshuffle: solved=10/10
  [11:23:01] mode=constrained-shuffle
    constrained-shuffle: solved=10/10
[11:23:08] DONE S00115
[11:23:08] START R01570
  [11:23:08] mode=symmetry
    symmetry: solved=7/7
  [11:23:19] mode=local-mutant
    local-mutant: solved=10/10
  [11:23:33] mode=swap
    swap: solved=10/10
  [11:23:48] mode=group-reshuffle
    group-reshuffle: solved=10/10
  [11:24:02] mode=constrained-shuffle
    constrained-shuffle: solved=10/10
[11:24:16] DONE R01570
[11:24:16] START R00306
  [11:24:16] mode=swap
    swap: solved=0/10
  [11:26:59] mode=group-reshuffle
    group-reshuffle: solved=1/10
  [11:29:36] mode=constrained-shuffle
    constrained-shuffle: solved=0/10
[11:32:11] DONE R00306
[11:32:11] START R00635
  [11:32:11] mode=symmetry
    symmetry: solved=0/7
  [11:34:49] mode=local-mutant
    local-mutant: solved=1/10
  [11:38:33] mode=swap
    swap: solved=0/10
  [11:42:25] mode=group-reshuffle
    group-reshuffle: solved=1/10
  [11:46:11] mode=constrained-shuffle
    constrained-shuffle: solved=1/10
[11:49:36] DONE R00635
[11:49:36] START R01000
  [11:49:36] mode=swap
    swap: solved=0/10
  [11:51:29] mode=group-reshuffle
    group-reshuffle: solved=0/10
  [11:53:15] mode=constrained-shuffle
    constrained-shuffle: solved=0/10
[11:54:51] DONE R01000
[11:54:51] START R01342
  [11:54:51] mode=swap
    swap: solved=1/10
  [11:56:28] mode=group-reshuffle
    group-reshuffle: solved=4/10
  [11:57:54] mode=constrained-shuffle
    constrained-shuffle: solved=1/10
[11:59:21] DONE R01342
[11:59:21] START R01683
  [11:59:21] mode=swap
    swap: solved=0/10
  [12:01:37] mode=group-reshuffle
    group-reshuffle: solved=1/10
  [12:03:57] mode=constrained-shuffle
    constrained-shuffle: solved=0/10
[12:06:16] DONE R01683
[12:06:16] START R02007
  [12:06:16] mode=swap
    swap: solved=1/10
  [12:09:08] mode=group-reshuffle
    group-reshuffle: solved=0/10
  [12:12:14] mode=constrained-shuffle
    constrained-shuffle: solved=0/10
[12:15:32] DONE R02007
[12:15:32] START R02067
  [12:15:32] mode=symmetry
    symmetry: solved=7/7
  [12:15:52] mode=local-mutant
    local-mutant: solved=10/10
  [12:16:18] mode=swap
    swap: solved=10/10
  [12:16:45] mode=group-reshuffle
    group-reshuffle: solved=10/10
  [12:17:07] mode=constrained-shuffle
    constrained-shuffle: solved=9/10
[12:17:52] DONE R02067
[12:17:52] START R02127
  [12:17:52] mode=symmetry
    symmetry: solved=7/7
  [12:18:01] mode=local-mutant
    local-mutant: solved=10/10
  [12:18:14] mode=swap
    swap: solved=10/10
  [12:18:26] mode=group-reshuffle
    group-reshuffle: solved=10/10
  [12:18:39] mode=constrained-shuffle
    constrained-shuffle: solved=10/10
[12:18:52] DONE R02127
[12:18:52] START R02187
  [12:18:52] mode=swap
    swap: solved=0/10
  [12:21:33] mode=group-reshuffle
    group-reshuffle: solved=0/10
  [12:24:21] mode=constrained-shuffle
    constrained-shuffle: solved=0/10
[12:27:06] DONE R02187
[12:27:06] START R02247
  [12:27:06] mode=symmetry
    symmetry: solved=7/7
  [12:27:17] mode=local-mutant
    local-mutant: solved=10/10
  [12:27:32] mode=swap
    swap: solved=10/10
  [12:27:46] mode=group-reshuffle
    group-reshuffle: solved=10/10
  [12:28:02] mode=constrained-shuffle
    constrained-shuffle: solved=10/10
[12:28:20] DONE R02247
[12:28:20] START R02307
  [12:28:20] mode=symmetry
    symmetry: solved=7/7
  [12:29:00] mode=local-mutant
    local-mutant: solved=10/10
  [12:29:40] mode=swap
    swap: solved=10/10
  [12:30:29] mode=group-reshuffle
    group-reshuffle: solved=10/10
  [12:31:13] mode=constrained-shuffle
    constrained-shuffle: solved=10/10
[12:31:57] DONE R02307
[12:31:57] START R02367
  [12:31:57] mode=swap
    swap: solved=0/10
  [12:33:11] mode=group-reshuffle
    group-reshuffle: solved=0/10
  [12:34:23] mode=constrained-shuffle
    constrained-shuffle: solved=0/10
[12:35:34] DONE R02367
[12:35:34] START R02427
  [12:35:34] mode=symmetry
    symmetry: solved=1/7
  [12:37:31] mode=local-mutant
    local-mutant: solved=3/10
  [12:39:51] mode=swap
    swap: solved=7/10
  [12:41:22] mode=group-reshuffle
    group-reshuffle: solved=2/10
  [12:43:57] mode=constrained-shuffle
    constrained-shuffle: solved=3/10
[12:46:38] DONE R02427
[12:46:38] START R02487
  [12:46:38] mode=symmetry
    symmetry: solved=7/7
  [12:46:49] mode=local-mutant
    local-mutant: solved=3/10
  [12:48:04] mode=swap
    swap: solved=6/10
  [12:48:49] mode=group-reshuffle
    group-reshuffle: solved=9/10
  [12:49:25] mode=constrained-shuffle
    constrained-shuffle: solved=4/10
[12:50:42] DONE R02487
[12:50:42] START R02547
  [12:50:42] mode=swap
    swap: solved=0/10
  [12:52:11] mode=group-reshuffle
    group-reshuffle: solved=1/10
  [12:53:52] mode=constrained-shuffle
    constrained-shuffle: solved=0/10
[12:55:29] DONE R02547
[12:55:29] START R02607
  [12:55:29] mode=swap
    swap: solved=0/10
  [12:57:05] mode=group-reshuffle
    group-reshuffle: solved=0/10
  [12:58:39] mode=constrained-shuffle
    constrained-shuffle: solved=0/10
[13:00:11] DONE R02607
[13:00:11] START R02667
  [13:00:11] mode=symmetry
    symmetry: solved=7/7
  [13:01:08] mode=local-mutant
    local-mutant: solved=7/10
  [13:02:45] mode=swap
    swap: solved=8/10
  [13:04:24] mode=group-reshuffle
    group-reshuffle: solved=4/10
  [13:06:14] mode=constrained-shuffle
    constrained-shuffle: solved=4/10
[13:08:16] DONE R02667
[13:08:16] START R02727
  [13:08:16] mode=symmetry
    symmetry: solved=7/7
  [13:08:30] mode=local-mutant
    local-mutant: solved=9/10
  [13:08:58] mode=swap
    swap: solved=10/10
  [13:09:17] mode=group-reshuffle
    group-reshuffle: solved=9/10
  [13:09:45] mode=constrained-shuffle
    constrained-shuffle: solved=10/10
[13:09:58] DONE R02727
[13:09:58] START R02787
  [13:09:58] mode=swap
    swap: solved=0/10
  [13:11:05] mode=group-reshuffle
    group-reshuffle: solved=3/10
  [13:12:08] mode=constrained-shuffle
    constrained-shuffle: solved=2/10
[13:13:16] DONE R02787
[13:13:16] START R02847
  [13:13:16] mode=symmetry
    symmetry: solved=0/7
  [13:15:08] mode=local-mutant
    local-mutant: solved=0/10
  [13:17:46] mode=swap
    swap: solved=0/10
  [13:20:22] mode=group-reshuffle
    group-reshuffle: solved=0/10
  [13:23:02] mode=constrained-shuffle
    constrained-shuffle: solved=0/10
[13:25:31] DONE R02847
[13:25:31] START R02907
  [13:25:31] mode=symmetry
    symmetry: solved=7/7
  [13:25:40] mode=local-mutant
    local-mutant: solved=10/10
  [13:25:59] mode=swap
    swap: solved=10/10
  [13:26:09] mode=group-reshuffle
    group-reshuffle: solved=10/10
  [13:26:22] mode=constrained-shuffle
    constrained-shuffle: solved=10/10
[13:26:54] DONE R02907
[13:26:54] START R02967
  [13:26:54] mode=symmetry
    symmetry: solved=7/7
  [13:27:17] mode=local-mutant
    local-mutant: solved=10/10
  [13:27:55] mode=swap
    swap: solved=10/10
  [13:28:11] mode=group-reshuffle
    group-reshuffle: solved=10/10
  [13:28:46] mode=constrained-shuffle
    constrained-shuffle: solved=10/10
[13:29:08] DONE R02967
[13:29:08] START R03027
  [13:29:08] mode=symmetry
    symmetry: solved=7/7
  [13:29:24] mode=local-mutant
    local-mutant: solved=10/10
  [13:29:44] mode=swap
    swap: solved=10/10
  [13:29:55] mode=group-reshuffle
    group-reshuffle: solved=10/10
  [13:30:06] mode=constrained-shuffle
    constrained-shuffle: solved=9/10
[13:30:42] DONE R03027
[13:30:42] START R03087
  [13:30:42] mode=symmetry
    symmetry: solved=7/7
  [13:31:19] mode=local-mutant
    local-mutant: solved=4/10
  [13:32:26] mode=swap
    swap: solved=8/10
  [13:33:24] mode=group-reshuffle
    group-reshuffle: solved=1/10
  [13:34:35] mode=constrained-shuffle
    constrained-shuffle: solved=1/10
[13:35:50] DONE R03087
[13:35:50] START R03147
  [13:35:50] mode=swap
    swap: solved=0/10
  [13:39:32] mode=group-reshuffle
    group-reshuffle: solved=0/10
  [13:43:28] mode=constrained-shuffle
    constrained-shuffle: solved=0/10
[13:47:17] DONE R03147
[13:47:17] START R03207
  [13:47:17] mode=symmetry
    symmetry: solved=7/7
  [13:49:08] mode=local-mutant
    local-mutant: solved=10/10
  [13:50:59] mode=swap
    swap: solved=10/10
  [13:52:33] mode=group-reshuffle
    group-reshuffle: solved=9/10
  [13:54:36] mode=constrained-shuffle
    constrained-shuffle: solved=9/10
[13:56:26] DONE R03207
[13:56:26] START R03267
  [13:56:26] mode=symmetry
    symmetry: solved=7/7
  [13:57:53] mode=local-mutant
    local-mutant: solved=10/10
  [14:00:03] mode=swap
    swap: solved=10/10
  [14:02:14] mode=group-reshuffle
    group-reshuffle: solved=9/10
  [14:03:50] mode=constrained-shuffle
    constrained-shuffle: solved=10/10
[14:04:54] DONE R03267
[14:04:54] START R03327
  [14:04:54] mode=swap
    swap: solved=0/10
  [14:06:28] mode=group-reshuffle
    group-reshuffle: solved=0/10
  [14:08:05] mode=constrained-shuffle
    constrained-shuffle: solved=0/10
[14:09:43] DONE R03327
[14:09:43] SHARD END
[19:11:11] SHARD START 32 level(s)
[19:11:11] START P00060
  [19:11:11] mode=symmetry
    already have this (family + solve result exist) -- skipping regeneration/re-solve
  [19:11:11] mode=local-mutant
    already have this (family + solve result exist) -- skipping regeneration/re-solve
  [19:11:11] mode=swap
    already have this (family + solve result exist) -- skipping regeneration/re-solve
  [19:11:11] mode=group-reshuffle
    already have this (family + solve result exist) -- skipping regeneration/re-solve
  [19:11:11] mode=constrained-shuffle
    already have this (family + solve result exist) -- skipping regeneration/re-solve
[19:11:11] DONE P00060
[19:11:11] START P00120
  [19:11:11] mode=symmetry
    already have this (family + solve result exist) -- skipping regeneration/re-solve
  [19:11:11] mode=local-mutant
    already have this (family + solve result exist) -- skipping regeneration/re-solve
  [19:11:11] mode=swap
    already have this (family + solve result exist) -- skipping regeneration/re-solve
  [19:11:11] mode=group-reshuffle
    already have this (family + solve result exist) -- skipping regeneration/re-solve
  [19:11:11] mode=constrained-shuffle
    already have this (family + solve result exist) -- skipping regeneration/re-solve
[19:11:11] DONE P00120
[19:11:11] START S00115
  [19:11:11] mode=symmetry
    already have this (family + solve result exist) -- skipping regeneration/re-solve
  [19:11:11] mode=local-mutant
    already have this (family + solve result exist) -- skipping regeneration/re-solve
  [19:11:11] mode=swap
    already have this (family + solve result exist) -- skipping regeneration/re-solve
  [19:11:11] mode=group-reshuffle
    already have this (family + solve result exist) -- skipping regeneration/re-solve
  [19:11:11] mode=constrained-shuffle
    already have this (family + solve result exist) -- skipping regeneration/re-solve
[19:11:11] DONE S00115
[19:11:11] START R01570
  [19:11:11] mode=symmetry
    already have this (family + solve result exist) -- skipping regeneration/re-solve
  [19:11:11] mode=local-mutant
    already have this (family + solve result exist) -- skipping regeneration/re-solve
  [19:11:11] mode=swap
    already have this (family + solve result exist) -- skipping regeneration/re-solve
  [19:11:11] mode=group-reshuffle
    already have this (family + solve result exist) -- skipping regeneration/re-solve
  [19:11:11] mode=constrained-shuffle
    already have this (family + solve result exist) -- skipping regeneration/re-solve
[19:11:11] DONE R01570
[19:11:11] START R00306
  [19:11:11] mode=swap
    already have this (family + solve result exist) -- skipping regeneration/re-solve
  [19:11:11] mode=group-reshuffle
    already have this (family + solve result exist) -- skipping regeneration/re-solve
  [19:11:11] mode=constrained-shuffle
    already have this (family + solve result exist) -- skipping regeneration/re-solve
[19:11:11] DONE R00306
[19:11:11] START R00635
  [19:11:11] mode=symmetry
    already have this (family + solve result exist) -- skipping regeneration/re-solve
  [19:11:11] mode=local-mutant
    already have this (family + solve result exist) -- skipping regeneration/re-solve
  [19:11:11] mode=swap
    already have this (family + solve result exist) -- skipping regeneration/re-solve
  [19:11:11] mode=group-reshuffle
    already have this (family + solve result exist) -- skipping regeneration/re-solve
  [19:11:11] mode=constrained-shuffle
    already have this (family + solve result exist) -- skipping regeneration/re-solve
[19:11:11] DONE R00635
[19:11:11] START R01000
  [19:11:11] mode=swap
    already have this (family + solve result exist) -- skipping regeneration/re-solve
  [19:11:11] mode=group-reshuffle
    already have this (family + solve result exist) -- skipping regeneration/re-solve
  [19:11:11] mode=constrained-shuffle
    already have this (family + solve result exist) -- skipping regeneration/re-solve
[19:11:11] DONE R01000
[19:11:11] START R01342
  [19:11:11] mode=swap
    already have this (family + solve result exist) -- skipping regeneration/re-solve
  [19:11:11] mode=group-reshuffle
    already have this (family + solve result exist) -- skipping regeneration/re-solve
  [19:11:11] mode=constrained-shuffle
    already have this (family + solve result exist) -- skipping regeneration/re-solve
[19:11:11] DONE R01342
[19:11:11] START R01683
  [19:11:11] mode=swap
    already have this (family + solve result exist) -- skipping regeneration/re-solve
  [19:11:11] mode=group-reshuffle
    already have this (family + solve result exist) -- skipping regeneration/re-solve
  [19:11:11] mode=constrained-shuffle
    already have this (family + solve result exist) -- skipping regeneration/re-solve
[19:11:11] DONE R01683
[19:11:11] START R02007
  [19:11:11] mode=swap
    already have this (family + solve result exist) -- skipping regeneration/re-solve
  [19:11:11] mode=group-reshuffle
    already have this (family + solve result exist) -- skipping regeneration/re-solve
  [19:11:11] mode=constrained-shuffle
    already have this (family + solve result exist) -- skipping regeneration/re-solve
[19:11:11] DONE R02007
[19:11:11] START R02067
  [19:11:11] mode=symmetry
    already have this (family + solve result exist) -- skipping regeneration/re-solve
  [19:11:11] mode=local-mutant
    already have this (family + solve result exist) -- skipping regeneration/re-solve
  [19:11:11] mode=swap
    already have this (family + solve result exist) -- skipping regeneration/re-solve
  [19:11:11] mode=group-reshuffle
    already have this (family + solve result exist) -- skipping regeneration/re-solve
  [19:11:11] mode=constrained-shuffle
    already have this (family + solve result exist) -- skipping regeneration/re-solve
[19:11:11] DONE R02067
[19:11:11] START R02127
  [19:11:11] mode=symmetry
    already have this (family + solve result exist) -- skipping regeneration/re-solve
  [19:11:11] mode=local-mutant
    already have this (family + solve result exist) -- skipping regeneration/re-solve
  [19:11:11] mode=swap
    already have this (family + solve result exist) -- skipping regeneration/re-solve
  [19:11:11] mode=group-reshuffle
    already have this (family + solve result exist) -- skipping regeneration/re-solve
  [19:11:11] mode=constrained-shuffle
    already have this (family + solve result exist) -- skipping regeneration/re-solve
[19:11:11] DONE R02127
[19:11:11] START R02187
  [19:11:11] mode=swap
    already have this (family + solve result exist) -- skipping regeneration/re-solve
  [19:11:11] mode=group-reshuffle
    already have this (family + solve result exist) -- skipping regeneration/re-solve
  [19:11:11] mode=constrained-shuffle
    already have this (family + solve result exist) -- skipping regeneration/re-solve
[19:11:11] DONE R02187
[19:11:11] START R02247
  [19:11:11] mode=symmetry
    already have this (family + solve result exist) -- skipping regeneration/re-solve
  [19:11:11] mode=local-mutant
    already have this (family + solve result exist) -- skipping regeneration/re-solve
  [19:11:11] mode=swap
    already have this (family + solve result exist) -- skipping regeneration/re-solve
  [19:11:11] mode=group-reshuffle
    already have this (family + solve result exist) -- skipping regeneration/re-solve
  [19:11:11] mode=constrained-shuffle
    already have this (family + solve result exist) -- skipping regeneration/re-solve
[19:11:11] DONE R02247
[19:11:11] START R02307
  [19:11:11] mode=symmetry
    already have this (family + solve result exist) -- skipping regeneration/re-solve
  [19:11:11] mode=local-mutant
    already have this (family + solve result exist) -- skipping regeneration/re-solve
  [19:11:11] mode=swap
    already have this (family + solve result exist) -- skipping regeneration/re-solve
  [19:11:11] mode=group-reshuffle
    already have this (family + solve result exist) -- skipping regeneration/re-solve
  [19:11:11] mode=constrained-shuffle
    already have this (family + solve result exist) -- skipping regeneration/re-solve
[19:11:11] DONE R02307
[19:11:11] START R02367
  [19:11:11] mode=swap
    already have this (family + solve result exist) -- skipping regeneration/re-solve
  [19:11:11] mode=group-reshuffle
    already have this (family + solve result exist) -- skipping regeneration/re-solve
  [19:11:11] mode=constrained-shuffle
    already have this (family + solve result exist) -- skipping regeneration/re-solve
[19:11:11] DONE R02367
[19:11:11] START R02427
  [19:11:11] mode=symmetry
    already have this (family + solve result exist) -- skipping regeneration/re-solve
  [19:11:11] mode=local-mutant
    already have this (family + solve result exist) -- skipping regeneration/re-solve
  [19:11:11] mode=swap
    already have this (family + solve result exist) -- skipping regeneration/re-solve
  [19:11:11] mode=group-reshuffle
    already have this (family + solve result exist) -- skipping regeneration/re-solve
  [19:11:11] mode=constrained-shuffle
    already have this (family + solve result exist) -- skipping regeneration/re-solve
[19:11:11] DONE R02427
[19:11:11] START R02487
  [19:11:11] mode=symmetry
    already have this (family + solve result exist) -- skipping regeneration/re-solve
  [19:11:11] mode=local-mutant
    already have this (family + solve result exist) -- skipping regeneration/re-solve
  [19:11:11] mode=swap
    already have this (family + solve result exist) -- skipping regeneration/re-solve
  [19:11:11] mode=group-reshuffle
    already have this (family + solve result exist) -- skipping regeneration/re-solve
  [19:11:11] mode=constrained-shuffle
    already have this (family + solve result exist) -- skipping regeneration/re-solve
[19:11:11] DONE R02487
[19:11:11] START R02547
  [19:11:11] mode=swap
    already have this (family + solve result exist) -- skipping regeneration/re-solve
  [19:11:11] mode=group-reshuffle
    already have this (family + solve result exist) -- skipping regeneration/re-solve
  [19:11:11] mode=constrained-shuffle
    already have this (family + solve result exist) -- skipping regeneration/re-solve
[19:11:11] DONE R02547
[19:11:11] START R02607
  [19:11:11] mode=swap
    already have this (family + solve result exist) -- skipping regeneration/re-solve
  [19:11:11] mode=group-reshuffle
    already have this (family + solve result exist) -- skipping regeneration/re-solve
  [19:11:11] mode=constrained-shuffle
    already have this (family + solve result exist) -- skipping regeneration/re-solve
[19:11:11] DONE R02607
[19:11:11] START R02667
  [19:11:11] mode=symmetry
    already have this (family + solve result exist) -- skipping regeneration/re-solve
  [19:11:11] mode=local-mutant
    already have this (family + solve result exist) -- skipping regeneration/re-solve
  [19:11:11] mode=swap
    already have this (family + solve result exist) -- skipping regeneration/re-solve
  [19:11:11] mode=group-reshuffle
    already have this (family + solve result exist) -- skipping regeneration/re-solve
  [19:11:11] mode=constrained-shuffle
    already have this (family + solve result exist) -- skipping regeneration/re-solve
[19:11:11] DONE R02667
[19:11:11] START R02727
  [19:11:11] mode=symmetry
    already have this (family + solve result exist) -- skipping regeneration/re-solve
  [19:11:11] mode=local-mutant
    already have this (family + solve result exist) -- skipping regeneration/re-solve
  [19:11:11] mode=swap
    already have this (family + solve result exist) -- skipping regeneration/re-solve
  [19:11:11] mode=group-reshuffle
    already have this (family + solve result exist) -- skipping regeneration/re-solve
  [19:11:11] mode=constrained-shuffle
    already have this (family + solve result exist) -- skipping regeneration/re-solve
[19:11:11] DONE R02727
[19:11:11] START R02787
  [19:11:11] mode=swap
    already have this (family + solve result exist) -- skipping regeneration/re-solve
  [19:11:11] mode=group-reshuffle
    already have this (family + solve result exist) -- skipping regeneration/re-solve
  [19:11:11] mode=constrained-shuffle
    already have this (family + solve result exist) -- skipping regeneration/re-solve
[19:11:11] DONE R02787
[19:11:11] START R02847
  [19:11:11] mode=symmetry
    already have this (family + solve result exist) -- skipping regeneration/re-solve
  [19:11:11] mode=local-mutant
    already have this (family + solve result exist) -- skipping regeneration/re-solve
  [19:11:11] mode=swap
    already have this (family + solve result exist) -- skipping regeneration/re-solve
  [19:11:11] mode=group-reshuffle
    already have this (family + solve result exist) -- skipping regeneration/re-solve
  [19:11:11] mode=constrained-shuffle
    already have this (family + solve result exist) -- skipping regeneration/re-solve
[19:11:11] DONE R02847
[19:11:11] START R02907
  [19:11:11] mode=symmetry
    already have this (family + solve result exist) -- skipping regeneration/re-solve
  [19:11:11] mode=local-mutant
    already have this (family + solve result exist) -- skipping regeneration/re-solve
  [19:11:11] mode=swap
    already have this (family + solve result exist) -- skipping regeneration/re-solve
  [19:11:11] mode=group-reshuffle
    already have this (family + solve result exist) -- skipping regeneration/re-solve
  [19:11:11] mode=constrained-shuffle
    already have this (family + solve result exist) -- skipping regeneration/re-solve
[19:11:11] DONE R02907
[19:11:11] START R02967
  [19:11:11] mode=symmetry
    already have this (family + solve result exist) -- skipping regeneration/re-solve
  [19:11:11] mode=local-mutant
    already have this (family + solve result exist) -- skipping regeneration/re-solve
  [19:11:11] mode=swap
    already have this (family + solve result exist) -- skipping regeneration/re-solve
  [19:11:11] mode=group-reshuffle
    already have this (family + solve result exist) -- skipping regeneration/re-solve
  [19:11:11] mode=constrained-shuffle
    already have this (family + solve result exist) -- skipping regeneration/re-solve
[19:11:11] DONE R02967
[19:11:11] START R03027
  [19:11:11] mode=symmetry
    already have this (family + solve result exist) -- skipping regeneration/re-solve
  [19:11:11] mode=local-mutant
    already have this (family + solve result exist) -- skipping regeneration/re-solve
  [19:11:11] mode=swap
    already have this (family + solve result exist) -- skipping regeneration/re-solve
  [19:11:11] mode=group-reshuffle
    already have this (family + solve result exist) -- skipping regeneration/re-solve
  [19:11:11] mode=constrained-shuffle
    already have this (family + solve result exist) -- skipping regeneration/re-solve
[19:11:11] DONE R03027
[19:11:11] START R03087
  [19:11:11] mode=symmetry
    already have this (family + solve result exist) -- skipping regeneration/re-solve
  [19:11:11] mode=local-mutant
    already have this (family + solve result exist) -- skipping regeneration/re-solve
  [19:11:11] mode=swap
    already have this (family + solve result exist) -- skipping regeneration/re-solve
  [19:11:11] mode=group-reshuffle
    already have this (family + solve result exist) -- skipping regeneration/re-solve
  [19:11:11] mode=constrained-shuffle
    already have this (family + solve result exist) -- skipping regeneration/re-solve
[19:11:11] DONE R03087
[19:11:11] START R03147
  [19:11:11] mode=swap
    already have this (family + solve result exist) -- skipping regeneration/re-solve
  [19:11:11] mode=group-reshuffle
    already have this (family + solve result exist) -- skipping regeneration/re-solve
  [19:11:11] mode=constrained-shuffle
    already have this (family + solve result exist) -- skipping regeneration/re-solve
[19:11:11] DONE R03147
[19:11:11] START R03207
  [19:11:11] mode=symmetry
    already have this (family + solve result exist) -- skipping regeneration/re-solve
  [19:11:11] mode=local-mutant
    already have this (family + solve result exist) -- skipping regeneration/re-solve
  [19:11:11] mode=swap
    already have this (family + solve result exist) -- skipping regeneration/re-solve
  [19:11:11] mode=group-reshuffle
    already have this (family + solve result exist) -- skipping regeneration/re-solve
  [19:11:11] mode=constrained-shuffle
    already have this (family + solve result exist) -- skipping regeneration/re-solve
[19:11:11] DONE R03207
[19:11:11] START R03267
  [19:11:11] mode=symmetry
    already have this (family + solve result exist) -- skipping regeneration/re-solve
  [19:11:11] mode=local-mutant
    already have this (family + solve result exist) -- skipping regeneration/re-solve
  [19:11:11] mode=swap
    already have this (family + solve result exist) -- skipping regeneration/re-solve
  [19:11:11] mode=group-reshuffle
    already have this (family + solve result exist) -- skipping regeneration/re-solve
  [19:11:11] mode=constrained-shuffle
    already have this (family + solve result exist) -- skipping regeneration/re-solve
[19:11:11] DONE R03267
[19:11:11] START R03327
  [19:11:11] mode=swap
    already have this (family + solve result exist) -- skipping regeneration/re-solve
  [19:11:11] mode=group-reshuffle
    already have this (family + solve result exist) -- skipping regeneration/re-solve
  [19:11:11] mode=constrained-shuffle
    already have this (family + solve result exist) -- skipping regeneration/re-solve
[19:11:11] DONE R03327
[19:11:11] SHARD END
