Prepared batch 06 (levels 426-510) at 2026-07-17T22:33:50Z.
portfolio-solve-sweep: corpus=data/stress/stress-levels-random.json levels=85 (85 to solve) scheduler-mode=legacy budget=8000ms node-budget=20000000 workers=2 save-hints=true
  [1/85] L426 (R02095) ok=✗
  [2/85] L428 (R02097) ok=✗
  [3/85] L427 (R02096) ok=✗
  [4/85] L430 (R02099) ok=✗
  [5/85] L429 (R02098) ok=✗
  [6/85] L432 (R02101) ok=✗
  [7/85] L431 (R02100) ok=✗
  [8/85] L433 (R02102) ok=✗
  [9/85] L435 (R02104) ok=✗
  [10/85] L436 (R02105) ok=✗
  [11/85] L434 (R02103) ok=✗
  [12/85] L438 (R02107) ok=✗
  [13/85] L437 (R02106) ok=✗
  [14/85] L440 (R02109) ok=✗
  [15/85] L441 (R02110) ok=✗
  [16/85] L439 (R02108) ok=✗
  [17/85] L443 (R02112) ok=✓ legacy [hint saved]
  [18/85] L444 (R02113) ok=✗
  [19/85] L442 (R02111) ok=✗
  [20/85] L446 (R02115) ok=✗
  [21/85] L445 (R02114) ok=✗
  [22/85] L447 (R02116) ok=✓ legacy [hint saved]
  [23/85] L448 (R02117) ok=✗
  [24/85] L450 (R02119) ok=✗
  [25/85] L449 (R02118) ok=✗
  [26/85] L452 (R02121) ok=✗
  [27/85] L453 (R02122) ok=✗
  [28/85] L451 (R02120) ok=✗
  [29/85] L455 (R02124) ok=✓ legacy [hint saved]
  [30/85] L454 (R02123) ok=✗
  [31/85] L456 (R02125) ok=✗
  [32/85] L458 (R02127) ok=✓ legacy [hint saved]
  [33/85] L459 (R02128) ok=✓ legacy [hint saved]
  [34/85] L457 (R02126) ok=✗
  [35/85] L460 (R02129) ok=✗
  [36/85] L462 (R02131) ok=✗
  [37/85] L461 (R02130) ok=✗
  [38/85] L464 (R02133) ok=✗
  [39/85] L465 (R02134) ok=✗
  [40/85] L463 (R02132) ok=✗
  [41/85] L467 (R02136) ok=✓ legacy [hint saved]
  [42/85] L466 (R02135) ok=✗
  [43/85] L468 (R02137) ok=✗
  [44/85] L469 (R02138) ok=✗
  [45/85] L470 (R02139) ok=✓ legacy [hint saved]
  [46/85] L472 (R02141) ok=✓ legacy [hint saved]
  [47/85] L473 (R02142) ok=✗
  [48/85] L474 (R02143) ok=✓ legacy [hint saved]
  [49/85] L471 (R02140) ok=✗
  [50/85] L476 (R02145) ok=✗
  [51/85] L477 (R02146) ok=✗
  [52/85] L478 (R02147) ok=✓ legacy [hint saved]
  [53/85] L475 (R02144) ok=✗
  [54/85] L479 (R02148) ok=✗
  [55/85] L480 (R02149) ok=✗
  [56/85] L481 (R02150) ok=✗
  [57/85] L483 (R02152) ok=✓ legacy [hint saved]
  [58/85] L482 (R02151) ok=✗
  [59/85] L484 (R02153) ok=✗
  [60/85] L486 (R02155) ok=✓ legacy [hint saved]
  [61/85] L485 (R02154) ok=✗
  [62/85] L487 (R02156) ok=✗
  [63/85] L488 (R02157) ok=✗
  [64/85] L490 (R02159) ok=✗
  [65/85] L489 (R02158) ok=✗
  [66/85] L491 (R02160) ok=✗
  [67/85] L493 (R02162) ok=✗
  [68/85] L492 (R02161) ok=✗
  [69/85] L494 (R02163) ok=✗
  [70/85] L496 (R02165) ok=✓ legacy [hint saved]
  [71/85] L495 (R02164) ok=✗
  [72/85] L498 (R02167) ok=✗
  [73/85] L497 (R02166) ok=✗
  [74/85] L499 (R02168) ok=✗
  [75/85] L500 (R02169) ok=✗
  [76/85] L501 (R02170) ok=✗
  [77/85] L503 (R02172) ok=✗
  [78/85] L502 (R02171) ok=✗
  [79/85] L504 (R02173) ok=✗
  [80/85] L506 (R02175) ok=✓ legacy [hint saved]
  [81/85] L505 (R02174) ok=✗
  [82/85] L508 (R02177) ok=✗
  [83/85] L507 (R02176) ok=✗
  [84/85] L509 (R02178) ok=✗
  [85/85] L510 (R02179) ok=✗
Hints: appended to 14 level(s); 14 hint file(s) changed on disk.
Result: solved=14/85, solvedBeforeFallback=0, fallbackOnly=14, unsolved=71
Wrote logs/solver-corpus2-batches/batch-06.json
Wrote logs/solver-corpus2-batches/batch-06-summary.md
