Prepared batch 11 (levels 851-935) at 2026-07-17T22:34:05Z.
portfolio-solve-sweep: corpus=data/stress/stress-levels-random.json levels=85 (85 to solve) scheduler-mode=legacy budget=8000ms node-budget=20000000 workers=2 save-hints=true
  [1/85] L851 (R02520) ok=✓ legacy [hint saved]
  [2/85] L853 (R02522) ok=✗
  [3/85] L852 (R02521) ok=✓ legacy [hint saved]
  [4/85] L855 (R02524) ok=✗
  [5/85] L854 (R02523) ok=✗
  [6/85] L856 (R02525) ok=✗
  [7/85] L857 (R02526) ok=✗
  [8/85] L858 (R02527) ok=✗
  [9/85] L860 (R02529) ok=✗
  [10/85] L859 (R02528) ok=✗
  [11/85] L862 (R02531) ok=✗
  [12/85] L863 (R02532) ok=✓ legacy [hint saved]
  [13/85] L861 (R02530) ok=✗
  [14/85] L865 (R02534) ok=✗
  [15/85] L864 (R02533) ok=✗
  [16/85] L866 (R02535) ok=✗
  [17/85] L867 (R02536) ok=✗
  [18/85] L868 (R02537) ok=✗
  [19/85] L869 (R02538) ok=✗
  [20/85] L871 (R02540) ok=✓ legacy [hint saved]
  [21/85] L872 (R02541) ok=✗
  [22/85] L873 (R02542) ok=✗
  [23/85] L870 (R02539) ok=✗
  [24/85] L875 (R02544) ok=✓ legacy [hint saved]
  [25/85] L876 (R02545) ok=✗
  [26/85] L877 (R02546) ok=✓ legacy [hint saved]
  [27/85] L878 (R02547) ok=✗
  [28/85] L874 (R02543) ok=✗
  [29/85] L879 (R02548) ok=✗
  [30/85] L880 (R02549) ok=✗
  [31/85] L881 (R02550) ok=✗
  [32/85] L883 (R02552) ok=✗
  [33/85] L884 (R02553) ok=✗
  [34/85] L882 (R02551) ok=✗
  [35/85] L885 (R02554) ok=✗
  [36/85] L886 (R02555) ok=✗
  [37/85] L887 (R02556) ok=✗
  [38/85] L888 (R02557) ok=✗
  [39/85] L889 (R02558) ok=✗
  [40/85] L891 (R02560) ok=✓ legacy [hint saved]
  [41/85] L892 (R02561) ok=✗
  [42/85] L893 (R02562) ok=✓ legacy [hint saved]
  [43/85] L894 (R02563) ok=✓ legacy [hint saved]
  [44/85] L890 (R02559) ok=✗
  [45/85] L896 (R02565) ok=✗
  [46/85] L897 (R02566) ok=✗
  [47/85] L898 (R02567) ok=✗
  [48/85] L895 (R02564) ok=✗
  [49/85] L899 (R02568) ok=✗
  [50/85] L900 (R02569) ok=✗
  [51/85] L901 (R02570) ok=✗
  [52/85] L903 (R02572) ok=✓ legacy [hint saved]
  [53/85] L902 (R02571) ok=✗
  [54/85] L904 (R02573) ok=✗
  [55/85] L906 (R02575) ok=✗
  [56/85] L907 (R02576) ok=✗
  [57/85] L905 (R02574) ok=✗
  [58/85] L908 (R02577) ok=✓ legacy [hint saved]
  [59/85] L910 (R02579) ok=✗
  [60/85] L909 (R02578) ok=✗
  [61/85] L911 (R02580) ok=✗
  [62/85] L913 (R02582) ok=✗
  [63/85] L912 (R02581) ok=✗
  [64/85] L914 (R02583) ok=✗
  [65/85] L916 (R02585) ok=✓ legacy [hint saved]
  [66/85] L917 (R02586) ok=✓ legacy [hint saved]
  [67/85] L918 (R02587) ok=✗
  [68/85] L915 (R02584) ok=✗
  [69/85] L920 (R02589) ok=✓ legacy [hint saved]
  [70/85] L919 (R02588) ok=✗
  [71/85] L921 (R02590) ok=✗
  [72/85] L922 (R02591) ok=✗
  [73/85] L924 (R02593) ok=✗
  [74/85] L925 (R02594) ok=✗
  [75/85] L923 (R02592) ok=✗
  [76/85] L927 (R02596) ok=✗
  [77/85] L926 (R02595) ok=✗
  [78/85] L929 (R02598) ok=✗
  [79/85] L930 (R02599) ok=✓ legacy [hint saved]
  [80/85] L931 (R02600) ok=✗
  [81/85] L932 (R02601) ok=✓ legacy [hint saved]
  [82/85] L928 (R02597) ok=✗
  [83/85] L933 (R02602) ok=✗
  [84/85] L934 (R02603) ok=✗
  [85/85] L935 (R02604) ok=✗
Hints: appended to 16 level(s); 16 hint file(s) changed on disk.
Result: solved=16/85, solvedBeforeFallback=0, fallbackOnly=16, unsolved=69
Wrote logs/solver-corpus2-batches/batch-11.json
Wrote logs/solver-corpus2-batches/batch-11-summary.md
portfolio-solve-sweep: corpus=data/stress/stress-levels-random.json levels=85 (85 to solve) scheduler-mode=legacy budget=8000ms node-budget=20000000 workers=2 save-hints=true
  [1/85] L851 (R02520) ok=✗
  [2/85] L852 (R02521) ok=✓ legacy [hint saved]
  [3/85] L853 (R02522) ok=✗
  [4/85] L855 (R02524) ok=✗
  [5/85] L854 (R02523) ok=✗
  [6/85] L856 (R02525) ok=✗
  [7/85] L857 (R02526) ok=✗
  [8/85] L858 (R02527) ok=✗
  [9/85] L860 (R02529) ok=✗
  [10/85] L859 (R02528) ok=✗
  [11/85] L861 (R02530) ok=✗
  [12/85] L863 (R02532) ok=✓ legacy [hint saved]
  [13/85] L862 (R02531) ok=✗
  [14/85] L865 (R02534) ok=✗
  [15/85] L864 (R02533) ok=✗
  [16/85] L866 (R02535) ok=✗
  [17/85] L867 (R02536) ok=✗
  [18/85] L868 (R02537) ok=✗
  [19/85] L869 (R02538) ok=✗
  [20/85] L871 (R02540) ok=✓ legacy [hint saved]
  [21/85] L872 (R02541) ok=✗
  [22/85] L870 (R02539) ok=✗
  [23/85] L873 (R02542) ok=✗
  [24/85] L875 (R02544) ok=✓ legacy [hint saved]
  [25/85] L876 (R02545) ok=✗
  [26/85] L877 (R02546) ok=✓ legacy [hint saved]
  [27/85] L878 (R02547) ok=✗
  [28/85] L879 (R02548) ok=✗
  [29/85] L874 (R02543) ok=✗
  [30/85] L880 (R02549) ok=✗
  [31/85] L881 (R02550) ok=✗
  [32/85] L883 (R02552) ok=✗
  [33/85] L884 (R02553) ok=✗
  [34/85] L882 (R02551) ok=✗
  [35/85] L885 (R02554) ok=✗
  [36/85] L886 (R02555) ok=✗
  [37/85] L887 (R02556) ok=✗
  [38/85] L888 (R02557) ok=✗
  [39/85] L889 (R02558) ok=✗
  [40/85] L891 (R02560) ok=✓ legacy [hint saved]
  [41/85] L892 (R02561) ok=✗
  [42/85] L893 (R02562) ok=✓ legacy [hint saved]
  [43/85] L894 (R02563) ok=✓ legacy [hint saved]
  [44/85] L890 (R02559) ok=✗
  [45/85] L896 (R02565) ok=✗
  [46/85] L897 (R02566) ok=✗
  [47/85] L895 (R02564) ok=✗
  [48/85] L899 (R02568) ok=✗
  [49/85] L898 (R02567) ok=✗
  [50/85] L900 (R02569) ok=✗
  [51/85] L901 (R02570) ok=✗
  [52/85] L903 (R02572) ok=✓ legacy [hint saved]
  [53/85] L902 (R02571) ok=✗
  [54/85] L904 (R02573) ok=✗
  [55/85] L906 (R02575) ok=✗
  [56/85] L905 (R02574) ok=✗
  [57/85] L908 (R02577) ok=✓ legacy [hint saved]
  [58/85] L907 (R02576) ok=✗
  [59/85] L910 (R02579) ok=✗
  [60/85] L909 (R02578) ok=✗
  [61/85] L911 (R02580) ok=✗
  [62/85] L912 (R02581) ok=✗
  [63/85] L913 (R02582) ok=✗
  [64/85] L914 (R02583) ok=✗
  [65/85] L916 (R02585) ok=✓ legacy [hint saved]
  [66/85] L917 (R02586) ok=✓ legacy [hint saved]
  [67/85] L918 (R02587) ok=✗
  [68/85] L915 (R02584) ok=✗
  [69/85] L920 (R02589) ok=✓ legacy [hint saved]
  [70/85] L919 (R02588) ok=✗
  [71/85] L921 (R02590) ok=✗
  [72/85] L922 (R02591) ok=✗
  [73/85] L924 (R02593) ok=✗
  [74/85] L925 (R02594) ok=✗
  [75/85] L923 (R02592) ok=✗
  [76/85] L927 (R02596) ok=✗
  [77/85] L926 (R02595) ok=✗
  [78/85] L929 (R02598) ok=✗
  [79/85] L930 (R02599) ok=✓ legacy [hint saved]
  [80/85] L931 (R02600) ok=✗
  [81/85] L928 (R02597) ok=✗
  [82/85] L932 (R02601) ok=✗
  [83/85] L933 (R02602) ok=✗
  [84/85] L935 (R02604) ok=✓ legacy [hint saved]
  [85/85] L934 (R02603) ok=✗
Hints: appended to 15 level(s); 15 hint file(s) changed on disk.
Result: solved=15/85, solvedBeforeFallback=0, fallbackOnly=15, unsolved=70
Wrote logs/solver-corpus2-batches/batch-11.json
Wrote logs/solver-corpus2-batches/batch-11-summary.md
portfolio-solve-sweep: corpus=data/stress/stress-levels-random.json levels=85 (85 to solve) scheduler-mode=legacy budget=8000ms node-budget=20000000 workers=2 save-hints=true
  [1/85] L851 (R02520) ok=✗
  [2/85] L852 (R02521) ok=✓ legacy [hint saved]
  [3/85] L853 (R02522) ok=✗
  [4/85] L855 (R02524) ok=✗
  [5/85] L854 (R02523) ok=✗
  [6/85] L856 (R02525) ok=✗
  [7/85] L857 (R02526) ok=✗
  [8/85] L858 (R02527) ok=✗
  [9/85] L860 (R02529) ok=✗
  [10/85] L859 (R02528) ok=✗
  [11/85] L861 (R02530) ok=✗
  [12/85] L863 (R02532) ok=✗
  [13/85] L862 (R02531) ok=✗
  [14/85] L864 (R02533) ok=✗
  [15/85] L865 (R02534) ok=✗
  [16/85] L866 (R02535) ok=✗
  [17/85] L867 (R02536) ok=✗
  [18/85] L868 (R02537) ok=✗
  [19/85] L869 (R02538) ok=✗
  [20/85] L871 (R02540) ok=✓ legacy [hint saved]
  [21/85] L872 (R02541) ok=✗
  [22/85] L873 (R02542) ok=✗
  [23/85] L870 (R02539) ok=✗
  [24/85] L875 (R02544) ok=✓ legacy [hint saved]
  [25/85] L876 (R02545) ok=✗
  [26/85] L877 (R02546) ok=✓ legacy [hint saved]
  [27/85] L878 (R02547) ok=✗
  [28/85] L879 (R02548) ok=✗
  [29/85] L880 (R02549) ok=✗
  [30/85] L874 (R02543) ok=✗
  [31/85] L881 (R02550) ok=✗
  [32/85] L883 (R02552) ok=✗
  [33/85] L884 (R02553) ok=✗
  [34/85] L882 (R02551) ok=✗
  [35/85] L885 (R02554) ok=✗
  [36/85] L886 (R02555) ok=✗
  [37/85] L887 (R02556) ok=✗
  [38/85] L888 (R02557) ok=✗
  [39/85] L889 (R02558) ok=✗
  [40/85] L891 (R02560) ok=✓ legacy [hint saved]
  [41/85] L892 (R02561) ok=✗
  [42/85] L893 (R02562) ok=✓ legacy [hint saved]
  [43/85] L894 (R02563) ok=✓ legacy [hint saved]
  [44/85] L890 (R02559) ok=✗
  [45/85] L896 (R02565) ok=✗
  [46/85] L897 (R02566) ok=✗
  [47/85] L895 (R02564) ok=✗
  [48/85] L898 (R02567) ok=✗
  [49/85] L899 (R02568) ok=✗
  [50/85] L900 (R02569) ok=✗
  [51/85] L901 (R02570) ok=✗
  [52/85] L903 (R02572) ok=✓ legacy [hint saved]
  [53/85] L904 (R02573) ok=✗
  [54/85] L902 (R02571) ok=✗
  [55/85] L906 (R02575) ok=✗
  [56/85] L905 (R02574) ok=✗
  [57/85] L908 (R02577) ok=✓ legacy [hint saved]
  [58/85] L907 (R02576) ok=✗
  [59/85] L910 (R02579) ok=✗
  [60/85] L909 (R02578) ok=✗
  [61/85] L911 (R02580) ok=✗
  [62/85] L912 (R02581) ok=✗
  [63/85] L913 (R02582) ok=✗
  [64/85] L914 (R02583) ok=✗
  [65/85] L916 (R02585) ok=✓ legacy [hint saved]
  [66/85] L917 (R02586) ok=✓ legacy [hint saved]
  [67/85] L915 (R02584) ok=✓ legacy [hint saved]
  [68/85] L918 (R02587) ok=✗
  [69/85] L920 (R02589) ok=✓ legacy [hint saved]
  [70/85] L919 (R02588) ok=✗
  [71/85] L922 (R02591) ok=✗
  [72/85] L921 (R02590) ok=✗
  [73/85] L924 (R02593) ok=✗
  [74/85] L925 (R02594) ok=✗
  [75/85] L923 (R02592) ok=✗
  [76/85] L927 (R02596) ok=✗
  [77/85] L926 (R02595) ok=✗
  [78/85] L929 (R02598) ok=✗
  [79/85] L930 (R02599) ok=✓ legacy [hint saved]
  [80/85] L931 (R02600) ok=✗
  [81/85] L928 (R02597) ok=✗
  [82/85] L933 (R02602) ok=✗
  [83/85] L932 (R02601) ok=✗
  [84/85] L935 (R02604) ok=✓ legacy [hint saved]
  [85/85] L934 (R02603) ok=✗
Hints: appended to 15 level(s); 15 hint file(s) changed on disk.
Result: solved=15/85, solvedBeforeFallback=0, fallbackOnly=15, unsolved=70
Wrote logs/solver-corpus2-batches/batch-11.json
Wrote logs/solver-corpus2-batches/batch-11-summary.md
