Prepared batch 20 (levels 1616-1700) at 2026-07-17T15:56:51Z.
portfolio-solve-sweep: corpus=data/stress/stress-levels-random.json levels=85 (85 to solve) scheduler-mode=legacy budget=8000ms node-budget=20000000 workers=2 save-hints=true
  [1/85] L1616 (R03285) ok=✓ legacy [hint saved]
  [2/85] L1617 (R03286) ok=✗
  [3/85] L1619 (R03288) ok=✗
  [4/85] L1618 (R03287) ok=✗
  [5/85] L1620 (R03289) ok=✗
  [6/85] L1621 (R03290) ok=✗
  [7/85] L1622 (R03291) ok=✗
  [8/85] L1623 (R03292) ok=✗
  [9/85] L1624 (R03293) ok=✗
  [10/85] L1626 (R03295) ok=✓ legacy [hint saved]
  [11/85] L1625 (R03294) ok=✗
  [12/85] L1628 (R03297) ok=✓ legacy [hint saved]
  [13/85] L1627 (R03296) ok=✗
  [14/85] L1630 (R03299) ok=✗
  [15/85] L1629 (R03298) ok=✗
  [16/85] L1631 (R03300) ok=✗
  [17/85] L1633 (R03302) ok=✗
  [18/85] L1632 (R03301) ok=✗
  [19/85] L1634 (R03303) ok=✗
  [20/85] L1635 (R03304) ok=✗
  [21/85] L1637 (R03306) ok=✗
  [22/85] L1636 (R03305) ok=✗
  [23/85] L1638 (R03307) ok=✗
  [24/85] L1639 (R03308) ok=✗
  [25/85] L1641 (R03310) ok=✓ legacy [hint saved]
  [26/85] L1642 (R03311) ok=✓ legacy [hint saved]
  [27/85] L1640 (R03309) ok=✗
  [28/85] L1643 (R03312) ok=✗
  [29/85] L1645 (R03314) ok=✓ legacy [hint saved]
  [30/85] L1644 (R03313) ok=✗
  [31/85] L1646 (R03315) ok=✗
  [32/85] L1647 (R03316) ok=✗
  [33/85] L1648 (R03317) ok=✗
  [34/85] L1649 (R03318) ok=✗
  [35/85] L1650 (R03319) ok=✗
  [36/85] L1651 (R03320) ok=✗
  [37/85] L1653 (R03322) ok=✗
  [38/85] L1654 (R03323) ok=✗
  [39/85] L1652 (R03321) ok=✗
  [40/85] L1655 (R03324) ok=✗
  [41/85] L1656 (R03325) ok=✗
  [42/85] L1657 (R03326) ok=✗
  [43/85] L1658 (R03327) ok=✗
  [44/85] L1659 (R03328) ok=✗
  [45/85] L1661 (R03330) ok=✗
  [46/85] L1660 (R03329) ok=✗
  [47/85] L1662 (R03331) ok=✗
  [48/85] L1664 (R03333) ok=✗
  [49/85] L1665 (R03334) ok=✗
  [50/85] L1666 (R03335) ok=✓ legacy [hint saved]
  [51/85] L1663 (R03332) ok=✗
  [52/85] L1667 (R03336) ok=✗
  [53/85] L1668 (R03337) ok=✗
  [54/85] L1670 (R03339) ok=✗
  [55/85] L1669 (R03338) ok=✗
  [56/85] L1672 (R03341) ok=✓ legacy [hint saved]
  [57/85] L1671 (R03340) ok=✓ legacy [hint saved]
  [58/85] L1673 (R03342) ok=✗
  [59/85] L1675 (R03344) ok=✗
  [60/85] L1676 (R03345) ok=✗
  [61/85] L1674 (R03343) ok=✗
  [62/85] L1677 (R03346) ok=✗
  [63/85] L1678 (R03347) ok=✗
  [64/85] L1679 (R03348) ok=✗
  [65/85] L1681 (R03350) ok=✗
  [66/85] L1680 (R03349) ok=✗
  [67/85] L1682 (R03351) ok=✗
  [68/85] L1683 (R03352) ok=✗
  [69/85] L1684 (R03353) ok=✗
  [70/85] L1685 (R03354) ok=✗
  [71/85] L1686 (R03355) ok=✗
  [72/85] L1688 (R03357) ok=✗
  [73/85] L1689 (R03358) ok=✗
  [74/85] L1690 (R03359) ok=✓ legacy [hint saved]
  [75/85] L1691 (R03360) ok=✓ legacy [hint saved]
  [76/85] L1687 (R03356) ok=✗
  [77/85] L1693 (R03362) ok=✓ legacy [hint saved]
  [78/85] L1694 (R03363) ok=✓ legacy [hint saved]
  [79/85] L1692 (R03361) ok=✗
  [80/85] L1695 (R03364) ok=✗
  [81/85] L1696 (R03365) ok=✗
  [82/85] L1698 (R03367) ok=✗
  [83/85] L1697 (R03366) ok=✗
  [84/85] L1700 (R03369) ok=✓ legacy [hint saved]
  [85/85] L1699 (R03368) ok=✗
Hints: appended to 14 level(s); 14 hint file(s) changed on disk.
Result: solved=14/85, solvedBeforeFallback=0, fallbackOnly=14, unsolved=71
Wrote logs/solver-corpus2-batches/batch-20.json
Wrote logs/solver-corpus2-batches/batch-20-summary.md
