portfolio-solve-sweep: corpus=data/stress/stress-levels-random.json levels=85 (85 to solve) scheduler-mode=legacy budget=8000ms node-budget=20000000 workers=2 save-hints=true
  adaptive budgets: mult=3x floor=2,000,000 unsolved=20,000,000 | 0 known-solved scaled (min 20,000,000 / med 20,000,000 / max 20,000,000 nodes)
  winner-first: normal + seeded-repair winners (shares solve budget) | 0/85 levels will be primed
  [1/85] L1362 (R03031) ok=✓ legacy [hint saved]
  [2/85] L1361 (R03030) ok=✗
  [3/85] L1363 (R03032) ok=✗
  [4/85] L1364 (R03033) ok=✗
  [5/85] L1366 (R03035) ok=✓ legacy [hint saved]
  [6/85] L1367 (R03036) ok=✗
  [7/85] L1365 (R03034) ok=✗
  [8/85] L1368 (R03037) ok=✗
  [9/85] L1369 (R03038) ok=✗
  [10/85] L1370 (R03039) ok=✗
  [11/85] L1372 (R03041) ok=✗
  [12/85] L1371 (R03040) ok=✗
  [13/85] L1374 (R03043) ok=✗
  [14/85] L1373 (R03042) ok=✗
  [15/85] L1375 (R03044) ok=✗
  [16/85] L1376 (R03045) ok=✗
  [17/85] L1377 (R03046) ok=✗
  [18/85] L1378 (R03047) ok=✗
  [19/85] L1380 (R03049) ok=✗
  [20/85] L1379 (R03048) ok=✗
  [21/85] L1381 (R03050) ok=✗
  [22/85] L1383 (R03052) ok=✗
  [23/85] L1382 (R03051) ok=✗
  [24/85] L1385 (R03054) ok=✗
  [25/85] L1384 (R03053) ok=✗
  [26/85] L1387 (R03056) ok=✗
  [27/85] L1388 (R03057) ok=✗
  [28/85] L1386 (R03055) ok=✗
  [29/85] L1389 (R03058) ok=✗
  [30/85] L1391 (R03060) ok=✓ legacy [hint saved]
  [31/85] L1390 (R03059) ok=✗
  [32/85] L1393 (R03062) ok=✗
  [33/85] L1392 (R03061) ok=✗
  [34/85] L1394 (R03063) ok=✗
  [35/85] L1396 (R03065) ok=✓ legacy [hint saved]
  [36/85] L1395 (R03064) ok=✗
  [37/85] L1397 (R03066) ok=✗
  [38/85] L1398 (R03067) ok=✗
  [39/85] L1399 (R03068) ok=✗
  [40/85] L1400 (R03069) ok=✗
  [41/85] L1401 (R03070) ok=✗
  [42/85] L1402 (R03071) ok=✗
  [43/85] L1404 (R03073) ok=✗
  [44/85] L1403 (R03072) ok=✗
  [45/85] L1406 (R03075) ok=✓ legacy [hint saved]
  [46/85] L1405 (R03074) ok=✗
  [47/85] L1407 (R03076) ok=✗
  [48/85] L1409 (R03078) ok=✗
  [49/85] L1410 (R03079) ok=✗
  [50/85] L1408 (R03077) ok=✗
  [51/85] L1412 (R03081) ok=✗
  [52/85] L1413 (R03082) ok=✗
  [53/85] L1411 (R03080) ok=✗
  [54/85] L1415 (R03084) ok=✗
  [55/85] L1416 (R03085) ok=✓ legacy [hint saved]
  [56/85] L1417 (R03086) ok=✗
  [57/85] L1414 (R03083) ok=✗
  [58/85] L1418 (R03087) ok=✓ legacy [hint saved]
  [59/85] L1420 (R03089) ok=✗
  [60/85] L1419 (R03088) ok=✗
  [61/85] L1422 (R03091) ok=✗
  [62/85] L1421 (R03090) ok=✗
  [63/85] L1423 (R03092) ok=✗
  [64/85] L1424 (R03093) ok=✗
  [65/85] L1426 (R03095) ok=✗
  [66/85] L1427 (R03096) ok=✓ legacy [hint saved]
  [67/85] L1428 (R03097) ok=✗
  [68/85] L1425 (R03094) ok=✗
  [69/85] L1430 (R03099) ok=✗
  [70/85] L1431 (R03100) ok=✓ legacy [hint saved]
  [71/85] L1429 (R03098) ok=✗
  [72/85] L1432 (R03101) ok=✗
  [73/85] L1433 (R03102) ok=✗
  [74/85] L1435 (R03104) ok=✓ legacy [hint saved]
  [75/85] L1436 (R03105) ok=✗
  [76/85] L1434 (R03103) ok=✗
  [77/85] L1438 (R03107) ok=✓ legacy [hint saved]
  [78/85] L1437 (R03106) ok=✗
  [79/85] L1439 (R03108) ok=✗
  [80/85] L1441 (R03110) ok=✓ legacy [hint saved]
  [81/85] L1442 (R03111) ok=✓ legacy [hint saved]
  [82/85] L1440 (R03109) ok=✗
  [83/85] L1444 (R03113) ok=✓ legacy [hint saved]
  [84/85] L1443 (R03112) ok=✗
  [85/85] L1445 (R03114) ok=✗
Hints: appended to 14 level(s); 14 hint file(s) changed on disk.
Result: solved=14/85, solvedBeforeFallback=0, fallbackOnly=14, unsolved=71
Wrote logs/solver-corpus2-batches/batch-17.json
Wrote logs/solver-corpus2-batches/batch-17-summary.md
portfolio-solve-sweep: corpus=data/stress/stress-levels-random.json levels=85 (85 to solve) scheduler-mode=legacy budget=8000ms node-budget=20000000 workers=2 save-hints=true
  winner-first: normal + seeded-repair winners (shares solve budget) | 13/85 levels will be primed
  [1/85] L1362 (R03031) ok=✓ legacy [primed] [hint saved]
  [2/85] L1363 (R03032) ok=✗
  [3/85] L1364 (R03033) ok=✗
  [4/85] L1361 (R03030) ok=✗
  [5/85] L1366 (R03035) ok=✓ legacy [primed] [hint saved]
  [6/85] L1367 (R03036) ok=✗
  [7/85] L1365 (R03034) ok=✗
  [8/85] L1368 (R03037) ok=✗
  [9/85] L1369 (R03038) ok=✗
  [10/85] L1370 (R03039) ok=✗
  [11/85] L1372 (R03041) ok=✗
  [12/85] L1371 (R03040) ok=✗
  [13/85] L1374 (R03043) ok=✗
  [14/85] L1373 (R03042) ok=✗
  [15/85] L1376 (R03045) ok=✗
  [16/85] L1375 (R03044) ok=✗
  [17/85] L1377 (R03046) ok=✗
  [18/85] L1378 (R03047) ok=✗
  [19/85] L1380 (R03049) ok=✗
  [20/85] L1379 (R03048) ok=✗
  [21/85] L1381 (R03050) ok=✗
  [22/85] L1383 (R03052) ok=✗
  [23/85] L1382 (R03051) ok=✗
  [24/85] L1385 (R03054) ok=✗
  [25/85] L1384 (R03053) ok=✗
  [26/85] L1387 (R03056) ok=✗
  [27/85] L1388 (R03057) ok=✗
  [28/85] L1386 (R03055) ok=✗
  [29/85] L1389 (R03058) ok=✗
  [30/85] L1391 (R03060) ok=✓ legacy [primed] [hint saved]
  [31/85] L1390 (R03059) ok=✗
  [32/85] L1393 (R03062) ok=✗
  [33/85] L1392 (R03061) ok=✗
  [34/85] L1394 (R03063) ok=✗
  [35/85] L1396 (R03065) ok=✓ legacy [primed] [hint saved]
  [36/85] L1395 (R03064) ok=✗
  [37/85] L1397 (R03066) ok=✗
  [38/85] L1399 (R03068) ok=✗
  [39/85] L1398 (R03067) ok=✗
  [40/85] L1400 (R03069) ok=✗
  [41/85] L1401 (R03070) ok=✗
  [42/85] L1402 (R03071) ok=✗
  [43/85] L1404 (R03073) ok=✗
  [44/85] L1403 (R03072) ok=✗
  [45/85] L1406 (R03075) ok=✓ legacy [primed] [hint saved]
  [46/85] L1405 (R03074) ok=✗
  [47/85] L1407 (R03076) ok=✗
  [48/85] L1409 (R03078) ok=✗
  [49/85] L1410 (R03079) ok=✗
  [50/85] L1408 (R03077) ok=✗
  [51/85] L1412 (R03081) ok=✗
  [52/85] L1413 (R03082) ok=✗
  [53/85] L1411 (R03080) ok=✗
  [54/85] L1415 (R03084) ok=✗
  [55/85] L1416 (R03085) ok=✓ legacy [primed] [hint saved]
  [56/85] L1417 (R03086) ok=✗
  [57/85] L1418 (R03087) ok=✓ legacy [hint saved]
  [58/85] L1414 (R03083) ok=✗
  [59/85] L1420 (R03089) ok=✗
  [60/85] L1419 (R03088) ok=✗
  [61/85] L1421 (R03090) ok=✗
  [62/85] L1422 (R03091) ok=✗
  [63/85] L1423 (R03092) ok=✗
  [64/85] L1424 (R03093) ok=✗
  [65/85] L1426 (R03095) ok=✗
  [66/85] L1427 (R03096) ok=✓ legacy [primed] [hint saved]
  [67/85] L1428 (R03097) ok=✗
  [68/85] L1425 (R03094) ok=✗
  [69/85] L1430 (R03099) ok=✗
  [70/85] L1431 (R03100) ok=✓ legacy [primed] [hint saved]
  [71/85] L1429 (R03098) ok=✗
  [72/85] L1432 (R03101) ok=✗
  [73/85] L1433 (R03102) ok=✗
  [74/85] L1435 (R03104) ok=✓ legacy [primed] [hint saved]
  [75/85] L1436 (R03105) ok=✗
  [76/85] L1434 (R03103) ok=✗
  [77/85] L1438 (R03107) ok=✓ legacy [primed] [hint saved]
  [78/85] L1439 (R03108) ok=✗
  [79/85] L1437 (R03106) ok=✗
  [80/85] L1441 (R03110) ok=✓ legacy [primed] [hint saved]
  [81/85] L1442 (R03111) ok=✓ legacy [primed] [hint saved]
  [82/85] L1440 (R03109) ok=✗
  [83/85] L1444 (R03113) ok=✓ legacy [primed] [hint saved]
  [84/85] L1443 (R03112) ok=✗
  [85/85] L1445 (R03114) ok=✗
Hints: appended to 14 level(s); 14 hint file(s) changed on disk.
Result: solved=14/85, solvedBeforeFallback=0, fallbackOnly=14, unsolved=71
Wrote logs/solver-corpus2-batches/batch-17.json
Wrote logs/solver-corpus2-batches/batch-17-summary.md
portfolio-solve-sweep: corpus=data/stress/stress-levels-random.json levels=85 (85 to solve) scheduler-mode=legacy budget=8000ms node-budget=20000000 workers=2 enable-flags=STRATEGY_REPAIR_TURN_BIAS save-hints=true
  winner-first: normal + seeded-repair winners (shares solve budget) | 13/85 levels will be primed
  [1/85] L1361 (R03030) ok=✗
  [2/85] L1363 (R03032) ok=✗
  [3/85] L1362 (R03031) ok=✗
  [4/85] L1364 (R03033) ok=✗
  [5/85] L1366 (R03035) ok=✓ legacy [primed] [hint saved]
  [6/85] L1367 (R03036) ok=✗
  [7/85] L1368 (R03037) ok=✗
  [8/85] L1365 (R03034) ok=✗
  [9/85] L1370 (R03039) ok=✗
  [10/85] L1369 (R03038) ok=✗
  [11/85] L1371 (R03040) ok=✗
  [12/85] L1372 (R03041) ok=✗
  [13/85] L1374 (R03043) ok=✗
  [14/85] L1373 (R03042) ok=✗
  [15/85] L1375 (R03044) ok=✗
  [16/85] L1376 (R03045) ok=✗
  [17/85] L1377 (R03046) ok=✗
  [18/85] L1378 (R03047) ok=✗
  [19/85] L1380 (R03049) ok=✗
  [20/85] L1379 (R03048) ok=✗
  [21/85] L1381 (R03050) ok=✗
  [22/85] L1382 (R03051) ok=✗
  [23/85] L1383 (R03052) ok=✗
  [24/85] L1384 (R03053) ok=✗
  [25/85] L1385 (R03054) ok=✗
  [26/85] L1387 (R03056) ok=✗
  [27/85] L1388 (R03057) ok=✗
  [28/85] L1386 (R03055) ok=✗
  [29/85] L1389 (R03058) ok=✗
  [30/85] L1391 (R03060) ok=✓ legacy [primed] [hint saved]
  [31/85] L1390 (R03059) ok=✗
  [32/85] L1393 (R03062) ok=✗
  [33/85] L1392 (R03061) ok=✗
  [34/85] L1394 (R03063) ok=✗
  [35/85] L1396 (R03065) ok=✓ legacy [primed] [hint saved]
  [36/85] L1397 (R03066) ok=✗
  [37/85] L1398 (R03067) ok=✗
  [38/85] L1395 (R03064) ok=✗
  [39/85] L1399 (R03068) ok=✗
  [40/85] L1400 (R03069) ok=✗
  [41/85] L1402 (R03071) ok=✗
  [42/85] L1401 (R03070) ok=✗
  [43/85] L1404 (R03073) ok=✗
  [44/85] L1405 (R03074) ok=✗
  [45/85] L1406 (R03075) ok=✓ legacy [primed] [hint saved]
  [46/85] L1407 (R03076) ok=✗
  [47/85] L1403 (R03072) ok=✗
  [48/85] L1409 (R03078) ok=✗
  [49/85] L1410 (R03079) ok=✗
  [50/85] L1408 (R03077) ok=✗
  [51/85] L1411 (R03080) ok=✗
  [52/85] L1412 (R03081) ok=✗
  [53/85] L1413 (R03082) ok=✗
  [54/85] L1415 (R03084) ok=✗
  [55/85] L1416 (R03085) ok=✓ legacy [primed] [hint saved]
  [56/85] L1417 (R03086) ok=✗
  [57/85] L1414 (R03083) ok=✗
  [58/85] L1418 (R03087) ok=✓ legacy [hint saved]
  [59/85] L1420 (R03089) ok=✗
  [60/85] L1419 (R03088) ok=✗
  [61/85] L1421 (R03090) ok=✗
  [62/85] L1423 (R03092) ok=✗
  [63/85] L1422 (R03091) ok=✗
  [64/85] L1424 (R03093) ok=✗
  [65/85] L1426 (R03095) ok=✗
  [66/85] L1427 (R03096) ok=✓ legacy [primed] [hint saved]
  [67/85] L1428 (R03097) ok=✗
  [68/85] L1425 (R03094) ok=✗
  [69/85] L1430 (R03099) ok=✗
  [70/85] L1431 (R03100) ok=✓ legacy [primed] [hint saved]
  [71/85] L1429 (R03098) ok=✗
  [72/85] L1432 (R03101) ok=✗
  [73/85] L1433 (R03102) ok=✗
  [74/85] L1435 (R03104) ok=✓ legacy [primed] [hint saved]
  [75/85] L1436 (R03105) ok=✗
  [76/85] L1434 (R03103) ok=✗
  [77/85] L1438 (R03107) ok=✓ legacy [primed] [hint saved]
  [78/85] L1439 (R03108) ok=✗
  [79/85] L1437 (R03106) ok=✗
  [80/85] L1441 (R03110) ok=✓ legacy [primed] [hint saved]
  [81/85] L1442 (R03111) ok=✓ legacy [primed] [hint saved]
  [82/85] L1443 (R03112) ok=✗
  [83/85] L1444 (R03113) ok=✓ legacy [primed] [hint saved]
  [84/85] L1440 (R03109) ok=✗
  [85/85] L1445 (R03114) ok=✗
Hints: appended to 13 level(s); 13 hint file(s) changed on disk.
Result: solved=13/85, solvedBeforeFallback=0, fallbackOnly=13, unsolved=72
Wrote logs/solver-corpus2-batches/batch-17.json
Wrote logs/solver-corpus2-batches/batch-17-summary.md
portfolio-solve-sweep: corpus=data/stress/stress-levels-random.json levels=85 (85 to solve) scheduler-mode=legacy budget=8000ms node-budget=20000000 workers=2 enable-flags=STRATEGY_REPAIR_TURN_BIAS save-hints=true
  winner-first: normal + seeded-repair winners (shares solve budget) | 12/85 levels will be primed
  [1/85] L1361 (R03030) ok=✗
  [2/85] L1363 (R03032) ok=✗
  [3/85] L1364 (R03033) ok=✗
  [4/85] L1362 (R03031) ok=✗
  [5/85] L1366 (R03035) ok=✓ legacy [primed] [hint saved]
  [6/85] L1367 (R03036) ok=✗
  [7/85] L1368 (R03037) ok=✗
  [8/85] L1365 (R03034) ok=✗
  [9/85] L1370 (R03039) ok=✗
  [10/85] L1369 (R03038) ok=✗
  [11/85] L1371 (R03040) ok=✗
  [12/85] L1372 (R03041) ok=✗
  [13/85] L1374 (R03043) ok=✗
  [14/85] L1373 (R03042) ok=✗
  [15/85] L1376 (R03045) ok=✗
  [16/85] L1375 (R03044) ok=✗
  [17/85] L1377 (R03046) ok=✗
  [18/85] L1378 (R03047) ok=✗
  [19/85] L1380 (R03049) ok=✗
  [20/85] L1379 (R03048) ok=✗
  [21/85] L1381 (R03050) ok=✗
  [22/85] L1382 (R03051) ok=✗
  [23/85] L1383 (R03052) ok=✗
  [24/85] L1384 (R03053) ok=✗
  [25/85] L1385 (R03054) ok=✗
  [26/85] L1387 (R03056) ok=✗
  [27/85] L1388 (R03057) ok=✗
  [28/85] L1386 (R03055) ok=✗
  [29/85] L1389 (R03058) ok=✗
  [30/85] L1391 (R03060) ok=✓ legacy [primed] [hint saved]
  [31/85] L1390 (R03059) ok=✗
  [32/85] L1393 (R03062) ok=✗
  [33/85] L1392 (R03061) ok=✗
  [34/85] L1394 (R03063) ok=✗
  [35/85] L1396 (R03065) ok=✓ legacy [primed] [hint saved]
  [36/85] L1397 (R03066) ok=✗
  [37/85] L1398 (R03067) ok=✗
  [38/85] L1395 (R03064) ok=✗
  [39/85] L1400 (R03069) ok=✗
  [40/85] L1399 (R03068) ok=✗
  [41/85] L1402 (R03071) ok=✗
  [42/85] L1401 (R03070) ok=✗
  [43/85] L1404 (R03073) ok=✗
  [44/85] L1405 (R03074) ok=✗
  [45/85] L1406 (R03075) ok=✓ legacy [primed] [hint saved]
  [46/85] L1407 (R03076) ok=✗
  [47/85] L1403 (R03072) ok=✗
  [48/85] L1409 (R03078) ok=✗
  [49/85] L1410 (R03079) ok=✗
  [50/85] L1408 (R03077) ok=✗
  [51/85] L1411 (R03080) ok=✗
  [52/85] L1412 (R03081) ok=✗
  [53/85] L1413 (R03082) ok=✗
  [54/85] L1415 (R03084) ok=✗
  [55/85] L1416 (R03085) ok=✓ legacy [primed] [hint saved]
  [56/85] L1417 (R03086) ok=✗
  [57/85] L1418 (R03087) ok=✗
  [58/85] L1414 (R03083) ok=✗
  [59/85] L1420 (R03089) ok=✗
  [60/85] L1419 (R03088) ok=✗
  [61/85] L1421 (R03090) ok=✗
  [62/85] L1423 (R03092) ok=✗
  [63/85] L1422 (R03091) ok=✗
  [64/85] L1424 (R03093) ok=✗
  [65/85] L1426 (R03095) ok=✗
  [66/85] L1427 (R03096) ok=✓ legacy [primed] [hint saved]
  [67/85] L1428 (R03097) ok=✗
  [68/85] L1425 (R03094) ok=✗
  [69/85] L1430 (R03099) ok=✗
  [70/85] L1431 (R03100) ok=✓ legacy [primed] [hint saved]
  [71/85] L1429 (R03098) ok=✗
  [72/85] L1432 (R03101) ok=✗
  [73/85] L1433 (R03102) ok=✗
  [74/85] L1435 (R03104) ok=✓ legacy [primed] [hint saved]
  [75/85] L1436 (R03105) ok=✗
  [76/85] L1434 (R03103) ok=✗
  [77/85] L1438 (R03107) ok=✓ legacy [primed] [hint saved]
  [78/85] L1439 (R03108) ok=✗
  [79/85] L1437 (R03106) ok=✗
  [80/85] L1441 (R03110) ok=✓ legacy [primed] [hint saved]
  [81/85] L1442 (R03111) ok=✓ legacy [primed] [hint saved]
  [82/85] L1440 (R03109) ok=✗
  [83/85] L1444 (R03113) ok=✓ legacy [primed] [hint saved]
  [84/85] L1443 (R03112) ok=✗
  [85/85] L1445 (R03114) ok=✗
Hints: appended to 12 level(s); 12 hint file(s) changed on disk.
Result: solved=12/85, solvedBeforeFallback=0, fallbackOnly=12, unsolved=73
Wrote logs/solver-corpus2-batches/batch-17.json
Wrote logs/solver-corpus2-batches/batch-17-summary.md
portfolio-solve-sweep: corpus=data/stress/stress-levels-random.json levels=85 (85 to solve) scheduler-mode=legacy budget=8000ms node-budget=20000000 workers=2 enable-flags=STRATEGY_REPAIR_TURN_BIAS save-hints=true
  winner-first: normal + seeded-repair winners (shares solve budget) | 12/85 levels will be primed
  [1/85] L1361 (R03030) ok=✗
  [2/85] L1363 (R03032) ok=✗
  [3/85] L1362 (R03031) ok=✗
  [4/85] L1364 (R03033) ok=✗
  [5/85] L1366 (R03035) ok=✓ legacy [primed] [hint saved]
  [6/85] L1367 (R03036) ok=✗
  [7/85] L1365 (R03034) ok=✗
  [8/85] L1368 (R03037) ok=✗
  [9/85] L1369 (R03038) ok=✗
  [10/85] L1370 (R03039) ok=✗
  [11/85] L1371 (R03040) ok=✗
  [12/85] L1372 (R03041) ok=✗
  [13/85] L1374 (R03043) ok=✗
  [14/85] L1373 (R03042) ok=✗
  [15/85] L1376 (R03045) ok=✗
  [16/85] L1375 (R03044) ok=✗
  [17/85] L1377 (R03046) ok=✗
  [18/85] L1378 (R03047) ok=✗
  [19/85] L1380 (R03049) ok=✗
  [20/85] L1379 (R03048) ok=✗
  [21/85] L1381 (R03050) ok=✗
  [22/85] L1382 (R03051) ok=✗
  [23/85] L1383 (R03052) ok=✗
  [24/85] L1384 (R03053) ok=✗
  [25/85] L1385 (R03054) ok=✗
  [26/85] L1387 (R03056) ok=✗
  [27/85] L1388 (R03057) ok=✗
  [28/85] L1386 (R03055) ok=✗
  [29/85] L1389 (R03058) ok=✗
  [30/85] L1391 (R03060) ok=✓ legacy [primed] [hint saved]
  [31/85] L1390 (R03059) ok=✗
  [32/85] L1393 (R03062) ok=✗
  [33/85] L1392 (R03061) ok=✗
  [34/85] L1394 (R03063) ok=✗
  [35/85] L1396 (R03065) ok=✓ legacy [primed] [hint saved]
  [36/85] L1397 (R03066) ok=✗
  [37/85] L1398 (R03067) ok=✗
  [38/85] L1395 (R03064) ok=✗
  [39/85] L1399 (R03068) ok=✗
  [40/85] L1400 (R03069) ok=✗
  [41/85] L1402 (R03071) ok=✗
  [42/85] L1401 (R03070) ok=✗
  [43/85] L1404 (R03073) ok=✗
  [44/85] L1405 (R03074) ok=✗
  [45/85] L1406 (R03075) ok=✓ legacy [primed] [hint saved]
  [46/85] L1407 (R03076) ok=✗
  [47/85] L1403 (R03072) ok=✗
  [48/85] L1409 (R03078) ok=✗
  [49/85] L1410 (R03079) ok=✗
  [50/85] L1408 (R03077) ok=✗
  [51/85] L1412 (R03081) ok=✗
  [52/85] L1411 (R03080) ok=✗
  [53/85] L1413 (R03082) ok=✗
  [54/85] L1415 (R03084) ok=✗
  [55/85] L1416 (R03085) ok=✓ legacy [primed] [hint saved]
  [56/85] L1417 (R03086) ok=✗
  [57/85] L1414 (R03083) ok=✗
  [58/85] L1418 (R03087) ok=✗
  [59/85] L1420 (R03089) ok=✗
  [60/85] L1419 (R03088) ok=✗
  [61/85] L1421 (R03090) ok=✗
  [62/85] L1423 (R03092) ok=✗
  [63/85] L1422 (R03091) ok=✗
  [64/85] L1424 (R03093) ok=✗
  [65/85] L1426 (R03095) ok=✗
  [66/85] L1427 (R03096) ok=✓ legacy [primed] [hint saved]
  [67/85] L1428 (R03097) ok=✗
  [68/85] L1425 (R03094) ok=✗
  [69/85] L1430 (R03099) ok=✗
  [70/85] L1431 (R03100) ok=✓ legacy [primed] [hint saved]
  [71/85] L1429 (R03098) ok=✗
  [72/85] L1432 (R03101) ok=✗
  [73/85] L1433 (R03102) ok=✗
  [74/85] L1435 (R03104) ok=✓ legacy [primed] [hint saved]
  [75/85] L1436 (R03105) ok=✗
  [76/85] L1434 (R03103) ok=✗
  [77/85] L1438 (R03107) ok=✓ legacy [primed] [hint saved]
  [78/85] L1439 (R03108) ok=✗
  [79/85] L1437 (R03106) ok=✗
  [80/85] L1441 (R03110) ok=✓ legacy [primed] [hint saved]
  [81/85] L1442 (R03111) ok=✓ legacy [primed] [hint saved]
  [82/85] L1443 (R03112) ok=✗
  [83/85] L1444 (R03113) ok=✓ legacy [primed] [hint saved]
  [84/85] L1440 (R03109) ok=✗
  [85/85] L1445 (R03114) ok=✗
Hints: appended to 12 level(s); 12 hint file(s) changed on disk.
Result: solved=12/85, solvedBeforeFallback=0, fallbackOnly=12, unsolved=73
Wrote logs/solver-corpus2-batches/batch-17.json
Wrote logs/solver-corpus2-batches/batch-17-summary.md
portfolio-solve-sweep: corpus=data/stress/stress-levels-random.json levels=85 (85 to solve) scheduler-mode=legacy budget=8000ms node-budget=20000000 workers=2 enable-flags=STRATEGY_REPAIR_TURN_BIAS save-hints=true
  winner-first: normal + seeded-repair winners (shares solve budget) | 12/85 levels will be primed
  [1/85] L1361 (R03030) ok=✗
  [2/85] L1363 (R03032) ok=✗
  [3/85] L1364 (R03033) ok=✗
  [4/85] L1362 (R03031) ok=✗
  [5/85] L1366 (R03035) ok=✓ legacy [primed] [hint saved]
  [6/85] L1367 (R03036) ok=✗
  [7/85] L1365 (R03034) ok=✗
  [8/85] L1368 (R03037) ok=✗
  [9/85] L1369 (R03038) ok=✗
  [10/85] L1370 (R03039) ok=✗
  [11/85] L1371 (R03040) ok=✗
  [12/85] L1372 (R03041) ok=✗
  [13/85] L1374 (R03043) ok=✗
  [14/85] L1373 (R03042) ok=✗
  [15/85] L1376 (R03045) ok=✗
  [16/85] L1375 (R03044) ok=✗
  [17/85] L1377 (R03046) ok=✗
  [18/85] L1378 (R03047) ok=✗
  [19/85] L1380 (R03049) ok=✗
  [20/85] L1379 (R03048) ok=✗
  [21/85] L1381 (R03050) ok=✗
  [22/85] L1382 (R03051) ok=✗
  [23/85] L1383 (R03052) ok=✗
  [24/85] L1384 (R03053) ok=✗
  [25/85] L1385 (R03054) ok=✗
  [26/85] L1387 (R03056) ok=✗
  [27/85] L1388 (R03057) ok=✗
  [28/85] L1386 (R03055) ok=✗
  [29/85] L1389 (R03058) ok=✗
  [30/85] L1391 (R03060) ok=✓ legacy [primed] [hint saved]
  [31/85] L1390 (R03059) ok=✗
  [32/85] L1393 (R03062) ok=✗
  [33/85] L1392 (R03061) ok=✗
  [34/85] L1394 (R03063) ok=✗
  [35/85] L1396 (R03065) ok=✓ legacy [primed] [hint saved]
  [36/85] L1397 (R03066) ok=✗
  [37/85] L1398 (R03067) ok=✗
  [38/85] L1399 (R03068) ok=✗
  [39/85] L1395 (R03064) ok=✗
  [40/85] L1400 (R03069) ok=✗
  [41/85] L1402 (R03071) ok=✗
  [42/85] L1401 (R03070) ok=✗
  [43/85] L1404 (R03073) ok=✗
  [44/85] L1405 (R03074) ok=✗
  [45/85] L1406 (R03075) ok=✓ legacy [primed] [hint saved]
  [46/85] L1407 (R03076) ok=✗
  [47/85] L1403 (R03072) ok=✗
  [48/85] L1409 (R03078) ok=✗
  [49/85] L1410 (R03079) ok=✗
  [50/85] L1408 (R03077) ok=✗
  [51/85] L1411 (R03080) ok=✗
  [52/85] L1412 (R03081) ok=✗
  [53/85] L1413 (R03082) ok=✗
  [54/85] L1415 (R03084) ok=✗
  [55/85] L1416 (R03085) ok=✓ legacy [primed] [hint saved]
  [56/85] L1417 (R03086) ok=✗
  [57/85] L1418 (R03087) ok=✗
  [58/85] L1414 (R03083) ok=✗
  [59/85] L1419 (R03088) ok=✗
  [60/85] L1420 (R03089) ok=✗
  [61/85] L1421 (R03090) ok=✗
  [62/85] L1423 (R03092) ok=✗
  [63/85] L1422 (R03091) ok=✗
  [64/85] L1424 (R03093) ok=✗
  [65/85] L1426 (R03095) ok=✗
  [66/85] L1427 (R03096) ok=✓ legacy [primed] [hint saved]
  [67/85] L1428 (R03097) ok=✗
  [68/85] L1425 (R03094) ok=✗
  [69/85] L1430 (R03099) ok=✗
  [70/85] L1431 (R03100) ok=✓ legacy [primed] [hint saved]
  [71/85] L1429 (R03098) ok=✗
  [72/85] L1432 (R03101) ok=✗
  [73/85] L1433 (R03102) ok=✗
  [74/85] L1435 (R03104) ok=✓ legacy [primed] [hint saved]
  [75/85] L1436 (R03105) ok=✗
  [76/85] L1434 (R03103) ok=✗
  [77/85] L1438 (R03107) ok=✓ legacy [primed] [hint saved]
  [78/85] L1439 (R03108) ok=✗
  [79/85] L1437 (R03106) ok=✗
  [80/85] L1441 (R03110) ok=✓ legacy [primed] [hint saved]
  [81/85] L1442 (R03111) ok=✓ legacy [primed] [hint saved]
  [82/85] L1440 (R03109) ok=✗
  [83/85] L1444 (R03113) ok=✓ legacy [primed] [hint saved]
  [84/85] L1443 (R03112) ok=✗
  [85/85] L1445 (R03114) ok=✗
Hints: appended to 12 level(s); 12 hint file(s) changed on disk.
Result: solved=12/85, solvedBeforeFallback=0, fallbackOnly=12, unsolved=73
Wrote logs/solver-corpus2-batches/batch-17.json
Wrote logs/solver-corpus2-batches/batch-17-summary.md
portfolio-solve-sweep: corpus=data/stress/stress-levels-random.json levels=85 (85 to solve) scheduler-mode=legacy budget=86400000ms node-budget=36000000 workers=2 save-hints=true
  winner-first: normal + seeded-repair winners (shares solve budget) | 23/85 levels will be primed
  [1/85] L1361 (R03030) ok=✗
  [2/85] L1363 (R03032) ok=✗
  [3/85] L1362 (R03031) ok=✗
  [4/85] L1364 (R03033) ok=✗
  [5/85] L1366 (R03035) ok=✓ legacy [primed] [hint saved]
  [6/85] L1365 (R03034) ok=✓ legacy [primed] [hint saved]
  [7/85] L1367 (R03036) ok=✓ legacy [hint saved]
  [8/85] L1368 (R03037) ok=✗
  [9/85] L1370 (R03039) ok=✗
  [10/85] L1371 (R03040) ok=✓ legacy [hint saved]
  [11/85] L1369 (R03038) ok=✗
  [12/85] L1372 (R03041) ok=✗
  [13/85] L1374 (R03043) ok=✗
  [14/85] L1373 (R03042) ok=✗
  [15/85] L1375 (R03044) ok=✗
  [16/85] L1377 (R03046) ok=✗
  [17/85] L1376 (R03045) ok=✗
  [18/85] L1378 (R03047) ok=✓ legacy [hint saved]
  [19/85] L1380 (R03049) ok=✗
  [20/85] L1379 (R03048) ok=✗
  [21/85] L1381 (R03050) ok=✗
  [22/85] L1383 (R03052) ok=✗
  [23/85] L1382 (R03051) ok=✗
  [24/85] L1385 (R03054) ok=✗
  [25/85] L1384 (R03053) ok=✗
  [26/85] L1387 (R03056) ok=✗
  [27/85] L1388 (R03057) ok=✗
  [28/85] L1389 (R03058) ok=✓ legacy [primed] [hint saved]
  [29/85] L1386 (R03055) ok=✗
  [30/85] L1391 (R03060) ok=✓ legacy [primed] [hint saved]
  [31/85] L1390 (R03059) ok=✗
  [32/85] L1393 (R03062) ok=✓ legacy [primed] [hint saved]
  [33/85] L1394 (R03063) ok=✓ legacy [primed] [hint saved]
  [34/85] L1395 (R03064) ok=✗
  [35/85] L1396 (R03065) ok=✓ legacy [primed] [hint saved]
  [36/85] L1392 (R03061) ok=✗
  [37/85] L1398 (R03067) ok=✗
  [38/85] L1397 (R03066) ok=✗
  [39/85] L1399 (R03068) ok=✗
  [40/85] L1400 (R03069) ok=✗
  [41/85] L1401 (R03070) ok=✗
  [42/85] L1402 (R03071) ok=✗
  [43/85] L1403 (R03072) ok=✓ legacy [hint saved]
  [44/85] L1404 (R03073) ok=✗
  [45/85] L1406 (R03075) ok=✓ legacy [primed] [hint saved]
  [46/85] L1405 (R03074) ok=✓ legacy [primed] [hint saved]
  [47/85] L1407 (R03076) ok=✗
  [48/85] L1409 (R03078) ok=✗
  [49/85] L1410 (R03079) ok=✗
  [50/85] L1408 (R03077) ok=✗
  [51/85] L1412 (R03081) ok=✓ legacy [primed] [hint saved]
  [52/85] L1413 (R03082) ok=✗
  [53/85] L1411 (R03080) ok=✗
  [54/85] L1414 (R03083) ok=✗
  [55/85] L1416 (R03085) ok=✓ legacy [primed] [hint saved]
  [56/85] L1415 (R03084) ok=✗
  [57/85] L1418 (R03087) ok=✓ legacy [hint saved]
  [58/85] L1417 (R03086) ok=✗
  [59/85] L1420 (R03089) ok=✗
  [60/85] L1421 (R03090) ok=✓ legacy [hint saved]
  [61/85] L1422 (R03091) ok=✓ legacy [hint saved]
  [62/85] L1419 (R03088) ok=✗
  [63/85] L1423 (R03092) ok=✗
  [64/85] L1424 (R03093) ok=✗
  [65/85] L1426 (R03095) ok=✓ legacy [primed] [hint saved]
  [66/85] L1427 (R03096) ok=✓ legacy [primed] [hint saved]
  [67/85] L1428 (R03097) ok=✗
  [68/85] L1425 (R03094) ok=✗
  [69/85] L1430 (R03099) ok=✗
  [70/85] L1429 (R03098) ok=✗
  [71/85] L1432 (R03101) ok=✓ legacy [hint saved]
  [72/85] L1433 (R03102) ok=✗
  [73/85] L1431 (R03100) ok=✗
  [74/85] L1435 (R03104) ok=✓ legacy [primed] [hint saved]
  [75/85] L1434 (R03103) ok=✗
  [76/85] L1436 (R03105) ok=✗
  [77/85] L1438 (R03107) ok=✓ legacy [primed] [hint saved]
  [78/85] L1439 (R03108) ok=✗
  [79/85] L1440 (R03109) ok=✗
  [80/85] L1441 (R03110) ok=✓ legacy [primed] [hint saved]
  [81/85] L1442 (R03111) ok=✓ legacy [primed] [hint saved]
  [82/85] L1443 (R03112) ok=✓ legacy [hint saved]
  [83/85] L1444 (R03113) ok=✓ legacy [primed] [hint saved]
  [84/85] L1445 (R03114) ok=✗
  [85/85] L1437 (R03106) ok=✗
Hints: appended to 27 level(s); 27 hint file(s) changed on disk.
Result: solved=27/85, solvedBeforeFallback=0, fallbackOnly=27, unsolved=58
Wrote logs/solver-corpus2-batches/batch-17.json
Wrote logs/solver-corpus2-batches/batch-17-summary.md
portfolio-solve-sweep: corpus=data/stress/stress-levels-random.json levels=85 (85 to solve) scheduler-mode=legacy budget=86400000ms node-budget=36000000 workers=2 save-hints=true
  winner-first: normal + seeded-repair winners (shares solve budget) | 27/85 levels will be primed
  [1/85] L1361 (R03030) ok=✗
  [2/85] L1362 (R03031) ok=✗
  [3/85] L1363 (R03032) ok=✗
  [4/85] L1365 (R03034) ok=✓ legacy [primed] [hint saved]
  [5/85] L1366 (R03035) ok=✓ legacy [primed] [hint saved]
  [6/85] L1367 (R03036) ok=✓ legacy [primed] [hint saved]
  [7/85] L1364 (R03033) ok=✗
  [8/85] L1368 (R03037) ok=✗
  [9/85] L1369 (R03038) ok=✗
  [10/85] L1371 (R03040) ok=✓ legacy [primed] [hint saved]
  [11/85] L1370 (R03039) ok=✗
  [12/85] L1372 (R03041) ok=✗
  [13/85] L1374 (R03043) ok=✗
  [14/85] L1373 (R03042) ok=✗
  [15/85] L1376 (R03045) ok=✗
  [16/85] L1375 (R03044) ok=✗
  [17/85] L1378 (R03047) ok=✓ legacy [primed] [hint saved]
  [18/85] L1377 (R03046) ok=✗
  [19/85] L1380 (R03049) ok=✗
  [20/85] L1379 (R03048) ok=✗
  [21/85] L1381 (R03050) ok=✗
  [22/85] L1383 (R03052) ok=✗
  [23/85] L1382 (R03051) ok=✗
  [24/85] L1385 (R03054) ok=✗
  [25/85] L1384 (R03053) ok=✗
  [26/85] L1387 (R03056) ok=✗
  [27/85] L1388 (R03057) ok=✗
  [28/85] L1389 (R03058) ok=✓ legacy [primed] [hint saved]
  [29/85] L1386 (R03055) ok=✗
  [30/85] L1391 (R03060) ok=✓ legacy [primed] [hint saved]
  [31/85] L1390 (R03059) ok=✗
  [32/85] L1393 (R03062) ok=✓ legacy [primed] [hint saved]
  [33/85] L1394 (R03063) ok=✓ legacy [primed] [hint saved]
  [34/85] L1395 (R03064) ok=✗
  [35/85] L1396 (R03065) ok=✓ legacy [primed] [hint saved]
  [36/85] L1392 (R03061) ok=✗
  [37/85] L1398 (R03067) ok=✗
  [38/85] L1399 (R03068) ok=✗
  [39/85] L1397 (R03066) ok=✗
  [40/85] L1400 (R03069) ok=✗
  [41/85] L1401 (R03070) ok=✗
  [42/85] L1403 (R03072) ok=✓ legacy [primed] [hint saved]
  [43/85] L1402 (R03071) ok=✗
  [44/85] L1404 (R03073) ok=✗
  [45/85] L1406 (R03075) ok=✓ legacy [primed] [hint saved]
  [46/85] L1405 (R03074) ok=✓ legacy [primed] [hint saved]
  [47/85] L1407 (R03076) ok=✗
  [48/85] L1409 (R03078) ok=✗
  [49/85] L1410 (R03079) ok=✗
  [50/85] L1408 (R03077) ok=✗
  [51/85] L1412 (R03081) ok=✓ legacy [primed] [hint saved]
  [52/85] L1413 (R03082) ok=✗
  [53/85] L1411 (R03080) ok=✗
  [54/85] L1414 (R03083) ok=✗
  [55/85] L1416 (R03085) ok=✓ legacy [primed] [hint saved]
  [56/85] L1415 (R03084) ok=✗
  [57/85] L1418 (R03087) ok=✓ legacy [primed] [hint saved]
  [58/85] L1417 (R03086) ok=✗
  [59/85] L1419 (R03088) ok=✗
  [60/85] L1420 (R03089) ok=✗
  [61/85] L1422 (R03091) ok=✓ legacy [primed] [hint saved]
  [62/85] L1421 (R03090) ok=✓ legacy [primed] [hint saved]
  [63/85] L1423 (R03092) ok=✗
  [64/85] L1424 (R03093) ok=✗
  [65/85] L1426 (R03095) ok=✓ legacy [primed] [hint saved]
  [66/85] L1427 (R03096) ok=✓ legacy [primed] [hint saved]
  [67/85] L1428 (R03097) ok=✗
  [68/85] L1425 (R03094) ok=✗
  [69/85] L1430 (R03099) ok=✗
  [70/85] L1429 (R03098) ok=✗
  [71/85] L1432 (R03101) ok=✓ legacy [primed] [hint saved]
  [72/85] L1433 (R03102) ok=✗
  [73/85] L1431 (R03100) ok=✓ legacy [hint saved]
  [74/85] L1435 (R03104) ok=✓ legacy [primed] [hint saved]
  [75/85] L1436 (R03105) ok=✗
  [76/85] L1434 (R03103) ok=✗
  [77/85] L1438 (R03107) ok=✓ legacy [primed] [hint saved]
  [78/85] L1437 (R03106) ok=✗
  [79/85] L1439 (R03108) ok=✗
  [80/85] L1441 (R03110) ok=✓ legacy [primed] [hint saved]
  [81/85] L1442 (R03111) ok=✓ legacy [primed] [hint saved]
  [82/85] L1443 (R03112) ok=✓ legacy [primed] [hint saved]
  [83/85] L1444 (R03113) ok=✓ legacy [primed] [hint saved]
  [84/85] L1445 (R03114) ok=✗
  [85/85] L1440 (R03109) ok=✗
Hints: appended to 28 level(s); 28 hint file(s) changed on disk.
Result: solved=28/85, solvedBeforeFallback=0, fallbackOnly=28, unsolved=57
Wrote logs/solver-corpus2-batches/batch-17.json
Wrote logs/solver-corpus2-batches/batch-17-summary.md
