Prepared batch 14 (levels 1106-1190) at 2026-07-17T22:34:13Z.
portfolio-solve-sweep: corpus=data/stress/stress-levels-random.json levels=85 (85 to solve) scheduler-mode=legacy budget=8000ms node-budget=20000000 workers=2 save-hints=true
  [1/85] L1106 (R02775) ok=✓ legacy [hint saved]
  [2/85] L1107 (R02776) ok=✓ legacy [hint saved]
  [3/85] L1108 (R02777) ok=✗
  [4/85] L1109 (R02778) ok=✗
  [5/85] L1111 (R02780) ok=✗
  [6/85] L1110 (R02779) ok=✗
  [7/85] L1112 (R02781) ok=✗
  [8/85] L1113 (R02782) ok=✗
  [9/85] L1115 (R02784) ok=✓ legacy [hint saved]
  [10/85] L1116 (R02785) ok=✓ legacy [hint saved]
  [11/85] L1114 (R02783) ok=✗
  [12/85] L1117 (R02786) ok=✗
  [13/85] L1118 (R02787) ok=✗
  [14/85] L1119 (R02788) ok=✗
  [15/85] L1120 (R02789) ok=✗
  [16/85] L1121 (R02790) ok=✗
  [17/85] L1122 (R02791) ok=✗
  [18/85] L1123 (R02792) ok=✗
  [19/85] L1125 (R02794) ok=✗
  [20/85] L1126 (R02795) ok=✗
  [21/85] L1124 (R02793) ok=✗
  [22/85] L1127 (R02796) ok=✗
  [23/85] L1128 (R02797) ok=✓ legacy [hint saved]
  [24/85] L1129 (R02798) ok=✗
  [25/85] L1130 (R02799) ok=✗
  [26/85] L1131 (R02800) ok=✗
  [27/85] L1132 (R02801) ok=✗
  [28/85] L1133 (R02802) ok=✗
  [29/85] L1135 (R02804) ok=✓ legacy [hint saved]
  [30/85] L1134 (R02803) ok=✗
  [31/85] L1136 (R02805) ok=✓ legacy [hint saved]
  [32/85] L1137 (R02806) ok=✗
  [33/85] L1138 (R02807) ok=✗
  [34/85] L1139 (R02808) ok=✗
  [35/85] L1141 (R02810) ok=✗
  [36/85] L1142 (R02811) ok=✗
  [37/85] L1143 (R02812) ok=✗
  [38/85] L1140 (R02809) ok=✗
  [39/85] L1144 (R02813) ok=✗
  [40/85] L1145 (R02814) ok=✗
  [41/85] L1147 (R02816) ok=✗
  [42/85] L1146 (R02815) ok=✗
  [43/85] L1148 (R02817) ok=✓ legacy [hint saved]
  [44/85] L1149 (R02818) ok=✗
  [45/85] L1150 (R02819) ok=✗
  [46/85] L1152 (R02821) ok=✗
  [47/85] L1153 (R02822) ok=✓ legacy [hint saved]
  [48/85] L1151 (R02820) ok=✗
  [49/85] L1155 (R02824) ok=✓ legacy [hint saved]
  [50/85] L1156 (R02825) ok=✓ legacy [hint saved]
  [51/85] L1154 (R02823) ok=✗
  [52/85] L1158 (R02827) ok=✓ legacy [hint saved]
  [53/85] L1157 (R02826) ok=✗
  [54/85] L1159 (R02828) ok=✗
  [55/85] L1160 (R02829) ok=✗
  [56/85] L1162 (R02831) ok=✓ legacy [hint saved]
  [57/85] L1161 (R02830) ok=✗
  [58/85] L1163 (R02832) ok=✗
  [59/85] L1165 (R02834) ok=✓ legacy [hint saved]
  [60/85] L1164 (R02833) ok=✗
  [61/85] L1167 (R02836) ok=✓ legacy [hint saved]
  [62/85] L1166 (R02835) ok=✗
  [63/85] L1168 (R02837) ok=✗
  [64/85] L1169 (R02838) ok=✗
  [65/85] L1170 (R02839) ok=✗
  [66/85] L1171 (R02840) ok=✓ legacy [hint saved]
  [67/85] L1172 (R02841) ok=✓ legacy [hint saved]
  [68/85] L1174 (R02843) ok=✗
  [69/85] L1173 (R02842) ok=✗
  [70/85] L1175 (R02844) ok=✗
  [71/85] L1177 (R02846) ok=✗
  [72/85] L1176 (R02845) ok=✗
  [73/85] L1178 (R02847) ok=✗
  [74/85] L1180 (R02849) ok=✗
  [75/85] L1179 (R02848) ok=✗
  [76/85] L1182 (R02851) ok=✓ legacy [hint saved]
  [77/85] L1181 (R02850) ok=✗
  [78/85] L1184 (R02853) ok=✗
  [79/85] L1183 (R02852) ok=✗
  [80/85] L1186 (R02855) ok=✓ legacy [hint saved]
  [81/85] L1185 (R02854) ok=✗
  [82/85] L1187 (R02856) ok=✗
  [83/85] L1189 (R02858) ok=✗
  [84/85] L1190 (R02859) ok=✓ legacy [hint saved]
  [85/85] L1188 (R02857) ok=✗
Hints: appended to 20 level(s); 20 hint file(s) changed on disk.
Result: solved=20/85, solvedBeforeFallback=0, fallbackOnly=20, unsolved=65
Wrote logs/solver-corpus2-batches/batch-14.json
Wrote logs/solver-corpus2-batches/batch-14-summary.md
portfolio-solve-sweep: corpus=data/stress/stress-levels-random.json levels=85 (85 to solve) scheduler-mode=legacy budget=8000ms node-budget=20000000 workers=2 save-hints=true
  [1/85] L1106 (R02775) ok=✓ legacy [hint saved]
  [2/85] L1108 (R02777) ok=✗
  [3/85] L1107 (R02776) ok=✗
  [4/85] L1109 (R02778) ok=✗
  [5/85] L1111 (R02780) ok=✗
  [6/85] L1112 (R02781) ok=✗
  [7/85] L1110 (R02779) ok=✗
  [8/85] L1113 (R02782) ok=✗
  [9/85] L1115 (R02784) ok=✓ legacy [hint saved]
  [10/85] L1114 (R02783) ok=✗
  [11/85] L1116 (R02785) ok=✓ legacy [hint saved]
  [12/85] L1117 (R02786) ok=✗
  [13/85] L1118 (R02787) ok=✗
  [14/85] L1120 (R02789) ok=✗
  [15/85] L1119 (R02788) ok=✗
  [16/85] L1121 (R02790) ok=✗
  [17/85] L1122 (R02791) ok=✗
  [18/85] L1123 (R02792) ok=✗
  [19/85] L1125 (R02794) ok=✗
  [20/85] L1126 (R02795) ok=✓ legacy [hint saved]
  [21/85] L1127 (R02796) ok=✗
  [22/85] L1128 (R02797) ok=✓ legacy [hint saved]
  [23/85] L1124 (R02793) ok=✗
  [24/85] L1129 (R02798) ok=✗
  [25/85] L1130 (R02799) ok=✗
  [26/85] L1131 (R02800) ok=✗
  [27/85] L1133 (R02802) ok=✗
  [28/85] L1134 (R02803) ok=✗
  [29/85] L1135 (R02804) ok=✓ legacy [hint saved]
  [30/85] L1132 (R02801) ok=✗
  [31/85] L1136 (R02805) ok=✓ legacy [hint saved]
  [32/85] L1137 (R02806) ok=✗
  [33/85] L1138 (R02807) ok=✗
  [34/85] L1139 (R02808) ok=✗
  [35/85] L1141 (R02810) ok=✗
  [36/85] L1142 (R02811) ok=✗
  [37/85] L1143 (R02812) ok=✗
  [38/85] L1144 (R02813) ok=✗
  [39/85] L1140 (R02809) ok=✗
  [40/85] L1146 (R02815) ok=✗
  [41/85] L1147 (R02816) ok=✗
  [42/85] L1145 (R02814) ok=✗
  [43/85] L1148 (R02817) ok=✓ legacy [hint saved]
  [44/85] L1149 (R02818) ok=✗
  [45/85] L1150 (R02819) ok=✗
  [46/85] L1152 (R02821) ok=✗
  [47/85] L1153 (R02822) ok=✓ legacy [hint saved]
  [48/85] L1151 (R02820) ok=✗
  [49/85] L1154 (R02823) ok=✗
  [50/85] L1155 (R02824) ok=✓ legacy [hint saved]
  [51/85] L1156 (R02825) ok=✓ legacy [hint saved]
  [52/85] L1158 (R02827) ok=✗
  [53/85] L1159 (R02828) ok=✗
  [54/85] L1157 (R02826) ok=✗
  [55/85] L1160 (R02829) ok=✗
  [56/85] L1162 (R02831) ok=✓ legacy [hint saved]
  [57/85] L1161 (R02830) ok=✗
  [58/85] L1163 (R02832) ok=✗
  [59/85] L1165 (R02834) ok=✓ legacy [hint saved]
  [60/85] L1164 (R02833) ok=✗
  [61/85] L1167 (R02836) ok=✓ legacy [hint saved]
  [62/85] L1168 (R02837) ok=✗
  [63/85] L1166 (R02835) ok=✗
  [64/85] L1170 (R02839) ok=✗
  [65/85] L1169 (R02838) ok=✗
  [66/85] L1171 (R02840) ok=✓ legacy [hint saved]
  [67/85] L1172 (R02841) ok=✓ legacy [hint saved]
  [68/85] L1174 (R02843) ok=✗
  [69/85] L1173 (R02842) ok=✗
  [70/85] L1175 (R02844) ok=✗
  [71/85] L1177 (R02846) ok=✗
  [72/85] L1176 (R02845) ok=✗
  [73/85] L1178 (R02847) ok=✗
  [74/85] L1180 (R02849) ok=✗
  [75/85] L1181 (R02850) ok=✗
  [76/85] L1182 (R02851) ok=✓ legacy [hint saved]
  [77/85] L1179 (R02848) ok=✗
  [78/85] L1184 (R02853) ok=✗
  [79/85] L1183 (R02852) ok=✗
  [80/85] L1186 (R02855) ok=✓ legacy [hint saved]
  [81/85] L1185 (R02854) ok=✗
  [82/85] L1187 (R02856) ok=✗
  [83/85] L1189 (R02858) ok=✗
  [84/85] L1190 (R02859) ok=✗
  [85/85] L1188 (R02857) ok=✗
Hints: appended to 18 level(s); 18 hint file(s) changed on disk.
Result: solved=18/85, solvedBeforeFallback=0, fallbackOnly=18, unsolved=67
Wrote logs/solver-corpus2-batches/batch-14.json
Wrote logs/solver-corpus2-batches/batch-14-summary.md
portfolio-solve-sweep: corpus=data/stress/stress-levels-random.json levels=85 (85 to solve) scheduler-mode=legacy budget=8000ms node-budget=20000000 workers=2 save-hints=true
  [1/85] L1106 (R02775) ok=✓ legacy [hint saved]
  [2/85] L1107 (R02776) ok=✗
  [3/85] L1108 (R02777) ok=✗
  [4/85] L1109 (R02778) ok=✓ legacy [hint saved]
  [5/85] L1111 (R02780) ok=✗
  [6/85] L1112 (R02781) ok=✗
  [7/85] L1110 (R02779) ok=✗
  [8/85] L1113 (R02782) ok=✗
  [9/85] L1115 (R02784) ok=✓ legacy [hint saved]
  [10/85] L1116 (R02785) ok=✓ legacy [hint saved]
  [11/85] L1114 (R02783) ok=✗
  [12/85] L1117 (R02786) ok=✗
  [13/85] L1118 (R02787) ok=✗
  [14/85] L1120 (R02789) ok=✗
  [15/85] L1119 (R02788) ok=✗
  [16/85] L1122 (R02791) ok=✗
  [17/85] L1121 (R02790) ok=✗
  [18/85] L1123 (R02792) ok=✗
  [19/85] L1125 (R02794) ok=✗
  [20/85] L1126 (R02795) ok=✓ legacy [hint saved]
  [21/85] L1127 (R02796) ok=✗
  [22/85] L1128 (R02797) ok=✓ legacy [hint saved]
  [23/85] L1129 (R02798) ok=✗
  [24/85] L1124 (R02793) ok=✗
  [25/85] L1130 (R02799) ok=✗
  [26/85] L1131 (R02800) ok=✗
  [27/85] L1133 (R02802) ok=✗
  [28/85] L1134 (R02803) ok=✗
  [29/85] L1135 (R02804) ok=✓ legacy [hint saved]
  [30/85] L1132 (R02801) ok=✗
  [31/85] L1136 (R02805) ok=✓ legacy [hint saved]
  [32/85] L1137 (R02806) ok=✗
  [33/85] L1138 (R02807) ok=✗
  [34/85] L1139 (R02808) ok=✗
  [35/85] L1141 (R02810) ok=✗
  [36/85] L1142 (R02811) ok=✗
  [37/85] L1143 (R02812) ok=✗
  [38/85] L1144 (R02813) ok=✗
  [39/85] L1140 (R02809) ok=✗
  [40/85] L1146 (R02815) ok=✗
  [41/85] L1145 (R02814) ok=✗
  [42/85] L1147 (R02816) ok=✗
  [43/85] L1148 (R02817) ok=✓ legacy [hint saved]
  [44/85] L1149 (R02818) ok=✗
  [45/85] L1150 (R02819) ok=✗
  [46/85] L1152 (R02821) ok=✗
  [47/85] L1153 (R02822) ok=✓ legacy [hint saved]
  [48/85] L1151 (R02820) ok=✗
  [49/85] L1155 (R02824) ok=✓ legacy [hint saved]
  [50/85] L1156 (R02825) ok=✓ legacy [hint saved]
  [51/85] L1154 (R02823) ok=✗
  [52/85] L1158 (R02827) ok=✗
  [53/85] L1159 (R02828) ok=✗
  [54/85] L1157 (R02826) ok=✗
  [55/85] L1160 (R02829) ok=✗
  [56/85] L1162 (R02831) ok=✓ legacy [hint saved]
  [57/85] L1161 (R02830) ok=✗
  [58/85] L1163 (R02832) ok=✗
  [59/85] L1165 (R02834) ok=✓ legacy [hint saved]
  [60/85] L1164 (R02833) ok=✗
  [61/85] L1167 (R02836) ok=✓ legacy [hint saved]
  [62/85] L1168 (R02837) ok=✗
  [63/85] L1166 (R02835) ok=✗
  [64/85] L1169 (R02838) ok=✗
  [65/85] L1171 (R02840) ok=✓ legacy [hint saved]
  [66/85] L1172 (R02841) ok=✓ legacy [hint saved]
  [67/85] L1170 (R02839) ok=✗
  [68/85] L1174 (R02843) ok=✗
  [69/85] L1173 (R02842) ok=✗
  [70/85] L1175 (R02844) ok=✗
  [71/85] L1177 (R02846) ok=✗
  [72/85] L1176 (R02845) ok=✗
  [73/85] L1178 (R02847) ok=✗
  [74/85] L1180 (R02849) ok=✗
  [75/85] L1181 (R02850) ok=✗
  [76/85] L1182 (R02851) ok=✓ legacy [hint saved]
  [77/85] L1179 (R02848) ok=✗
  [78/85] L1183 (R02852) ok=✗
  [79/85] L1184 (R02853) ok=✗
  [80/85] L1186 (R02855) ok=✓ legacy [hint saved]
  [81/85] L1185 (R02854) ok=✗
  [82/85] L1187 (R02856) ok=✗
  [83/85] L1189 (R02858) ok=✗
  [84/85] L1190 (R02859) ok=✗
  [85/85] L1188 (R02857) ok=✗
Hints: appended to 19 level(s); 19 hint file(s) changed on disk.
Result: solved=19/85, solvedBeforeFallback=0, fallbackOnly=19, unsolved=66
Wrote logs/solver-corpus2-batches/batch-14.json
Wrote logs/solver-corpus2-batches/batch-14-summary.md
portfolio-solve-sweep: corpus=data/stress/stress-levels-random.json levels=85 (85 to solve) scheduler-mode=legacy budget=8000ms node-budget=20000000 workers=2 enable-flags=STRATEGY_REPAIR_TURN_BIAS save-hints=true
  [1/85] L1106 (R02775) ok=✓ legacy [hint saved]
  [2/85] L1107 (R02776) ok=✗
  [3/85] L1108 (R02777) ok=✗
  [4/85] L1109 (R02778) ok=✗
  [5/85] L1111 (R02780) ok=✗
  [6/85] L1112 (R02781) ok=✗
  [7/85] L1113 (R02782) ok=✗
  [8/85] L1110 (R02779) ok=✗
  [9/85] L1115 (R02784) ok=✓ legacy [hint saved]
  [10/85] L1116 (R02785) ok=✓ legacy [hint saved]
  [11/85] L1117 (R02786) ok=✗
  [12/85] L1114 (R02783) ok=✗
  [13/85] L1118 (R02787) ok=✗
  [14/85] L1120 (R02789) ok=✗
  [15/85] L1121 (R02790) ok=✗
  [16/85] L1122 (R02791) ok=✓ legacy [hint saved]
  [17/85] L1119 (R02788) ok=✗
  [18/85] L1123 (R02792) ok=✗
  [19/85] L1125 (R02794) ok=✗
  [20/85] L1126 (R02795) ok=✗
  [21/85] L1127 (R02796) ok=✗
  [22/85] L1128 (R02797) ok=✓ legacy [hint saved]
  [23/85] L1129 (R02798) ok=✗
  [24/85] L1124 (R02793) ok=✗
  [25/85] L1130 (R02799) ok=✗
  [26/85] L1131 (R02800) ok=✗
  [27/85] L1133 (R02802) ok=✗
  [28/85] L1134 (R02803) ok=✗
  [29/85] L1135 (R02804) ok=✓ legacy [hint saved]
  [30/85] L1132 (R02801) ok=✗
  [31/85] L1136 (R02805) ok=✓ legacy [hint saved]
  [32/85] L1137 (R02806) ok=✗
  [33/85] L1138 (R02807) ok=✗
  [34/85] L1139 (R02808) ok=✗
  [35/85] L1141 (R02810) ok=✗
  [36/85] L1142 (R02811) ok=✗
  [37/85] L1143 (R02812) ok=✗
  [38/85] L1144 (R02813) ok=✗
  [39/85] L1140 (R02809) ok=✗
  [40/85] L1145 (R02814) ok=✗
  [41/85] L1146 (R02815) ok=✗
  [42/85] L1148 (R02817) ok=✓ legacy [hint saved]
  [43/85] L1147 (R02816) ok=✓ legacy [hint saved]
  [44/85] L1149 (R02818) ok=✗
  [45/85] L1150 (R02819) ok=✗
  [46/85] L1152 (R02821) ok=✗
  [47/85] L1153 (R02822) ok=✓ legacy [hint saved]
  [48/85] L1151 (R02820) ok=✗
  [49/85] L1154 (R02823) ok=✗
  [50/85] L1156 (R02825) ok=✓ legacy [hint saved]
  [51/85] L1155 (R02824) ok=✗
  [52/85] L1158 (R02827) ok=✗
  [53/85] L1157 (R02826) ok=✗
  [54/85] L1159 (R02828) ok=✗
  [55/85] L1160 (R02829) ok=✗
  [56/85] L1162 (R02831) ok=✓ legacy [hint saved]
  [57/85] L1161 (R02830) ok=✗
  [58/85] L1163 (R02832) ok=✗
  [59/85] L1165 (R02834) ok=✗
  [60/85] L1164 (R02833) ok=✗
  [61/85] L1167 (R02836) ok=✓ legacy [hint saved]
  [62/85] L1168 (R02837) ok=✗
  [63/85] L1169 (R02838) ok=✗
  [64/85] L1166 (R02835) ok=✗
  [65/85] L1171 (R02840) ok=✓ legacy [hint saved]
  [66/85] L1170 (R02839) ok=✗
  [67/85] L1172 (R02841) ok=✓ legacy [hint saved]
  [68/85] L1174 (R02843) ok=✗
  [69/85] L1173 (R02842) ok=✗
  [70/85] L1176 (R02845) ok=✗
  [71/85] L1175 (R02844) ok=✗
  [72/85] L1177 (R02846) ok=✗
  [73/85] L1178 (R02847) ok=✗
  [74/85] L1180 (R02849) ok=✗
  [75/85] L1181 (R02850) ok=✗
  [76/85] L1182 (R02851) ok=✓ legacy [hint saved]
  [77/85] L1179 (R02848) ok=✗
  [78/85] L1183 (R02852) ok=✗
  [79/85] L1184 (R02853) ok=✗
  [80/85] L1186 (R02855) ok=✓ legacy [hint saved]
  [81/85] L1187 (R02856) ok=✗
  [82/85] L1185 (R02854) ok=✗
  [83/85] L1189 (R02858) ok=✗
  [84/85] L1190 (R02859) ok=✗
  [85/85] L1188 (R02857) ok=✗
Hints: appended to 17 level(s); 17 hint file(s) changed on disk.
Result: solved=17/85, solvedBeforeFallback=0, fallbackOnly=17, unsolved=68
Wrote logs/solver-corpus2-batches/batch-14.json
Wrote logs/solver-corpus2-batches/batch-14-summary.md
portfolio-solve-sweep: corpus=data/stress/stress-levels-random.json levels=85 (85 to solve) scheduler-mode=legacy budget=30000ms node-budget=60000000 workers=2 enable-flags=STRATEGY_REPAIR_TURN_BIAS save-hints=true
  [1/85] L1106 (R02775) ok=✓ legacy [hint saved]
  [2/85] L1107 (R02776) ok=✓ legacy [hint saved]
  [3/85] L1109 (R02778) ok=✓ legacy [hint saved]
  [4/85] L1108 (R02777) ok=✗
  [5/85] L1111 (R02780) ok=✗
  [6/85] L1112 (R02781) ok=✗
  [7/85] L1113 (R02782) ok=✗
  [8/85] L1110 (R02779) ok=✗
  [9/85] L1115 (R02784) ok=✓ legacy [hint saved]
  [10/85] L1116 (R02785) ok=✓ legacy [hint saved]
  [11/85] L1117 (R02786) ok=✗
  [12/85] L1114 (R02783) ok=✗
  [13/85] L1118 (R02787) ok=✗
  [14/85] L1120 (R02789) ok=✗
  [15/85] L1121 (R02790) ok=✗
  [16/85] L1119 (R02788) ok=✗
  [17/85] L1122 (R02791) ok=✓ legacy [hint saved]
  [18/85] L1123 (R02792) ok=✗
  [19/85] L1125 (R02794) ok=✗
  [20/85] L1126 (R02795) ok=✓ legacy [hint saved]
  [21/85] L1127 (R02796) ok=✗
  [22/85] L1128 (R02797) ok=✓ legacy [hint saved]
  [23/85] L1129 (R02798) ok=✗
  [24/85] L1130 (R02799) ok=✗
  [25/85] L1124 (R02793) ok=✗
  [26/85] L1131 (R02800) ok=✗
  [27/85] L1133 (R02802) ok=✗
  [28/85] L1134 (R02803) ok=✗
  [29/85] L1135 (R02804) ok=✓ legacy [hint saved]
  [30/85] L1132 (R02801) ok=✗
  [31/85] L1136 (R02805) ok=✓ legacy [hint saved]
  [32/85] L1137 (R02806) ok=✗
  [33/85] L1138 (R02807) ok=✗
  [34/85] L1139 (R02808) ok=✓ legacy [hint saved]
  [35/85] L1141 (R02810) ok=✗
  [36/85] L1142 (R02811) ok=✗
  [37/85] L1143 (R02812) ok=✗
  [38/85] L1144 (R02813) ok=✗
  [39/85] L1140 (R02809) ok=✗
  [40/85] L1145 (R02814) ok=✗
  [41/85] L1146 (R02815) ok=✗
  [42/85] L1148 (R02817) ok=✓ legacy [hint saved]
  [43/85] L1147 (R02816) ok=✓ legacy [hint saved]
  [44/85] L1149 (R02818) ok=✗
  [45/85] L1150 (R02819) ok=✗
  [46/85] L1152 (R02821) ok=✗
  [47/85] L1151 (R02820) ok=✓ legacy [hint saved]
  [48/85] L1153 (R02822) ok=✓ legacy [hint saved]
  [49/85] L1155 (R02824) ok=✓ legacy [hint saved]
  [50/85] L1156 (R02825) ok=✓ legacy [hint saved]
  [51/85] L1154 (R02823) ok=✗
  [52/85] L1158 (R02827) ok=✓ legacy [hint saved]
  [53/85] L1157 (R02826) ok=✗
  [54/85] L1159 (R02828) ok=✗
  [55/85] L1160 (R02829) ok=✗
  [56/85] L1162 (R02831) ok=✓ legacy [hint saved]
  [57/85] L1161 (R02830) ok=✗
  [58/85] L1163 (R02832) ok=✗
  [59/85] L1165 (R02834) ok=✓ legacy [hint saved]
  [60/85] L1164 (R02833) ok=✗
  [61/85] L1167 (R02836) ok=✓ legacy [hint saved]
  [62/85] L1166 (R02835) ok=✗
  [63/85] L1168 (R02837) ok=✗
  [64/85] L1169 (R02838) ok=✗
  [65/85] L1171 (R02840) ok=✓ legacy [hint saved]
  [66/85] L1172 (R02841) ok=✓ legacy [hint saved]
  [67/85] L1170 (R02839) ok=✗
  [68/85] L1174 (R02843) ok=✗
  [69/85] L1173 (R02842) ok=✗
  [70/85] L1175 (R02844) ok=✗
  [71/85] L1176 (R02845) ok=✗
  [72/85] L1177 (R02846) ok=✗
  [73/85] L1178 (R02847) ok=✗
  [74/85] L1180 (R02849) ok=✗
  [75/85] L1181 (R02850) ok=✗
  [76/85] L1182 (R02851) ok=✓ legacy [hint saved]
  [77/85] L1179 (R02848) ok=✗
  [78/85] L1184 (R02853) ok=✓ legacy [hint saved]
  [79/85] L1183 (R02852) ok=✗
  [80/85] L1186 (R02855) ok=✓ legacy [hint saved]
  [81/85] L1185 (R02854) ok=✗
  [82/85] L1187 (R02856) ok=✗
  [83/85] L1189 (R02858) ok=✗
  [84/85] L1190 (R02859) ok=✗
  [85/85] L1188 (R02857) ok=✗
Hints: appended to 26 level(s); 26 hint file(s) changed on disk.
Result: solved=26/85, solvedBeforeFallback=0, fallbackOnly=26, unsolved=59
Wrote logs/solver-corpus2-batches/batch-14.json
Wrote logs/solver-corpus2-batches/batch-14-summary.md
portfolio-solve-sweep: corpus=data/stress/stress-levels-random.json levels=85 (85 to solve) scheduler-mode=legacy budget=60000ms node-budget=120000000 workers=2 enable-flags=STRATEGY_REPAIR_TURN_BIAS save-hints=true
  [1/85] L1106 (R02775) ok=✓ legacy [hint saved]
  [2/85] L1107 (R02776) ok=✓ legacy [hint saved]
  [3/85] L1109 (R02778) ok=✓ legacy [hint saved]
  [4/85] L1108 (R02777) ok=✗
  [5/85] L1111 (R02780) ok=✗
  [6/85] L1112 (R02781) ok=✗
  [7/85] L1113 (R02782) ok=✗
  [8/85] L1110 (R02779) ok=✗
  [9/85] L1115 (R02784) ok=✓ legacy [hint saved]
  [10/85] L1116 (R02785) ok=✓ legacy [hint saved]
  [11/85] L1117 (R02786) ok=✗
  [12/85] L1114 (R02783) ok=✗
  [13/85] L1118 (R02787) ok=✗
  [14/85] L1120 (R02789) ok=✗
  [15/85] L1121 (R02790) ok=✗
  [16/85] L1119 (R02788) ok=✗
  [17/85] L1123 (R02792) ok=✗
  [18/85] L1122 (R02791) ok=✓ legacy [hint saved]
  [19/85] L1125 (R02794) ok=✗
  [20/85] L1126 (R02795) ok=✓ legacy [hint saved]
  [21/85] L1127 (R02796) ok=✗
  [22/85] L1128 (R02797) ok=✓ legacy [hint saved]
  [23/85] L1129 (R02798) ok=✗
  [24/85] L1130 (R02799) ok=✗
  [25/85] L1124 (R02793) ok=✗
  [26/85] L1131 (R02800) ok=✗
  [27/85] L1133 (R02802) ok=✗
  [28/85] L1134 (R02803) ok=✓ legacy [hint saved]
  [29/85] L1132 (R02801) ok=✗
  [30/85] L1135 (R02804) ok=✓ legacy [hint saved]
  [31/85] L1136 (R02805) ok=✓ legacy [hint saved]
  [32/85] L1137 (R02806) ok=✗
  [33/85] L1139 (R02808) ok=✓ legacy [hint saved]
  [34/85] L1138 (R02807) ok=✗
  [35/85] L1141 (R02810) ok=✗
  [36/85] L1142 (R02811) ok=✗
  [37/85] L1143 (R02812) ok=✗
  [38/85] L1144 (R02813) ok=✗
  [39/85] L1140 (R02809) ok=✗
  [40/85] L1146 (R02815) ok=✓ legacy [hint saved]
  [41/85] L1147 (R02816) ok=✓ legacy [hint saved]
  [42/85] L1148 (R02817) ok=✓ legacy [hint saved]
  [43/85] L1145 (R02814) ok=✗
  [44/85] L1149 (R02818) ok=✗
  [45/85] L1150 (R02819) ok=✗
  [46/85] L1151 (R02820) ok=✓ legacy [hint saved]
  [47/85] L1152 (R02821) ok=✗
  [48/85] L1153 (R02822) ok=✓ legacy [hint saved]
  [49/85] L1155 (R02824) ok=✓ legacy [hint saved]
  [50/85] L1156 (R02825) ok=✓ legacy [hint saved]
  [51/85] L1154 (R02823) ok=✗
  [52/85] L1158 (R02827) ok=✓ legacy [hint saved]
  [53/85] L1157 (R02826) ok=✗
  [54/85] L1159 (R02828) ok=✗
  [55/85] L1160 (R02829) ok=✗
  [56/85] L1162 (R02831) ok=✓ legacy [hint saved]
  [57/85] L1161 (R02830) ok=✗
  [58/85] L1163 (R02832) ok=✗
  [59/85] L1165 (R02834) ok=✓ legacy [hint saved]
  [60/85] L1164 (R02833) ok=✗
  [61/85] L1167 (R02836) ok=✓ legacy [hint saved]
  [62/85] L1166 (R02835) ok=✗
  [63/85] L1168 (R02837) ok=✗
  [64/85] L1169 (R02838) ok=✗
  [65/85] L1171 (R02840) ok=✓ legacy [hint saved]
  [66/85] L1172 (R02841) ok=✓ legacy [hint saved]
  [67/85] L1170 (R02839) ok=✗
  [68/85] L1174 (R02843) ok=✓ legacy [hint saved]
  [69/85] L1175 (R02844) ok=✗
  [70/85] L1173 (R02842) ok=✗
  [71/85] L1176 (R02845) ok=✗
  [72/85] L1177 (R02846) ok=✗
  [73/85] L1178 (R02847) ok=✗
  [74/85] L1180 (R02849) ok=✗
  [75/85] L1181 (R02850) ok=✗
  [76/85] L1182 (R02851) ok=✓ legacy [hint saved]
  [77/85] L1179 (R02848) ok=✗
  [78/85] L1184 (R02853) ok=✓ legacy [hint saved]
  [79/85] L1183 (R02852) ok=✗
  [80/85] L1186 (R02855) ok=✓ legacy [hint saved]
  [81/85] L1185 (R02854) ok=✗
  [82/85] L1187 (R02856) ok=✗
  [83/85] L1189 (R02858) ok=✗
  [84/85] L1190 (R02859) ok=✗
  [85/85] L1188 (R02857) ok=✗
Hints: appended to 29 level(s); 29 hint file(s) changed on disk.
Result: solved=29/85, solvedBeforeFallback=0, fallbackOnly=29, unsolved=56
Wrote logs/solver-corpus2-batches/batch-14.json
Wrote logs/solver-corpus2-batches/batch-14-summary.md
portfolio-solve-sweep: corpus=data/stress/stress-levels-random.json levels=85 (85 to solve) scheduler-mode=legacy budget=8000ms node-budget=20000000 workers=2 save-hints=true
  adaptive budgets: mult=3x floor=2,000,000 unsolved=20,000,000 | 29 known-solved scaled (min 2,000,000 / med 20,000,000 / max 331,924,836 nodes)
  winner-first: normal + seeded-repair winners (shares solve budget) | 17/85 levels will be primed
  [1/85] L1106 (R02775) ok=✓ legacy [hint saved]
  [2/85] L1107 (R02776) ok=✓ legacy [primed] [hint saved]
  [3/85] L1109 (R02778) ok=✓ legacy [primed] [hint saved]
  [4/85] L1108 (R02777) ok=✗
  [5/85] L1111 (R02780) ok=✗
  [6/85] L1112 (R02781) ok=✗
  [7/85] L1110 (R02779) ok=✗
  [8/85] L1113 (R02782) ok=✗
  [9/85] L1115 (R02784) ok=✓ legacy [primed] [hint saved]
  [10/85] L1116 (R02785) ok=✓ legacy [primed] [hint saved]
  [11/85] L1114 (R02783) ok=✗
  [12/85] L1117 (R02786) ok=✗
  [13/85] L1118 (R02787) ok=✗
  [14/85] L1120 (R02789) ok=✗
  [15/85] L1119 (R02788) ok=✗
  [16/85] L1121 (R02790) ok=✗
  [17/85] L1122 (R02791) ok=✓ legacy [hint saved]
  [18/85] L1123 (R02792) ok=✗
  [19/85] L1125 (R02794) ok=✗
  [20/85] L1126 (R02795) ok=✓ legacy [primed] [hint saved]
  [21/85] L1127 (R02796) ok=✗
  [22/85] L1128 (R02797) ok=✓ legacy [hint saved]
  [23/85] L1129 (R02798) ok=✗
  [24/85] L1124 (R02793) ok=✗
  [25/85] L1130 (R02799) ok=✗
  [26/85] L1131 (R02800) ok=✗
  [27/85] L1133 (R02802) ok=✗
  [28/85] L1134 (R02803) ok=✓ legacy [primed] [hint saved]
  [29/85] L1135 (R02804) ok=✓ legacy [hint saved]
  [30/85] L1136 (R02805) ok=✓ legacy [primed] [hint saved]
  [31/85] L1132 (R02801) ok=✗
  [32/85] L1137 (R02806) ok=✗
  [33/85] L1139 (R02808) ok=✓ legacy [primed] [hint saved]
  [34/85] L1138 (R02807) ok=✗
  [35/85] L1141 (R02810) ok=✗
  [36/85] L1142 (R02811) ok=✗
  [37/85] L1143 (R02812) ok=✗
  [38/85] L1144 (R02813) ok=✗
  [39/85] L1140 (R02809) ok=✗
  [40/85] L1145 (R02814) ok=✗
  [41/85] L1146 (R02815) ok=✓ legacy [hint saved]
  [42/85] L1147 (R02816) ok=✓ legacy [hint saved]
  [43/85] L1148 (R02817) ok=✓ legacy [hint saved]
  [44/85] L1149 (R02818) ok=✗
  [45/85] L1150 (R02819) ok=✗
  [46/85] L1151 (R02820) ok=✓ legacy [primed] [hint saved]
  [47/85] L1153 (R02822) ok=✓ legacy [primed] [hint saved]
  [48/85] L1152 (R02821) ok=✗
  [49/85] L1155 (R02824) ok=✓ legacy [primed] [hint saved]
  [50/85] L1156 (R02825) ok=✓ legacy [hint saved]
  [51/85] L1154 (R02823) ok=✗
  [52/85] L1158 (R02827) ok=✓ legacy [primed] [hint saved]
  [53/85] L1159 (R02828) ok=✗
  [54/85] L1157 (R02826) ok=✗
  [55/85] L1160 (R02829) ok=✗
  [56/85] L1162 (R02831) ok=✓ legacy [hint saved]
  [57/85] L1161 (R02830) ok=✗
  [58/85] L1163 (R02832) ok=✗
  [59/85] L1165 (R02834) ok=✓ legacy [primed] [hint saved]
  [60/85] L1164 (R02833) ok=✗
  [61/85] L1167 (R02836) ok=✓ legacy [primed] [hint saved]
  [62/85] L1166 (R02835) ok=✗
  [63/85] L1168 (R02837) ok=✗
  [64/85] L1170 (R02839) ok=✗
  [65/85] L1171 (R02840) ok=✓ legacy [hint saved]
  [66/85] L1169 (R02838) ok=✗
  [67/85] L1172 (R02841) ok=✓ legacy [primed] [hint saved]
  [68/85] L1173 (R02842) ok=✗
  [69/85] L1174 (R02843) ok=✓ legacy [hint saved]
  [70/85] L1176 (R02845) ok=✗
  [71/85] L1177 (R02846) ok=✗
  [72/85] L1175 (R02844) ok=✗
  [73/85] L1178 (R02847) ok=✗
  [74/85] L1180 (R02849) ok=✗
  [75/85] L1181 (R02850) ok=✗
  [76/85] L1182 (R02851) ok=✓ legacy [primed] [hint saved]
  [77/85] L1183 (R02852) ok=✗
  [78/85] L1179 (R02848) ok=✗
  [79/85] L1184 (R02853) ok=✓ legacy [primed] [hint saved]
  [80/85] L1186 (R02855) ok=✓ legacy [hint saved]
  [81/85] L1187 (R02856) ok=✗
  [82/85] L1185 (R02854) ok=✗
  [83/85] L1189 (R02858) ok=✗
  [84/85] L1190 (R02859) ok=✗
  [85/85] L1188 (R02857) ok=✗
Hints: appended to 29 level(s); 29 hint file(s) changed on disk.
Result: solved=29/85, solvedBeforeFallback=0, fallbackOnly=29, unsolved=56
Wrote logs/solver-corpus2-batches/batch-14.json
Wrote logs/solver-corpus2-batches/batch-14-summary.md
portfolio-solve-sweep: corpus=data/stress/stress-levels-random.json levels=85 (85 to solve) scheduler-mode=legacy budget=8000ms node-budget=20000000 workers=2 save-hints=true
  winner-first: normal + seeded-repair winners (shares solve budget) | 24/85 levels will be primed
  [1/85] L1106 (R02775) ok=✓ legacy [primed] [hint saved]
  [2/85] L1107 (R02776) ok=✓ legacy [primed] [hint saved]
  [3/85] L1109 (R02778) ok=✓ legacy [primed] [hint saved]
  [4/85] L1108 (R02777) ok=✗
  [5/85] L1111 (R02780) ok=✗
  [6/85] L1112 (R02781) ok=✗
  [7/85] L1110 (R02779) ok=✗
  [8/85] L1113 (R02782) ok=✗
  [9/85] L1115 (R02784) ok=✓ legacy [primed] [hint saved]
  [10/85] L1116 (R02785) ok=✓ legacy [primed] [hint saved]
  [11/85] L1114 (R02783) ok=✗
  [12/85] L1117 (R02786) ok=✗
  [13/85] L1118 (R02787) ok=✗
  [14/85] L1120 (R02789) ok=✗
  [15/85] L1119 (R02788) ok=✗
  [16/85] L1122 (R02791) ok=✗
  [17/85] L1121 (R02790) ok=✗
  [18/85] L1123 (R02792) ok=✗
  [19/85] L1125 (R02794) ok=✗
  [20/85] L1126 (R02795) ok=✓ legacy [primed] [hint saved]
  [21/85] L1127 (R02796) ok=✗
  [22/85] L1128 (R02797) ok=✓ legacy [primed] [hint saved]
  [23/85] L1129 (R02798) ok=✗
  [24/85] L1124 (R02793) ok=✗
  [25/85] L1130 (R02799) ok=✗
  [26/85] L1131 (R02800) ok=✗
  [27/85] L1133 (R02802) ok=✗
  [28/85] L1134 (R02803) ok=✓ legacy [primed] [hint saved]
  [29/85] L1132 (R02801) ok=✗
  [30/85] L1136 (R02805) ok=✓ legacy [primed] [hint saved]
  [31/85] L1135 (R02804) ok=✓ legacy [primed] [hint saved]
  [32/85] L1137 (R02806) ok=✗
  [33/85] L1139 (R02808) ok=✓ legacy [primed] [hint saved]
  [34/85] L1138 (R02807) ok=✗
  [35/85] L1141 (R02810) ok=✗
  [36/85] L1142 (R02811) ok=✗
  [37/85] L1143 (R02812) ok=✗
  [38/85] L1144 (R02813) ok=✗
  [39/85] L1140 (R02809) ok=✗
  [40/85] L1146 (R02815) ok=✗
  [41/85] L1147 (R02816) ok=✗
  [42/85] L1148 (R02817) ok=✓ legacy [primed] [hint saved]
  [43/85] L1145 (R02814) ok=✗
  [44/85] L1149 (R02818) ok=✗
  [45/85] L1151 (R02820) ok=✓ legacy [primed] [hint saved]
  [46/85] L1150 (R02819) ok=✗
  [47/85] L1153 (R02822) ok=✓ legacy [primed] [hint saved]
  [48/85] L1152 (R02821) ok=✗
  [49/85] L1155 (R02824) ok=✓ legacy [primed] [hint saved]
  [50/85] L1156 (R02825) ok=✓ legacy [primed] [hint saved]
  [51/85] L1154 (R02823) ok=✗
  [52/85] L1158 (R02827) ok=✓ legacy [primed] [hint saved]
  [53/85] L1159 (R02828) ok=✗
  [54/85] L1157 (R02826) ok=✗
  [55/85] L1160 (R02829) ok=✗
  [56/85] L1162 (R02831) ok=✓ legacy [hint saved]
  [57/85] L1161 (R02830) ok=✗
  [58/85] L1163 (R02832) ok=✗
  [59/85] L1165 (R02834) ok=✓ legacy [primed] [hint saved]
  [60/85] L1164 (R02833) ok=✗
  [61/85] L1167 (R02836) ok=✓ legacy [primed] [hint saved]
  [62/85] L1168 (R02837) ok=✗
  [63/85] L1166 (R02835) ok=✗
  [64/85] L1169 (R02838) ok=✗
  [65/85] L1171 (R02840) ok=✓ legacy [primed] [hint saved]
  [66/85] L1172 (R02841) ok=✓ legacy [primed] [hint saved]
  [67/85] L1170 (R02839) ok=✗
  [68/85] L1174 (R02843) ok=✗
  [69/85] L1173 (R02842) ok=✗
  [70/85] L1176 (R02845) ok=✗
  [71/85] L1175 (R02844) ok=✗
  [72/85] L1177 (R02846) ok=✗
  [73/85] L1178 (R02847) ok=✗
  [74/85] L1180 (R02849) ok=✗
  [75/85] L1181 (R02850) ok=✗
  [76/85] L1182 (R02851) ok=✓ legacy [primed] [hint saved]
  [77/85] L1179 (R02848) ok=✗
  [78/85] L1184 (R02853) ok=✓ legacy [primed] [hint saved]
  [79/85] L1185 (R02854) ok=✗
  [80/85] L1186 (R02855) ok=✓ legacy [primed] [hint saved]
  [81/85] L1183 (R02852) ok=✗
  [82/85] L1187 (R02856) ok=✗
  [83/85] L1189 (R02858) ok=✗
  [84/85] L1190 (R02859) ok=✗
  [85/85] L1188 (R02857) ok=✗
Hints: appended to 25 level(s); 25 hint file(s) changed on disk.
Result: solved=25/85, solvedBeforeFallback=0, fallbackOnly=25, unsolved=60
Wrote logs/solver-corpus2-batches/batch-14.json
Wrote logs/solver-corpus2-batches/batch-14-summary.md
portfolio-solve-sweep: corpus=data/stress/stress-levels-random.json levels=85 (85 to solve) scheduler-mode=legacy budget=8000ms node-budget=20000000 workers=2 enable-flags=STRATEGY_REPAIR_TURN_BIAS save-hints=true
  winner-first: normal + seeded-repair winners (shares solve budget) | 24/85 levels will be primed
  [1/85] L1106 (R02775) ok=✓ legacy [primed] [hint saved]
  [2/85] L1107 (R02776) ok=✓ legacy [primed] [hint saved]
  [3/85] L1109 (R02778) ok=✓ legacy [primed] [hint saved]
  [4/85] L1108 (R02777) ok=✗
  [5/85] L1111 (R02780) ok=✗
  [6/85] L1112 (R02781) ok=✗
  [7/85] L1113 (R02782) ok=✗
  [8/85] L1110 (R02779) ok=✗
  [9/85] L1115 (R02784) ok=✓ legacy [primed] [hint saved]
  [10/85] L1116 (R02785) ok=✓ legacy [primed] [hint saved]
  [11/85] L1117 (R02786) ok=✗
  [12/85] L1118 (R02787) ok=✗
  [13/85] L1114 (R02783) ok=✗
  [14/85] L1120 (R02789) ok=✗
  [15/85] L1121 (R02790) ok=✗
  [16/85] L1122 (R02791) ok=✓ legacy [hint saved]
  [17/85] L1119 (R02788) ok=✗
  [18/85] L1123 (R02792) ok=✗
  [19/85] L1125 (R02794) ok=✗
  [20/85] L1126 (R02795) ok=✓ legacy [primed] [hint saved]
  [21/85] L1127 (R02796) ok=✗
  [22/85] L1128 (R02797) ok=✓ legacy [primed] [hint saved]
  [23/85] L1129 (R02798) ok=✗
  [24/85] L1124 (R02793) ok=✗
  [25/85] L1130 (R02799) ok=✗
  [26/85] L1131 (R02800) ok=✗
  [27/85] L1133 (R02802) ok=✗
  [28/85] L1134 (R02803) ok=✓ legacy [primed] [hint saved]
  [29/85] L1135 (R02804) ok=✓ legacy [primed] [hint saved]
  [30/85] L1136 (R02805) ok=✓ legacy [primed] [hint saved]
  [31/85] L1132 (R02801) ok=✗
  [32/85] L1137 (R02806) ok=✗
  [33/85] L1139 (R02808) ok=✓ legacy [primed] [hint saved]
  [34/85] L1138 (R02807) ok=✗
  [35/85] L1141 (R02810) ok=✗
  [36/85] L1142 (R02811) ok=✗
  [37/85] L1143 (R02812) ok=✗
  [38/85] L1144 (R02813) ok=✗
  [39/85] L1140 (R02809) ok=✗
  [40/85] L1146 (R02815) ok=✗
  [41/85] L1145 (R02814) ok=✗
  [42/85] L1148 (R02817) ok=✓ legacy [primed] [hint saved]
  [43/85] L1147 (R02816) ok=✓ legacy [hint saved]
  [44/85] L1149 (R02818) ok=✗
  [45/85] L1151 (R02820) ok=✓ legacy [primed] [hint saved]
  [46/85] L1150 (R02819) ok=✗
  [47/85] L1153 (R02822) ok=✓ legacy [primed] [hint saved]
  [48/85] L1152 (R02821) ok=✗
  [49/85] L1155 (R02824) ok=✓ legacy [primed] [hint saved]
  [50/85] L1156 (R02825) ok=✓ legacy [primed] [hint saved]
  [51/85] L1154 (R02823) ok=✗
  [52/85] L1158 (R02827) ok=✓ legacy [primed] [hint saved]
  [53/85] L1157 (R02826) ok=✗
  [54/85] L1159 (R02828) ok=✗
  [55/85] L1160 (R02829) ok=✗
  [56/85] L1162 (R02831) ok=✓ legacy [hint saved]
  [57/85] L1161 (R02830) ok=✗
  [58/85] L1163 (R02832) ok=✗
  [59/85] L1165 (R02834) ok=✓ legacy [primed] [hint saved]
  [60/85] L1164 (R02833) ok=✗
  [61/85] L1167 (R02836) ok=✓ legacy [primed] [hint saved]
  [62/85] L1168 (R02837) ok=✗
  [63/85] L1166 (R02835) ok=✗
  [64/85] L1169 (R02838) ok=✗
  [65/85] L1171 (R02840) ok=✓ legacy [primed] [hint saved]
  [66/85] L1170 (R02839) ok=✗
  [67/85] L1172 (R02841) ok=✓ legacy [primed] [hint saved]
  [68/85] L1174 (R02843) ok=✗
  [69/85] L1173 (R02842) ok=✗
  [70/85] L1176 (R02845) ok=✗
  [71/85] L1175 (R02844) ok=✗
  [72/85] L1177 (R02846) ok=✗
  [73/85] L1178 (R02847) ok=✗
  [74/85] L1180 (R02849) ok=✗
  [75/85] L1181 (R02850) ok=✗
  [76/85] L1182 (R02851) ok=✓ legacy [primed] [hint saved]
  [77/85] L1179 (R02848) ok=✗
  [78/85] L1184 (R02853) ok=✓ legacy [primed] [hint saved]
  [79/85] L1183 (R02852) ok=✗
  [80/85] L1186 (R02855) ok=✓ legacy [primed] [hint saved]
  [81/85] L1185 (R02854) ok=✗
  [82/85] L1187 (R02856) ok=✗
  [83/85] L1189 (R02858) ok=✗
  [84/85] L1190 (R02859) ok=✗
  [85/85] L1188 (R02857) ok=✗
Hints: appended to 27 level(s); 27 hint file(s) changed on disk.
Result: solved=27/85, solvedBeforeFallback=0, fallbackOnly=27, unsolved=58
Wrote logs/solver-corpus2-batches/batch-14.json
Wrote logs/solver-corpus2-batches/batch-14-summary.md
portfolio-solve-sweep: corpus=data/stress/stress-levels-random.json levels=85 (85 to solve) scheduler-mode=legacy budget=8000ms node-budget=20000000 workers=2 enable-flags=STRATEGY_REPAIR_TURN_BIAS save-hints=true
  winner-first: normal + seeded-repair winners (shares solve budget) | 24/85 levels will be primed
  [1/85] L1106 (R02775) ok=✓ legacy [primed] [hint saved]
  [2/85] L1107 (R02776) ok=✓ legacy [primed] [hint saved]
  [3/85] L1109 (R02778) ok=✓ legacy [primed] [hint saved]
  [4/85] L1108 (R02777) ok=✗
  [5/85] L1111 (R02780) ok=✗
  [6/85] L1112 (R02781) ok=✗
  [7/85] L1113 (R02782) ok=✗
  [8/85] L1110 (R02779) ok=✗
  [9/85] L1115 (R02784) ok=✓ legacy [primed] [hint saved]
  [10/85] L1116 (R02785) ok=✓ legacy [primed] [hint saved]
  [11/85] L1117 (R02786) ok=✗
  [12/85] L1118 (R02787) ok=✗
  [13/85] L1114 (R02783) ok=✗
  [14/85] L1120 (R02789) ok=✗
  [15/85] L1121 (R02790) ok=✗
  [16/85] L1122 (R02791) ok=✓ legacy [hint saved]
  [17/85] L1119 (R02788) ok=✗
  [18/85] L1123 (R02792) ok=✗
  [19/85] L1125 (R02794) ok=✗
  [20/85] L1126 (R02795) ok=✓ legacy [primed] [hint saved]
  [21/85] L1127 (R02796) ok=✗
  [22/85] L1128 (R02797) ok=✓ legacy [primed] [hint saved]
  [23/85] L1129 (R02798) ok=✗
  [24/85] L1124 (R02793) ok=✗
  [25/85] L1130 (R02799) ok=✗
  [26/85] L1131 (R02800) ok=✗
  [27/85] L1133 (R02802) ok=✗
  [28/85] L1132 (R02801) ok=✗
  [29/85] L1134 (R02803) ok=✓ legacy [primed] [hint saved]
  [30/85] L1136 (R02805) ok=✓ legacy [primed] [hint saved]
  [31/85] L1135 (R02804) ok=✓ legacy [primed] [hint saved]
  [32/85] L1137 (R02806) ok=✗
  [33/85] L1139 (R02808) ok=✓ legacy [primed] [hint saved]
  [34/85] L1138 (R02807) ok=✗
  [35/85] L1141 (R02810) ok=✗
  [36/85] L1142 (R02811) ok=✗
  [37/85] L1143 (R02812) ok=✗
  [38/85] L1144 (R02813) ok=✗
  [39/85] L1140 (R02809) ok=✗
  [40/85] L1146 (R02815) ok=✗
  [41/85] L1145 (R02814) ok=✗
  [42/85] L1148 (R02817) ok=✓ legacy [primed] [hint saved]
  [43/85] L1147 (R02816) ok=✓ legacy [hint saved]
  [44/85] L1149 (R02818) ok=✗
  [45/85] L1151 (R02820) ok=✓ legacy [primed] [hint saved]
  [46/85] L1150 (R02819) ok=✗
  [47/85] L1153 (R02822) ok=✓ legacy [primed] [hint saved]
  [48/85] L1152 (R02821) ok=✗
  [49/85] L1155 (R02824) ok=✓ legacy [primed] [hint saved]
  [50/85] L1156 (R02825) ok=✓ legacy [primed] [hint saved]
  [51/85] L1154 (R02823) ok=✗
  [52/85] L1158 (R02827) ok=✓ legacy [primed] [hint saved]
  [53/85] L1157 (R02826) ok=✗
  [54/85] L1159 (R02828) ok=✗
  [55/85] L1160 (R02829) ok=✗
  [56/85] L1162 (R02831) ok=✓ legacy [hint saved]
  [57/85] L1161 (R02830) ok=✗
  [58/85] L1163 (R02832) ok=✗
  [59/85] L1165 (R02834) ok=✓ legacy [primed] [hint saved]
  [60/85] L1164 (R02833) ok=✗
  [61/85] L1167 (R02836) ok=✓ legacy [primed] [hint saved]
  [62/85] L1166 (R02835) ok=✗
  [63/85] L1168 (R02837) ok=✗
  [64/85] L1169 (R02838) ok=✗
  [65/85] L1171 (R02840) ok=✓ legacy [primed] [hint saved]
  [66/85] L1170 (R02839) ok=✗
  [67/85] L1172 (R02841) ok=✓ legacy [primed] [hint saved]
  [68/85] L1174 (R02843) ok=✗
  [69/85] L1173 (R02842) ok=✗
  [70/85] L1175 (R02844) ok=✗
  [71/85] L1176 (R02845) ok=✗
  [72/85] L1177 (R02846) ok=✗
  [73/85] L1178 (R02847) ok=✗
  [74/85] L1180 (R02849) ok=✗
  [75/85] L1181 (R02850) ok=✗
  [76/85] L1182 (R02851) ok=✓ legacy [primed] [hint saved]
  [77/85] L1179 (R02848) ok=✗
  [78/85] L1184 (R02853) ok=✓ legacy [primed] [hint saved]
  [79/85] L1183 (R02852) ok=✗
  [80/85] L1186 (R02855) ok=✓ legacy [primed] [hint saved]
  [81/85] L1185 (R02854) ok=✗
  [82/85] L1187 (R02856) ok=✗
  [83/85] L1189 (R02858) ok=✗
  [84/85] L1190 (R02859) ok=✗
  [85/85] L1188 (R02857) ok=✗
Hints: appended to 27 level(s); 27 hint file(s) changed on disk.
Result: solved=27/85, solvedBeforeFallback=0, fallbackOnly=27, unsolved=58
Wrote logs/solver-corpus2-batches/batch-14.json
Wrote logs/solver-corpus2-batches/batch-14-summary.md
portfolio-solve-sweep: corpus=data/stress/stress-levels-random.json levels=85 (85 to solve) scheduler-mode=legacy budget=8000ms node-budget=20000000 workers=2 enable-flags=STRATEGY_REPAIR_TURN_BIAS save-hints=true
  winner-first: normal + seeded-repair winners (shares solve budget) | 24/85 levels will be primed
  [1/85] L1106 (R02775) ok=✓ legacy [primed] [hint saved]
  [2/85] L1107 (R02776) ok=✓ legacy [primed] [hint saved]
  [3/85] L1109 (R02778) ok=✓ legacy [primed] [hint saved]
  [4/85] L1108 (R02777) ok=✗
  [5/85] L1111 (R02780) ok=✗
  [6/85] L1112 (R02781) ok=✗
  [7/85] L1110 (R02779) ok=✗
  [8/85] L1113 (R02782) ok=✗
  [9/85] L1115 (R02784) ok=✓ legacy [primed] [hint saved]
  [10/85] L1116 (R02785) ok=✓ legacy [primed] [hint saved]
  [11/85] L1117 (R02786) ok=✗
  [12/85] L1118 (R02787) ok=✗
  [13/85] L1114 (R02783) ok=✗
  [14/85] L1120 (R02789) ok=✗
  [15/85] L1121 (R02790) ok=✗
  [16/85] L1122 (R02791) ok=✓ legacy [hint saved]
  [17/85] L1119 (R02788) ok=✗
  [18/85] L1123 (R02792) ok=✗
  [19/85] L1125 (R02794) ok=✗
  [20/85] L1126 (R02795) ok=✓ legacy [primed] [hint saved]
  [21/85] L1127 (R02796) ok=✗
  [22/85] L1128 (R02797) ok=✓ legacy [primed] [hint saved]
  [23/85] L1129 (R02798) ok=✗
  [24/85] L1124 (R02793) ok=✗
  [25/85] L1130 (R02799) ok=✗
  [26/85] L1131 (R02800) ok=✗
  [27/85] L1133 (R02802) ok=✗
  [28/85] L1134 (R02803) ok=✓ legacy [primed] [hint saved]
  [29/85] L1135 (R02804) ok=✓ legacy [primed] [hint saved]
  [30/85] L1136 (R02805) ok=✓ legacy [primed] [hint saved]
  [31/85] L1132 (R02801) ok=✗
  [32/85] L1137 (R02806) ok=✗
  [33/85] L1139 (R02808) ok=✓ legacy [primed] [hint saved]
  [34/85] L1138 (R02807) ok=✗
  [35/85] L1141 (R02810) ok=✗
  [36/85] L1142 (R02811) ok=✗
  [37/85] L1143 (R02812) ok=✗
  [38/85] L1144 (R02813) ok=✗
  [39/85] L1140 (R02809) ok=✗
  [40/85] L1146 (R02815) ok=✗
  [41/85] L1145 (R02814) ok=✗
  [42/85] L1148 (R02817) ok=✓ legacy [primed] [hint saved]
  [43/85] L1147 (R02816) ok=✓ legacy [hint saved]
  [44/85] L1149 (R02818) ok=✗
  [45/85] L1150 (R02819) ok=✗
  [46/85] L1151 (R02820) ok=✓ legacy [primed] [hint saved]
  [47/85] L1153 (R02822) ok=✓ legacy [primed] [hint saved]
  [48/85] L1152 (R02821) ok=✗
  [49/85] L1155 (R02824) ok=✓ legacy [primed] [hint saved]
  [50/85] L1156 (R02825) ok=✓ legacy [primed] [hint saved]
  [51/85] L1154 (R02823) ok=✗
  [52/85] L1158 (R02827) ok=✓ legacy [primed] [hint saved]
  [53/85] L1157 (R02826) ok=✗
  [54/85] L1159 (R02828) ok=✗
  [55/85] L1160 (R02829) ok=✗
  [56/85] L1162 (R02831) ok=✓ legacy [hint saved]
  [57/85] L1161 (R02830) ok=✗
  [58/85] L1163 (R02832) ok=✗
  [59/85] L1165 (R02834) ok=✓ legacy [primed] [hint saved]
  [60/85] L1164 (R02833) ok=✗
  [61/85] L1167 (R02836) ok=✓ legacy [primed] [hint saved]
  [62/85] L1168 (R02837) ok=✗
  [63/85] L1166 (R02835) ok=✗
  [64/85] L1169 (R02838) ok=✗
  [65/85] L1171 (R02840) ok=✓ legacy [primed] [hint saved]
  [66/85] L1170 (R02839) ok=✗
  [67/85] L1172 (R02841) ok=✓ legacy [primed] [hint saved]
  [68/85] L1174 (R02843) ok=✗
  [69/85] L1173 (R02842) ok=✗
  [70/85] L1176 (R02845) ok=✗
  [71/85] L1177 (R02846) ok=✗
  [72/85] L1175 (R02844) ok=✗
  [73/85] L1178 (R02847) ok=✗
  [74/85] L1180 (R02849) ok=✗
  [75/85] L1181 (R02850) ok=✗
  [76/85] L1182 (R02851) ok=✓ legacy [primed] [hint saved]
  [77/85] L1179 (R02848) ok=✗
  [78/85] L1184 (R02853) ok=✓ legacy [primed] [hint saved]
  [79/85] L1185 (R02854) ok=✗
  [80/85] L1186 (R02855) ok=✓ legacy [primed] [hint saved]
  [81/85] L1183 (R02852) ok=✗
  [82/85] L1187 (R02856) ok=✗
  [83/85] L1189 (R02858) ok=✗
  [84/85] L1190 (R02859) ok=✗
  [85/85] L1188 (R02857) ok=✗
Hints: appended to 27 level(s); 27 hint file(s) changed on disk.
Result: solved=27/85, solvedBeforeFallback=0, fallbackOnly=27, unsolved=58
Wrote logs/solver-corpus2-batches/batch-14.json
Wrote logs/solver-corpus2-batches/batch-14-summary.md
portfolio-solve-sweep: corpus=data/stress/stress-levels-random.json levels=85 (85 to solve) scheduler-mode=legacy budget=8000ms node-budget=20000000 workers=2 enable-flags=STRATEGY_REPAIR_TURN_BIAS save-hints=true
  winner-first: normal + seeded-repair winners (shares solve budget) | 24/85 levels will be primed
  [1/85] L1106 (R02775) ok=✓ legacy [primed] [hint saved]
  [2/85] L1107 (R02776) ok=✓ legacy [primed] [hint saved]
  [3/85] L1109 (R02778) ok=✓ legacy [primed] [hint saved]
  [4/85] L1108 (R02777) ok=✗
  [5/85] L1111 (R02780) ok=✗
  [6/85] L1112 (R02781) ok=✗
  [7/85] L1113 (R02782) ok=✗
  [8/85] L1110 (R02779) ok=✗
  [9/85] L1115 (R02784) ok=✓ legacy [primed] [hint saved]
  [10/85] L1116 (R02785) ok=✓ legacy [primed] [hint saved]
  [11/85] L1117 (R02786) ok=✗
  [12/85] L1114 (R02783) ok=✗
  [13/85] L1118 (R02787) ok=✗
  [14/85] L1120 (R02789) ok=✗
  [15/85] L1121 (R02790) ok=✗
  [16/85] L1122 (R02791) ok=✓ legacy [hint saved]
  [17/85] L1119 (R02788) ok=✗
  [18/85] L1123 (R02792) ok=✗
  [19/85] L1125 (R02794) ok=✗
  [20/85] L1126 (R02795) ok=✓ legacy [primed] [hint saved]
  [21/85] L1127 (R02796) ok=✗
  [22/85] L1128 (R02797) ok=✓ legacy [primed] [hint saved]
  [23/85] L1129 (R02798) ok=✗
  [24/85] L1124 (R02793) ok=✗
  [25/85] L1130 (R02799) ok=✗
  [26/85] L1131 (R02800) ok=✗
  [27/85] L1133 (R02802) ok=✗
  [28/85] L1134 (R02803) ok=✓ legacy [primed] [hint saved]
  [29/85] L1135 (R02804) ok=✓ legacy [primed] [hint saved]
  [30/85] L1136 (R02805) ok=✓ legacy [primed] [hint saved]
  [31/85] L1132 (R02801) ok=✗
  [32/85] L1137 (R02806) ok=✗
  [33/85] L1139 (R02808) ok=✓ legacy [primed] [hint saved]
  [34/85] L1138 (R02807) ok=✗
  [35/85] L1141 (R02810) ok=✗
  [36/85] L1142 (R02811) ok=✗
  [37/85] L1143 (R02812) ok=✗
  [38/85] L1144 (R02813) ok=✗
  [39/85] L1140 (R02809) ok=✗
  [40/85] L1146 (R02815) ok=✗
  [41/85] L1147 (R02816) ok=✓ legacy [hint saved]
  [42/85] L1148 (R02817) ok=✓ legacy [primed] [hint saved]
  [43/85] L1145 (R02814) ok=✗
  [44/85] L1149 (R02818) ok=✗
  [45/85] L1151 (R02820) ok=✓ legacy [primed] [hint saved]
  [46/85] L1150 (R02819) ok=✗
  [47/85] L1153 (R02822) ok=✓ legacy [primed] [hint saved]
  [48/85] L1152 (R02821) ok=✗
  [49/85] L1155 (R02824) ok=✓ legacy [primed] [hint saved]
  [50/85] L1156 (R02825) ok=✓ legacy [primed] [hint saved]
  [51/85] L1154 (R02823) ok=✗
  [52/85] L1158 (R02827) ok=✓ legacy [primed] [hint saved]
  [53/85] L1157 (R02826) ok=✗
  [54/85] L1159 (R02828) ok=✗
  [55/85] L1160 (R02829) ok=✗
  [56/85] L1162 (R02831) ok=✓ legacy [hint saved]
  [57/85] L1161 (R02830) ok=✗
  [58/85] L1163 (R02832) ok=✗
  [59/85] L1165 (R02834) ok=✓ legacy [primed] [hint saved]
  [60/85] L1164 (R02833) ok=✗
  [61/85] L1167 (R02836) ok=✓ legacy [primed] [hint saved]
  [62/85] L1168 (R02837) ok=✗
  [63/85] L1166 (R02835) ok=✗
  [64/85] L1169 (R02838) ok=✗
  [65/85] L1170 (R02839) ok=✗
  [66/85] L1172 (R02841) ok=✓ legacy [primed] [hint saved]
  [67/85] L1171 (R02840) ok=✓ legacy [primed] [hint saved]
  [68/85] L1174 (R02843) ok=✗
  [69/85] L1173 (R02842) ok=✗
  [70/85] L1176 (R02845) ok=✗
  [71/85] L1177 (R02846) ok=✗
  [72/85] L1175 (R02844) ok=✗
  [73/85] L1178 (R02847) ok=✗
  [74/85] L1180 (R02849) ok=✗
  [75/85] L1181 (R02850) ok=✗
  [76/85] L1182 (R02851) ok=✓ legacy [primed] [hint saved]
  [77/85] L1179 (R02848) ok=✗
  [78/85] L1184 (R02853) ok=✓ legacy [primed] [hint saved]
  [79/85] L1183 (R02852) ok=✗
  [80/85] L1186 (R02855) ok=✓ legacy [primed] [hint saved]
  [81/85] L1185 (R02854) ok=✗
  [82/85] L1187 (R02856) ok=✗
  [83/85] L1189 (R02858) ok=✗
  [84/85] L1190 (R02859) ok=✗
  [85/85] L1188 (R02857) ok=✗
Hints: appended to 27 level(s); 27 hint file(s) changed on disk.
Result: solved=27/85, solvedBeforeFallback=0, fallbackOnly=27, unsolved=58
Wrote logs/solver-corpus2-batches/batch-14.json
Wrote logs/solver-corpus2-batches/batch-14-summary.md
portfolio-solve-sweep: corpus=data/stress/stress-levels-random.json levels=85 (85 to solve) scheduler-mode=legacy budget=86400000ms node-budget=36000000 workers=2 save-hints=true
  winner-first: normal + seeded-repair winners (shares solve budget) | 28/85 levels will be primed
  [1/85] L1106 (R02775) ok=✓ legacy [primed] [hint saved]
  [2/85] L1107 (R02776) ok=✓ legacy [primed] [hint saved]
  [3/85] L1109 (R02778) ok=✓ legacy [primed] [hint saved]
  [4/85] L1108 (R02777) ok=✗
  [5/85] L1111 (R02780) ok=✗
  [6/85] L1110 (R02779) ok=✗
  [7/85] L1112 (R02781) ok=✗
  [8/85] L1114 (R02783) ok=✓ legacy [primed] [hint saved]
  [9/85] L1115 (R02784) ok=✓ legacy [primed] [hint saved]
  [10/85] L1116 (R02785) ok=✓ legacy [primed] [hint saved]
  [11/85] L1113 (R02782) ok=✗
  [12/85] L1117 (R02786) ok=✗
  [13/85] L1118 (R02787) ok=✗
  [14/85] L1119 (R02788) ok=✗
  [15/85] L1121 (R02790) ok=✗
  [16/85] L1120 (R02789) ok=✗
  [17/85] L1122 (R02791) ok=✓ legacy [hint saved]
  [18/85] L1123 (R02792) ok=✗
  [19/85] L1125 (R02794) ok=✗
  [20/85] L1126 (R02795) ok=✓ legacy [primed] [hint saved]
  [21/85] L1127 (R02796) ok=✗
  [22/85] L1128 (R02797) ok=✓ legacy [primed] [hint saved]
  [23/85] L1129 (R02798) ok=✗
  [24/85] L1124 (R02793) ok=✗
  [25/85] L1130 (R02799) ok=✗
  [26/85] L1131 (R02800) ok=✗
  [27/85] L1133 (R02802) ok=✗
  [28/85] L1134 (R02803) ok=✓ legacy [primed] [hint saved]
  [29/85] L1135 (R02804) ok=✓ legacy [primed] [hint saved]
  [30/85] L1136 (R02805) ok=✓ legacy [primed] [hint saved]
  [31/85] L1132 (R02801) ok=✗
  [32/85] L1137 (R02806) ok=✓ legacy [hint saved]
  [33/85] L1139 (R02808) ok=✓ legacy [primed] [hint saved]
  [34/85] L1138 (R02807) ok=✗
  [35/85] L1141 (R02810) ok=✗
  [36/85] L1142 (R02811) ok=✗
  [37/85] L1143 (R02812) ok=✓ legacy [hint saved]
  [38/85] L1140 (R02809) ok=✗
  [39/85] L1144 (R02813) ok=✗
  [40/85] L1145 (R02814) ok=✗
  [41/85] L1147 (R02816) ok=✗
  [42/85] L1148 (R02817) ok=✓ legacy [primed] [hint saved]
  [43/85] L1146 (R02815) ok=✗
  [44/85] L1149 (R02818) ok=✗
  [45/85] L1151 (R02820) ok=✓ legacy [primed] [hint saved]
  [46/85] L1150 (R02819) ok=✗
  [47/85] L1153 (R02822) ok=✓ legacy [primed] [hint saved]
  [48/85] L1154 (R02823) ok=✓ legacy [hint saved]
  [49/85] L1155 (R02824) ok=✓ legacy [primed] [hint saved]
  [50/85] L1152 (R02821) ok=✗
  [51/85] L1156 (R02825) ok=✓ legacy [primed] [hint saved]
  [52/85] L1158 (R02827) ok=✓ legacy [primed] [hint saved]
  [53/85] L1159 (R02828) ok=✗
  [54/85] L1157 (R02826) ok=✓ legacy [hint saved]
  [55/85] L1160 (R02829) ok=✓ legacy [hint saved]
  [56/85] L1162 (R02831) ok=✓ legacy [hint saved]
  [57/85] L1161 (R02830) ok=✗
  [58/85] L1163 (R02832) ok=✗
  [59/85] L1165 (R02834) ok=✓ legacy [primed] [hint saved]
  [60/85] L1164 (R02833) ok=✗
  [61/85] L1167 (R02836) ok=✓ legacy [primed] [hint saved]
  [62/85] L1166 (R02835) ok=✗
  [63/85] L1168 (R02837) ok=✓ legacy [hint saved]
  [64/85] L1170 (R02839) ok=✗
  [65/85] L1171 (R02840) ok=✓ legacy [primed] [hint saved]
  [66/85] L1172 (R02841) ok=✓ legacy [primed] [hint saved]
  [67/85] L1169 (R02838) ok=✗
  [68/85] L1173 (R02842) ok=✓ legacy [hint saved]
  [69/85] L1174 (R02843) ok=✗
  [70/85] L1176 (R02845) ok=✗
  [71/85] L1177 (R02846) ok=✓ legacy [hint saved]
  [72/85] L1175 (R02844) ok=✗
  [73/85] L1178 (R02847) ok=✓ legacy [hint saved]
  [74/85] L1180 (R02849) ok=✗
  [75/85] L1181 (R02850) ok=✗
  [76/85] L1182 (R02851) ok=✓ legacy [primed] [hint saved]
  [77/85] L1179 (R02848) ok=✗
  [78/85] L1184 (R02853) ok=✓ legacy [primed] [hint saved]
  [79/85] L1183 (R02852) ok=✗
  [80/85] L1186 (R02855) ok=✓ legacy [primed] [hint saved]
  [81/85] L1185 (R02854) ok=✗
  [82/85] L1187 (R02856) ok=✗
  [83/85] L1189 (R02858) ok=✗
  [84/85] L1188 (R02857) ok=✗
  [85/85] L1190 (R02859) ok=✗
Hints: appended to 36 level(s); 36 hint file(s) changed on disk.
Result: solved=36/85, solvedBeforeFallback=0, fallbackOnly=36, unsolved=49
Wrote logs/solver-corpus2-batches/batch-14.json
Wrote logs/solver-corpus2-batches/batch-14-summary.md
portfolio-solve-sweep: corpus=data/stress/stress-levels-random.json levels=85 (85 to solve) scheduler-mode=legacy budget=86400000ms node-budget=36000000 workers=2 save-hints=true
  winner-first: normal + seeded-repair winners (shares solve budget) | 36/85 levels will be primed
  [1/85] L1106 (R02775) ok=✓ legacy [primed] [hint saved]
  [2/85] L1107 (R02776) ok=✓ legacy [primed] [hint saved]
  [3/85] L1109 (R02778) ok=✓ legacy [primed] [hint saved]
  [4/85] L1108 (R02777) ok=✗
  [5/85] L1111 (R02780) ok=✗
  [6/85] L1112 (R02781) ok=✗
  [7/85] L1110 (R02779) ok=✗
  [8/85] L1114 (R02783) ok=✓ legacy [primed] [hint saved]
  [9/85] L1115 (R02784) ok=✓ legacy [primed] [hint saved]
  [10/85] L1116 (R02785) ok=✓ legacy [primed] [hint saved]
  [11/85] L1113 (R02782) ok=✗
  [12/85] L1117 (R02786) ok=✗
  [13/85] L1118 (R02787) ok=✗
  [14/85] L1119 (R02788) ok=✗
  [15/85] L1120 (R02789) ok=✗
  [16/85] L1122 (R02791) ok=✓ legacy [primed] [hint saved]
  [17/85] L1121 (R02790) ok=✗
  [18/85] L1123 (R02792) ok=✗
  [19/85] L1125 (R02794) ok=✗
  [20/85] L1126 (R02795) ok=✓ legacy [primed] [hint saved]
  [21/85] L1127 (R02796) ok=✗
  [22/85] L1128 (R02797) ok=✓ legacy [primed] [hint saved]
  [23/85] L1129 (R02798) ok=✗
  [24/85] L1124 (R02793) ok=✗
  [25/85] L1130 (R02799) ok=✗
  [26/85] L1131 (R02800) ok=✗
  [27/85] L1133 (R02802) ok=✗
  [28/85] L1134 (R02803) ok=✓ legacy [primed] [hint saved]
  [29/85] L1135 (R02804) ok=✓ legacy [primed] [hint saved]
  [30/85] L1136 (R02805) ok=✓ legacy [primed] [hint saved]
  [31/85] L1137 (R02806) ok=✓ legacy [primed] [hint saved]
  [32/85] L1132 (R02801) ok=✗
  [33/85] L1139 (R02808) ok=✓ legacy [primed] [hint saved]
  [34/85] L1138 (R02807) ok=✗
  [35/85] L1141 (R02810) ok=✗
  [36/85] L1142 (R02811) ok=✗
  [37/85] L1143 (R02812) ok=✓ legacy [primed] [hint saved]
  [38/85] L1140 (R02809) ok=✗
  [39/85] L1144 (R02813) ok=✗
  [40/85] L1146 (R02815) ok=✗
  [41/85] L1145 (R02814) ok=✗
  [42/85] L1148 (R02817) ok=✓ legacy [primed] [hint saved]
  [43/85] L1147 (R02816) ok=✗
  [44/85] L1149 (R02818) ok=✗
  [45/85] L1151 (R02820) ok=✓ legacy [primed] [hint saved]
  [46/85] L1150 (R02819) ok=✗
  [47/85] L1153 (R02822) ok=✓ legacy [primed] [hint saved]
  [48/85] L1154 (R02823) ok=✓ legacy [primed] [hint saved]
  [49/85] L1155 (R02824) ok=✓ legacy [primed] [hint saved]
  [50/85] L1156 (R02825) ok=✓ legacy [primed] [hint saved]
  [51/85] L1157 (R02826) ok=✓ legacy [primed] [hint saved]
  [52/85] L1158 (R02827) ok=✓ legacy [primed] [hint saved]
  [53/85] L1152 (R02821) ok=✗
  [54/85] L1160 (R02829) ok=✓ legacy [primed] [hint saved]
  [55/85] L1159 (R02828) ok=✗
  [56/85] L1162 (R02831) ok=✓ legacy [primed] [hint saved]
  [57/85] L1161 (R02830) ok=✗
  [58/85] L1163 (R02832) ok=✗
  [59/85] L1165 (R02834) ok=✓ legacy [primed] [hint saved]
  [60/85] L1166 (R02835) ok=✗
  [61/85] L1167 (R02836) ok=✓ legacy [primed] [hint saved]
  [62/85] L1164 (R02833) ok=✗
  [63/85] L1168 (R02837) ok=✓ legacy [primed] [hint saved]
  [64/85] L1170 (R02839) ok=✗
  [65/85] L1171 (R02840) ok=✓ legacy [primed] [hint saved]
  [66/85] L1172 (R02841) ok=✓ legacy [primed] [hint saved]
  [67/85] L1169 (R02838) ok=✗
  [68/85] L1173 (R02842) ok=✓ legacy [primed] [hint saved]
  [69/85] L1174 (R02843) ok=✗
  [70/85] L1176 (R02845) ok=✗
  [71/85] L1177 (R02846) ok=✓ legacy [primed] [hint saved]
  [72/85] L1178 (R02847) ok=✓ legacy [primed] [hint saved]
  [73/85] L1175 (R02844) ok=✗
  [74/85] L1180 (R02849) ok=✗
  [75/85] L1181 (R02850) ok=✗
  [76/85] L1182 (R02851) ok=✓ legacy [primed] [hint saved]
  [77/85] L1179 (R02848) ok=✗
  [78/85] L1184 (R02853) ok=✓ legacy [primed] [hint saved]
  [79/85] L1183 (R02852) ok=✗
  [80/85] L1186 (R02855) ok=✓ legacy [primed] [hint saved]
  [81/85] L1185 (R02854) ok=✗
  [82/85] L1187 (R02856) ok=✗
  [83/85] L1189 (R02858) ok=✗
  [84/85] L1188 (R02857) ok=✗
  [85/85] L1190 (R02859) ok=✗
Hints: appended to 36 level(s); 36 hint file(s) changed on disk.
Result: solved=36/85, solvedBeforeFallback=0, fallbackOnly=36, unsolved=49
Wrote logs/solver-corpus2-batches/batch-14.json
Wrote logs/solver-corpus2-batches/batch-14-summary.md
