Prepared batch 10 (levels 766-850) at 2026-07-17T22:34:13Z.
portfolio-solve-sweep: corpus=data/stress/stress-levels-random.json levels=85 (85 to solve) scheduler-mode=legacy budget=8000ms node-budget=20000000 workers=2 save-hints=true
  [1/85] L767 (R02436) ok=✓ legacy [hint saved]
  [2/85] L766 (R02435) ok=✗
  [3/85] L768 (R02437) ok=✗
  [4/85] L770 (R02439) ok=✗
  [5/85] L769 (R02438) ok=✗
  [6/85] L771 (R02440) ok=✗
  [7/85] L772 (R02441) ok=✗
  [8/85] L773 (R02442) ok=✗
  [9/85] L774 (R02443) ok=✗
  [10/85] L775 (R02444) ok=✗
  [11/85] L776 (R02445) ok=✗
  [12/85] L777 (R02446) ok=✗
  [13/85] L778 (R02447) ok=✗
  [14/85] L780 (R02449) ok=✗
  [15/85] L779 (R02448) ok=✗
  [16/85] L781 (R02450) ok=✗
  [17/85] L783 (R02452) ok=✓ legacy [hint saved]
  [18/85] L782 (R02451) ok=✗
  [19/85] L785 (R02454) ok=✗
  [20/85] L784 (R02453) ok=✗
  [21/85] L786 (R02455) ok=✓ legacy [hint saved]
  [22/85] L787 (R02456) ok=✗
  [23/85] L788 (R02457) ok=✗
  [24/85] L790 (R02459) ok=✗
  [25/85] L789 (R02458) ok=✗
  [26/85] L791 (R02460) ok=✗
  [27/85] L792 (R02461) ok=✗
  [28/85] L793 (R02462) ok=✗
  [29/85] L794 (R02463) ok=✗
  [30/85] L795 (R02464) ok=✗
  [31/85] L796 (R02465) ok=✓ legacy [hint saved]
  [32/85] L797 (R02466) ok=✗
  [33/85] L799 (R02468) ok=✗
  [34/85] L798 (R02467) ok=✗
  [35/85] L801 (R02470) ok=✗
  [36/85] L800 (R02469) ok=✗
  [37/85] L802 (R02471) ok=✗
  [38/85] L803 (R02472) ok=✗
  [39/85] L805 (R02474) ok=✗
  [40/85] L806 (R02475) ok=✓ legacy [hint saved]
  [41/85] L807 (R02476) ok=✗
  [42/85] L808 (R02477) ok=✓ legacy [hint saved]
  [43/85] L804 (R02473) ok=✗
  [44/85] L809 (R02478) ok=✗
  [45/85] L811 (R02480) ok=✗
  [46/85] L812 (R02481) ok=✗
  [47/85] L813 (R02482) ok=✓ legacy [hint saved]
  [48/85] L810 (R02479) ok=✗
  [49/85] L815 (R02484) ok=✗
  [50/85] L816 (R02485) ok=✓ legacy [hint saved]
  [51/85] L814 (R02483) ok=✗
  [52/85] L817 (R02486) ok=✗
  [53/85] L818 (R02487) ok=✗
  [54/85] L819 (R02488) ok=✗
  [55/85] L821 (R02490) ok=✗
  [56/85] L822 (R02491) ok=✓ legacy [hint saved]
  [57/85] L823 (R02492) ok=✓ legacy [hint saved]
  [58/85] L820 (R02489) ok=✗
  [59/85] L824 (R02493) ok=✗
  [60/85] L826 (R02495) ok=✓ legacy [hint saved]
  [61/85] L825 (R02494) ok=✗
  [62/85] L827 (R02496) ok=✗
  [63/85] L829 (R02498) ok=✗
  [64/85] L828 (R02497) ok=✗
  [65/85] L830 (R02499) ok=✗
  [66/85] L832 (R02501) ok=✗
  [67/85] L831 (R02500) ok=✗
  [68/85] L834 (R02503) ok=✗
  [69/85] L833 (R02502) ok=✗
  [70/85] L836 (R02505) ok=✗
  [71/85] L837 (R02506) ok=✓ legacy [hint saved]
  [72/85] L835 (R02504) ok=✗
  [73/85] L838 (R02507) ok=✗
  [74/85] L840 (R02509) ok=✗
  [75/85] L839 (R02508) ok=✗
  [76/85] L842 (R02511) ok=✗
  [77/85] L841 (R02510) ok=✗
  [78/85] L844 (R02513) ok=✗
  [79/85] L843 (R02512) ok=✗
  [80/85] L845 (R02514) ok=✓ legacy [hint saved]
  [81/85] L847 (R02516) ok=✗
  [82/85] L846 (R02515) ok=✗
  [83/85] L848 (R02517) ok=✗
  [84/85] L850 (R02519) ok=✓ legacy [hint saved]
  [85/85] L849 (R02518) ok=✗
Hints: appended to 14 level(s); 14 hint file(s) changed on disk.
Result: solved=14/85, solvedBeforeFallback=0, fallbackOnly=14, unsolved=71
Wrote logs/solver-corpus2-batches/batch-10.json
Wrote logs/solver-corpus2-batches/batch-10-summary.md
portfolio-solve-sweep: corpus=data/stress/stress-levels-random.json levels=85 (85 to solve) scheduler-mode=legacy budget=8000ms node-budget=20000000 workers=2 save-hints=true
  [1/85] L767 (R02436) ok=✓ legacy [hint saved]
  [2/85] L766 (R02435) ok=✗
  [3/85] L768 (R02437) ok=✗
  [4/85] L770 (R02439) ok=✗
  [5/85] L769 (R02438) ok=✗
  [6/85] L771 (R02440) ok=✗
  [7/85] L773 (R02442) ok=✗
  [8/85] L772 (R02441) ok=✗
  [9/85] L774 (R02443) ok=✗
  [10/85] L775 (R02444) ok=✗
  [11/85] L776 (R02445) ok=✗
  [12/85] L778 (R02447) ok=✓ legacy [hint saved]
  [13/85] L777 (R02446) ok=✗
  [14/85] L780 (R02449) ok=✗
  [15/85] L779 (R02448) ok=✗
  [16/85] L781 (R02450) ok=✗
  [17/85] L782 (R02451) ok=✗
  [18/85] L783 (R02452) ok=✓ legacy [hint saved]
  [19/85] L785 (R02454) ok=✗
  [20/85] L784 (R02453) ok=✗
  [21/85] L786 (R02455) ok=✓ legacy [hint saved]
  [22/85] L787 (R02456) ok=✗
  [23/85] L788 (R02457) ok=✗
  [24/85] L789 (R02458) ok=✗
  [25/85] L790 (R02459) ok=✗
  [26/85] L791 (R02460) ok=✗
  [27/85] L792 (R02461) ok=✗
  [28/85] L793 (R02462) ok=✗
  [29/85] L794 (R02463) ok=✗
  [30/85] L795 (R02464) ok=✗
  [31/85] L796 (R02465) ok=✓ legacy [hint saved]
  [32/85] L797 (R02466) ok=✗
  [33/85] L799 (R02468) ok=✗
  [34/85] L798 (R02467) ok=✗
  [35/85] L801 (R02470) ok=✗
  [36/85] L800 (R02469) ok=✗
  [37/85] L802 (R02471) ok=✗
  [38/85] L803 (R02472) ok=✗
  [39/85] L805 (R02474) ok=✗
  [40/85] L806 (R02475) ok=✓ legacy [hint saved]
  [41/85] L807 (R02476) ok=✗
  [42/85] L808 (R02477) ok=✓ legacy [hint saved]
  [43/85] L804 (R02473) ok=✗
  [44/85] L809 (R02478) ok=✗
  [45/85] L811 (R02480) ok=✗
  [46/85] L810 (R02479) ok=✗
  [47/85] L813 (R02482) ok=✓ legacy [hint saved]
  [48/85] L812 (R02481) ok=✓ legacy [hint saved]
  [49/85] L815 (R02484) ok=✗
  [50/85] L816 (R02485) ok=✓ legacy [hint saved]
  [51/85] L817 (R02486) ok=✗
  [52/85] L814 (R02483) ok=✗
  [53/85] L819 (R02488) ok=✗
  [54/85] L818 (R02487) ok=✗
  [55/85] L821 (R02490) ok=✗
  [56/85] L820 (R02489) ok=✗
  [57/85] L823 (R02492) ok=✓ legacy [hint saved]
  [58/85] L822 (R02491) ok=✗
  [59/85] L824 (R02493) ok=✗
  [60/85] L826 (R02495) ok=✓ legacy [hint saved]
  [61/85] L827 (R02496) ok=✗
  [62/85] L825 (R02494) ok=✗
  [63/85] L829 (R02498) ok=✗
  [64/85] L828 (R02497) ok=✗
  [65/85] L830 (R02499) ok=✗
  [66/85] L832 (R02501) ok=✗
  [67/85] L831 (R02500) ok=✗
  [68/85] L833 (R02502) ok=✗
  [69/85] L834 (R02503) ok=✗
  [70/85] L836 (R02505) ok=✗
  [71/85] L837 (R02506) ok=✓ legacy [hint saved]
  [72/85] L835 (R02504) ok=✗
  [73/85] L838 (R02507) ok=✗
  [74/85] L840 (R02509) ok=✗
  [75/85] L839 (R02508) ok=✗
  [76/85] L842 (R02511) ok=✗
  [77/85] L841 (R02510) ok=✗
  [78/85] L844 (R02513) ok=✗
  [79/85] L845 (R02514) ok=✓ legacy [hint saved]
  [80/85] L843 (R02512) ok=✗
  [81/85] L847 (R02516) ok=✗
  [82/85] L846 (R02515) ok=✗
  [83/85] L848 (R02517) ok=✗
  [84/85] L850 (R02519) ok=✓ legacy [hint saved]
  [85/85] L849 (R02518) ok=✗
Hints: appended to 15 level(s); 15 hint file(s) changed on disk.
Result: solved=15/85, solvedBeforeFallback=0, fallbackOnly=15, unsolved=70
Wrote logs/solver-corpus2-batches/batch-10.json
Wrote logs/solver-corpus2-batches/batch-10-summary.md
portfolio-solve-sweep: corpus=data/stress/stress-levels-random.json levels=85 (85 to solve) scheduler-mode=legacy budget=8000ms node-budget=20000000 workers=2 save-hints=true
  [1/85] L767 (R02436) ok=✓ legacy [hint saved]
  [2/85] L766 (R02435) ok=✗
  [3/85] L768 (R02437) ok=✗
  [4/85] L770 (R02439) ok=✗
  [5/85] L769 (R02438) ok=✗
  [6/85] L771 (R02440) ok=✗
  [7/85] L772 (R02441) ok=✗
  [8/85] L773 (R02442) ok=✗
  [9/85] L774 (R02443) ok=✗
  [10/85] L775 (R02444) ok=✗
  [11/85] L776 (R02445) ok=✗
  [12/85] L778 (R02447) ok=✓ legacy [hint saved]
  [13/85] L777 (R02446) ok=✗
  [14/85] L780 (R02449) ok=✗
  [15/85] L779 (R02448) ok=✗
  [16/85] L781 (R02450) ok=✗
  [17/85] L782 (R02451) ok=✗
  [18/85] L783 (R02452) ok=✓ legacy [hint saved]
  [19/85] L785 (R02454) ok=✗
  [20/85] L786 (R02455) ok=✓ legacy [hint saved]
  [21/85] L784 (R02453) ok=✗
  [22/85] L787 (R02456) ok=✗
  [23/85] L788 (R02457) ok=✗
  [24/85] L789 (R02458) ok=✗
  [25/85] L790 (R02459) ok=✗
  [26/85] L792 (R02461) ok=✗
  [27/85] L791 (R02460) ok=✗
  [28/85] L794 (R02463) ok=✗
  [29/85] L793 (R02462) ok=✗
  [30/85] L795 (R02464) ok=✗
  [31/85] L796 (R02465) ok=✓ legacy [hint saved]
  [32/85] L797 (R02466) ok=✗
  [33/85] L799 (R02468) ok=✗
  [34/85] L798 (R02467) ok=✗
  [35/85] L801 (R02470) ok=✗
  [36/85] L800 (R02469) ok=✗
  [37/85] L802 (R02471) ok=✗
  [38/85] L803 (R02472) ok=✗
  [39/85] L805 (R02474) ok=✗
  [40/85] L806 (R02475) ok=✓ legacy [hint saved]
  [41/85] L807 (R02476) ok=✗
  [42/85] L808 (R02477) ok=✓ legacy [hint saved]
  [43/85] L809 (R02478) ok=✗
  [44/85] L804 (R02473) ok=✗
  [45/85] L811 (R02480) ok=✗
  [46/85] L810 (R02479) ok=✗
  [47/85] L813 (R02482) ok=✓ legacy [hint saved]
  [48/85] L812 (R02481) ok=✓ legacy [hint saved]
  [49/85] L815 (R02484) ok=✗
  [50/85] L816 (R02485) ok=✓ legacy [hint saved]
  [51/85] L814 (R02483) ok=✗
  [52/85] L817 (R02486) ok=✗
  [53/85] L818 (R02487) ok=✗
  [54/85] L819 (R02488) ok=✗
  [55/85] L821 (R02490) ok=✗
  [56/85] L820 (R02489) ok=✗
  [57/85] L823 (R02492) ok=✓ legacy [hint saved]
  [58/85] L822 (R02491) ok=✗
  [59/85] L824 (R02493) ok=✗
  [60/85] L826 (R02495) ok=✓ legacy [hint saved]
  [61/85] L825 (R02494) ok=✗
  [62/85] L827 (R02496) ok=✗
  [63/85] L829 (R02498) ok=✗
  [64/85] L828 (R02497) ok=✗
  [65/85] L830 (R02499) ok=✗
  [66/85] L832 (R02501) ok=✗
  [67/85] L831 (R02500) ok=✗
  [68/85] L833 (R02502) ok=✗
  [69/85] L834 (R02503) ok=✗
  [70/85] L836 (R02505) ok=✗
  [71/85] L835 (R02504) ok=✗
  [72/85] L837 (R02506) ok=✓ legacy [hint saved]
  [73/85] L838 (R02507) ok=✗
  [74/85] L840 (R02509) ok=✗
  [75/85] L839 (R02508) ok=✗
  [76/85] L842 (R02511) ok=✗
  [77/85] L841 (R02510) ok=✗
  [78/85] L843 (R02512) ok=✗
  [79/85] L845 (R02514) ok=✓ legacy [hint saved]
  [80/85] L844 (R02513) ok=✗
  [81/85] L847 (R02516) ok=✗
  [82/85] L846 (R02515) ok=✗
  [83/85] L848 (R02517) ok=✗
  [84/85] L850 (R02519) ok=✓ legacy [hint saved]
  [85/85] L849 (R02518) ok=✗
Hints: appended to 15 level(s); 15 hint file(s) changed on disk.
Result: solved=15/85, solvedBeforeFallback=0, fallbackOnly=15, unsolved=70
Wrote logs/solver-corpus2-batches/batch-10.json
Wrote logs/solver-corpus2-batches/batch-10-summary.md
portfolio-solve-sweep: corpus=data/stress/stress-levels-random.json levels=85 (85 to solve) scheduler-mode=legacy budget=8000ms node-budget=20000000 workers=2 enable-flags=STRATEGY_REPAIR_TURN_BIAS save-hints=true
  [1/85] L766 (R02435) ok=✗
  [2/85] L767 (R02436) ok=✓ legacy [hint saved]
  [3/85] L768 (R02437) ok=✗
  [4/85] L770 (R02439) ok=✗
  [5/85] L769 (R02438) ok=✗
  [6/85] L771 (R02440) ok=✗
  [7/85] L772 (R02441) ok=✗
  [8/85] L774 (R02443) ok=✗
  [9/85] L773 (R02442) ok=✗
  [10/85] L775 (R02444) ok=✗
  [11/85] L776 (R02445) ok=✗
  [12/85] L778 (R02447) ok=✓ legacy [hint saved]
  [13/85] L777 (R02446) ok=✗
  [14/85] L780 (R02449) ok=✗
  [15/85] L779 (R02448) ok=✗
  [16/85] L781 (R02450) ok=✗
  [17/85] L783 (R02452) ok=✓ legacy [hint saved]
  [18/85] L784 (R02453) ok=✗
  [19/85] L782 (R02451) ok=✗
  [20/85] L785 (R02454) ok=✗
  [21/85] L786 (R02455) ok=✗
  [22/85] L787 (R02456) ok=✗
  [23/85] L788 (R02457) ok=✗
  [24/85] L790 (R02459) ok=✗
  [25/85] L789 (R02458) ok=✗
  [26/85] L791 (R02460) ok=✗
  [27/85] L792 (R02461) ok=✗
  [28/85] L794 (R02463) ok=✗
  [29/85] L793 (R02462) ok=✗
  [30/85] L795 (R02464) ok=✓ legacy [hint saved]
  [31/85] L796 (R02465) ok=✓ legacy [hint saved]
  [32/85] L797 (R02466) ok=✗
  [33/85] L798 (R02467) ok=✗
  [34/85] L799 (R02468) ok=✗
  [35/85] L801 (R02470) ok=✗
  [36/85] L800 (R02469) ok=✗
  [37/85] L802 (R02471) ok=✗
  [38/85] L803 (R02472) ok=✗
  [39/85] L805 (R02474) ok=✗
  [40/85] L806 (R02475) ok=✓ legacy [hint saved]
  [41/85] L807 (R02476) ok=✗
  [42/85] L808 (R02477) ok=✓ legacy [hint saved]
  [43/85] L804 (R02473) ok=✗
  [44/85] L809 (R02478) ok=✗
  [45/85] L811 (R02480) ok=✗
  [46/85] L812 (R02481) ok=✓ legacy [hint saved]
  [47/85] L813 (R02482) ok=✓ legacy [hint saved]
  [48/85] L810 (R02479) ok=✗
  [49/85] L815 (R02484) ok=✗
  [50/85] L816 (R02485) ok=✓ legacy [hint saved]
  [51/85] L814 (R02483) ok=✗
  [52/85] L817 (R02486) ok=✗
  [53/85] L818 (R02487) ok=✗
  [54/85] L819 (R02488) ok=✗
  [55/85] L821 (R02490) ok=✗
  [56/85] L820 (R02489) ok=✗
  [57/85] L823 (R02492) ok=✓ legacy [hint saved]
  [58/85] L822 (R02491) ok=✓ legacy [hint saved]
  [59/85] L824 (R02493) ok=✗
  [60/85] L826 (R02495) ok=✓ legacy [hint saved]
  [61/85] L825 (R02494) ok=✗
  [62/85] L827 (R02496) ok=✗
  [63/85] L829 (R02498) ok=✗
  [64/85] L828 (R02497) ok=✗
  [65/85] L830 (R02499) ok=✗
  [66/85] L832 (R02501) ok=✗
  [67/85] L831 (R02500) ok=✗
  [68/85] L834 (R02503) ok=✗
  [69/85] L833 (R02502) ok=✗
  [70/85] L836 (R02505) ok=✗
  [71/85] L837 (R02506) ok=✓ legacy [hint saved]
  [72/85] L838 (R02507) ok=✗
  [73/85] L835 (R02504) ok=✗
  [74/85] L839 (R02508) ok=✗
  [75/85] L840 (R02509) ok=✗
  [76/85] L841 (R02510) ok=✗
  [77/85] L842 (R02511) ok=✓ legacy [hint saved]
  [78/85] L844 (R02513) ok=✗
  [79/85] L845 (R02514) ok=✓ legacy [hint saved]
  [80/85] L843 (R02512) ok=✗
  [81/85] L847 (R02516) ok=✗
  [82/85] L848 (R02517) ok=✗
  [83/85] L846 (R02515) ok=✗
  [84/85] L850 (R02519) ok=✓ legacy [hint saved]
  [85/85] L849 (R02518) ok=✗
Hints: appended to 17 level(s); 17 hint file(s) changed on disk.
Result: solved=17/85, solvedBeforeFallback=0, fallbackOnly=17, unsolved=68
Wrote logs/solver-corpus2-batches/batch-10.json
Wrote logs/solver-corpus2-batches/batch-10-summary.md
portfolio-solve-sweep: corpus=data/stress/stress-levels-random.json levels=85 (85 to solve) scheduler-mode=legacy budget=30000ms node-budget=60000000 workers=2 enable-flags=STRATEGY_REPAIR_TURN_BIAS save-hints=true
  [1/85] L766 (R02435) ok=✓ legacy [hint saved]
  [2/85] L767 (R02436) ok=✓ legacy [hint saved]
  [3/85] L768 (R02437) ok=✓ legacy [hint saved]
  [4/85] L770 (R02439) ok=✗
  [5/85] L769 (R02438) ok=✗
  [6/85] L771 (R02440) ok=✗
  [7/85] L773 (R02442) ok=✗
  [8/85] L772 (R02441) ok=✗
  [9/85] L774 (R02443) ok=✗
  [10/85] L775 (R02444) ok=✗
  [11/85] L776 (R02445) ok=✗
  [12/85] L778 (R02447) ok=✓ legacy [hint saved]
  [13/85] L777 (R02446) ok=✗
  [14/85] L779 (R02448) ok=✗
  [15/85] L780 (R02449) ok=✗
  [16/85] L781 (R02450) ok=✗
  [17/85] L783 (R02452) ok=✓ legacy [hint saved]
  [18/85] L784 (R02453) ok=✗
  [19/85] L782 (R02451) ok=✗
  [20/85] L786 (R02455) ok=✓ legacy [hint saved]
  [21/85] L785 (R02454) ok=✗
  [22/85] L787 (R02456) ok=✗
  [23/85] L788 (R02457) ok=✗
  [24/85] L789 (R02458) ok=✗
  [25/85] L790 (R02459) ok=✗
  [26/85] L791 (R02460) ok=✗
  [27/85] L792 (R02461) ok=✗
  [28/85] L793 (R02462) ok=✗
  [29/85] L794 (R02463) ok=✗
  [30/85] L795 (R02464) ok=✓ legacy [hint saved]
  [31/85] L796 (R02465) ok=✓ legacy [hint saved]
  [32/85] L797 (R02466) ok=✗
  [33/85] L798 (R02467) ok=✗
  [34/85] L799 (R02468) ok=✗
  [35/85] L801 (R02470) ok=✗
  [36/85] L800 (R02469) ok=✗
  [37/85] L802 (R02471) ok=✗
  [38/85] L803 (R02472) ok=✗
  [39/85] L805 (R02474) ok=✗
  [40/85] L806 (R02475) ok=✓ legacy [hint saved]
  [41/85] L807 (R02476) ok=✓ legacy [hint saved]
  [42/85] L808 (R02477) ok=✓ legacy [hint saved]
  [43/85] L809 (R02478) ok=✗
  [44/85] L804 (R02473) ok=✗
  [45/85] L811 (R02480) ok=✗
  [46/85] L810 (R02479) ok=✓ legacy [hint saved]
  [47/85] L813 (R02482) ok=✓ legacy [hint saved]
  [48/85] L812 (R02481) ok=✓ legacy [hint saved]
  [49/85] L815 (R02484) ok=✗
  [50/85] L816 (R02485) ok=✓ legacy [hint saved]
  [51/85] L817 (R02486) ok=✗
  [52/85] L814 (R02483) ok=✗
  [53/85] L818 (R02487) ok=✗
  [54/85] L819 (R02488) ok=✗
  [55/85] L821 (R02490) ok=✗
  [56/85] L822 (R02491) ok=✓ legacy [hint saved]
  [57/85] L823 (R02492) ok=✓ legacy [hint saved]
  [58/85] L820 (R02489) ok=✗
  [59/85] L824 (R02493) ok=✗
  [60/85] L826 (R02495) ok=✓ legacy [hint saved]
  [61/85] L825 (R02494) ok=✗
  [62/85] L827 (R02496) ok=✗
  [63/85] L829 (R02498) ok=✗
  [64/85] L828 (R02497) ok=✗
  [65/85] L830 (R02499) ok=✗
  [66/85] L832 (R02501) ok=✗
  [67/85] L831 (R02500) ok=✗
  [68/85] L833 (R02502) ok=✗
  [69/85] L834 (R02503) ok=✗
  [70/85] L836 (R02505) ok=✗
  [71/85] L837 (R02506) ok=✓ legacy [hint saved]
  [72/85] L835 (R02504) ok=✓ legacy [hint saved]
  [73/85] L838 (R02507) ok=✓ legacy [hint saved]
  [74/85] L840 (R02509) ok=✗
  [75/85] L841 (R02510) ok=✓ legacy [hint saved]
  [76/85] L842 (R02511) ok=✓ legacy [hint saved]
  [77/85] L839 (R02508) ok=✗
  [78/85] L844 (R02513) ok=✓ legacy [hint saved]
  [79/85] L845 (R02514) ok=✓ legacy [hint saved]
  [80/85] L843 (R02512) ok=✗
  [81/85] L847 (R02516) ok=✓ legacy [hint saved]
  [82/85] L846 (R02515) ok=✗
  [83/85] L848 (R02517) ok=✓ legacy [hint saved]
  [84/85] L850 (R02519) ok=✓ legacy [hint saved]
  [85/85] L849 (R02518) ok=✗
Hints: appended to 28 level(s); 28 hint file(s) changed on disk.
Result: solved=28/85, solvedBeforeFallback=0, fallbackOnly=28, unsolved=57
Wrote logs/solver-corpus2-batches/batch-10.json
Wrote logs/solver-corpus2-batches/batch-10-summary.md
portfolio-solve-sweep: corpus=data/stress/stress-levels-random.json levels=85 (85 to solve) scheduler-mode=legacy budget=60000ms node-budget=120000000 workers=2 enable-flags=STRATEGY_REPAIR_TURN_BIAS save-hints=true
  [1/85] L766 (R02435) ok=✓ legacy [hint saved]
  [2/85] L767 (R02436) ok=✓ legacy [hint saved]
  [3/85] L768 (R02437) ok=✓ legacy [hint saved]
  [4/85] L770 (R02439) ok=✗
  [5/85] L769 (R02438) ok=✗
  [6/85] L771 (R02440) ok=✗
  [7/85] L773 (R02442) ok=✗
  [8/85] L772 (R02441) ok=✗
  [9/85] L774 (R02443) ok=✗
  [10/85] L775 (R02444) ok=✗
  [11/85] L776 (R02445) ok=✗
  [12/85] L778 (R02447) ok=✓ legacy [hint saved]
  [13/85] L777 (R02446) ok=✗
  [14/85] L780 (R02449) ok=✗
  [15/85] L779 (R02448) ok=✗
  [16/85] L781 (R02450) ok=✗
  [17/85] L783 (R02452) ok=✓ legacy [hint saved]
  [18/85] L784 (R02453) ok=✗
  [19/85] L782 (R02451) ok=✗
  [20/85] L786 (R02455) ok=✓ legacy [hint saved]
  [21/85] L785 (R02454) ok=✗
  [22/85] L787 (R02456) ok=✗
  [23/85] L789 (R02458) ok=✗
  [24/85] L788 (R02457) ok=✗
  [25/85] L790 (R02459) ok=✗
  [26/85] L791 (R02460) ok=✗
  [27/85] L792 (R02461) ok=✗
  [28/85] L793 (R02462) ok=✗
  [29/85] L794 (R02463) ok=✗
  [30/85] L795 (R02464) ok=✓ legacy [hint saved]
  [31/85] L796 (R02465) ok=✓ legacy [hint saved]
  [32/85] L797 (R02466) ok=✗
  [33/85] L798 (R02467) ok=✗
  [34/85] L799 (R02468) ok=✗
  [35/85] L801 (R02470) ok=✗
  [36/85] L800 (R02469) ok=✗
  [37/85] L802 (R02471) ok=✗
  [38/85] L803 (R02472) ok=✗
  [39/85] L805 (R02474) ok=✗
  [40/85] L806 (R02475) ok=✓ legacy [hint saved]
  [41/85] L807 (R02476) ok=✓ legacy [hint saved]
  [42/85] L808 (R02477) ok=✓ legacy [hint saved]
  [43/85] L809 (R02478) ok=✗
  [44/85] L804 (R02473) ok=✗
  [45/85] L810 (R02479) ok=✓ legacy [hint saved]
  [46/85] L811 (R02480) ok=✗
  [47/85] L813 (R02482) ok=✓ legacy [hint saved]
  [48/85] L812 (R02481) ok=✓ legacy [hint saved]
  [49/85] L815 (R02484) ok=✗
  [50/85] L816 (R02485) ok=✓ legacy [hint saved]
  [51/85] L814 (R02483) ok=✗
  [52/85] L817 (R02486) ok=✗
  [53/85] L818 (R02487) ok=✗
  [54/85] L819 (R02488) ok=✗
  [55/85] L821 (R02490) ok=✗
  [56/85] L822 (R02491) ok=✓ legacy [hint saved]
  [57/85] L823 (R02492) ok=✓ legacy [hint saved]
  [58/85] L820 (R02489) ok=✗
  [59/85] L824 (R02493) ok=✗
  [60/85] L826 (R02495) ok=✓ legacy [hint saved]
  [61/85] L825 (R02494) ok=✗
  [62/85] L827 (R02496) ok=✗
  [63/85] L829 (R02498) ok=✗
  [64/85] L828 (R02497) ok=✗
  [65/85] L830 (R02499) ok=✗
  [66/85] L832 (R02501) ok=✗
  [67/85] L831 (R02500) ok=✗
  [68/85] L834 (R02503) ok=✗
  [69/85] L833 (R02502) ok=✗
  [70/85] L836 (R02505) ok=✗
  [71/85] L837 (R02506) ok=✓ legacy [hint saved]
  [72/85] L835 (R02504) ok=✓ legacy [hint saved]
  [73/85] L838 (R02507) ok=✓ legacy [hint saved]
  [74/85] L840 (R02509) ok=✗
  [75/85] L841 (R02510) ok=✓ legacy [hint saved]
  [76/85] L839 (R02508) ok=✗
  [77/85] L842 (R02511) ok=✓ legacy [hint saved]
  [78/85] L844 (R02513) ok=✓ legacy [hint saved]
  [79/85] L845 (R02514) ok=✓ legacy [hint saved]
  [80/85] L846 (R02515) ok=✓ legacy [hint saved]
  [81/85] L847 (R02516) ok=✓ legacy [hint saved]
  [82/85] L848 (R02517) ok=✓ legacy [hint saved]
  [83/85] L843 (R02512) ok=✗
  [84/85] L850 (R02519) ok=✓ legacy [hint saved]
  [85/85] L849 (R02518) ok=✗
Hints: appended to 29 level(s); 29 hint file(s) changed on disk.
Result: solved=29/85, solvedBeforeFallback=0, fallbackOnly=29, unsolved=56
Wrote logs/solver-corpus2-batches/batch-10.json
Wrote logs/solver-corpus2-batches/batch-10-summary.md
portfolio-solve-sweep: corpus=data/stress/stress-levels-random.json levels=85 (85 to solve) scheduler-mode=legacy budget=8000ms node-budget=20000000 workers=2 save-hints=true
  adaptive budgets: mult=3x floor=2,000,000 unsolved=20,000,000 | 29 known-solved scaled (min 2,000,000 / med 20,000,000 / max 293,601,600 nodes)
  winner-first: normal + seeded-repair winners (shares solve budget) | 13/85 levels will be primed
  [1/85] L766 (R02435) ok=✓ legacy [primed] [hint saved]
  [2/85] L767 (R02436) ok=✓ legacy [hint saved]
  [3/85] L769 (R02438) ok=✗
  [4/85] L770 (R02439) ok=✗
  [5/85] L771 (R02440) ok=✗
  [6/85] L768 (R02437) ok=✗
  [7/85] L773 (R02442) ok=✗
  [8/85] L772 (R02441) ok=✗
  [9/85] L774 (R02443) ok=✗
  [10/85] L775 (R02444) ok=✗
  [11/85] L776 (R02445) ok=✗
  [12/85] L778 (R02447) ok=✓ legacy [hint saved]
  [13/85] L777 (R02446) ok=✗
  [14/85] L780 (R02449) ok=✗
  [15/85] L779 (R02448) ok=✗
  [16/85] L781 (R02450) ok=✗
  [17/85] L783 (R02452) ok=✓ legacy [hint saved]
  [18/85] L782 (R02451) ok=✗
  [19/85] L785 (R02454) ok=✗
  [20/85] L786 (R02455) ok=✓ legacy [primed] [hint saved]
  [21/85] L784 (R02453) ok=✗
  [22/85] L787 (R02456) ok=✗
  [23/85] L788 (R02457) ok=✗
  [24/85] L790 (R02459) ok=✗
  [25/85] L789 (R02458) ok=✗
  [26/85] L792 (R02461) ok=✗
  [27/85] L791 (R02460) ok=✗
  [28/85] L794 (R02463) ok=✗
  [29/85] L793 (R02462) ok=✗
  [30/85] L796 (R02465) ok=✓ legacy [primed] [hint saved]
  [31/85] L795 (R02464) ok=✓ legacy [hint saved]
  [32/85] L797 (R02466) ok=✗
  [33/85] L798 (R02467) ok=✗
  [34/85] L799 (R02468) ok=✗
  [35/85] L801 (R02470) ok=✗
  [36/85] L800 (R02469) ok=✗
  [37/85] L802 (R02471) ok=✗
  [38/85] L803 (R02472) ok=✗
  [39/85] L805 (R02474) ok=✗
  [40/85] L806 (R02475) ok=✓ legacy [primed] [hint saved]
  [41/85] L807 (R02476) ok=✓ legacy [primed] [hint saved]
  [42/85] L808 (R02477) ok=✓ legacy [primed] [hint saved]
  [43/85] L809 (R02478) ok=✗
  [44/85] L804 (R02473) ok=✗
  [45/85] L811 (R02480) ok=✗
  [46/85] L812 (R02481) ok=✓ legacy [hint saved]
  [47/85] L813 (R02482) ok=✓ legacy [hint saved]
  [48/85] L814 (R02483) ok=✗
  [49/85] L815 (R02484) ok=✗
  [50/85] L816 (R02485) ok=✓ legacy [primed] [hint saved]
  [51/85] L817 (R02486) ok=✗
  [52/85] L810 (R02479) ok=✗
  [53/85] L819 (R02488) ok=✗
  [54/85] L818 (R02487) ok=✗
  [55/85] L821 (R02490) ok=✗
  [56/85] L820 (R02489) ok=✗
  [57/85] L823 (R02492) ok=✓ legacy [primed] [hint saved]
  [58/85] L822 (R02491) ok=✗
  [59/85] L824 (R02493) ok=✗
  [60/85] L826 (R02495) ok=✓ legacy [primed] [hint saved]
  [61/85] L825 (R02494) ok=✗
  [62/85] L827 (R02496) ok=✗
  [63/85] L829 (R02498) ok=✗
  [64/85] L828 (R02497) ok=✗
  [65/85] L830 (R02499) ok=✗
  [66/85] L832 (R02501) ok=✗
  [67/85] L831 (R02500) ok=✗
  [68/85] L833 (R02502) ok=✗
  [69/85] L834 (R02503) ok=✗
  [70/85] L836 (R02505) ok=✗
  [71/85] L837 (R02506) ok=✓ legacy [primed] [hint saved]
  [72/85] L835 (R02504) ok=✓ legacy [hint saved]
  [73/85] L838 (R02507) ok=✗
  [74/85] L840 (R02509) ok=✗
  [75/85] L839 (R02508) ok=✗
  [76/85] L841 (R02510) ok=✗
  [77/85] L842 (R02511) ok=✓ legacy [hint saved]
  [78/85] L844 (R02513) ok=✓ legacy [primed] [hint saved]
  [79/85] L845 (R02514) ok=✓ legacy [primed] [hint saved]
  [80/85] L843 (R02512) ok=✗
  [81/85] L847 (R02516) ok=✓ legacy [primed] [hint saved]
  [82/85] L848 (R02517) ok=✗
  [83/85] L849 (R02518) ok=✗
  [84/85] L850 (R02519) ok=✓ legacy [hint saved]
  [85/85] L846 (R02515) ok=✗
Hints: appended to 22 level(s); 22 hint file(s) changed on disk.
Result: solved=22/85, solvedBeforeFallback=0, fallbackOnly=22, unsolved=63
Wrote logs/solver-corpus2-batches/batch-10.json
Wrote logs/solver-corpus2-batches/batch-10-summary.md
portfolio-solve-sweep: corpus=data/stress/stress-levels-random.json levels=85 (85 to solve) scheduler-mode=legacy budget=8000ms node-budget=20000000 workers=2 save-hints=true
  winner-first: normal + seeded-repair winners (shares solve budget) | 18/85 levels will be primed
  [1/85] L766 (R02435) ok=✓ legacy [primed] [hint saved]
  [2/85] L767 (R02436) ok=✓ legacy [primed] [hint saved]
  [3/85] L768 (R02437) ok=✗
  [4/85] L770 (R02439) ok=✗
  [5/85] L769 (R02438) ok=✗
  [6/85] L771 (R02440) ok=✗
  [7/85] L773 (R02442) ok=✗
  [8/85] L772 (R02441) ok=✗
  [9/85] L774 (R02443) ok=✗
  [10/85] L775 (R02444) ok=✗
  [11/85] L776 (R02445) ok=✗
  [12/85] L778 (R02447) ok=✓ legacy [primed] [hint saved]
  [13/85] L777 (R02446) ok=✗
  [14/85] L779 (R02448) ok=✗
  [15/85] L780 (R02449) ok=✗
  [16/85] L781 (R02450) ok=✗
  [17/85] L783 (R02452) ok=✓ legacy [primed] [hint saved]
  [18/85] L782 (R02451) ok=✗
  [19/85] L784 (R02453) ok=✗
  [20/85] L786 (R02455) ok=✓ legacy [primed] [hint saved]
  [21/85] L785 (R02454) ok=✗
  [22/85] L787 (R02456) ok=✗
  [23/85] L788 (R02457) ok=✗
  [24/85] L789 (R02458) ok=✗
  [25/85] L790 (R02459) ok=✗
  [26/85] L791 (R02460) ok=✗
  [27/85] L792 (R02461) ok=✗
  [28/85] L794 (R02463) ok=✗
  [29/85] L793 (R02462) ok=✗
  [30/85] L796 (R02465) ok=✓ legacy [primed] [hint saved]
  [31/85] L795 (R02464) ok=✗
  [32/85] L797 (R02466) ok=✗
  [33/85] L799 (R02468) ok=✗
  [34/85] L798 (R02467) ok=✗
  [35/85] L801 (R02470) ok=✗
  [36/85] L800 (R02469) ok=✗
  [37/85] L802 (R02471) ok=✗
  [38/85] L803 (R02472) ok=✗
  [39/85] L805 (R02474) ok=✗
  [40/85] L806 (R02475) ok=✓ legacy [primed] [hint saved]
  [41/85] L807 (R02476) ok=✓ legacy [primed] [hint saved]
  [42/85] L808 (R02477) ok=✓ legacy [primed] [hint saved]
  [43/85] L809 (R02478) ok=✗
  [44/85] L810 (R02479) ok=✗
  [45/85] L804 (R02473) ok=✗
  [46/85] L811 (R02480) ok=✗
  [47/85] L813 (R02482) ok=✓ legacy [primed] [hint saved]
  [48/85] L812 (R02481) ok=✗
  [49/85] L815 (R02484) ok=✗
  [50/85] L816 (R02485) ok=✓ legacy [primed] [hint saved]
  [51/85] L814 (R02483) ok=✗
  [52/85] L817 (R02486) ok=✗
  [53/85] L819 (R02488) ok=✗
  [54/85] L818 (R02487) ok=✗
  [55/85] L821 (R02490) ok=✗
  [56/85] L820 (R02489) ok=✗
  [57/85] L823 (R02492) ok=✓ legacy [primed] [hint saved]
  [58/85] L822 (R02491) ok=✗
  [59/85] L824 (R02493) ok=✗
  [60/85] L826 (R02495) ok=✓ legacy [primed] [hint saved]
  [61/85] L827 (R02496) ok=✗
  [62/85] L825 (R02494) ok=✗
  [63/85] L829 (R02498) ok=✗
  [64/85] L828 (R02497) ok=✗
  [65/85] L830 (R02499) ok=✗
  [66/85] L832 (R02501) ok=✗
  [67/85] L831 (R02500) ok=✗
  [68/85] L833 (R02502) ok=✗
  [69/85] L834 (R02503) ok=✗
  [70/85] L835 (R02504) ok=✗
  [71/85] L837 (R02506) ok=✓ legacy [primed] [hint saved]
  [72/85] L836 (R02505) ok=✗
  [73/85] L838 (R02507) ok=✗
  [74/85] L840 (R02509) ok=✗
  [75/85] L839 (R02508) ok=✗
  [76/85] L841 (R02510) ok=✗
  [77/85] L842 (R02511) ok=✗
  [78/85] L844 (R02513) ok=✓ legacy [primed] [hint saved]
  [79/85] L845 (R02514) ok=✓ legacy [primed] [hint saved]
  [80/85] L846 (R02515) ok=✗
  [81/85] L843 (R02512) ok=✗
  [82/85] L847 (R02516) ok=✓ legacy [primed] [hint saved]
  [83/85] L848 (R02517) ok=✗
  [84/85] L850 (R02519) ok=✓ legacy [primed] [hint saved]
  [85/85] L849 (R02518) ok=✗
Hints: appended to 18 level(s); 18 hint file(s) changed on disk.
Result: solved=18/85, solvedBeforeFallback=0, fallbackOnly=18, unsolved=67
Wrote logs/solver-corpus2-batches/batch-10.json
Wrote logs/solver-corpus2-batches/batch-10-summary.md
portfolio-solve-sweep: corpus=data/stress/stress-levels-random.json levels=85 (85 to solve) scheduler-mode=legacy budget=8000ms node-budget=20000000 workers=2 enable-flags=STRATEGY_REPAIR_TURN_BIAS save-hints=true
  winner-first: normal + seeded-repair winners (shares solve budget) | 18/85 levels will be primed
  [1/85] L766 (R02435) ok=✓ legacy [primed] [hint saved]
  [2/85] L767 (R02436) ok=✓ legacy [primed] [hint saved]
  [3/85] L768 (R02437) ok=✗
  [4/85] L770 (R02439) ok=✗
  [5/85] L769 (R02438) ok=✗
  [6/85] L771 (R02440) ok=✗
  [7/85] L772 (R02441) ok=✗
  [8/85] L774 (R02443) ok=✗
  [9/85] L775 (R02444) ok=✗
  [10/85] L773 (R02442) ok=✗
  [11/85] L776 (R02445) ok=✗
  [12/85] L778 (R02447) ok=✓ legacy [primed] [hint saved]
  [13/85] L777 (R02446) ok=✗
  [14/85] L779 (R02448) ok=✗
  [15/85] L780 (R02449) ok=✗
  [16/85] L781 (R02450) ok=✗
  [17/85] L783 (R02452) ok=✓ legacy [hint saved]
  [18/85] L782 (R02451) ok=✗
  [19/85] L784 (R02453) ok=✗
  [20/85] L786 (R02455) ok=✓ legacy [primed] [hint saved]
  [21/85] L785 (R02454) ok=✗
  [22/85] L787 (R02456) ok=✗
  [23/85] L788 (R02457) ok=✗
  [24/85] L790 (R02459) ok=✗
  [25/85] L789 (R02458) ok=✗
  [26/85] L791 (R02460) ok=✗
  [27/85] L792 (R02461) ok=✗
  [28/85] L794 (R02463) ok=✗
  [29/85] L793 (R02462) ok=✗
  [30/85] L796 (R02465) ok=✓ legacy [primed] [hint saved]
  [31/85] L795 (R02464) ok=✗
  [32/85] L797 (R02466) ok=✗
  [33/85] L798 (R02467) ok=✗
  [34/85] L799 (R02468) ok=✗
  [35/85] L801 (R02470) ok=✗
  [36/85] L800 (R02469) ok=✗
  [37/85] L802 (R02471) ok=✗
  [38/85] L803 (R02472) ok=✗
  [39/85] L805 (R02474) ok=✗
  [40/85] L806 (R02475) ok=✓ legacy [primed] [hint saved]
  [41/85] L807 (R02476) ok=✓ legacy [primed] [hint saved]
  [42/85] L808 (R02477) ok=✓ legacy [primed] [hint saved]
  [43/85] L809 (R02478) ok=✗
  [44/85] L810 (R02479) ok=✗
  [45/85] L804 (R02473) ok=✗
  [46/85] L811 (R02480) ok=✗
  [47/85] L813 (R02482) ok=✓ legacy [primed] [hint saved]
  [48/85] L812 (R02481) ok=✓ legacy [hint saved]
  [49/85] L815 (R02484) ok=✗
  [50/85] L816 (R02485) ok=✓ legacy [primed] [hint saved]
  [51/85] L817 (R02486) ok=✗
  [52/85] L814 (R02483) ok=✗
  [53/85] L818 (R02487) ok=✗
  [54/85] L819 (R02488) ok=✗
  [55/85] L821 (R02490) ok=✗
  [56/85] L820 (R02489) ok=✗
  [57/85] L823 (R02492) ok=✓ legacy [primed] [hint saved]
  [58/85] L822 (R02491) ok=✓ legacy [hint saved]
  [59/85] L824 (R02493) ok=✗
  [60/85] L826 (R02495) ok=✓ legacy [primed] [hint saved]
  [61/85] L825 (R02494) ok=✗
  [62/85] L827 (R02496) ok=✗
  [63/85] L829 (R02498) ok=✗
  [64/85] L828 (R02497) ok=✗
  [65/85] L830 (R02499) ok=✗
  [66/85] L832 (R02501) ok=✗
  [67/85] L831 (R02500) ok=✗
  [68/85] L833 (R02502) ok=✗
  [69/85] L834 (R02503) ok=✗
  [70/85] L836 (R02505) ok=✗
  [71/85] L837 (R02506) ok=✓ legacy [primed] [hint saved]
  [72/85] L838 (R02507) ok=✗
  [73/85] L835 (R02504) ok=✗
  [74/85] L840 (R02509) ok=✗
  [75/85] L839 (R02508) ok=✗
  [76/85] L841 (R02510) ok=✗
  [77/85] L842 (R02511) ok=✓ legacy [hint saved]
  [78/85] L844 (R02513) ok=✓ legacy [primed] [hint saved]
  [79/85] L845 (R02514) ok=✓ legacy [primed] [hint saved]
  [80/85] L843 (R02512) ok=✗
  [81/85] L846 (R02515) ok=✗
  [82/85] L847 (R02516) ok=✓ legacy [primed] [hint saved]
  [83/85] L848 (R02517) ok=✗
  [84/85] L850 (R02519) ok=✓ legacy [primed] [hint saved]
  [85/85] L849 (R02518) ok=✗
Hints: appended to 21 level(s); 21 hint file(s) changed on disk.
Result: solved=21/85, solvedBeforeFallback=0, fallbackOnly=21, unsolved=64
Wrote logs/solver-corpus2-batches/batch-10.json
Wrote logs/solver-corpus2-batches/batch-10-summary.md
portfolio-solve-sweep: corpus=data/stress/stress-levels-random.json levels=85 (85 to solve) scheduler-mode=legacy budget=8000ms node-budget=20000000 workers=2 enable-flags=STRATEGY_REPAIR_TURN_BIAS save-hints=true
  winner-first: normal + seeded-repair winners (shares solve budget) | 17/85 levels will be primed
  [1/85] L766 (R02435) ok=✓ legacy [primed] [hint saved]
  [2/85] L767 (R02436) ok=✓ legacy [primed] [hint saved]
  [3/85] L768 (R02437) ok=✗
  [4/85] L770 (R02439) ok=✗
  [5/85] L769 (R02438) ok=✗
  [6/85] L771 (R02440) ok=✗
  [7/85] L772 (R02441) ok=✗
  [8/85] L774 (R02443) ok=✗
  [9/85] L773 (R02442) ok=✗
  [10/85] L775 (R02444) ok=✗
  [11/85] L776 (R02445) ok=✗
  [12/85] L778 (R02447) ok=✓ legacy [primed] [hint saved]
  [13/85] L777 (R02446) ok=✗
  [14/85] L780 (R02449) ok=✗
  [15/85] L779 (R02448) ok=✗
  [16/85] L781 (R02450) ok=✗
  [17/85] L783 (R02452) ok=✓ legacy [hint saved]
  [18/85] L784 (R02453) ok=✗
  [19/85] L782 (R02451) ok=✗
  [20/85] L786 (R02455) ok=✓ legacy [primed] [hint saved]
  [21/85] L785 (R02454) ok=✗
  [22/85] L787 (R02456) ok=✗
  [23/85] L788 (R02457) ok=✗
  [24/85] L790 (R02459) ok=✗
  [25/85] L789 (R02458) ok=✗
  [26/85] L791 (R02460) ok=✗
  [27/85] L792 (R02461) ok=✗
  [28/85] L794 (R02463) ok=✗
  [29/85] L793 (R02462) ok=✗
  [30/85] L796 (R02465) ok=✓ legacy [primed] [hint saved]
  [31/85] L795 (R02464) ok=✗
  [32/85] L797 (R02466) ok=✗
  [33/85] L798 (R02467) ok=✗
  [34/85] L799 (R02468) ok=✗
  [35/85] L800 (R02469) ok=✗
  [36/85] L801 (R02470) ok=✗
  [37/85] L803 (R02472) ok=✗
  [38/85] L802 (R02471) ok=✗
  [39/85] L805 (R02474) ok=✗
  [40/85] L806 (R02475) ok=✓ legacy [primed] [hint saved]
  [41/85] L807 (R02476) ok=✓ legacy [primed] [hint saved]
  [42/85] L808 (R02477) ok=✓ legacy [primed] [hint saved]
  [43/85] L809 (R02478) ok=✗
  [44/85] L810 (R02479) ok=✗
  [45/85] L804 (R02473) ok=✗
  [46/85] L811 (R02480) ok=✗
  [47/85] L813 (R02482) ok=✓ legacy [primed] [hint saved]
  [48/85] L812 (R02481) ok=✓ legacy [hint saved]
  [49/85] L815 (R02484) ok=✗
  [50/85] L816 (R02485) ok=✓ legacy [primed] [hint saved]
  [51/85] L817 (R02486) ok=✗
  [52/85] L814 (R02483) ok=✗
  [53/85] L818 (R02487) ok=✗
  [54/85] L819 (R02488) ok=✗
  [55/85] L821 (R02490) ok=✗
  [56/85] L820 (R02489) ok=✗
  [57/85] L823 (R02492) ok=✓ legacy [primed] [hint saved]
  [58/85] L822 (R02491) ok=✓ legacy [hint saved]
  [59/85] L824 (R02493) ok=✗
  [60/85] L826 (R02495) ok=✓ legacy [primed] [hint saved]
  [61/85] L825 (R02494) ok=✗
  [62/85] L827 (R02496) ok=✗
  [63/85] L829 (R02498) ok=✗
  [64/85] L828 (R02497) ok=✗
  [65/85] L830 (R02499) ok=✗
  [66/85] L832 (R02501) ok=✗
  [67/85] L831 (R02500) ok=✗
  [68/85] L833 (R02502) ok=✗
  [69/85] L834 (R02503) ok=✗
  [70/85] L836 (R02505) ok=✗
  [71/85] L837 (R02506) ok=✓ legacy [primed] [hint saved]
  [72/85] L835 (R02504) ok=✗
  [73/85] L838 (R02507) ok=✗
  [74/85] L840 (R02509) ok=✗
  [75/85] L841 (R02510) ok=✗
  [76/85] L839 (R02508) ok=✗
  [77/85] L842 (R02511) ok=✓ legacy [hint saved]
  [78/85] L844 (R02513) ok=✓ legacy [primed] [hint saved]
  [79/85] L845 (R02514) ok=✓ legacy [primed] [hint saved]
  [80/85] L846 (R02515) ok=✗
  [81/85] L847 (R02516) ok=✓ legacy [primed] [hint saved]
  [82/85] L843 (R02512) ok=✗
  [83/85] L848 (R02517) ok=✗
  [84/85] L850 (R02519) ok=✓ legacy [primed] [hint saved]
  [85/85] L849 (R02518) ok=✗
Hints: appended to 21 level(s); 21 hint file(s) changed on disk.
Result: solved=21/85, solvedBeforeFallback=0, fallbackOnly=21, unsolved=64
Wrote logs/solver-corpus2-batches/batch-10.json
Wrote logs/solver-corpus2-batches/batch-10-summary.md
portfolio-solve-sweep: corpus=data/stress/stress-levels-random.json levels=85 (85 to solve) scheduler-mode=legacy budget=8000ms node-budget=20000000 workers=2 enable-flags=STRATEGY_REPAIR_TURN_BIAS save-hints=true
  winner-first: normal + seeded-repair winners (shares solve budget) | 17/85 levels will be primed
  [1/85] L766 (R02435) ok=✓ legacy [primed] [hint saved]
  [2/85] L767 (R02436) ok=✗
  [3/85] L768 (R02437) ok=✗
  [4/85] L770 (R02439) ok=✗
  [5/85] L769 (R02438) ok=✗
  [6/85] L771 (R02440) ok=✗
  [7/85] L772 (R02441) ok=✗
  [8/85] L773 (R02442) ok=✗
  [9/85] L774 (R02443) ok=✗
  [10/85] L775 (R02444) ok=✗
  [11/85] L776 (R02445) ok=✗
  [12/85] L778 (R02447) ok=✓ legacy [primed] [hint saved]
  [13/85] L777 (R02446) ok=✗
  [14/85] L779 (R02448) ok=✗
  [15/85] L780 (R02449) ok=✗
  [16/85] L781 (R02450) ok=✗
  [17/85] L783 (R02452) ok=✓ legacy [hint saved]
  [18/85] L784 (R02453) ok=✗
  [19/85] L782 (R02451) ok=✗
  [20/85] L785 (R02454) ok=✗
  [21/85] L786 (R02455) ok=✓ legacy [primed] [hint saved]
  [22/85] L787 (R02456) ok=✗
  [23/85] L788 (R02457) ok=✗
  [24/85] L790 (R02459) ok=✗
  [25/85] L791 (R02460) ok=✗
  [26/85] L789 (R02458) ok=✗
  [27/85] L792 (R02461) ok=✗
  [28/85] L794 (R02463) ok=✗
  [29/85] L793 (R02462) ok=✗
  [30/85] L796 (R02465) ok=✓ legacy [primed] [hint saved]
  [31/85] L795 (R02464) ok=✗
  [32/85] L797 (R02466) ok=✗
  [33/85] L798 (R02467) ok=✗
  [34/85] L799 (R02468) ok=✗
  [35/85] L801 (R02470) ok=✗
  [36/85] L800 (R02469) ok=✗
  [37/85] L802 (R02471) ok=✗
  [38/85] L803 (R02472) ok=✗
  [39/85] L805 (R02474) ok=✗
  [40/85] L806 (R02475) ok=✓ legacy [primed] [hint saved]
  [41/85] L807 (R02476) ok=✓ legacy [primed] [hint saved]
  [42/85] L808 (R02477) ok=✓ legacy [primed] [hint saved]
  [43/85] L809 (R02478) ok=✗
  [44/85] L804 (R02473) ok=✗
  [45/85] L810 (R02479) ok=✗
  [46/85] L811 (R02480) ok=✗
  [47/85] L813 (R02482) ok=✓ legacy [primed] [hint saved]
  [48/85] L812 (R02481) ok=✓ legacy [hint saved]
  [49/85] L815 (R02484) ok=✗
  [50/85] L816 (R02485) ok=✓ legacy [primed] [hint saved]
  [51/85] L817 (R02486) ok=✗
  [52/85] L814 (R02483) ok=✗
  [53/85] L818 (R02487) ok=✗
  [54/85] L819 (R02488) ok=✗
  [55/85] L821 (R02490) ok=✗
  [56/85] L820 (R02489) ok=✗
  [57/85] L823 (R02492) ok=✓ legacy [primed] [hint saved]
  [58/85] L822 (R02491) ok=✓ legacy [hint saved]
  [59/85] L824 (R02493) ok=✗
  [60/85] L826 (R02495) ok=✓ legacy [primed] [hint saved]
  [61/85] L825 (R02494) ok=✗
  [62/85] L827 (R02496) ok=✗
  [63/85] L829 (R02498) ok=✗
  [64/85] L828 (R02497) ok=✗
  [65/85] L830 (R02499) ok=✗
  [66/85] L832 (R02501) ok=✗
  [67/85] L831 (R02500) ok=✗
  [68/85] L833 (R02502) ok=✗
  [69/85] L834 (R02503) ok=✗
  [70/85] L836 (R02505) ok=✗
  [71/85] L837 (R02506) ok=✓ legacy [primed] [hint saved]
  [72/85] L838 (R02507) ok=✗
  [73/85] L835 (R02504) ok=✗
  [74/85] L839 (R02508) ok=✗
  [75/85] L840 (R02509) ok=✗
  [76/85] L842 (R02511) ok=✓ legacy [hint saved]
  [77/85] L841 (R02510) ok=✗
  [78/85] L844 (R02513) ok=✓ legacy [primed] [hint saved]
  [79/85] L845 (R02514) ok=✓ legacy [primed] [hint saved]
  [80/85] L846 (R02515) ok=✗
  [81/85] L847 (R02516) ok=✓ legacy [primed] [hint saved]
  [82/85] L843 (R02512) ok=✗
  [83/85] L848 (R02517) ok=✗
  [84/85] L850 (R02519) ok=✓ legacy [primed] [hint saved]
  [85/85] L849 (R02518) ok=✗
Hints: appended to 20 level(s); 20 hint file(s) changed on disk.
Result: solved=20/85, solvedBeforeFallback=0, fallbackOnly=20, unsolved=65
Wrote logs/solver-corpus2-batches/batch-10.json
Wrote logs/solver-corpus2-batches/batch-10-summary.md
portfolio-solve-sweep: corpus=data/stress/stress-levels-random.json levels=85 (85 to solve) scheduler-mode=legacy budget=8000ms node-budget=20000000 workers=2 enable-flags=STRATEGY_REPAIR_TURN_BIAS save-hints=true
  winner-first: normal + seeded-repair winners (shares solve budget) | 16/85 levels will be primed
  [1/85] L766 (R02435) ok=✓ legacy [primed] [hint saved]
  [2/85] L767 (R02436) ok=✗
  [3/85] L768 (R02437) ok=✗
  [4/85] L770 (R02439) ok=✗
  [5/85] L769 (R02438) ok=✗
  [6/85] L771 (R02440) ok=✗
  [7/85] L772 (R02441) ok=✗
  [8/85] L774 (R02443) ok=✗
  [9/85] L775 (R02444) ok=✗
  [10/85] L773 (R02442) ok=✗
  [11/85] L776 (R02445) ok=✗
  [12/85] L778 (R02447) ok=✓ legacy [primed] [hint saved]
  [13/85] L777 (R02446) ok=✗
  [14/85] L779 (R02448) ok=✗
  [15/85] L780 (R02449) ok=✗
  [16/85] L781 (R02450) ok=✗
  [17/85] L783 (R02452) ok=✓ legacy [hint saved]
  [18/85] L784 (R02453) ok=✗
  [19/85] L785 (R02454) ok=✗
  [20/85] L782 (R02451) ok=✗
  [21/85] L786 (R02455) ok=✓ legacy [primed] [hint saved]
  [22/85] L787 (R02456) ok=✗
  [23/85] L788 (R02457) ok=✗
  [24/85] L790 (R02459) ok=✗
  [25/85] L791 (R02460) ok=✗
  [26/85] L792 (R02461) ok=✗
  [27/85] L789 (R02458) ok=✗
  [28/85] L794 (R02463) ok=✗
  [29/85] L795 (R02464) ok=✗
  [30/85] L796 (R02465) ok=✓ legacy [primed] [hint saved]
  [31/85] L793 (R02462) ok=✗
  [32/85] L797 (R02466) ok=✗
  [33/85] L798 (R02467) ok=✗
  [34/85] L799 (R02468) ok=✗
  [35/85] L800 (R02469) ok=✗
  [36/85] L801 (R02470) ok=✗
  [37/85] L802 (R02471) ok=✗
  [38/85] L803 (R02472) ok=✗
  [39/85] L805 (R02474) ok=✗
  [40/85] L806 (R02475) ok=✓ legacy [primed] [hint saved]
  [41/85] L807 (R02476) ok=✓ legacy [primed] [hint saved]
  [42/85] L808 (R02477) ok=✓ legacy [primed] [hint saved]
  [43/85] L809 (R02478) ok=✗
  [44/85] L810 (R02479) ok=✗
  [45/85] L804 (R02473) ok=✗
  [46/85] L812 (R02481) ok=✓ legacy [hint saved]
  [47/85] L813 (R02482) ok=✓ legacy [primed] [hint saved]
  [48/85] L811 (R02480) ok=✗
  [49/85] L815 (R02484) ok=✗
  [50/85] L816 (R02485) ok=✓ legacy [primed] [hint saved]
  [51/85] L817 (R02486) ok=✗
  [52/85] L814 (R02483) ok=✗
  [53/85] L818 (R02487) ok=✗
  [54/85] L819 (R02488) ok=✗
  [55/85] L821 (R02490) ok=✗
  [56/85] L822 (R02491) ok=✓ legacy [hint saved]
  [57/85] L823 (R02492) ok=✓ legacy [primed] [hint saved]
  [58/85] L820 (R02489) ok=✗
  [59/85] L824 (R02493) ok=✗
  [60/85] L826 (R02495) ok=✓ legacy [primed] [hint saved]
  [61/85] L825 (R02494) ok=✗
  [62/85] L827 (R02496) ok=✗
  [63/85] L829 (R02498) ok=✗
  [64/85] L828 (R02497) ok=✗
  [65/85] L830 (R02499) ok=✗
  [66/85] L832 (R02501) ok=✗
  [67/85] L831 (R02500) ok=✗
  [68/85] L833 (R02502) ok=✗
  [69/85] L834 (R02503) ok=✗
  [70/85] L836 (R02505) ok=✗
  [71/85] L837 (R02506) ok=✓ legacy [primed] [hint saved]
  [72/85] L838 (R02507) ok=✗
  [73/85] L835 (R02504) ok=✗
  [74/85] L840 (R02509) ok=✗
  [75/85] L841 (R02510) ok=✗
  [76/85] L842 (R02511) ok=✓ legacy [hint saved]
  [77/85] L839 (R02508) ok=✗
  [78/85] L844 (R02513) ok=✓ legacy [primed] [hint saved]
  [79/85] L845 (R02514) ok=✓ legacy [primed] [hint saved]
  [80/85] L843 (R02512) ok=✗
  [81/85] L846 (R02515) ok=✗
  [82/85] L847 (R02516) ok=✓ legacy [primed] [hint saved]
  [83/85] L848 (R02517) ok=✗
  [84/85] L850 (R02519) ok=✓ legacy [primed] [hint saved]
  [85/85] L849 (R02518) ok=✗
Hints: appended to 20 level(s); 20 hint file(s) changed on disk.
Result: solved=20/85, solvedBeforeFallback=0, fallbackOnly=20, unsolved=65
Wrote logs/solver-corpus2-batches/batch-10.json
Wrote logs/solver-corpus2-batches/batch-10-summary.md
portfolio-solve-sweep: corpus=data/stress/stress-levels-random.json levels=85 (85 to solve) scheduler-mode=legacy budget=86400000ms node-budget=36000000 workers=2 save-hints=true
  winner-first: normal + seeded-repair winners (shares solve budget) | 26/85 levels will be primed
  [1/85] L766 (R02435) ok=✓ legacy [primed] [hint saved]
  [2/85] L767 (R02436) ok=✓ legacy [primed] [hint saved]
  [3/85] L769 (R02438) ok=✓ legacy [hint saved]
  [4/85] L770 (R02439) ok=✓ legacy [hint saved]
  [5/85] L768 (R02437) ok=✗
  [6/85] L772 (R02441) ok=✓ legacy [hint saved]
  [7/85] L771 (R02440) ok=✗
  [8/85] L773 (R02442) ok=✗
  [9/85] L774 (R02443) ok=✗
  [10/85] L776 (R02445) ok=✗
  [11/85] L775 (R02444) ok=✗
  [12/85] L778 (R02447) ok=✓ legacy [primed] [hint saved]
  [13/85] L779 (R02448) ok=✗
  [14/85] L777 (R02446) ok=✗
  [15/85] L781 (R02450) ok=✓ legacy [hint saved]
  [16/85] L780 (R02449) ok=✗
  [17/85] L782 (R02451) ok=✗
  [18/85] L783 (R02452) ok=✗
  [19/85] L785 (R02454) ok=✗
  [20/85] L786 (R02455) ok=✓ legacy [primed] [hint saved]
  [21/85] L784 (R02453) ok=✗
  [22/85] L787 (R02456) ok=✗
  [23/85] L788 (R02457) ok=✗
  [24/85] L789 (R02458) ok=✗
  [25/85] L790 (R02459) ok=✗
  [26/85] L791 (R02460) ok=✗
  [27/85] L792 (R02461) ok=✗
  [28/85] L794 (R02463) ok=✗
  [29/85] L793 (R02462) ok=✗
  [30/85] L796 (R02465) ok=✓ legacy [primed] [hint saved]
  [31/85] L795 (R02464) ok=✗
  [32/85] L797 (R02466) ok=✓ legacy [hint saved]
  [33/85] L798 (R02467) ok=✓ legacy [hint saved]
  [34/85] L799 (R02468) ok=✓ legacy [hint saved]
  [35/85] L801 (R02470) ok=✗
  [36/85] L800 (R02469) ok=✗
  [37/85] L802 (R02471) ok=✗
  [38/85] L803 (R02472) ok=✗
  [39/85] L805 (R02474) ok=✓ legacy [hint saved]
  [40/85] L806 (R02475) ok=✓ legacy [primed] [hint saved]
  [41/85] L807 (R02476) ok=✓ legacy [primed] [hint saved]
  [42/85] L808 (R02477) ok=✓ legacy [primed] [hint saved]
  [43/85] L809 (R02478) ok=✓ legacy [hint saved]
  [44/85] L810 (R02479) ok=✗
  [45/85] L804 (R02473) ok=✗
  [46/85] L811 (R02480) ok=✓ legacy [hint saved]
  [47/85] L813 (R02482) ok=✓ legacy [primed] [hint saved]
  [48/85] L812 (R02481) ok=✓ legacy [hint saved]
  [49/85] L815 (R02484) ok=✓ legacy [hint saved]
  [50/85] L816 (R02485) ok=✓ legacy [primed] [hint saved]
  [51/85] L817 (R02486) ok=✗
  [52/85] L818 (R02487) ok=✓ legacy [hint saved]
  [53/85] L819 (R02488) ok=✗
  [54/85] L814 (R02483) ok=✗
  [55/85] L820 (R02489) ok=✓ legacy [hint saved]
  [56/85] L821 (R02490) ok=✗
  [57/85] L823 (R02492) ok=✓ legacy [primed] [hint saved]
  [58/85] L822 (R02491) ok=✗
  [59/85] L824 (R02493) ok=✓ legacy [hint saved]
  [60/85] L826 (R02495) ok=✓ legacy [primed] [hint saved]
  [61/85] L827 (R02496) ok=✓ legacy [hint saved]
  [62/85] L825 (R02494) ok=✗
  [63/85] L829 (R02498) ok=✗
  [64/85] L828 (R02497) ok=✗
  [65/85] L830 (R02499) ok=✗
  [66/85] L832 (R02501) ok=✗
  [67/85] L831 (R02500) ok=✗
  [68/85] L833 (R02502) ok=✓ legacy [hint saved]
  [69/85] L834 (R02503) ok=✗
  [70/85] L835 (R02504) ok=✗
  [71/85] L837 (R02506) ok=✓ legacy [primed] [hint saved]
  [72/85] L836 (R02505) ok=✗
  [73/85] L838 (R02507) ok=✗
  [74/85] L840 (R02509) ok=✓ legacy [primed] [hint saved]
  [75/85] L841 (R02510) ok=✓ legacy [hint saved]
  [76/85] L842 (R02511) ok=✓ legacy [hint saved]
  [77/85] L839 (R02508) ok=✗
  [78/85] L844 (R02513) ok=✓ legacy [primed] [hint saved]
  [79/85] L845 (R02514) ok=✓ legacy [primed] [hint saved]
  [80/85] L843 (R02512) ok=✗
  [81/85] L847 (R02516) ok=✗
  [82/85] L848 (R02517) ok=✓ legacy [hint saved]
  [83/85] L846 (R02515) ok=✗
  [84/85] L850 (R02519) ok=✓ legacy [primed] [hint saved]
  [85/85] L849 (R02518) ok=✗
Hints: appended to 37 level(s); 37 hint file(s) changed on disk.
Result: solved=37/85, solvedBeforeFallback=0, fallbackOnly=37, unsolved=48
Wrote logs/solver-corpus2-batches/batch-10.json
Wrote logs/solver-corpus2-batches/batch-10-summary.md
portfolio-solve-sweep: corpus=data/stress/stress-levels-random.json levels=85 (85 to solve) scheduler-mode=legacy budget=86400000ms node-budget=36000000 workers=2 save-hints=true
  winner-first: normal + seeded-repair winners (shares solve budget) | 37/85 levels will be primed
  [1/85] L766 (R02435) ok=✓ legacy [primed] [hint saved]
  [2/85] L767 (R02436) ok=✓ legacy [primed] [hint saved]
  [3/85] L769 (R02438) ok=✓ legacy [primed] [hint saved]
  [4/85] L770 (R02439) ok=✓ legacy [primed] [hint saved]
  [5/85] L768 (R02437) ok=✗
  [6/85] L772 (R02441) ok=✓ legacy [primed] [hint saved]
  [7/85] L773 (R02442) ok=✗
  [8/85] L771 (R02440) ok=✗
  [9/85] L775 (R02444) ok=✓ legacy [hint saved]
  [10/85] L774 (R02443) ok=✗
  [11/85] L776 (R02445) ok=✗
  [12/85] L778 (R02447) ok=✓ legacy [primed] [hint saved]
  [13/85] L777 (R02446) ok=✗
  [14/85] L779 (R02448) ok=✗
  [15/85] L780 (R02449) ok=✗
  [16/85] L781 (R02450) ok=✓ legacy [primed] [hint saved]
  [17/85] L783 (R02452) ok=✓ legacy [hint saved]
  [18/85] L784 (R02453) ok=✗
  [19/85] L782 (R02451) ok=✗
  [20/85] L786 (R02455) ok=✓ legacy [primed] [hint saved]
  [21/85] L785 (R02454) ok=✗
  [22/85] L787 (R02456) ok=✗
  [23/85] L788 (R02457) ok=✗
  [24/85] L790 (R02459) ok=✗
  [25/85] L789 (R02458) ok=✗
  [26/85] L791 (R02460) ok=✗
  [27/85] L792 (R02461) ok=✗
  [28/85] L794 (R02463) ok=✗
  [29/85] L793 (R02462) ok=✗
  [30/85] L796 (R02465) ok=✓ legacy [primed] [hint saved]
  [31/85] L795 (R02464) ok=✗
  [32/85] L798 (R02467) ok=✓ legacy [primed] [hint saved]
  [33/85] L797 (R02466) ok=✓ legacy [primed] [hint saved]
  [34/85] L799 (R02468) ok=✓ legacy [primed] [hint saved]
  [35/85] L801 (R02470) ok=✗
  [36/85] L800 (R02469) ok=✗
  [37/85] L802 (R02471) ok=✗
  [38/85] L803 (R02472) ok=✗
  [39/85] L805 (R02474) ok=✓ legacy [primed] [hint saved]
  [40/85] L806 (R02475) ok=✓ legacy [primed] [hint saved]
  [41/85] L807 (R02476) ok=✓ legacy [primed] [hint saved]
  [42/85] L808 (R02477) ok=✓ legacy [primed] [hint saved]
  [43/85] L809 (R02478) ok=✓ legacy [primed] [hint saved]
  [44/85] L810 (R02479) ok=✗
  [45/85] L811 (R02480) ok=✓ legacy [primed] [hint saved]
  [46/85] L812 (R02481) ok=✓ legacy [primed] [hint saved]
  [47/85] L813 (R02482) ok=✓ legacy [primed] [hint saved]
  [48/85] L804 (R02473) ok=✗
  [49/85] L815 (R02484) ok=✓ legacy [primed] [hint saved]
  [50/85] L816 (R02485) ok=✓ legacy [primed] [hint saved]
  [51/85] L814 (R02483) ok=✗
  [52/85] L818 (R02487) ok=✓ legacy [primed] [hint saved]
  [53/85] L819 (R02488) ok=✗
  [54/85] L817 (R02486) ok=✗
  [55/85] L820 (R02489) ok=✓ legacy [primed] [hint saved]
  [56/85] L821 (R02490) ok=✗
  [57/85] L823 (R02492) ok=✓ legacy [primed] [hint saved]
  [58/85] L824 (R02493) ok=✓ legacy [primed] [hint saved]
  [59/85] L822 (R02491) ok=✓ legacy [hint saved]
  [60/85] L826 (R02495) ok=✓ legacy [primed] [hint saved]
  [61/85] L827 (R02496) ok=✓ legacy [primed] [hint saved]
  [62/85] L825 (R02494) ok=✗
  [63/85] L829 (R02498) ok=✗
  [64/85] L828 (R02497) ok=✗
  [65/85] L830 (R02499) ok=✗
  [66/85] L832 (R02501) ok=✗
  [67/85] L833 (R02502) ok=✓ legacy [primed] [hint saved]
  [68/85] L831 (R02500) ok=✗
  [69/85] L835 (R02504) ok=✓ legacy [hint saved]
  [70/85] L836 (R02505) ok=✗
  [71/85] L837 (R02506) ok=✓ legacy [primed] [hint saved]
  [72/85] L834 (R02503) ok=✗
  [73/85] L838 (R02507) ok=✗
  [74/85] L840 (R02509) ok=✓ legacy [primed] [hint saved]
  [75/85] L841 (R02510) ok=✓ legacy [primed] [hint saved]
  [76/85] L842 (R02511) ok=✓ legacy [primed] [hint saved]
  [77/85] L839 (R02508) ok=✗
  [78/85] L844 (R02513) ok=✓ legacy [primed] [hint saved]
  [79/85] L845 (R02514) ok=✓ legacy [primed] [hint saved]
  [80/85] L843 (R02512) ok=✗
  [81/85] L846 (R02515) ok=✗
  [82/85] L848 (R02517) ok=✓ legacy [primed] [hint saved]
  [83/85] L847 (R02516) ok=✗
  [84/85] L850 (R02519) ok=✓ legacy [primed] [hint saved]
  [85/85] L849 (R02518) ok=✗
Hints: appended to 41 level(s); 41 hint file(s) changed on disk.
Result: solved=41/85, solvedBeforeFallback=0, fallbackOnly=41, unsolved=44
Wrote logs/solver-corpus2-batches/batch-10.json
Wrote logs/solver-corpus2-batches/batch-10-summary.md
