Prepared batch 12 (levels 936-1020) at 2026-07-17T22:34:17Z.
portfolio-solve-sweep: corpus=data/stress/stress-levels-random.json levels=85 (85 to solve) scheduler-mode=legacy budget=8000ms node-budget=20000000 workers=2 save-hints=true
  [1/85] L936 (R02605) ok=✗
  [2/85] L937 (R02606) ok=✗
  [3/85] L938 (R02607) ok=✗
  [4/85] L939 (R02608) ok=✗
  [5/85] L940 (R02609) ok=✓ legacy [hint saved]
  [6/85] L941 (R02610) ok=✗
  [7/85] L943 (R02612) ok=✗
  [8/85] L942 (R02611) ok=✗
  [9/85] L945 (R02614) ok=✗
  [10/85] L946 (R02615) ok=✗
  [11/85] L944 (R02613) ok=✗
  [12/85] L947 (R02616) ok=✗
  [13/85] L948 (R02617) ok=✗
  [14/85] L949 (R02618) ok=✓ legacy [hint saved]
  [15/85] L950 (R02619) ok=✗
  [16/85] L952 (R02621) ok=✗
  [17/85] L951 (R02620) ok=✗
  [18/85] L953 (R02622) ok=✗
  [19/85] L954 (R02623) ok=✗
  [20/85] L956 (R02625) ok=✗
  [21/85] L957 (R02626) ok=✓ legacy [hint saved]
  [22/85] L955 (R02624) ok=✓ legacy [hint saved]
  [23/85] L959 (R02628) ok=✓ legacy [hint saved]
  [24/85] L958 (R02627) ok=✗
  [25/85] L960 (R02629) ok=✗
  [26/85] L962 (R02631) ok=✗
  [27/85] L961 (R02630) ok=✗
  [28/85] L964 (R02633) ok=✗
  [29/85] L963 (R02632) ok=✗
  [30/85] L965 (R02634) ok=✗
  [31/85] L967 (R02636) ok=✗
  [32/85] L968 (R02637) ok=✗
  [33/85] L966 (R02635) ok=✗
  [34/85] L970 (R02639) ok=✓ legacy [hint saved]
  [35/85] L971 (R02640) ok=✗
  [36/85] L969 (R02638) ok=✗
  [37/85] L972 (R02641) ok=✓ legacy [hint saved]
  [38/85] L973 (R02642) ok=✗
  [39/85] L975 (R02644) ok=✗
  [40/85] L976 (R02645) ok=✗
  [41/85] L974 (R02643) ok=✗
  [42/85] L977 (R02646) ok=✗
  [43/85] L979 (R02648) ok=✗
  [44/85] L980 (R02649) ok=✗
  [45/85] L978 (R02647) ok=✗
  [46/85] L981 (R02650) ok=✗
  [47/85] L983 (R02652) ok=✓ legacy [hint saved]
  [48/85] L984 (R02653) ok=✓ legacy [hint saved]
  [49/85] L982 (R02651) ok=✗
  [50/85] L986 (R02655) ok=✗
  [51/85] L985 (R02654) ok=✗
  [52/85] L988 (R02657) ok=✗
  [53/85] L987 (R02656) ok=✗
  [54/85] L989 (R02658) ok=✗
  [55/85] L991 (R02660) ok=✗
  [56/85] L990 (R02659) ok=✗
  [57/85] L992 (R02661) ok=✗
  [58/85] L993 (R02662) ok=✗
  [59/85] L995 (R02664) ok=✗
  [60/85] L994 (R02663) ok=✗
  [61/85] L997 (R02666) ok=✗
  [62/85] L996 (R02665) ok=✗
  [63/85] L999 (R02668) ok=✗
  [64/85] L998 (R02667) ok=✗
  [65/85] L1000 (R02669) ok=✗
  [66/85] L1001 (R02670) ok=✗
  [67/85] L1002 (R02671) ok=✗
  [68/85] L1003 (R02672) ok=✗
  [69/85] L1004 (R02673) ok=✓ legacy [hint saved]
  [70/85] L1005 (R02674) ok=✗
  [71/85] L1006 (R02675) ok=✗
  [72/85] L1008 (R02677) ok=✓ legacy [hint saved]
  [73/85] L1009 (R02678) ok=✓ legacy [hint saved]
  [74/85] L1010 (R02679) ok=✗
  [75/85] L1011 (R02680) ok=✗
  [76/85] L1007 (R02676) ok=✗
  [77/85] L1012 (R02681) ok=✗
  [78/85] L1013 (R02682) ok=✗
  [79/85] L1015 (R02684) ok=✓ legacy [hint saved]
  [80/85] L1014 (R02683) ok=✗
  [81/85] L1016 (R02685) ok=✗
  [82/85] L1018 (R02687) ok=✓ legacy [hint saved]
  [83/85] L1019 (R02688) ok=✓ legacy [hint saved]
  [84/85] L1017 (R02686) ok=✗
  [85/85] L1020 (R02689) ok=✗
Hints: appended to 15 level(s); 15 hint file(s) changed on disk.
Result: solved=15/85, solvedBeforeFallback=0, fallbackOnly=15, unsolved=70
Wrote logs/solver-corpus2-batches/batch-12.json
Wrote logs/solver-corpus2-batches/batch-12-summary.md
portfolio-solve-sweep: corpus=data/stress/stress-levels-random.json levels=85 (85 to solve) scheduler-mode=legacy budget=8000ms node-budget=20000000 workers=2 save-hints=true
  [1/85] L937 (R02606) ok=✗
  [2/85] L936 (R02605) ok=✗
  [3/85] L938 (R02607) ok=✗
  [4/85] L939 (R02608) ok=✗
  [5/85] L940 (R02609) ok=✓ legacy [hint saved]
  [6/85] L941 (R02610) ok=✗
  [7/85] L942 (R02611) ok=✗
  [8/85] L943 (R02612) ok=✗
  [9/85] L945 (R02614) ok=✗
  [10/85] L946 (R02615) ok=✗
  [11/85] L944 (R02613) ok=✗
  [12/85] L947 (R02616) ok=✗
  [13/85] L948 (R02617) ok=✗
  [14/85] L949 (R02618) ok=✓ legacy [hint saved]
  [15/85] L950 (R02619) ok=✗
  [16/85] L951 (R02620) ok=✗
  [17/85] L952 (R02621) ok=✗
  [18/85] L953 (R02622) ok=✗
  [19/85] L955 (R02624) ok=✓ legacy [hint saved]
  [20/85] L954 (R02623) ok=✗
  [21/85] L956 (R02625) ok=✗
  [22/85] L957 (R02626) ok=✓ legacy [hint saved]
  [23/85] L959 (R02628) ok=✓ legacy [hint saved]
  [24/85] L958 (R02627) ok=✗
  [25/85] L960 (R02629) ok=✗
  [26/85] L962 (R02631) ok=✗
  [27/85] L961 (R02630) ok=✗
  [28/85] L963 (R02632) ok=✗
  [29/85] L964 (R02633) ok=✗
  [30/85] L965 (R02634) ok=✗
  [31/85] L967 (R02636) ok=✗
  [32/85] L968 (R02637) ok=✗
  [33/85] L966 (R02635) ok=✗
  [34/85] L970 (R02639) ok=✓ legacy [hint saved]
  [35/85] L969 (R02638) ok=✗
  [36/85] L971 (R02640) ok=✗
  [37/85] L972 (R02641) ok=✓ legacy [hint saved]
  [38/85] L973 (R02642) ok=✗
  [39/85] L975 (R02644) ok=✗
  [40/85] L976 (R02645) ok=✗
  [41/85] L977 (R02646) ok=✗
  [42/85] L974 (R02643) ok=✗
  [43/85] L979 (R02648) ok=✗
  [44/85] L980 (R02649) ok=✗
  [45/85] L978 (R02647) ok=✗
  [46/85] L981 (R02650) ok=✗
  [47/85] L983 (R02652) ok=✗
  [48/85] L984 (R02653) ok=✓ legacy [hint saved]
  [49/85] L982 (R02651) ok=✗
  [50/85] L986 (R02655) ok=✓ legacy [hint saved]
  [51/85] L985 (R02654) ok=✗
  [52/85] L988 (R02657) ok=✗
  [53/85] L987 (R02656) ok=✗
  [54/85] L989 (R02658) ok=✗
  [55/85] L991 (R02660) ok=✗
  [56/85] L990 (R02659) ok=✗
  [57/85] L992 (R02661) ok=✗
  [58/85] L993 (R02662) ok=✗
  [59/85] L994 (R02663) ok=✗
  [60/85] L995 (R02664) ok=✗
  [61/85] L997 (R02666) ok=✗
  [62/85] L996 (R02665) ok=✗
  [63/85] L998 (R02667) ok=✗
  [64/85] L999 (R02668) ok=✗
  [65/85] L1000 (R02669) ok=✗
  [66/85] L1001 (R02670) ok=✗
  [67/85] L1002 (R02671) ok=✗
  [68/85] L1003 (R02672) ok=✗
  [69/85] L1004 (R02673) ok=✓ legacy [hint saved]
  [70/85] L1005 (R02674) ok=✗
  [71/85] L1006 (R02675) ok=✗
  [72/85] L1008 (R02677) ok=✓ legacy [hint saved]
  [73/85] L1009 (R02678) ok=✓ legacy [hint saved]
  [74/85] L1010 (R02679) ok=✗
  [75/85] L1011 (R02680) ok=✗
  [76/85] L1007 (R02676) ok=✗
  [77/85] L1012 (R02681) ok=✗
  [78/85] L1013 (R02682) ok=✗
  [79/85] L1015 (R02684) ok=✓ legacy [hint saved]
  [80/85] L1014 (R02683) ok=✗
  [81/85] L1016 (R02685) ok=✗
  [82/85] L1018 (R02687) ok=✓ legacy [hint saved]
  [83/85] L1019 (R02688) ok=✗
  [84/85] L1017 (R02686) ok=✗
  [85/85] L1020 (R02689) ok=✗
Hints: appended to 14 level(s); 14 hint file(s) changed on disk.
Result: solved=14/85, solvedBeforeFallback=0, fallbackOnly=14, unsolved=71
Wrote logs/solver-corpus2-batches/batch-12.json
Wrote logs/solver-corpus2-batches/batch-12-summary.md
portfolio-solve-sweep: corpus=data/stress/stress-levels-random.json levels=85 (85 to solve) scheduler-mode=legacy budget=8000ms node-budget=20000000 workers=2 save-hints=true
  [1/85] L936 (R02605) ok=✗
  [2/85] L937 (R02606) ok=✗
  [3/85] L938 (R02607) ok=✗
  [4/85] L939 (R02608) ok=✗
  [5/85] L940 (R02609) ok=✓ legacy [hint saved]
  [6/85] L941 (R02610) ok=✗
  [7/85] L942 (R02611) ok=✗
  [8/85] L943 (R02612) ok=✗
  [9/85] L945 (R02614) ok=✗
  [10/85] L946 (R02615) ok=✗
  [11/85] L944 (R02613) ok=✗
  [12/85] L947 (R02616) ok=✗
  [13/85] L948 (R02617) ok=✗
  [14/85] L949 (R02618) ok=✓ legacy [hint saved]
  [15/85] L950 (R02619) ok=✗
  [16/85] L951 (R02620) ok=✗
  [17/85] L952 (R02621) ok=✗
  [18/85] L953 (R02622) ok=✗
  [19/85] L955 (R02624) ok=✓ legacy [hint saved]
  [20/85] L954 (R02623) ok=✗
  [21/85] L956 (R02625) ok=✗
  [22/85] L957 (R02626) ok=✓ legacy [hint saved]
  [23/85] L959 (R02628) ok=✓ legacy [hint saved]
  [24/85] L958 (R02627) ok=✗
  [25/85] L960 (R02629) ok=✗
  [26/85] L962 (R02631) ok=✗
  [27/85] L961 (R02630) ok=✗
  [28/85] L963 (R02632) ok=✗
  [29/85] L964 (R02633) ok=✗
  [30/85] L965 (R02634) ok=✗
  [31/85] L967 (R02636) ok=✗
  [32/85] L968 (R02637) ok=✗
  [33/85] L966 (R02635) ok=✗
  [34/85] L970 (R02639) ok=✓ legacy [hint saved]
  [35/85] L969 (R02638) ok=✗
  [36/85] L971 (R02640) ok=✗
  [37/85] L973 (R02642) ok=✗
  [38/85] L972 (R02641) ok=✓ legacy [hint saved]
  [39/85] L975 (R02644) ok=✗
  [40/85] L976 (R02645) ok=✗
  [41/85] L977 (R02646) ok=✗
  [42/85] L974 (R02643) ok=✗
  [43/85] L979 (R02648) ok=✗
  [44/85] L980 (R02649) ok=✗
  [45/85] L978 (R02647) ok=✗
  [46/85] L981 (R02650) ok=✗
  [47/85] L983 (R02652) ok=✗
  [48/85] L984 (R02653) ok=✓ legacy [hint saved]
  [49/85] L982 (R02651) ok=✗
  [50/85] L986 (R02655) ok=✓ legacy [hint saved]
  [51/85] L985 (R02654) ok=✗
  [52/85] L988 (R02657) ok=✗
  [53/85] L987 (R02656) ok=✗
  [54/85] L989 (R02658) ok=✗
  [55/85] L991 (R02660) ok=✗
  [56/85] L990 (R02659) ok=✗
  [57/85] L992 (R02661) ok=✗
  [58/85] L993 (R02662) ok=✗
  [59/85] L994 (R02663) ok=✗
  [60/85] L995 (R02664) ok=✗
  [61/85] L997 (R02666) ok=✗
  [62/85] L996 (R02665) ok=✗
  [63/85] L999 (R02668) ok=✗
  [64/85] L998 (R02667) ok=✗
  [65/85] L1000 (R02669) ok=✗
  [66/85] L1001 (R02670) ok=✗
  [67/85] L1002 (R02671) ok=✗
  [68/85] L1003 (R02672) ok=✗
  [69/85] L1004 (R02673) ok=✓ legacy [hint saved]
  [70/85] L1005 (R02674) ok=✗
  [71/85] L1006 (R02675) ok=✗
  [72/85] L1008 (R02677) ok=✓ legacy [hint saved]
  [73/85] L1009 (R02678) ok=✓ legacy [hint saved]
  [74/85] L1010 (R02679) ok=✗
  [75/85] L1011 (R02680) ok=✗
  [76/85] L1007 (R02676) ok=✗
  [77/85] L1012 (R02681) ok=✗
  [78/85] L1013 (R02682) ok=✗
  [79/85] L1015 (R02684) ok=✓ legacy [hint saved]
  [80/85] L1014 (R02683) ok=✗
  [81/85] L1016 (R02685) ok=✗
  [82/85] L1018 (R02687) ok=✓ legacy [hint saved]
  [83/85] L1017 (R02686) ok=✗
  [84/85] L1019 (R02688) ok=✗
  [85/85] L1020 (R02689) ok=✗
Hints: appended to 14 level(s); 14 hint file(s) changed on disk.
Result: solved=14/85, solvedBeforeFallback=0, fallbackOnly=14, unsolved=71
Wrote logs/solver-corpus2-batches/batch-12.json
Wrote logs/solver-corpus2-batches/batch-12-summary.md
portfolio-solve-sweep: corpus=data/stress/stress-levels-random.json levels=85 (85 to solve) scheduler-mode=legacy budget=8000ms node-budget=20000000 workers=2 enable-flags=STRATEGY_REPAIR_TURN_BIAS save-hints=true
  [1/85] L936 (R02605) ok=✗
  [2/85] L937 (R02606) ok=✗
  [3/85] L938 (R02607) ok=✗
  [4/85] L939 (R02608) ok=✗
  [5/85] L940 (R02609) ok=✓ legacy [hint saved]
  [6/85] L941 (R02610) ok=✗
  [7/85] L942 (R02611) ok=✗
  [8/85] L943 (R02612) ok=✗
  [9/85] L945 (R02614) ok=✗
  [10/85] L944 (R02613) ok=✗
  [11/85] L947 (R02616) ok=✗
  [12/85] L946 (R02615) ok=✗
  [13/85] L948 (R02617) ok=✗
  [14/85] L949 (R02618) ok=✓ legacy [hint saved]
  [15/85] L950 (R02619) ok=✗
  [16/85] L952 (R02621) ok=✗
  [17/85] L953 (R02622) ok=✗
  [18/85] L954 (R02623) ok=✗
  [19/85] L955 (R02624) ok=✓ legacy [hint saved]
  [20/85] L951 (R02620) ok=✗
  [21/85] L956 (R02625) ok=✗
  [22/85] L957 (R02626) ok=✓ legacy [hint saved]
  [23/85] L959 (R02628) ok=✗
  [24/85] L958 (R02627) ok=✗
  [25/85] L960 (R02629) ok=✗
  [26/85] L962 (R02631) ok=✗
  [27/85] L961 (R02630) ok=✗
  [28/85] L964 (R02633) ok=✗
  [29/85] L965 (R02634) ok=✗
  [30/85] L963 (R02632) ok=✗
  [31/85] L967 (R02636) ok=✗
  [32/85] L968 (R02637) ok=✗
  [33/85] L966 (R02635) ok=✗
  [34/85] L970 (R02639) ok=✓ legacy [hint saved]
  [35/85] L971 (R02640) ok=✗
  [36/85] L972 (R02641) ok=✓ legacy [hint saved]
  [37/85] L969 (R02638) ok=✗
  [38/85] L973 (R02642) ok=✗
  [39/85] L975 (R02644) ok=✗
  [40/85] L976 (R02645) ok=✗
  [41/85] L977 (R02646) ok=✗
  [42/85] L974 (R02643) ok=✗
  [43/85] L979 (R02648) ok=✗
  [44/85] L980 (R02649) ok=✗
  [45/85] L981 (R02650) ok=✗
  [46/85] L978 (R02647) ok=✗
  [47/85] L983 (R02652) ok=✗
  [48/85] L982 (R02651) ok=✗
  [49/85] L984 (R02653) ok=✗
  [50/85] L986 (R02655) ok=✓ legacy [hint saved]
  [51/85] L985 (R02654) ok=✗
  [52/85] L988 (R02657) ok=✗
  [53/85] L987 (R02656) ok=✗
  [54/85] L989 (R02658) ok=✗
  [55/85] L991 (R02660) ok=✗
  [56/85] L990 (R02659) ok=✗
  [57/85] L992 (R02661) ok=✗
  [58/85] L993 (R02662) ok=✗
  [59/85] L995 (R02664) ok=✗
  [60/85] L994 (R02663) ok=✗
  [61/85] L996 (R02665) ok=✗
  [62/85] L997 (R02666) ok=✗
  [63/85] L999 (R02668) ok=✗
  [64/85] L998 (R02667) ok=✗
  [65/85] L1000 (R02669) ok=✗
  [66/85] L1001 (R02670) ok=✗
  [67/85] L1002 (R02671) ok=✗
  [68/85] L1004 (R02673) ok=✓ legacy [hint saved]
  [69/85] L1005 (R02674) ok=✗
  [70/85] L1003 (R02672) ok=✗
  [71/85] L1006 (R02675) ok=✗
  [72/85] L1008 (R02677) ok=✓ legacy [hint saved]
  [73/85] L1009 (R02678) ok=✓ legacy [hint saved]
  [74/85] L1010 (R02679) ok=✗
  [75/85] L1011 (R02680) ok=✗
  [76/85] L1007 (R02676) ok=✗
  [77/85] L1012 (R02681) ok=✗
  [78/85] L1014 (R02683) ok=✓ legacy [hint saved]
  [79/85] L1015 (R02684) ok=✗
  [80/85] L1013 (R02682) ok=✗
  [81/85] L1016 (R02685) ok=✗
  [82/85] L1018 (R02687) ok=✗
  [83/85] L1019 (R02688) ok=✗
  [84/85] L1017 (R02686) ok=✗
  [85/85] L1020 (R02689) ok=✗
Hints: appended to 11 level(s); 11 hint file(s) changed on disk.
Result: solved=11/85, solvedBeforeFallback=0, fallbackOnly=11, unsolved=74
Wrote logs/solver-corpus2-batches/batch-12.json
Wrote logs/solver-corpus2-batches/batch-12-summary.md
portfolio-solve-sweep: corpus=data/stress/stress-levels-random.json levels=85 (85 to solve) scheduler-mode=legacy budget=30000ms node-budget=60000000 workers=2 enable-flags=STRATEGY_REPAIR_TURN_BIAS save-hints=true
  [1/85] L937 (R02606) ok=✗
  [2/85] L936 (R02605) ok=✗
  [3/85] L939 (R02608) ok=✓ legacy [hint saved]
  [4/85] L940 (R02609) ok=✓ legacy [hint saved]
  [5/85] L938 (R02607) ok=✗
  [6/85] L942 (R02611) ok=✓ legacy [hint saved]
  [7/85] L941 (R02610) ok=✗
  [8/85] L943 (R02612) ok=✗
  [9/85] L944 (R02613) ok=✗
  [10/85] L945 (R02614) ok=✗
  [11/85] L946 (R02615) ok=✗
  [12/85] L948 (R02617) ok=✓ legacy [hint saved]
  [13/85] L947 (R02616) ok=✗
  [14/85] L949 (R02618) ok=✓ legacy [hint saved]
  [15/85] L951 (R02620) ok=✓ legacy [hint saved]
  [16/85] L952 (R02621) ok=✗
  [17/85] L950 (R02619) ok=✗
  [18/85] L953 (R02622) ok=✓ legacy [hint saved]
  [19/85] L955 (R02624) ok=✓ legacy [hint saved]
  [20/85] L954 (R02623) ok=✗
  [21/85] L957 (R02626) ok=✓ legacy [hint saved]
  [22/85] L956 (R02625) ok=✗
  [23/85] L959 (R02628) ok=✓ legacy [hint saved]
  [24/85] L960 (R02629) ok=✗
  [25/85] L958 (R02627) ok=✗
  [26/85] L962 (R02631) ok=✗
  [27/85] L961 (R02630) ok=✗
  [28/85] L964 (R02633) ok=✗
  [29/85] L963 (R02632) ok=✗
  [30/85] L965 (R02634) ok=✓ legacy [hint saved]
  [31/85] L967 (R02636) ok=✗
  [32/85] L968 (R02637) ok=✗
  [33/85] L966 (R02635) ok=✗
  [34/85] L970 (R02639) ok=✓ legacy [hint saved]
  [35/85] L971 (R02640) ok=✗
  [36/85] L972 (R02641) ok=✓ legacy [hint saved]
  [37/85] L969 (R02638) ok=✗
  [38/85] L973 (R02642) ok=✗
  [39/85] L975 (R02644) ok=✗
  [40/85] L976 (R02645) ok=✓ legacy [hint saved]
  [41/85] L977 (R02646) ok=✗
  [42/85] L974 (R02643) ok=✗
  [43/85] L979 (R02648) ok=✓ legacy [hint saved]
  [44/85] L980 (R02649) ok=✓ legacy [hint saved]
  [45/85] L981 (R02650) ok=✓ legacy [hint saved]
  [46/85] L978 (R02647) ok=✗
  [47/85] L983 (R02652) ok=✓ legacy [hint saved]
  [48/85] L982 (R02651) ok=✗
  [49/85] L984 (R02653) ok=✓ legacy [hint saved]
  [50/85] L986 (R02655) ok=✓ legacy [hint saved]
  [51/85] L985 (R02654) ok=✗
  [52/85] L987 (R02656) ok=✗
  [53/85] L988 (R02657) ok=✗
  [54/85] L989 (R02658) ok=✗
  [55/85] L991 (R02660) ok=✗
  [56/85] L990 (R02659) ok=✗
  [57/85] L992 (R02661) ok=✗
  [58/85] L993 (R02662) ok=✗
  [59/85] L995 (R02664) ok=✗
  [60/85] L994 (R02663) ok=✗
  [61/85] L996 (R02665) ok=✗
  [62/85] L997 (R02666) ok=✗
  [63/85] L999 (R02668) ok=✓ legacy [hint saved]
  [64/85] L1000 (R02669) ok=✓ legacy [hint saved]
  [65/85] L1001 (R02670) ok=✗
  [66/85] L1002 (R02671) ok=✓ legacy [hint saved]
  [67/85] L998 (R02667) ok=✗
  [68/85] L1004 (R02673) ok=✓ legacy [hint saved]
  [69/85] L1003 (R02672) ok=✓ legacy [hint saved]
  [70/85] L1005 (R02674) ok=✗
  [71/85] L1006 (R02675) ok=✗
  [72/85] L1008 (R02677) ok=✓ legacy [hint saved]
  [73/85] L1009 (R02678) ok=✓ legacy [hint saved]
  [74/85] L1010 (R02679) ok=✓ legacy [hint saved]
  [75/85] L1007 (R02676) ok=✗
  [76/85] L1012 (R02681) ok=✓ legacy [hint saved]
  [77/85] L1011 (R02680) ok=✗
  [78/85] L1014 (R02683) ok=✓ legacy [hint saved]
  [79/85] L1015 (R02684) ok=✓ legacy [hint saved]
  [80/85] L1016 (R02685) ok=✗
  [81/85] L1013 (R02682) ok=✗
  [82/85] L1018 (R02687) ok=✓ legacy [hint saved]
  [83/85] L1019 (R02688) ok=✓ legacy [hint saved]
  [84/85] L1017 (R02686) ok=✗
  [85/85] L1020 (R02689) ok=✗
Hints: appended to 33 level(s); 33 hint file(s) changed on disk.
Result: solved=33/85, solvedBeforeFallback=0, fallbackOnly=33, unsolved=52
Wrote logs/solver-corpus2-batches/batch-12.json
Wrote logs/solver-corpus2-batches/batch-12-summary.md
portfolio-solve-sweep: corpus=data/stress/stress-levels-random.json levels=85 (85 to solve) scheduler-mode=legacy budget=60000ms node-budget=120000000 workers=2 enable-flags=STRATEGY_REPAIR_TURN_BIAS save-hints=true
  [1/85] L937 (R02606) ok=✗
  [2/85] L936 (R02605) ok=✗
  [3/85] L939 (R02608) ok=✓ legacy [hint saved]
  [4/85] L940 (R02609) ok=✓ legacy [hint saved]
  [5/85] L938 (R02607) ok=✗
  [6/85] L942 (R02611) ok=✓ legacy [hint saved]
  [7/85] L941 (R02610) ok=✗
  [8/85] L943 (R02612) ok=✗
  [9/85] L944 (R02613) ok=✗
  [10/85] L945 (R02614) ok=✗
  [11/85] L946 (R02615) ok=✗
  [12/85] L947 (R02616) ok=✗
  [13/85] L948 (R02617) ok=✓ legacy [hint saved]
  [14/85] L949 (R02618) ok=✓ legacy [hint saved]
  [15/85] L951 (R02620) ok=✓ legacy [hint saved]
  [16/85] L952 (R02621) ok=✗
  [17/85] L953 (R02622) ok=✓ legacy [hint saved]
  [18/85] L950 (R02619) ok=✗
  [19/85] L955 (R02624) ok=✓ legacy [hint saved]
  [20/85] L954 (R02623) ok=✗
  [21/85] L957 (R02626) ok=✓ legacy [hint saved]
  [22/85] L956 (R02625) ok=✗
  [23/85] L959 (R02628) ok=✓ legacy [hint saved]
  [24/85] L960 (R02629) ok=✗
  [25/85] L958 (R02627) ok=✗
  [26/85] L962 (R02631) ok=✗
  [27/85] L961 (R02630) ok=✗
  [28/85] L963 (R02632) ok=✗
  [29/85] L964 (R02633) ok=✗
  [30/85] L965 (R02634) ok=✓ legacy [hint saved]
  [31/85] L967 (R02636) ok=✗
  [32/85] L968 (R02637) ok=✓ legacy [hint saved]
  [33/85] L966 (R02635) ok=✗
  [34/85] L970 (R02639) ok=✓ legacy [hint saved]
  [35/85] L971 (R02640) ok=✗
  [36/85] L969 (R02638) ok=✗
  [37/85] L972 (R02641) ok=✓ legacy [hint saved]
  [38/85] L973 (R02642) ok=✗
  [39/85] L975 (R02644) ok=✗
  [40/85] L976 (R02645) ok=✓ legacy [hint saved]
  [41/85] L974 (R02643) ok=✗
  [42/85] L977 (R02646) ok=✗
  [43/85] L979 (R02648) ok=✓ legacy [hint saved]
  [44/85] L980 (R02649) ok=✓ legacy [hint saved]
  [45/85] L981 (R02650) ok=✓ legacy [hint saved]
  [46/85] L978 (R02647) ok=✗
  [47/85] L983 (R02652) ok=✓ legacy [hint saved]
  [48/85] L984 (R02653) ok=✓ legacy [hint saved]
  [49/85] L982 (R02651) ok=✗
  [50/85] L986 (R02655) ok=✓ legacy [hint saved]
  [51/85] L985 (R02654) ok=✗
  [52/85] L987 (R02656) ok=✗
  [53/85] L988 (R02657) ok=✗
  [54/85] L989 (R02658) ok=✗
  [55/85] L991 (R02660) ok=✗
  [56/85] L990 (R02659) ok=✗
  [57/85] L992 (R02661) ok=✗
  [58/85] L993 (R02662) ok=✗
  [59/85] L995 (R02664) ok=✗
  [60/85] L994 (R02663) ok=✗
  [61/85] L996 (R02665) ok=✗
  [62/85] L997 (R02666) ok=✗
  [63/85] L999 (R02668) ok=✓ legacy [hint saved]
  [64/85] L1000 (R02669) ok=✓ legacy [hint saved]
  [65/85] L1001 (R02670) ok=✗
  [66/85] L998 (R02667) ok=✗
  [67/85] L1002 (R02671) ok=✓ legacy [hint saved]
  [68/85] L1004 (R02673) ok=✓ legacy [hint saved]
  [69/85] L1003 (R02672) ok=✓ legacy [hint saved]
  [70/85] L1005 (R02674) ok=✗
  [71/85] L1006 (R02675) ok=✗
  [72/85] L1008 (R02677) ok=✓ legacy [hint saved]
  [73/85] L1009 (R02678) ok=✓ legacy [hint saved]
  [74/85] L1010 (R02679) ok=✓ legacy [hint saved]
  [75/85] L1011 (R02680) ok=✗
  [76/85] L1012 (R02681) ok=✓ legacy [hint saved]
  [77/85] L1007 (R02676) ok=✗
  [78/85] L1014 (R02683) ok=✓ legacy [hint saved]
  [79/85] L1015 (R02684) ok=✓ legacy [hint saved]
  [80/85] L1016 (R02685) ok=✗
  [81/85] L1013 (R02682) ok=✗
  [82/85] L1018 (R02687) ok=✓ legacy [hint saved]
  [83/85] L1019 (R02688) ok=✓ legacy [hint saved]
  [84/85] L1017 (R02686) ok=✗
  [85/85] L1020 (R02689) ok=✗
Hints: appended to 34 level(s); 34 hint file(s) changed on disk.
Result: solved=34/85, solvedBeforeFallback=0, fallbackOnly=34, unsolved=51
Wrote logs/solver-corpus2-batches/batch-12.json
Wrote logs/solver-corpus2-batches/batch-12-summary.md
portfolio-solve-sweep: corpus=data/stress/stress-levels-random.json levels=85 (85 to solve) scheduler-mode=legacy budget=8000ms node-budget=20000000 workers=2 save-hints=true
  adaptive budgets: mult=3x floor=2,000,000 unsolved=20,000,000 | 34 known-solved scaled (min 2,000,000 / med 20,000,000 / max 258,229,512 nodes)
  winner-first: normal + seeded-repair winners (shares solve budget) | 20/85 levels will be primed
  [1/85] L937 (R02606) ok=✗
  [2/85] L936 (R02605) ok=✗
  [3/85] L939 (R02608) ok=✓ legacy [primed] [hint saved]
  [4/85] L940 (R02609) ok=✓ legacy [hint saved]
  [5/85] L938 (R02607) ok=✗
  [6/85] L942 (R02611) ok=✓ legacy [primed] [hint saved]
  [7/85] L941 (R02610) ok=✗
  [8/85] L943 (R02612) ok=✗
  [9/85] L945 (R02614) ok=✗
  [10/85] L946 (R02615) ok=✗
  [11/85] L944 (R02613) ok=✗
  [12/85] L948 (R02617) ok=✓ legacy [primed] [hint saved]
  [13/85] L949 (R02618) ok=✓ legacy [primed] [hint saved]
  [14/85] L947 (R02616) ok=✗
  [15/85] L950 (R02619) ok=✗
  [16/85] L952 (R02621) ok=✗
  [17/85] L951 (R02620) ok=✓ legacy [hint saved]
  [18/85] L954 (R02623) ok=✗
  [19/85] L955 (R02624) ok=✓ legacy [hint saved]
  [20/85] L953 (R02622) ok=✗
  [21/85] L957 (R02626) ok=✓ legacy [hint saved]
  [22/85] L956 (R02625) ok=✗
  [23/85] L959 (R02628) ok=✓ legacy [primed] [hint saved]
  [24/85] L960 (R02629) ok=✗
  [25/85] L958 (R02627) ok=✗
  [26/85] L962 (R02631) ok=✗
  [27/85] L961 (R02630) ok=✗
  [28/85] L964 (R02633) ok=✗
  [29/85] L963 (R02632) ok=✗
  [30/85] L965 (R02634) ok=✓ legacy [hint saved]
  [31/85] L967 (R02636) ok=✗
  [32/85] L968 (R02637) ok=✗
  [33/85] L966 (R02635) ok=✗
  [34/85] L970 (R02639) ok=✓ legacy [hint saved]
  [35/85] L969 (R02638) ok=✗
  [36/85] L971 (R02640) ok=✗
  [37/85] L972 (R02641) ok=✓ legacy [hint saved]
  [38/85] L973 (R02642) ok=✗
  [39/85] L975 (R02644) ok=✗
  [40/85] L976 (R02645) ok=✓ legacy [primed] [hint saved]
  [41/85] L977 (R02646) ok=✗
  [42/85] L974 (R02643) ok=✗
  [43/85] L979 (R02648) ok=✓ legacy [primed] [hint saved]
  [44/85] L978 (R02647) ok=✗
  [45/85] L981 (R02650) ok=✓ legacy [primed] [hint saved]
  [46/85] L980 (R02649) ok=✓ legacy [hint saved]
  [47/85] L983 (R02652) ok=✓ legacy [hint saved]
  [48/85] L984 (R02653) ok=✓ legacy [primed] [hint saved]
  [49/85] L982 (R02651) ok=✗
  [50/85] L986 (R02655) ok=✓ legacy [hint saved]
  [51/85] L987 (R02656) ok=✗
  [52/85] L985 (R02654) ok=✗
  [53/85] L988 (R02657) ok=✗
  [54/85] L989 (R02658) ok=✗
  [55/85] L991 (R02660) ok=✗
  [56/85] L990 (R02659) ok=✗
  [57/85] L992 (R02661) ok=✗
  [58/85] L993 (R02662) ok=✗
  [59/85] L994 (R02663) ok=✗
  [60/85] L995 (R02664) ok=✗
  [61/85] L997 (R02666) ok=✗
  [62/85] L996 (R02665) ok=✗
  [63/85] L999 (R02668) ok=✓ legacy [primed] [hint saved]
  [64/85] L1000 (R02669) ok=✓ legacy [primed] [hint saved]
  [65/85] L998 (R02667) ok=✗
  [66/85] L1002 (R02671) ok=✓ legacy [primed] [hint saved]
  [67/85] L1001 (R02670) ok=✗
  [68/85] L1004 (R02673) ok=✓ legacy [primed] [hint saved]
  [69/85] L1003 (R02672) ok=✓ legacy [primed] [hint saved]
  [70/85] L1005 (R02674) ok=✗
  [71/85] L1006 (R02675) ok=✗
  [72/85] L1008 (R02677) ok=✓ legacy [primed] [hint saved]
  [73/85] L1009 (R02678) ok=✓ legacy [hint saved]
  [74/85] L1010 (R02679) ok=✓ legacy [primed] [hint saved]
  [75/85] L1011 (R02680) ok=✗
  [76/85] L1012 (R02681) ok=✓ legacy [primed] [hint saved]
  [77/85] L1007 (R02676) ok=✗
  [78/85] L1014 (R02683) ok=✗
  [79/85] L1015 (R02684) ok=✓ legacy [primed] [hint saved]
  [80/85] L1013 (R02682) ok=✗
  [81/85] L1016 (R02685) ok=✗
  [82/85] L1018 (R02687) ok=✓ legacy [primed] [hint saved]
  [83/85] L1019 (R02688) ok=✓ legacy [primed] [hint saved]
  [84/85] L1017 (R02686) ok=✗
  [85/85] L1020 (R02689) ok=✗
Hints: appended to 31 level(s); 31 hint file(s) changed on disk.
Result: solved=31/85, solvedBeforeFallback=0, fallbackOnly=31, unsolved=54
Wrote logs/solver-corpus2-batches/batch-12.json
Wrote logs/solver-corpus2-batches/batch-12-summary.md
portfolio-solve-sweep: corpus=data/stress/stress-levels-random.json levels=85 (85 to solve) scheduler-mode=legacy budget=8000ms node-budget=20000000 workers=2 save-hints=true
  winner-first: normal + seeded-repair winners (shares solve budget) | 28/85 levels will be primed
  [1/85] L937 (R02606) ok=✗
  [2/85] L936 (R02605) ok=✗
  [3/85] L939 (R02608) ok=✓ legacy [primed] [hint saved]
  [4/85] L940 (R02609) ok=✓ legacy [primed] [hint saved]
  [5/85] L938 (R02607) ok=✗
  [6/85] L942 (R02611) ok=✓ legacy [primed] [hint saved]
  [7/85] L941 (R02610) ok=✗
  [8/85] L943 (R02612) ok=✗
  [9/85] L944 (R02613) ok=✗
  [10/85] L945 (R02614) ok=✗
  [11/85] L946 (R02615) ok=✗
  [12/85] L948 (R02617) ok=✓ legacy [primed] [hint saved]
  [13/85] L949 (R02618) ok=✓ legacy [primed] [hint saved]
  [14/85] L947 (R02616) ok=✗
  [15/85] L950 (R02619) ok=✗
  [16/85] L951 (R02620) ok=✗
  [17/85] L952 (R02621) ok=✗
  [18/85] L954 (R02623) ok=✗
  [19/85] L955 (R02624) ok=✓ legacy [primed] [hint saved]
  [20/85] L953 (R02622) ok=✗
  [21/85] L957 (R02626) ok=✓ legacy [primed] [hint saved]
  [22/85] L956 (R02625) ok=✗
  [23/85] L959 (R02628) ok=✓ legacy [primed] [hint saved]
  [24/85] L960 (R02629) ok=✗
  [25/85] L958 (R02627) ok=✗
  [26/85] L962 (R02631) ok=✗
  [27/85] L961 (R02630) ok=✗
  [28/85] L963 (R02632) ok=✗
  [29/85] L964 (R02633) ok=✗
  [30/85] L965 (R02634) ok=✓ legacy [primed] [hint saved]
  [31/85] L967 (R02636) ok=✗
  [32/85] L968 (R02637) ok=✗
  [33/85] L966 (R02635) ok=✗
  [34/85] L970 (R02639) ok=✓ legacy [primed] [hint saved]
  [35/85] L969 (R02638) ok=✗
  [36/85] L972 (R02641) ok=✓ legacy [primed] [hint saved]
  [37/85] L971 (R02640) ok=✗
  [38/85] L973 (R02642) ok=✗
  [39/85] L975 (R02644) ok=✗
  [40/85] L976 (R02645) ok=✓ legacy [primed] [hint saved]
  [41/85] L977 (R02646) ok=✗
  [42/85] L974 (R02643) ok=✗
  [43/85] L979 (R02648) ok=✓ legacy [primed] [hint saved]
  [44/85] L980 (R02649) ok=✗
  [45/85] L981 (R02650) ok=✓ legacy [primed] [hint saved]
  [46/85] L978 (R02647) ok=✗
  [47/85] L983 (R02652) ok=✗
  [48/85] L984 (R02653) ok=✓ legacy [primed] [hint saved]
  [49/85] L982 (R02651) ok=✗
  [50/85] L986 (R02655) ok=✓ legacy [primed] [hint saved]
  [51/85] L985 (R02654) ok=✗
  [52/85] L988 (R02657) ok=✗
  [53/85] L987 (R02656) ok=✗
  [54/85] L989 (R02658) ok=✗
  [55/85] L991 (R02660) ok=✗
  [56/85] L990 (R02659) ok=✗
  [57/85] L992 (R02661) ok=✗
  [58/85] L993 (R02662) ok=✗
  [59/85] L994 (R02663) ok=✗
  [60/85] L995 (R02664) ok=✗
  [61/85] L997 (R02666) ok=✗
  [62/85] L996 (R02665) ok=✗
  [63/85] L999 (R02668) ok=✓ legacy [primed] [hint saved]
  [64/85] L1000 (R02669) ok=✓ legacy [primed] [hint saved]
  [65/85] L998 (R02667) ok=✗
  [66/85] L1002 (R02671) ok=✓ legacy [primed] [hint saved]
  [67/85] L1003 (R02672) ok=✓ legacy [primed] [hint saved]
  [68/85] L1004 (R02673) ok=✓ legacy [primed] [hint saved]
  [69/85] L1001 (R02670) ok=✗
  [70/85] L1005 (R02674) ok=✗
  [71/85] L1006 (R02675) ok=✗
  [72/85] L1008 (R02677) ok=✓ legacy [primed] [hint saved]
  [73/85] L1009 (R02678) ok=✓ legacy [primed] [hint saved]
  [74/85] L1010 (R02679) ok=✓ legacy [primed] [hint saved]
  [75/85] L1011 (R02680) ok=✗
  [76/85] L1012 (R02681) ok=✓ legacy [primed] [hint saved]
  [77/85] L1007 (R02676) ok=✗
  [78/85] L1013 (R02682) ok=✗
  [79/85] L1015 (R02684) ok=✓ legacy [primed] [hint saved]
  [80/85] L1014 (R02683) ok=✗
  [81/85] L1016 (R02685) ok=✗
  [82/85] L1018 (R02687) ok=✓ legacy [primed] [hint saved]
  [83/85] L1019 (R02688) ok=✓ legacy [primed] [hint saved]
  [84/85] L1017 (R02686) ok=✗
  [85/85] L1020 (R02689) ok=✗
Hints: appended to 28 level(s); 28 hint file(s) changed on disk.
Result: solved=28/85, solvedBeforeFallback=0, fallbackOnly=28, unsolved=57
Wrote logs/solver-corpus2-batches/batch-12.json
Wrote logs/solver-corpus2-batches/batch-12-summary.md
portfolio-solve-sweep: corpus=data/stress/stress-levels-random.json levels=85 (85 to solve) scheduler-mode=legacy budget=8000ms node-budget=20000000 workers=2 enable-flags=STRATEGY_REPAIR_TURN_BIAS save-hints=true
  winner-first: normal + seeded-repair winners (shares solve budget) | 28/85 levels will be primed
  [1/85] L937 (R02606) ok=✗
  [2/85] L936 (R02605) ok=✗
  [3/85] L939 (R02608) ok=✓ legacy [primed] [hint saved]
  [4/85] L940 (R02609) ok=✓ legacy [primed] [hint saved]
  [5/85] L938 (R02607) ok=✗
  [6/85] L942 (R02611) ok=✓ legacy [primed] [hint saved]
  [7/85] L941 (R02610) ok=✗
  [8/85] L943 (R02612) ok=✗
  [9/85] L944 (R02613) ok=✗
  [10/85] L945 (R02614) ok=✗
  [11/85] L947 (R02616) ok=✗
  [12/85] L948 (R02617) ok=✓ legacy [primed] [hint saved]
  [13/85] L949 (R02618) ok=✓ legacy [primed] [hint saved]
  [14/85] L946 (R02615) ok=✗
  [15/85] L951 (R02620) ok=✗
  [16/85] L950 (R02619) ok=✗
  [17/85] L952 (R02621) ok=✗
  [18/85] L953 (R02622) ok=✗
  [19/85] L955 (R02624) ok=✓ legacy [primed] [hint saved]
  [20/85] L954 (R02623) ok=✗
  [21/85] L957 (R02626) ok=✓ legacy [primed] [hint saved]
  [22/85] L956 (R02625) ok=✗
  [23/85] L959 (R02628) ok=✓ legacy [primed] [hint saved]
  [24/85] L958 (R02627) ok=✗
  [25/85] L960 (R02629) ok=✗
  [26/85] L962 (R02631) ok=✗
  [27/85] L961 (R02630) ok=✗
  [28/85] L964 (R02633) ok=✗
  [29/85] L963 (R02632) ok=✗
  [30/85] L965 (R02634) ok=✗
  [31/85] L967 (R02636) ok=✗
  [32/85] L968 (R02637) ok=✗
  [33/85] L966 (R02635) ok=✗
  [34/85] L970 (R02639) ok=✓ legacy [primed] [hint saved]
  [35/85] L971 (R02640) ok=✗
  [36/85] L972 (R02641) ok=✓ legacy [primed] [hint saved]
  [37/85] L969 (R02638) ok=✗
  [38/85] L973 (R02642) ok=✗
  [39/85] L975 (R02644) ok=✗
  [40/85] L976 (R02645) ok=✓ legacy [primed] [hint saved]
  [41/85] L977 (R02646) ok=✗
  [42/85] L974 (R02643) ok=✗
  [43/85] L979 (R02648) ok=✓ legacy [primed] [hint saved]
  [44/85] L980 (R02649) ok=✗
  [45/85] L981 (R02650) ok=✓ legacy [primed] [hint saved]
  [46/85] L978 (R02647) ok=✗
  [47/85] L983 (R02652) ok=✗
  [48/85] L984 (R02653) ok=✓ legacy [primed] [hint saved]
  [49/85] L982 (R02651) ok=✗
  [50/85] L986 (R02655) ok=✓ legacy [primed] [hint saved]
  [51/85] L985 (R02654) ok=✗
  [52/85] L987 (R02656) ok=✗
  [53/85] L988 (R02657) ok=✗
  [54/85] L989 (R02658) ok=✗
  [55/85] L991 (R02660) ok=✗
  [56/85] L990 (R02659) ok=✗
  [57/85] L992 (R02661) ok=✗
  [58/85] L993 (R02662) ok=✗
  [59/85] L995 (R02664) ok=✗
  [60/85] L994 (R02663) ok=✗
  [61/85] L996 (R02665) ok=✗
  [62/85] L997 (R02666) ok=✗
  [63/85] L999 (R02668) ok=✓ legacy [primed] [hint saved]
  [64/85] L1000 (R02669) ok=✓ legacy [primed] [hint saved]
  [65/85] L998 (R02667) ok=✗
  [66/85] L1002 (R02671) ok=✓ legacy [primed] [hint saved]
  [67/85] L1001 (R02670) ok=✗
  [68/85] L1004 (R02673) ok=✓ legacy [primed] [hint saved]
  [69/85] L1003 (R02672) ok=✓ legacy [primed] [hint saved]
  [70/85] L1005 (R02674) ok=✗
  [71/85] L1006 (R02675) ok=✗
  [72/85] L1008 (R02677) ok=✓ legacy [primed] [hint saved]
  [73/85] L1009 (R02678) ok=✓ legacy [primed] [hint saved]
  [74/85] L1010 (R02679) ok=✓ legacy [primed] [hint saved]
  [75/85] L1011 (R02680) ok=✗
  [76/85] L1012 (R02681) ok=✓ legacy [primed] [hint saved]
  [77/85] L1007 (R02676) ok=✗
  [78/85] L1014 (R02683) ok=✓ legacy [hint saved]
  [79/85] L1015 (R02684) ok=✓ legacy [primed] [hint saved]
  [80/85] L1013 (R02682) ok=✗
  [81/85] L1016 (R02685) ok=✗
  [82/85] L1018 (R02687) ok=✓ legacy [primed] [hint saved]
  [83/85] L1019 (R02688) ok=✓ legacy [primed] [hint saved]
  [84/85] L1017 (R02686) ok=✗
  [85/85] L1020 (R02689) ok=✗
Hints: appended to 28 level(s); 28 hint file(s) changed on disk.
Result: solved=28/85, solvedBeforeFallback=0, fallbackOnly=28, unsolved=57
Wrote logs/solver-corpus2-batches/batch-12.json
Wrote logs/solver-corpus2-batches/batch-12-summary.md
portfolio-solve-sweep: corpus=data/stress/stress-levels-random.json levels=85 (85 to solve) scheduler-mode=legacy budget=8000ms node-budget=20000000 workers=2 enable-flags=STRATEGY_REPAIR_TURN_BIAS save-hints=true
  winner-first: normal + seeded-repair winners (shares solve budget) | 27/85 levels will be primed
  [1/85] L937 (R02606) ok=✗
  [2/85] L936 (R02605) ok=✗
  [3/85] L939 (R02608) ok=✓ legacy [primed] [hint saved]
  [4/85] L940 (R02609) ok=✓ legacy [primed] [hint saved]
  [5/85] L938 (R02607) ok=✗
  [6/85] L942 (R02611) ok=✓ legacy [primed] [hint saved]
  [7/85] L941 (R02610) ok=✗
  [8/85] L943 (R02612) ok=✗
  [9/85] L945 (R02614) ok=✗
  [10/85] L944 (R02613) ok=✗
  [11/85] L947 (R02616) ok=✗
  [12/85] L948 (R02617) ok=✓ legacy [primed] [hint saved]
  [13/85] L949 (R02618) ok=✓ legacy [primed] [hint saved]
  [14/85] L946 (R02615) ok=✗
  [15/85] L950 (R02619) ok=✗
  [16/85] L951 (R02620) ok=✗
  [17/85] L952 (R02621) ok=✗
  [18/85] L953 (R02622) ok=✗
  [19/85] L955 (R02624) ok=✓ legacy [primed] [hint saved]
  [20/85] L954 (R02623) ok=✗
  [21/85] L957 (R02626) ok=✓ legacy [primed] [hint saved]
  [22/85] L956 (R02625) ok=✗
  [23/85] L959 (R02628) ok=✓ legacy [primed] [hint saved]
  [24/85] L958 (R02627) ok=✗
  [25/85] L960 (R02629) ok=✗
  [26/85] L962 (R02631) ok=✗
  [27/85] L961 (R02630) ok=✗
  [28/85] L964 (R02633) ok=✗
  [29/85] L963 (R02632) ok=✗
  [30/85] L965 (R02634) ok=✗
  [31/85] L967 (R02636) ok=✗
  [32/85] L968 (R02637) ok=✗
  [33/85] L966 (R02635) ok=✗
  [34/85] L970 (R02639) ok=✓ legacy [primed] [hint saved]
  [35/85] L971 (R02640) ok=✗
  [36/85] L972 (R02641) ok=✓ legacy [primed] [hint saved]
  [37/85] L969 (R02638) ok=✗
  [38/85] L973 (R02642) ok=✗
  [39/85] L975 (R02644) ok=✗
  [40/85] L976 (R02645) ok=✓ legacy [primed] [hint saved]
  [41/85] L977 (R02646) ok=✗
  [42/85] L974 (R02643) ok=✗
  [43/85] L979 (R02648) ok=✓ legacy [primed] [hint saved]
  [44/85] L980 (R02649) ok=✗
  [45/85] L981 (R02650) ok=✓ legacy [primed] [hint saved]
  [46/85] L978 (R02647) ok=✗
  [47/85] L983 (R02652) ok=✗
  [48/85] L984 (R02653) ok=✓ legacy [primed] [hint saved]
  [49/85] L982 (R02651) ok=✗
  [50/85] L986 (R02655) ok=✓ legacy [primed] [hint saved]
  [51/85] L985 (R02654) ok=✗
  [52/85] L988 (R02657) ok=✗
  [53/85] L987 (R02656) ok=✗
  [54/85] L989 (R02658) ok=✗
  [55/85] L991 (R02660) ok=✗
  [56/85] L990 (R02659) ok=✗
  [57/85] L992 (R02661) ok=✗
  [58/85] L993 (R02662) ok=✗
  [59/85] L995 (R02664) ok=✗
  [60/85] L994 (R02663) ok=✗
  [61/85] L996 (R02665) ok=✗
  [62/85] L997 (R02666) ok=✗
  [63/85] L999 (R02668) ok=✓ legacy [primed] [hint saved]
  [64/85] L1000 (R02669) ok=✓ legacy [primed] [hint saved]
  [65/85] L1001 (R02670) ok=✗
  [66/85] L998 (R02667) ok=✗
  [67/85] L1002 (R02671) ok=✓ legacy [primed] [hint saved]
  [68/85] L1004 (R02673) ok=✓ legacy [primed] [hint saved]
  [69/85] L1003 (R02672) ok=✓ legacy [primed] [hint saved]
  [70/85] L1005 (R02674) ok=✗
  [71/85] L1006 (R02675) ok=✗
  [72/85] L1008 (R02677) ok=✓ legacy [primed] [hint saved]
  [73/85] L1009 (R02678) ok=✓ legacy [primed] [hint saved]
  [74/85] L1010 (R02679) ok=✓ legacy [primed] [hint saved]
  [75/85] L1011 (R02680) ok=✗
  [76/85] L1012 (R02681) ok=✓ legacy [primed] [hint saved]
  [77/85] L1007 (R02676) ok=✗
  [78/85] L1014 (R02683) ok=✓ legacy [hint saved]
  [79/85] L1015 (R02684) ok=✓ legacy [primed] [hint saved]
  [80/85] L1013 (R02682) ok=✗
  [81/85] L1016 (R02685) ok=✗
  [82/85] L1018 (R02687) ok=✓ legacy [primed] [hint saved]
  [83/85] L1019 (R02688) ok=✓ legacy [primed] [hint saved]
  [84/85] L1017 (R02686) ok=✗
  [85/85] L1020 (R02689) ok=✗
Hints: appended to 28 level(s); 28 hint file(s) changed on disk.
Result: solved=28/85, solvedBeforeFallback=0, fallbackOnly=28, unsolved=57
Wrote logs/solver-corpus2-batches/batch-12.json
Wrote logs/solver-corpus2-batches/batch-12-summary.md
portfolio-solve-sweep: corpus=data/stress/stress-levels-random.json levels=85 (85 to solve) scheduler-mode=legacy budget=8000ms node-budget=20000000 workers=2 enable-flags=STRATEGY_REPAIR_TURN_BIAS save-hints=true
  winner-first: normal + seeded-repair winners (shares solve budget) | 27/85 levels will be primed
  [1/85] L937 (R02606) ok=✗
  [2/85] L936 (R02605) ok=✗
  [3/85] L939 (R02608) ok=✓ legacy [primed] [hint saved]
  [4/85] L940 (R02609) ok=✓ legacy [primed] [hint saved]
  [5/85] L938 (R02607) ok=✗
  [6/85] L942 (R02611) ok=✓ legacy [primed] [hint saved]
  [7/85] L941 (R02610) ok=✗
  [8/85] L943 (R02612) ok=✗
  [9/85] L945 (R02614) ok=✗
  [10/85] L944 (R02613) ok=✗
  [11/85] L947 (R02616) ok=✗
  [12/85] L948 (R02617) ok=✓ legacy [primed] [hint saved]
  [13/85] L949 (R02618) ok=✓ legacy [primed] [hint saved]
  [14/85] L946 (R02615) ok=✗
  [15/85] L950 (R02619) ok=✗
  [16/85] L951 (R02620) ok=✗
  [17/85] L952 (R02621) ok=✗
  [18/85] L953 (R02622) ok=✗
  [19/85] L955 (R02624) ok=✓ legacy [primed] [hint saved]
  [20/85] L954 (R02623) ok=✗
  [21/85] L957 (R02626) ok=✓ legacy [primed] [hint saved]
  [22/85] L956 (R02625) ok=✗
  [23/85] L959 (R02628) ok=✓ legacy [primed] [hint saved]
  [24/85] L958 (R02627) ok=✗
  [25/85] L960 (R02629) ok=✗
  [26/85] L962 (R02631) ok=✗
  [27/85] L961 (R02630) ok=✗
  [28/85] L964 (R02633) ok=✗
  [29/85] L963 (R02632) ok=✗
  [30/85] L965 (R02634) ok=✗
  [31/85] L967 (R02636) ok=✗
  [32/85] L968 (R02637) ok=✗
  [33/85] L966 (R02635) ok=✗
  [34/85] L970 (R02639) ok=✓ legacy [primed] [hint saved]
  [35/85] L971 (R02640) ok=✗
  [36/85] L972 (R02641) ok=✓ legacy [primed] [hint saved]
  [37/85] L969 (R02638) ok=✗
  [38/85] L973 (R02642) ok=✗
  [39/85] L975 (R02644) ok=✗
  [40/85] L976 (R02645) ok=✓ legacy [primed] [hint saved]
  [41/85] L977 (R02646) ok=✗
  [42/85] L974 (R02643) ok=✗
  [43/85] L979 (R02648) ok=✓ legacy [primed] [hint saved]
  [44/85] L980 (R02649) ok=✗
  [45/85] L981 (R02650) ok=✓ legacy [primed] [hint saved]
  [46/85] L978 (R02647) ok=✗
  [47/85] L983 (R02652) ok=✗
  [48/85] L984 (R02653) ok=✓ legacy [primed] [hint saved]
  [49/85] L982 (R02651) ok=✗
  [50/85] L986 (R02655) ok=✓ legacy [primed] [hint saved]
  [51/85] L985 (R02654) ok=✗
  [52/85] L988 (R02657) ok=✗
  [53/85] L987 (R02656) ok=✗
  [54/85] L989 (R02658) ok=✗
  [55/85] L991 (R02660) ok=✗
  [56/85] L990 (R02659) ok=✗
  [57/85] L992 (R02661) ok=✗
  [58/85] L993 (R02662) ok=✗
  [59/85] L995 (R02664) ok=✗
  [60/85] L994 (R02663) ok=✗
  [61/85] L996 (R02665) ok=✗
  [62/85] L997 (R02666) ok=✗
  [63/85] L999 (R02668) ok=✓ legacy [primed] [hint saved]
  [64/85] L1000 (R02669) ok=✓ legacy [primed] [hint saved]
  [65/85] L1001 (R02670) ok=✗
  [66/85] L1002 (R02671) ok=✓ legacy [primed] [hint saved]
  [67/85] L998 (R02667) ok=✗
  [68/85] L1004 (R02673) ok=✓ legacy [primed] [hint saved]
  [69/85] L1003 (R02672) ok=✓ legacy [primed] [hint saved]
  [70/85] L1005 (R02674) ok=✗
  [71/85] L1006 (R02675) ok=✗
  [72/85] L1008 (R02677) ok=✓ legacy [primed] [hint saved]
  [73/85] L1009 (R02678) ok=✓ legacy [primed] [hint saved]
  [74/85] L1010 (R02679) ok=✓ legacy [primed] [hint saved]
  [75/85] L1011 (R02680) ok=✗
  [76/85] L1012 (R02681) ok=✓ legacy [primed] [hint saved]
  [77/85] L1007 (R02676) ok=✗
  [78/85] L1014 (R02683) ok=✓ legacy [hint saved]
  [79/85] L1015 (R02684) ok=✓ legacy [primed] [hint saved]
  [80/85] L1013 (R02682) ok=✗
  [81/85] L1016 (R02685) ok=✗
  [82/85] L1018 (R02687) ok=✓ legacy [primed] [hint saved]
  [83/85] L1019 (R02688) ok=✓ legacy [primed] [hint saved]
  [84/85] L1017 (R02686) ok=✗
  [85/85] L1020 (R02689) ok=✗
Hints: appended to 28 level(s); 28 hint file(s) changed on disk.
Result: solved=28/85, solvedBeforeFallback=0, fallbackOnly=28, unsolved=57
Wrote logs/solver-corpus2-batches/batch-12.json
Wrote logs/solver-corpus2-batches/batch-12-summary.md
portfolio-solve-sweep: corpus=data/stress/stress-levels-random.json levels=85 (85 to solve) scheduler-mode=legacy budget=8000ms node-budget=20000000 workers=2 enable-flags=STRATEGY_REPAIR_TURN_BIAS save-hints=true
  winner-first: normal + seeded-repair winners (shares solve budget) | 27/85 levels will be primed
  [1/85] L936 (R02605) ok=✗
  [2/85] L937 (R02606) ok=✗
  [3/85] L939 (R02608) ok=✓ legacy [primed] [hint saved]
  [4/85] L940 (R02609) ok=✓ legacy [primed] [hint saved]
  [5/85] L938 (R02607) ok=✗
  [6/85] L942 (R02611) ok=✓ legacy [primed] [hint saved]
  [7/85] L941 (R02610) ok=✗
  [8/85] L943 (R02612) ok=✗
  [9/85] L944 (R02613) ok=✗
  [10/85] L945 (R02614) ok=✗
  [11/85] L947 (R02616) ok=✗
  [12/85] L948 (R02617) ok=✓ legacy [primed] [hint saved]
  [13/85] L949 (R02618) ok=✓ legacy [primed] [hint saved]
  [14/85] L946 (R02615) ok=✗
  [15/85] L951 (R02620) ok=✗
  [16/85] L950 (R02619) ok=✗
  [17/85] L952 (R02621) ok=✗
  [18/85] L953 (R02622) ok=✗
  [19/85] L955 (R02624) ok=✓ legacy [primed] [hint saved]
  [20/85] L954 (R02623) ok=✗
  [21/85] L957 (R02626) ok=✓ legacy [primed] [hint saved]
  [22/85] L956 (R02625) ok=✗
  [23/85] L959 (R02628) ok=✓ legacy [primed] [hint saved]
  [24/85] L958 (R02627) ok=✗
  [25/85] L960 (R02629) ok=✗
  [26/85] L962 (R02631) ok=✗
  [27/85] L961 (R02630) ok=✗
  [28/85] L964 (R02633) ok=✗
  [29/85] L965 (R02634) ok=✗
  [30/85] L963 (R02632) ok=✗
  [31/85] L967 (R02636) ok=✗
  [32/85] L968 (R02637) ok=✗
  [33/85] L966 (R02635) ok=✗
  [34/85] L970 (R02639) ok=✓ legacy [primed] [hint saved]
  [35/85] L971 (R02640) ok=✗
  [36/85] L972 (R02641) ok=✓ legacy [primed] [hint saved]
  [37/85] L969 (R02638) ok=✗
  [38/85] L973 (R02642) ok=✗
  [39/85] L975 (R02644) ok=✗
  [40/85] L976 (R02645) ok=✓ legacy [primed] [hint saved]
  [41/85] L977 (R02646) ok=✗
  [42/85] L974 (R02643) ok=✗
  [43/85] L979 (R02648) ok=✓ legacy [primed] [hint saved]
  [44/85] L980 (R02649) ok=✗
  [45/85] L981 (R02650) ok=✓ legacy [primed] [hint saved]
  [46/85] L978 (R02647) ok=✗
  [47/85] L983 (R02652) ok=✗
  [48/85] L984 (R02653) ok=✓ legacy [primed] [hint saved]
  [49/85] L982 (R02651) ok=✗
  [50/85] L986 (R02655) ok=✓ legacy [primed] [hint saved]
  [51/85] L985 (R02654) ok=✗
  [52/85] L987 (R02656) ok=✗
  [53/85] L988 (R02657) ok=✗
  [54/85] L989 (R02658) ok=✗
  [55/85] L991 (R02660) ok=✗
  [56/85] L990 (R02659) ok=✗
  [57/85] L992 (R02661) ok=✗
  [58/85] L993 (R02662) ok=✗
  [59/85] L995 (R02664) ok=✗
  [60/85] L994 (R02663) ok=✗
  [61/85] L996 (R02665) ok=✗
  [62/85] L998 (R02667) ok=✗
  [63/85] L997 (R02666) ok=✗
  [64/85] L999 (R02668) ok=✓ legacy [primed] [hint saved]
  [65/85] L1000 (R02669) ok=✓ legacy [primed] [hint saved]
  [66/85] L1002 (R02671) ok=✓ legacy [primed] [hint saved]
  [67/85] L1001 (R02670) ok=✗
  [68/85] L1004 (R02673) ok=✓ legacy [primed] [hint saved]
  [69/85] L1005 (R02674) ok=✗
  [70/85] L1003 (R02672) ok=✗
  [71/85] L1006 (R02675) ok=✗
  [72/85] L1008 (R02677) ok=✓ legacy [primed] [hint saved]
  [73/85] L1009 (R02678) ok=✓ legacy [primed] [hint saved]
  [74/85] L1010 (R02679) ok=✓ legacy [primed] [hint saved]
  [75/85] L1011 (R02680) ok=✗
  [76/85] L1012 (R02681) ok=✓ legacy [primed] [hint saved]
  [77/85] L1007 (R02676) ok=✗
  [78/85] L1013 (R02682) ok=✗
  [79/85] L1015 (R02684) ok=✓ legacy [primed] [hint saved]
  [80/85] L1014 (R02683) ok=✓ legacy [hint saved]
  [81/85] L1016 (R02685) ok=✗
  [82/85] L1018 (R02687) ok=✓ legacy [primed] [hint saved]
  [83/85] L1019 (R02688) ok=✓ legacy [primed] [hint saved]
  [84/85] L1017 (R02686) ok=✗
  [85/85] L1020 (R02689) ok=✗
Hints: appended to 27 level(s); 27 hint file(s) changed on disk.
Result: solved=27/85, solvedBeforeFallback=0, fallbackOnly=27, unsolved=58
Wrote logs/solver-corpus2-batches/batch-12.json
Wrote logs/solver-corpus2-batches/batch-12-summary.md
portfolio-solve-sweep: corpus=data/stress/stress-levels-random.json levels=85 (85 to solve) scheduler-mode=legacy budget=86400000ms node-budget=36000000 workers=2 save-hints=true
  winner-first: normal + seeded-repair winners (shares solve budget) | 35/85 levels will be primed
  [1/85] L937 (R02606) ok=✓ legacy [primed] [hint saved]
  [2/85] L936 (R02605) ok=✗
  [3/85] L939 (R02608) ok=✓ legacy [primed] [hint saved]
  [4/85] L940 (R02609) ok=✓ legacy [primed] [hint saved]
  [5/85] L938 (R02607) ok=✗
  [6/85] L942 (R02611) ok=✓ legacy [primed] [hint saved]
  [7/85] L941 (R02610) ok=✗
  [8/85] L943 (R02612) ok=✗
  [9/85] L944 (R02613) ok=✗
  [10/85] L945 (R02614) ok=✗
  [11/85] L946 (R02615) ok=✗
  [12/85] L948 (R02617) ok=✓ legacy [primed] [hint saved]
  [13/85] L949 (R02618) ok=✓ legacy [primed] [hint saved]
  [14/85] L947 (R02616) ok=✗
  [15/85] L951 (R02620) ok=✓ legacy [primed] [hint saved]
  [16/85] L952 (R02621) ok=✗
  [17/85] L953 (R02622) ok=✓ legacy [hint saved]
  [18/85] L950 (R02619) ok=✗
  [19/85] L955 (R02624) ok=✓ legacy [primed] [hint saved]
  [20/85] L954 (R02623) ok=✗
  [21/85] L957 (R02626) ok=✓ legacy [primed] [hint saved]
  [22/85] L956 (R02625) ok=✗
  [23/85] L959 (R02628) ok=✓ legacy [primed] [hint saved]
  [24/85] L958 (R02627) ok=✗
  [25/85] L960 (R02629) ok=✗
  [26/85] L962 (R02631) ok=✓ legacy [hint saved]
  [27/85] L963 (R02632) ok=✗
  [28/85] L961 (R02630) ok=✗
  [29/85] L964 (R02633) ok=✗
  [30/85] L965 (R02634) ok=✗
  [31/85] L967 (R02636) ok=✓ legacy [hint saved]
  [32/85] L968 (R02637) ok=✗
  [33/85] L969 (R02638) ok=✗
  [34/85] L970 (R02639) ok=✓ legacy [primed] [hint saved]
  [35/85] L966 (R02635) ok=✗
  [36/85] L972 (R02641) ok=✓ legacy [primed] [hint saved]
  [37/85] L971 (R02640) ok=✗
  [38/85] L973 (R02642) ok=✗
  [39/85] L975 (R02644) ok=✗
  [40/85] L976 (R02645) ok=✓ legacy [primed] [hint saved]
  [41/85] L977 (R02646) ok=✓ legacy [hint saved]
  [42/85] L974 (R02643) ok=✗
  [43/85] L979 (R02648) ok=✓ legacy [primed] [hint saved]
  [44/85] L980 (R02649) ok=✓ legacy [primed] [hint saved]
  [45/85] L981 (R02650) ok=✓ legacy [primed] [hint saved]
  [46/85] L978 (R02647) ok=✗
  [47/85] L983 (R02652) ok=✓ legacy [primed] [hint saved]
  [48/85] L982 (R02651) ok=✗
  [49/85] L984 (R02653) ok=✓ legacy [hint saved]
  [50/85] L986 (R02655) ok=✓ legacy [primed] [hint saved]
  [51/85] L987 (R02656) ok=✗
  [52/85] L985 (R02654) ok=✗
  [53/85] L988 (R02657) ok=✗
  [54/85] L989 (R02658) ok=✗
  [55/85] L991 (R02660) ok=✗
  [56/85] L990 (R02659) ok=✗
  [57/85] L992 (R02661) ok=✗
  [58/85] L993 (R02662) ok=✗
  [59/85] L994 (R02663) ok=✓ legacy [hint saved]
  [60/85] L995 (R02664) ok=✗
  [61/85] L997 (R02666) ok=✗
  [62/85] L996 (R02665) ok=✗
  [63/85] L999 (R02668) ok=✓ legacy [primed] [hint saved]
  [64/85] L1000 (R02669) ok=✓ legacy [primed] [hint saved]
  [65/85] L998 (R02667) ok=✓ legacy [hint saved]
  [66/85] L1002 (R02671) ok=✓ legacy [primed] [hint saved]
  [67/85] L1003 (R02672) ok=✓ legacy [primed] [hint saved]
  [68/85] L1004 (R02673) ok=✓ legacy [primed] [hint saved]
  [69/85] L1005 (R02674) ok=✓ legacy [hint saved]
  [70/85] L1001 (R02670) ok=✗
  [71/85] L1006 (R02675) ok=✗
  [72/85] L1008 (R02677) ok=✓ legacy [primed] [hint saved]
  [73/85] L1009 (R02678) ok=✓ legacy [primed] [hint saved]
  [74/85] L1010 (R02679) ok=✓ legacy [primed] [hint saved]
  [75/85] L1011 (R02680) ok=✓ legacy [hint saved]
  [76/85] L1012 (R02681) ok=✓ legacy [primed] [hint saved]
  [77/85] L1007 (R02676) ok=✗
  [78/85] L1014 (R02683) ok=✓ legacy [hint saved]
  [79/85] L1015 (R02684) ok=✓ legacy [primed] [hint saved]
  [80/85] L1016 (R02685) ok=✓ legacy [primed] [hint saved]
  [81/85] L1013 (R02682) ok=✗
  [82/85] L1018 (R02687) ok=✓ legacy [primed] [hint saved]
  [83/85] L1019 (R02688) ok=✓ legacy [primed] [hint saved]
  [84/85] L1017 (R02686) ok=✓ legacy [hint saved]
  [85/85] L1020 (R02689) ok=✗
Hints: appended to 42 level(s); 42 hint file(s) changed on disk.
Result: solved=42/85, solvedBeforeFallback=0, fallbackOnly=42, unsolved=43
Wrote logs/solver-corpus2-batches/batch-12.json
Wrote logs/solver-corpus2-batches/batch-12-summary.md
portfolio-solve-sweep: corpus=data/stress/stress-levels-random.json levels=85 (85 to solve) scheduler-mode=legacy budget=86400000ms node-budget=36000000 workers=2 save-hints=true
  winner-first: normal + seeded-repair winners (shares solve budget) | 42/85 levels will be primed
  [1/85] L937 (R02606) ok=✓ legacy [primed] [hint saved]
  [2/85] L936 (R02605) ok=✗
  [3/85] L939 (R02608) ok=✓ legacy [primed] [hint saved]
  [4/85] L940 (R02609) ok=✓ legacy [primed] [hint saved]
  [5/85] L938 (R02607) ok=✗
  [6/85] L942 (R02611) ok=✓ legacy [primed] [hint saved]
  [7/85] L941 (R02610) ok=✗
  [8/85] L943 (R02612) ok=✗
  [9/85] L944 (R02613) ok=✗
  [10/85] L945 (R02614) ok=✗
  [11/85] L946 (R02615) ok=✗
  [12/85] L948 (R02617) ok=✓ legacy [primed] [hint saved]
  [13/85] L949 (R02618) ok=✓ legacy [primed] [hint saved]
  [14/85] L947 (R02616) ok=✗
  [15/85] L951 (R02620) ok=✓ legacy [primed] [hint saved]
  [16/85] L952 (R02621) ok=✗
  [17/85] L953 (R02622) ok=✓ legacy [primed] [hint saved]
  [18/85] L950 (R02619) ok=✗
  [19/85] L955 (R02624) ok=✓ legacy [primed] [hint saved]
  [20/85] L954 (R02623) ok=✗
  [21/85] L957 (R02626) ok=✓ legacy [primed] [hint saved]
  [22/85] L956 (R02625) ok=✗
  [23/85] L959 (R02628) ok=✓ legacy [primed] [hint saved]
  [24/85] L958 (R02627) ok=✗
  [25/85] L960 (R02629) ok=✗
  [26/85] L962 (R02631) ok=✓ legacy [primed] [hint saved]
  [27/85] L963 (R02632) ok=✗
  [28/85] L964 (R02633) ok=✗
  [29/85] L965 (R02634) ok=✓ legacy [hint saved]
  [30/85] L961 (R02630) ok=✗
  [31/85] L967 (R02636) ok=✓ legacy [primed] [hint saved]
  [32/85] L968 (R02637) ok=✗
  [33/85] L969 (R02638) ok=✗
  [34/85] L970 (R02639) ok=✓ legacy [primed] [hint saved]
  [35/85] L966 (R02635) ok=✗
  [36/85] L972 (R02641) ok=✓ legacy [primed] [hint saved]
  [37/85] L971 (R02640) ok=✗
  [38/85] L973 (R02642) ok=✗
  [39/85] L975 (R02644) ok=✗
  [40/85] L976 (R02645) ok=✓ legacy [primed] [hint saved]
  [41/85] L977 (R02646) ok=✓ legacy [primed] [hint saved]
  [42/85] L974 (R02643) ok=✗
  [43/85] L979 (R02648) ok=✓ legacy [primed] [hint saved]
  [44/85] L980 (R02649) ok=✓ legacy [primed] [hint saved]
  [45/85] L981 (R02650) ok=✓ legacy [primed] [hint saved]
  [46/85] L978 (R02647) ok=✗
  [47/85] L983 (R02652) ok=✓ legacy [primed] [hint saved]
  [48/85] L984 (R02653) ok=✓ legacy [primed] [hint saved]
  [49/85] L982 (R02651) ok=✗
  [50/85] L986 (R02655) ok=✓ legacy [primed] [hint saved]
  [51/85] L985 (R02654) ok=✗
  [52/85] L987 (R02656) ok=✗
  [53/85] L988 (R02657) ok=✗
  [54/85] L989 (R02658) ok=✗
  [55/85] L991 (R02660) ok=✗
  [56/85] L990 (R02659) ok=✗
  [57/85] L992 (R02661) ok=✗
  [58/85] L994 (R02663) ok=✓ legacy [primed] [hint saved]
  [59/85] L995 (R02664) ok=✗
  [60/85] L993 (R02662) ok=✗
  [61/85] L997 (R02666) ok=✗
  [62/85] L998 (R02667) ok=✓ legacy [primed] [hint saved]
  [63/85] L999 (R02668) ok=✓ legacy [primed] [hint saved]
  [64/85] L1000 (R02669) ok=✓ legacy [primed] [hint saved]
  [65/85] L996 (R02665) ok=✗
  [66/85] L1002 (R02671) ok=✓ legacy [primed] [hint saved]
  [67/85] L1003 (R02672) ok=✓ legacy [primed] [hint saved]
  [68/85] L1004 (R02673) ok=✓ legacy [primed] [hint saved]
  [69/85] L1005 (R02674) ok=✓ legacy [primed] [hint saved]
  [70/85] L1001 (R02670) ok=✗
  [71/85] L1006 (R02675) ok=✗
  [72/85] L1008 (R02677) ok=✓ legacy [primed] [hint saved]
  [73/85] L1009 (R02678) ok=✓ legacy [primed] [hint saved]
  [74/85] L1010 (R02679) ok=✓ legacy [primed] [hint saved]
  [75/85] L1011 (R02680) ok=✓ legacy [primed] [hint saved]
  [76/85] L1012 (R02681) ok=✓ legacy [primed] [hint saved]
  [77/85] L1007 (R02676) ok=✗
  [78/85] L1014 (R02683) ok=✓ legacy [primed] [hint saved]
  [79/85] L1015 (R02684) ok=✓ legacy [primed] [hint saved]
  [80/85] L1016 (R02685) ok=✓ legacy [primed] [hint saved]
  [81/85] L1017 (R02686) ok=✓ legacy [primed] [hint saved]
  [82/85] L1018 (R02687) ok=✓ legacy [primed] [hint saved]
  [83/85] L1019 (R02688) ok=✓ legacy [primed] [hint saved]
  [84/85] L1013 (R02682) ok=✗
  [85/85] L1020 (R02689) ok=✗
Hints: appended to 43 level(s); 43 hint file(s) changed on disk.
Result: solved=43/85, solvedBeforeFallback=0, fallbackOnly=43, unsolved=42
Wrote logs/solver-corpus2-batches/batch-12.json
Wrote logs/solver-corpus2-batches/batch-12-summary.md
