Prepared batch 15 (levels 1191-1275) at 2026-07-17T22:34:28Z.
portfolio-solve-sweep: corpus=data/stress/stress-levels-random.json levels=85 (85 to solve) scheduler-mode=legacy budget=8000ms node-budget=20000000 workers=2 save-hints=true
  [1/85] L1192 (R02861) ok=✗
  [2/85] L1191 (R02860) ok=✗
  [3/85] L1193 (R02862) ok=✗
  [4/85] L1195 (R02864) ok=✗
  [5/85] L1196 (R02865) ok=✓ legacy [hint saved]
  [6/85] L1194 (R02863) ok=✗
  [7/85] L1198 (R02867) ok=✗
  [8/85] L1197 (R02866) ok=✗
  [9/85] L1200 (R02869) ok=✗
  [10/85] L1199 (R02868) ok=✗
  [11/85] L1202 (R02871) ok=✗
  [12/85] L1201 (R02870) ok=✗
  [13/85] L1203 (R02872) ok=✗
  [14/85] L1204 (R02873) ok=✗
  [15/85] L1206 (R02875) ok=✗
  [16/85] L1205 (R02874) ok=✗
  [17/85] L1207 (R02876) ok=✓ legacy [hint saved]
  [18/85] L1209 (R02878) ok=✗
  [19/85] L1210 (R02879) ok=✗
  [20/85] L1208 (R02877) ok=✗
  [21/85] L1211 (R02880) ok=✗
  [22/85] L1212 (R02881) ok=✗
  [23/85] L1213 (R02882) ok=✗
  [24/85] L1214 (R02883) ok=✗
  [25/85] L1215 (R02884) ok=✗
  [26/85] L1216 (R02885) ok=✓ legacy [hint saved]
  [27/85] L1217 (R02886) ok=✗
  [28/85] L1219 (R02888) ok=✗
  [29/85] L1220 (R02889) ok=✗
  [30/85] L1218 (R02887) ok=✗
  [31/85] L1222 (R02891) ok=✗
  [32/85] L1221 (R02890) ok=✗
  [33/85] L1223 (R02892) ok=✗
  [34/85] L1224 (R02893) ok=✗
  [35/85] L1226 (R02895) ok=✓ legacy [hint saved]
  [36/85] L1227 (R02896) ok=✗
  [37/85] L1225 (R02894) ok=✗
  [38/85] L1229 (R02898) ok=✗
  [39/85] L1230 (R02899) ok=✗
  [40/85] L1228 (R02897) ok=✗
  [41/85] L1232 (R02901) ok=✓ legacy [hint saved]
  [42/85] L1233 (R02902) ok=✗
  [43/85] L1231 (R02900) ok=✓ legacy [hint saved]
  [44/85] L1234 (R02903) ok=✗
  [45/85] L1236 (R02905) ok=✗
  [46/85] L1235 (R02904) ok=✗
  [47/85] L1237 (R02906) ok=✗
  [48/85] L1238 (R02907) ok=✓ legacy [hint saved]
  [49/85] L1240 (R02909) ok=✓ legacy [hint saved]
  [50/85] L1239 (R02908) ok=✓ legacy [hint saved]
  [51/85] L1241 (R02910) ok=✗
  [52/85] L1242 (R02911) ok=✗
  [53/85] L1244 (R02913) ok=✗
  [54/85] L1245 (R02914) ok=✗
  [55/85] L1243 (R02912) ok=✗
  [56/85] L1246 (R02915) ok=✗
  [57/85] L1248 (R02917) ok=✓ legacy [hint saved]
  [58/85] L1247 (R02916) ok=✗
  [59/85] L1249 (R02918) ok=✗
  [60/85] L1250 (R02919) ok=✗
  [61/85] L1252 (R02921) ok=✗
  [62/85] L1253 (R02922) ok=✗
  [63/85] L1254 (R02923) ok=✗
  [64/85] L1251 (R02920) ok=✗
  [65/85] L1256 (R02925) ok=✓ legacy [hint saved]
  [66/85] L1257 (R02926) ok=✗
  [67/85] L1255 (R02924) ok=✗
  [68/85] L1258 (R02927) ok=✗
  [69/85] L1259 (R02928) ok=✗
  [70/85] L1261 (R02930) ok=✗
  [71/85] L1260 (R02929) ok=✗
  [72/85] L1262 (R02931) ok=✓ legacy [hint saved]
  [73/85] L1264 (R02933) ok=✓ legacy [hint saved]
  [74/85] L1263 (R02932) ok=✗
  [75/85] L1265 (R02934) ok=✗
  [76/85] L1266 (R02935) ok=✗
  [77/85] L1267 (R02936) ok=✗
  [78/85] L1268 (R02937) ok=✗
  [79/85] L1270 (R02939) ok=✗
  [80/85] L1269 (R02938) ok=✗
  [81/85] L1272 (R02941) ok=✓ legacy [hint saved]
  [82/85] L1271 (R02940) ok=✗
  [83/85] L1274 (R02943) ok=✗
  [84/85] L1273 (R02942) ok=✗
  [85/85] L1275 (R02944) ok=✗
Hints: appended to 14 level(s); 14 hint file(s) changed on disk.
Result: solved=14/85, solvedBeforeFallback=0, fallbackOnly=14, unsolved=71
Wrote logs/solver-corpus2-batches/batch-15.json
Wrote logs/solver-corpus2-batches/batch-15-summary.md
portfolio-solve-sweep: corpus=data/stress/stress-levels-random.json levels=85 (85 to solve) scheduler-mode=legacy budget=8000ms node-budget=20000000 workers=2 save-hints=true
  [1/85] L1192 (R02861) ok=✗
  [2/85] L1191 (R02860) ok=✗
  [3/85] L1193 (R02862) ok=✗
  [4/85] L1195 (R02864) ok=✗
  [5/85] L1194 (R02863) ok=✗
  [6/85] L1196 (R02865) ok=✓ legacy [hint saved]
  [7/85] L1197 (R02866) ok=✗
  [8/85] L1198 (R02867) ok=✗
  [9/85] L1200 (R02869) ok=✗
  [10/85] L1199 (R02868) ok=✗
  [11/85] L1202 (R02871) ok=✗
  [12/85] L1201 (R02870) ok=✗
  [13/85] L1203 (R02872) ok=✗
  [14/85] L1204 (R02873) ok=✗
  [15/85] L1206 (R02875) ok=✗
  [16/85] L1205 (R02874) ok=✗
  [17/85] L1207 (R02876) ok=✓ legacy [hint saved]
  [18/85] L1209 (R02878) ok=✗
  [19/85] L1208 (R02877) ok=✗
  [20/85] L1210 (R02879) ok=✗
  [21/85] L1211 (R02880) ok=✗
  [22/85] L1212 (R02881) ok=✗
  [23/85] L1213 (R02882) ok=✗
  [24/85] L1214 (R02883) ok=✗
  [25/85] L1215 (R02884) ok=✗
  [26/85] L1217 (R02886) ok=✗
  [27/85] L1216 (R02885) ok=✓ legacy [hint saved]
  [28/85] L1219 (R02888) ok=✗
  [29/85] L1220 (R02889) ok=✗
  [30/85] L1218 (R02887) ok=✗
  [31/85] L1222 (R02891) ok=✗
  [32/85] L1221 (R02890) ok=✗
  [33/85] L1223 (R02892) ok=✓ legacy [hint saved]
  [34/85] L1224 (R02893) ok=✗
  [35/85] L1226 (R02895) ok=✓ legacy [hint saved]
  [36/85] L1225 (R02894) ok=✓ legacy [hint saved]
  [37/85] L1227 (R02896) ok=✗
  [38/85] L1229 (R02898) ok=✗
  [39/85] L1228 (R02897) ok=✗
  [40/85] L1230 (R02899) ok=✗
  [41/85] L1232 (R02901) ok=✓ legacy [hint saved]
  [42/85] L1233 (R02902) ok=✗
  [43/85] L1231 (R02900) ok=✓ legacy [hint saved]
  [44/85] L1234 (R02903) ok=✗
  [45/85] L1236 (R02905) ok=✗
  [46/85] L1235 (R02904) ok=✗
  [47/85] L1238 (R02907) ok=✓ legacy [hint saved]
  [48/85] L1239 (R02908) ok=✓ legacy [hint saved]
  [49/85] L1240 (R02909) ok=✓ legacy [hint saved]
  [50/85] L1237 (R02906) ok=✗
  [51/85] L1241 (R02910) ok=✗
  [52/85] L1242 (R02911) ok=✗
  [53/85] L1244 (R02913) ok=✗
  [54/85] L1243 (R02912) ok=✗
  [55/85] L1245 (R02914) ok=✗
  [56/85] L1246 (R02915) ok=✗
  [57/85] L1248 (R02917) ok=✓ legacy [hint saved]
  [58/85] L1247 (R02916) ok=✗
  [59/85] L1250 (R02919) ok=✗
  [60/85] L1249 (R02918) ok=✗
  [61/85] L1252 (R02921) ok=✗
  [62/85] L1253 (R02922) ok=✗
  [63/85] L1254 (R02923) ok=✗
  [64/85] L1251 (R02920) ok=✗
  [65/85] L1256 (R02925) ok=✓ legacy [hint saved]
  [66/85] L1257 (R02926) ok=✗
  [67/85] L1255 (R02924) ok=✗
  [68/85] L1258 (R02927) ok=✗
  [69/85] L1259 (R02928) ok=✗
  [70/85] L1261 (R02930) ok=✗
  [71/85] L1262 (R02931) ok=✓ legacy [hint saved]
  [72/85] L1260 (R02929) ok=✗
  [73/85] L1264 (R02933) ok=✓ legacy [hint saved]
  [74/85] L1263 (R02932) ok=✗
  [75/85] L1265 (R02934) ok=✗
  [76/85] L1266 (R02935) ok=✗
  [77/85] L1267 (R02936) ok=✗
  [78/85] L1268 (R02937) ok=✗
  [79/85] L1270 (R02939) ok=✗
  [80/85] L1269 (R02938) ok=✗
  [81/85] L1272 (R02941) ok=✓ legacy [hint saved]
  [82/85] L1271 (R02940) ok=✗
  [83/85] L1274 (R02943) ok=✗
  [84/85] L1273 (R02942) ok=✗
  [85/85] L1275 (R02944) ok=✗
Hints: appended to 16 level(s); 16 hint file(s) changed on disk.
Result: solved=16/85, solvedBeforeFallback=0, fallbackOnly=16, unsolved=69
Wrote logs/solver-corpus2-batches/batch-15.json
Wrote logs/solver-corpus2-batches/batch-15-summary.md
portfolio-solve-sweep: corpus=data/stress/stress-levels-random.json levels=85 (85 to solve) scheduler-mode=legacy budget=8000ms node-budget=20000000 workers=2 save-hints=true
  [1/85] L1192 (R02861) ok=✗
  [2/85] L1191 (R02860) ok=✗
  [3/85] L1193 (R02862) ok=✗
  [4/85] L1195 (R02864) ok=✗
  [5/85] L1196 (R02865) ok=✓ legacy [hint saved]
  [6/85] L1194 (R02863) ok=✗
  [7/85] L1198 (R02867) ok=✗
  [8/85] L1197 (R02866) ok=✗
  [9/85] L1200 (R02869) ok=✗
  [10/85] L1199 (R02868) ok=✗
  [11/85] L1202 (R02871) ok=✗
  [12/85] L1201 (R02870) ok=✗
  [13/85] L1203 (R02872) ok=✗
  [14/85] L1204 (R02873) ok=✗
  [15/85] L1206 (R02875) ok=✗
  [16/85] L1205 (R02874) ok=✗
  [17/85] L1207 (R02876) ok=✓ legacy [hint saved]
  [18/85] L1209 (R02878) ok=✗
  [19/85] L1210 (R02879) ok=✗
  [20/85] L1208 (R02877) ok=✗
  [21/85] L1211 (R02880) ok=✗
  [22/85] L1212 (R02881) ok=✗
  [23/85] L1213 (R02882) ok=✗
  [24/85] L1214 (R02883) ok=✗
  [25/85] L1215 (R02884) ok=✗
  [26/85] L1217 (R02886) ok=✗
  [27/85] L1216 (R02885) ok=✓ legacy [hint saved]
  [28/85] L1219 (R02888) ok=✗
  [29/85] L1220 (R02889) ok=✗
  [30/85] L1218 (R02887) ok=✗
  [31/85] L1222 (R02891) ok=✗
  [32/85] L1221 (R02890) ok=✗
  [33/85] L1223 (R02892) ok=✓ legacy [hint saved]
  [34/85] L1224 (R02893) ok=✗
  [35/85] L1226 (R02895) ok=✓ legacy [hint saved]
  [36/85] L1225 (R02894) ok=✗
  [37/85] L1227 (R02896) ok=✗
  [38/85] L1229 (R02898) ok=✗
  [39/85] L1230 (R02899) ok=✗
  [40/85] L1228 (R02897) ok=✗
  [41/85] L1232 (R02901) ok=✓ legacy [hint saved]
  [42/85] L1233 (R02902) ok=✗
  [43/85] L1231 (R02900) ok=✓ legacy [hint saved]
  [44/85] L1234 (R02903) ok=✗
  [45/85] L1235 (R02904) ok=✗
  [46/85] L1236 (R02905) ok=✗
  [47/85] L1238 (R02907) ok=✓ legacy [hint saved]
  [48/85] L1239 (R02908) ok=✓ legacy [hint saved]
  [49/85] L1240 (R02909) ok=✓ legacy [hint saved]
  [50/85] L1237 (R02906) ok=✗
  [51/85] L1241 (R02910) ok=✗
  [52/85] L1242 (R02911) ok=✗
  [53/85] L1244 (R02913) ok=✗
  [54/85] L1245 (R02914) ok=✗
  [55/85] L1243 (R02912) ok=✗
  [56/85] L1246 (R02915) ok=✗
  [57/85] L1248 (R02917) ok=✓ legacy [hint saved]
  [58/85] L1247 (R02916) ok=✗
  [59/85] L1250 (R02919) ok=✗
  [60/85] L1249 (R02918) ok=✗
  [61/85] L1252 (R02921) ok=✗
  [62/85] L1253 (R02922) ok=✗
  [63/85] L1254 (R02923) ok=✗
  [64/85] L1251 (R02920) ok=✗
  [65/85] L1256 (R02925) ok=✓ legacy [hint saved]
  [66/85] L1257 (R02926) ok=✗
  [67/85] L1255 (R02924) ok=✗
  [68/85] L1258 (R02927) ok=✗
  [69/85] L1259 (R02928) ok=✗
  [70/85] L1261 (R02930) ok=✗
  [71/85] L1262 (R02931) ok=✓ legacy [hint saved]
  [72/85] L1260 (R02929) ok=✗
  [73/85] L1264 (R02933) ok=✓ legacy [hint saved]
  [74/85] L1263 (R02932) ok=✗
  [75/85] L1265 (R02934) ok=✗
  [76/85] L1266 (R02935) ok=✗
  [77/85] L1267 (R02936) ok=✗
  [78/85] L1268 (R02937) ok=✗
  [79/85] L1269 (R02938) ok=✗
  [80/85] L1270 (R02939) ok=✗
  [81/85] L1272 (R02941) ok=✓ legacy [hint saved]
  [82/85] L1271 (R02940) ok=✗
  [83/85] L1274 (R02943) ok=✗
  [84/85] L1275 (R02944) ok=✗
  [85/85] L1273 (R02942) ok=✗
Hints: appended to 15 level(s); 15 hint file(s) changed on disk.
Result: solved=15/85, solvedBeforeFallback=0, fallbackOnly=15, unsolved=70
Wrote logs/solver-corpus2-batches/batch-15.json
Wrote logs/solver-corpus2-batches/batch-15-summary.md
portfolio-solve-sweep: corpus=data/stress/stress-levels-random.json levels=85 (85 to solve) scheduler-mode=legacy budget=8000ms node-budget=20000000 workers=2 enable-flags=STRATEGY_REPAIR_TURN_BIAS save-hints=true
  [1/85] L1192 (R02861) ok=✗
  [2/85] L1191 (R02860) ok=✗
  [3/85] L1193 (R02862) ok=✗
  [4/85] L1195 (R02864) ok=✗
  [5/85] L1194 (R02863) ok=✗
  [6/85] L1196 (R02865) ok=✗
  [7/85] L1197 (R02866) ok=✗
  [8/85] L1198 (R02867) ok=✗
  [9/85] L1200 (R02869) ok=✗
  [10/85] L1199 (R02868) ok=✗
  [11/85] L1202 (R02871) ok=✗
  [12/85] L1201 (R02870) ok=✗
  [13/85] L1204 (R02873) ok=✗
  [14/85] L1203 (R02872) ok=✗
  [15/85] L1206 (R02875) ok=✗
  [16/85] L1207 (R02876) ok=✗
  [17/85] L1205 (R02874) ok=✗
  [18/85] L1209 (R02878) ok=✗
  [19/85] L1210 (R02879) ok=✗
  [20/85] L1211 (R02880) ok=✗
  [21/85] L1208 (R02877) ok=✗
  [22/85] L1213 (R02882) ok=✗
  [23/85] L1212 (R02881) ok=✗
  [24/85] L1214 (R02883) ok=✗
  [25/85] L1215 (R02884) ok=✗
  [26/85] L1217 (R02886) ok=✗
  [27/85] L1216 (R02885) ok=✓ legacy [hint saved]
  [28/85] L1218 (R02887) ok=✗
  [29/85] L1219 (R02888) ok=✗
  [30/85] L1220 (R02889) ok=✗
  [31/85] L1221 (R02890) ok=✗
  [32/85] L1222 (R02891) ok=✗
  [33/85] L1223 (R02892) ok=✓ legacy [hint saved]
  [34/85] L1224 (R02893) ok=✗
  [35/85] L1226 (R02895) ok=✗
  [36/85] L1225 (R02894) ok=✗
  [37/85] L1227 (R02896) ok=✗
  [38/85] L1229 (R02898) ok=✗
  [39/85] L1230 (R02899) ok=✗
  [40/85] L1228 (R02897) ok=✗
  [41/85] L1232 (R02901) ok=✓ legacy [hint saved]
  [42/85] L1233 (R02902) ok=✗
  [43/85] L1231 (R02900) ok=✗
  [44/85] L1234 (R02903) ok=✗
  [45/85] L1236 (R02905) ok=✗
  [46/85] L1235 (R02904) ok=✗
  [47/85] L1238 (R02907) ok=✓ legacy [hint saved]
  [48/85] L1237 (R02906) ok=✗
  [49/85] L1240 (R02909) ok=✓ legacy [hint saved]
  [50/85] L1239 (R02908) ok=✓ legacy [hint saved]
  [51/85] L1242 (R02911) ok=✗
  [52/85] L1241 (R02910) ok=✗
  [53/85] L1244 (R02913) ok=✗
  [54/85] L1245 (R02914) ok=✗
  [55/85] L1246 (R02915) ok=✗
  [56/85] L1243 (R02912) ok=✗
  [57/85] L1248 (R02917) ok=✓ legacy [hint saved]
  [58/85] L1247 (R02916) ok=✗
  [59/85] L1249 (R02918) ok=✗
  [60/85] L1250 (R02919) ok=✗
  [61/85] L1252 (R02921) ok=✗
  [62/85] L1253 (R02922) ok=✗
  [63/85] L1254 (R02923) ok=✗
  [64/85] L1251 (R02920) ok=✗
  [65/85] L1256 (R02925) ok=✓ legacy [hint saved]
  [66/85] L1255 (R02924) ok=✗
  [67/85] L1258 (R02927) ok=✗
  [68/85] L1257 (R02926) ok=✗
  [69/85] L1259 (R02928) ok=✗
  [70/85] L1261 (R02930) ok=✗
  [71/85] L1262 (R02931) ok=✗
  [72/85] L1260 (R02929) ok=✗
  [73/85] L1264 (R02933) ok=✓ legacy [hint saved]
  [74/85] L1263 (R02932) ok=✗
  [75/85] L1265 (R02934) ok=✗
  [76/85] L1266 (R02935) ok=✗
  [77/85] L1267 (R02936) ok=✗
  [78/85] L1268 (R02937) ok=✗
  [79/85] L1269 (R02938) ok=✗
  [80/85] L1271 (R02940) ok=✗
  [81/85] L1270 (R02939) ok=✓ legacy [hint saved]
  [82/85] L1272 (R02941) ok=✗
  [83/85] L1274 (R02943) ok=✗
  [84/85] L1275 (R02944) ok=✗
  [85/85] L1273 (R02942) ok=✗
Hints: appended to 10 level(s); 10 hint file(s) changed on disk.
Result: solved=10/85, solvedBeforeFallback=0, fallbackOnly=10, unsolved=75
Wrote logs/solver-corpus2-batches/batch-15.json
Wrote logs/solver-corpus2-batches/batch-15-summary.md
portfolio-solve-sweep: corpus=data/stress/stress-levels-random.json levels=85 (85 to solve) scheduler-mode=legacy budget=30000ms node-budget=60000000 workers=2 enable-flags=STRATEGY_REPAIR_TURN_BIAS save-hints=true
  [1/85] L1192 (R02861) ok=✗
  [2/85] L1191 (R02860) ok=✗
  [3/85] L1193 (R02862) ok=✗
  [4/85] L1195 (R02864) ok=✗
  [5/85] L1194 (R02863) ok=✗
  [6/85] L1196 (R02865) ok=✓ legacy [hint saved]
  [7/85] L1197 (R02866) ok=✗
  [8/85] L1198 (R02867) ok=✗
  [9/85] L1200 (R02869) ok=✓ legacy [hint saved]
  [10/85] L1199 (R02868) ok=✗
  [11/85] L1201 (R02870) ok=✗
  [12/85] L1202 (R02871) ok=✗
  [13/85] L1204 (R02873) ok=✗
  [14/85] L1203 (R02872) ok=✗
  [15/85] L1205 (R02874) ok=✗
  [16/85] L1206 (R02875) ok=✗
  [17/85] L1208 (R02877) ok=✓ legacy [hint saved]
  [18/85] L1207 (R02876) ok=✓ legacy [hint saved]
  [19/85] L1209 (R02878) ok=✗
  [20/85] L1210 (R02879) ok=✗
  [21/85] L1211 (R02880) ok=✗
  [22/85] L1212 (R02881) ok=✓ legacy [hint saved]
  [23/85] L1213 (R02882) ok=✗
  [24/85] L1214 (R02883) ok=✗
  [25/85] L1215 (R02884) ok=✗
  [26/85] L1216 (R02885) ok=✓ legacy [hint saved]
  [27/85] L1217 (R02886) ok=✗
  [28/85] L1219 (R02888) ok=✗
  [29/85] L1220 (R02889) ok=✗
  [30/85] L1218 (R02887) ok=✗
  [31/85] L1222 (R02891) ok=✗
  [32/85] L1223 (R02892) ok=✓ legacy [hint saved]
  [33/85] L1221 (R02890) ok=✗
  [34/85] L1225 (R02894) ok=✓ legacy [hint saved]
  [35/85] L1226 (R02895) ok=✓ legacy [hint saved]
  [36/85] L1227 (R02896) ok=✗
  [37/85] L1224 (R02893) ok=✗
  [38/85] L1229 (R02898) ok=✗
  [39/85] L1230 (R02899) ok=✗
  [40/85] L1228 (R02897) ok=✗
  [41/85] L1232 (R02901) ok=✓ legacy [hint saved]
  [42/85] L1233 (R02902) ok=✗
  [43/85] L1231 (R02900) ok=✗
  [44/85] L1234 (R02903) ok=✗
  [45/85] L1236 (R02905) ok=✓ legacy [hint saved]
  [46/85] L1237 (R02906) ok=✗
  [47/85] L1238 (R02907) ok=✓ legacy [hint saved]
  [48/85] L1239 (R02908) ok=✓ legacy [hint saved]
  [49/85] L1240 (R02909) ok=✓ legacy [hint saved]
  [50/85] L1235 (R02904) ok=✗
  [51/85] L1241 (R02910) ok=✗
  [52/85] L1242 (R02911) ok=✗
  [53/85] L1244 (R02913) ok=✓ legacy [hint saved]
  [54/85] L1245 (R02914) ok=✗
  [55/85] L1243 (R02912) ok=✗
  [56/85] L1246 (R02915) ok=✗
  [57/85] L1248 (R02917) ok=✓ legacy [hint saved]
  [58/85] L1249 (R02918) ok=✗
  [59/85] L1247 (R02916) ok=✗
  [60/85] L1250 (R02919) ok=✗
  [61/85] L1252 (R02921) ok=✗
  [62/85] L1253 (R02922) ok=✗
  [63/85] L1254 (R02923) ok=✗
  [64/85] L1251 (R02920) ok=✗
  [65/85] L1256 (R02925) ok=✓ legacy [hint saved]
  [66/85] L1255 (R02924) ok=✗
  [67/85] L1257 (R02926) ok=✗
  [68/85] L1258 (R02927) ok=✗
  [69/85] L1259 (R02928) ok=✗
  [70/85] L1260 (R02929) ok=✗
  [71/85] L1262 (R02931) ok=✓ legacy [hint saved]
  [72/85] L1261 (R02930) ok=✗
  [73/85] L1264 (R02933) ok=✓ legacy [hint saved]
  [74/85] L1263 (R02932) ok=✗
  [75/85] L1265 (R02934) ok=✗
  [76/85] L1266 (R02935) ok=✗
  [77/85] L1267 (R02936) ok=✗
  [78/85] L1268 (R02937) ok=✓ legacy [hint saved]
  [79/85] L1270 (R02939) ok=✓ legacy [hint saved]
  [80/85] L1271 (R02940) ok=✗
  [81/85] L1272 (R02941) ok=✓ legacy [hint saved]
  [82/85] L1269 (R02938) ok=✗
  [83/85] L1274 (R02943) ok=✓ legacy [hint saved]
  [84/85] L1273 (R02942) ok=✗
  [85/85] L1275 (R02944) ok=✗
Hints: appended to 23 level(s); 23 hint file(s) changed on disk.
Result: solved=23/85, solvedBeforeFallback=0, fallbackOnly=23, unsolved=62
Wrote logs/solver-corpus2-batches/batch-15.json
Wrote logs/solver-corpus2-batches/batch-15-summary.md
portfolio-solve-sweep: corpus=data/stress/stress-levels-random.json levels=85 (85 to solve) scheduler-mode=legacy budget=60000ms node-budget=120000000 workers=2 enable-flags=STRATEGY_REPAIR_TURN_BIAS save-hints=true
  [1/85] L1192 (R02861) ok=✓ legacy [hint saved]
  [2/85] L1191 (R02860) ok=✗
  [3/85] L1193 (R02862) ok=✗
  [4/85] L1195 (R02864) ok=✗
  [5/85] L1196 (R02865) ok=✓ legacy [hint saved]
  [6/85] L1194 (R02863) ok=✗
  [7/85] L1198 (R02867) ok=✗
  [8/85] L1197 (R02866) ok=✗
  [9/85] L1200 (R02869) ok=✓ legacy [hint saved]
  [10/85] L1199 (R02868) ok=✗
  [11/85] L1201 (R02870) ok=✗
  [12/85] L1202 (R02871) ok=✗
  [13/85] L1204 (R02873) ok=✗
  [14/85] L1203 (R02872) ok=✗
  [15/85] L1205 (R02874) ok=✗
  [16/85] L1206 (R02875) ok=✗
  [17/85] L1208 (R02877) ok=✓ legacy [hint saved]
  [18/85] L1207 (R02876) ok=✓ legacy [hint saved]
  [19/85] L1209 (R02878) ok=✗
  [20/85] L1210 (R02879) ok=✗
  [21/85] L1211 (R02880) ok=✗
  [22/85] L1212 (R02881) ok=✓ legacy [hint saved]
  [23/85] L1213 (R02882) ok=✗
  [24/85] L1214 (R02883) ok=✗
  [25/85] L1216 (R02885) ok=✓ legacy [hint saved]
  [26/85] L1215 (R02884) ok=✗
  [27/85] L1217 (R02886) ok=✗
  [28/85] L1219 (R02888) ok=✗
  [29/85] L1218 (R02887) ok=✗
  [30/85] L1220 (R02889) ok=✗
  [31/85] L1222 (R02891) ok=✗
  [32/85] L1223 (R02892) ok=✓ legacy [hint saved]
  [33/85] L1221 (R02890) ok=✗
  [34/85] L1225 (R02894) ok=✓ legacy [hint saved]
  [35/85] L1226 (R02895) ok=✓ legacy [hint saved]
  [36/85] L1224 (R02893) ok=✗
  [37/85] L1227 (R02896) ok=✗
  [38/85] L1229 (R02898) ok=✗
  [39/85] L1230 (R02899) ok=✗
  [40/85] L1228 (R02897) ok=✗
  [41/85] L1232 (R02901) ok=✓ legacy [hint saved]
  [42/85] L1233 (R02902) ok=✗
  [43/85] L1234 (R02903) ok=✗
  [44/85] L1231 (R02900) ok=✗
  [45/85] L1236 (R02905) ok=✓ legacy [hint saved]
  [46/85] L1237 (R02906) ok=✗
  [47/85] L1238 (R02907) ok=✓ legacy [hint saved]
  [48/85] L1239 (R02908) ok=✓ legacy [hint saved]
  [49/85] L1240 (R02909) ok=✓ legacy [hint saved]
  [50/85] L1235 (R02904) ok=✓ legacy [hint saved]
  [51/85] L1241 (R02910) ok=✗
  [52/85] L1242 (R02911) ok=✗
  [53/85] L1244 (R02913) ok=✓ legacy [hint saved]
  [54/85] L1245 (R02914) ok=✗
  [55/85] L1243 (R02912) ok=✗
  [56/85] L1246 (R02915) ok=✗
  [57/85] L1248 (R02917) ok=✓ legacy [hint saved]
  [58/85] L1247 (R02916) ok=✗
  [59/85] L1249 (R02918) ok=✗
  [60/85] L1250 (R02919) ok=✗
  [61/85] L1252 (R02921) ok=✗
  [62/85] L1253 (R02922) ok=✗
  [63/85] L1254 (R02923) ok=✗
  [64/85] L1251 (R02920) ok=✗
  [65/85] L1256 (R02925) ok=✓ legacy [hint saved]
  [66/85] L1257 (R02926) ok=✗
  [67/85] L1255 (R02924) ok=✗
  [68/85] L1258 (R02927) ok=✗
  [69/85] L1259 (R02928) ok=✗
  [70/85] L1260 (R02929) ok=✗
  [71/85] L1261 (R02930) ok=✗
  [72/85] L1262 (R02931) ok=✓ legacy [hint saved]
  [73/85] L1264 (R02933) ok=✓ legacy [hint saved]
  [74/85] L1263 (R02932) ok=✗
  [75/85] L1265 (R02934) ok=✗
  [76/85] L1267 (R02936) ok=✗
  [77/85] L1266 (R02935) ok=✗
  [78/85] L1268 (R02937) ok=✓ legacy [hint saved]
  [79/85] L1270 (R02939) ok=✓ legacy [hint saved]
  [80/85] L1271 (R02940) ok=✗
  [81/85] L1272 (R02941) ok=✓ legacy [hint saved]
  [82/85] L1269 (R02938) ok=✗
  [83/85] L1274 (R02943) ok=✓ legacy [hint saved]
  [84/85] L1273 (R02942) ok=✗
  [85/85] L1275 (R02944) ok=✗
Hints: appended to 25 level(s); 25 hint file(s) changed on disk.
Result: solved=25/85, solvedBeforeFallback=0, fallbackOnly=25, unsolved=60
Wrote logs/solver-corpus2-batches/batch-15.json
Wrote logs/solver-corpus2-batches/batch-15-summary.md
portfolio-solve-sweep: corpus=data/stress/stress-levels-random.json levels=85 (85 to solve) scheduler-mode=legacy budget=8000ms node-budget=20000000 workers=2 save-hints=true
  adaptive budgets: mult=3x floor=2,000,000 unsolved=20,000,000 | 25 known-solved scaled (min 2,000,000 / med 20,000,000 / max 337,129,818 nodes)
  winner-first: normal + seeded-repair winners (shares solve budget) | 16/85 levels will be primed
  [1/85] L1192 (R02861) ok=✓ legacy [primed] [hint saved]
  [2/85] L1191 (R02860) ok=✗
  [3/85] L1193 (R02862) ok=✗
  [4/85] L1195 (R02864) ok=✗
  [5/85] L1196 (R02865) ok=✓ legacy [primed] [hint saved]
  [6/85] L1194 (R02863) ok=✗
  [7/85] L1197 (R02866) ok=✗
  [8/85] L1198 (R02867) ok=✗
  [9/85] L1200 (R02869) ok=✓ legacy [primed] [hint saved]
  [10/85] L1199 (R02868) ok=✗
  [11/85] L1202 (R02871) ok=✗
  [12/85] L1201 (R02870) ok=✗
  [13/85] L1203 (R02872) ok=✗
  [14/85] L1204 (R02873) ok=✗
  [15/85] L1206 (R02875) ok=✗
  [16/85] L1205 (R02874) ok=✗
  [17/85] L1208 (R02877) ok=✓ legacy [primed] [hint saved]
  [18/85] L1207 (R02876) ok=✓ legacy [hint saved]
  [19/85] L1209 (R02878) ok=✗
  [20/85] L1210 (R02879) ok=✗
  [21/85] L1211 (R02880) ok=✗
  [22/85] L1212 (R02881) ok=✓ legacy [primed] [hint saved]
  [23/85] L1214 (R02883) ok=✗
  [24/85] L1213 (R02882) ok=✗
  [25/85] L1216 (R02885) ok=✓ legacy [primed] [hint saved]
  [26/85] L1217 (R02886) ok=✗
  [27/85] L1215 (R02884) ok=✗
  [28/85] L1219 (R02888) ok=✗
  [29/85] L1220 (R02889) ok=✗
  [30/85] L1218 (R02887) ok=✗
  [31/85] L1222 (R02891) ok=✗
  [32/85] L1221 (R02890) ok=✗
  [33/85] L1223 (R02892) ok=✓ legacy [hint saved]
  [34/85] L1224 (R02893) ok=✗
  [35/85] L1225 (R02894) ok=✓ legacy [primed] [hint saved]
  [36/85] L1226 (R02895) ok=✓ legacy [primed] [hint saved]
  [37/85] L1227 (R02896) ok=✗
  [38/85] L1229 (R02898) ok=✗
  [39/85] L1230 (R02899) ok=✗
  [40/85] L1228 (R02897) ok=✗
  [41/85] L1232 (R02901) ok=✓ legacy [primed] [hint saved]
  [42/85] L1233 (R02902) ok=✗
  [43/85] L1234 (R02903) ok=✗
  [44/85] L1231 (R02900) ok=✓ legacy [hint saved]
  [45/85] L1236 (R02905) ok=✓ legacy [primed] [hint saved]
  [46/85] L1237 (R02906) ok=✗
  [47/85] L1238 (R02907) ok=✓ legacy [primed] [hint saved]
  [48/85] L1239 (R02908) ok=✓ legacy [primed] [hint saved]
  [49/85] L1240 (R02909) ok=✓ legacy [hint saved]
  [50/85] L1241 (R02910) ok=✗
  [51/85] L1242 (R02911) ok=✗
  [52/85] L1243 (R02912) ok=✗
  [53/85] L1244 (R02913) ok=✓ legacy [primed] [hint saved]
  [54/85] L1245 (R02914) ok=✗
  [55/85] L1246 (R02915) ok=✗
  [56/85] L1235 (R02904) ok=✗
  [57/85] L1248 (R02917) ok=✓ legacy [hint saved]
  [58/85] L1247 (R02916) ok=✗
  [59/85] L1250 (R02919) ok=✗
  [60/85] L1249 (R02918) ok=✗
  [61/85] L1252 (R02921) ok=✗
  [62/85] L1253 (R02922) ok=✗
  [63/85] L1254 (R02923) ok=✗
  [64/85] L1251 (R02920) ok=✗
  [65/85] L1256 (R02925) ok=✓ legacy [hint saved]
  [66/85] L1255 (R02924) ok=✗
  [67/85] L1257 (R02926) ok=✗
  [68/85] L1258 (R02927) ok=✗
  [69/85] L1259 (R02928) ok=✗
  [70/85] L1261 (R02930) ok=✗
  [71/85] L1262 (R02931) ok=✓ legacy [primed] [hint saved]
  [72/85] L1260 (R02929) ok=✗
  [73/85] L1264 (R02933) ok=✓ legacy [hint saved]
  [74/85] L1263 (R02932) ok=✗
  [75/85] L1265 (R02934) ok=✗
  [76/85] L1266 (R02935) ok=✗
  [77/85] L1268 (R02937) ok=✓ legacy [primed] [hint saved]
  [78/85] L1267 (R02936) ok=✗
  [79/85] L1269 (R02938) ok=✗
  [80/85] L1270 (R02939) ok=✓ legacy [hint saved]
  [81/85] L1272 (R02941) ok=✓ legacy [primed] [hint saved]
  [82/85] L1271 (R02940) ok=✗
  [83/85] L1274 (R02943) ok=✓ legacy [hint saved]
  [84/85] L1275 (R02944) ok=✗
  [85/85] L1273 (R02942) ok=✗
Hints: appended to 25 level(s); 25 hint file(s) changed on disk.
Result: solved=25/85, solvedBeforeFallback=0, fallbackOnly=25, unsolved=60
Wrote logs/solver-corpus2-batches/batch-15.json
Wrote logs/solver-corpus2-batches/batch-15-summary.md
portfolio-solve-sweep: corpus=data/stress/stress-levels-random.json levels=85 (85 to solve) scheduler-mode=legacy budget=8000ms node-budget=20000000 workers=2 save-hints=true
  winner-first: normal + seeded-repair winners (shares solve budget) | 21/85 levels will be primed
  [1/85] L1192 (R02861) ok=✓ legacy [primed] [hint saved]
  [2/85] L1193 (R02862) ok=✗
  [3/85] L1191 (R02860) ok=✗
  [4/85] L1195 (R02864) ok=✗
  [5/85] L1196 (R02865) ok=✓ legacy [primed] [hint saved]
  [6/85] L1194 (R02863) ok=✗
  [7/85] L1197 (R02866) ok=✗
  [8/85] L1198 (R02867) ok=✗
  [9/85] L1200 (R02869) ok=✓ legacy [primed] [hint saved]
  [10/85] L1199 (R02868) ok=✗
  [11/85] L1202 (R02871) ok=✗
  [12/85] L1201 (R02870) ok=✗
  [13/85] L1203 (R02872) ok=✗
  [14/85] L1204 (R02873) ok=✗
  [15/85] L1206 (R02875) ok=✗
  [16/85] L1205 (R02874) ok=✗
  [17/85] L1208 (R02877) ok=✓ legacy [primed] [hint saved]
  [18/85] L1207 (R02876) ok=✓ legacy [hint saved]
  [19/85] L1209 (R02878) ok=✗
  [20/85] L1210 (R02879) ok=✗
  [21/85] L1211 (R02880) ok=✗
  [22/85] L1212 (R02881) ok=✓ legacy [primed] [hint saved]
  [23/85] L1213 (R02882) ok=✗
  [24/85] L1214 (R02883) ok=✗
  [25/85] L1216 (R02885) ok=✓ legacy [primed] [hint saved]
  [26/85] L1215 (R02884) ok=✗
  [27/85] L1217 (R02886) ok=✗
  [28/85] L1219 (R02888) ok=✗
  [29/85] L1220 (R02889) ok=✗
  [30/85] L1218 (R02887) ok=✗
  [31/85] L1222 (R02891) ok=✗
  [32/85] L1221 (R02890) ok=✗
  [33/85] L1223 (R02892) ok=✓ legacy [hint saved]
  [34/85] L1225 (R02894) ok=✓ legacy [primed] [hint saved]
  [35/85] L1226 (R02895) ok=✓ legacy [primed] [hint saved]
  [36/85] L1224 (R02893) ok=✗
  [37/85] L1227 (R02896) ok=✗
  [38/85] L1229 (R02898) ok=✗
  [39/85] L1230 (R02899) ok=✗
  [40/85] L1228 (R02897) ok=✗
  [41/85] L1232 (R02901) ok=✓ legacy [primed] [hint saved]
  [42/85] L1233 (R02902) ok=✗
  [43/85] L1234 (R02903) ok=✗
  [44/85] L1231 (R02900) ok=✓ legacy [hint saved]
  [45/85] L1236 (R02905) ok=✓ legacy [primed] [hint saved]
  [46/85] L1237 (R02906) ok=✗
  [47/85] L1238 (R02907) ok=✓ legacy [primed] [hint saved]
  [48/85] L1239 (R02908) ok=✓ legacy [primed] [hint saved]
  [49/85] L1240 (R02909) ok=✓ legacy [primed] [hint saved]
  [50/85] L1235 (R02904) ok=✗
  [51/85] L1241 (R02910) ok=✗
  [52/85] L1242 (R02911) ok=✗
  [53/85] L1244 (R02913) ok=✓ legacy [primed] [hint saved]
  [54/85] L1245 (R02914) ok=✗
  [55/85] L1243 (R02912) ok=✗
  [56/85] L1246 (R02915) ok=✗
  [57/85] L1248 (R02917) ok=✓ legacy [primed] [hint saved]
  [58/85] L1247 (R02916) ok=✗
  [59/85] L1250 (R02919) ok=✗
  [60/85] L1249 (R02918) ok=✗
  [61/85] L1252 (R02921) ok=✗
  [62/85] L1253 (R02922) ok=✗
  [63/85] L1254 (R02923) ok=✗
  [64/85] L1251 (R02920) ok=✗
  [65/85] L1256 (R02925) ok=✓ legacy [primed] [hint saved]
  [66/85] L1257 (R02926) ok=✗
  [67/85] L1255 (R02924) ok=✗
  [68/85] L1258 (R02927) ok=✗
  [69/85] L1259 (R02928) ok=✗
  [70/85] L1261 (R02930) ok=✗
  [71/85] L1262 (R02931) ok=✓ legacy [primed] [hint saved]
  [72/85] L1260 (R02929) ok=✗
  [73/85] L1264 (R02933) ok=✓ legacy [primed] [hint saved]
  [74/85] L1263 (R02932) ok=✗
  [75/85] L1265 (R02934) ok=✗
  [76/85] L1266 (R02935) ok=✗
  [77/85] L1268 (R02937) ok=✓ legacy [primed] [hint saved]
  [78/85] L1267 (R02936) ok=✗
  [79/85] L1270 (R02939) ok=✗
  [80/85] L1269 (R02938) ok=✗
  [81/85] L1272 (R02941) ok=✓ legacy [primed] [hint saved]
  [82/85] L1271 (R02940) ok=✗
  [83/85] L1274 (R02943) ok=✗
  [84/85] L1275 (R02944) ok=✗
  [85/85] L1273 (R02942) ok=✗
Hints: appended to 23 level(s); 23 hint file(s) changed on disk.
Result: solved=23/85, solvedBeforeFallback=0, fallbackOnly=23, unsolved=62
Wrote logs/solver-corpus2-batches/batch-15.json
Wrote logs/solver-corpus2-batches/batch-15-summary.md
portfolio-solve-sweep: corpus=data/stress/stress-levels-random.json levels=85 (85 to solve) scheduler-mode=legacy budget=8000ms node-budget=20000000 workers=2 enable-flags=STRATEGY_REPAIR_TURN_BIAS save-hints=true
  winner-first: normal + seeded-repair winners (shares solve budget) | 20/85 levels will be primed
  [1/85] L1192 (R02861) ok=✓ legacy [primed] [hint saved]
  [2/85] L1191 (R02860) ok=✗
  [3/85] L1193 (R02862) ok=✗
  [4/85] L1195 (R02864) ok=✗
  [5/85] L1196 (R02865) ok=✓ legacy [primed] [hint saved]
  [6/85] L1194 (R02863) ok=✗
  [7/85] L1197 (R02866) ok=✗
  [8/85] L1198 (R02867) ok=✗
  [9/85] L1200 (R02869) ok=✓ legacy [primed] [hint saved]
  [10/85] L1199 (R02868) ok=✗
  [11/85] L1201 (R02870) ok=✗
  [12/85] L1202 (R02871) ok=✗
  [13/85] L1203 (R02872) ok=✗
  [14/85] L1204 (R02873) ok=✗
  [15/85] L1205 (R02874) ok=✗
  [16/85] L1206 (R02875) ok=✗
  [17/85] L1208 (R02877) ok=✓ legacy [primed] [hint saved]
  [18/85] L1207 (R02876) ok=✗
  [19/85] L1209 (R02878) ok=✗
  [20/85] L1210 (R02879) ok=✗
  [21/85] L1212 (R02881) ok=✓ legacy [primed] [hint saved]
  [22/85] L1211 (R02880) ok=✗
  [23/85] L1213 (R02882) ok=✗
  [24/85] L1214 (R02883) ok=✗
  [25/85] L1216 (R02885) ok=✓ legacy [primed] [hint saved]
  [26/85] L1215 (R02884) ok=✗
  [27/85] L1217 (R02886) ok=✗
  [28/85] L1219 (R02888) ok=✗
  [29/85] L1218 (R02887) ok=✗
  [30/85] L1220 (R02889) ok=✗
  [31/85] L1221 (R02890) ok=✗
  [32/85] L1222 (R02891) ok=✗
  [33/85] L1223 (R02892) ok=✓ legacy [hint saved]
  [34/85] L1225 (R02894) ok=✓ legacy [primed] [hint saved]
  [35/85] L1226 (R02895) ok=✓ legacy [primed] [hint saved]
  [36/85] L1224 (R02893) ok=✗
  [37/85] L1227 (R02896) ok=✗
  [38/85] L1229 (R02898) ok=✗
  [39/85] L1230 (R02899) ok=✗
  [40/85] L1228 (R02897) ok=✗
  [41/85] L1232 (R02901) ok=✓ legacy [primed] [hint saved]
  [42/85] L1233 (R02902) ok=✗
  [43/85] L1231 (R02900) ok=✗
  [44/85] L1234 (R02903) ok=✗
  [45/85] L1236 (R02905) ok=✓ legacy [primed] [hint saved]
  [46/85] L1237 (R02906) ok=✗
  [47/85] L1238 (R02907) ok=✓ legacy [primed] [hint saved]
  [48/85] L1239 (R02908) ok=✓ legacy [primed] [hint saved]
  [49/85] L1240 (R02909) ok=✓ legacy [primed] [hint saved]
  [50/85] L1235 (R02904) ok=✗
  [51/85] L1241 (R02910) ok=✗
  [52/85] L1242 (R02911) ok=✗
  [53/85] L1244 (R02913) ok=✓ legacy [primed] [hint saved]
  [54/85] L1245 (R02914) ok=✗
  [55/85] L1243 (R02912) ok=✗
  [56/85] L1246 (R02915) ok=✗
  [57/85] L1248 (R02917) ok=✓ legacy [primed] [hint saved]
  [58/85] L1249 (R02918) ok=✗
  [59/85] L1247 (R02916) ok=✗
  [60/85] L1250 (R02919) ok=✗
  [61/85] L1252 (R02921) ok=✗
  [62/85] L1253 (R02922) ok=✗
  [63/85] L1254 (R02923) ok=✗
  [64/85] L1251 (R02920) ok=✗
  [65/85] L1256 (R02925) ok=✓ legacy [primed] [hint saved]
  [66/85] L1255 (R02924) ok=✗
  [67/85] L1258 (R02927) ok=✗
  [68/85] L1257 (R02926) ok=✗
  [69/85] L1259 (R02928) ok=✗
  [70/85] L1261 (R02930) ok=✗
  [71/85] L1262 (R02931) ok=✓ legacy [primed] [hint saved]
  [72/85] L1260 (R02929) ok=✗
  [73/85] L1264 (R02933) ok=✓ legacy [primed] [hint saved]
  [74/85] L1263 (R02932) ok=✗
  [75/85] L1265 (R02934) ok=✗
  [76/85] L1266 (R02935) ok=✗
  [77/85] L1268 (R02937) ok=✓ legacy [primed] [hint saved]
  [78/85] L1267 (R02936) ok=✗
  [79/85] L1270 (R02939) ok=✓ legacy [hint saved]
  [80/85] L1271 (R02940) ok=✗
  [81/85] L1272 (R02941) ok=✓ legacy [primed] [hint saved]
  [82/85] L1269 (R02938) ok=✗
  [83/85] L1274 (R02943) ok=✗
  [84/85] L1273 (R02942) ok=✗
  [85/85] L1275 (R02944) ok=✗
Hints: appended to 22 level(s); 22 hint file(s) changed on disk.
Result: solved=22/85, solvedBeforeFallback=0, fallbackOnly=22, unsolved=63
Wrote logs/solver-corpus2-batches/batch-15.json
Wrote logs/solver-corpus2-batches/batch-15-summary.md
portfolio-solve-sweep: corpus=data/stress/stress-levels-random.json levels=85 (85 to solve) scheduler-mode=legacy budget=8000ms node-budget=20000000 workers=2 enable-flags=STRATEGY_REPAIR_TURN_BIAS save-hints=true
  winner-first: normal + seeded-repair winners (shares solve budget) | 20/85 levels will be primed
  [1/85] L1192 (R02861) ok=✓ legacy [primed] [hint saved]
  [2/85] L1191 (R02860) ok=✗
  [3/85] L1193 (R02862) ok=✗
  [4/85] L1195 (R02864) ok=✗
  [5/85] L1196 (R02865) ok=✓ legacy [primed] [hint saved]
  [6/85] L1194 (R02863) ok=✗
  [7/85] L1197 (R02866) ok=✗
  [8/85] L1198 (R02867) ok=✗
  [9/85] L1200 (R02869) ok=✓ legacy [primed] [hint saved]
  [10/85] L1199 (R02868) ok=✗
  [11/85] L1201 (R02870) ok=✗
  [12/85] L1202 (R02871) ok=✗
  [13/85] L1203 (R02872) ok=✗
  [14/85] L1204 (R02873) ok=✗
  [15/85] L1206 (R02875) ok=✗
  [16/85] L1205 (R02874) ok=✗
  [17/85] L1207 (R02876) ok=✗
  [18/85] L1208 (R02877) ok=✓ legacy [primed] [hint saved]
  [19/85] L1209 (R02878) ok=✗
  [20/85] L1210 (R02879) ok=✗
  [21/85] L1212 (R02881) ok=✓ legacy [primed] [hint saved]
  [22/85] L1211 (R02880) ok=✗
  [23/85] L1213 (R02882) ok=✗
  [24/85] L1214 (R02883) ok=✗
  [25/85] L1216 (R02885) ok=✓ legacy [primed] [hint saved]
  [26/85] L1215 (R02884) ok=✗
  [27/85] L1217 (R02886) ok=✗
  [28/85] L1219 (R02888) ok=✗
  [29/85] L1218 (R02887) ok=✗
  [30/85] L1220 (R02889) ok=✗
  [31/85] L1222 (R02891) ok=✗
  [32/85] L1221 (R02890) ok=✗
  [33/85] L1223 (R02892) ok=✓ legacy [hint saved]
  [34/85] L1225 (R02894) ok=✓ legacy [primed] [hint saved]
  [35/85] L1226 (R02895) ok=✓ legacy [primed] [hint saved]
  [36/85] L1227 (R02896) ok=✗
  [37/85] L1224 (R02893) ok=✗
  [38/85] L1229 (R02898) ok=✗
  [39/85] L1230 (R02899) ok=✗
  [40/85] L1228 (R02897) ok=✗
  [41/85] L1232 (R02901) ok=✓ legacy [primed] [hint saved]
  [42/85] L1233 (R02902) ok=✗
  [43/85] L1234 (R02903) ok=✗
  [44/85] L1231 (R02900) ok=✗
  [45/85] L1236 (R02905) ok=✓ legacy [primed] [hint saved]
  [46/85] L1237 (R02906) ok=✗
  [47/85] L1238 (R02907) ok=✓ legacy [primed] [hint saved]
  [48/85] L1239 (R02908) ok=✓ legacy [primed] [hint saved]
  [49/85] L1240 (R02909) ok=✓ legacy [primed] [hint saved]
  [50/85] L1235 (R02904) ok=✗
  [51/85] L1241 (R02910) ok=✗
  [52/85] L1242 (R02911) ok=✗
  [53/85] L1244 (R02913) ok=✓ legacy [primed] [hint saved]
  [54/85] L1245 (R02914) ok=✗
  [55/85] L1243 (R02912) ok=✗
  [56/85] L1246 (R02915) ok=✗
  [57/85] L1248 (R02917) ok=✓ legacy [primed] [hint saved]
  [58/85] L1249 (R02918) ok=✗
  [59/85] L1247 (R02916) ok=✗
  [60/85] L1250 (R02919) ok=✗
  [61/85] L1252 (R02921) ok=✗
  [62/85] L1253 (R02922) ok=✗
  [63/85] L1254 (R02923) ok=✗
  [64/85] L1251 (R02920) ok=✗
  [65/85] L1256 (R02925) ok=✓ legacy [primed] [hint saved]
  [66/85] L1255 (R02924) ok=✗
  [67/85] L1258 (R02927) ok=✗
  [68/85] L1257 (R02926) ok=✗
  [69/85] L1259 (R02928) ok=✗
  [70/85] L1261 (R02930) ok=✗
  [71/85] L1262 (R02931) ok=✓ legacy [primed] [hint saved]
  [72/85] L1260 (R02929) ok=✗
  [73/85] L1264 (R02933) ok=✓ legacy [primed] [hint saved]
  [74/85] L1263 (R02932) ok=✗
  [75/85] L1265 (R02934) ok=✗
  [76/85] L1266 (R02935) ok=✗
  [77/85] L1268 (R02937) ok=✓ legacy [primed] [hint saved]
  [78/85] L1267 (R02936) ok=✗
  [79/85] L1270 (R02939) ok=✓ legacy [hint saved]
  [80/85] L1271 (R02940) ok=✗
  [81/85] L1272 (R02941) ok=✓ legacy [primed] [hint saved]
  [82/85] L1269 (R02938) ok=✗
  [83/85] L1274 (R02943) ok=✗
  [84/85] L1273 (R02942) ok=✗
  [85/85] L1275 (R02944) ok=✗
Hints: appended to 22 level(s); 22 hint file(s) changed on disk.
Result: solved=22/85, solvedBeforeFallback=0, fallbackOnly=22, unsolved=63
Wrote logs/solver-corpus2-batches/batch-15.json
Wrote logs/solver-corpus2-batches/batch-15-summary.md
portfolio-solve-sweep: corpus=data/stress/stress-levels-random.json levels=85 (85 to solve) scheduler-mode=legacy budget=8000ms node-budget=20000000 workers=2 enable-flags=STRATEGY_REPAIR_TURN_BIAS save-hints=true
  winner-first: normal + seeded-repair winners (shares solve budget) | 20/85 levels will be primed
  [1/85] L1192 (R02861) ok=✓ legacy [primed] [hint saved]
  [2/85] L1191 (R02860) ok=✗
  [3/85] L1193 (R02862) ok=✗
  [4/85] L1195 (R02864) ok=✗
  [5/85] L1196 (R02865) ok=✓ legacy [primed] [hint saved]
  [6/85] L1194 (R02863) ok=✗
  [7/85] L1197 (R02866) ok=✗
  [8/85] L1198 (R02867) ok=✗
  [9/85] L1200 (R02869) ok=✓ legacy [primed] [hint saved]
  [10/85] L1199 (R02868) ok=✗
  [11/85] L1201 (R02870) ok=✗
  [12/85] L1202 (R02871) ok=✗
  [13/85] L1203 (R02872) ok=✗
  [14/85] L1204 (R02873) ok=✗
  [15/85] L1205 (R02874) ok=✗
  [16/85] L1206 (R02875) ok=✗
  [17/85] L1208 (R02877) ok=✓ legacy [primed] [hint saved]
  [18/85] L1207 (R02876) ok=✗
  [19/85] L1209 (R02878) ok=✗
  [20/85] L1210 (R02879) ok=✗
  [21/85] L1212 (R02881) ok=✓ legacy [primed] [hint saved]
  [22/85] L1211 (R02880) ok=✗
  [23/85] L1213 (R02882) ok=✗
  [24/85] L1214 (R02883) ok=✗
  [25/85] L1216 (R02885) ok=✓ legacy [primed] [hint saved]
  [26/85] L1215 (R02884) ok=✗
  [27/85] L1217 (R02886) ok=✗
  [28/85] L1219 (R02888) ok=✗
  [29/85] L1218 (R02887) ok=✗
  [30/85] L1220 (R02889) ok=✗
  [31/85] L1221 (R02890) ok=✗
  [32/85] L1222 (R02891) ok=✗
  [33/85] L1223 (R02892) ok=✓ legacy [hint saved]
  [34/85] L1225 (R02894) ok=✓ legacy [primed] [hint saved]
  [35/85] L1226 (R02895) ok=✓ legacy [primed] [hint saved]
  [36/85] L1227 (R02896) ok=✗
  [37/85] L1224 (R02893) ok=✗
  [38/85] L1229 (R02898) ok=✗
  [39/85] L1230 (R02899) ok=✗
  [40/85] L1228 (R02897) ok=✗
  [41/85] L1232 (R02901) ok=✓ legacy [primed] [hint saved]
  [42/85] L1233 (R02902) ok=✗
  [43/85] L1231 (R02900) ok=✗
  [44/85] L1234 (R02903) ok=✗
  [45/85] L1236 (R02905) ok=✓ legacy [primed] [hint saved]
  [46/85] L1237 (R02906) ok=✗
  [47/85] L1238 (R02907) ok=✓ legacy [primed] [hint saved]
  [48/85] L1239 (R02908) ok=✓ legacy [primed] [hint saved]
  [49/85] L1240 (R02909) ok=✓ legacy [primed] [hint saved]
  [50/85] L1235 (R02904) ok=✗
  [51/85] L1241 (R02910) ok=✗
  [52/85] L1242 (R02911) ok=✗
  [53/85] L1244 (R02913) ok=✓ legacy [primed] [hint saved]
  [54/85] L1243 (R02912) ok=✗
  [55/85] L1245 (R02914) ok=✗
  [56/85] L1246 (R02915) ok=✗
  [57/85] L1248 (R02917) ok=✓ legacy [primed] [hint saved]
  [58/85] L1249 (R02918) ok=✗
  [59/85] L1247 (R02916) ok=✗
  [60/85] L1250 (R02919) ok=✗
  [61/85] L1252 (R02921) ok=✗
  [62/85] L1253 (R02922) ok=✗
  [63/85] L1254 (R02923) ok=✗
  [64/85] L1251 (R02920) ok=✗
  [65/85] L1256 (R02925) ok=✓ legacy [primed] [hint saved]
  [66/85] L1255 (R02924) ok=✗
  [67/85] L1258 (R02927) ok=✗
  [68/85] L1259 (R02928) ok=✗
  [69/85] L1257 (R02926) ok=✗
  [70/85] L1261 (R02930) ok=✗
  [71/85] L1262 (R02931) ok=✓ legacy [primed] [hint saved]
  [72/85] L1260 (R02929) ok=✗
  [73/85] L1264 (R02933) ok=✓ legacy [primed] [hint saved]
  [74/85] L1263 (R02932) ok=✗
  [75/85] L1265 (R02934) ok=✗
  [76/85] L1266 (R02935) ok=✗
  [77/85] L1267 (R02936) ok=✗
  [78/85] L1268 (R02937) ok=✓ legacy [primed] [hint saved]
  [79/85] L1270 (R02939) ok=✓ legacy [hint saved]
  [80/85] L1271 (R02940) ok=✗
  [81/85] L1272 (R02941) ok=✓ legacy [primed] [hint saved]
  [82/85] L1269 (R02938) ok=✗
  [83/85] L1274 (R02943) ok=✗
  [84/85] L1273 (R02942) ok=✗
  [85/85] L1275 (R02944) ok=✗
Hints: appended to 22 level(s); 22 hint file(s) changed on disk.
Result: solved=22/85, solvedBeforeFallback=0, fallbackOnly=22, unsolved=63
Wrote logs/solver-corpus2-batches/batch-15.json
Wrote logs/solver-corpus2-batches/batch-15-summary.md
portfolio-solve-sweep: corpus=data/stress/stress-levels-random.json levels=85 (85 to solve) scheduler-mode=legacy budget=8000ms node-budget=20000000 workers=2 enable-flags=STRATEGY_REPAIR_TURN_BIAS save-hints=true
  winner-first: normal + seeded-repair winners (shares solve budget) | 20/85 levels will be primed
  [1/85] L1192 (R02861) ok=✓ legacy [primed] [hint saved]
  [2/85] L1191 (R02860) ok=✗
  [3/85] L1193 (R02862) ok=✗
  [4/85] L1195 (R02864) ok=✗
  [5/85] L1196 (R02865) ok=✓ legacy [primed] [hint saved]
  [6/85] L1194 (R02863) ok=✗
  [7/85] L1197 (R02866) ok=✗
  [8/85] L1198 (R02867) ok=✗
  [9/85] L1200 (R02869) ok=✓ legacy [primed] [hint saved]
  [10/85] L1199 (R02868) ok=✗
  [11/85] L1201 (R02870) ok=✗
  [12/85] L1202 (R02871) ok=✗
  [13/85] L1204 (R02873) ok=✗
  [14/85] L1203 (R02872) ok=✗
  [15/85] L1206 (R02875) ok=✗
  [16/85] L1205 (R02874) ok=✗
  [17/85] L1208 (R02877) ok=✓ legacy [primed] [hint saved]
  [18/85] L1207 (R02876) ok=✗
  [19/85] L1209 (R02878) ok=✗
  [20/85] L1210 (R02879) ok=✗
  [21/85] L1212 (R02881) ok=✓ legacy [primed] [hint saved]
  [22/85] L1211 (R02880) ok=✗
  [23/85] L1213 (R02882) ok=✗
  [24/85] L1214 (R02883) ok=✗
  [25/85] L1216 (R02885) ok=✓ legacy [primed] [hint saved]
  [26/85] L1215 (R02884) ok=✗
  [27/85] L1217 (R02886) ok=✗
  [28/85] L1219 (R02888) ok=✗
  [29/85] L1220 (R02889) ok=✗
  [30/85] L1218 (R02887) ok=✗
  [31/85] L1222 (R02891) ok=✗
  [32/85] L1221 (R02890) ok=✗
  [33/85] L1223 (R02892) ok=✓ legacy [hint saved]
  [34/85] L1225 (R02894) ok=✓ legacy [primed] [hint saved]
  [35/85] L1226 (R02895) ok=✓ legacy [primed] [hint saved]
  [36/85] L1227 (R02896) ok=✗
  [37/85] L1224 (R02893) ok=✗
  [38/85] L1229 (R02898) ok=✗
  [39/85] L1230 (R02899) ok=✗
  [40/85] L1228 (R02897) ok=✗
  [41/85] L1232 (R02901) ok=✓ legacy [primed] [hint saved]
  [42/85] L1233 (R02902) ok=✗
  [43/85] L1234 (R02903) ok=✗
  [44/85] L1231 (R02900) ok=✗
  [45/85] L1236 (R02905) ok=✓ legacy [primed] [hint saved]
  [46/85] L1237 (R02906) ok=✗
  [47/85] L1238 (R02907) ok=✓ legacy [primed] [hint saved]
  [48/85] L1239 (R02908) ok=✓ legacy [primed] [hint saved]
  [49/85] L1240 (R02909) ok=✓ legacy [primed] [hint saved]
  [50/85] L1235 (R02904) ok=✗
  [51/85] L1241 (R02910) ok=✗
  [52/85] L1242 (R02911) ok=✗
  [53/85] L1244 (R02913) ok=✓ legacy [primed] [hint saved]
  [54/85] L1245 (R02914) ok=✗
  [55/85] L1243 (R02912) ok=✗
  [56/85] L1246 (R02915) ok=✗
  [57/85] L1248 (R02917) ok=✓ legacy [primed] [hint saved]
  [58/85] L1247 (R02916) ok=✗
  [59/85] L1249 (R02918) ok=✗
  [60/85] L1250 (R02919) ok=✗
  [61/85] L1252 (R02921) ok=✗
  [62/85] L1253 (R02922) ok=✗
  [63/85] L1254 (R02923) ok=✗
  [64/85] L1251 (R02920) ok=✗
  [65/85] L1256 (R02925) ok=✓ legacy [primed] [hint saved]
  [66/85] L1255 (R02924) ok=✗
  [67/85] L1258 (R02927) ok=✗
  [68/85] L1257 (R02926) ok=✗
  [69/85] L1259 (R02928) ok=✗
  [70/85] L1261 (R02930) ok=✗
  [71/85] L1260 (R02929) ok=✗
  [72/85] L1262 (R02931) ok=✓ legacy [primed] [hint saved]
  [73/85] L1264 (R02933) ok=✓ legacy [primed] [hint saved]
  [74/85] L1263 (R02932) ok=✗
  [75/85] L1265 (R02934) ok=✗
  [76/85] L1267 (R02936) ok=✗
  [77/85] L1266 (R02935) ok=✗
  [78/85] L1268 (R02937) ok=✓ legacy [primed] [hint saved]
  [79/85] L1270 (R02939) ok=✓ legacy [hint saved]
  [80/85] L1271 (R02940) ok=✗
  [81/85] L1272 (R02941) ok=✓ legacy [primed] [hint saved]
  [82/85] L1269 (R02938) ok=✗
  [83/85] L1274 (R02943) ok=✗
  [84/85] L1273 (R02942) ok=✗
  [85/85] L1275 (R02944) ok=✗
Hints: appended to 22 level(s); 22 hint file(s) changed on disk.
Result: solved=22/85, solvedBeforeFallback=0, fallbackOnly=22, unsolved=63
Wrote logs/solver-corpus2-batches/batch-15.json
Wrote logs/solver-corpus2-batches/batch-15-summary.md
portfolio-solve-sweep: corpus=data/stress/stress-levels-random.json levels=85 (85 to solve) scheduler-mode=legacy budget=86400000ms node-budget=36000000 workers=2 save-hints=true
  winner-first: normal + seeded-repair winners (shares solve budget) | 28/85 levels will be primed
  [1/85] L1192 (R02861) ok=✓ legacy [primed] [hint saved]
  [2/85] L1191 (R02860) ok=✗
  [3/85] L1193 (R02862) ok=✓ legacy [primed] [hint saved]
  [4/85] L1194 (R02863) ok=✗
  [5/85] L1196 (R02865) ok=✓ legacy [primed] [hint saved]
  [6/85] L1195 (R02864) ok=✗
  [7/85] L1198 (R02867) ok=✓ legacy [hint saved]
  [8/85] L1197 (R02866) ok=✗
  [9/85] L1200 (R02869) ok=✓ legacy [primed] [hint saved]
  [10/85] L1199 (R02868) ok=✗
  [11/85] L1202 (R02871) ok=✓ legacy [hint saved]
  [12/85] L1201 (R02870) ok=✗
  [13/85] L1203 (R02872) ok=✓ legacy [hint saved]
  [14/85] L1204 (R02873) ok=✓ legacy [hint saved]
  [15/85] L1205 (R02874) ok=✗
  [16/85] L1206 (R02875) ok=✓ legacy [primed] [hint saved]
  [17/85] L1207 (R02876) ok=✗
  [18/85] L1208 (R02877) ok=✓ legacy [hint saved]
  [19/85] L1209 (R02878) ok=✓ legacy [hint saved]
  [20/85] L1211 (R02880) ok=✗
  [21/85] L1212 (R02881) ok=✓ legacy [primed] [hint saved]
  [22/85] L1210 (R02879) ok=✗
  [23/85] L1214 (R02883) ok=✗
  [24/85] L1213 (R02882) ok=✗
  [25/85] L1216 (R02885) ok=✓ legacy [primed] [hint saved]
  [26/85] L1215 (R02884) ok=✗
  [27/85] L1217 (R02886) ok=✗
  [28/85] L1218 (R02887) ok=✓ legacy [hint saved]
  [29/85] L1219 (R02888) ok=✓ legacy [hint saved]
  [30/85] L1220 (R02889) ok=✓ legacy [hint saved]
  [31/85] L1222 (R02891) ok=✓ legacy [hint saved]
  [32/85] L1221 (R02890) ok=✗
  [33/85] L1223 (R02892) ok=✓ legacy [primed] [hint saved]
  [34/85] L1225 (R02894) ok=✓ legacy [primed] [hint saved]
  [35/85] L1226 (R02895) ok=✓ legacy [primed] [hint saved]
  [36/85] L1224 (R02893) ok=✓ legacy [hint saved]
  [37/85] L1227 (R02896) ok=✗
  [38/85] L1229 (R02898) ok=✓ legacy [hint saved]
  [39/85] L1230 (R02899) ok=✗
  [40/85] L1228 (R02897) ok=✗
  [41/85] L1232 (R02901) ok=✓ legacy [primed] [hint saved]
  [42/85] L1233 (R02902) ok=✗
  [43/85] L1234 (R02903) ok=✗
  [44/85] L1231 (R02900) ok=✗
  [45/85] L1236 (R02905) ok=✓ legacy [primed] [hint saved]
  [46/85] L1235 (R02904) ok=✗
  [47/85] L1237 (R02906) ok=✗
  [48/85] L1238 (R02907) ok=✓ legacy [primed] [hint saved]
  [49/85] L1240 (R02909) ok=✓ legacy [primed] [hint saved]
  [50/85] L1239 (R02908) ok=✓ legacy [primed] [hint saved]
  [51/85] L1242 (R02911) ok=✗
  [52/85] L1241 (R02910) ok=✗
  [53/85] L1244 (R02913) ok=✓ legacy [primed] [hint saved]
  [54/85] L1245 (R02914) ok=✓ legacy [primed] [hint saved]
  [55/85] L1246 (R02915) ok=✗
  [56/85] L1243 (R02912) ok=✗
  [57/85] L1248 (R02917) ok=✓ legacy [primed] [hint saved]
  [58/85] L1247 (R02916) ok=✓ legacy [hint saved]
  [59/85] L1250 (R02919) ok=✗
  [60/85] L1249 (R02918) ok=✗
  [61/85] L1252 (R02921) ok=✓ legacy [hint saved]
  [62/85] L1253 (R02922) ok=✓ legacy [hint saved]
  [63/85] L1254 (R02923) ok=✗
  [64/85] L1251 (R02920) ok=✗
  [65/85] L1256 (R02925) ok=✓ legacy [primed] [hint saved]
  [66/85] L1255 (R02924) ok=✗
  [67/85] L1257 (R02926) ok=✗
  [68/85] L1258 (R02927) ok=✗
  [69/85] L1259 (R02928) ok=✗
  [70/85] L1260 (R02929) ok=✓ legacy [hint saved]
  [71/85] L1261 (R02930) ok=✓ legacy [hint saved]
  [72/85] L1262 (R02931) ok=✗
  [73/85] L1263 (R02932) ok=✗
  [74/85] L1264 (R02933) ok=✗
  [75/85] L1265 (R02934) ok=✗
  [76/85] L1266 (R02935) ok=✗
  [77/85] L1268 (R02937) ok=✓ legacy [primed] [hint saved]
  [78/85] L1267 (R02936) ok=✗
  [79/85] L1270 (R02939) ok=✓ legacy [primed] [hint saved]
  [80/85] L1271 (R02940) ok=✗
  [81/85] L1272 (R02941) ok=✓ legacy [primed] [hint saved]
  [82/85] L1269 (R02938) ok=✗
  [83/85] L1274 (R02943) ok=✓ legacy [hint saved]
  [84/85] L1273 (R02942) ok=✗
  [85/85] L1275 (R02944) ok=✗
Hints: appended to 40 level(s); 40 hint file(s) changed on disk.
Result: solved=40/85, solvedBeforeFallback=0, fallbackOnly=40, unsolved=45
Wrote logs/solver-corpus2-batches/batch-15.json
Wrote logs/solver-corpus2-batches/batch-15-summary.md
portfolio-solve-sweep: corpus=data/stress/stress-levels-random.json levels=85 (85 to solve) scheduler-mode=legacy budget=86400000ms node-budget=36000000 workers=2 save-hints=true
  winner-first: normal + seeded-repair winners (shares solve budget) | 40/85 levels will be primed
  [1/85] L1192 (R02861) ok=✓ legacy [primed] [hint saved]
  [2/85] L1191 (R02860) ok=✗
  [3/85] L1193 (R02862) ok=✓ legacy [primed] [hint saved]
  [4/85] L1194 (R02863) ok=✗
  [5/85] L1196 (R02865) ok=✓ legacy [primed] [hint saved]
  [6/85] L1195 (R02864) ok=✗
  [7/85] L1198 (R02867) ok=✓ legacy [primed] [hint saved]
  [8/85] L1197 (R02866) ok=✗
  [9/85] L1200 (R02869) ok=✓ legacy [primed] [hint saved]
  [10/85] L1199 (R02868) ok=✗
  [11/85] L1202 (R02871) ok=✓ legacy [primed] [hint saved]
  [12/85] L1203 (R02872) ok=✓ legacy [primed] [hint saved]
  [13/85] L1204 (R02873) ok=✓ legacy [primed] [hint saved]
  [14/85] L1205 (R02874) ok=✗
  [15/85] L1201 (R02870) ok=✗
  [16/85] L1207 (R02876) ok=✗
  [17/85] L1208 (R02877) ok=✓ legacy [primed] [hint saved]
  [18/85] L1209 (R02878) ok=✓ legacy [primed] [hint saved]
  [19/85] L1206 (R02875) ok=✓ legacy [primed] [hint saved]
  [20/85] L1210 (R02879) ok=✗
  [21/85] L1212 (R02881) ok=✓ legacy [primed] [hint saved]
  [22/85] L1211 (R02880) ok=✗
  [23/85] L1213 (R02882) ok=✗
  [24/85] L1214 (R02883) ok=✗
  [25/85] L1216 (R02885) ok=✓ legacy [primed] [hint saved]
  [26/85] L1215 (R02884) ok=✗
  [27/85] L1218 (R02887) ok=✓ legacy [primed] [hint saved]
  [28/85] L1217 (R02886) ok=✗
  [29/85] L1220 (R02889) ok=✓ legacy [primed] [hint saved]
  [30/85] L1219 (R02888) ok=✓ legacy [primed] [hint saved]
  [31/85] L1222 (R02891) ok=✓ legacy [primed] [hint saved]
  [32/85] L1223 (R02892) ok=✓ legacy [primed] [hint saved]
  [33/85] L1224 (R02893) ok=✓ legacy [primed] [hint saved]
  [34/85] L1225 (R02894) ok=✓ legacy [primed] [hint saved]
  [35/85] L1226 (R02895) ok=✓ legacy [primed] [hint saved]
  [36/85] L1227 (R02896) ok=✗
  [37/85] L1221 (R02890) ok=✗
  [38/85] L1229 (R02898) ok=✓ legacy [primed] [hint saved]
  [39/85] L1230 (R02899) ok=✗
  [40/85] L1228 (R02897) ok=✗
  [41/85] L1232 (R02901) ok=✓ legacy [primed] [hint saved]
  [42/85] L1233 (R02902) ok=✗
  [43/85] L1231 (R02900) ok=✗
  [44/85] L1234 (R02903) ok=✗
  [45/85] L1236 (R02905) ok=✓ legacy [primed] [hint saved]
  [46/85] L1237 (R02906) ok=✗
  [47/85] L1238 (R02907) ok=✓ legacy [primed] [hint saved]
  [48/85] L1239 (R02908) ok=✓ legacy [primed] [hint saved]
  [49/85] L1240 (R02909) ok=✓ legacy [primed] [hint saved]
  [50/85] L1235 (R02904) ok=✗
  [51/85] L1241 (R02910) ok=✗
  [52/85] L1242 (R02911) ok=✗
  [53/85] L1244 (R02913) ok=✓ legacy [primed] [hint saved]
  [54/85] L1245 (R02914) ok=✓ legacy [primed] [hint saved]
  [55/85] L1243 (R02912) ok=✗
  [56/85] L1247 (R02916) ok=✓ legacy [primed] [hint saved]
  [57/85] L1248 (R02917) ok=✓ legacy [primed] [hint saved]
  [58/85] L1246 (R02915) ok=✗
  [59/85] L1250 (R02919) ok=✗
  [60/85] L1249 (R02918) ok=✗
  [61/85] L1252 (R02921) ok=✓ legacy [primed] [hint saved]
  [62/85] L1253 (R02922) ok=✓ legacy [primed] [hint saved]
  [63/85] L1254 (R02923) ok=✗
  [64/85] L1251 (R02920) ok=✗
  [65/85] L1256 (R02925) ok=✓ legacy [primed] [hint saved]
  [66/85] L1257 (R02926) ok=✗
  [67/85] L1255 (R02924) ok=✗
  [68/85] L1258 (R02927) ok=✗
  [69/85] L1260 (R02929) ok=✓ legacy [primed] [hint saved]
  [70/85] L1261 (R02930) ok=✓ legacy [primed] [hint saved]
  [71/85] L1259 (R02928) ok=✗
  [72/85] L1262 (R02931) ok=✗
  [73/85] L1264 (R02933) ok=✓ legacy [hint saved]
  [74/85] L1263 (R02932) ok=✗
  [75/85] L1265 (R02934) ok=✗
  [76/85] L1266 (R02935) ok=✗
  [77/85] L1268 (R02937) ok=✓ legacy [primed] [hint saved]
  [78/85] L1267 (R02936) ok=✗
  [79/85] L1270 (R02939) ok=✓ legacy [primed] [hint saved]
  [80/85] L1271 (R02940) ok=✗
  [81/85] L1269 (R02938) ok=✗
  [82/85] L1272 (R02941) ok=✓ legacy [primed] [hint saved]
  [83/85] L1274 (R02943) ok=✓ legacy [primed] [hint saved]
  [84/85] L1275 (R02944) ok=✗
  [85/85] L1273 (R02942) ok=✗
Hints: appended to 41 level(s); 41 hint file(s) changed on disk.
Result: solved=41/85, solvedBeforeFallback=0, fallbackOnly=41, unsolved=44
Wrote logs/solver-corpus2-batches/batch-15.json
Wrote logs/solver-corpus2-batches/batch-15-summary.md
