portfolio-solve-sweep: corpus=data/stress/stress-levels-random.json levels=85 (85 to solve) scheduler-mode=legacy budget=8000ms node-budget=20000000 workers=2 save-hints=true
  [1/85] L172 (R01061) ok=✗
  [2/85] L173 (R01063) ok=✗
  [3/85] L171 (R01058) ok=✗
  [4/85] L174 (R01080) ok=✗
  [5/85] L176 (R01086) ok=✓ legacy [hint saved]
  [6/85] L175 (R01085) ok=✗
  [7/85] L177 (R01091) ok=✗
  [8/85] L178 (R01092) ok=✗
  [9/85] L180 (R01099) ok=✗
  [10/85] L179 (R01097) ok=✗
  [11/85] L182 (R01118) ok=✗
  [12/85] L181 (R01105) ok=✗
  [13/85] L184 (R01129) ok=✗
  [14/85] L183 (R01124) ok=✗
  [15/85] L186 (R01134) ok=✗
  [16/85] L185 (R01132) ok=✗
  [17/85] L187 (R01142) ok=✗
  [18/85] L188 (R01151) ok=✗
  [19/85] L189 (R01153) ok=✗
  [20/85] L191 (R01155) ok=✗
  [21/85] L190 (R01154) ok=✗
  [22/85] L192 (R01157) ok=✗
  [23/85] L194 (R01172) ok=✗
  [24/85] L193 (R01158) ok=✗
  [25/85] L196 (R01179) ok=✗
  [26/85] L197 (R01190) ok=✗
  [27/85] L195 (R01174) ok=✗
  [28/85] L198 (R01208) ok=✗
  [29/85] L199 (R01210) ok=✗
  [30/85] L200 (R01211) ok=✗
  [31/85] L202 (R01218) ok=✗
  [32/85] L201 (R01215) ok=✗
  [33/85] L204 (R01234) ok=✗
  [34/85] L203 (R01229) ok=✗
  [35/85] L205 (R01251) ok=✗
  [36/85] L207 (R01262) ok=✗
  [37/85] L206 (R01254) ok=✗
  [38/85] L208 (R01269) ok=✗
  [39/85] L209 (R01273) ok=✗
  [40/85] L210 (R01274) ok=✗
  [41/85] L211 (R01280) ok=✗
  [42/85] L212 (R01290) ok=✗
  [43/85] L214 (R01318) ok=✗
  [44/85] L213 (R01316) ok=✗
  [45/85] L215 (R01325) ok=✗
  [46/85] L216 (R01333) ok=✗
  [47/85] L218 (R01342) ok=✗
  [48/85] L219 (R01344) ok=✗
  [49/85] L217 (R01341) ok=✗
  [50/85] L220 (R01351) ok=✗
  [51/85] L222 (R01367) ok=✗
  [52/85] L221 (R01356) ok=✗
  [53/85] L223 (R01368) ok=✗
  [54/85] L224 (R01378) ok=✗
  [55/85] L225 (R01380) ok=✗
  [56/85] L226 (R01382) ok=✗
  [57/85] L227 (R01397) ok=✗
  [58/85] L229 (R01416) ok=✗
  [59/85] L230 (R01417) ok=✗
  [60/85] L228 (R01403) ok=✗
  [61/85] L231 (R01420) ok=✓ legacy [hint saved]
  [62/85] L233 (R01426) ok=✗
  [63/85] L234 (R01428) ok=✗
  [64/85] L232 (R01425) ok=✗
  [65/85] L236 (R01462) ok=✗
  [66/85] L237 (R01465) ok=✗
  [67/85] L235 (R01461) ok=✗
  [68/85] L239 (R01477) ok=✓ legacy [hint saved]
  [69/85] L240 (R01485) ok=✗
  [70/85] L238 (R01467) ok=✗
  [71/85] L242 (R01489) ok=✗
  [72/85] L241 (R01487) ok=✗
  [73/85] L243 (R01492) ok=✗
  [74/85] L245 (R01500) ok=✓ legacy [hint saved]
  [75/85] L246 (R01501) ok=✗
  [76/85] L244 (R01495) ok=✗
  [77/85] L247 (R01504) ok=✗
  [78/85] L249 (R01516) ok=✗
  [79/85] L248 (R01511) ok=✗
  [80/85] L250 (R01523) ok=✗
  [81/85] L252 (R01535) ok=✗
  [82/85] L251 (R01531) ok=✗
  [83/85] L253 (R01551) ok=✗
  [84/85] L254 (R01553) ok=✗
  [85/85] L255 (R01554) ok=✗
Hints: appended to 4 level(s); 4 hint file(s) changed on disk.
Result: solved=4/85, solvedBeforeFallback=0, fallbackOnly=4, unsolved=81
Wrote logs/solver-corpus2-batches/batch-03.json
Wrote logs/solver-corpus2-batches/batch-03-summary.md
portfolio-solve-sweep: corpus=data/stress/stress-levels-random.json levels=85 (85 to solve) scheduler-mode=legacy budget=8000ms node-budget=20000000 workers=2 enable-flags=STRATEGY_REPAIR_TURN_BIAS save-hints=true
  [1/85] L172 (R01061) ok=✗
  [2/85] L173 (R01063) ok=✗
  [3/85] L171 (R01058) ok=✗
  [4/85] L174 (R01080) ok=✗
  [5/85] L176 (R01086) ok=✓ legacy [hint saved]
  [6/85] L175 (R01085) ok=✗
  [7/85] L177 (R01091) ok=✗
  [8/85] L178 (R01092) ok=✗
  [9/85] L180 (R01099) ok=✗
  [10/85] L179 (R01097) ok=✗
  [11/85] L181 (R01105) ok=✗
  [12/85] L182 (R01118) ok=✗
  [13/85] L184 (R01129) ok=✗
  [14/85] L183 (R01124) ok=✗
  [15/85] L186 (R01134) ok=✗
  [16/85] L185 (R01132) ok=✗
  [17/85] L187 (R01142) ok=✗
  [18/85] L188 (R01151) ok=✗
  [19/85] L189 (R01153) ok=✗
  [20/85] L191 (R01155) ok=✗
  [21/85] L192 (R01157) ok=✗
  [22/85] L190 (R01154) ok=✗
  [23/85] L194 (R01172) ok=✗
  [24/85] L193 (R01158) ok=✗
  [25/85] L196 (R01179) ok=✗
  [26/85] L195 (R01174) ok=✗
  [27/85] L197 (R01190) ok=✗
  [28/85] L198 (R01208) ok=✗
  [29/85] L199 (R01210) ok=✗
  [30/85] L200 (R01211) ok=✗
  [31/85] L202 (R01218) ok=✗
  [32/85] L201 (R01215) ok=✗
  [33/85] L203 (R01229) ok=✗
  [34/85] L204 (R01234) ok=✗
  [35/85] L205 (R01251) ok=✗
  [36/85] L207 (R01262) ok=✗
  [37/85] L206 (R01254) ok=✗
  [38/85] L208 (R01269) ok=✗
  [39/85] L209 (R01273) ok=✗
  [40/85] L210 (R01274) ok=✗
  [41/85] L211 (R01280) ok=✗
  [42/85] L212 (R01290) ok=✗
  [43/85] L213 (R01316) ok=✗
  [44/85] L214 (R01318) ok=✗
  [45/85] L215 (R01325) ok=✗
  [46/85] L216 (R01333) ok=✗
  [47/85] L218 (R01342) ok=✗
  [48/85] L219 (R01344) ok=✗
  [49/85] L217 (R01341) ok=✗
  [50/85] L220 (R01351) ok=✗
  [51/85] L222 (R01367) ok=✗
  [52/85] L221 (R01356) ok=✗
  [53/85] L224 (R01378) ok=✗
  [54/85] L223 (R01368) ok=✗
  [55/85] L225 (R01380) ok=✗
  [56/85] L227 (R01397) ok=✗
  [57/85] L226 (R01382) ok=✗
  [58/85] L229 (R01416) ok=✗
  [59/85] L230 (R01417) ok=✗
  [60/85] L231 (R01420) ok=✗
  [61/85] L228 (R01403) ok=✗
  [62/85] L233 (R01426) ok=✗
  [63/85] L234 (R01428) ok=✗
  [64/85] L232 (R01425) ok=✗
  [65/85] L236 (R01462) ok=✗
  [66/85] L237 (R01465) ok=✗
  [67/85] L235 (R01461) ok=✗
  [68/85] L239 (R01477) ok=✓ legacy [hint saved]
  [69/85] L238 (R01467) ok=✗
  [70/85] L240 (R01485) ok=✗
  [71/85] L242 (R01489) ok=✗
  [72/85] L241 (R01487) ok=✗
  [73/85] L243 (R01492) ok=✗
  [74/85] L245 (R01500) ok=✓ legacy [hint saved]
  [75/85] L246 (R01501) ok=✗
  [76/85] L244 (R01495) ok=✗
  [77/85] L247 (R01504) ok=✗
  [78/85] L249 (R01516) ok=✗
  [79/85] L250 (R01523) ok=✗
  [80/85] L248 (R01511) ok=✗
  [81/85] L251 (R01531) ok=✗
  [82/85] L252 (R01535) ok=✗
  [83/85] L253 (R01551) ok=✗
  [84/85] L254 (R01553) ok=✗
  [85/85] L255 (R01554) ok=✗
Hints: appended to 3 level(s); 3 hint file(s) changed on disk.
Result: solved=3/85, solvedBeforeFallback=0, fallbackOnly=3, unsolved=82
Wrote logs/solver-corpus2-batches/batch-03.json
Wrote logs/solver-corpus2-batches/batch-03-summary.md
portfolio-solve-sweep: corpus=data/stress/stress-levels-random.json levels=85 (85 to solve) scheduler-mode=legacy budget=30000ms node-budget=60000000 workers=2 enable-flags=STRATEGY_REPAIR_TURN_BIAS save-hints=true
  [1/85] L172 (R01061) ok=✗
  [2/85] L173 (R01063) ok=✓ legacy [hint saved]
  [3/85] L171 (R01058) ok=✗
  [4/85] L174 (R01080) ok=✗
  [5/85] L176 (R01086) ok=✓ legacy [hint saved]
  [6/85] L175 (R01085) ok=✗
  [7/85] L177 (R01091) ok=✗
  [8/85] L178 (R01092) ok=✗
  [9/85] L180 (R01099) ok=✗
  [10/85] L179 (R01097) ok=✗
  [11/85] L182 (R01118) ok=✓ legacy [hint saved]
  [12/85] L183 (R01124) ok=✗
  [13/85] L184 (R01129) ok=✗
  [14/85] L181 (R01105) ok=✗
  [15/85] L186 (R01134) ok=✓ legacy [hint saved]
  [16/85] L185 (R01132) ok=✗
  [17/85] L187 (R01142) ok=✗
  [18/85] L188 (R01151) ok=✓ legacy [hint saved]
  [19/85] L189 (R01153) ok=✗
  [20/85] L190 (R01154) ok=✗
  [21/85] L191 (R01155) ok=✗
  [22/85] L192 (R01157) ok=✗
  [23/85] L194 (R01172) ok=✗
  [24/85] L193 (R01158) ok=✗
  [25/85] L196 (R01179) ok=✗
  [26/85] L197 (R01190) ok=✗
  [27/85] L195 (R01174) ok=✗
  [28/85] L199 (R01210) ok=✓ legacy [hint saved]
  [29/85] L200 (R01211) ok=✗
  [30/85] L198 (R01208) ok=✗
  [31/85] L202 (R01218) ok=✗
  [32/85] L201 (R01215) ok=✗
  [33/85] L203 (R01229) ok=✓ legacy [hint saved]
  [34/85] L204 (R01234) ok=✗
  [35/85] L205 (R01251) ok=✗
  [36/85] L207 (R01262) ok=✓ legacy [hint saved]
  [37/85] L206 (R01254) ok=✗
  [38/85] L208 (R01269) ok=✗
  [39/85] L210 (R01274) ok=✗
  [40/85] L209 (R01273) ok=✗
  [41/85] L211 (R01280) ok=✗
  [42/85] L212 (R01290) ok=✗
  [43/85] L214 (R01318) ok=✗
  [44/85] L215 (R01325) ok=✓ legacy [hint saved]
  [45/85] L213 (R01316) ok=✗
  [46/85] L216 (R01333) ok=✗
  [47/85] L218 (R01342) ok=✗
  [48/85] L217 (R01341) ok=✗
  [49/85] L219 (R01344) ok=✗
  [50/85] L220 (R01351) ok=✗
  [51/85] L222 (R01367) ok=✗
  [52/85] L221 (R01356) ok=✗
  [53/85] L223 (R01368) ok=✗
  [54/85] L224 (R01378) ok=✗
  [55/85] L225 (R01380) ok=✗
  [56/85] L226 (R01382) ok=✗
  [57/85] L227 (R01397) ok=✗
  [58/85] L229 (R01416) ok=✗
  [59/85] L228 (R01403) ok=✗
  [60/85] L230 (R01417) ok=✗
  [61/85] L231 (R01420) ok=✓ legacy [hint saved]
  [62/85] L233 (R01426) ok=✗
  [63/85] L234 (R01428) ok=✗
  [64/85] L232 (R01425) ok=✗
  [65/85] L236 (R01462) ok=✗
  [66/85] L235 (R01461) ok=✗
  [67/85] L237 (R01465) ok=✗
  [68/85] L239 (R01477) ok=✓ legacy [hint saved]
  [69/85] L238 (R01467) ok=✗
  [70/85] L240 (R01485) ok=✗
  [71/85] L242 (R01489) ok=✗
  [72/85] L241 (R01487) ok=✗
  [73/85] L243 (R01492) ok=✗
  [74/85] L245 (R01500) ok=✓ legacy [hint saved]
  [75/85] L244 (R01495) ok=✓ legacy [hint saved]
  [76/85] L247 (R01504) ok=✗
  [77/85] L246 (R01501) ok=✗
  [78/85] L249 (R01516) ok=✗
  [79/85] L248 (R01511) ok=✗
  [80/85] L251 (R01531) ok=✓ legacy [hint saved]
  [81/85] L250 (R01523) ok=✗
  [82/85] L252 (R01535) ok=✗
  [83/85] L253 (R01551) ok=✗
  [84/85] L254 (R01553) ok=✗
  [85/85] L255 (R01554) ok=✗
Hints: appended to 14 level(s); 14 hint file(s) changed on disk.
Result: solved=14/85, solvedBeforeFallback=0, fallbackOnly=14, unsolved=71
Wrote logs/solver-corpus2-batches/batch-03.json
Wrote logs/solver-corpus2-batches/batch-03-summary.md
portfolio-solve-sweep: corpus=data/stress/stress-levels-random.json levels=85 (85 to solve) scheduler-mode=legacy budget=60000ms node-budget=120000000 workers=2 enable-flags=STRATEGY_REPAIR_TURN_BIAS save-hints=true
  [1/85] L172 (R01061) ok=✗
  [2/85] L173 (R01063) ok=✓ legacy [hint saved]
  [3/85] L171 (R01058) ok=✗
  [4/85] L174 (R01080) ok=✗
  [5/85] L176 (R01086) ok=✓ legacy [hint saved]
  [6/85] L175 (R01085) ok=✗
  [7/85] L177 (R01091) ok=✗
  [8/85] L178 (R01092) ok=✗
  [9/85] L180 (R01099) ok=✗
  [10/85] L179 (R01097) ok=✗
  [11/85] L182 (R01118) ok=✓ legacy [hint saved]
  [12/85] L183 (R01124) ok=✗
  [13/85] L184 (R01129) ok=✗
  [14/85] L181 (R01105) ok=✗
  [15/85] L186 (R01134) ok=✓ legacy [hint saved]
  [16/85] L185 (R01132) ok=✗
  [17/85] L188 (R01151) ok=✓ legacy [hint saved]
  [18/85] L187 (R01142) ok=✗
  [19/85] L189 (R01153) ok=✗
  [20/85] L190 (R01154) ok=✗
  [21/85] L191 (R01155) ok=✗
  [22/85] L192 (R01157) ok=✗
  [23/85] L194 (R01172) ok=✗
  [24/85] L193 (R01158) ok=✗
  [25/85] L196 (R01179) ok=✗
  [26/85] L195 (R01174) ok=✗
  [27/85] L197 (R01190) ok=✗
  [28/85] L199 (R01210) ok=✓ legacy [hint saved]
  [29/85] L198 (R01208) ok=✗
  [30/85] L200 (R01211) ok=✗
  [31/85] L202 (R01218) ok=✗
  [32/85] L203 (R01229) ok=✓ legacy [hint saved]
  [33/85] L201 (R01215) ok=✗
  [34/85] L204 (R01234) ok=✗
  [35/85] L205 (R01251) ok=✗
  [36/85] L207 (R01262) ok=✓ legacy [hint saved]
  [37/85] L206 (R01254) ok=✗
  [38/85] L208 (R01269) ok=✗
  [39/85] L210 (R01274) ok=✗
  [40/85] L209 (R01273) ok=✗
  [41/85] L211 (R01280) ok=✗
  [42/85] L212 (R01290) ok=✗
  [43/85] L214 (R01318) ok=✗
  [44/85] L215 (R01325) ok=✓ legacy [hint saved]
  [45/85] L216 (R01333) ok=✗
  [46/85] L213 (R01316) ok=✗
  [47/85] L218 (R01342) ok=✗
  [48/85] L219 (R01344) ok=✗
  [49/85] L217 (R01341) ok=✗
  [50/85] L220 (R01351) ok=✗
  [51/85] L222 (R01367) ok=✗
  [52/85] L221 (R01356) ok=✗
  [53/85] L224 (R01378) ok=✗
  [54/85] L223 (R01368) ok=✗
  [55/85] L225 (R01380) ok=✗
  [56/85] L226 (R01382) ok=✗
  [57/85] L227 (R01397) ok=✗
  [58/85] L229 (R01416) ok=✗
  [59/85] L230 (R01417) ok=✗
  [60/85] L228 (R01403) ok=✗
  [61/85] L231 (R01420) ok=✓ legacy [hint saved]
  [62/85] L233 (R01426) ok=✗
  [63/85] L234 (R01428) ok=✗
  [64/85] L232 (R01425) ok=✗
  [65/85] L236 (R01462) ok=✗
  [66/85] L235 (R01461) ok=✗
  [67/85] L237 (R01465) ok=✗
  [68/85] L239 (R01477) ok=✓ legacy [hint saved]
  [69/85] L240 (R01485) ok=✗
  [70/85] L238 (R01467) ok=✗
  [71/85] L242 (R01489) ok=✗
  [72/85] L243 (R01492) ok=✗
  [73/85] L241 (R01487) ok=✗
  [74/85] L245 (R01500) ok=✓ legacy [hint saved]
  [75/85] L244 (R01495) ok=✓ legacy [hint saved]
  [76/85] L247 (R01504) ok=✗
  [77/85] L246 (R01501) ok=✗
  [78/85] L249 (R01516) ok=✗
  [79/85] L250 (R01523) ok=✗
  [80/85] L248 (R01511) ok=✗
  [81/85] L251 (R01531) ok=✓ legacy [hint saved]
  [82/85] L252 (R01535) ok=✗
  [83/85] L253 (R01551) ok=✗
  [84/85] L254 (R01553) ok=✗
  [85/85] L255 (R01554) ok=✗
Hints: appended to 14 level(s); 14 hint file(s) changed on disk.
Result: solved=14/85, solvedBeforeFallback=0, fallbackOnly=14, unsolved=71
Wrote logs/solver-corpus2-batches/batch-03.json
Wrote logs/solver-corpus2-batches/batch-03-summary.md
portfolio-solve-sweep: corpus=data/stress/stress-levels-random.json levels=85 (85 to solve) scheduler-mode=legacy budget=8000ms node-budget=20000000 workers=2 save-hints=true
  adaptive budgets: mult=3x floor=2,000,000 unsolved=20,000,000 | 14 known-solved scaled (min 2,000,000 / med 20,000,000 / max 219,156,180 nodes)
  winner-first: normal + seeded-repair winners (shares solve budget) | 10/85 levels will be primed
  [1/85] L172 (R01061) ok=✗
  [2/85] L173 (R01063) ok=✓ legacy [primed] [hint saved]
  [3/85] L171 (R01058) ok=✗
  [4/85] L174 (R01080) ok=✗
  [5/85] L176 (R01086) ok=✓ legacy [hint saved]
  [6/85] L175 (R01085) ok=✗
  [7/85] L177 (R01091) ok=✗
  [8/85] L178 (R01092) ok=✗
  [9/85] L180 (R01099) ok=✗
  [10/85] L179 (R01097) ok=✗
  [11/85] L182 (R01118) ok=✓ legacy [primed] [hint saved]
  [12/85] L183 (R01124) ok=✗
  [13/85] L181 (R01105) ok=✗
  [14/85] L184 (R01129) ok=✗
  [15/85] L186 (R01134) ok=✓ legacy [primed] [hint saved]
  [16/85] L185 (R01132) ok=✗
  [17/85] L188 (R01151) ok=✓ legacy [primed] [hint saved]
  [18/85] L187 (R01142) ok=✗
  [19/85] L189 (R01153) ok=✗
  [20/85] L190 (R01154) ok=✗
  [21/85] L191 (R01155) ok=✗
  [22/85] L192 (R01157) ok=✗
  [23/85] L194 (R01172) ok=✗
  [24/85] L193 (R01158) ok=✗
  [25/85] L196 (R01179) ok=✗
  [26/85] L197 (R01190) ok=✗
  [27/85] L195 (R01174) ok=✗
  [28/85] L199 (R01210) ok=✓ legacy [primed] [hint saved]
  [29/85] L200 (R01211) ok=✗
  [30/85] L198 (R01208) ok=✗
  [31/85] L202 (R01218) ok=✗
  [32/85] L203 (R01229) ok=✓ legacy [primed] [hint saved]
  [33/85] L201 (R01215) ok=✗
  [34/85] L204 (R01234) ok=✗
  [35/85] L205 (R01251) ok=✗
  [36/85] L207 (R01262) ok=✓ legacy [primed] [hint saved]
  [37/85] L208 (R01269) ok=✗
  [38/85] L206 (R01254) ok=✗
  [39/85] L210 (R01274) ok=✗
  [40/85] L209 (R01273) ok=✗
  [41/85] L211 (R01280) ok=✗
  [42/85] L212 (R01290) ok=✗
  [43/85] L214 (R01318) ok=✗
  [44/85] L215 (R01325) ok=✓ legacy [primed] [hint saved]
  [45/85] L213 (R01316) ok=✗
  [46/85] L216 (R01333) ok=✗
  [47/85] L218 (R01342) ok=✗
  [48/85] L219 (R01344) ok=✗
  [49/85] L217 (R01341) ok=✗
  [50/85] L220 (R01351) ok=✗
  [51/85] L222 (R01367) ok=✗
  [52/85] L221 (R01356) ok=✗
  [53/85] L224 (R01378) ok=✗
  [54/85] L223 (R01368) ok=✗
  [55/85] L225 (R01380) ok=✗
  [56/85] L227 (R01397) ok=✗
  [57/85] L226 (R01382) ok=✗
  [58/85] L229 (R01416) ok=✗
  [59/85] L230 (R01417) ok=✗
  [60/85] L228 (R01403) ok=✗
  [61/85] L231 (R01420) ok=✓ legacy [hint saved]
  [62/85] L233 (R01426) ok=✗
  [63/85] L232 (R01425) ok=✗
  [64/85] L234 (R01428) ok=✗
  [65/85] L236 (R01462) ok=✗
  [66/85] L235 (R01461) ok=✗
  [67/85] L237 (R01465) ok=✗
  [68/85] L239 (R01477) ok=✓ legacy [hint saved]
  [69/85] L240 (R01485) ok=✗
  [70/85] L238 (R01467) ok=✗
  [71/85] L242 (R01489) ok=✗
  [72/85] L241 (R01487) ok=✗
  [73/85] L243 (R01492) ok=✗
  [74/85] L244 (R01495) ok=✓ legacy [primed] [hint saved]
  [75/85] L245 (R01500) ok=✓ legacy [hint saved]
  [76/85] L247 (R01504) ok=✗
  [77/85] L246 (R01501) ok=✗
  [78/85] L248 (R01511) ok=✗
  [79/85] L249 (R01516) ok=✗
  [80/85] L251 (R01531) ok=✓ legacy [primed] [hint saved]
  [81/85] L250 (R01523) ok=✗
  [82/85] L252 (R01535) ok=✗
  [83/85] L253 (R01551) ok=✗
  [84/85] L254 (R01553) ok=✗
  [85/85] L255 (R01554) ok=✗
Hints: appended to 14 level(s); 14 hint file(s) changed on disk.
Result: solved=14/85, solvedBeforeFallback=0, fallbackOnly=14, unsolved=71
Wrote logs/solver-corpus2-batches/batch-03.json
Wrote logs/solver-corpus2-batches/batch-03-summary.md
portfolio-solve-sweep: corpus=data/stress/stress-levels-random.json levels=85 (85 to solve) scheduler-mode=legacy budget=8000ms node-budget=20000000 workers=2 save-hints=true
  winner-first: normal + seeded-repair winners (shares solve budget) | 13/85 levels will be primed
  [1/85] L172 (R01061) ok=✗
  [2/85] L173 (R01063) ok=✓ legacy [primed] [hint saved]
  [3/85] L174 (R01080) ok=✗
  [4/85] L171 (R01058) ok=✗
  [5/85] L176 (R01086) ok=✓ legacy [primed] [hint saved]
  [6/85] L175 (R01085) ok=✗
  [7/85] L177 (R01091) ok=✗
  [8/85] L178 (R01092) ok=✗
  [9/85] L180 (R01099) ok=✗
  [10/85] L179 (R01097) ok=✗
  [11/85] L182 (R01118) ok=✓ legacy [primed] [hint saved]
  [12/85] L181 (R01105) ok=✗
  [13/85] L183 (R01124) ok=✗
  [14/85] L184 (R01129) ok=✗
  [15/85] L186 (R01134) ok=✓ legacy [primed] [hint saved]
  [16/85] L187 (R01142) ok=✗
  [17/85] L185 (R01132) ok=✗
  [18/85] L188 (R01151) ok=✓ legacy [primed] [hint saved]
  [19/85] L190 (R01154) ok=✗
  [20/85] L189 (R01153) ok=✗
  [21/85] L191 (R01155) ok=✗
  [22/85] L192 (R01157) ok=✗
  [23/85] L194 (R01172) ok=✗
  [24/85] L193 (R01158) ok=✗
  [25/85] L196 (R01179) ok=✗
  [26/85] L197 (R01190) ok=✗
  [27/85] L195 (R01174) ok=✗
  [28/85] L199 (R01210) ok=✓ legacy [primed] [hint saved]
  [29/85] L200 (R01211) ok=✗
  [30/85] L198 (R01208) ok=✗
  [31/85] L201 (R01215) ok=✗
  [32/85] L203 (R01229) ok=✓ legacy [primed] [hint saved]
  [33/85] L202 (R01218) ok=✗
  [34/85] L204 (R01234) ok=✗
  [35/85] L205 (R01251) ok=✗
  [36/85] L207 (R01262) ok=✓ legacy [primed] [hint saved]
  [37/85] L208 (R01269) ok=✗
  [38/85] L206 (R01254) ok=✗
  [39/85] L210 (R01274) ok=✗
  [40/85] L209 (R01273) ok=✗
  [41/85] L211 (R01280) ok=✗
  [42/85] L212 (R01290) ok=✗
  [43/85] L214 (R01318) ok=✗
  [44/85] L215 (R01325) ok=✓ legacy [primed] [hint saved]
  [45/85] L216 (R01333) ok=✗
  [46/85] L213 (R01316) ok=✗
  [47/85] L218 (R01342) ok=✗
  [48/85] L219 (R01344) ok=✗
  [49/85] L217 (R01341) ok=✗
  [50/85] L220 (R01351) ok=✗
  [51/85] L222 (R01367) ok=✗
  [52/85] L221 (R01356) ok=✗
  [53/85] L224 (R01378) ok=✗
  [54/85] L223 (R01368) ok=✗
  [55/85] L225 (R01380) ok=✗
  [56/85] L226 (R01382) ok=✗
  [57/85] L227 (R01397) ok=✗
  [58/85] L229 (R01416) ok=✗
  [59/85] L230 (R01417) ok=✗
  [60/85] L231 (R01420) ok=✗
  [61/85] L228 (R01403) ok=✗
  [62/85] L233 (R01426) ok=✗
  [63/85] L234 (R01428) ok=✗
  [64/85] L232 (R01425) ok=✗
  [65/85] L236 (R01462) ok=✗
  [66/85] L237 (R01465) ok=✗
  [67/85] L235 (R01461) ok=✗
  [68/85] L239 (R01477) ok=✓ legacy [primed] [hint saved]
  [69/85] L240 (R01485) ok=✗
  [70/85] L238 (R01467) ok=✗
  [71/85] L241 (R01487) ok=✗
  [72/85] L242 (R01489) ok=✗
  [73/85] L244 (R01495) ok=✓ legacy [primed] [hint saved]
  [74/85] L245 (R01500) ok=✓ legacy [primed] [hint saved]
  [75/85] L243 (R01492) ok=✗
  [76/85] L247 (R01504) ok=✗
  [77/85] L246 (R01501) ok=✗
  [78/85] L249 (R01516) ok=✗
  [79/85] L248 (R01511) ok=✗
  [80/85] L251 (R01531) ok=✓ legacy [primed] [hint saved]
  [81/85] L250 (R01523) ok=✗
  [82/85] L252 (R01535) ok=✗
  [83/85] L253 (R01551) ok=✗
  [84/85] L254 (R01553) ok=✗
  [85/85] L255 (R01554) ok=✗
Hints: appended to 13 level(s); 13 hint file(s) changed on disk.
Result: solved=13/85, solvedBeforeFallback=0, fallbackOnly=13, unsolved=72
Wrote logs/solver-corpus2-batches/batch-03.json
Wrote logs/solver-corpus2-batches/batch-03-summary.md
portfolio-solve-sweep: corpus=data/stress/stress-levels-random.json levels=85 (85 to solve) scheduler-mode=legacy budget=8000ms node-budget=20000000 workers=2 enable-flags=STRATEGY_REPAIR_TURN_BIAS save-hints=true
  winner-first: normal + seeded-repair winners (shares solve budget) | 13/85 levels will be primed
  [1/85] L172 (R01061) ok=✗
  [2/85] L173 (R01063) ok=✓ legacy [primed] [hint saved]
  [3/85] L174 (R01080) ok=✗
  [4/85] L171 (R01058) ok=✗
  [5/85] L176 (R01086) ok=✓ legacy [primed] [hint saved]
  [6/85] L175 (R01085) ok=✗
  [7/85] L177 (R01091) ok=✗
  [8/85] L178 (R01092) ok=✗
  [9/85] L179 (R01097) ok=✗
  [10/85] L180 (R01099) ok=✗
  [11/85] L182 (R01118) ok=✓ legacy [primed] [hint saved]
  [12/85] L183 (R01124) ok=✗
  [13/85] L184 (R01129) ok=✗
  [14/85] L181 (R01105) ok=✗
  [15/85] L186 (R01134) ok=✓ legacy [primed] [hint saved]
  [16/85] L185 (R01132) ok=✗
  [17/85] L187 (R01142) ok=✗
  [18/85] L188 (R01151) ok=✓ legacy [primed] [hint saved]
  [19/85] L190 (R01154) ok=✗
  [20/85] L189 (R01153) ok=✗
  [21/85] L191 (R01155) ok=✗
  [22/85] L192 (R01157) ok=✗
  [23/85] L194 (R01172) ok=✗
  [24/85] L193 (R01158) ok=✗
  [25/85] L195 (R01174) ok=✗
  [26/85] L196 (R01179) ok=✗
  [27/85] L197 (R01190) ok=✗
  [28/85] L199 (R01210) ok=✓ legacy [primed] [hint saved]
  [29/85] L198 (R01208) ok=✗
  [30/85] L200 (R01211) ok=✗
  [31/85] L202 (R01218) ok=✗
  [32/85] L203 (R01229) ok=✓ legacy [primed] [hint saved]
  [33/85] L201 (R01215) ok=✗
  [34/85] L204 (R01234) ok=✗
  [35/85] L205 (R01251) ok=✗
  [36/85] L207 (R01262) ok=✓ legacy [primed] [hint saved]
  [37/85] L206 (R01254) ok=✗
  [38/85] L208 (R01269) ok=✗
  [39/85] L209 (R01273) ok=✗
  [40/85] L210 (R01274) ok=✗
  [41/85] L211 (R01280) ok=✗
  [42/85] L212 (R01290) ok=✗
  [43/85] L214 (R01318) ok=✗
  [44/85] L215 (R01325) ok=✓ legacy [primed] [hint saved]
  [45/85] L213 (R01316) ok=✗
  [46/85] L216 (R01333) ok=✗
  [47/85] L218 (R01342) ok=✗
  [48/85] L219 (R01344) ok=✗
  [49/85] L217 (R01341) ok=✗
  [50/85] L220 (R01351) ok=✗
  [51/85] L222 (R01367) ok=✗
  [52/85] L221 (R01356) ok=✗
  [53/85] L224 (R01378) ok=✗
  [54/85] L223 (R01368) ok=✗
  [55/85] L225 (R01380) ok=✗
  [56/85] L226 (R01382) ok=✗
  [57/85] L227 (R01397) ok=✗
  [58/85] L229 (R01416) ok=✗
  [59/85] L230 (R01417) ok=✗
  [60/85] L231 (R01420) ok=✗
  [61/85] L228 (R01403) ok=✗
  [62/85] L233 (R01426) ok=✗
  [63/85] L234 (R01428) ok=✗
  [64/85] L232 (R01425) ok=✗
  [65/85] L236 (R01462) ok=✗
  [66/85] L237 (R01465) ok=✗
  [67/85] L235 (R01461) ok=✗
  [68/85] L239 (R01477) ok=✓ legacy [primed] [hint saved]
  [69/85] L240 (R01485) ok=✗
  [70/85] L238 (R01467) ok=✗
  [71/85] L242 (R01489) ok=✗
  [72/85] L241 (R01487) ok=✗
  [73/85] L244 (R01495) ok=✓ legacy [primed] [hint saved]
  [74/85] L245 (R01500) ok=✓ legacy [primed] [hint saved]
  [75/85] L243 (R01492) ok=✗
  [76/85] L247 (R01504) ok=✗
  [77/85] L246 (R01501) ok=✗
  [78/85] L249 (R01516) ok=✗
  [79/85] L250 (R01523) ok=✗
  [80/85] L251 (R01531) ok=✓ legacy [primed] [hint saved]
  [81/85] L248 (R01511) ok=✗
  [82/85] L252 (R01535) ok=✗
  [83/85] L253 (R01551) ok=✗
  [84/85] L254 (R01553) ok=✗
  [85/85] L255 (R01554) ok=✗
Hints: appended to 13 level(s); 13 hint file(s) changed on disk.
Result: solved=13/85, solvedBeforeFallback=0, fallbackOnly=13, unsolved=72
Wrote logs/solver-corpus2-batches/batch-03.json
Wrote logs/solver-corpus2-batches/batch-03-summary.md
portfolio-solve-sweep: corpus=data/stress/stress-levels-random.json levels=85 (85 to solve) scheduler-mode=legacy budget=8000ms node-budget=20000000 workers=2 enable-flags=STRATEGY_REPAIR_TURN_BIAS save-hints=true
  winner-first: normal + seeded-repair winners (shares solve budget) | 13/85 levels will be primed
  [1/85] L172 (R01061) ok=✗
  [2/85] L173 (R01063) ok=✓ legacy [primed] [hint saved]
  [3/85] L174 (R01080) ok=✗
  [4/85] L171 (R01058) ok=✗
  [5/85] L176 (R01086) ok=✓ legacy [primed] [hint saved]
  [6/85] L175 (R01085) ok=✗
  [7/85] L177 (R01091) ok=✗
  [8/85] L178 (R01092) ok=✗
  [9/85] L179 (R01097) ok=✗
  [10/85] L180 (R01099) ok=✗
  [11/85] L182 (R01118) ok=✓ legacy [primed] [hint saved]
  [12/85] L183 (R01124) ok=✗
  [13/85] L184 (R01129) ok=✗
  [14/85] L181 (R01105) ok=✗
  [15/85] L186 (R01134) ok=✓ legacy [primed] [hint saved]
  [16/85] L185 (R01132) ok=✗
  [17/85] L188 (R01151) ok=✓ legacy [primed] [hint saved]
  [18/85] L187 (R01142) ok=✗
  [19/85] L189 (R01153) ok=✗
  [20/85] L190 (R01154) ok=✗
  [21/85] L191 (R01155) ok=✗
  [22/85] L192 (R01157) ok=✗
  [23/85] L194 (R01172) ok=✗
  [24/85] L193 (R01158) ok=✗
  [25/85] L195 (R01174) ok=✗
  [26/85] L196 (R01179) ok=✗
  [27/85] L197 (R01190) ok=✗
  [28/85] L199 (R01210) ok=✓ legacy [primed] [hint saved]
  [29/85] L198 (R01208) ok=✗
  [30/85] L200 (R01211) ok=✗
  [31/85] L202 (R01218) ok=✗
  [32/85] L203 (R01229) ok=✓ legacy [primed] [hint saved]
  [33/85] L201 (R01215) ok=✗
  [34/85] L204 (R01234) ok=✗
  [35/85] L205 (R01251) ok=✗
  [36/85] L207 (R01262) ok=✓ legacy [primed] [hint saved]
  [37/85] L206 (R01254) ok=✗
  [38/85] L208 (R01269) ok=✗
  [39/85] L209 (R01273) ok=✗
  [40/85] L210 (R01274) ok=✗
  [41/85] L211 (R01280) ok=✗
  [42/85] L212 (R01290) ok=✗
  [43/85] L214 (R01318) ok=✗
  [44/85] L215 (R01325) ok=✓ legacy [primed] [hint saved]
  [45/85] L216 (R01333) ok=✗
  [46/85] L213 (R01316) ok=✗
  [47/85] L218 (R01342) ok=✗
  [48/85] L219 (R01344) ok=✗
  [49/85] L217 (R01341) ok=✗
  [50/85] L220 (R01351) ok=✗
  [51/85] L222 (R01367) ok=✗
  [52/85] L221 (R01356) ok=✗
  [53/85] L224 (R01378) ok=✗
  [54/85] L223 (R01368) ok=✗
  [55/85] L225 (R01380) ok=✗
  [56/85] L226 (R01382) ok=✗
  [57/85] L227 (R01397) ok=✗
  [58/85] L229 (R01416) ok=✗
  [59/85] L228 (R01403) ok=✗
  [60/85] L230 (R01417) ok=✗
  [61/85] L231 (R01420) ok=✗
  [62/85] L233 (R01426) ok=✗
  [63/85] L234 (R01428) ok=✗
  [64/85] L232 (R01425) ok=✗
  [65/85] L236 (R01462) ok=✗
  [66/85] L235 (R01461) ok=✗
  [67/85] L237 (R01465) ok=✗
  [68/85] L239 (R01477) ok=✓ legacy [primed] [hint saved]
  [69/85] L240 (R01485) ok=✗
  [70/85] L238 (R01467) ok=✗
  [71/85] L242 (R01489) ok=✗
  [72/85] L241 (R01487) ok=✗
  [73/85] L244 (R01495) ok=✓ legacy [primed] [hint saved]
  [74/85] L243 (R01492) ok=✗
  [75/85] L245 (R01500) ok=✓ legacy [primed] [hint saved]
  [76/85] L247 (R01504) ok=✗
  [77/85] L246 (R01501) ok=✗
  [78/85] L249 (R01516) ok=✗
  [79/85] L250 (R01523) ok=✗
  [80/85] L251 (R01531) ok=✓ legacy [primed] [hint saved]
  [81/85] L248 (R01511) ok=✗
  [82/85] L252 (R01535) ok=✗
  [83/85] L253 (R01551) ok=✗
  [84/85] L254 (R01553) ok=✗
  [85/85] L255 (R01554) ok=✗
Hints: appended to 13 level(s); 13 hint file(s) changed on disk.
Result: solved=13/85, solvedBeforeFallback=0, fallbackOnly=13, unsolved=72
Wrote logs/solver-corpus2-batches/batch-03.json
Wrote logs/solver-corpus2-batches/batch-03-summary.md
portfolio-solve-sweep: corpus=data/stress/stress-levels-random.json levels=85 (85 to solve) scheduler-mode=legacy budget=8000ms node-budget=20000000 workers=2 enable-flags=STRATEGY_REPAIR_TURN_BIAS save-hints=true
  winner-first: normal + seeded-repair winners (shares solve budget) | 13/85 levels will be primed
  [1/85] L172 (R01061) ok=✗
  [2/85] L173 (R01063) ok=✓ legacy [primed] [hint saved]
  [3/85] L174 (R01080) ok=✗
  [4/85] L171 (R01058) ok=✗
  [5/85] L176 (R01086) ok=✓ legacy [primed] [hint saved]
  [6/85] L175 (R01085) ok=✗
  [7/85] L177 (R01091) ok=✗
  [8/85] L178 (R01092) ok=✗
  [9/85] L180 (R01099) ok=✗
  [10/85] L179 (R01097) ok=✗
  [11/85] L182 (R01118) ok=✓ legacy [primed] [hint saved]
  [12/85] L183 (R01124) ok=✗
  [13/85] L184 (R01129) ok=✗
  [14/85] L181 (R01105) ok=✗
  [15/85] L186 (R01134) ok=✓ legacy [primed] [hint saved]
  [16/85] L187 (R01142) ok=✗
  [17/85] L188 (R01151) ok=✓ legacy [primed] [hint saved]
  [18/85] L185 (R01132) ok=✗
  [19/85] L189 (R01153) ok=✗
  [20/85] L190 (R01154) ok=✗
  [21/85] L191 (R01155) ok=✗
  [22/85] L192 (R01157) ok=✗
  [23/85] L194 (R01172) ok=✗
  [24/85] L193 (R01158) ok=✗
  [25/85] L196 (R01179) ok=✗
  [26/85] L195 (R01174) ok=✗
  [27/85] L197 (R01190) ok=✗
  [28/85] L199 (R01210) ok=✓ legacy [primed] [hint saved]
  [29/85] L198 (R01208) ok=✗
  [30/85] L200 (R01211) ok=✗
  [31/85] L202 (R01218) ok=✗
  [32/85] L203 (R01229) ok=✓ legacy [primed] [hint saved]
  [33/85] L201 (R01215) ok=✗
  [34/85] L204 (R01234) ok=✗
  [35/85] L205 (R01251) ok=✗
  [36/85] L207 (R01262) ok=✓ legacy [primed] [hint saved]
  [37/85] L206 (R01254) ok=✗
  [38/85] L208 (R01269) ok=✗
  [39/85] L209 (R01273) ok=✗
  [40/85] L210 (R01274) ok=✗
  [41/85] L211 (R01280) ok=✗
  [42/85] L212 (R01290) ok=✗
  [43/85] L214 (R01318) ok=✗
  [44/85] L215 (R01325) ok=✓ legacy [primed] [hint saved]
  [45/85] L216 (R01333) ok=✗
  [46/85] L213 (R01316) ok=✗
  [47/85] L218 (R01342) ok=✗
  [48/85] L219 (R01344) ok=✗
  [49/85] L217 (R01341) ok=✗
  [50/85] L220 (R01351) ok=✗
  [51/85] L222 (R01367) ok=✗
  [52/85] L221 (R01356) ok=✗
  [53/85] L224 (R01378) ok=✗
  [54/85] L223 (R01368) ok=✗
  [55/85] L225 (R01380) ok=✗
  [56/85] L226 (R01382) ok=✗
  [57/85] L227 (R01397) ok=✗
  [58/85] L229 (R01416) ok=✗
  [59/85] L230 (R01417) ok=✗
  [60/85] L231 (R01420) ok=✗
  [61/85] L228 (R01403) ok=✗
  [62/85] L233 (R01426) ok=✗
  [63/85] L232 (R01425) ok=✗
  [64/85] L234 (R01428) ok=✗
  [65/85] L236 (R01462) ok=✗
  [66/85] L237 (R01465) ok=✗
  [67/85] L235 (R01461) ok=✗
  [68/85] L239 (R01477) ok=✓ legacy [primed] [hint saved]
  [69/85] L240 (R01485) ok=✗
  [70/85] L238 (R01467) ok=✗
  [71/85] L242 (R01489) ok=✗
  [72/85] L241 (R01487) ok=✗
  [73/85] L244 (R01495) ok=✓ legacy [primed] [hint saved]
  [74/85] L243 (R01492) ok=✗
  [75/85] L245 (R01500) ok=✓ legacy [primed] [hint saved]
  [76/85] L247 (R01504) ok=✗
  [77/85] L246 (R01501) ok=✗
  [78/85] L249 (R01516) ok=✗
  [79/85] L250 (R01523) ok=✗
  [80/85] L251 (R01531) ok=✓ legacy [primed] [hint saved]
  [81/85] L248 (R01511) ok=✗
  [82/85] L252 (R01535) ok=✗
  [83/85] L253 (R01551) ok=✗
  [84/85] L254 (R01553) ok=✗
  [85/85] L255 (R01554) ok=✗
Hints: appended to 13 level(s); 13 hint file(s) changed on disk.
Result: solved=13/85, solvedBeforeFallback=0, fallbackOnly=13, unsolved=72
Wrote logs/solver-corpus2-batches/batch-03.json
Wrote logs/solver-corpus2-batches/batch-03-summary.md
portfolio-solve-sweep: corpus=data/stress/stress-levels-random.json levels=85 (85 to solve) scheduler-mode=legacy budget=8000ms node-budget=20000000 workers=2 enable-flags=STRATEGY_REPAIR_TURN_BIAS save-hints=true
  winner-first: normal + seeded-repair winners (shares solve budget) | 13/85 levels will be primed
  [1/85] L172 (R01061) ok=✗
  [2/85] L173 (R01063) ok=✓ legacy [primed] [hint saved]
  [3/85] L174 (R01080) ok=✗
  [4/85] L171 (R01058) ok=✗
  [5/85] L176 (R01086) ok=✓ legacy [primed] [hint saved]
  [6/85] L175 (R01085) ok=✗
  [7/85] L177 (R01091) ok=✗
  [8/85] L178 (R01092) ok=✗
  [9/85] L180 (R01099) ok=✗
  [10/85] L179 (R01097) ok=✗
  [11/85] L182 (R01118) ok=✓ legacy [primed] [hint saved]
  [12/85] L183 (R01124) ok=✗
  [13/85] L184 (R01129) ok=✗
  [14/85] L181 (R01105) ok=✗
  [15/85] L186 (R01134) ok=✓ legacy [primed] [hint saved]
  [16/85] L185 (R01132) ok=✗
  [17/85] L188 (R01151) ok=✓ legacy [primed] [hint saved]
  [18/85] L187 (R01142) ok=✗
  [19/85] L189 (R01153) ok=✗
  [20/85] L190 (R01154) ok=✗
  [21/85] L191 (R01155) ok=✗
  [22/85] L192 (R01157) ok=✗
  [23/85] L194 (R01172) ok=✗
  [24/85] L193 (R01158) ok=✗
  [25/85] L195 (R01174) ok=✗
  [26/85] L196 (R01179) ok=✗
  [27/85] L197 (R01190) ok=✗
  [28/85] L199 (R01210) ok=✓ legacy [primed] [hint saved]
  [29/85] L198 (R01208) ok=✗
  [30/85] L200 (R01211) ok=✗
  [31/85] L202 (R01218) ok=✗
  [32/85] L203 (R01229) ok=✓ legacy [primed] [hint saved]
  [33/85] L201 (R01215) ok=✗
  [34/85] L204 (R01234) ok=✗
  [35/85] L205 (R01251) ok=✗
  [36/85] L207 (R01262) ok=✓ legacy [primed] [hint saved]
  [37/85] L206 (R01254) ok=✗
  [38/85] L208 (R01269) ok=✗
  [39/85] L209 (R01273) ok=✗
  [40/85] L210 (R01274) ok=✗
  [41/85] L211 (R01280) ok=✗
  [42/85] L212 (R01290) ok=✗
  [43/85] L214 (R01318) ok=✗
  [44/85] L215 (R01325) ok=✓ legacy [primed] [hint saved]
  [45/85] L216 (R01333) ok=✗
  [46/85] L213 (R01316) ok=✗
  [47/85] L218 (R01342) ok=✗
  [48/85] L219 (R01344) ok=✗
  [49/85] L217 (R01341) ok=✗
  [50/85] L220 (R01351) ok=✗
  [51/85] L222 (R01367) ok=✗
  [52/85] L221 (R01356) ok=✗
  [53/85] L224 (R01378) ok=✗
  [54/85] L223 (R01368) ok=✗
  [55/85] L225 (R01380) ok=✗
  [56/85] L226 (R01382) ok=✗
  [57/85] L227 (R01397) ok=✗
  [58/85] L229 (R01416) ok=✗
  [59/85] L230 (R01417) ok=✗
  [60/85] L231 (R01420) ok=✗
  [61/85] L228 (R01403) ok=✗
  [62/85] L233 (R01426) ok=✗
  [63/85] L234 (R01428) ok=✗
  [64/85] L232 (R01425) ok=✗
  [65/85] L236 (R01462) ok=✗
  [66/85] L237 (R01465) ok=✗
  [67/85] L235 (R01461) ok=✗
  [68/85] L239 (R01477) ok=✓ legacy [primed] [hint saved]
  [69/85] L240 (R01485) ok=✗
  [70/85] L238 (R01467) ok=✗
  [71/85] L242 (R01489) ok=✗
  [72/85] L241 (R01487) ok=✗
  [73/85] L244 (R01495) ok=✓ legacy [primed] [hint saved]
  [74/85] L245 (R01500) ok=✓ legacy [primed] [hint saved]
  [75/85] L243 (R01492) ok=✗
  [76/85] L247 (R01504) ok=✗
  [77/85] L246 (R01501) ok=✗
  [78/85] L249 (R01516) ok=✗
  [79/85] L250 (R01523) ok=✗
  [80/85] L251 (R01531) ok=✓ legacy [primed] [hint saved]
  [81/85] L248 (R01511) ok=✗
  [82/85] L252 (R01535) ok=✗
  [83/85] L253 (R01551) ok=✗
  [84/85] L254 (R01553) ok=✗
  [85/85] L255 (R01554) ok=✗
Hints: appended to 13 level(s); 13 hint file(s) changed on disk.
Result: solved=13/85, solvedBeforeFallback=0, fallbackOnly=13, unsolved=72
Wrote logs/solver-corpus2-batches/batch-03.json
Wrote logs/solver-corpus2-batches/batch-03-summary.md
portfolio-solve-sweep: corpus=data/stress/stress-levels-random.json levels=85 (85 to solve) scheduler-mode=legacy budget=86400000ms node-budget=36000000 workers=2 save-hints=true
  winner-first: normal + seeded-repair winners (shares solve budget) | 17/85 levels will be primed
  [1/85] L172 (R01061) ok=✓ legacy [hint saved]
  [2/85] L173 (R01063) ok=✓ legacy [primed] [hint saved]
  [3/85] L174 (R01080) ok=✗
  [4/85] L171 (R01058) ok=✗
  [5/85] L176 (R01086) ok=✓ legacy [primed] [hint saved]
  [6/85] L175 (R01085) ok=✓ legacy [hint saved]
  [7/85] L178 (R01092) ok=✓ legacy [hint saved]
  [8/85] L177 (R01091) ok=✗
  [9/85] L180 (R01099) ok=✓ legacy [primed] [hint saved]
  [10/85] L179 (R01097) ok=✗
  [11/85] L182 (R01118) ok=✓ legacy [primed] [hint saved]
  [12/85] L181 (R01105) ok=✗
  [13/85] L183 (R01124) ok=✓ legacy [hint saved]
  [14/85] L184 (R01129) ok=✗
  [15/85] L186 (R01134) ok=✓ legacy [primed] [hint saved]
  [16/85] L187 (R01142) ok=✗
  [17/85] L185 (R01132) ok=✗
  [18/85] L189 (R01153) ok=✓ legacy [hint saved]
  [19/85] L190 (R01154) ok=✗
  [20/85] L188 (R01151) ok=✗
  [21/85] L192 (R01157) ok=✓ legacy [hint saved]
  [22/85] L191 (R01155) ok=✗
  [23/85] L194 (R01172) ok=✗
  [24/85] L193 (R01158) ok=✗
  [25/85] L196 (R01179) ok=✗
  [26/85] L195 (R01174) ok=✗
  [27/85] L197 (R01190) ok=✗
  [28/85] L199 (R01210) ok=✓ legacy [primed] [hint saved]
  [29/85] L200 (R01211) ok=✓ legacy [hint saved]
  [30/85] L201 (R01215) ok=✓ legacy [hint saved]
  [31/85] L198 (R01208) ok=✗
  [32/85] L202 (R01218) ok=✓ legacy [hint saved]
  [33/85] L204 (R01234) ok=✗
  [34/85] L203 (R01229) ok=✗
  [35/85] L205 (R01251) ok=✗
  [36/85] L207 (R01262) ok=✓ legacy [primed] [hint saved]
  [37/85] L206 (R01254) ok=✗
  [38/85] L208 (R01269) ok=✗
  [39/85] L210 (R01274) ok=✗
  [40/85] L209 (R01273) ok=✗
  [41/85] L211 (R01280) ok=✗
  [42/85] L213 (R01316) ok=✓ legacy [hint saved]
  [43/85] L214 (R01318) ok=✗
  [44/85] L212 (R01290) ok=✗
  [45/85] L215 (R01325) ok=✗
  [46/85] L216 (R01333) ok=✗
  [47/85] L218 (R01342) ok=✗
  [48/85] L217 (R01341) ok=✗
  [49/85] L219 (R01344) ok=✗
  [50/85] L220 (R01351) ok=✗
  [51/85] L221 (R01356) ok=✓ legacy [hint saved]
  [52/85] L222 (R01367) ok=✗
  [53/85] L224 (R01378) ok=✗
  [54/85] L225 (R01380) ok=✗
  [55/85] L223 (R01368) ok=✗
  [56/85] L226 (R01382) ok=✗
  [57/85] L227 (R01397) ok=✗
  [58/85] L229 (R01416) ok=✗
  [59/85] L230 (R01417) ok=✗
  [60/85] L228 (R01403) ok=✗
  [61/85] L231 (R01420) ok=✗
  [62/85] L232 (R01425) ok=✓ legacy [hint saved]
  [63/85] L233 (R01426) ok=✗
  [64/85] L234 (R01428) ok=✗
  [65/85] L236 (R01462) ok=✗
  [66/85] L237 (R01465) ok=✓ legacy [hint saved]
  [67/85] L235 (R01461) ok=✗
  [68/85] L239 (R01477) ok=✓ legacy [primed] [hint saved]
  [69/85] L240 (R01485) ok=✗
  [70/85] L238 (R01467) ok=✗
  [71/85] L242 (R01489) ok=✓ legacy [hint saved]
  [72/85] L243 (R01492) ok=✗
  [73/85] L244 (R01495) ok=✓ legacy [primed] [hint saved]
  [74/85] L245 (R01500) ok=✓ legacy [primed] [hint saved]
  [75/85] L241 (R01487) ok=✗
  [76/85] L247 (R01504) ok=✗
  [77/85] L248 (R01511) ok=✓ legacy [hint saved]
  [78/85] L246 (R01501) ok=✗
  [79/85] L250 (R01523) ok=✓ legacy [hint saved]
  [80/85] L251 (R01531) ok=✓ legacy [primed] [hint saved]
  [81/85] L249 (R01516) ok=✗
  [82/85] L252 (R01535) ok=✗
  [83/85] L253 (R01551) ok=✗
  [84/85] L254 (R01553) ok=✗
  [85/85] L255 (R01554) ok=✓ legacy [hint saved]
Hints: appended to 28 level(s); 28 hint file(s) changed on disk.
Result: solved=28/85, solvedBeforeFallback=0, fallbackOnly=28, unsolved=57
Wrote logs/solver-corpus2-batches/batch-03.json
Wrote logs/solver-corpus2-batches/batch-03-summary.md
portfolio-solve-sweep: corpus=data/stress/stress-levels-random.json levels=85 (85 to solve) scheduler-mode=legacy budget=86400000ms node-budget=36000000 workers=2 save-hints=true
  winner-first: normal + seeded-repair winners (shares solve budget) | 28/85 levels will be primed
  [1/85] L172 (R01061) ok=✓ legacy [primed] [hint saved]
  [2/85] L173 (R01063) ok=✓ legacy [primed] [hint saved]
  [3/85] L174 (R01080) ok=✗
  [4/85] L175 (R01085) ok=✓ legacy [primed] [hint saved]
  [5/85] L176 (R01086) ok=✓ legacy [primed] [hint saved]
  [6/85] L171 (R01058) ok=✗
  [7/85] L178 (R01092) ok=✓ legacy [primed] [hint saved]
  [8/85] L177 (R01091) ok=✗
  [9/85] L180 (R01099) ok=✓ legacy [primed] [hint saved]
  [10/85] L179 (R01097) ok=✗
  [11/85] L182 (R01118) ok=✓ legacy [primed] [hint saved]
  [12/85] L183 (R01124) ok=✓ legacy [primed] [hint saved]
  [13/85] L181 (R01105) ok=✗
  [14/85] L184 (R01129) ok=✗
  [15/85] L186 (R01134) ok=✓ legacy [primed] [hint saved]
  [16/85] L185 (R01132) ok=✗
  [17/85] L187 (R01142) ok=✗
  [18/85] L189 (R01153) ok=✓ legacy [primed] [hint saved]
  [19/85] L188 (R01151) ok=✗
  [20/85] L190 (R01154) ok=✗
  [21/85] L192 (R01157) ok=✓ legacy [primed] [hint saved]
  [22/85] L191 (R01155) ok=✗
  [23/85] L194 (R01172) ok=✓ legacy [hint saved]
  [24/85] L193 (R01158) ok=✗
  [25/85] L196 (R01179) ok=✗
  [26/85] L195 (R01174) ok=✗
  [27/85] L197 (R01190) ok=✗
  [28/85] L199 (R01210) ok=✓ legacy [primed] [hint saved]
  [29/85] L200 (R01211) ok=✓ legacy [primed] [hint saved]
  [30/85] L201 (R01215) ok=✓ legacy [primed] [hint saved]
  [31/85] L202 (R01218) ok=✓ legacy [primed] [hint saved]
  [32/85] L198 (R01208) ok=✗
  [33/85] L203 (R01229) ok=✗
  [34/85] L204 (R01234) ok=✗
  [35/85] L205 (R01251) ok=✓ legacy [hint saved]
  [36/85] L207 (R01262) ok=✓ legacy [primed] [hint saved]
  [37/85] L206 (R01254) ok=✗
  [38/85] L208 (R01269) ok=✗
  [39/85] L210 (R01274) ok=✗
  [40/85] L209 (R01273) ok=✗
  [41/85] L211 (R01280) ok=✗
  [42/85] L213 (R01316) ok=✓ legacy [primed] [hint saved]
  [43/85] L212 (R01290) ok=✗
  [44/85] L214 (R01318) ok=✗
  [45/85] L215 (R01325) ok=✗
  [46/85] L216 (R01333) ok=✗
  [47/85] L218 (R01342) ok=✗
  [48/85] L217 (R01341) ok=✗
  [49/85] L219 (R01344) ok=✗
  [50/85] L221 (R01356) ok=✓ legacy [primed] [hint saved]
  [51/85] L222 (R01367) ok=✗
  [52/85] L220 (R01351) ok=✗
  [53/85] L224 (R01378) ok=✗
  [54/85] L223 (R01368) ok=✗
  [55/85] L225 (R01380) ok=✗
  [56/85] L227 (R01397) ok=✗
  [57/85] L226 (R01382) ok=✗
  [58/85] L229 (R01416) ok=✗
  [59/85] L230 (R01417) ok=✗
  [60/85] L231 (R01420) ok=✗
  [61/85] L228 (R01403) ok=✗
  [62/85] L232 (R01425) ok=✓ legacy [primed] [hint saved]
  [63/85] L234 (R01428) ok=✗
  [64/85] L233 (R01426) ok=✗
  [65/85] L236 (R01462) ok=✗
  [66/85] L237 (R01465) ok=✓ legacy [primed] [hint saved]
  [67/85] L235 (R01461) ok=✗
  [68/85] L239 (R01477) ok=✓ legacy [primed] [hint saved]
  [69/85] L240 (R01485) ok=✗
  [70/85] L238 (R01467) ok=✗
  [71/85] L242 (R01489) ok=✓ legacy [primed] [hint saved]
  [72/85] L243 (R01492) ok=✗
  [73/85] L244 (R01495) ok=✓ legacy [primed] [hint saved]
  [74/85] L245 (R01500) ok=✓ legacy [primed] [hint saved]
  [75/85] L241 (R01487) ok=✗
  [76/85] L246 (R01501) ok=✗
  [77/85] L247 (R01504) ok=✗
  [78/85] L248 (R01511) ok=✓ legacy [primed] [hint saved]
  [79/85] L250 (R01523) ok=✓ legacy [primed] [hint saved]
  [80/85] L251 (R01531) ok=✓ legacy [primed] [hint saved]
  [81/85] L249 (R01516) ok=✗
  [82/85] L252 (R01535) ok=✗
  [83/85] L253 (R01551) ok=✗
  [84/85] L255 (R01554) ok=✓ legacy [primed] [hint saved]
  [85/85] L254 (R01553) ok=✗
Hints: appended to 30 level(s); 30 hint file(s) changed on disk.
Result: solved=30/85, solvedBeforeFallback=0, fallbackOnly=30, unsolved=55
Wrote logs/solver-corpus2-batches/batch-03.json
Wrote logs/solver-corpus2-batches/batch-03-summary.md
