Prepared batch 16 (levels 1276-1360) at 2026-07-17T22:34:28Z.
portfolio-solve-sweep: corpus=data/stress/stress-levels-random.json levels=85 (85 to solve) scheduler-mode=legacy budget=8000ms node-budget=20000000 workers=2 save-hints=true
  [1/85] L1277 (R02946) ok=✓ legacy [hint saved]
  [2/85] L1276 (R02945) ok=✓ legacy [hint saved]
  [3/85] L1279 (R02948) ok=✓ legacy [hint saved]
  [4/85] L1278 (R02947) ok=✗
  [5/85] L1281 (R02950) ok=✗
  [6/85] L1282 (R02951) ok=✗
  [7/85] L1280 (R02949) ok=✗
  [8/85] L1283 (R02952) ok=✗
  [9/85] L1284 (R02953) ok=✗
  [10/85] L1286 (R02955) ok=✓ legacy [hint saved]
  [11/85] L1287 (R02956) ok=✗
  [12/85] L1288 (R02957) ok=✓ legacy [hint saved]
  [13/85] L1285 (R02954) ok=✗
  [14/85] L1289 (R02958) ok=✗
  [15/85] L1290 (R02959) ok=✗
  [16/85] L1291 (R02960) ok=✗
  [17/85] L1293 (R02962) ok=✓ legacy [hint saved]
  [18/85] L1292 (R02961) ok=✗
  [19/85] L1295 (R02964) ok=✓ legacy [hint saved]
  [20/85] L1294 (R02963) ok=✗
  [21/85] L1296 (R02965) ok=✗
  [22/85] L1297 (R02966) ok=✗
  [23/85] L1299 (R02968) ok=✓ legacy [hint saved]
  [24/85] L1300 (R02969) ok=✗
  [25/85] L1298 (R02967) ok=✗
  [26/85] L1301 (R02970) ok=✗
  [27/85] L1303 (R02972) ok=✓ legacy [hint saved]
  [28/85] L1304 (R02973) ok=✓ legacy [hint saved]
  [29/85] L1302 (R02971) ok=✗
  [30/85] L1306 (R02975) ok=✗
  [31/85] L1307 (R02976) ok=✓ legacy [hint saved]
  [32/85] L1305 (R02974) ok=✗
  [33/85] L1308 (R02977) ok=✓ legacy [hint saved]
  [34/85] L1309 (R02978) ok=✓ legacy [hint saved]
  [35/85] L1311 (R02980) ok=✗
  [36/85] L1312 (R02981) ok=✓ legacy [hint saved]
  [37/85] L1313 (R02982) ok=✓ legacy [hint saved]
  [38/85] L1310 (R02979) ok=✗
  [39/85] L1315 (R02984) ok=✓ legacy [hint saved]
  [40/85] L1316 (R02985) ok=✓ legacy [hint saved]
  [41/85] L1317 (R02986) ok=✗
  [42/85] L1314 (R02983) ok=✗
  [43/85] L1318 (R02987) ok=✗
  [44/85] L1319 (R02988) ok=✗
  [45/85] L1321 (R02990) ok=✓ legacy [hint saved]
  [46/85] L1320 (R02989) ok=✗
  [47/85] L1322 (R02991) ok=✗
  [48/85] L1323 (R02992) ok=✗
  [49/85] L1325 (R02994) ok=✗
  [50/85] L1324 (R02993) ok=✗
  [51/85] L1327 (R02996) ok=✗
  [52/85] L1326 (R02995) ok=✗
  [53/85] L1329 (R02998) ok=✗
  [54/85] L1328 (R02997) ok=✗
  [55/85] L1330 (R02999) ok=✗
  [56/85] L1331 (R03000) ok=✗
  [57/85] L1332 (R03001) ok=✓ legacy [hint saved]
  [58/85] L1333 (R03002) ok=✗
  [59/85] L1334 (R03003) ok=✗
  [60/85] L1335 (R03004) ok=✗
  [61/85] L1337 (R03006) ok=✗
  [62/85] L1338 (R03007) ok=✓ legacy [hint saved]
  [63/85] L1336 (R03005) ok=✗
  [64/85] L1340 (R03009) ok=✗
  [65/85] L1341 (R03010) ok=✓ legacy [hint saved]
  [66/85] L1339 (R03008) ok=✗
  [67/85] L1343 (R03012) ok=✓ legacy [hint saved]
  [68/85] L1342 (R03011) ok=✗
  [69/85] L1345 (R03014) ok=✗
  [70/85] L1346 (R03015) ok=✓ legacy [hint saved]
  [71/85] L1344 (R03013) ok=✗
  [72/85] L1348 (R03017) ok=✗
  [73/85] L1349 (R03018) ok=✗
  [74/85] L1347 (R03016) ok=✗
  [75/85] L1351 (R03020) ok=✗
  [76/85] L1350 (R03019) ok=✗
  [77/85] L1352 (R03021) ok=✗
  [78/85] L1353 (R03022) ok=✗
  [79/85] L1354 (R03023) ok=✗
  [80/85] L1356 (R03025) ok=✓ legacy [hint saved]
  [81/85] L1357 (R03026) ok=✗
  [82/85] L1358 (R03027) ok=✓ legacy [hint saved]
  [83/85] L1355 (R03024) ok=✗
  [84/85] L1359 (R03028) ok=✗
  [85/85] L1360 (R03029) ok=✗
Hints: appended to 25 level(s); 25 hint file(s) changed on disk.
Result: solved=25/85, solvedBeforeFallback=0, fallbackOnly=25, unsolved=60
Wrote logs/solver-corpus2-batches/batch-16.json
Wrote logs/solver-corpus2-batches/batch-16-summary.md
portfolio-solve-sweep: corpus=data/stress/stress-levels-random.json levels=85 (85 to solve) scheduler-mode=legacy budget=8000ms node-budget=20000000 workers=2 save-hints=true
  [1/85] L1277 (R02946) ok=✓ legacy [hint saved]
  [2/85] L1276 (R02945) ok=✓ legacy [hint saved]
  [3/85] L1279 (R02948) ok=✓ legacy [hint saved]
  [4/85] L1278 (R02947) ok=✗
  [5/85] L1281 (R02950) ok=✗
  [6/85] L1282 (R02951) ok=✗
  [7/85] L1280 (R02949) ok=✗
  [8/85] L1283 (R02952) ok=✗
  [9/85] L1284 (R02953) ok=✗
  [10/85] L1286 (R02955) ok=✓ legacy [hint saved]
  [11/85] L1285 (R02954) ok=✗
  [12/85] L1288 (R02957) ok=✓ legacy [hint saved]
  [13/85] L1289 (R02958) ok=✗
  [14/85] L1287 (R02956) ok=✗
  [15/85] L1290 (R02959) ok=✗
  [16/85] L1291 (R02960) ok=✗
  [17/85] L1293 (R02962) ok=✓ legacy [hint saved]
  [18/85] L1292 (R02961) ok=✗
  [19/85] L1295 (R02964) ok=✓ legacy [hint saved]
  [20/85] L1294 (R02963) ok=✗
  [21/85] L1297 (R02966) ok=✗
  [22/85] L1296 (R02965) ok=✗
  [23/85] L1299 (R02968) ok=✓ legacy [hint saved]
  [24/85] L1300 (R02969) ok=✗
  [25/85] L1298 (R02967) ok=✗
  [26/85] L1301 (R02970) ok=✗
  [27/85] L1303 (R02972) ok=✓ legacy [hint saved]
  [28/85] L1304 (R02973) ok=✓ legacy [hint saved]
  [29/85] L1302 (R02971) ok=✗
  [30/85] L1306 (R02975) ok=✗
  [31/85] L1307 (R02976) ok=✓ legacy [hint saved]
  [32/85] L1305 (R02974) ok=✗
  [33/85] L1308 (R02977) ok=✓ legacy [hint saved]
  [34/85] L1309 (R02978) ok=✓ legacy [hint saved]
  [35/85] L1311 (R02980) ok=✗
  [36/85] L1312 (R02981) ok=✓ legacy [hint saved]
  [37/85] L1310 (R02979) ok=✗
  [38/85] L1313 (R02982) ok=✓ legacy [hint saved]
  [39/85] L1315 (R02984) ok=✓ legacy [hint saved]
  [40/85] L1316 (R02985) ok=✓ legacy [hint saved]
  [41/85] L1317 (R02986) ok=✗
  [42/85] L1314 (R02983) ok=✗
  [43/85] L1318 (R02987) ok=✗
  [44/85] L1319 (R02988) ok=✗
  [45/85] L1321 (R02990) ok=✓ legacy [hint saved]
  [46/85] L1320 (R02989) ok=✗
  [47/85] L1323 (R02992) ok=✗
  [48/85] L1322 (R02991) ok=✗
  [49/85] L1325 (R02994) ok=✗
  [50/85] L1324 (R02993) ok=✗
  [51/85] L1326 (R02995) ok=✗
  [52/85] L1327 (R02996) ok=✗
  [53/85] L1329 (R02998) ok=✗
  [54/85] L1328 (R02997) ok=✗
  [55/85] L1330 (R02999) ok=✗
  [56/85] L1332 (R03001) ok=✓ legacy [hint saved]
  [57/85] L1331 (R03000) ok=✗
  [58/85] L1333 (R03002) ok=✗
  [59/85] L1334 (R03003) ok=✗
  [60/85] L1335 (R03004) ok=✗
  [61/85] L1337 (R03006) ok=✗
  [62/85] L1338 (R03007) ok=✓ legacy [hint saved]
  [63/85] L1336 (R03005) ok=✗
  [64/85] L1340 (R03009) ok=✗
  [65/85] L1341 (R03010) ok=✓ legacy [hint saved]
  [66/85] L1339 (R03008) ok=✗
  [67/85] L1343 (R03012) ok=✓ legacy [hint saved]
  [68/85] L1342 (R03011) ok=✗
  [69/85] L1345 (R03014) ok=✗
  [70/85] L1346 (R03015) ok=✗
  [71/85] L1344 (R03013) ok=✗
  [72/85] L1348 (R03017) ok=✗
  [73/85] L1349 (R03018) ok=✗
  [74/85] L1347 (R03016) ok=✗
  [75/85] L1350 (R03019) ok=✗
  [76/85] L1351 (R03020) ok=✗
  [77/85] L1352 (R03021) ok=✗
  [78/85] L1353 (R03022) ok=✗
  [79/85] L1354 (R03023) ok=✗
  [80/85] L1356 (R03025) ok=✓ legacy [hint saved]
  [81/85] L1357 (R03026) ok=✗
  [82/85] L1358 (R03027) ok=✓ legacy [hint saved]
  [83/85] L1355 (R03024) ok=✗
  [84/85] L1359 (R03028) ok=✗
  [85/85] L1360 (R03029) ok=✗
Hints: appended to 24 level(s); 24 hint file(s) changed on disk.
Result: solved=24/85, solvedBeforeFallback=0, fallbackOnly=24, unsolved=61
Wrote logs/solver-corpus2-batches/batch-16.json
Wrote logs/solver-corpus2-batches/batch-16-summary.md
portfolio-solve-sweep: corpus=data/stress/stress-levels-random.json levels=85 (85 to solve) scheduler-mode=legacy budget=8000ms node-budget=20000000 workers=2 save-hints=true
  [1/85] L1277 (R02946) ok=✓ legacy [hint saved]
  [2/85] L1276 (R02945) ok=✓ legacy [hint saved]
  [3/85] L1279 (R02948) ok=✓ legacy [hint saved]
  [4/85] L1278 (R02947) ok=✗
  [5/85] L1281 (R02950) ok=✗
  [6/85] L1282 (R02951) ok=✗
  [7/85] L1280 (R02949) ok=✗
  [8/85] L1283 (R02952) ok=✗
  [9/85] L1284 (R02953) ok=✗
  [10/85] L1286 (R02955) ok=✓ legacy [hint saved]
  [11/85] L1287 (R02956) ok=✗
  [12/85] L1288 (R02957) ok=✓ legacy [hint saved]
  [13/85] L1289 (R02958) ok=✗
  [14/85] L1290 (R02959) ok=✗
  [15/85] L1285 (R02954) ok=✗
  [16/85] L1291 (R02960) ok=✗
  [17/85] L1293 (R02962) ok=✓ legacy [hint saved]
  [18/85] L1292 (R02961) ok=✗
  [19/85] L1295 (R02964) ok=✓ legacy [hint saved]
  [20/85] L1294 (R02963) ok=✗
  [21/85] L1296 (R02965) ok=✗
  [22/85] L1297 (R02966) ok=✗
  [23/85] L1299 (R02968) ok=✓ legacy [hint saved]
  [24/85] L1300 (R02969) ok=✗
  [25/85] L1298 (R02967) ok=✗
  [26/85] L1301 (R02970) ok=✗
  [27/85] L1303 (R02972) ok=✓ legacy [hint saved]
  [28/85] L1304 (R02973) ok=✓ legacy [hint saved]
  [29/85] L1302 (R02971) ok=✗
  [30/85] L1306 (R02975) ok=✗
  [31/85] L1307 (R02976) ok=✓ legacy [hint saved]
  [32/85] L1308 (R02977) ok=✓ legacy [hint saved]
  [33/85] L1309 (R02978) ok=✓ legacy [hint saved]
  [34/85] L1305 (R02974) ok=✗
  [35/85] L1311 (R02980) ok=✗
  [36/85] L1312 (R02981) ok=✓ legacy [hint saved]
  [37/85] L1313 (R02982) ok=✓ legacy [hint saved]
  [38/85] L1310 (R02979) ok=✗
  [39/85] L1315 (R02984) ok=✓ legacy [hint saved]
  [40/85] L1316 (R02985) ok=✓ legacy [hint saved]
  [41/85] L1317 (R02986) ok=✗
  [42/85] L1314 (R02983) ok=✗
  [43/85] L1318 (R02987) ok=✗
  [44/85] L1319 (R02988) ok=✗
  [45/85] L1321 (R02990) ok=✓ legacy [hint saved]
  [46/85] L1320 (R02989) ok=✗
  [47/85] L1322 (R02991) ok=✗
  [48/85] L1323 (R02992) ok=✗
  [49/85] L1325 (R02994) ok=✗
  [50/85] L1324 (R02993) ok=✗
  [51/85] L1326 (R02995) ok=✗
  [52/85] L1327 (R02996) ok=✗
  [53/85] L1329 (R02998) ok=✗
  [54/85] L1328 (R02997) ok=✗
  [55/85] L1330 (R02999) ok=✗
  [56/85] L1331 (R03000) ok=✗
  [57/85] L1332 (R03001) ok=✓ legacy [hint saved]
  [58/85] L1333 (R03002) ok=✗
  [59/85] L1334 (R03003) ok=✗
  [60/85] L1335 (R03004) ok=✗
  [61/85] L1337 (R03006) ok=✗
  [62/85] L1336 (R03005) ok=✗
  [63/85] L1338 (R03007) ok=✓ legacy [hint saved]
  [64/85] L1340 (R03009) ok=✗
  [65/85] L1341 (R03010) ok=✓ legacy [hint saved]
  [66/85] L1339 (R03008) ok=✗
  [67/85] L1343 (R03012) ok=✓ legacy [hint saved]
  [68/85] L1342 (R03011) ok=✗
  [69/85] L1345 (R03014) ok=✗
  [70/85] L1346 (R03015) ok=✗
  [71/85] L1344 (R03013) ok=✗
  [72/85] L1348 (R03017) ok=✗
  [73/85] L1349 (R03018) ok=✗
  [74/85] L1347 (R03016) ok=✗
  [75/85] L1350 (R03019) ok=✗
  [76/85] L1351 (R03020) ok=✗
  [77/85] L1352 (R03021) ok=✗
  [78/85] L1353 (R03022) ok=✗
  [79/85] L1354 (R03023) ok=✗
  [80/85] L1356 (R03025) ok=✓ legacy [hint saved]
  [81/85] L1357 (R03026) ok=✗
  [82/85] L1358 (R03027) ok=✓ legacy [hint saved]
  [83/85] L1355 (R03024) ok=✗
  [84/85] L1359 (R03028) ok=✗
  [85/85] L1360 (R03029) ok=✗
Hints: appended to 24 level(s); 24 hint file(s) changed on disk.
Result: solved=24/85, solvedBeforeFallback=0, fallbackOnly=24, unsolved=61
Wrote logs/solver-corpus2-batches/batch-16.json
Wrote logs/solver-corpus2-batches/batch-16-summary.md
portfolio-solve-sweep: corpus=data/stress/stress-levels-random.json levels=85 (85 to solve) scheduler-mode=legacy budget=8000ms node-budget=20000000 workers=2 enable-flags=STRATEGY_REPAIR_TURN_BIAS save-hints=true
  [1/85] L1277 (R02946) ok=✓ legacy [hint saved]
  [2/85] L1278 (R02947) ok=✗
  [3/85] L1279 (R02948) ok=✓ legacy [hint saved]
  [4/85] L1276 (R02945) ok=✓ legacy [hint saved]
  [5/85] L1281 (R02950) ok=✗
  [6/85] L1282 (R02951) ok=✗
  [7/85] L1280 (R02949) ok=✗
  [8/85] L1283 (R02952) ok=✗
  [9/85] L1284 (R02953) ok=✗
  [10/85] L1286 (R02955) ok=✗
  [11/85] L1285 (R02954) ok=✗
  [12/85] L1288 (R02957) ok=✓ legacy [hint saved]
  [13/85] L1289 (R02958) ok=✗
  [14/85] L1287 (R02956) ok=✗
  [15/85] L1290 (R02959) ok=✗
  [16/85] L1291 (R02960) ok=✗
  [17/85] L1293 (R02962) ok=✓ legacy [hint saved]
  [18/85] L1292 (R02961) ok=✗
  [19/85] L1295 (R02964) ok=✓ legacy [hint saved]
  [20/85] L1294 (R02963) ok=✗
  [21/85] L1296 (R02965) ok=✗
  [22/85] L1297 (R02966) ok=✗
  [23/85] L1299 (R02968) ok=✓ legacy [hint saved]
  [24/85] L1298 (R02967) ok=✗
  [25/85] L1300 (R02969) ok=✗
  [26/85] L1301 (R02970) ok=✗
  [27/85] L1303 (R02972) ok=✓ legacy [hint saved]
  [28/85] L1304 (R02973) ok=✓ legacy [hint saved]
  [29/85] L1302 (R02971) ok=✗
  [30/85] L1306 (R02975) ok=✗
  [31/85] L1307 (R02976) ok=✓ legacy [hint saved]
  [32/85] L1308 (R02977) ok=✗
  [33/85] L1309 (R02978) ok=✓ legacy [hint saved]
  [34/85] L1305 (R02974) ok=✗
  [35/85] L1310 (R02979) ok=✗
  [36/85] L1312 (R02981) ok=✓ legacy [hint saved]
  [37/85] L1313 (R02982) ok=✓ legacy [hint saved]
  [38/85] L1311 (R02980) ok=✗
  [39/85] L1315 (R02984) ok=✓ legacy [hint saved]
  [40/85] L1316 (R02985) ok=✓ legacy [hint saved]
  [41/85] L1317 (R02986) ok=✗
  [42/85] L1318 (R02987) ok=✗
  [43/85] L1314 (R02983) ok=✗
  [44/85] L1320 (R02989) ok=✗
  [45/85] L1321 (R02990) ok=✓ legacy [hint saved]
  [46/85] L1319 (R02988) ok=✗
  [47/85] L1323 (R02992) ok=✓ legacy [hint saved]
  [48/85] L1322 (R02991) ok=✗
  [49/85] L1324 (R02993) ok=✗
  [50/85] L1325 (R02994) ok=✗
  [51/85] L1326 (R02995) ok=✗
  [52/85] L1327 (R02996) ok=✗
  [53/85] L1328 (R02997) ok=✗
  [54/85] L1330 (R02999) ok=✗
  [55/85] L1331 (R03000) ok=✗
  [56/85] L1329 (R02998) ok=✗
  [57/85] L1332 (R03001) ok=✓ legacy [hint saved]
  [58/85] L1333 (R03002) ok=✗
  [59/85] L1334 (R03003) ok=✗
  [60/85] L1335 (R03004) ok=✗
  [61/85] L1337 (R03006) ok=✗
  [62/85] L1336 (R03005) ok=✗
  [63/85] L1338 (R03007) ok=✓ legacy [hint saved]
  [64/85] L1340 (R03009) ok=✓ legacy [hint saved]
  [65/85] L1341 (R03010) ok=✓ legacy [hint saved]
  [66/85] L1339 (R03008) ok=✗
  [67/85] L1343 (R03012) ok=✓ legacy [hint saved]
  [68/85] L1342 (R03011) ok=✗
  [69/85] L1345 (R03014) ok=✗
  [70/85] L1346 (R03015) ok=✓ legacy [hint saved]
  [71/85] L1344 (R03013) ok=✗
  [72/85] L1348 (R03017) ok=✗
  [73/85] L1349 (R03018) ok=✗
  [74/85] L1347 (R03016) ok=✗
  [75/85] L1351 (R03020) ok=✗
  [76/85] L1350 (R03019) ok=✗
  [77/85] L1352 (R03021) ok=✗
  [78/85] L1353 (R03022) ok=✗
  [79/85] L1354 (R03023) ok=✗
  [80/85] L1356 (R03025) ok=✓ legacy [hint saved]
  [81/85] L1357 (R03026) ok=✗
  [82/85] L1358 (R03027) ok=✓ legacy [hint saved]
  [83/85] L1355 (R03024) ok=✗
  [84/85] L1359 (R03028) ok=✗
  [85/85] L1360 (R03029) ok=✗
Hints: appended to 25 level(s); 25 hint file(s) changed on disk.
Result: solved=25/85, solvedBeforeFallback=0, fallbackOnly=25, unsolved=60
Wrote logs/solver-corpus2-batches/batch-16.json
Wrote logs/solver-corpus2-batches/batch-16-summary.md
portfolio-solve-sweep: corpus=data/stress/stress-levels-random.json levels=85 (85 to solve) scheduler-mode=legacy budget=30000ms node-budget=60000000 workers=2 enable-flags=STRATEGY_REPAIR_TURN_BIAS save-hints=true
  [1/85] L1277 (R02946) ok=✓ legacy [hint saved]
  [2/85] L1276 (R02945) ok=✓ legacy [hint saved]
  [3/85] L1279 (R02948) ok=✓ legacy [hint saved]
  [4/85] L1278 (R02947) ok=✗
  [5/85] L1281 (R02950) ok=✗
  [6/85] L1282 (R02951) ok=✗
  [7/85] L1283 (R02952) ok=✓ legacy [hint saved]
  [8/85] L1280 (R02949) ok=✗
  [9/85] L1284 (R02953) ok=✗
  [10/85] L1286 (R02955) ok=✓ legacy [hint saved]
  [11/85] L1285 (R02954) ok=✗
  [12/85] L1288 (R02957) ok=✓ legacy [hint saved]
  [13/85] L1289 (R02958) ok=✓ legacy [hint saved]
  [14/85] L1290 (R02959) ok=✗
  [15/85] L1287 (R02956) ok=✗
  [16/85] L1291 (R02960) ok=✗
  [17/85] L1293 (R02962) ok=✓ legacy [hint saved]
  [18/85] L1292 (R02961) ok=✗
  [19/85] L1295 (R02964) ok=✓ legacy [hint saved]
  [20/85] L1296 (R02965) ok=✓ legacy [hint saved]
  [21/85] L1294 (R02963) ok=✗
  [22/85] L1298 (R02967) ok=✓ legacy [hint saved]
  [23/85] L1299 (R02968) ok=✓ legacy [hint saved]
  [24/85] L1300 (R02969) ok=✗
  [25/85] L1297 (R02966) ok=✗
  [26/85] L1301 (R02970) ok=✗
  [27/85] L1303 (R02972) ok=✓ legacy [hint saved]
  [28/85] L1304 (R02973) ok=✓ legacy [hint saved]
  [29/85] L1302 (R02971) ok=✗
  [30/85] L1306 (R02975) ok=✓ legacy [hint saved]
  [31/85] L1307 (R02976) ok=✓ legacy [hint saved]
  [32/85] L1308 (R02977) ok=✓ legacy [hint saved]
  [33/85] L1309 (R02978) ok=✓ legacy [hint saved]
  [34/85] L1305 (R02974) ok=✗
  [35/85] L1310 (R02979) ok=✗
  [36/85] L1312 (R02981) ok=✓ legacy [hint saved]
  [37/85] L1311 (R02980) ok=✗
  [38/85] L1313 (R02982) ok=✓ legacy [hint saved]
  [39/85] L1315 (R02984) ok=✓ legacy [hint saved]
  [40/85] L1316 (R02985) ok=✓ legacy [hint saved]
  [41/85] L1317 (R02986) ok=✗
  [42/85] L1318 (R02987) ok=✗
  [43/85] L1314 (R02983) ok=✗
  [44/85] L1319 (R02988) ok=✓ legacy [hint saved]
  [45/85] L1321 (R02990) ok=✓ legacy [hint saved]
  [46/85] L1320 (R02989) ok=✗
  [47/85] L1323 (R02992) ok=✓ legacy [hint saved]
  [48/85] L1322 (R02991) ok=✗
  [49/85] L1324 (R02993) ok=✗
  [50/85] L1325 (R02994) ok=✗
  [51/85] L1326 (R02995) ok=✗
  [52/85] L1327 (R02996) ok=✗
  [53/85] L1328 (R02997) ok=✗
  [54/85] L1330 (R02999) ok=✗
  [55/85] L1331 (R03000) ok=✓ legacy [hint saved]
  [56/85] L1332 (R03001) ok=✓ legacy [hint saved]
  [57/85] L1329 (R02998) ok=✗
  [58/85] L1333 (R03002) ok=✗
  [59/85] L1335 (R03004) ok=✗
  [60/85] L1334 (R03003) ok=✗
  [61/85] L1337 (R03006) ok=✗
  [62/85] L1338 (R03007) ok=✓ legacy [hint saved]
  [63/85] L1336 (R03005) ok=✗
  [64/85] L1340 (R03009) ok=✓ legacy [hint saved]
  [65/85] L1341 (R03010) ok=✓ legacy [hint saved]
  [66/85] L1339 (R03008) ok=✗
  [67/85] L1343 (R03012) ok=✓ legacy [hint saved]
  [68/85] L1342 (R03011) ok=✗
  [69/85] L1345 (R03014) ok=✗
  [70/85] L1346 (R03015) ok=✓ legacy [hint saved]
  [71/85] L1344 (R03013) ok=✗
  [72/85] L1348 (R03017) ok=✗
  [73/85] L1349 (R03018) ok=✗
  [74/85] L1347 (R03016) ok=✗
  [75/85] L1351 (R03020) ok=✗
  [76/85] L1352 (R03021) ok=✗
  [77/85] L1350 (R03019) ok=✗
  [78/85] L1353 (R03022) ok=✗
  [79/85] L1354 (R03023) ok=✗
  [80/85] L1356 (R03025) ok=✓ legacy [hint saved]
  [81/85] L1357 (R03026) ok=✗
  [82/85] L1358 (R03027) ok=✓ legacy [hint saved]
  [83/85] L1355 (R03024) ok=✗
  [84/85] L1359 (R03028) ok=✗
  [85/85] L1360 (R03029) ok=✗
Hints: appended to 34 level(s); 34 hint file(s) changed on disk.
Result: solved=34/85, solvedBeforeFallback=0, fallbackOnly=34, unsolved=51
Wrote logs/solver-corpus2-batches/batch-16.json
Wrote logs/solver-corpus2-batches/batch-16-summary.md
portfolio-solve-sweep: corpus=data/stress/stress-levels-random.json levels=85 (85 to solve) scheduler-mode=legacy budget=60000ms node-budget=120000000 workers=2 enable-flags=STRATEGY_REPAIR_TURN_BIAS save-hints=true
  [1/85] L1277 (R02946) ok=✓ legacy [hint saved]
  [2/85] L1276 (R02945) ok=✓ legacy [hint saved]
  [3/85] L1279 (R02948) ok=✓ legacy [hint saved]
  [4/85] L1278 (R02947) ok=✗
  [5/85] L1281 (R02950) ok=✗
  [6/85] L1282 (R02951) ok=✗
  [7/85] L1283 (R02952) ok=✓ legacy [hint saved]
  [8/85] L1280 (R02949) ok=✗
  [9/85] L1284 (R02953) ok=✗
  [10/85] L1286 (R02955) ok=✓ legacy [hint saved]
  [11/85] L1285 (R02954) ok=✗
  [12/85] L1288 (R02957) ok=✓ legacy [hint saved]
  [13/85] L1289 (R02958) ok=✓ legacy [hint saved]
  [14/85] L1290 (R02959) ok=✗
  [15/85] L1287 (R02956) ok=✗
  [16/85] L1291 (R02960) ok=✓ legacy [hint saved]
  [17/85] L1293 (R02962) ok=✓ legacy [hint saved]
  [18/85] L1294 (R02963) ok=✗
  [19/85] L1295 (R02964) ok=✓ legacy [hint saved]
  [20/85] L1296 (R02965) ok=✓ legacy [hint saved]
  [21/85] L1292 (R02961) ok=✗
  [22/85] L1298 (R02967) ok=✓ legacy [hint saved]
  [23/85] L1299 (R02968) ok=✓ legacy [hint saved]
  [24/85] L1300 (R02969) ok=✗
  [25/85] L1297 (R02966) ok=✗
  [26/85] L1301 (R02970) ok=✗
  [27/85] L1303 (R02972) ok=✓ legacy [hint saved]
  [28/85] L1304 (R02973) ok=✓ legacy [hint saved]
  [29/85] L1302 (R02971) ok=✗
  [30/85] L1306 (R02975) ok=✓ legacy [hint saved]
  [31/85] L1307 (R02976) ok=✓ legacy [hint saved]
  [32/85] L1308 (R02977) ok=✓ legacy [hint saved]
  [33/85] L1309 (R02978) ok=✓ legacy [hint saved]
  [34/85] L1305 (R02974) ok=✗
  [35/85] L1310 (R02979) ok=✗
  [36/85] L1312 (R02981) ok=✓ legacy [hint saved]
  [37/85] L1313 (R02982) ok=✓ legacy [hint saved]
  [38/85] L1311 (R02980) ok=✗
  [39/85] L1315 (R02984) ok=✓ legacy [hint saved]
  [40/85] L1316 (R02985) ok=✓ legacy [hint saved]
  [41/85] L1317 (R02986) ok=✗
  [42/85] L1314 (R02983) ok=✗
  [43/85] L1318 (R02987) ok=✗
  [44/85] L1319 (R02988) ok=✓ legacy [hint saved]
  [45/85] L1321 (R02990) ok=✓ legacy [hint saved]
  [46/85] L1320 (R02989) ok=✗
  [47/85] L1323 (R02992) ok=✓ legacy [hint saved]
  [48/85] L1322 (R02991) ok=✗
  [49/85] L1324 (R02993) ok=✗
  [50/85] L1325 (R02994) ok=✗
  [51/85] L1326 (R02995) ok=✗
  [52/85] L1327 (R02996) ok=✗
  [53/85] L1328 (R02997) ok=✗
  [54/85] L1330 (R02999) ok=✗
  [55/85] L1331 (R03000) ok=✓ legacy [hint saved]
  [56/85] L1332 (R03001) ok=✓ legacy [hint saved]
  [57/85] L1329 (R02998) ok=✗
  [58/85] L1333 (R03002) ok=✗
  [59/85] L1334 (R03003) ok=✗
  [60/85] L1335 (R03004) ok=✗
  [61/85] L1336 (R03005) ok=✗
  [62/85] L1338 (R03007) ok=✓ legacy [hint saved]
  [63/85] L1337 (R03006) ok=✗
  [64/85] L1340 (R03009) ok=✓ legacy [hint saved]
  [65/85] L1341 (R03010) ok=✓ legacy [hint saved]
  [66/85] L1339 (R03008) ok=✗
  [67/85] L1343 (R03012) ok=✓ legacy [hint saved]
  [68/85] L1342 (R03011) ok=✗
  [69/85] L1345 (R03014) ok=✗
  [70/85] L1346 (R03015) ok=✓ legacy [hint saved]
  [71/85] L1344 (R03013) ok=✗
  [72/85] L1348 (R03017) ok=✗
  [73/85] L1349 (R03018) ok=✗
  [74/85] L1347 (R03016) ok=✗
  [75/85] L1350 (R03019) ok=✗
  [76/85] L1351 (R03020) ok=✗
  [77/85] L1352 (R03021) ok=✗
  [78/85] L1353 (R03022) ok=✗
  [79/85] L1354 (R03023) ok=✗
  [80/85] L1356 (R03025) ok=✓ legacy [hint saved]
  [81/85] L1357 (R03026) ok=✗
  [82/85] L1358 (R03027) ok=✓ legacy [hint saved]
  [83/85] L1355 (R03024) ok=✗
  [84/85] L1359 (R03028) ok=✗
  [85/85] L1360 (R03029) ok=✗
Hints: appended to 35 level(s); 35 hint file(s) changed on disk.
Result: solved=35/85, solvedBeforeFallback=0, fallbackOnly=35, unsolved=50
Wrote logs/solver-corpus2-batches/batch-16.json
Wrote logs/solver-corpus2-batches/batch-16-summary.md
portfolio-solve-sweep: corpus=data/stress/stress-levels-random.json levels=85 (85 to solve) scheduler-mode=legacy budget=8000ms node-budget=20000000 workers=2 save-hints=true
  adaptive budgets: mult=3x floor=2,000,000 unsolved=20,000,000 | 35 known-solved scaled (min 2,000,000 / med 20,000,000 / max 312,022,413 nodes)
  winner-first: normal + seeded-repair winners (shares solve budget) | 21/85 levels will be primed
  [1/85] L1277 (R02946) ok=✓ legacy [primed] [hint saved]
  [2/85] L1276 (R02945) ok=✓ legacy [hint saved]
  [3/85] L1279 (R02948) ok=✓ legacy [hint saved]
  [4/85] L1278 (R02947) ok=✗
  [5/85] L1281 (R02950) ok=✗
  [6/85] L1282 (R02951) ok=✗
  [7/85] L1283 (R02952) ok=✓ legacy [primed] [hint saved]
  [8/85] L1280 (R02949) ok=✗
  [9/85] L1284 (R02953) ok=✗
  [10/85] L1286 (R02955) ok=✓ legacy [primed] [hint saved]
  [11/85] L1285 (R02954) ok=✗
  [12/85] L1288 (R02957) ok=✓ legacy [primed] [hint saved]
  [13/85] L1287 (R02956) ok=✗
  [14/85] L1289 (R02958) ok=✓ legacy [primed] [hint saved]
  [15/85] L1290 (R02959) ok=✗
  [16/85] L1291 (R02960) ok=✓ legacy [hint saved]
  [17/85] L1293 (R02962) ok=✓ legacy [primed] [hint saved]
  [18/85] L1292 (R02961) ok=✗
  [19/85] L1295 (R02964) ok=✓ legacy [primed] [hint saved]
  [20/85] L1296 (R02965) ok=✓ legacy [primed] [hint saved]
  [21/85] L1294 (R02963) ok=✗
  [22/85] L1298 (R02967) ok=✓ legacy [primed] [hint saved]
  [23/85] L1299 (R02968) ok=✓ legacy [primed] [hint saved]
  [24/85] L1297 (R02966) ok=✗
  [25/85] L1300 (R02969) ok=✗
  [26/85] L1301 (R02970) ok=✗
  [27/85] L1303 (R02972) ok=✓ legacy [hint saved]
  [28/85] L1304 (R02973) ok=✓ legacy [primed] [hint saved]
  [29/85] L1302 (R02971) ok=✗
  [30/85] L1306 (R02975) ok=✓ legacy [hint saved]
  [31/85] L1307 (R02976) ok=✓ legacy [hint saved]
  [32/85] L1305 (R02974) ok=✗
  [33/85] L1308 (R02977) ok=✓ legacy [primed] [hint saved]
  [34/85] L1309 (R02978) ok=✓ legacy [hint saved]
  [35/85] L1311 (R02980) ok=✗
  [36/85] L1312 (R02981) ok=✓ legacy [hint saved]
  [37/85] L1310 (R02979) ok=✗
  [38/85] L1313 (R02982) ok=✓ legacy [primed] [hint saved]
  [39/85] L1315 (R02984) ok=✓ legacy [hint saved]
  [40/85] L1316 (R02985) ok=✓ legacy [primed] [hint saved]
  [41/85] L1317 (R02986) ok=✗
  [42/85] L1314 (R02983) ok=✗
  [43/85] L1318 (R02987) ok=✗
  [44/85] L1320 (R02989) ok=✗
  [45/85] L1321 (R02990) ok=✓ legacy [primed] [hint saved]
  [46/85] L1319 (R02988) ok=✓ legacy [hint saved]
  [47/85] L1323 (R02992) ok=✗
  [48/85] L1322 (R02991) ok=✗
  [49/85] L1325 (R02994) ok=✗
  [50/85] L1324 (R02993) ok=✗
  [51/85] L1326 (R02995) ok=✗
  [52/85] L1327 (R02996) ok=✗
  [53/85] L1329 (R02998) ok=✗
  [54/85] L1328 (R02997) ok=✗
  [55/85] L1331 (R03000) ok=✓ legacy [primed] [hint saved]
  [56/85] L1332 (R03001) ok=✓ legacy [hint saved]
  [57/85] L1330 (R02999) ok=✗
  [58/85] L1333 (R03002) ok=✗
  [59/85] L1334 (R03003) ok=✗
  [60/85] L1335 (R03004) ok=✗
  [61/85] L1336 (R03005) ok=✗
  [62/85] L1338 (R03007) ok=✓ legacy [primed] [hint saved]
  [63/85] L1337 (R03006) ok=✗
  [64/85] L1340 (R03009) ok=✓ legacy [primed] [hint saved]
  [65/85] L1341 (R03010) ok=✓ legacy [hint saved]
  [66/85] L1339 (R03008) ok=✗
  [67/85] L1343 (R03012) ok=✓ legacy [primed] [hint saved]
  [68/85] L1342 (R03011) ok=✗
  [69/85] L1345 (R03014) ok=✗
  [70/85] L1346 (R03015) ok=✓ legacy [hint saved]
  [71/85] L1344 (R03013) ok=✗
  [72/85] L1348 (R03017) ok=✗
  [73/85] L1349 (R03018) ok=✗
  [74/85] L1347 (R03016) ok=✗
  [75/85] L1351 (R03020) ok=✗
  [76/85] L1350 (R03019) ok=✗
  [77/85] L1352 (R03021) ok=✗
  [78/85] L1353 (R03022) ok=✗
  [79/85] L1354 (R03023) ok=✗
  [80/85] L1356 (R03025) ok=✓ legacy [primed] [hint saved]
  [81/85] L1357 (R03026) ok=✗
  [82/85] L1358 (R03027) ok=✓ legacy [primed] [hint saved]
  [83/85] L1355 (R03024) ok=✗
  [84/85] L1359 (R03028) ok=✗
  [85/85] L1360 (R03029) ok=✗
Hints: appended to 34 level(s); 34 hint file(s) changed on disk.
Result: solved=34/85, solvedBeforeFallback=0, fallbackOnly=34, unsolved=51
Wrote logs/solver-corpus2-batches/batch-16.json
Wrote logs/solver-corpus2-batches/batch-16-summary.md
portfolio-solve-sweep: corpus=data/stress/stress-levels-random.json levels=85 (85 to solve) scheduler-mode=legacy budget=8000ms node-budget=20000000 workers=2 save-hints=true
  winner-first: normal + seeded-repair winners (shares solve budget) | 31/85 levels will be primed
  [1/85] L1276 (R02945) ok=✓ legacy [primed] [hint saved]
  [2/85] L1277 (R02946) ok=✓ legacy [primed] [hint saved]
  [3/85] L1279 (R02948) ok=✓ legacy [primed] [hint saved]
  [4/85] L1278 (R02947) ok=✗
  [5/85] L1281 (R02950) ok=✗
  [6/85] L1282 (R02951) ok=✗
  [7/85] L1283 (R02952) ok=✓ legacy [primed] [hint saved]
  [8/85] L1280 (R02949) ok=✗
  [9/85] L1284 (R02953) ok=✗
  [10/85] L1286 (R02955) ok=✓ legacy [primed] [hint saved]
  [11/85] L1285 (R02954) ok=✗
  [12/85] L1288 (R02957) ok=✓ legacy [primed] [hint saved]
  [13/85] L1289 (R02958) ok=✓ legacy [primed] [hint saved]
  [14/85] L1287 (R02956) ok=✗
  [15/85] L1290 (R02959) ok=✗
  [16/85] L1291 (R02960) ok=✗
  [17/85] L1293 (R02962) ok=✓ legacy [primed] [hint saved]
  [18/85] L1292 (R02961) ok=✗
  [19/85] L1295 (R02964) ok=✓ legacy [primed] [hint saved]
  [20/85] L1296 (R02965) ok=✓ legacy [primed] [hint saved]
  [21/85] L1294 (R02963) ok=✗
  [22/85] L1298 (R02967) ok=✓ legacy [primed] [hint saved]
  [23/85] L1299 (R02968) ok=✓ legacy [primed] [hint saved]
  [24/85] L1297 (R02966) ok=✗
  [25/85] L1300 (R02969) ok=✗
  [26/85] L1301 (R02970) ok=✗
  [27/85] L1303 (R02972) ok=✓ legacy [primed] [hint saved]
  [28/85] L1304 (R02973) ok=✓ legacy [primed] [hint saved]
  [29/85] L1302 (R02971) ok=✗
  [30/85] L1306 (R02975) ok=✗
  [31/85] L1307 (R02976) ok=✓ legacy [primed] [hint saved]
  [32/85] L1308 (R02977) ok=✓ legacy [primed] [hint saved]
  [33/85] L1309 (R02978) ok=✓ legacy [primed] [hint saved]
  [34/85] L1305 (R02974) ok=✗
  [35/85] L1311 (R02980) ok=✗
  [36/85] L1312 (R02981) ok=✓ legacy [primed] [hint saved]
  [37/85] L1313 (R02982) ok=✓ legacy [primed] [hint saved]
  [38/85] L1310 (R02979) ok=✗
  [39/85] L1315 (R02984) ok=✓ legacy [primed] [hint saved]
  [40/85] L1316 (R02985) ok=✓ legacy [primed] [hint saved]
  [41/85] L1317 (R02986) ok=✗
  [42/85] L1318 (R02987) ok=✗
  [43/85] L1314 (R02983) ok=✗
  [44/85] L1320 (R02989) ok=✗
  [45/85] L1321 (R02990) ok=✓ legacy [primed] [hint saved]
  [46/85] L1319 (R02988) ok=✗
  [47/85] L1323 (R02992) ok=✗
  [48/85] L1322 (R02991) ok=✗
  [49/85] L1325 (R02994) ok=✗
  [50/85] L1324 (R02993) ok=✗
  [51/85] L1326 (R02995) ok=✗
  [52/85] L1327 (R02996) ok=✗
  [53/85] L1328 (R02997) ok=✗
  [54/85] L1330 (R02999) ok=✗
  [55/85] L1331 (R03000) ok=✓ legacy [primed] [hint saved]
  [56/85] L1332 (R03001) ok=✓ legacy [primed] [hint saved]
  [57/85] L1329 (R02998) ok=✗
  [58/85] L1333 (R03002) ok=✗
  [59/85] L1334 (R03003) ok=✗
  [60/85] L1335 (R03004) ok=✗
  [61/85] L1337 (R03006) ok=✗
  [62/85] L1338 (R03007) ok=✓ legacy [primed] [hint saved]
  [63/85] L1336 (R03005) ok=✗
  [64/85] L1340 (R03009) ok=✓ legacy [primed] [hint saved]
  [65/85] L1341 (R03010) ok=✓ legacy [primed] [hint saved]
  [66/85] L1339 (R03008) ok=✗
  [67/85] L1343 (R03012) ok=✓ legacy [primed] [hint saved]
  [68/85] L1342 (R03011) ok=✗
  [69/85] L1345 (R03014) ok=✗
  [70/85] L1346 (R03015) ok=✓ legacy [primed] [hint saved]
  [71/85] L1344 (R03013) ok=✗
  [72/85] L1348 (R03017) ok=✗
  [73/85] L1349 (R03018) ok=✗
  [74/85] L1347 (R03016) ok=✗
  [75/85] L1350 (R03019) ok=✗
  [76/85] L1351 (R03020) ok=✗
  [77/85] L1352 (R03021) ok=✗
  [78/85] L1353 (R03022) ok=✗
  [79/85] L1354 (R03023) ok=✗
  [80/85] L1356 (R03025) ok=✓ legacy [primed] [hint saved]
  [81/85] L1357 (R03026) ok=✗
  [82/85] L1358 (R03027) ok=✓ legacy [primed] [hint saved]
  [83/85] L1355 (R03024) ok=✗
  [84/85] L1359 (R03028) ok=✗
  [85/85] L1360 (R03029) ok=✗
Hints: appended to 31 level(s); 31 hint file(s) changed on disk.
Result: solved=31/85, solvedBeforeFallback=0, fallbackOnly=31, unsolved=54
Wrote logs/solver-corpus2-batches/batch-16.json
Wrote logs/solver-corpus2-batches/batch-16-summary.md
portfolio-solve-sweep: corpus=data/stress/stress-levels-random.json levels=85 (85 to solve) scheduler-mode=legacy budget=8000ms node-budget=20000000 workers=2 enable-flags=STRATEGY_REPAIR_TURN_BIAS save-hints=true
  winner-first: normal + seeded-repair winners (shares solve budget) | 31/85 levels will be primed
  [1/85] L1276 (R02945) ok=✓ legacy [primed] [hint saved]
  [2/85] L1277 (R02946) ok=✓ legacy [primed] [hint saved]
  [3/85] L1279 (R02948) ok=✓ legacy [primed] [hint saved]
  [4/85] L1278 (R02947) ok=✗
  [5/85] L1281 (R02950) ok=✗
  [6/85] L1282 (R02951) ok=✗
  [7/85] L1283 (R02952) ok=✓ legacy [primed] [hint saved]
  [8/85] L1280 (R02949) ok=✗
  [9/85] L1284 (R02953) ok=✗
  [10/85] L1286 (R02955) ok=✓ legacy [primed] [hint saved]
  [11/85] L1285 (R02954) ok=✗
  [12/85] L1288 (R02957) ok=✓ legacy [primed] [hint saved]
  [13/85] L1289 (R02958) ok=✓ legacy [primed] [hint saved]
  [14/85] L1290 (R02959) ok=✗
  [15/85] L1287 (R02956) ok=✗
  [16/85] L1291 (R02960) ok=✗
  [17/85] L1293 (R02962) ok=✓ legacy [primed] [hint saved]
  [18/85] L1292 (R02961) ok=✗
  [19/85] L1295 (R02964) ok=✓ legacy [primed] [hint saved]
  [20/85] L1296 (R02965) ok=✓ legacy [primed] [hint saved]
  [21/85] L1294 (R02963) ok=✗
  [22/85] L1298 (R02967) ok=✓ legacy [primed] [hint saved]
  [23/85] L1299 (R02968) ok=✓ legacy [primed] [hint saved]
  [24/85] L1300 (R02969) ok=✗
  [25/85] L1297 (R02966) ok=✗
  [26/85] L1301 (R02970) ok=✗
  [27/85] L1303 (R02972) ok=✓ legacy [primed] [hint saved]
  [28/85] L1304 (R02973) ok=✓ legacy [primed] [hint saved]
  [29/85] L1302 (R02971) ok=✗
  [30/85] L1306 (R02975) ok=✗
  [31/85] L1307 (R02976) ok=✓ legacy [primed] [hint saved]
  [32/85] L1308 (R02977) ok=✓ legacy [primed] [hint saved]
  [33/85] L1309 (R02978) ok=✓ legacy [primed] [hint saved]
  [34/85] L1305 (R02974) ok=✗
  [35/85] L1310 (R02979) ok=✗
  [36/85] L1312 (R02981) ok=✓ legacy [primed] [hint saved]
  [37/85] L1313 (R02982) ok=✓ legacy [primed] [hint saved]
  [38/85] L1311 (R02980) ok=✗
  [39/85] L1315 (R02984) ok=✓ legacy [hint saved]
  [40/85] L1316 (R02985) ok=✓ legacy [primed] [hint saved]
  [41/85] L1317 (R02986) ok=✗
  [42/85] L1314 (R02983) ok=✗
  [43/85] L1318 (R02987) ok=✗
  [44/85] L1320 (R02989) ok=✗
  [45/85] L1321 (R02990) ok=✓ legacy [primed] [hint saved]
  [46/85] L1319 (R02988) ok=✗
  [47/85] L1323 (R02992) ok=✓ legacy [hint saved]
  [48/85] L1322 (R02991) ok=✗
  [49/85] L1324 (R02993) ok=✗
  [50/85] L1325 (R02994) ok=✗
  [51/85] L1326 (R02995) ok=✗
  [52/85] L1327 (R02996) ok=✗
  [53/85] L1328 (R02997) ok=✗
  [54/85] L1330 (R02999) ok=✗
  [55/85] L1331 (R03000) ok=✓ legacy [primed] [hint saved]
  [56/85] L1332 (R03001) ok=✓ legacy [primed] [hint saved]
  [57/85] L1329 (R02998) ok=✗
  [58/85] L1333 (R03002) ok=✗
  [59/85] L1334 (R03003) ok=✗
  [60/85] L1335 (R03004) ok=✗
  [61/85] L1337 (R03006) ok=✗
  [62/85] L1336 (R03005) ok=✗
  [63/85] L1338 (R03007) ok=✓ legacy [primed] [hint saved]
  [64/85] L1340 (R03009) ok=✓ legacy [primed] [hint saved]
  [65/85] L1341 (R03010) ok=✓ legacy [primed] [hint saved]
  [66/85] L1339 (R03008) ok=✗
  [67/85] L1343 (R03012) ok=✓ legacy [primed] [hint saved]
  [68/85] L1342 (R03011) ok=✗
  [69/85] L1345 (R03014) ok=✗
  [70/85] L1346 (R03015) ok=✓ legacy [hint saved]
  [71/85] L1344 (R03013) ok=✗
  [72/85] L1348 (R03017) ok=✗
  [73/85] L1349 (R03018) ok=✗
  [74/85] L1347 (R03016) ok=✗
  [75/85] L1350 (R03019) ok=✗
  [76/85] L1351 (R03020) ok=✗
  [77/85] L1352 (R03021) ok=✗
  [78/85] L1353 (R03022) ok=✗
  [79/85] L1354 (R03023) ok=✗
  [80/85] L1356 (R03025) ok=✓ legacy [primed] [hint saved]
  [81/85] L1357 (R03026) ok=✗
  [82/85] L1358 (R03027) ok=✓ legacy [primed] [hint saved]
  [83/85] L1355 (R03024) ok=✗
  [84/85] L1359 (R03028) ok=✗
  [85/85] L1360 (R03029) ok=✗
Hints: appended to 32 level(s); 32 hint file(s) changed on disk.
Result: solved=32/85, solvedBeforeFallback=0, fallbackOnly=32, unsolved=53
Wrote logs/solver-corpus2-batches/batch-16.json
Wrote logs/solver-corpus2-batches/batch-16-summary.md
portfolio-solve-sweep: corpus=data/stress/stress-levels-random.json levels=85 (85 to solve) scheduler-mode=legacy budget=8000ms node-budget=20000000 workers=2 enable-flags=STRATEGY_REPAIR_TURN_BIAS save-hints=true
  winner-first: normal + seeded-repair winners (shares solve budget) | 30/85 levels will be primed
  [1/85] L1276 (R02945) ok=✓ legacy [primed] [hint saved]
  [2/85] L1277 (R02946) ok=✓ legacy [primed] [hint saved]
  [3/85] L1279 (R02948) ok=✓ legacy [primed] [hint saved]
  [4/85] L1278 (R02947) ok=✗
  [5/85] L1281 (R02950) ok=✗
  [6/85] L1282 (R02951) ok=✗
  [7/85] L1283 (R02952) ok=✓ legacy [primed] [hint saved]
  [8/85] L1280 (R02949) ok=✗
  [9/85] L1284 (R02953) ok=✗
  [10/85] L1286 (R02955) ok=✓ legacy [primed] [hint saved]
  [11/85] L1285 (R02954) ok=✗
  [12/85] L1288 (R02957) ok=✓ legacy [primed] [hint saved]
  [13/85] L1289 (R02958) ok=✓ legacy [primed] [hint saved]
  [14/85] L1290 (R02959) ok=✗
  [15/85] L1287 (R02956) ok=✗
  [16/85] L1291 (R02960) ok=✗
  [17/85] L1293 (R02962) ok=✓ legacy [primed] [hint saved]
  [18/85] L1292 (R02961) ok=✗
  [19/85] L1295 (R02964) ok=✓ legacy [primed] [hint saved]
  [20/85] L1296 (R02965) ok=✓ legacy [primed] [hint saved]
  [21/85] L1294 (R02963) ok=✗
  [22/85] L1298 (R02967) ok=✓ legacy [primed] [hint saved]
  [23/85] L1299 (R02968) ok=✓ legacy [primed] [hint saved]
  [24/85] L1300 (R02969) ok=✗
  [25/85] L1301 (R02970) ok=✗
  [26/85] L1297 (R02966) ok=✗
  [27/85] L1303 (R02972) ok=✓ legacy [primed] [hint saved]
  [28/85] L1304 (R02973) ok=✓ legacy [primed] [hint saved]
  [29/85] L1302 (R02971) ok=✗
  [30/85] L1306 (R02975) ok=✗
  [31/85] L1307 (R02976) ok=✓ legacy [primed] [hint saved]
  [32/85] L1308 (R02977) ok=✓ legacy [primed] [hint saved]
  [33/85] L1309 (R02978) ok=✓ legacy [primed] [hint saved]
  [34/85] L1305 (R02974) ok=✗
  [35/85] L1310 (R02979) ok=✗
  [36/85] L1312 (R02981) ok=✓ legacy [primed] [hint saved]
  [37/85] L1313 (R02982) ok=✓ legacy [primed] [hint saved]
  [38/85] L1311 (R02980) ok=✗
  [39/85] L1315 (R02984) ok=✓ legacy [hint saved]
  [40/85] L1316 (R02985) ok=✓ legacy [primed] [hint saved]
  [41/85] L1314 (R02983) ok=✗
  [42/85] L1317 (R02986) ok=✗
  [43/85] L1318 (R02987) ok=✗
  [44/85] L1320 (R02989) ok=✗
  [45/85] L1321 (R02990) ok=✓ legacy [primed] [hint saved]
  [46/85] L1319 (R02988) ok=✗
  [47/85] L1323 (R02992) ok=✓ legacy [primed] [hint saved]
  [48/85] L1322 (R02991) ok=✗
  [49/85] L1324 (R02993) ok=✗
  [50/85] L1325 (R02994) ok=✗
  [51/85] L1326 (R02995) ok=✗
  [52/85] L1327 (R02996) ok=✗
  [53/85] L1328 (R02997) ok=✗
  [54/85] L1330 (R02999) ok=✗
  [55/85] L1331 (R03000) ok=✓ legacy [primed] [hint saved]
  [56/85] L1332 (R03001) ok=✓ legacy [primed] [hint saved]
  [57/85] L1329 (R02998) ok=✗
  [58/85] L1333 (R03002) ok=✗
  [59/85] L1334 (R03003) ok=✗
  [60/85] L1335 (R03004) ok=✗
  [61/85] L1337 (R03006) ok=✗
  [62/85] L1338 (R03007) ok=✓ legacy [primed] [hint saved]
  [63/85] L1336 (R03005) ok=✗
  [64/85] L1340 (R03009) ok=✓ legacy [primed] [hint saved]
  [65/85] L1341 (R03010) ok=✓ legacy [primed] [hint saved]
  [66/85] L1339 (R03008) ok=✗
  [67/85] L1343 (R03012) ok=✓ legacy [primed] [hint saved]
  [68/85] L1342 (R03011) ok=✗
  [69/85] L1345 (R03014) ok=✗
  [70/85] L1346 (R03015) ok=✓ legacy [hint saved]
  [71/85] L1344 (R03013) ok=✗
  [72/85] L1348 (R03017) ok=✗
  [73/85] L1349 (R03018) ok=✗
  [74/85] L1347 (R03016) ok=✗
  [75/85] L1351 (R03020) ok=✗
  [76/85] L1352 (R03021) ok=✗
  [77/85] L1350 (R03019) ok=✗
  [78/85] L1353 (R03022) ok=✗
  [79/85] L1354 (R03023) ok=✗
  [80/85] L1356 (R03025) ok=✓ legacy [primed] [hint saved]
  [81/85] L1357 (R03026) ok=✗
  [82/85] L1358 (R03027) ok=✓ legacy [primed] [hint saved]
  [83/85] L1355 (R03024) ok=✗
  [84/85] L1359 (R03028) ok=✗
  [85/85] L1360 (R03029) ok=✗
Hints: appended to 32 level(s); 32 hint file(s) changed on disk.
Result: solved=32/85, solvedBeforeFallback=0, fallbackOnly=32, unsolved=53
Wrote logs/solver-corpus2-batches/batch-16.json
Wrote logs/solver-corpus2-batches/batch-16-summary.md
portfolio-solve-sweep: corpus=data/stress/stress-levels-random.json levels=85 (85 to solve) scheduler-mode=legacy budget=8000ms node-budget=20000000 workers=2 enable-flags=STRATEGY_REPAIR_TURN_BIAS save-hints=true
  winner-first: normal + seeded-repair winners (shares solve budget) | 30/85 levels will be primed
  [1/85] L1276 (R02945) ok=✓ legacy [primed] [hint saved]
  [2/85] L1277 (R02946) ok=✓ legacy [primed] [hint saved]
  [3/85] L1279 (R02948) ok=✓ legacy [primed] [hint saved]
  [4/85] L1278 (R02947) ok=✗
  [5/85] L1281 (R02950) ok=✗
  [6/85] L1282 (R02951) ok=✗
  [7/85] L1283 (R02952) ok=✓ legacy [primed] [hint saved]
  [8/85] L1280 (R02949) ok=✗
  [9/85] L1284 (R02953) ok=✗
  [10/85] L1286 (R02955) ok=✓ legacy [primed] [hint saved]
  [11/85] L1285 (R02954) ok=✗
  [12/85] L1288 (R02957) ok=✓ legacy [primed] [hint saved]
  [13/85] L1289 (R02958) ok=✓ legacy [primed] [hint saved]
  [14/85] L1290 (R02959) ok=✗
  [15/85] L1287 (R02956) ok=✗
  [16/85] L1291 (R02960) ok=✗
  [17/85] L1293 (R02962) ok=✓ legacy [primed] [hint saved]
  [18/85] L1294 (R02963) ok=✗
  [19/85] L1295 (R02964) ok=✓ legacy [primed] [hint saved]
  [20/85] L1296 (R02965) ok=✓ legacy [primed] [hint saved]
  [21/85] L1292 (R02961) ok=✗
  [22/85] L1298 (R02967) ok=✓ legacy [primed] [hint saved]
  [23/85] L1299 (R02968) ok=✓ legacy [primed] [hint saved]
  [24/85] L1300 (R02969) ok=✗
  [25/85] L1297 (R02966) ok=✗
  [26/85] L1301 (R02970) ok=✗
  [27/85] L1303 (R02972) ok=✓ legacy [primed] [hint saved]
  [28/85] L1304 (R02973) ok=✓ legacy [primed] [hint saved]
  [29/85] L1302 (R02971) ok=✗
  [30/85] L1306 (R02975) ok=✗
  [31/85] L1307 (R02976) ok=✓ legacy [primed] [hint saved]
  [32/85] L1308 (R02977) ok=✓ legacy [primed] [hint saved]
  [33/85] L1309 (R02978) ok=✓ legacy [primed] [hint saved]
  [34/85] L1305 (R02974) ok=✗
  [35/85] L1310 (R02979) ok=✗
  [36/85] L1312 (R02981) ok=✓ legacy [primed] [hint saved]
  [37/85] L1313 (R02982) ok=✓ legacy [primed] [hint saved]
  [38/85] L1311 (R02980) ok=✗
  [39/85] L1315 (R02984) ok=✓ legacy [hint saved]
  [40/85] L1316 (R02985) ok=✓ legacy [primed] [hint saved]
  [41/85] L1317 (R02986) ok=✗
  [42/85] L1314 (R02983) ok=✗
  [43/85] L1318 (R02987) ok=✗
  [44/85] L1320 (R02989) ok=✗
  [45/85] L1321 (R02990) ok=✓ legacy [primed] [hint saved]
  [46/85] L1319 (R02988) ok=✗
  [47/85] L1323 (R02992) ok=✓ legacy [primed] [hint saved]
  [48/85] L1322 (R02991) ok=✗
  [49/85] L1324 (R02993) ok=✗
  [50/85] L1325 (R02994) ok=✗
  [51/85] L1326 (R02995) ok=✗
  [52/85] L1327 (R02996) ok=✗
  [53/85] L1328 (R02997) ok=✗
  [54/85] L1330 (R02999) ok=✗
  [55/85] L1331 (R03000) ok=✓ legacy [primed] [hint saved]
  [56/85] L1332 (R03001) ok=✓ legacy [primed] [hint saved]
  [57/85] L1329 (R02998) ok=✗
  [58/85] L1333 (R03002) ok=✗
  [59/85] L1334 (R03003) ok=✗
  [60/85] L1335 (R03004) ok=✗
  [61/85] L1336 (R03005) ok=✗
  [62/85] L1338 (R03007) ok=✓ legacy [primed] [hint saved]
  [63/85] L1337 (R03006) ok=✗
  [64/85] L1340 (R03009) ok=✓ legacy [primed] [hint saved]
  [65/85] L1341 (R03010) ok=✓ legacy [primed] [hint saved]
  [66/85] L1339 (R03008) ok=✗
  [67/85] L1343 (R03012) ok=✓ legacy [primed] [hint saved]
  [68/85] L1342 (R03011) ok=✗
  [69/85] L1345 (R03014) ok=✗
  [70/85] L1346 (R03015) ok=✓ legacy [hint saved]
  [71/85] L1344 (R03013) ok=✗
  [72/85] L1348 (R03017) ok=✗
  [73/85] L1349 (R03018) ok=✗
  [74/85] L1347 (R03016) ok=✗
  [75/85] L1351 (R03020) ok=✗
  [76/85] L1352 (R03021) ok=✗
  [77/85] L1350 (R03019) ok=✗
  [78/85] L1353 (R03022) ok=✗
  [79/85] L1354 (R03023) ok=✗
  [80/85] L1356 (R03025) ok=✓ legacy [primed] [hint saved]
  [81/85] L1357 (R03026) ok=✗
  [82/85] L1358 (R03027) ok=✓ legacy [primed] [hint saved]
  [83/85] L1355 (R03024) ok=✗
  [84/85] L1359 (R03028) ok=✗
  [85/85] L1360 (R03029) ok=✗
Hints: appended to 32 level(s); 32 hint file(s) changed on disk.
Result: solved=32/85, solvedBeforeFallback=0, fallbackOnly=32, unsolved=53
Wrote logs/solver-corpus2-batches/batch-16.json
Wrote logs/solver-corpus2-batches/batch-16-summary.md
portfolio-solve-sweep: corpus=data/stress/stress-levels-random.json levels=85 (85 to solve) scheduler-mode=legacy budget=8000ms node-budget=20000000 workers=2 enable-flags=STRATEGY_REPAIR_TURN_BIAS save-hints=true
  winner-first: normal + seeded-repair winners (shares solve budget) | 31/85 levels will be primed
  [1/85] L1276 (R02945) ok=✓ legacy [primed] [hint saved]
  [2/85] L1277 (R02946) ok=✓ legacy [primed] [hint saved]
  [3/85] L1279 (R02948) ok=✓ legacy [primed] [hint saved]
  [4/85] L1278 (R02947) ok=✗
  [5/85] L1281 (R02950) ok=✗
  [6/85] L1282 (R02951) ok=✗
  [7/85] L1283 (R02952) ok=✓ legacy [primed] [hint saved]
  [8/85] L1280 (R02949) ok=✗
  [9/85] L1284 (R02953) ok=✗
  [10/85] L1286 (R02955) ok=✓ legacy [primed] [hint saved]
  [11/85] L1285 (R02954) ok=✗
  [12/85] L1288 (R02957) ok=✓ legacy [primed] [hint saved]
  [13/85] L1289 (R02958) ok=✓ legacy [primed] [hint saved]
  [14/85] L1290 (R02959) ok=✗
  [15/85] L1287 (R02956) ok=✗
  [16/85] L1291 (R02960) ok=✗
  [17/85] L1293 (R02962) ok=✓ legacy [primed] [hint saved]
  [18/85] L1294 (R02963) ok=✗
  [19/85] L1292 (R02961) ok=✗
  [20/85] L1295 (R02964) ok=✓ legacy [primed] [hint saved]
  [21/85] L1296 (R02965) ok=✓ legacy [primed] [hint saved]
  [22/85] L1298 (R02967) ok=✓ legacy [primed] [hint saved]
  [23/85] L1299 (R02968) ok=✓ legacy [primed] [hint saved]
  [24/85] L1300 (R02969) ok=✗
  [25/85] L1301 (R02970) ok=✗
  [26/85] L1297 (R02966) ok=✗
  [27/85] L1303 (R02972) ok=✓ legacy [primed] [hint saved]
  [28/85] L1304 (R02973) ok=✓ legacy [primed] [hint saved]
  [29/85] L1302 (R02971) ok=✗
  [30/85] L1306 (R02975) ok=✗
  [31/85] L1307 (R02976) ok=✓ legacy [primed] [hint saved]
  [32/85] L1308 (R02977) ok=✓ legacy [primed] [hint saved]
  [33/85] L1309 (R02978) ok=✓ legacy [primed] [hint saved]
  [34/85] L1305 (R02974) ok=✗
  [35/85] L1311 (R02980) ok=✗
  [36/85] L1312 (R02981) ok=✓ legacy [primed] [hint saved]
  [37/85] L1313 (R02982) ok=✓ legacy [primed] [hint saved]
  [38/85] L1310 (R02979) ok=✗
  [39/85] L1315 (R02984) ok=✓ legacy [hint saved]
  [40/85] L1316 (R02985) ok=✓ legacy [primed] [hint saved]
  [41/85] L1317 (R02986) ok=✗
  [42/85] L1318 (R02987) ok=✗
  [43/85] L1314 (R02983) ok=✗
  [44/85] L1320 (R02989) ok=✗
  [45/85] L1321 (R02990) ok=✓ legacy [primed] [hint saved]
  [46/85] L1319 (R02988) ok=✗
  [47/85] L1323 (R02992) ok=✓ legacy [hint saved]
  [48/85] L1322 (R02991) ok=✗
  [49/85] L1324 (R02993) ok=✗
  [50/85] L1325 (R02994) ok=✗
  [51/85] L1326 (R02995) ok=✗
  [52/85] L1327 (R02996) ok=✗
  [53/85] L1328 (R02997) ok=✗
  [54/85] L1330 (R02999) ok=✗
  [55/85] L1331 (R03000) ok=✓ legacy [primed] [hint saved]
  [56/85] L1332 (R03001) ok=✓ legacy [primed] [hint saved]
  [57/85] L1329 (R02998) ok=✗
  [58/85] L1333 (R03002) ok=✗
  [59/85] L1334 (R03003) ok=✗
  [60/85] L1335 (R03004) ok=✗
  [61/85] L1336 (R03005) ok=✗
  [62/85] L1338 (R03007) ok=✓ legacy [primed] [hint saved]
  [63/85] L1337 (R03006) ok=✗
  [64/85] L1340 (R03009) ok=✓ legacy [primed] [hint saved]
  [65/85] L1341 (R03010) ok=✓ legacy [primed] [hint saved]
  [66/85] L1339 (R03008) ok=✗
  [67/85] L1343 (R03012) ok=✓ legacy [primed] [hint saved]
  [68/85] L1342 (R03011) ok=✗
  [69/85] L1345 (R03014) ok=✗
  [70/85] L1344 (R03013) ok=✗
  [71/85] L1346 (R03015) ok=✓ legacy [hint saved]
  [72/85] L1348 (R03017) ok=✗
  [73/85] L1349 (R03018) ok=✗
  [74/85] L1347 (R03016) ok=✗
  [75/85] L1351 (R03020) ok=✗
  [76/85] L1350 (R03019) ok=✗
  [77/85] L1352 (R03021) ok=✗
  [78/85] L1354 (R03023) ok=✗
  [79/85] L1353 (R03022) ok=✗
  [80/85] L1356 (R03025) ok=✓ legacy [primed] [hint saved]
  [81/85] L1357 (R03026) ok=✗
  [82/85] L1358 (R03027) ok=✓ legacy [primed] [hint saved]
  [83/85] L1355 (R03024) ok=✗
  [84/85] L1359 (R03028) ok=✗
  [85/85] L1360 (R03029) ok=✗
Hints: appended to 32 level(s); 32 hint file(s) changed on disk.
Result: solved=32/85, solvedBeforeFallback=0, fallbackOnly=32, unsolved=53
Wrote logs/solver-corpus2-batches/batch-16.json
Wrote logs/solver-corpus2-batches/batch-16-summary.md
portfolio-solve-sweep: corpus=data/stress/stress-levels-random.json levels=85 (85 to solve) scheduler-mode=legacy budget=86400000ms node-budget=36000000 workers=2 save-hints=true
  winner-first: normal + seeded-repair winners (shares solve budget) | 42/85 levels will be primed
  [1/85] L1277 (R02946) ok=✓ legacy [primed] [hint saved]
  [2/85] L1278 (R02947) ok=✓ legacy [primed] [hint saved]
  [3/85] L1279 (R02948) ok=✓ legacy [primed] [hint saved]
  [4/85] L1276 (R02945) ok=✓ legacy [primed] [hint saved]
  [5/85] L1281 (R02950) ok=✗
  [6/85] L1282 (R02951) ok=✗
  [7/85] L1283 (R02952) ok=✓ legacy [primed] [hint saved]
  [8/85] L1280 (R02949) ok=✗
  [9/85] L1285 (R02954) ok=✗
  [10/85] L1286 (R02955) ok=✓ legacy [primed] [hint saved]
  [11/85] L1287 (R02956) ok=✗
  [12/85] L1288 (R02957) ok=✓ legacy [primed] [hint saved]
  [13/85] L1289 (R02958) ok=✓ legacy [primed] [hint saved]
  [14/85] L1284 (R02953) ok=✗
  [15/85] L1290 (R02959) ok=✗
  [16/85] L1291 (R02960) ok=✗
  [17/85] L1293 (R02962) ok=✓ legacy [primed] [hint saved]
  [18/85] L1292 (R02961) ok=✗
  [19/85] L1295 (R02964) ok=✓ legacy [primed] [hint saved]
  [20/85] L1296 (R02965) ok=✓ legacy [hint saved]
  [21/85] L1294 (R02963) ok=✗
  [22/85] L1298 (R02967) ok=✓ legacy [primed] [hint saved]
  [23/85] L1299 (R02968) ok=✓ legacy [primed] [hint saved]
  [24/85] L1300 (R02969) ok=✓ legacy [hint saved]
  [25/85] L1297 (R02966) ok=✗
  [26/85] L1302 (R02971) ok=✓ legacy [primed] [hint saved]
  [27/85] L1301 (R02970) ok=✗
  [28/85] L1304 (R02973) ok=✓ legacy [primed] [hint saved]
  [29/85] L1305 (R02974) ok=✗
  [30/85] L1306 (R02975) ok=✓ legacy [primed] [hint saved]
  [31/85] L1307 (R02976) ok=✓ legacy [primed] [hint saved]
  [32/85] L1308 (R02977) ok=✓ legacy [primed] [hint saved]
  [33/85] L1303 (R02972) ok=✓ legacy [primed] [hint saved]
  [34/85] L1309 (R02978) ok=✓ legacy [primed] [hint saved]
  [35/85] L1310 (R02979) ok=✗
  [36/85] L1312 (R02981) ok=✓ legacy [primed] [hint saved]
  [37/85] L1313 (R02982) ok=✓ legacy [primed] [hint saved]
  [38/85] L1311 (R02980) ok=✗
  [39/85] L1314 (R02983) ok=✓ legacy [hint saved]
  [40/85] L1316 (R02985) ok=✓ legacy [primed] [hint saved]
  [41/85] L1315 (R02984) ok=✓ legacy [primed] [hint saved]
  [42/85] L1317 (R02986) ok=✗
  [43/85] L1319 (R02988) ok=✓ legacy [primed] [hint saved]
  [44/85] L1318 (R02987) ok=✗
  [45/85] L1321 (R02990) ok=✓ legacy [primed] [hint saved]
  [46/85] L1320 (R02989) ok=✗
  [47/85] L1322 (R02991) ok=✗
  [48/85] L1323 (R02992) ok=✗
  [49/85] L1324 (R02993) ok=✗
  [50/85] L1325 (R02994) ok=✗
  [51/85] L1326 (R02995) ok=✗
  [52/85] L1327 (R02996) ok=✗
  [53/85] L1328 (R02997) ok=✗
  [54/85] L1330 (R02999) ok=✓ legacy [hint saved]
  [55/85] L1331 (R03000) ok=✓ legacy [primed] [hint saved]
  [56/85] L1329 (R02998) ok=✗
  [57/85] L1332 (R03001) ok=✓ legacy [primed] [hint saved]
  [58/85] L1333 (R03002) ok=✗
  [59/85] L1335 (R03004) ok=✗
  [60/85] L1334 (R03003) ok=✗
  [61/85] L1336 (R03005) ok=✗
  [62/85] L1338 (R03007) ok=✓ legacy [primed] [hint saved]
  [63/85] L1337 (R03006) ok=✗
  [64/85] L1340 (R03009) ok=✓ legacy [primed] [hint saved]
  [65/85] L1341 (R03010) ok=✓ legacy [primed] [hint saved]
  [66/85] L1339 (R03008) ok=✗
  [67/85] L1343 (R03012) ok=✓ legacy [primed] [hint saved]
  [68/85] L1342 (R03011) ok=✗
  [69/85] L1345 (R03014) ok=✗
  [70/85] L1346 (R03015) ok=✓ legacy [primed] [hint saved]
  [71/85] L1344 (R03013) ok=✗
  [72/85] L1348 (R03017) ok=✓ legacy [primed] [hint saved]
  [73/85] L1349 (R03018) ok=✓ legacy [hint saved]
  [74/85] L1347 (R03016) ok=✗
  [75/85] L1351 (R03020) ok=✗
  [76/85] L1350 (R03019) ok=✗
  [77/85] L1352 (R03021) ok=✗
  [78/85] L1354 (R03023) ok=✓ legacy [primed] [hint saved]
  [79/85] L1353 (R03022) ok=✗
  [80/85] L1356 (R03025) ok=✓ legacy [primed] [hint saved]
  [81/85] L1357 (R03026) ok=✗
  [82/85] L1358 (R03027) ok=✓ legacy [primed] [hint saved]
  [83/85] L1355 (R03024) ok=✗
  [84/85] L1359 (R03028) ok=✗
  [85/85] L1360 (R03029) ok=✗
Hints: appended to 41 level(s); 41 hint file(s) changed on disk.
Result: solved=41/85, solvedBeforeFallback=0, fallbackOnly=41, unsolved=44
Wrote logs/solver-corpus2-batches/batch-16.json
Wrote logs/solver-corpus2-batches/batch-16-summary.md
portfolio-solve-sweep: corpus=data/stress/stress-levels-random.json levels=85 (85 to solve) scheduler-mode=legacy budget=86400000ms node-budget=36000000 workers=2 save-hints=true
  winner-first: normal + seeded-repair winners (shares solve budget) | 41/85 levels will be primed
  [1/85] L1277 (R02946) ok=✓ legacy [primed] [hint saved]
  [2/85] L1278 (R02947) ok=✓ legacy [primed] [hint saved]
  [3/85] L1279 (R02948) ok=✓ legacy [primed] [hint saved]
  [4/85] L1276 (R02945) ok=✓ legacy [primed] [hint saved]
  [5/85] L1281 (R02950) ok=✗
  [6/85] L1282 (R02951) ok=✗
  [7/85] L1283 (R02952) ok=✓ legacy [primed] [hint saved]
  [8/85] L1280 (R02949) ok=✗
  [9/85] L1285 (R02954) ok=✗
  [10/85] L1286 (R02955) ok=✓ legacy [primed] [hint saved]
  [11/85] L1284 (R02953) ok=✗
  [12/85] L1288 (R02957) ok=✓ legacy [primed] [hint saved]
  [13/85] L1289 (R02958) ok=✓ legacy [primed] [hint saved]
  [14/85] L1290 (R02959) ok=✓ legacy [hint saved]
  [15/85] L1287 (R02956) ok=✗
  [16/85] L1291 (R02960) ok=✗
  [17/85] L1293 (R02962) ok=✓ legacy [primed] [hint saved]
  [18/85] L1292 (R02961) ok=✗
  [19/85] L1295 (R02964) ok=✓ legacy [primed] [hint saved]
  [20/85] L1296 (R02965) ok=✓ legacy [primed] [hint saved]
  [21/85] L1294 (R02963) ok=✗
  [22/85] L1298 (R02967) ok=✓ legacy [primed] [hint saved]
  [23/85] L1299 (R02968) ok=✓ legacy [primed] [hint saved]
  [24/85] L1297 (R02966) ok=✗
  [25/85] L1300 (R02969) ok=✓ legacy [primed] [hint saved]
  [26/85] L1302 (R02971) ok=✓ legacy [primed] [hint saved]
  [27/85] L1301 (R02970) ok=✗
  [28/85] L1304 (R02973) ok=✓ legacy [primed] [hint saved]
  [29/85] L1305 (R02974) ok=✗
  [30/85] L1306 (R02975) ok=✓ legacy [primed] [hint saved]
  [31/85] L1307 (R02976) ok=✓ legacy [primed] [hint saved]
  [32/85] L1308 (R02977) ok=✓ legacy [primed] [hint saved]
  [33/85] L1303 (R02972) ok=✓ legacy [primed] [hint saved]
  [34/85] L1309 (R02978) ok=✓ legacy [primed] [hint saved]
  [35/85] L1311 (R02980) ok=✗
  [36/85] L1312 (R02981) ok=✓ legacy [primed] [hint saved]
  [37/85] L1313 (R02982) ok=✓ legacy [primed] [hint saved]
  [38/85] L1314 (R02983) ok=✓ legacy [primed] [hint saved]
  [39/85] L1315 (R02984) ok=✓ legacy [primed] [hint saved]
  [40/85] L1316 (R02985) ok=✓ legacy [primed] [hint saved]
  [41/85] L1310 (R02979) ok=✗
  [42/85] L1317 (R02986) ok=✗
  [43/85] L1319 (R02988) ok=✓ legacy [primed] [hint saved]
  [44/85] L1318 (R02987) ok=✗
  [45/85] L1321 (R02990) ok=✓ legacy [primed] [hint saved]
  [46/85] L1320 (R02989) ok=✗
  [47/85] L1322 (R02991) ok=✗
  [48/85] L1323 (R02992) ok=✗
  [49/85] L1325 (R02994) ok=✗
  [50/85] L1324 (R02993) ok=✗
  [51/85] L1326 (R02995) ok=✗
  [52/85] L1327 (R02996) ok=✗
  [53/85] L1329 (R02998) ok=✓ legacy [hint saved]
  [54/85] L1330 (R02999) ok=✓ legacy [primed] [hint saved]
  [55/85] L1328 (R02997) ok=✗
  [56/85] L1331 (R03000) ok=✓ legacy [primed] [hint saved]
  [57/85] L1332 (R03001) ok=✓ legacy [primed] [hint saved]
  [58/85] L1333 (R03002) ok=✗
  [59/85] L1335 (R03004) ok=✗
  [60/85] L1334 (R03003) ok=✗
  [61/85] L1337 (R03006) ok=✗
  [62/85] L1338 (R03007) ok=✓ legacy [primed] [hint saved]
  [63/85] L1336 (R03005) ok=✗
  [64/85] L1340 (R03009) ok=✓ legacy [primed] [hint saved]
  [65/85] L1341 (R03010) ok=✓ legacy [primed] [hint saved]
  [66/85] L1339 (R03008) ok=✗
  [67/85] L1343 (R03012) ok=✓ legacy [primed] [hint saved]
  [68/85] L1342 (R03011) ok=✗
  [69/85] L1345 (R03014) ok=✗
  [70/85] L1346 (R03015) ok=✓ legacy [primed] [hint saved]
  [71/85] L1344 (R03013) ok=✗
  [72/85] L1348 (R03017) ok=✓ legacy [primed] [hint saved]
  [73/85] L1349 (R03018) ok=✓ legacy [primed] [hint saved]
  [74/85] L1347 (R03016) ok=✗
  [75/85] L1351 (R03020) ok=✗
  [76/85] L1350 (R03019) ok=✗
  [77/85] L1352 (R03021) ok=✗
  [78/85] L1354 (R03023) ok=✓ legacy [primed] [hint saved]
  [79/85] L1353 (R03022) ok=✗
  [80/85] L1356 (R03025) ok=✓ legacy [primed] [hint saved]
  [81/85] L1357 (R03026) ok=✗
  [82/85] L1358 (R03027) ok=✓ legacy [primed] [hint saved]
  [83/85] L1355 (R03024) ok=✗
  [84/85] L1359 (R03028) ok=✗
  [85/85] L1360 (R03029) ok=✗
Hints: appended to 43 level(s); 43 hint file(s) changed on disk.
Result: solved=43/85, solvedBeforeFallback=0, fallbackOnly=43, unsolved=42
Wrote logs/solver-corpus2-batches/batch-16.json
Wrote logs/solver-corpus2-batches/batch-16-summary.md
