Prepared batch 13 (levels 1021-1105) at 2026-07-17T22:34:23Z.
portfolio-solve-sweep: corpus=data/stress/stress-levels-random.json levels=85 (85 to solve) scheduler-mode=legacy budget=8000ms node-budget=20000000 workers=2 save-hints=true
  [1/85] L1022 (R02691) ok=✗
  [2/85] L1021 (R02690) ok=✗
  [3/85] L1023 (R02692) ok=✗
  [4/85] L1024 (R02693) ok=✗
  [5/85] L1025 (R02694) ok=✗
  [6/85] L1027 (R02696) ok=✗
  [7/85] L1026 (R02695) ok=✗
  [8/85] L1029 (R02698) ok=✓ legacy [hint saved]
  [9/85] L1030 (R02699) ok=✓ legacy [hint saved]
  [10/85] L1028 (R02697) ok=✗
  [11/85] L1031 (R02700) ok=✗
  [12/85] L1033 (R02702) ok=✓ legacy [hint saved]
  [13/85] L1034 (R02703) ok=✗
  [14/85] L1035 (R02704) ok=✓ legacy [hint saved]
  [15/85] L1032 (R02701) ok=✗
  [16/85] L1037 (R02706) ok=✗
  [17/85] L1038 (R02707) ok=✓ legacy [hint saved]
  [18/85] L1039 (R02708) ok=✓ legacy [hint saved]
  [19/85] L1040 (R02709) ok=✗
  [20/85] L1036 (R02705) ok=✗
  [21/85] L1042 (R02711) ok=✗
  [22/85] L1041 (R02710) ok=✗
  [23/85] L1044 (R02713) ok=✓ legacy [hint saved]
  [24/85] L1045 (R02714) ok=✓ legacy [hint saved]
  [25/85] L1043 (R02712) ok=✗
  [26/85] L1046 (R02715) ok=✗
  [27/85] L1047 (R02716) ok=✗
  [28/85] L1049 (R02718) ok=✓ legacy [hint saved]
  [29/85] L1048 (R02717) ok=✗
  [30/85] L1051 (R02720) ok=✗
  [31/85] L1052 (R02721) ok=✓ legacy [hint saved]
  [32/85] L1050 (R02719) ok=✗
  [33/85] L1054 (R02723) ok=✗
  [34/85] L1053 (R02722) ok=✗
  [35/85] L1055 (R02724) ok=✗
  [36/85] L1057 (R02726) ok=✓ legacy [hint saved]
  [37/85] L1058 (R02727) ok=✓ legacy [hint saved]
  [38/85] L1056 (R02725) ok=✗
  [39/85] L1059 (R02728) ok=✗
  [40/85] L1060 (R02729) ok=✓ legacy [hint saved]
  [41/85] L1062 (R02731) ok=✗
  [42/85] L1061 (R02730) ok=✗
  [43/85] L1063 (R02732) ok=✗
  [44/85] L1065 (R02734) ok=✗
  [45/85] L1064 (R02733) ok=✗
  [46/85] L1067 (R02736) ok=✓ legacy [hint saved]
  [47/85] L1066 (R02735) ok=✗
  [48/85] L1068 (R02737) ok=✗
  [49/85] L1069 (R02738) ok=✗
  [50/85] L1070 (R02739) ok=✗
  [51/85] L1072 (R02741) ok=✓ legacy [hint saved]
  [52/85] L1073 (R02742) ok=✓ legacy [hint saved]
  [53/85] L1074 (R02743) ok=✓ legacy [hint saved]
  [54/85] L1075 (R02744) ok=✗
  [55/85] L1071 (R02740) ok=✗
  [56/85] L1076 (R02745) ok=✗
  [57/85] L1077 (R02746) ok=✗
  [58/85] L1079 (R02748) ok=✗
  [59/85] L1080 (R02749) ok=✓ legacy [hint saved]
  [60/85] L1081 (R02750) ok=✓ legacy [hint saved]
  [61/85] L1082 (R02751) ok=✗
  [62/85] L1083 (R02752) ok=✓ legacy [hint saved]
  [63/85] L1078 (R02747) ok=✗
  [64/85] L1084 (R02753) ok=✗
  [65/85] L1085 (R02754) ok=✗
  [66/85] L1087 (R02756) ok=✗
  [67/85] L1086 (R02755) ok=✗
  [68/85] L1088 (R02757) ok=✗
  [69/85] L1089 (R02758) ok=✗
  [70/85] L1090 (R02759) ok=✗
  [71/85] L1091 (R02760) ok=✗
  [72/85] L1093 (R02762) ok=✓ legacy [hint saved]
  [73/85] L1092 (R02761) ok=✗
  [74/85] L1095 (R02764) ok=✓ legacy [hint saved]
  [75/85] L1094 (R02763) ok=✗
  [76/85] L1096 (R02765) ok=✗
  [77/85] L1097 (R02766) ok=✗
  [78/85] L1099 (R02768) ok=✗
  [79/85] L1100 (R02769) ok=✗
  [80/85] L1098 (R02767) ok=✗
  [81/85] L1101 (R02770) ok=✗
  [82/85] L1102 (R02771) ok=✗
  [83/85] L1104 (R02773) ok=✗
  [84/85] L1103 (R02772) ok=✗
  [85/85] L1105 (R02774) ok=✗
Hints: appended to 22 level(s); 22 hint file(s) changed on disk.
Result: solved=22/85, solvedBeforeFallback=0, fallbackOnly=22, unsolved=63
Wrote logs/solver-corpus2-batches/batch-13.json
Wrote logs/solver-corpus2-batches/batch-13-summary.md
portfolio-solve-sweep: corpus=data/stress/stress-levels-random.json levels=85 (85 to solve) scheduler-mode=legacy budget=8000ms node-budget=20000000 workers=2 save-hints=true
  [1/85] L1022 (R02691) ok=✗
  [2/85] L1021 (R02690) ok=✗
  [3/85] L1023 (R02692) ok=✗
  [4/85] L1024 (R02693) ok=✗
  [5/85] L1025 (R02694) ok=✗
  [6/85] L1027 (R02696) ok=✗
  [7/85] L1026 (R02695) ok=✗
  [8/85] L1029 (R02698) ok=✓ legacy [hint saved]
  [9/85] L1030 (R02699) ok=✓ legacy [hint saved]
  [10/85] L1028 (R02697) ok=✗
  [11/85] L1031 (R02700) ok=✗
  [12/85] L1033 (R02702) ok=✓ legacy [hint saved]
  [13/85] L1034 (R02703) ok=✗
  [14/85] L1035 (R02704) ok=✓ legacy [hint saved]
  [15/85] L1032 (R02701) ok=✗
  [16/85] L1037 (R02706) ok=✗
  [17/85] L1038 (R02707) ok=✓ legacy [hint saved]
  [18/85] L1039 (R02708) ok=✓ legacy [hint saved]
  [19/85] L1040 (R02709) ok=✗
  [20/85] L1036 (R02705) ok=✗
  [21/85] L1042 (R02711) ok=✗
  [22/85] L1041 (R02710) ok=✗
  [23/85] L1044 (R02713) ok=✓ legacy [hint saved]
  [24/85] L1045 (R02714) ok=✓ legacy [hint saved]
  [25/85] L1043 (R02712) ok=✗
  [26/85] L1047 (R02716) ok=✗
  [27/85] L1046 (R02715) ok=✗
  [28/85] L1049 (R02718) ok=✓ legacy [hint saved]
  [29/85] L1048 (R02717) ok=✗
  [30/85] L1051 (R02720) ok=✗
  [31/85] L1052 (R02721) ok=✓ legacy [hint saved]
  [32/85] L1050 (R02719) ok=✗
  [33/85] L1054 (R02723) ok=✗
  [34/85] L1053 (R02722) ok=✗
  [35/85] L1055 (R02724) ok=✗
  [36/85] L1057 (R02726) ok=✓ legacy [hint saved]
  [37/85] L1058 (R02727) ok=✓ legacy [hint saved]
  [38/85] L1059 (R02728) ok=✗
  [39/85] L1056 (R02725) ok=✗
  [40/85] L1060 (R02729) ok=✓ legacy [hint saved]
  [41/85] L1062 (R02731) ok=✗
  [42/85] L1061 (R02730) ok=✗
  [43/85] L1063 (R02732) ok=✗
  [44/85] L1065 (R02734) ok=✗
  [45/85] L1064 (R02733) ok=✗
  [46/85] L1067 (R02736) ok=✓ legacy [hint saved]
  [47/85] L1066 (R02735) ok=✗
  [48/85] L1068 (R02737) ok=✗
  [49/85] L1069 (R02738) ok=✗
  [50/85] L1070 (R02739) ok=✗
  [51/85] L1072 (R02741) ok=✓ legacy [hint saved]
  [52/85] L1073 (R02742) ok=✓ legacy [hint saved]
  [53/85] L1074 (R02743) ok=✓ legacy [hint saved]
  [54/85] L1075 (R02744) ok=✗
  [55/85] L1071 (R02740) ok=✗
  [56/85] L1076 (R02745) ok=✗
  [57/85] L1077 (R02746) ok=✗
  [58/85] L1079 (R02748) ok=✗
  [59/85] L1080 (R02749) ok=✓ legacy [hint saved]
  [60/85] L1081 (R02750) ok=✓ legacy [hint saved]
  [61/85] L1082 (R02751) ok=✗
  [62/85] L1083 (R02752) ok=✓ legacy [hint saved]
  [63/85] L1078 (R02747) ok=✗
  [64/85] L1084 (R02753) ok=✗
  [65/85] L1085 (R02754) ok=✗
  [66/85] L1086 (R02755) ok=✗
  [67/85] L1087 (R02756) ok=✗
  [68/85] L1088 (R02757) ok=✗
  [69/85] L1089 (R02758) ok=✗
  [70/85] L1090 (R02759) ok=✗
  [71/85] L1091 (R02760) ok=✗
  [72/85] L1093 (R02762) ok=✓ legacy [hint saved]
  [73/85] L1092 (R02761) ok=✗
  [74/85] L1095 (R02764) ok=✓ legacy [hint saved]
  [75/85] L1096 (R02765) ok=✗
  [76/85] L1094 (R02763) ok=✗
  [77/85] L1097 (R02766) ok=✗
  [78/85] L1099 (R02768) ok=✗
  [79/85] L1098 (R02767) ok=✗
  [80/85] L1100 (R02769) ok=✗
  [81/85] L1102 (R02771) ok=✓ legacy [hint saved]
  [82/85] L1101 (R02770) ok=✗
  [83/85] L1103 (R02772) ok=✗
  [84/85] L1104 (R02773) ok=✗
  [85/85] L1105 (R02774) ok=✗
Hints: appended to 23 level(s); 23 hint file(s) changed on disk.
Result: solved=23/85, solvedBeforeFallback=0, fallbackOnly=23, unsolved=62
Wrote logs/solver-corpus2-batches/batch-13.json
Wrote logs/solver-corpus2-batches/batch-13-summary.md
portfolio-solve-sweep: corpus=data/stress/stress-levels-random.json levels=85 (85 to solve) scheduler-mode=legacy budget=8000ms node-budget=20000000 workers=2 save-hints=true
  [1/85] L1022 (R02691) ok=✗
  [2/85] L1021 (R02690) ok=✗
  [3/85] L1024 (R02693) ok=✗
  [4/85] L1023 (R02692) ok=✗
  [5/85] L1025 (R02694) ok=✗
  [6/85] L1027 (R02696) ok=✗
  [7/85] L1026 (R02695) ok=✗
  [8/85] L1029 (R02698) ok=✗
  [9/85] L1030 (R02699) ok=✓ legacy [hint saved]
  [10/85] L1031 (R02700) ok=✗
  [11/85] L1028 (R02697) ok=✗
  [12/85] L1033 (R02702) ok=✓ legacy [hint saved]
  [13/85] L1034 (R02703) ok=✗
  [14/85] L1035 (R02704) ok=✓ legacy [hint saved]
  [15/85] L1032 (R02701) ok=✗
  [16/85] L1037 (R02706) ok=✗
  [17/85] L1038 (R02707) ok=✓ legacy [hint saved]
  [18/85] L1039 (R02708) ok=✓ legacy [hint saved]
  [19/85] L1036 (R02705) ok=✗
  [20/85] L1040 (R02709) ok=✗
  [21/85] L1042 (R02711) ok=✗
  [22/85] L1041 (R02710) ok=✗
  [23/85] L1044 (R02713) ok=✓ legacy [hint saved]
  [24/85] L1045 (R02714) ok=✓ legacy [hint saved]
  [25/85] L1043 (R02712) ok=✗
  [26/85] L1046 (R02715) ok=✗
  [27/85] L1047 (R02716) ok=✓ legacy [hint saved]
  [28/85] L1049 (R02718) ok=✓ legacy [hint saved]
  [29/85] L1048 (R02717) ok=✗
  [30/85] L1051 (R02720) ok=✗
  [31/85] L1052 (R02721) ok=✓ legacy [hint saved]
  [32/85] L1050 (R02719) ok=✗
  [33/85] L1053 (R02722) ok=✗
  [34/85] L1054 (R02723) ok=✗
  [35/85] L1055 (R02724) ok=✗
  [36/85] L1057 (R02726) ok=✓ legacy [hint saved]
  [37/85] L1058 (R02727) ok=✓ legacy [hint saved]
  [38/85] L1056 (R02725) ok=✗
  [39/85] L1059 (R02728) ok=✗
  [40/85] L1060 (R02729) ok=✓ legacy [hint saved]
  [41/85] L1062 (R02731) ok=✗
  [42/85] L1061 (R02730) ok=✗
  [43/85] L1063 (R02732) ok=✗
  [44/85] L1064 (R02733) ok=✗
  [45/85] L1065 (R02734) ok=✗
  [46/85] L1067 (R02736) ok=✓ legacy [hint saved]
  [47/85] L1066 (R02735) ok=✗
  [48/85] L1068 (R02737) ok=✗
  [49/85] L1069 (R02738) ok=✗
  [50/85] L1070 (R02739) ok=✗
  [51/85] L1072 (R02741) ok=✗
  [52/85] L1073 (R02742) ok=✓ legacy [hint saved]
  [53/85] L1074 (R02743) ok=✓ legacy [hint saved]
  [54/85] L1071 (R02740) ok=✗
  [55/85] L1075 (R02744) ok=✗
  [56/85] L1076 (R02745) ok=✗
  [57/85] L1077 (R02746) ok=✗
  [58/85] L1079 (R02748) ok=✗
  [59/85] L1080 (R02749) ok=✓ legacy [hint saved]
  [60/85] L1081 (R02750) ok=✓ legacy [hint saved]
  [61/85] L1082 (R02751) ok=✗
  [62/85] L1083 (R02752) ok=✓ legacy [hint saved]
  [63/85] L1078 (R02747) ok=✗
  [64/85] L1084 (R02753) ok=✗
  [65/85] L1085 (R02754) ok=✗
  [66/85] L1087 (R02756) ok=✗
  [67/85] L1086 (R02755) ok=✗
  [68/85] L1088 (R02757) ok=✗
  [69/85] L1089 (R02758) ok=✗
  [70/85] L1090 (R02759) ok=✗
  [71/85] L1091 (R02760) ok=✗
  [72/85] L1093 (R02762) ok=✓ legacy [hint saved]
  [73/85] L1092 (R02761) ok=✗
  [74/85] L1095 (R02764) ok=✓ legacy [hint saved]
  [75/85] L1094 (R02763) ok=✗
  [76/85] L1096 (R02765) ok=✗
  [77/85] L1097 (R02766) ok=✗
  [78/85] L1099 (R02768) ok=✗
  [79/85] L1098 (R02767) ok=✗
  [80/85] L1100 (R02769) ok=✗
  [81/85] L1102 (R02771) ok=✗
  [82/85] L1101 (R02770) ok=✗
  [83/85] L1104 (R02773) ok=✗
  [84/85] L1103 (R02772) ok=✗
  [85/85] L1105 (R02774) ok=✗
Hints: appended to 21 level(s); 21 hint file(s) changed on disk.
Result: solved=21/85, solvedBeforeFallback=0, fallbackOnly=21, unsolved=64
Wrote logs/solver-corpus2-batches/batch-13.json
Wrote logs/solver-corpus2-batches/batch-13-summary.md
portfolio-solve-sweep: corpus=data/stress/stress-levels-random.json levels=85 (85 to solve) scheduler-mode=legacy budget=8000ms node-budget=20000000 workers=2 enable-flags=STRATEGY_REPAIR_TURN_BIAS save-hints=true
  [1/85] L1022 (R02691) ok=✗
  [2/85] L1021 (R02690) ok=✗
  [3/85] L1024 (R02693) ok=✗
  [4/85] L1023 (R02692) ok=✗
  [5/85] L1025 (R02694) ok=✗
  [6/85] L1027 (R02696) ok=✗
  [7/85] L1026 (R02695) ok=✗
  [8/85] L1029 (R02698) ok=✗
  [9/85] L1030 (R02699) ok=✓ legacy [hint saved]
  [10/85] L1031 (R02700) ok=✗
  [11/85] L1028 (R02697) ok=✗
  [12/85] L1033 (R02702) ok=✓ legacy [hint saved]
  [13/85] L1034 (R02703) ok=✗
  [14/85] L1035 (R02704) ok=✓ legacy [hint saved]
  [15/85] L1032 (R02701) ok=✗
  [16/85] L1037 (R02706) ok=✗
  [17/85] L1036 (R02705) ok=✗
  [18/85] L1039 (R02708) ok=✓ legacy [hint saved]
  [19/85] L1038 (R02707) ok=✓ legacy [hint saved]
  [20/85] L1040 (R02709) ok=✗
  [21/85] L1042 (R02711) ok=✗
  [22/85] L1041 (R02710) ok=✗
  [23/85] L1044 (R02713) ok=✓ legacy [hint saved]
  [24/85] L1045 (R02714) ok=✓ legacy [hint saved]
  [25/85] L1043 (R02712) ok=✗
  [26/85] L1047 (R02716) ok=✗
  [27/85] L1046 (R02715) ok=✗
  [28/85] L1049 (R02718) ok=✓ legacy [hint saved]
  [29/85] L1048 (R02717) ok=✗
  [30/85] L1051 (R02720) ok=✗
  [31/85] L1052 (R02721) ok=✓ legacy [hint saved]
  [32/85] L1050 (R02719) ok=✗
  [33/85] L1054 (R02723) ok=✗
  [34/85] L1053 (R02722) ok=✗
  [35/85] L1055 (R02724) ok=✗
  [36/85] L1057 (R02726) ok=✓ legacy [hint saved]
  [37/85] L1058 (R02727) ok=✗
  [38/85] L1056 (R02725) ok=✗
  [39/85] L1059 (R02728) ok=✗
  [40/85] L1060 (R02729) ok=✗
  [41/85] L1062 (R02731) ok=✗
  [42/85] L1061 (R02730) ok=✗
  [43/85] L1063 (R02732) ok=✗
  [44/85] L1064 (R02733) ok=✗
  [45/85] L1065 (R02734) ok=✗
  [46/85] L1067 (R02736) ok=✓ legacy [hint saved]
  [47/85] L1066 (R02735) ok=✗
  [48/85] L1068 (R02737) ok=✗
  [49/85] L1069 (R02738) ok=✗
  [50/85] L1070 (R02739) ok=✗
  [51/85] L1072 (R02741) ok=✓ legacy [hint saved]
  [52/85] L1073 (R02742) ok=✓ legacy [hint saved]
  [53/85] L1074 (R02743) ok=✓ legacy [hint saved]
  [54/85] L1075 (R02744) ok=✗
  [55/85] L1076 (R02745) ok=✗
  [56/85] L1071 (R02740) ok=✗
  [57/85] L1077 (R02746) ok=✗
  [58/85] L1079 (R02748) ok=✗
  [59/85] L1080 (R02749) ok=✓ legacy [hint saved]
  [60/85] L1078 (R02747) ok=✗
  [61/85] L1081 (R02750) ok=✓ legacy [hint saved]
  [62/85] L1083 (R02752) ok=✓ legacy [hint saved]
  [63/85] L1082 (R02751) ok=✗
  [64/85] L1084 (R02753) ok=✗
  [65/85] L1085 (R02754) ok=✗
  [66/85] L1087 (R02756) ok=✗
  [67/85] L1088 (R02757) ok=✗
  [68/85] L1089 (R02758) ok=✗
  [69/85] L1086 (R02755) ok=✗
  [70/85] L1090 (R02759) ok=✗
  [71/85] L1091 (R02760) ok=✗
  [72/85] L1093 (R02762) ok=✓ legacy [hint saved]
  [73/85] L1092 (R02761) ok=✗
  [74/85] L1095 (R02764) ok=✗
  [75/85] L1094 (R02763) ok=✗
  [76/85] L1096 (R02765) ok=✗
  [77/85] L1097 (R02766) ok=✗
  [78/85] L1099 (R02768) ok=✗
  [79/85] L1100 (R02769) ok=✗
  [80/85] L1098 (R02767) ok=✗
  [81/85] L1102 (R02771) ok=✓ legacy [hint saved]
  [82/85] L1103 (R02772) ok=✗
  [83/85] L1101 (R02770) ok=✗
  [84/85] L1104 (R02773) ok=✗
  [85/85] L1105 (R02774) ok=✗
Hints: appended to 19 level(s); 19 hint file(s) changed on disk.
Result: solved=19/85, solvedBeforeFallback=0, fallbackOnly=19, unsolved=66
Wrote logs/solver-corpus2-batches/batch-13.json
Wrote logs/solver-corpus2-batches/batch-13-summary.md
portfolio-solve-sweep: corpus=data/stress/stress-levels-random.json levels=85 (85 to solve) scheduler-mode=legacy budget=30000ms node-budget=60000000 workers=2 enable-flags=STRATEGY_REPAIR_TURN_BIAS save-hints=true
  [1/85] L1022 (R02691) ok=✗
  [2/85] L1021 (R02690) ok=✗
  [3/85] L1024 (R02693) ok=✗
  [4/85] L1023 (R02692) ok=✗
  [5/85] L1025 (R02694) ok=✗
  [6/85] L1027 (R02696) ok=✗
  [7/85] L1026 (R02695) ok=✗
  [8/85] L1029 (R02698) ok=✓ legacy [hint saved]
  [9/85] L1030 (R02699) ok=✓ legacy [hint saved]
  [10/85] L1028 (R02697) ok=✗
  [11/85] L1031 (R02700) ok=✗
  [12/85] L1033 (R02702) ok=✓ legacy [hint saved]
  [13/85] L1032 (R02701) ok=✗
  [14/85] L1035 (R02704) ok=✓ legacy [hint saved]
  [15/85] L1034 (R02703) ok=✗
  [16/85] L1037 (R02706) ok=✓ legacy [hint saved]
  [17/85] L1038 (R02707) ok=✓ legacy [hint saved]
  [18/85] L1039 (R02708) ok=✓ legacy [hint saved]
  [19/85] L1036 (R02705) ok=✗
  [20/85] L1040 (R02709) ok=✗
  [21/85] L1042 (R02711) ok=✗
  [22/85] L1041 (R02710) ok=✗
  [23/85] L1044 (R02713) ok=✓ legacy [hint saved]
  [24/85] L1045 (R02714) ok=✓ legacy [hint saved]
  [25/85] L1043 (R02712) ok=✗
  [26/85] L1047 (R02716) ok=✓ legacy [hint saved]
  [27/85] L1048 (R02717) ok=✗
  [28/85] L1049 (R02718) ok=✓ legacy [hint saved]
  [29/85] L1046 (R02715) ok=✗
  [30/85] L1051 (R02720) ok=✗
  [31/85] L1052 (R02721) ok=✓ legacy [hint saved]
  [32/85] L1050 (R02719) ok=✗
  [33/85] L1053 (R02722) ok=✗
  [34/85] L1054 (R02723) ok=✗
  [35/85] L1055 (R02724) ok=✗
  [36/85] L1057 (R02726) ok=✓ legacy [hint saved]
  [37/85] L1058 (R02727) ok=✓ legacy [hint saved]
  [38/85] L1059 (R02728) ok=✗
  [39/85] L1060 (R02729) ok=✓ legacy [hint saved]
  [40/85] L1056 (R02725) ok=✗
  [41/85] L1061 (R02730) ok=✗
  [42/85] L1062 (R02731) ok=✗
  [43/85] L1063 (R02732) ok=✗
  [44/85] L1064 (R02733) ok=✗
  [45/85] L1065 (R02734) ok=✗
  [46/85] L1067 (R02736) ok=✓ legacy [hint saved]
  [47/85] L1066 (R02735) ok=✓ legacy [hint saved]
  [48/85] L1068 (R02737) ok=✗
  [49/85] L1069 (R02738) ok=✗
  [50/85] L1070 (R02739) ok=✗
  [51/85] L1072 (R02741) ok=✓ legacy [hint saved]
  [52/85] L1073 (R02742) ok=✓ legacy [hint saved]
  [53/85] L1074 (R02743) ok=✓ legacy [hint saved]
  [54/85] L1075 (R02744) ok=✗
  [55/85] L1071 (R02740) ok=✗
  [56/85] L1076 (R02745) ok=✗
  [57/85] L1077 (R02746) ok=✗
  [58/85] L1079 (R02748) ok=✗
  [59/85] L1080 (R02749) ok=✓ legacy [hint saved]
  [60/85] L1081 (R02750) ok=✓ legacy [hint saved]
  [61/85] L1082 (R02751) ok=✗
  [62/85] L1083 (R02752) ok=✓ legacy [hint saved]
  [63/85] L1078 (R02747) ok=✗
  [64/85] L1084 (R02753) ok=✗
  [65/85] L1085 (R02754) ok=✗
  [66/85] L1087 (R02756) ok=✗
  [67/85] L1088 (R02757) ok=✗
  [68/85] L1086 (R02755) ok=✗
  [69/85] L1090 (R02759) ok=✗
  [70/85] L1089 (R02758) ok=✗
  [71/85] L1091 (R02760) ok=✓ legacy [hint saved]
  [72/85] L1093 (R02762) ok=✓ legacy [hint saved]
  [73/85] L1092 (R02761) ok=✗
  [74/85] L1095 (R02764) ok=✓ legacy [hint saved]
  [75/85] L1094 (R02763) ok=✗
  [76/85] L1096 (R02765) ok=✗
  [77/85] L1097 (R02766) ok=✗
  [78/85] L1099 (R02768) ok=✗
  [79/85] L1098 (R02767) ok=✗
  [80/85] L1100 (R02769) ok=✗
  [81/85] L1102 (R02771) ok=✓ legacy [hint saved]
  [82/85] L1103 (R02772) ok=✗
  [83/85] L1101 (R02770) ok=✗
  [84/85] L1104 (R02773) ok=✗
  [85/85] L1105 (R02774) ok=✗
Hints: appended to 27 level(s); 27 hint file(s) changed on disk.
Result: solved=27/85, solvedBeforeFallback=0, fallbackOnly=27, unsolved=58
Wrote logs/solver-corpus2-batches/batch-13.json
Wrote logs/solver-corpus2-batches/batch-13-summary.md
portfolio-solve-sweep: corpus=data/stress/stress-levels-random.json levels=85 (85 to solve) scheduler-mode=legacy budget=60000ms node-budget=120000000 workers=2 enable-flags=STRATEGY_REPAIR_TURN_BIAS save-hints=true
  [1/85] L1022 (R02691) ok=✗
  [2/85] L1021 (R02690) ok=✗
  [3/85] L1024 (R02693) ok=✗
  [4/85] L1023 (R02692) ok=✗
  [5/85] L1025 (R02694) ok=✗
  [6/85] L1027 (R02696) ok=✗
  [7/85] L1026 (R02695) ok=✗
  [8/85] L1029 (R02698) ok=✓ legacy [hint saved]
  [9/85] L1030 (R02699) ok=✓ legacy [hint saved]
  [10/85] L1028 (R02697) ok=✗
  [11/85] L1031 (R02700) ok=✗
  [12/85] L1033 (R02702) ok=✓ legacy [hint saved]
  [13/85] L1032 (R02701) ok=✗
  [14/85] L1035 (R02704) ok=✓ legacy [hint saved]
  [15/85] L1034 (R02703) ok=✗
  [16/85] L1037 (R02706) ok=✓ legacy [hint saved]
  [17/85] L1038 (R02707) ok=✓ legacy [hint saved]
  [18/85] L1039 (R02708) ok=✓ legacy [hint saved]
  [19/85] L1040 (R02709) ok=✗
  [20/85] L1036 (R02705) ok=✗
  [21/85] L1042 (R02711) ok=✓ legacy [hint saved]
  [22/85] L1041 (R02710) ok=✗
  [23/85] L1044 (R02713) ok=✓ legacy [hint saved]
  [24/85] L1045 (R02714) ok=✓ legacy [hint saved]
  [25/85] L1043 (R02712) ok=✗
  [26/85] L1047 (R02716) ok=✓ legacy [hint saved]
  [27/85] L1046 (R02715) ok=✗
  [28/85] L1049 (R02718) ok=✓ legacy [hint saved]
  [29/85] L1048 (R02717) ok=✗
  [30/85] L1051 (R02720) ok=✗
  [31/85] L1052 (R02721) ok=✓ legacy [hint saved]
  [32/85] L1050 (R02719) ok=✗
  [33/85] L1053 (R02722) ok=✗
  [34/85] L1054 (R02723) ok=✗
  [35/85] L1055 (R02724) ok=✗
  [36/85] L1057 (R02726) ok=✓ legacy [hint saved]
  [37/85] L1058 (R02727) ok=✓ legacy [hint saved]
  [38/85] L1059 (R02728) ok=✗
  [39/85] L1060 (R02729) ok=✓ legacy [hint saved]
  [40/85] L1056 (R02725) ok=✗
  [41/85] L1062 (R02731) ok=✗
  [42/85] L1061 (R02730) ok=✗
  [43/85] L1063 (R02732) ok=✗
  [44/85] L1064 (R02733) ok=✗
  [45/85] L1065 (R02734) ok=✗
  [46/85] L1067 (R02736) ok=✓ legacy [hint saved]
  [47/85] L1066 (R02735) ok=✓ legacy [hint saved]
  [48/85] L1068 (R02737) ok=✗
  [49/85] L1069 (R02738) ok=✗
  [50/85] L1070 (R02739) ok=✗
  [51/85] L1072 (R02741) ok=✓ legacy [hint saved]
  [52/85] L1073 (R02742) ok=✓ legacy [hint saved]
  [53/85] L1074 (R02743) ok=✓ legacy [hint saved]
  [54/85] L1075 (R02744) ok=✗
  [55/85] L1071 (R02740) ok=✗
  [56/85] L1076 (R02745) ok=✗
  [57/85] L1077 (R02746) ok=✗
  [58/85] L1079 (R02748) ok=✗
  [59/85] L1080 (R02749) ok=✓ legacy [hint saved]
  [60/85] L1081 (R02750) ok=✓ legacy [hint saved]
  [61/85] L1082 (R02751) ok=✗
  [62/85] L1083 (R02752) ok=✓ legacy [hint saved]
  [63/85] L1078 (R02747) ok=✗
  [64/85] L1084 (R02753) ok=✗
  [65/85] L1085 (R02754) ok=✗
  [66/85] L1087 (R02756) ok=✗
  [67/85] L1088 (R02757) ok=✗
  [68/85] L1086 (R02755) ok=✗
  [69/85] L1090 (R02759) ok=✗
  [70/85] L1091 (R02760) ok=✓ legacy [hint saved]
  [71/85] L1089 (R02758) ok=✗
  [72/85] L1093 (R02762) ok=✓ legacy [hint saved]
  [73/85] L1092 (R02761) ok=✗
  [74/85] L1095 (R02764) ok=✓ legacy [hint saved]
  [75/85] L1094 (R02763) ok=✗
  [76/85] L1096 (R02765) ok=✗
  [77/85] L1097 (R02766) ok=✗
  [78/85] L1099 (R02768) ok=✗
  [79/85] L1098 (R02767) ok=✗
  [80/85] L1100 (R02769) ok=✗
  [81/85] L1102 (R02771) ok=✓ legacy [hint saved]
  [82/85] L1103 (R02772) ok=✗
  [83/85] L1101 (R02770) ok=✗
  [84/85] L1104 (R02773) ok=✗
  [85/85] L1105 (R02774) ok=✗
Hints: appended to 28 level(s); 28 hint file(s) changed on disk.
Result: solved=28/85, solvedBeforeFallback=0, fallbackOnly=28, unsolved=57
Wrote logs/solver-corpus2-batches/batch-13.json
Wrote logs/solver-corpus2-batches/batch-13-summary.md
portfolio-solve-sweep: corpus=data/stress/stress-levels-random.json levels=85 (85 to solve) scheduler-mode=legacy budget=8000ms node-budget=20000000 workers=2 save-hints=true
  adaptive budgets: mult=3x floor=2,000,000 unsolved=20,000,000 | 28 known-solved scaled (min 2,000,000 / med 20,000,000 / max 230,208,369 nodes)
  winner-first: normal + seeded-repair winners (shares solve budget) | 15/85 levels will be primed
  [1/85] L1022 (R02691) ok=✗
  [2/85] L1021 (R02690) ok=✗
  [3/85] L1023 (R02692) ok=✗
  [4/85] L1024 (R02693) ok=✗
  [5/85] L1025 (R02694) ok=✗
  [6/85] L1027 (R02696) ok=✗
  [7/85] L1026 (R02695) ok=✗
  [8/85] L1029 (R02698) ok=✓ legacy [hint saved]
  [9/85] L1030 (R02699) ok=✓ legacy [primed] [hint saved]
  [10/85] L1028 (R02697) ok=✗
  [11/85] L1031 (R02700) ok=✗
  [12/85] L1033 (R02702) ok=✓ legacy [primed] [hint saved]
  [13/85] L1034 (R02703) ok=✗
  [14/85] L1035 (R02704) ok=✓ legacy [primed] [hint saved]
  [15/85] L1032 (R02701) ok=✗
  [16/85] L1037 (R02706) ok=✓ legacy [primed] [hint saved]
  [17/85] L1038 (R02707) ok=✓ legacy [hint saved]
  [18/85] L1039 (R02708) ok=✓ legacy [primed] [hint saved]
  [19/85] L1040 (R02709) ok=✗
  [20/85] L1036 (R02705) ok=✗
  [21/85] L1041 (R02710) ok=✗
  [22/85] L1042 (R02711) ok=✗
  [23/85] L1044 (R02713) ok=✓ legacy [hint saved]
  [24/85] L1045 (R02714) ok=✓ legacy [hint saved]
  [25/85] L1043 (R02712) ok=✗
  [26/85] L1046 (R02715) ok=✗
  [27/85] L1047 (R02716) ok=✓ legacy [hint saved]
  [28/85] L1048 (R02717) ok=✗
  [29/85] L1049 (R02718) ok=✓ legacy [hint saved]
  [30/85] L1051 (R02720) ok=✗
  [31/85] L1052 (R02721) ok=✓ legacy [primed] [hint saved]
  [32/85] L1053 (R02722) ok=✗
  [33/85] L1050 (R02719) ok=✗
  [34/85] L1054 (R02723) ok=✗
  [35/85] L1055 (R02724) ok=✗
  [36/85] L1057 (R02726) ok=✓ legacy [primed] [hint saved]
  [37/85] L1058 (R02727) ok=✓ legacy [primed] [hint saved]
  [38/85] L1059 (R02728) ok=✗
  [39/85] L1056 (R02725) ok=✗
  [40/85] L1060 (R02729) ok=✓ legacy [primed] [hint saved]
  [41/85] L1062 (R02731) ok=✗
  [42/85] L1063 (R02732) ok=✗
  [43/85] L1064 (R02733) ok=✗
  [44/85] L1061 (R02730) ok=✗
  [45/85] L1065 (R02734) ok=✗
  [46/85] L1067 (R02736) ok=✓ legacy [primed] [hint saved]
  [47/85] L1068 (R02737) ok=✗
  [48/85] L1066 (R02735) ok=✗
  [49/85] L1069 (R02738) ok=✗
  [50/85] L1070 (R02739) ok=✗
  [51/85] L1072 (R02741) ok=✓ legacy [hint saved]
  [52/85] L1073 (R02742) ok=✓ legacy [hint saved]
  [53/85] L1074 (R02743) ok=✓ legacy [hint saved]
  [54/85] L1071 (R02740) ok=✗
  [55/85] L1075 (R02744) ok=✗
  [56/85] L1076 (R02745) ok=✗
  [57/85] L1077 (R02746) ok=✗
  [58/85] L1079 (R02748) ok=✗
  [59/85] L1080 (R02749) ok=✓ legacy [primed] [hint saved]
  [60/85] L1081 (R02750) ok=✓ legacy [primed] [hint saved]
  [61/85] L1082 (R02751) ok=✗
  [62/85] L1083 (R02752) ok=✓ legacy [primed] [hint saved]
  [63/85] L1078 (R02747) ok=✗
  [64/85] L1084 (R02753) ok=✗
  [65/85] L1086 (R02755) ok=✗
  [66/85] L1087 (R02756) ok=✗
  [67/85] L1085 (R02754) ok=✗
  [68/85] L1088 (R02757) ok=✗
  [69/85] L1089 (R02758) ok=✗
  [70/85] L1090 (R02759) ok=✗
  [71/85] L1091 (R02760) ok=✓ legacy [hint saved]
  [72/85] L1093 (R02762) ok=✓ legacy [hint saved]
  [73/85] L1092 (R02761) ok=✗
  [74/85] L1095 (R02764) ok=✓ legacy [primed] [hint saved]
  [75/85] L1094 (R02763) ok=✗
  [76/85] L1096 (R02765) ok=✗
  [77/85] L1097 (R02766) ok=✗
  [78/85] L1099 (R02768) ok=✗
  [79/85] L1098 (R02767) ok=✗
  [80/85] L1100 (R02769) ok=✗
  [81/85] L1102 (R02771) ok=✓ legacy [primed] [hint saved]
  [82/85] L1101 (R02770) ok=✗
  [83/85] L1104 (R02773) ok=✗
  [84/85] L1103 (R02772) ok=✗
  [85/85] L1105 (R02774) ok=✗
Hints: appended to 26 level(s); 26 hint file(s) changed on disk.
Result: solved=26/85, solvedBeforeFallback=0, fallbackOnly=26, unsolved=59
Wrote logs/solver-corpus2-batches/batch-13.json
Wrote logs/solver-corpus2-batches/batch-13-summary.md
portfolio-solve-sweep: corpus=data/stress/stress-levels-random.json levels=85 (85 to solve) scheduler-mode=legacy budget=8000ms node-budget=20000000 workers=2 save-hints=true
  winner-first: normal + seeded-repair winners (shares solve budget) | 21/85 levels will be primed
  [1/85] L1022 (R02691) ok=✗
  [2/85] L1021 (R02690) ok=✗
  [3/85] L1024 (R02693) ok=✗
  [4/85] L1023 (R02692) ok=✗
  [5/85] L1025 (R02694) ok=✗
  [6/85] L1027 (R02696) ok=✗
  [7/85] L1026 (R02695) ok=✗
  [8/85] L1029 (R02698) ok=✓ legacy [hint saved]
  [9/85] L1030 (R02699) ok=✓ legacy [primed] [hint saved]
  [10/85] L1028 (R02697) ok=✗
  [11/85] L1031 (R02700) ok=✗
  [12/85] L1033 (R02702) ok=✓ legacy [primed] [hint saved]
  [13/85] L1032 (R02701) ok=✗
  [14/85] L1035 (R02704) ok=✓ legacy [primed] [hint saved]
  [15/85] L1034 (R02703) ok=✗
  [16/85] L1037 (R02706) ok=✓ legacy [primed] [hint saved]
  [17/85] L1038 (R02707) ok=✓ legacy [hint saved]
  [18/85] L1039 (R02708) ok=✓ legacy [primed] [hint saved]
  [19/85] L1040 (R02709) ok=✗
  [20/85] L1036 (R02705) ok=✗
  [21/85] L1042 (R02711) ok=✗
  [22/85] L1041 (R02710) ok=✗
  [23/85] L1044 (R02713) ok=✓ legacy [primed] [hint saved]
  [24/85] L1045 (R02714) ok=✓ legacy [primed] [hint saved]
  [25/85] L1043 (R02712) ok=✗
  [26/85] L1046 (R02715) ok=✗
  [27/85] L1047 (R02716) ok=✓ legacy [hint saved]
  [28/85] L1049 (R02718) ok=✓ legacy [primed] [hint saved]
  [29/85] L1048 (R02717) ok=✗
  [30/85] L1051 (R02720) ok=✗
  [31/85] L1052 (R02721) ok=✓ legacy [primed] [hint saved]
  [32/85] L1050 (R02719) ok=✗
  [33/85] L1054 (R02723) ok=✗
  [34/85] L1053 (R02722) ok=✗
  [35/85] L1055 (R02724) ok=✗
  [36/85] L1057 (R02726) ok=✓ legacy [primed] [hint saved]
  [37/85] L1058 (R02727) ok=✓ legacy [primed] [hint saved]
  [38/85] L1059 (R02728) ok=✗
  [39/85] L1060 (R02729) ok=✓ legacy [primed] [hint saved]
  [40/85] L1056 (R02725) ok=✗
  [41/85] L1062 (R02731) ok=✗
  [42/85] L1063 (R02732) ok=✗
  [43/85] L1061 (R02730) ok=✗
  [44/85] L1065 (R02734) ok=✗
  [45/85] L1064 (R02733) ok=✗
  [46/85] L1067 (R02736) ok=✓ legacy [primed] [hint saved]
  [47/85] L1066 (R02735) ok=✗
  [48/85] L1068 (R02737) ok=✗
  [49/85] L1069 (R02738) ok=✗
  [50/85] L1070 (R02739) ok=✗
  [51/85] L1072 (R02741) ok=✗
  [52/85] L1073 (R02742) ok=✓ legacy [primed] [hint saved]
  [53/85] L1074 (R02743) ok=✓ legacy [primed] [hint saved]
  [54/85] L1071 (R02740) ok=✗
  [55/85] L1075 (R02744) ok=✗
  [56/85] L1076 (R02745) ok=✗
  [57/85] L1077 (R02746) ok=✗
  [58/85] L1079 (R02748) ok=✗
  [59/85] L1080 (R02749) ok=✓ legacy [primed] [hint saved]
  [60/85] L1081 (R02750) ok=✓ legacy [primed] [hint saved]
  [61/85] L1082 (R02751) ok=✗
  [62/85] L1083 (R02752) ok=✓ legacy [primed] [hint saved]
  [63/85] L1078 (R02747) ok=✗
  [64/85] L1084 (R02753) ok=✗
  [65/85] L1085 (R02754) ok=✗
  [66/85] L1087 (R02756) ok=✗
  [67/85] L1086 (R02755) ok=✗
  [68/85] L1088 (R02757) ok=✗
  [69/85] L1090 (R02759) ok=✗
  [70/85] L1089 (R02758) ok=✗
  [71/85] L1091 (R02760) ok=✗
  [72/85] L1093 (R02762) ok=✓ legacy [primed] [hint saved]
  [73/85] L1092 (R02761) ok=✗
  [74/85] L1095 (R02764) ok=✓ legacy [primed] [hint saved]
  [75/85] L1094 (R02763) ok=✗
  [76/85] L1096 (R02765) ok=✗
  [77/85] L1097 (R02766) ok=✗
  [78/85] L1099 (R02768) ok=✗
  [79/85] L1100 (R02769) ok=✗
  [80/85] L1098 (R02767) ok=✗
  [81/85] L1102 (R02771) ok=✓ legacy [primed] [hint saved]
  [82/85] L1103 (R02772) ok=✗
  [83/85] L1101 (R02770) ok=✗
  [84/85] L1104 (R02773) ok=✗
  [85/85] L1105 (R02774) ok=✗
Hints: appended to 24 level(s); 24 hint file(s) changed on disk.
Result: solved=24/85, solvedBeforeFallback=0, fallbackOnly=24, unsolved=61
Wrote logs/solver-corpus2-batches/batch-13.json
Wrote logs/solver-corpus2-batches/batch-13-summary.md
portfolio-solve-sweep: corpus=data/stress/stress-levels-random.json levels=85 (85 to solve) scheduler-mode=legacy budget=8000ms node-budget=20000000 workers=2 enable-flags=STRATEGY_REPAIR_TURN_BIAS save-hints=true
  winner-first: normal + seeded-repair winners (shares solve budget) | 21/85 levels will be primed
  [1/85] L1022 (R02691) ok=✗
  [2/85] L1021 (R02690) ok=✗
  [3/85] L1024 (R02693) ok=✗
  [4/85] L1023 (R02692) ok=✗
  [5/85] L1025 (R02694) ok=✗
  [6/85] L1027 (R02696) ok=✗
  [7/85] L1026 (R02695) ok=✗
  [8/85] L1029 (R02698) ok=✗
  [9/85] L1030 (R02699) ok=✓ legacy [primed] [hint saved]
  [10/85] L1028 (R02697) ok=✗
  [11/85] L1031 (R02700) ok=✗
  [12/85] L1033 (R02702) ok=✓ legacy [primed] [hint saved]
  [13/85] L1034 (R02703) ok=✗
  [14/85] L1035 (R02704) ok=✓ legacy [primed] [hint saved]
  [15/85] L1032 (R02701) ok=✗
  [16/85] L1037 (R02706) ok=✓ legacy [primed] [hint saved]
  [17/85] L1038 (R02707) ok=✓ legacy [hint saved]
  [18/85] L1039 (R02708) ok=✓ legacy [primed] [hint saved]
  [19/85] L1036 (R02705) ok=✗
  [20/85] L1040 (R02709) ok=✗
  [21/85] L1042 (R02711) ok=✗
  [22/85] L1041 (R02710) ok=✗
  [23/85] L1044 (R02713) ok=✓ legacy [primed] [hint saved]
  [24/85] L1045 (R02714) ok=✓ legacy [primed] [hint saved]
  [25/85] L1043 (R02712) ok=✗
  [26/85] L1047 (R02716) ok=✗
  [27/85] L1048 (R02717) ok=✗
  [28/85] L1049 (R02718) ok=✓ legacy [primed] [hint saved]
  [29/85] L1046 (R02715) ok=✗
  [30/85] L1051 (R02720) ok=✗
  [31/85] L1052 (R02721) ok=✓ legacy [primed] [hint saved]
  [32/85] L1050 (R02719) ok=✗
  [33/85] L1053 (R02722) ok=✗
  [34/85] L1054 (R02723) ok=✗
  [35/85] L1055 (R02724) ok=✗
  [36/85] L1057 (R02726) ok=✓ legacy [primed] [hint saved]
  [37/85] L1058 (R02727) ok=✓ legacy [primed] [hint saved]
  [38/85] L1059 (R02728) ok=✗
  [39/85] L1060 (R02729) ok=✓ legacy [primed] [hint saved]
  [40/85] L1056 (R02725) ok=✗
  [41/85] L1062 (R02731) ok=✗
  [42/85] L1061 (R02730) ok=✗
  [43/85] L1063 (R02732) ok=✗
  [44/85] L1064 (R02733) ok=✗
  [45/85] L1065 (R02734) ok=✗
  [46/85] L1067 (R02736) ok=✓ legacy [primed] [hint saved]
  [47/85] L1066 (R02735) ok=✗
  [48/85] L1068 (R02737) ok=✗
  [49/85] L1069 (R02738) ok=✗
  [50/85] L1070 (R02739) ok=✗
  [51/85] L1072 (R02741) ok=✓ legacy [hint saved]
  [52/85] L1073 (R02742) ok=✓ legacy [primed] [hint saved]
  [53/85] L1074 (R02743) ok=✓ legacy [primed] [hint saved]
  [54/85] L1075 (R02744) ok=✗
  [55/85] L1071 (R02740) ok=✗
  [56/85] L1076 (R02745) ok=✗
  [57/85] L1077 (R02746) ok=✗
  [58/85] L1079 (R02748) ok=✗
  [59/85] L1080 (R02749) ok=✓ legacy [primed] [hint saved]
  [60/85] L1081 (R02750) ok=✓ legacy [primed] [hint saved]
  [61/85] L1082 (R02751) ok=✗
  [62/85] L1083 (R02752) ok=✓ legacy [primed] [hint saved]
  [63/85] L1078 (R02747) ok=✗
  [64/85] L1084 (R02753) ok=✗
  [65/85] L1085 (R02754) ok=✗
  [66/85] L1087 (R02756) ok=✗
  [67/85] L1088 (R02757) ok=✗
  [68/85] L1086 (R02755) ok=✗
  [69/85] L1090 (R02759) ok=✗
  [70/85] L1089 (R02758) ok=✗
  [71/85] L1091 (R02760) ok=✗
  [72/85] L1093 (R02762) ok=✓ legacy [primed] [hint saved]
  [73/85] L1092 (R02761) ok=✗
  [74/85] L1095 (R02764) ok=✓ legacy [primed] [hint saved]
  [75/85] L1094 (R02763) ok=✗
  [76/85] L1096 (R02765) ok=✗
  [77/85] L1097 (R02766) ok=✗
  [78/85] L1099 (R02768) ok=✗
  [79/85] L1098 (R02767) ok=✗
  [80/85] L1100 (R02769) ok=✗
  [81/85] L1102 (R02771) ok=✓ legacy [primed] [hint saved]
  [82/85] L1103 (R02772) ok=✗
  [83/85] L1104 (R02773) ok=✗
  [84/85] L1101 (R02770) ok=✗
  [85/85] L1105 (R02774) ok=✗
Hints: appended to 23 level(s); 23 hint file(s) changed on disk.
Result: solved=23/85, solvedBeforeFallback=0, fallbackOnly=23, unsolved=62
Wrote logs/solver-corpus2-batches/batch-13.json
Wrote logs/solver-corpus2-batches/batch-13-summary.md
portfolio-solve-sweep: corpus=data/stress/stress-levels-random.json levels=85 (85 to solve) scheduler-mode=legacy budget=8000ms node-budget=20000000 workers=2 enable-flags=STRATEGY_REPAIR_TURN_BIAS save-hints=true
  winner-first: normal + seeded-repair winners (shares solve budget) | 21/85 levels will be primed
  [1/85] L1022 (R02691) ok=✗
  [2/85] L1021 (R02690) ok=✗
  [3/85] L1024 (R02693) ok=✗
  [4/85] L1023 (R02692) ok=✗
  [5/85] L1025 (R02694) ok=✗
  [6/85] L1027 (R02696) ok=✗
  [7/85] L1026 (R02695) ok=✗
  [8/85] L1029 (R02698) ok=✗
  [9/85] L1030 (R02699) ok=✓ legacy [primed] [hint saved]
  [10/85] L1031 (R02700) ok=✗
  [11/85] L1028 (R02697) ok=✗
  [12/85] L1033 (R02702) ok=✓ legacy [primed] [hint saved]
  [13/85] L1034 (R02703) ok=✗
  [14/85] L1035 (R02704) ok=✓ legacy [primed] [hint saved]
  [15/85] L1032 (R02701) ok=✗
  [16/85] L1037 (R02706) ok=✓ legacy [primed] [hint saved]
  [17/85] L1038 (R02707) ok=✓ legacy [hint saved]
  [18/85] L1039 (R02708) ok=✓ legacy [primed] [hint saved]
  [19/85] L1036 (R02705) ok=✗
  [20/85] L1040 (R02709) ok=✗
  [21/85] L1042 (R02711) ok=✗
  [22/85] L1041 (R02710) ok=✗
  [23/85] L1044 (R02713) ok=✓ legacy [primed] [hint saved]
  [24/85] L1045 (R02714) ok=✓ legacy [primed] [hint saved]
  [25/85] L1043 (R02712) ok=✗
  [26/85] L1047 (R02716) ok=✗
  [27/85] L1048 (R02717) ok=✗
  [28/85] L1049 (R02718) ok=✓ legacy [primed] [hint saved]
  [29/85] L1046 (R02715) ok=✗
  [30/85] L1051 (R02720) ok=✗
  [31/85] L1052 (R02721) ok=✓ legacy [primed] [hint saved]
  [32/85] L1050 (R02719) ok=✗
  [33/85] L1053 (R02722) ok=✗
  [34/85] L1054 (R02723) ok=✗
  [35/85] L1055 (R02724) ok=✗
  [36/85] L1057 (R02726) ok=✓ legacy [primed] [hint saved]
  [37/85] L1058 (R02727) ok=✓ legacy [primed] [hint saved]
  [38/85] L1059 (R02728) ok=✗
  [39/85] L1060 (R02729) ok=✓ legacy [primed] [hint saved]
  [40/85] L1056 (R02725) ok=✗
  [41/85] L1062 (R02731) ok=✗
  [42/85] L1061 (R02730) ok=✗
  [43/85] L1063 (R02732) ok=✗
  [44/85] L1064 (R02733) ok=✗
  [45/85] L1065 (R02734) ok=✗
  [46/85] L1067 (R02736) ok=✓ legacy [primed] [hint saved]
  [47/85] L1066 (R02735) ok=✗
  [48/85] L1068 (R02737) ok=✗
  [49/85] L1070 (R02739) ok=✗
  [50/85] L1069 (R02738) ok=✗
  [51/85] L1072 (R02741) ok=✓ legacy [hint saved]
  [52/85] L1073 (R02742) ok=✓ legacy [primed] [hint saved]
  [53/85] L1074 (R02743) ok=✓ legacy [primed] [hint saved]
  [54/85] L1075 (R02744) ok=✗
  [55/85] L1076 (R02745) ok=✗
  [56/85] L1071 (R02740) ok=✗
  [57/85] L1077 (R02746) ok=✗
  [58/85] L1079 (R02748) ok=✗
  [59/85] L1080 (R02749) ok=✓ legacy [primed] [hint saved]
  [60/85] L1081 (R02750) ok=✓ legacy [primed] [hint saved]
  [61/85] L1082 (R02751) ok=✗
  [62/85] L1083 (R02752) ok=✓ legacy [primed] [hint saved]
  [63/85] L1078 (R02747) ok=✗
  [64/85] L1084 (R02753) ok=✗
  [65/85] L1085 (R02754) ok=✗
  [66/85] L1087 (R02756) ok=✗
  [67/85] L1088 (R02757) ok=✗
  [68/85] L1086 (R02755) ok=✗
  [69/85] L1089 (R02758) ok=✗
  [70/85] L1090 (R02759) ok=✗
  [71/85] L1091 (R02760) ok=✗
  [72/85] L1093 (R02762) ok=✓ legacy [primed] [hint saved]
  [73/85] L1092 (R02761) ok=✗
  [74/85] L1095 (R02764) ok=✓ legacy [primed] [hint saved]
  [75/85] L1094 (R02763) ok=✗
  [76/85] L1096 (R02765) ok=✗
  [77/85] L1097 (R02766) ok=✗
  [78/85] L1099 (R02768) ok=✗
  [79/85] L1098 (R02767) ok=✗
  [80/85] L1100 (R02769) ok=✗
  [81/85] L1102 (R02771) ok=✓ legacy [primed] [hint saved]
  [82/85] L1103 (R02772) ok=✗
  [83/85] L1104 (R02773) ok=✗
  [84/85] L1101 (R02770) ok=✗
  [85/85] L1105 (R02774) ok=✗
Hints: appended to 23 level(s); 23 hint file(s) changed on disk.
Result: solved=23/85, solvedBeforeFallback=0, fallbackOnly=23, unsolved=62
Wrote logs/solver-corpus2-batches/batch-13.json
Wrote logs/solver-corpus2-batches/batch-13-summary.md
portfolio-solve-sweep: corpus=data/stress/stress-levels-random.json levels=85 (85 to solve) scheduler-mode=legacy budget=8000ms node-budget=20000000 workers=2 enable-flags=STRATEGY_REPAIR_TURN_BIAS save-hints=true
  winner-first: normal + seeded-repair winners (shares solve budget) | 21/85 levels will be primed
  [1/85] L1022 (R02691) ok=✗
  [2/85] L1021 (R02690) ok=✗
  [3/85] L1024 (R02693) ok=✗
  [4/85] L1023 (R02692) ok=✗
  [5/85] L1025 (R02694) ok=✗
  [6/85] L1026 (R02695) ok=✗
  [7/85] L1027 (R02696) ok=✗
  [8/85] L1029 (R02698) ok=✗
  [9/85] L1030 (R02699) ok=✓ legacy [primed] [hint saved]
  [10/85] L1031 (R02700) ok=✗
  [11/85] L1028 (R02697) ok=✗
  [12/85] L1033 (R02702) ok=✓ legacy [primed] [hint saved]
  [13/85] L1034 (R02703) ok=✗
  [14/85] L1035 (R02704) ok=✓ legacy [primed] [hint saved]
  [15/85] L1032 (R02701) ok=✗
  [16/85] L1037 (R02706) ok=✓ legacy [primed] [hint saved]
  [17/85] L1038 (R02707) ok=✓ legacy [hint saved]
  [18/85] L1039 (R02708) ok=✓ legacy [primed] [hint saved]
  [19/85] L1036 (R02705) ok=✗
  [20/85] L1040 (R02709) ok=✗
  [21/85] L1042 (R02711) ok=✗
  [22/85] L1041 (R02710) ok=✗
  [23/85] L1044 (R02713) ok=✓ legacy [primed] [hint saved]
  [24/85] L1045 (R02714) ok=✓ legacy [primed] [hint saved]
  [25/85] L1043 (R02712) ok=✗
  [26/85] L1047 (R02716) ok=✗
  [27/85] L1048 (R02717) ok=✗
  [28/85] L1046 (R02715) ok=✗
  [29/85] L1049 (R02718) ok=✓ legacy [primed] [hint saved]
  [30/85] L1051 (R02720) ok=✗
  [31/85] L1052 (R02721) ok=✓ legacy [primed] [hint saved]
  [32/85] L1050 (R02719) ok=✗
  [33/85] L1053 (R02722) ok=✗
  [34/85] L1054 (R02723) ok=✗
  [35/85] L1055 (R02724) ok=✗
  [36/85] L1057 (R02726) ok=✓ legacy [primed] [hint saved]
  [37/85] L1058 (R02727) ok=✓ legacy [primed] [hint saved]
  [38/85] L1059 (R02728) ok=✗
  [39/85] L1060 (R02729) ok=✓ legacy [primed] [hint saved]
  [40/85] L1056 (R02725) ok=✗
  [41/85] L1062 (R02731) ok=✗
  [42/85] L1063 (R02732) ok=✗
  [43/85] L1061 (R02730) ok=✗
  [44/85] L1064 (R02733) ok=✗
  [45/85] L1065 (R02734) ok=✗
  [46/85] L1067 (R02736) ok=✓ legacy [primed] [hint saved]
  [47/85] L1066 (R02735) ok=✗
  [48/85] L1068 (R02737) ok=✗
  [49/85] L1070 (R02739) ok=✗
  [50/85] L1069 (R02738) ok=✗
  [51/85] L1072 (R02741) ok=✓ legacy [hint saved]
  [52/85] L1073 (R02742) ok=✓ legacy [primed] [hint saved]
  [53/85] L1074 (R02743) ok=✓ legacy [primed] [hint saved]
  [54/85] L1075 (R02744) ok=✗
  [55/85] L1076 (R02745) ok=✗
  [56/85] L1071 (R02740) ok=✗
  [57/85] L1077 (R02746) ok=✗
  [58/85] L1079 (R02748) ok=✗
  [59/85] L1080 (R02749) ok=✓ legacy [primed] [hint saved]
  [60/85] L1081 (R02750) ok=✓ legacy [primed] [hint saved]
  [61/85] L1082 (R02751) ok=✗
  [62/85] L1083 (R02752) ok=✓ legacy [primed] [hint saved]
  [63/85] L1078 (R02747) ok=✗
  [64/85] L1084 (R02753) ok=✗
  [65/85] L1085 (R02754) ok=✗
  [66/85] L1087 (R02756) ok=✗
  [67/85] L1088 (R02757) ok=✗
  [68/85] L1086 (R02755) ok=✗
  [69/85] L1089 (R02758) ok=✗
  [70/85] L1090 (R02759) ok=✗
  [71/85] L1091 (R02760) ok=✗
  [72/85] L1093 (R02762) ok=✓ legacy [primed] [hint saved]
  [73/85] L1092 (R02761) ok=✗
  [74/85] L1095 (R02764) ok=✓ legacy [primed] [hint saved]
  [75/85] L1094 (R02763) ok=✗
  [76/85] L1096 (R02765) ok=✗
  [77/85] L1097 (R02766) ok=✗
  [78/85] L1099 (R02768) ok=✗
  [79/85] L1098 (R02767) ok=✗
  [80/85] L1100 (R02769) ok=✗
  [81/85] L1102 (R02771) ok=✓ legacy [primed] [hint saved]
  [82/85] L1103 (R02772) ok=✗
  [83/85] L1104 (R02773) ok=✗
  [84/85] L1101 (R02770) ok=✗
  [85/85] L1105 (R02774) ok=✗
Hints: appended to 23 level(s); 23 hint file(s) changed on disk.
Result: solved=23/85, solvedBeforeFallback=0, fallbackOnly=23, unsolved=62
Wrote logs/solver-corpus2-batches/batch-13.json
Wrote logs/solver-corpus2-batches/batch-13-summary.md
portfolio-solve-sweep: corpus=data/stress/stress-levels-random.json levels=85 (85 to solve) scheduler-mode=legacy budget=8000ms node-budget=20000000 workers=2 enable-flags=STRATEGY_REPAIR_TURN_BIAS save-hints=true
  winner-first: normal + seeded-repair winners (shares solve budget) | 21/85 levels will be primed
  [1/85] L1022 (R02691) ok=✗
  [2/85] L1021 (R02690) ok=✗
  [3/85] L1024 (R02693) ok=✗
  [4/85] L1023 (R02692) ok=✗
  [5/85] L1025 (R02694) ok=✗
  [6/85] L1027 (R02696) ok=✗
  [7/85] L1026 (R02695) ok=✗
  [8/85] L1029 (R02698) ok=✗
  [9/85] L1030 (R02699) ok=✓ legacy [primed] [hint saved]
  [10/85] L1031 (R02700) ok=✗
  [11/85] L1028 (R02697) ok=✗
  [12/85] L1033 (R02702) ok=✓ legacy [primed] [hint saved]
  [13/85] L1034 (R02703) ok=✗
  [14/85] L1035 (R02704) ok=✓ legacy [primed] [hint saved]
  [15/85] L1032 (R02701) ok=✗
  [16/85] L1037 (R02706) ok=✓ legacy [primed] [hint saved]
  [17/85] L1038 (R02707) ok=✓ legacy [hint saved]
  [18/85] L1039 (R02708) ok=✓ legacy [primed] [hint saved]
  [19/85] L1036 (R02705) ok=✗
  [20/85] L1040 (R02709) ok=✗
  [21/85] L1042 (R02711) ok=✗
  [22/85] L1041 (R02710) ok=✗
  [23/85] L1044 (R02713) ok=✓ legacy [primed] [hint saved]
  [24/85] L1045 (R02714) ok=✓ legacy [primed] [hint saved]
  [25/85] L1043 (R02712) ok=✗
  [26/85] L1047 (R02716) ok=✗
  [27/85] L1048 (R02717) ok=✗
  [28/85] L1049 (R02718) ok=✓ legacy [primed] [hint saved]
  [29/85] L1046 (R02715) ok=✗
  [30/85] L1051 (R02720) ok=✗
  [31/85] L1052 (R02721) ok=✓ legacy [primed] [hint saved]
  [32/85] L1050 (R02719) ok=✗
  [33/85] L1053 (R02722) ok=✗
  [34/85] L1054 (R02723) ok=✗
  [35/85] L1055 (R02724) ok=✗
  [36/85] L1057 (R02726) ok=✓ legacy [primed] [hint saved]
  [37/85] L1058 (R02727) ok=✓ legacy [primed] [hint saved]
  [38/85] L1059 (R02728) ok=✗
  [39/85] L1060 (R02729) ok=✓ legacy [primed] [hint saved]
  [40/85] L1056 (R02725) ok=✗
  [41/85] L1062 (R02731) ok=✗
  [42/85] L1063 (R02732) ok=✗
  [43/85] L1061 (R02730) ok=✗
  [44/85] L1064 (R02733) ok=✗
  [45/85] L1065 (R02734) ok=✗
  [46/85] L1067 (R02736) ok=✓ legacy [primed] [hint saved]
  [47/85] L1066 (R02735) ok=✗
  [48/85] L1068 (R02737) ok=✗
  [49/85] L1070 (R02739) ok=✗
  [50/85] L1069 (R02738) ok=✗
  [51/85] L1072 (R02741) ok=✓ legacy [hint saved]
  [52/85] L1073 (R02742) ok=✓ legacy [primed] [hint saved]
  [53/85] L1074 (R02743) ok=✓ legacy [primed] [hint saved]
  [54/85] L1075 (R02744) ok=✗
  [55/85] L1071 (R02740) ok=✗
  [56/85] L1076 (R02745) ok=✗
  [57/85] L1077 (R02746) ok=✗
  [58/85] L1079 (R02748) ok=✗
  [59/85] L1080 (R02749) ok=✓ legacy [primed] [hint saved]
  [60/85] L1081 (R02750) ok=✓ legacy [primed] [hint saved]
  [61/85] L1082 (R02751) ok=✗
  [62/85] L1083 (R02752) ok=✓ legacy [primed] [hint saved]
  [63/85] L1078 (R02747) ok=✗
  [64/85] L1084 (R02753) ok=✗
  [65/85] L1085 (R02754) ok=✗
  [66/85] L1087 (R02756) ok=✗
  [67/85] L1088 (R02757) ok=✗
  [68/85] L1086 (R02755) ok=✗
  [69/85] L1089 (R02758) ok=✗
  [70/85] L1090 (R02759) ok=✗
  [71/85] L1091 (R02760) ok=✗
  [72/85] L1093 (R02762) ok=✓ legacy [primed] [hint saved]
  [73/85] L1092 (R02761) ok=✗
  [74/85] L1095 (R02764) ok=✓ legacy [primed] [hint saved]
  [75/85] L1094 (R02763) ok=✗
  [76/85] L1096 (R02765) ok=✗
  [77/85] L1097 (R02766) ok=✗
  [78/85] L1099 (R02768) ok=✗
  [79/85] L1098 (R02767) ok=✗
  [80/85] L1100 (R02769) ok=✗
  [81/85] L1102 (R02771) ok=✓ legacy [primed] [hint saved]
  [82/85] L1103 (R02772) ok=✗
  [83/85] L1104 (R02773) ok=✗
  [84/85] L1101 (R02770) ok=✗
  [85/85] L1105 (R02774) ok=✗
Hints: appended to 23 level(s); 23 hint file(s) changed on disk.
Result: solved=23/85, solvedBeforeFallback=0, fallbackOnly=23, unsolved=62
Wrote logs/solver-corpus2-batches/batch-13.json
Wrote logs/solver-corpus2-batches/batch-13-summary.md
portfolio-solve-sweep: corpus=data/stress/stress-levels-random.json levels=85 (85 to solve) scheduler-mode=legacy budget=86400000ms node-budget=36000000 workers=2 save-hints=true
  winner-first: normal + seeded-repair winners (shares solve budget) | 25/85 levels will be primed
  [1/85] L1022 (R02691) ok=✓ legacy [hint saved]
  [2/85] L1021 (R02690) ok=✗
  [3/85] L1023 (R02692) ok=✗
  [4/85] L1024 (R02693) ok=✗
  [5/85] L1025 (R02694) ok=✗
  [6/85] L1026 (R02695) ok=✗
  [7/85] L1027 (R02696) ok=✗
  [8/85] L1029 (R02698) ok=✓ legacy [hint saved]
  [9/85] L1030 (R02699) ok=✓ legacy [primed] [hint saved]
  [10/85] L1031 (R02700) ok=✗
  [11/85] L1028 (R02697) ok=✗
  [12/85] L1033 (R02702) ok=✓ legacy [primed] [hint saved]
  [13/85] L1032 (R02701) ok=✗
  [14/85] L1035 (R02704) ok=✓ legacy [primed] [hint saved]
  [15/85] L1034 (R02703) ok=✗
  [16/85] L1037 (R02706) ok=✓ legacy [primed] [hint saved]
  [17/85] L1038 (R02707) ok=✓ legacy [primed] [hint saved]
  [18/85] L1039 (R02708) ok=✓ legacy [primed] [hint saved]
  [19/85] L1036 (R02705) ok=✓ legacy [hint saved]
  [20/85] L1040 (R02709) ok=✗
  [21/85] L1041 (R02710) ok=✓ legacy [hint saved]
  [22/85] L1042 (R02711) ok=✓ legacy [hint saved]
  [23/85] L1044 (R02713) ok=✓ legacy [primed] [hint saved]
  [24/85] L1045 (R02714) ok=✓ legacy [primed] [hint saved]
  [25/85] L1043 (R02712) ok=✓ legacy [hint saved]
  [26/85] L1046 (R02715) ok=✓ legacy [hint saved]
  [27/85] L1047 (R02716) ok=✗
  [28/85] L1049 (R02718) ok=✓ legacy [primed] [hint saved]
  [29/85] L1048 (R02717) ok=✗
  [30/85] L1051 (R02720) ok=✗
  [31/85] L1052 (R02721) ok=✓ legacy [primed] [hint saved]
  [32/85] L1050 (R02719) ok=✗
  [33/85] L1054 (R02723) ok=✗
  [34/85] L1053 (R02722) ok=✗
  [35/85] L1056 (R02725) ok=✓ legacy [hint saved]
  [36/85] L1057 (R02726) ok=✓ legacy [primed] [hint saved]
  [37/85] L1058 (R02727) ok=✓ legacy [primed] [hint saved]
  [38/85] L1055 (R02724) ok=✗
  [39/85] L1060 (R02729) ok=✓ legacy [primed] [hint saved]
  [40/85] L1059 (R02728) ok=✗
  [41/85] L1062 (R02731) ok=✓ legacy [hint saved]
  [42/85] L1063 (R02732) ok=✓ legacy [hint saved]
  [43/85] L1061 (R02730) ok=✗
  [44/85] L1065 (R02734) ok=✗
  [45/85] L1064 (R02733) ok=✗
  [46/85] L1067 (R02736) ok=✓ legacy [primed] [hint saved]
  [47/85] L1066 (R02735) ok=✗
  [48/85] L1068 (R02737) ok=✗
  [49/85] L1070 (R02739) ok=✗
  [50/85] L1069 (R02738) ok=✗
  [51/85] L1071 (R02740) ok=✓ legacy [hint saved]
  [52/85] L1073 (R02742) ok=✓ legacy [primed] [hint saved]
  [53/85] L1074 (R02743) ok=✓ legacy [primed] [hint saved]
  [54/85] L1072 (R02741) ok=✓ legacy [primed] [hint saved]
  [55/85] L1075 (R02744) ok=✗
  [56/85] L1076 (R02745) ok=✗
  [57/85] L1077 (R02746) ok=✗
  [58/85] L1079 (R02748) ok=✗
  [59/85] L1080 (R02749) ok=✓ legacy [primed] [hint saved]
  [60/85] L1081 (R02750) ok=✓ legacy [primed] [hint saved]
  [61/85] L1082 (R02751) ok=✗
  [62/85] L1083 (R02752) ok=✓ legacy [primed] [hint saved]
  [63/85] L1084 (R02753) ok=✓ legacy [hint saved]
  [64/85] L1078 (R02747) ok=✗
  [65/85] L1085 (R02754) ok=✗
  [66/85] L1086 (R02755) ok=✗
  [67/85] L1087 (R02756) ok=✗
  [68/85] L1088 (R02757) ok=✗
  [69/85] L1090 (R02759) ok=✗
  [70/85] L1089 (R02758) ok=✗
  [71/85] L1092 (R02761) ok=✓ legacy [hint saved]
  [72/85] L1093 (R02762) ok=✓ legacy [primed] [hint saved]
  [73/85] L1091 (R02760) ok=✗
  [74/85] L1095 (R02764) ok=✓ legacy [primed] [hint saved]
  [75/85] L1096 (R02765) ok=✓ legacy [hint saved]
  [76/85] L1094 (R02763) ok=✓ legacy [hint saved]
  [77/85] L1097 (R02766) ok=✗
  [78/85] L1099 (R02768) ok=✗
  [79/85] L1100 (R02769) ok=✗
  [80/85] L1098 (R02767) ok=✗
  [81/85] L1102 (R02771) ok=✓ legacy [primed] [hint saved]
  [82/85] L1101 (R02770) ok=✗
  [83/85] L1103 (R02772) ok=✗
  [84/85] L1104 (R02773) ok=✗
  [85/85] L1105 (R02774) ok=✗
Hints: appended to 38 level(s); 38 hint file(s) changed on disk.
Result: solved=38/85, solvedBeforeFallback=0, fallbackOnly=38, unsolved=47
Wrote logs/solver-corpus2-batches/batch-13.json
Wrote logs/solver-corpus2-batches/batch-13-summary.md
portfolio-solve-sweep: corpus=data/stress/stress-levels-random.json levels=85 (85 to solve) scheduler-mode=legacy budget=86400000ms node-budget=36000000 workers=2 save-hints=true
  winner-first: normal + seeded-repair winners (shares solve budget) | 38/85 levels will be primed
  [1/85] L1022 (R02691) ok=✓ legacy [primed] [hint saved]
  [2/85] L1021 (R02690) ok=✗
  [3/85] L1023 (R02692) ok=✗
  [4/85] L1025 (R02694) ok=✗
  [5/85] L1024 (R02693) ok=✗
  [6/85] L1027 (R02696) ok=✗
  [7/85] L1026 (R02695) ok=✗
  [8/85] L1029 (R02698) ok=✓ legacy [primed] [hint saved]
  [9/85] L1030 (R02699) ok=✓ legacy [primed] [hint saved]
  [10/85] L1031 (R02700) ok=✗
  [11/85] L1028 (R02697) ok=✗
  [12/85] L1033 (R02702) ok=✓ legacy [primed] [hint saved]
  [13/85] L1032 (R02701) ok=✗
  [14/85] L1035 (R02704) ok=✓ legacy [primed] [hint saved]
  [15/85] L1036 (R02705) ok=✓ legacy [primed] [hint saved]
  [16/85] L1037 (R02706) ok=✓ legacy [primed] [hint saved]
  [17/85] L1038 (R02707) ok=✓ legacy [primed] [hint saved]
  [18/85] L1039 (R02708) ok=✓ legacy [primed] [hint saved]
  [19/85] L1034 (R02703) ok=✗
  [20/85] L1041 (R02710) ok=✓ legacy [primed] [hint saved]
  [21/85] L1042 (R02711) ok=✓ legacy [primed] [hint saved]
  [22/85] L1040 (R02709) ok=✗
  [23/85] L1043 (R02712) ok=✓ legacy [primed] [hint saved]
  [24/85] L1045 (R02714) ok=✓ legacy [primed] [hint saved]
  [25/85] L1046 (R02715) ok=✓ legacy [primed] [hint saved]
  [26/85] L1047 (R02716) ok=✗
  [27/85] L1044 (R02713) ok=✓ legacy [primed] [hint saved]
  [28/85] L1049 (R02718) ok=✓ legacy [primed] [hint saved]
  [29/85] L1048 (R02717) ok=✗
  [30/85] L1051 (R02720) ok=✗
  [31/85] L1052 (R02721) ok=✓ legacy [primed] [hint saved]
  [32/85] L1050 (R02719) ok=✗
  [33/85] L1054 (R02723) ok=✗
  [34/85] L1053 (R02722) ok=✗
  [35/85] L1056 (R02725) ok=✓ legacy [primed] [hint saved]
  [36/85] L1057 (R02726) ok=✓ legacy [primed] [hint saved]
  [37/85] L1058 (R02727) ok=✓ legacy [primed] [hint saved]
  [38/85] L1055 (R02724) ok=✗
  [39/85] L1060 (R02729) ok=✓ legacy [primed] [hint saved]
  [40/85] L1059 (R02728) ok=✗
  [41/85] L1062 (R02731) ok=✓ legacy [primed] [hint saved]
  [42/85] L1063 (R02732) ok=✓ legacy [primed] [hint saved]
  [43/85] L1064 (R02733) ok=✗
  [44/85] L1061 (R02730) ok=✗
  [45/85] L1065 (R02734) ok=✗
  [46/85] L1067 (R02736) ok=✓ legacy [primed] [hint saved]
  [47/85] L1066 (R02735) ok=✗
  [48/85] L1068 (R02737) ok=✗
  [49/85] L1069 (R02738) ok=✗
  [50/85] L1071 (R02740) ok=✓ legacy [primed] [hint saved]
  [51/85] L1070 (R02739) ok=✗
  [52/85] L1073 (R02742) ok=✓ legacy [primed] [hint saved]
  [53/85] L1074 (R02743) ok=✓ legacy [primed] [hint saved]
  [54/85] L1072 (R02741) ok=✓ legacy [primed] [hint saved]
  [55/85] L1075 (R02744) ok=✗
  [56/85] L1076 (R02745) ok=✗
  [57/85] L1077 (R02746) ok=✗
  [58/85] L1079 (R02748) ok=✗
  [59/85] L1080 (R02749) ok=✓ legacy [primed] [hint saved]
  [60/85] L1081 (R02750) ok=✓ legacy [primed] [hint saved]
  [61/85] L1082 (R02751) ok=✗
  [62/85] L1083 (R02752) ok=✓ legacy [primed] [hint saved]
  [63/85] L1084 (R02753) ok=✓ legacy [primed] [hint saved]
  [64/85] L1078 (R02747) ok=✗
  [65/85] L1085 (R02754) ok=✗
  [66/85] L1086 (R02755) ok=✗
  [67/85] L1087 (R02756) ok=✗
  [68/85] L1088 (R02757) ok=✗
  [69/85] L1090 (R02759) ok=✗
  [70/85] L1089 (R02758) ok=✗
  [71/85] L1092 (R02761) ok=✓ legacy [primed] [hint saved]
  [72/85] L1093 (R02762) ok=✓ legacy [primed] [hint saved]
  [73/85] L1094 (R02763) ok=✓ legacy [primed] [hint saved]
  [74/85] L1095 (R02764) ok=✓ legacy [primed] [hint saved]
  [75/85] L1091 (R02760) ok=✗
  [76/85] L1096 (R02765) ok=✓ legacy [primed] [hint saved]
  [77/85] L1097 (R02766) ok=✗
  [78/85] L1099 (R02768) ok=✗
  [79/85] L1098 (R02767) ok=✗
  [80/85] L1100 (R02769) ok=✗
  [81/85] L1102 (R02771) ok=✓ legacy [primed] [hint saved]
  [82/85] L1103 (R02772) ok=✗
  [83/85] L1101 (R02770) ok=✗
  [84/85] L1104 (R02773) ok=✗
  [85/85] L1105 (R02774) ok=✗
Hints: appended to 38 level(s); 38 hint file(s) changed on disk.
Result: solved=38/85, solvedBeforeFallback=0, fallbackOnly=38, unsolved=47
Wrote logs/solver-corpus2-batches/batch-13.json
Wrote logs/solver-corpus2-batches/batch-13-summary.md
