portfolio-solve-sweep: corpus=data/stress/stress-levels-random.json levels=85 (85 to solve) scheduler-mode=legacy budget=8000ms node-budget=20000000 workers=2 save-hints=true
  [1/85] L511 (R02180) ok=✗
  [2/85] L512 (R02181) ok=✗
  [3/85] L513 (R02182) ok=✗
  [4/85] L514 (R02183) ok=✗
  [5/85] L515 (R02184) ok=✗
  [6/85] L517 (R02186) ok=✗
  [7/85] L516 (R02185) ok=✗
  [8/85] L519 (R02188) ok=✓ legacy [hint saved]
  [9/85] L518 (R02187) ok=✗
  [10/85] L521 (R02190) ok=✓ legacy [hint saved]
  [11/85] L520 (R02189) ok=✗
  [12/85] L522 (R02191) ok=✗
  [13/85] L523 (R02192) ok=✗
  [14/85] L524 (R02193) ok=✗
  [15/85] L526 (R02195) ok=✗
  [16/85] L525 (R02194) ok=✗
  [17/85] L528 (R02197) ok=✓ legacy [hint saved]
  [18/85] L527 (R02196) ok=✗
  [19/85] L529 (R02198) ok=✗
  [20/85] L531 (R02200) ok=✗
  [21/85] L532 (R02201) ok=✗
  [22/85] L530 (R02199) ok=✗
  [23/85] L533 (R02202) ok=✗
  [24/85] L534 (R02203) ok=✗
  [25/85] L535 (R02204) ok=✗
  [26/85] L536 (R02205) ok=✗
  [27/85] L538 (R02207) ok=✗
  [28/85] L539 (R02208) ok=✓ legacy [hint saved]
  [29/85] L540 (R02209) ok=✗
  [30/85] L537 (R02206) ok=✗
  [31/85] L541 (R02210) ok=✗
  [32/85] L542 (R02211) ok=✗
  [33/85] L543 (R02212) ok=✓ legacy [hint saved]
  [34/85] L545 (R02214) ok=✗
  [35/85] L544 (R02213) ok=✗
  [36/85] L547 (R02216) ok=✗
  [37/85] L548 (R02217) ok=✗
  [38/85] L549 (R02218) ok=✓ legacy [hint saved]
  [39/85] L550 (R02219) ok=✗
  [40/85] L551 (R02220) ok=✗
  [41/85] L546 (R02215) ok=✗
  [42/85] L552 (R02221) ok=✗
  [43/85] L553 (R02222) ok=✗
  [44/85] L555 (R02224) ok=✗
  [45/85] L556 (R02225) ok=✗
  [46/85] L554 (R02223) ok=✗
  [47/85] L557 (R02226) ok=✗
  [48/85] L559 (R02228) ok=✓ legacy [hint saved]
  [49/85] L558 (R02227) ok=✗
  [50/85] L560 (R02229) ok=✗
  [51/85] L562 (R02231) ok=✗
  [52/85] L561 (R02230) ok=✗
  [53/85] L563 (R02232) ok=✗
  [54/85] L565 (R02234) ok=✓ legacy [hint saved]
  [55/85] L566 (R02235) ok=✗
  [56/85] L567 (R02236) ok=✓ legacy [hint saved]
  [57/85] L564 (R02233) ok=✗
  [58/85] L568 (R02237) ok=✗
  [59/85] L569 (R02238) ok=✗
  [60/85] L571 (R02240) ok=✓ legacy [hint saved]
  [61/85] L572 (R02241) ok=✓ legacy [hint saved]
  [62/85] L570 (R02239) ok=✗
  [63/85] L574 (R02243) ok=✓ legacy [hint saved]
  [64/85] L573 (R02242) ok=✓ legacy [hint saved]
  [65/85] L575 (R02244) ok=✗
  [66/85] L577 (R02246) ok=✓ legacy [hint saved]
  [67/85] L578 (R02247) ok=✓ legacy [hint saved]
  [68/85] L579 (R02248) ok=✓ legacy [hint saved]
  [69/85] L580 (R02249) ok=✗
  [70/85] L581 (R02250) ok=✗
  [71/85] L576 (R02245) ok=✗
  [72/85] L582 (R02251) ok=✗
  [73/85] L583 (R02252) ok=✗
  [74/85] L585 (R02254) ok=✗
  [75/85] L586 (R02255) ok=✗
  [76/85] L584 (R02253) ok=✗
  [77/85] L588 (R02257) ok=✓ legacy [hint saved]
  [78/85] L587 (R02256) ok=✗
  [79/85] L590 (R02259) ok=✗
  [80/85] L589 (R02258) ok=✗
  [81/85] L591 (R02260) ok=✗
  [82/85] L593 (R02262) ok=✓ legacy [hint saved]
  [83/85] L594 (R02263) ok=✗
  [84/85] L592 (R02261) ok=✗
  [85/85] L595 (R02264) ok=✓ legacy [hint saved]
Hints: appended to 19 level(s); 19 hint file(s) changed on disk.
Result: solved=19/85, solvedBeforeFallback=0, fallbackOnly=19, unsolved=66
Wrote logs/solver-corpus2-batches/batch-07.json
Wrote logs/solver-corpus2-batches/batch-07-summary.md
portfolio-solve-sweep: corpus=data/stress/stress-levels-random.json levels=85 (85 to solve) scheduler-mode=legacy budget=8000ms node-budget=20000000 workers=2 enable-flags=STRATEGY_REPAIR_TURN_BIAS save-hints=true
  [1/85] L511 (R02180) ok=✗
  [2/85] L512 (R02181) ok=✗
  [3/85] L513 (R02182) ok=✗
  [4/85] L514 (R02183) ok=✗
  [5/85] L515 (R02184) ok=✗
  [6/85] L517 (R02186) ok=✗
  [7/85] L516 (R02185) ok=✗
  [8/85] L519 (R02188) ok=✓ legacy [hint saved]
  [9/85] L520 (R02189) ok=✗
  [10/85] L521 (R02190) ok=✓ legacy [hint saved]
  [11/85] L522 (R02191) ok=✗
  [12/85] L518 (R02187) ok=✗
  [13/85] L523 (R02192) ok=✗
  [14/85] L524 (R02193) ok=✗
  [15/85] L526 (R02195) ok=✗
  [16/85] L525 (R02194) ok=✗
  [17/85] L528 (R02197) ok=✓ legacy [hint saved]
  [18/85] L529 (R02198) ok=✗
  [19/85] L527 (R02196) ok=✗
  [20/85] L531 (R02200) ok=✗
  [21/85] L532 (R02201) ok=✗
  [22/85] L530 (R02199) ok=✗
  [23/85] L533 (R02202) ok=✗
  [24/85] L534 (R02203) ok=✗
  [25/85] L535 (R02204) ok=✗
  [26/85] L536 (R02205) ok=✗
  [27/85] L538 (R02207) ok=✗
  [28/85] L539 (R02208) ok=✓ legacy [hint saved]
  [29/85] L540 (R02209) ok=✗
  [30/85] L537 (R02206) ok=✗
  [31/85] L542 (R02211) ok=✗
  [32/85] L543 (R02212) ok=✓ legacy [hint saved]
  [33/85] L541 (R02210) ok=✗
  [34/85] L545 (R02214) ok=✗
  [35/85] L544 (R02213) ok=✗
  [36/85] L547 (R02216) ok=✗
  [37/85] L548 (R02217) ok=✗
  [38/85] L549 (R02218) ok=✓ legacy [hint saved]
  [39/85] L550 (R02219) ok=✗
  [40/85] L546 (R02215) ok=✗
  [41/85] L552 (R02221) ok=✗
  [42/85] L553 (R02222) ok=✗
  [43/85] L551 (R02220) ok=✗
  [44/85] L555 (R02224) ok=✗
  [45/85] L554 (R02223) ok=✗
  [46/85] L556 (R02225) ok=✗
  [47/85] L558 (R02227) ok=✗
  [48/85] L557 (R02226) ok=✗
  [49/85] L559 (R02228) ok=✓ legacy [hint saved]
  [50/85] L560 (R02229) ok=✗
  [51/85] L561 (R02230) ok=✗
  [52/85] L563 (R02232) ok=✗
  [53/85] L562 (R02231) ok=✗
  [54/85] L565 (R02234) ok=✓ legacy [hint saved]
  [55/85] L566 (R02235) ok=✗
  [56/85] L564 (R02233) ok=✗
  [57/85] L568 (R02237) ok=✗
  [58/85] L567 (R02236) ok=✓ legacy [hint saved]
  [59/85] L569 (R02238) ok=✗
  [60/85] L570 (R02239) ok=✗
  [61/85] L572 (R02241) ok=✓ legacy [hint saved]
  [62/85] L571 (R02240) ok=✗
  [63/85] L573 (R02242) ok=✓ legacy [hint saved]
  [64/85] L574 (R02243) ok=✓ legacy [hint saved]
  [65/85] L575 (R02244) ok=✗
  [66/85] L577 (R02246) ok=✓ legacy [hint saved]
  [67/85] L578 (R02247) ok=✓ legacy [hint saved]
  [68/85] L579 (R02248) ok=✓ legacy [hint saved]
  [69/85] L580 (R02249) ok=✗
  [70/85] L581 (R02250) ok=✗
  [71/85] L576 (R02245) ok=✗
  [72/85] L582 (R02251) ok=✗
  [73/85] L583 (R02252) ok=✗
  [74/85] L585 (R02254) ok=✗
  [75/85] L586 (R02255) ok=✗
  [76/85] L584 (R02253) ok=✗
  [77/85] L588 (R02257) ok=✓ legacy [hint saved]
  [78/85] L587 (R02256) ok=✗
  [79/85] L590 (R02259) ok=✗
  [80/85] L589 (R02258) ok=✗
  [81/85] L591 (R02260) ok=✗
  [82/85] L593 (R02262) ok=✓ legacy [hint saved]
  [83/85] L594 (R02263) ok=✗
  [84/85] L592 (R02261) ok=✗
  [85/85] L595 (R02264) ok=✓ legacy [hint saved]
Hints: appended to 18 level(s); 18 hint file(s) changed on disk.
Result: solved=18/85, solvedBeforeFallback=0, fallbackOnly=18, unsolved=67
Wrote logs/solver-corpus2-batches/batch-07.json
Wrote logs/solver-corpus2-batches/batch-07-summary.md
portfolio-solve-sweep: corpus=data/stress/stress-levels-random.json levels=85 (85 to solve) scheduler-mode=legacy budget=30000ms node-budget=60000000 workers=2 enable-flags=STRATEGY_REPAIR_TURN_BIAS save-hints=true
  [1/85] L511 (R02180) ok=✗
  [2/85] L512 (R02181) ok=✗
  [3/85] L514 (R02183) ok=✗
  [4/85] L513 (R02182) ok=✗
  [5/85] L515 (R02184) ok=✗
  [6/85] L516 (R02185) ok=✗
  [7/85] L517 (R02186) ok=✗
  [8/85] L519 (R02188) ok=✓ legacy [hint saved]
  [9/85] L520 (R02189) ok=✗
  [10/85] L521 (R02190) ok=✓ legacy [hint saved]
  [11/85] L522 (R02191) ok=✗
  [12/85] L518 (R02187) ok=✗
  [13/85] L524 (R02193) ok=✓ legacy [hint saved]
  [14/85] L523 (R02192) ok=✗
  [15/85] L526 (R02195) ok=✗
  [16/85] L525 (R02194) ok=✗
  [17/85] L528 (R02197) ok=✓ legacy [hint saved]
  [18/85] L529 (R02198) ok=✗
  [19/85] L527 (R02196) ok=✗
  [20/85] L531 (R02200) ok=✗
  [21/85] L530 (R02199) ok=✗
  [22/85] L532 (R02201) ok=✗
  [23/85] L533 (R02202) ok=✗
  [24/85] L534 (R02203) ok=✗
  [25/85] L535 (R02204) ok=✗
  [26/85] L536 (R02205) ok=✗
  [27/85] L538 (R02207) ok=✗
  [28/85] L539 (R02208) ok=✓ legacy [hint saved]
  [29/85] L540 (R02209) ok=✗
  [30/85] L537 (R02206) ok=✗
  [31/85] L542 (R02211) ok=✗
  [32/85] L543 (R02212) ok=✓ legacy [hint saved]
  [33/85] L541 (R02210) ok=✗
  [34/85] L545 (R02214) ok=✗
  [35/85] L544 (R02213) ok=✗
  [36/85] L547 (R02216) ok=✓ legacy [hint saved]
  [37/85] L548 (R02217) ok=✗
  [38/85] L549 (R02218) ok=✓ legacy [hint saved]
  [39/85] L550 (R02219) ok=✗
  [40/85] L546 (R02215) ok=✗
  [41/85] L552 (R02221) ok=✗
  [42/85] L551 (R02220) ok=✗
  [43/85] L553 (R02222) ok=✗
  [44/85] L554 (R02223) ok=✓ legacy [hint saved]
  [45/85] L556 (R02225) ok=✓ legacy [hint saved]
  [46/85] L555 (R02224) ok=✗
  [47/85] L557 (R02226) ok=✗
  [48/85] L559 (R02228) ok=✓ legacy [hint saved]
  [49/85] L560 (R02229) ok=✗
  [50/85] L558 (R02227) ok=✗
  [51/85] L562 (R02231) ok=✗
  [52/85] L563 (R02232) ok=✓ legacy [hint saved]
  [53/85] L561 (R02230) ok=✗
  [54/85] L565 (R02234) ok=✓ legacy [hint saved]
  [55/85] L564 (R02233) ok=✗
  [56/85] L566 (R02235) ok=✗
  [57/85] L567 (R02236) ok=✓ legacy [hint saved]
  [58/85] L568 (R02237) ok=✗
  [59/85] L570 (R02239) ok=✗
  [60/85] L571 (R02240) ok=✓ legacy [hint saved]
  [61/85] L572 (R02241) ok=✓ legacy [hint saved]
  [62/85] L569 (R02238) ok=✗
  [63/85] L574 (R02243) ok=✓ legacy [hint saved]
  [64/85] L573 (R02242) ok=✓ legacy [hint saved]
  [65/85] L575 (R02244) ok=✗
  [66/85] L577 (R02246) ok=✓ legacy [hint saved]
  [67/85] L578 (R02247) ok=✓ legacy [hint saved]
  [68/85] L579 (R02248) ok=✓ legacy [hint saved]
  [69/85] L580 (R02249) ok=✓ legacy [hint saved]
  [70/85] L581 (R02250) ok=✓ legacy [hint saved]
  [71/85] L576 (R02245) ok=✗
  [72/85] L582 (R02251) ok=✗
  [73/85] L583 (R02252) ok=✗
  [74/85] L585 (R02254) ok=✗
  [75/85] L586 (R02255) ok=✗
  [76/85] L584 (R02253) ok=✗
  [77/85] L588 (R02257) ok=✓ legacy [hint saved]
  [78/85] L587 (R02256) ok=✗
  [79/85] L590 (R02259) ok=✓ legacy [hint saved]
  [80/85] L589 (R02258) ok=✗
  [81/85] L591 (R02260) ok=✗
  [82/85] L593 (R02262) ok=✓ legacy [hint saved]
  [83/85] L594 (R02263) ok=✗
  [84/85] L595 (R02264) ok=✓ legacy [hint saved]
  [85/85] L592 (R02261) ok=✗
Hints: appended to 27 level(s); 27 hint file(s) changed on disk.
Result: solved=27/85, solvedBeforeFallback=0, fallbackOnly=27, unsolved=58
Wrote logs/solver-corpus2-batches/batch-07.json
Wrote logs/solver-corpus2-batches/batch-07-summary.md
portfolio-solve-sweep: corpus=data/stress/stress-levels-random.json levels=85 (85 to solve) scheduler-mode=legacy budget=60000ms node-budget=120000000 workers=2 enable-flags=STRATEGY_REPAIR_TURN_BIAS save-hints=true
  [1/85] L511 (R02180) ok=✗
  [2/85] L512 (R02181) ok=✗
  [3/85] L514 (R02183) ok=✗
  [4/85] L513 (R02182) ok=✗
  [5/85] L515 (R02184) ok=✗
  [6/85] L517 (R02186) ok=✓ legacy [hint saved]
  [7/85] L516 (R02185) ok=✗
  [8/85] L519 (R02188) ok=✓ legacy [hint saved]
  [9/85] L520 (R02189) ok=✗
  [10/85] L521 (R02190) ok=✓ legacy [hint saved]
  [11/85] L522 (R02191) ok=✗
  [12/85] L518 (R02187) ok=✗
  [13/85] L524 (R02193) ok=✓ legacy [hint saved]
  [14/85] L523 (R02192) ok=✗
  [15/85] L526 (R02195) ok=✗
  [16/85] L525 (R02194) ok=✗
  [17/85] L528 (R02197) ok=✓ legacy [hint saved]
  [18/85] L529 (R02198) ok=✗
  [19/85] L527 (R02196) ok=✗
  [20/85] L531 (R02200) ok=✗
  [21/85] L530 (R02199) ok=✗
  [22/85] L532 (R02201) ok=✗
  [23/85] L533 (R02202) ok=✗
  [24/85] L534 (R02203) ok=✗
  [25/85] L535 (R02204) ok=✗
  [26/85] L536 (R02205) ok=✗
  [27/85] L538 (R02207) ok=✗
  [28/85] L539 (R02208) ok=✓ legacy [hint saved]
  [29/85] L540 (R02209) ok=✗
  [30/85] L537 (R02206) ok=✗
  [31/85] L542 (R02211) ok=✗
  [32/85] L543 (R02212) ok=✓ legacy [hint saved]
  [33/85] L541 (R02210) ok=✗
  [34/85] L545 (R02214) ok=✗
  [35/85] L544 (R02213) ok=✗
  [36/85] L547 (R02216) ok=✓ legacy [hint saved]
  [37/85] L548 (R02217) ok=✓ legacy [hint saved]
  [38/85] L549 (R02218) ok=✓ legacy [hint saved]
  [39/85] L550 (R02219) ok=✗
  [40/85] L546 (R02215) ok=✗
  [41/85] L551 (R02220) ok=✗
  [42/85] L552 (R02221) ok=✗
  [43/85] L554 (R02223) ok=✓ legacy [hint saved]
  [44/85] L553 (R02222) ok=✗
  [45/85] L556 (R02225) ok=✓ legacy [hint saved]
  [46/85] L555 (R02224) ok=✗
  [47/85] L557 (R02226) ok=✗
  [48/85] L559 (R02228) ok=✓ legacy [hint saved]
  [49/85] L560 (R02229) ok=✗
  [50/85] L558 (R02227) ok=✗
  [51/85] L561 (R02230) ok=✗
  [52/85] L562 (R02231) ok=✗
  [53/85] L563 (R02232) ok=✓ legacy [hint saved]
  [54/85] L565 (R02234) ok=✓ legacy [hint saved]
  [55/85] L566 (R02235) ok=✗
  [56/85] L567 (R02236) ok=✓ legacy [hint saved]
  [57/85] L564 (R02233) ok=✗
  [58/85] L568 (R02237) ok=✗
  [59/85] L570 (R02239) ok=✗
  [60/85] L571 (R02240) ok=✓ legacy [hint saved]
  [61/85] L572 (R02241) ok=✓ legacy [hint saved]
  [62/85] L569 (R02238) ok=✗
  [63/85] L574 (R02243) ok=✓ legacy [hint saved]
  [64/85] L573 (R02242) ok=✓ legacy [hint saved]
  [65/85] L575 (R02244) ok=✗
  [66/85] L577 (R02246) ok=✓ legacy [hint saved]
  [67/85] L578 (R02247) ok=✓ legacy [hint saved]
  [68/85] L579 (R02248) ok=✓ legacy [hint saved]
  [69/85] L580 (R02249) ok=✓ legacy [hint saved]
  [70/85] L581 (R02250) ok=✓ legacy [hint saved]
  [71/85] L576 (R02245) ok=✗
  [72/85] L582 (R02251) ok=✗
  [73/85] L583 (R02252) ok=✗
  [74/85] L585 (R02254) ok=✗
  [75/85] L586 (R02255) ok=✗
  [76/85] L584 (R02253) ok=✗
  [77/85] L588 (R02257) ok=✓ legacy [hint saved]
  [78/85] L587 (R02256) ok=✗
  [79/85] L590 (R02259) ok=✓ legacy [hint saved]
  [80/85] L589 (R02258) ok=✗
  [81/85] L591 (R02260) ok=✗
  [82/85] L593 (R02262) ok=✓ legacy [hint saved]
  [83/85] L594 (R02263) ok=✗
  [84/85] L595 (R02264) ok=✓ legacy [hint saved]
  [85/85] L592 (R02261) ok=✗
Hints: appended to 29 level(s); 29 hint file(s) changed on disk.
Result: solved=29/85, solvedBeforeFallback=0, fallbackOnly=29, unsolved=56
Wrote logs/solver-corpus2-batches/batch-07.json
Wrote logs/solver-corpus2-batches/batch-07-summary.md
portfolio-solve-sweep: corpus=data/stress/stress-levels-random.json levels=85 (85 to solve) scheduler-mode=legacy budget=8000ms node-budget=20000000 workers=2 save-hints=true
  adaptive budgets: mult=3x floor=2,000,000 unsolved=20,000,000 | 29 known-solved scaled (min 2,000,000 / med 20,000,000 / max 289,352,535 nodes)
  winner-first: normal + seeded-repair winners (shares solve budget) | 20/85 levels will be primed
  [1/85] L511 (R02180) ok=✗
  [2/85] L512 (R02181) ok=✗
  [3/85] L514 (R02183) ok=✗
  [4/85] L513 (R02182) ok=✗
  [5/85] L515 (R02184) ok=✗
  [6/85] L517 (R02186) ok=✓ legacy [primed] [hint saved]
  [7/85] L518 (R02187) ok=✗
  [8/85] L519 (R02188) ok=✓ legacy [hint saved]
  [9/85] L516 (R02185) ok=✗
  [10/85] L521 (R02190) ok=✓ legacy [primed] [hint saved]
  [11/85] L520 (R02189) ok=✗
  [12/85] L522 (R02191) ok=✗
  [13/85] L524 (R02193) ok=✓ legacy [primed] [hint saved]
  [14/85] L523 (R02192) ok=✗
  [15/85] L526 (R02195) ok=✗
  [16/85] L525 (R02194) ok=✗
  [17/85] L528 (R02197) ok=✓ legacy [primed] [hint saved]
  [18/85] L529 (R02198) ok=✗
  [19/85] L527 (R02196) ok=✗
  [20/85] L531 (R02200) ok=✗
  [21/85] L532 (R02201) ok=✗
  [22/85] L530 (R02199) ok=✗
  [23/85] L533 (R02202) ok=✗
  [24/85] L535 (R02204) ok=✗
  [25/85] L534 (R02203) ok=✗
  [26/85] L536 (R02205) ok=✗
  [27/85] L538 (R02207) ok=✗
  [28/85] L539 (R02208) ok=✓ legacy [primed] [hint saved]
  [29/85] L540 (R02209) ok=✗
  [30/85] L537 (R02206) ok=✗
  [31/85] L542 (R02211) ok=✗
  [32/85] L543 (R02212) ok=✓ legacy [primed] [hint saved]
  [33/85] L541 (R02210) ok=✗
  [34/85] L545 (R02214) ok=✗
  [35/85] L544 (R02213) ok=✗
  [36/85] L547 (R02216) ok=✓ legacy [hint saved]
  [37/85] L548 (R02217) ok=✓ legacy [primed] [hint saved]
  [38/85] L549 (R02218) ok=✓ legacy [primed] [hint saved]
  [39/85] L550 (R02219) ok=✗
  [40/85] L551 (R02220) ok=✗
  [41/85] L552 (R02221) ok=✗
  [42/85] L546 (R02215) ok=✗
  [43/85] L554 (R02223) ok=✓ legacy [primed] [hint saved]
  [44/85] L553 (R02222) ok=✗
  [45/85] L556 (R02225) ok=✓ legacy [primed] [hint saved]
  [46/85] L555 (R02224) ok=✗
  [47/85] L557 (R02226) ok=✗
  [48/85] L559 (R02228) ok=✓ legacy [primed] [hint saved]
  [49/85] L560 (R02229) ok=✗
  [50/85] L558 (R02227) ok=✗
  [51/85] L562 (R02231) ok=✗
  [52/85] L563 (R02232) ok=✓ legacy [primed] [hint saved]
  [53/85] L561 (R02230) ok=✗
  [54/85] L565 (R02234) ok=✓ legacy [primed] [hint saved]
  [55/85] L566 (R02235) ok=✗
  [56/85] L564 (R02233) ok=✗
  [57/85] L567 (R02236) ok=✓ legacy [primed] [hint saved]
  [58/85] L568 (R02237) ok=✗
  [59/85] L569 (R02238) ok=✗
  [60/85] L571 (R02240) ok=✓ legacy [primed] [hint saved]
  [61/85] L572 (R02241) ok=✓ legacy [primed] [hint saved]
  [62/85] L570 (R02239) ok=✗
  [63/85] L574 (R02243) ok=✓ legacy [hint saved]
  [64/85] L573 (R02242) ok=✓ legacy [hint saved]
  [65/85] L575 (R02244) ok=✗
  [66/85] L577 (R02246) ok=✓ legacy [hint saved]
  [67/85] L578 (R02247) ok=✓ legacy [primed] [hint saved]
  [68/85] L579 (R02248) ok=✓ legacy [primed] [hint saved]
  [69/85] L576 (R02245) ok=✗
  [70/85] L581 (R02250) ok=✓ legacy [primed] [hint saved]
  [71/85] L582 (R02251) ok=✗
  [72/85] L583 (R02252) ok=✗
  [73/85] L580 (R02249) ok=✗
  [74/85] L585 (R02254) ok=✗
  [75/85] L586 (R02255) ok=✗
  [76/85] L584 (R02253) ok=✗
  [77/85] L588 (R02257) ok=✓ legacy [hint saved]
  [78/85] L587 (R02256) ok=✗
  [79/85] L590 (R02259) ok=✓ legacy [primed] [hint saved]
  [80/85] L591 (R02260) ok=✗
  [81/85] L589 (R02258) ok=✗
  [82/85] L593 (R02262) ok=✓ legacy [hint saved]
  [83/85] L594 (R02263) ok=✗
  [84/85] L592 (R02261) ok=✗
  [85/85] L595 (R02264) ok=✓ legacy [hint saved]
Hints: appended to 28 level(s); 28 hint file(s) changed on disk.
Result: solved=28/85, solvedBeforeFallback=0, fallbackOnly=28, unsolved=57
Wrote logs/solver-corpus2-batches/batch-07.json
Wrote logs/solver-corpus2-batches/batch-07-summary.md
portfolio-solve-sweep: corpus=data/stress/stress-levels-random.json levels=85 (85 to solve) scheduler-mode=legacy budget=8000ms node-budget=20000000 workers=2 save-hints=true
  winner-first: normal + seeded-repair winners (shares solve budget) | 25/85 levels will be primed
  [1/85] L511 (R02180) ok=✗
  [2/85] L512 (R02181) ok=✗
  [3/85] L514 (R02183) ok=✗
  [4/85] L513 (R02182) ok=✗
  [5/85] L515 (R02184) ok=✗
  [6/85] L517 (R02186) ok=✓ legacy [primed] [hint saved]
  [7/85] L516 (R02185) ok=✗
  [8/85] L519 (R02188) ok=✓ legacy [primed] [hint saved]
  [9/85] L518 (R02187) ok=✗
  [10/85] L521 (R02190) ok=✓ legacy [primed] [hint saved]
  [11/85] L520 (R02189) ok=✗
  [12/85] L522 (R02191) ok=✗
  [13/85] L524 (R02193) ok=✓ legacy [primed] [hint saved]
  [14/85] L523 (R02192) ok=✗
  [15/85] L526 (R02195) ok=✗
  [16/85] L525 (R02194) ok=✗
  [17/85] L528 (R02197) ok=✓ legacy [primed] [hint saved]
  [18/85] L529 (R02198) ok=✗
  [19/85] L527 (R02196) ok=✗
  [20/85] L531 (R02200) ok=✗
  [21/85] L532 (R02201) ok=✗
  [22/85] L530 (R02199) ok=✗
  [23/85] L533 (R02202) ok=✗
  [24/85] L534 (R02203) ok=✗
  [25/85] L535 (R02204) ok=✗
  [26/85] L536 (R02205) ok=✗
  [27/85] L538 (R02207) ok=✗
  [28/85] L539 (R02208) ok=✓ legacy [primed] [hint saved]
  [29/85] L540 (R02209) ok=✗
  [30/85] L537 (R02206) ok=✗
  [31/85] L541 (R02210) ok=✗
  [32/85] L543 (R02212) ok=✓ legacy [primed] [hint saved]
  [33/85] L542 (R02211) ok=✗
  [34/85] L545 (R02214) ok=✗
  [35/85] L544 (R02213) ok=✗
  [36/85] L547 (R02216) ok=✗
  [37/85] L548 (R02217) ok=✓ legacy [primed] [hint saved]
  [38/85] L549 (R02218) ok=✓ legacy [primed] [hint saved]
  [39/85] L550 (R02219) ok=✗
  [40/85] L551 (R02220) ok=✗
  [41/85] L552 (R02221) ok=✗
  [42/85] L553 (R02222) ok=✗
  [43/85] L546 (R02215) ok=✗
  [44/85] L554 (R02223) ok=✓ legacy [primed] [hint saved]
  [45/85] L556 (R02225) ok=✓ legacy [primed] [hint saved]
  [46/85] L555 (R02224) ok=✗
  [47/85] L557 (R02226) ok=✗
  [48/85] L559 (R02228) ok=✓ legacy [primed] [hint saved]
  [49/85] L560 (R02229) ok=✗
  [50/85] L558 (R02227) ok=✗
  [51/85] L562 (R02231) ok=✗
  [52/85] L563 (R02232) ok=✓ legacy [primed] [hint saved]
  [53/85] L561 (R02230) ok=✗
  [54/85] L565 (R02234) ok=✓ legacy [primed] [hint saved]
  [55/85] L566 (R02235) ok=✗
  [56/85] L567 (R02236) ok=✓ legacy [primed] [hint saved]
  [57/85] L568 (R02237) ok=✗
  [58/85] L564 (R02233) ok=✗
  [59/85] L569 (R02238) ok=✗
  [60/85] L571 (R02240) ok=✓ legacy [primed] [hint saved]
  [61/85] L572 (R02241) ok=✓ legacy [primed] [hint saved]
  [62/85] L570 (R02239) ok=✗
  [63/85] L574 (R02243) ok=✓ legacy [primed] [hint saved]
  [64/85] L573 (R02242) ok=✓ legacy [hint saved]
  [65/85] L575 (R02244) ok=✗
  [66/85] L577 (R02246) ok=✓ legacy [primed] [hint saved]
  [67/85] L578 (R02247) ok=✓ legacy [primed] [hint saved]
  [68/85] L579 (R02248) ok=✓ legacy [primed] [hint saved]
  [69/85] L580 (R02249) ok=✗
  [70/85] L581 (R02250) ok=✓ legacy [primed] [hint saved]
  [71/85] L576 (R02245) ok=✗
  [72/85] L582 (R02251) ok=✗
  [73/85] L583 (R02252) ok=✗
  [74/85] L585 (R02254) ok=✗
  [75/85] L586 (R02255) ok=✗
  [76/85] L584 (R02253) ok=✗
  [77/85] L588 (R02257) ok=✓ legacy [primed] [hint saved]
  [78/85] L587 (R02256) ok=✗
  [79/85] L590 (R02259) ok=✓ legacy [primed] [hint saved]
  [80/85] L591 (R02260) ok=✗
  [81/85] L589 (R02258) ok=✗
  [82/85] L593 (R02262) ok=✓ legacy [primed] [hint saved]
  [83/85] L594 (R02263) ok=✗
  [84/85] L592 (R02261) ok=✗
  [85/85] L595 (R02264) ok=✓ legacy [hint saved]
Hints: appended to 27 level(s); 27 hint file(s) changed on disk.
Result: solved=27/85, solvedBeforeFallback=0, fallbackOnly=27, unsolved=58
Wrote logs/solver-corpus2-batches/batch-07.json
Wrote logs/solver-corpus2-batches/batch-07-summary.md
portfolio-solve-sweep: corpus=data/stress/stress-levels-random.json levels=85 (85 to solve) scheduler-mode=legacy budget=8000ms node-budget=20000000 workers=2 enable-flags=STRATEGY_REPAIR_TURN_BIAS save-hints=true
  winner-first: normal + seeded-repair winners (shares solve budget) | 25/85 levels will be primed
  [1/85] L511 (R02180) ok=✗
  [2/85] L512 (R02181) ok=✗
  [3/85] L513 (R02182) ok=✗
  [4/85] L514 (R02183) ok=✗
  [5/85] L515 (R02184) ok=✗
  [6/85] L517 (R02186) ok=✓ legacy [primed] [hint saved]
  [7/85] L516 (R02185) ok=✗
  [8/85] L519 (R02188) ok=✓ legacy [primed] [hint saved]
  [9/85] L520 (R02189) ok=✗
  [10/85] L521 (R02190) ok=✓ legacy [primed] [hint saved]
  [11/85] L522 (R02191) ok=✗
  [12/85] L518 (R02187) ok=✗
  [13/85] L524 (R02193) ok=✓ legacy [primed] [hint saved]
  [14/85] L523 (R02192) ok=✗
  [15/85] L526 (R02195) ok=✗
  [16/85] L525 (R02194) ok=✗
  [17/85] L528 (R02197) ok=✓ legacy [primed] [hint saved]
  [18/85] L529 (R02198) ok=✗
  [19/85] L527 (R02196) ok=✗
  [20/85] L531 (R02200) ok=✗
  [21/85] L530 (R02199) ok=✗
  [22/85] L532 (R02201) ok=✗
  [23/85] L533 (R02202) ok=✗
  [24/85] L534 (R02203) ok=✗
  [25/85] L535 (R02204) ok=✗
  [26/85] L536 (R02205) ok=✗
  [27/85] L538 (R02207) ok=✗
  [28/85] L539 (R02208) ok=✓ legacy [primed] [hint saved]
  [29/85] L540 (R02209) ok=✗
  [30/85] L537 (R02206) ok=✗
  [31/85] L542 (R02211) ok=✗
  [32/85] L543 (R02212) ok=✓ legacy [primed] [hint saved]
  [33/85] L541 (R02210) ok=✗
  [34/85] L545 (R02214) ok=✗
  [35/85] L544 (R02213) ok=✗
  [36/85] L547 (R02216) ok=✗
  [37/85] L548 (R02217) ok=✓ legacy [primed] [hint saved]
  [38/85] L549 (R02218) ok=✓ legacy [primed] [hint saved]
  [39/85] L550 (R02219) ok=✗
  [40/85] L546 (R02215) ok=✗
  [41/85] L551 (R02220) ok=✗
  [42/85] L552 (R02221) ok=✗
  [43/85] L554 (R02223) ok=✓ legacy [primed] [hint saved]
  [44/85] L553 (R02222) ok=✗
  [45/85] L556 (R02225) ok=✓ legacy [primed] [hint saved]
  [46/85] L555 (R02224) ok=✗
  [47/85] L557 (R02226) ok=✗
  [48/85] L559 (R02228) ok=✓ legacy [primed] [hint saved]
  [49/85] L558 (R02227) ok=✗
  [50/85] L560 (R02229) ok=✗
  [51/85] L562 (R02231) ok=✗
  [52/85] L563 (R02232) ok=✓ legacy [primed] [hint saved]
  [53/85] L561 (R02230) ok=✗
  [54/85] L565 (R02234) ok=✓ legacy [primed] [hint saved]
  [55/85] L566 (R02235) ok=✗
  [56/85] L564 (R02233) ok=✗
  [57/85] L567 (R02236) ok=✓ legacy [primed] [hint saved]
  [58/85] L568 (R02237) ok=✗
  [59/85] L570 (R02239) ok=✗
  [60/85] L571 (R02240) ok=✓ legacy [primed] [hint saved]
  [61/85] L572 (R02241) ok=✓ legacy [primed] [hint saved]
  [62/85] L573 (R02242) ok=✓ legacy [hint saved]
  [63/85] L569 (R02238) ok=✗
  [64/85] L574 (R02243) ok=✓ legacy [primed] [hint saved]
  [65/85] L575 (R02244) ok=✗
  [66/85] L577 (R02246) ok=✓ legacy [primed] [hint saved]
  [67/85] L578 (R02247) ok=✓ legacy [primed] [hint saved]
  [68/85] L579 (R02248) ok=✓ legacy [primed] [hint saved]
  [69/85] L580 (R02249) ok=✗
  [70/85] L581 (R02250) ok=✓ legacy [primed] [hint saved]
  [71/85] L576 (R02245) ok=✗
  [72/85] L582 (R02251) ok=✗
  [73/85] L583 (R02252) ok=✗
  [74/85] L585 (R02254) ok=✗
  [75/85] L586 (R02255) ok=✗
  [76/85] L584 (R02253) ok=✗
  [77/85] L588 (R02257) ok=✓ legacy [primed] [hint saved]
  [78/85] L587 (R02256) ok=✗
  [79/85] L590 (R02259) ok=✓ legacy [primed] [hint saved]
  [80/85] L589 (R02258) ok=✗
  [81/85] L591 (R02260) ok=✗
  [82/85] L593 (R02262) ok=✓ legacy [hint saved]
  [83/85] L594 (R02263) ok=✗
  [84/85] L592 (R02261) ok=✗
  [85/85] L595 (R02264) ok=✓ legacy [hint saved]
Hints: appended to 27 level(s); 27 hint file(s) changed on disk.
Result: solved=27/85, solvedBeforeFallback=0, fallbackOnly=27, unsolved=58
Wrote logs/solver-corpus2-batches/batch-07.json
Wrote logs/solver-corpus2-batches/batch-07-summary.md
portfolio-solve-sweep: corpus=data/stress/stress-levels-random.json levels=85 (85 to solve) scheduler-mode=legacy budget=8000ms node-budget=20000000 workers=2 enable-flags=STRATEGY_REPAIR_TURN_BIAS save-hints=true
  winner-first: normal + seeded-repair winners (shares solve budget) | 24/85 levels will be primed
  [1/85] L511 (R02180) ok=✗
  [2/85] L512 (R02181) ok=✗
  [3/85] L513 (R02182) ok=✗
  [4/85] L514 (R02183) ok=✗
  [5/85] L515 (R02184) ok=✗
  [6/85] L517 (R02186) ok=✓ legacy [primed] [hint saved]
  [7/85] L516 (R02185) ok=✗
  [8/85] L519 (R02188) ok=✓ legacy [primed] [hint saved]
  [9/85] L520 (R02189) ok=✗
  [10/85] L521 (R02190) ok=✓ legacy [primed] [hint saved]
  [11/85] L522 (R02191) ok=✗
  [12/85] L518 (R02187) ok=✗
  [13/85] L524 (R02193) ok=✓ legacy [primed] [hint saved]
  [14/85] L523 (R02192) ok=✗
  [15/85] L526 (R02195) ok=✗
  [16/85] L525 (R02194) ok=✗
  [17/85] L528 (R02197) ok=✓ legacy [primed] [hint saved]
  [18/85] L529 (R02198) ok=✗
  [19/85] L527 (R02196) ok=✗
  [20/85] L531 (R02200) ok=✗
  [21/85] L530 (R02199) ok=✗
  [22/85] L532 (R02201) ok=✗
  [23/85] L533 (R02202) ok=✗
  [24/85] L534 (R02203) ok=✗
  [25/85] L535 (R02204) ok=✗
  [26/85] L536 (R02205) ok=✗
  [27/85] L538 (R02207) ok=✗
  [28/85] L539 (R02208) ok=✓ legacy [primed] [hint saved]
  [29/85] L540 (R02209) ok=✗
  [30/85] L537 (R02206) ok=✗
  [31/85] L542 (R02211) ok=✗
  [32/85] L543 (R02212) ok=✓ legacy [primed] [hint saved]
  [33/85] L541 (R02210) ok=✗
  [34/85] L545 (R02214) ok=✗
  [35/85] L544 (R02213) ok=✗
  [36/85] L547 (R02216) ok=✗
  [37/85] L548 (R02217) ok=✓ legacy [primed] [hint saved]
  [38/85] L549 (R02218) ok=✓ legacy [primed] [hint saved]
  [39/85] L550 (R02219) ok=✗
  [40/85] L546 (R02215) ok=✗
  [41/85] L552 (R02221) ok=✗
  [42/85] L553 (R02222) ok=✗
  [43/85] L554 (R02223) ok=✓ legacy [primed] [hint saved]
  [44/85] L551 (R02220) ok=✗
  [45/85] L556 (R02225) ok=✓ legacy [primed] [hint saved]
  [46/85] L555 (R02224) ok=✗
  [47/85] L557 (R02226) ok=✗
  [48/85] L559 (R02228) ok=✓ legacy [primed] [hint saved]
  [49/85] L560 (R02229) ok=✗
  [50/85] L558 (R02227) ok=✗
  [51/85] L562 (R02231) ok=✗
  [52/85] L563 (R02232) ok=✓ legacy [primed] [hint saved]
  [53/85] L561 (R02230) ok=✗
  [54/85] L565 (R02234) ok=✓ legacy [primed] [hint saved]
  [55/85] L566 (R02235) ok=✗
  [56/85] L567 (R02236) ok=✓ legacy [primed] [hint saved]
  [57/85] L564 (R02233) ok=✗
  [58/85] L568 (R02237) ok=✗
  [59/85] L570 (R02239) ok=✗
  [60/85] L571 (R02240) ok=✓ legacy [primed] [hint saved]
  [61/85] L572 (R02241) ok=✓ legacy [primed] [hint saved]
  [62/85] L573 (R02242) ok=✓ legacy [hint saved]
  [63/85] L574 (R02243) ok=✓ legacy [primed] [hint saved]
  [64/85] L569 (R02238) ok=✗
  [65/85] L575 (R02244) ok=✗
  [66/85] L577 (R02246) ok=✓ legacy [primed] [hint saved]
  [67/85] L578 (R02247) ok=✓ legacy [primed] [hint saved]
  [68/85] L579 (R02248) ok=✓ legacy [primed] [hint saved]
  [69/85] L580 (R02249) ok=✗
  [70/85] L581 (R02250) ok=✓ legacy [primed] [hint saved]
  [71/85] L576 (R02245) ok=✗
  [72/85] L582 (R02251) ok=✗
  [73/85] L583 (R02252) ok=✗
  [74/85] L585 (R02254) ok=✗
  [75/85] L586 (R02255) ok=✗
  [76/85] L584 (R02253) ok=✗
  [77/85] L588 (R02257) ok=✓ legacy [primed] [hint saved]
  [78/85] L587 (R02256) ok=✗
  [79/85] L590 (R02259) ok=✓ legacy [primed] [hint saved]
  [80/85] L589 (R02258) ok=✗
  [81/85] L591 (R02260) ok=✗
  [82/85] L593 (R02262) ok=✓ legacy [hint saved]
  [83/85] L594 (R02263) ok=✗
  [84/85] L592 (R02261) ok=✗
  [85/85] L595 (R02264) ok=✓ legacy [hint saved]
Hints: appended to 27 level(s); 27 hint file(s) changed on disk.
Result: solved=27/85, solvedBeforeFallback=0, fallbackOnly=27, unsolved=58
Wrote logs/solver-corpus2-batches/batch-07.json
Wrote logs/solver-corpus2-batches/batch-07-summary.md
portfolio-solve-sweep: corpus=data/stress/stress-levels-random.json levels=85 (85 to solve) scheduler-mode=legacy budget=8000ms node-budget=20000000 workers=2 enable-flags=STRATEGY_REPAIR_TURN_BIAS save-hints=true
  winner-first: normal + seeded-repair winners (shares solve budget) | 24/85 levels will be primed
  [1/85] L511 (R02180) ok=✗
  [2/85] L512 (R02181) ok=✗
  [3/85] L514 (R02183) ok=✗
  [4/85] L513 (R02182) ok=✗
  [5/85] L515 (R02184) ok=✗
  [6/85] L517 (R02186) ok=✓ legacy [primed] [hint saved]
  [7/85] L516 (R02185) ok=✗
  [8/85] L519 (R02188) ok=✓ legacy [primed] [hint saved]
  [9/85] L520 (R02189) ok=✗
  [10/85] L521 (R02190) ok=✓ legacy [primed] [hint saved]
  [11/85] L522 (R02191) ok=✗
  [12/85] L518 (R02187) ok=✗
  [13/85] L524 (R02193) ok=✓ legacy [primed] [hint saved]
  [14/85] L523 (R02192) ok=✗
  [15/85] L526 (R02195) ok=✗
  [16/85] L525 (R02194) ok=✗
  [17/85] L528 (R02197) ok=✓ legacy [primed] [hint saved]
  [18/85] L529 (R02198) ok=✗
  [19/85] L527 (R02196) ok=✗
  [20/85] L531 (R02200) ok=✗
  [21/85] L532 (R02201) ok=✗
  [22/85] L530 (R02199) ok=✗
  [23/85] L533 (R02202) ok=✗
  [24/85] L534 (R02203) ok=✗
  [25/85] L535 (R02204) ok=✗
  [26/85] L536 (R02205) ok=✗
  [27/85] L538 (R02207) ok=✗
  [28/85] L539 (R02208) ok=✓ legacy [primed] [hint saved]
  [29/85] L540 (R02209) ok=✗
  [30/85] L537 (R02206) ok=✗
  [31/85] L542 (R02211) ok=✗
  [32/85] L543 (R02212) ok=✓ legacy [primed] [hint saved]
  [33/85] L541 (R02210) ok=✗
  [34/85] L545 (R02214) ok=✗
  [35/85] L544 (R02213) ok=✗
  [36/85] L547 (R02216) ok=✗
  [37/85] L548 (R02217) ok=✓ legacy [primed] [hint saved]
  [38/85] L549 (R02218) ok=✓ legacy [primed] [hint saved]
  [39/85] L550 (R02219) ok=✗
  [40/85] L546 (R02215) ok=✗
  [41/85] L552 (R02221) ok=✗
  [42/85] L553 (R02222) ok=✗
  [43/85] L554 (R02223) ok=✓ legacy [primed] [hint saved]
  [44/85] L551 (R02220) ok=✗
  [45/85] L556 (R02225) ok=✓ legacy [primed] [hint saved]
  [46/85] L555 (R02224) ok=✗
  [47/85] L557 (R02226) ok=✗
  [48/85] L559 (R02228) ok=✓ legacy [primed] [hint saved]
  [49/85] L560 (R02229) ok=✗
  [50/85] L558 (R02227) ok=✗
  [51/85] L562 (R02231) ok=✗
  [52/85] L563 (R02232) ok=✓ legacy [primed] [hint saved]
  [53/85] L561 (R02230) ok=✗
  [54/85] L565 (R02234) ok=✓ legacy [primed] [hint saved]
  [55/85] L564 (R02233) ok=✗
  [56/85] L566 (R02235) ok=✗
  [57/85] L567 (R02236) ok=✓ legacy [primed] [hint saved]
  [58/85] L568 (R02237) ok=✗
  [59/85] L570 (R02239) ok=✗
  [60/85] L571 (R02240) ok=✓ legacy [primed] [hint saved]
  [61/85] L572 (R02241) ok=✓ legacy [primed] [hint saved]
  [62/85] L569 (R02238) ok=✗
  [63/85] L574 (R02243) ok=✓ legacy [primed] [hint saved]
  [64/85] L573 (R02242) ok=✗
  [65/85] L575 (R02244) ok=✗
  [66/85] L577 (R02246) ok=✓ legacy [primed] [hint saved]
  [67/85] L578 (R02247) ok=✓ legacy [primed] [hint saved]
  [68/85] L579 (R02248) ok=✓ legacy [primed] [hint saved]
  [69/85] L580 (R02249) ok=✗
  [70/85] L581 (R02250) ok=✓ legacy [primed] [hint saved]
  [71/85] L576 (R02245) ok=✗
  [72/85] L582 (R02251) ok=✗
  [73/85] L583 (R02252) ok=✗
  [74/85] L585 (R02254) ok=✗
  [75/85] L586 (R02255) ok=✗
  [76/85] L584 (R02253) ok=✗
  [77/85] L588 (R02257) ok=✓ legacy [primed] [hint saved]
  [78/85] L587 (R02256) ok=✗
  [79/85] L590 (R02259) ok=✓ legacy [primed] [hint saved]
  [80/85] L589 (R02258) ok=✗
  [81/85] L591 (R02260) ok=✗
  [82/85] L593 (R02262) ok=✓ legacy [hint saved]
  [83/85] L594 (R02263) ok=✗
  [84/85] L592 (R02261) ok=✗
  [85/85] L595 (R02264) ok=✓ legacy [hint saved]
Hints: appended to 26 level(s); 26 hint file(s) changed on disk.
Result: solved=26/85, solvedBeforeFallback=0, fallbackOnly=26, unsolved=59
Wrote logs/solver-corpus2-batches/batch-07.json
Wrote logs/solver-corpus2-batches/batch-07-summary.md
portfolio-solve-sweep: corpus=data/stress/stress-levels-random.json levels=85 (85 to solve) scheduler-mode=legacy budget=8000ms node-budget=20000000 workers=2 enable-flags=STRATEGY_REPAIR_TURN_BIAS save-hints=true
  winner-first: normal + seeded-repair winners (shares solve budget) | 24/85 levels will be primed
  [1/85] L511 (R02180) ok=✗
  [2/85] L512 (R02181) ok=✗
  [3/85] L513 (R02182) ok=✗
  [4/85] L514 (R02183) ok=✗
  [5/85] L515 (R02184) ok=✗
  [6/85] L517 (R02186) ok=✓ legacy [primed] [hint saved]
  [7/85] L516 (R02185) ok=✗
  [8/85] L519 (R02188) ok=✓ legacy [primed] [hint saved]
  [9/85] L520 (R02189) ok=✗
  [10/85] L521 (R02190) ok=✓ legacy [primed] [hint saved]
  [11/85] L522 (R02191) ok=✗
  [12/85] L518 (R02187) ok=✗
  [13/85] L524 (R02193) ok=✓ legacy [primed] [hint saved]
  [14/85] L523 (R02192) ok=✗
  [15/85] L526 (R02195) ok=✗
  [16/85] L525 (R02194) ok=✗
  [17/85] L528 (R02197) ok=✓ legacy [primed] [hint saved]
  [18/85] L527 (R02196) ok=✗
  [19/85] L529 (R02198) ok=✗
  [20/85] L531 (R02200) ok=✗
  [21/85] L532 (R02201) ok=✗
  [22/85] L530 (R02199) ok=✗
  [23/85] L533 (R02202) ok=✗
  [24/85] L534 (R02203) ok=✗
  [25/85] L535 (R02204) ok=✗
  [26/85] L536 (R02205) ok=✗
  [27/85] L538 (R02207) ok=✗
  [28/85] L539 (R02208) ok=✓ legacy [primed] [hint saved]
  [29/85] L540 (R02209) ok=✗
  [30/85] L537 (R02206) ok=✗
  [31/85] L542 (R02211) ok=✗
  [32/85] L541 (R02210) ok=✗
  [33/85] L543 (R02212) ok=✓ legacy [primed] [hint saved]
  [34/85] L545 (R02214) ok=✗
  [35/85] L544 (R02213) ok=✗
  [36/85] L547 (R02216) ok=✗
  [37/85] L548 (R02217) ok=✓ legacy [primed] [hint saved]
  [38/85] L549 (R02218) ok=✓ legacy [primed] [hint saved]
  [39/85] L550 (R02219) ok=✗
  [40/85] L546 (R02215) ok=✗
  [41/85] L552 (R02221) ok=✗
  [42/85] L553 (R02222) ok=✗
  [43/85] L554 (R02223) ok=✓ legacy [primed] [hint saved]
  [44/85] L551 (R02220) ok=✗
  [45/85] L556 (R02225) ok=✓ legacy [primed] [hint saved]
  [46/85] L555 (R02224) ok=✗
  [47/85] L557 (R02226) ok=✗
  [48/85] L559 (R02228) ok=✓ legacy [primed] [hint saved]
  [49/85] L558 (R02227) ok=✗
  [50/85] L560 (R02229) ok=✗
  [51/85] L562 (R02231) ok=✗
  [52/85] L563 (R02232) ok=✓ legacy [primed] [hint saved]
  [53/85] L561 (R02230) ok=✗
  [54/85] L565 (R02234) ok=✓ legacy [primed] [hint saved]
  [55/85] L566 (R02235) ok=✗
  [56/85] L567 (R02236) ok=✓ legacy [primed] [hint saved]
  [57/85] L564 (R02233) ok=✗
  [58/85] L568 (R02237) ok=✗
  [59/85] L570 (R02239) ok=✗
  [60/85] L571 (R02240) ok=✓ legacy [primed] [hint saved]
  [61/85] L572 (R02241) ok=✓ legacy [primed] [hint saved]
  [62/85] L573 (R02242) ok=✗
  [63/85] L574 (R02243) ok=✓ legacy [primed] [hint saved]
  [64/85] L569 (R02238) ok=✗
  [65/85] L575 (R02244) ok=✗
  [66/85] L577 (R02246) ok=✓ legacy [primed] [hint saved]
  [67/85] L578 (R02247) ok=✓ legacy [primed] [hint saved]
  [68/85] L579 (R02248) ok=✓ legacy [primed] [hint saved]
  [69/85] L580 (R02249) ok=✗
  [70/85] L581 (R02250) ok=✓ legacy [primed] [hint saved]
  [71/85] L576 (R02245) ok=✗
  [72/85] L582 (R02251) ok=✗
  [73/85] L583 (R02252) ok=✗
  [74/85] L585 (R02254) ok=✗
  [75/85] L586 (R02255) ok=✗
  [76/85] L584 (R02253) ok=✗
  [77/85] L588 (R02257) ok=✓ legacy [primed] [hint saved]
  [78/85] L587 (R02256) ok=✗
  [79/85] L590 (R02259) ok=✓ legacy [primed] [hint saved]
  [80/85] L589 (R02258) ok=✗
  [81/85] L591 (R02260) ok=✗
  [82/85] L593 (R02262) ok=✓ legacy [hint saved]
  [83/85] L594 (R02263) ok=✗
  [84/85] L592 (R02261) ok=✗
  [85/85] L595 (R02264) ok=✓ legacy [hint saved]
Hints: appended to 26 level(s); 26 hint file(s) changed on disk.
Result: solved=26/85, solvedBeforeFallback=0, fallbackOnly=26, unsolved=59
Wrote logs/solver-corpus2-batches/batch-07.json
Wrote logs/solver-corpus2-batches/batch-07-summary.md
portfolio-solve-sweep: corpus=data/stress/stress-levels-random.json levels=85 (85 to solve) scheduler-mode=legacy budget=86400000ms node-budget=36000000 workers=2 save-hints=true
  winner-first: normal + seeded-repair winners (shares solve budget) | 34/85 levels will be primed
  [1/85] L511 (R02180) ok=✗
  [2/85] L512 (R02181) ok=✗
  [3/85] L514 (R02183) ok=✗
  [4/85] L513 (R02182) ok=✗
  [5/85] L515 (R02184) ok=✗
  [6/85] L517 (R02186) ok=✓ legacy [primed] [hint saved]
  [7/85] L516 (R02185) ok=✗
  [8/85] L519 (R02188) ok=✓ legacy [primed] [hint saved]
  [9/85] L520 (R02189) ok=✗
  [10/85] L521 (R02190) ok=✓ legacy [primed] [hint saved]
  [11/85] L518 (R02187) ok=✗
  [12/85] L523 (R02192) ok=✓ legacy [primed] [hint saved]
  [13/85] L524 (R02193) ok=✓ legacy [hint saved]
  [14/85] L522 (R02191) ok=✗
  [15/85] L526 (R02195) ok=✗
  [16/85] L525 (R02194) ok=✗
  [17/85] L528 (R02197) ok=✓ legacy [primed] [hint saved]
  [18/85] L527 (R02196) ok=✓ legacy [hint saved]
  [19/85] L529 (R02198) ok=✗
  [20/85] L531 (R02200) ok=✓ legacy [hint saved]
  [21/85] L532 (R02201) ok=✗
  [22/85] L530 (R02199) ok=✗
  [23/85] L533 (R02202) ok=✗
  [24/85] L534 (R02203) ok=✗
  [25/85] L535 (R02204) ok=✗
  [26/85] L536 (R02205) ok=✗
  [27/85] L538 (R02207) ok=✗
  [28/85] L539 (R02208) ok=✓ legacy [primed] [hint saved]
  [29/85] L540 (R02209) ok=✓ legacy [primed] [hint saved]
  [30/85] L537 (R02206) ok=✓ legacy [hint saved]
  [31/85] L542 (R02211) ok=✓ legacy [primed] [hint saved]
  [32/85] L543 (R02212) ok=✓ legacy [primed] [hint saved]
  [33/85] L541 (R02210) ok=✗
  [34/85] L545 (R02214) ok=✓ legacy [primed] [hint saved]
  [35/85] L544 (R02213) ok=✗
  [36/85] L547 (R02216) ok=✓ legacy [primed] [hint saved]
  [37/85] L548 (R02217) ok=✓ legacy [primed] [hint saved]
  [38/85] L549 (R02218) ok=✓ legacy [primed] [hint saved]
  [39/85] L550 (R02219) ok=✗
  [40/85] L551 (R02220) ok=✓ legacy [hint saved]
  [41/85] L552 (R02221) ok=✗
  [42/85] L546 (R02215) ok=✗
  [43/85] L554 (R02223) ok=✓ legacy [primed] [hint saved]
  [44/85] L553 (R02222) ok=✗
  [45/85] L556 (R02225) ok=✓ legacy [primed] [hint saved]
  [46/85] L555 (R02224) ok=✗
  [47/85] L558 (R02227) ok=✓ legacy [hint saved]
  [48/85] L559 (R02228) ok=✓ legacy [primed] [hint saved]
  [49/85] L557 (R02226) ok=✗
  [50/85] L560 (R02229) ok=✓ legacy [hint saved]
  [51/85] L562 (R02231) ok=✗
  [52/85] L563 (R02232) ok=✓ legacy [primed] [hint saved]
  [53/85] L561 (R02230) ok=✗
  [54/85] L565 (R02234) ok=✓ legacy [primed] [hint saved]
  [55/85] L566 (R02235) ok=✗
  [56/85] L567 (R02236) ok=✓ legacy [primed] [hint saved]
  [57/85] L564 (R02233) ok=✗
  [58/85] L568 (R02237) ok=✗
  [59/85] L570 (R02239) ok=✓ legacy [hint saved]
  [60/85] L571 (R02240) ok=✓ legacy [primed] [hint saved]
  [61/85] L572 (R02241) ok=✓ legacy [primed] [hint saved]
  [62/85] L573 (R02242) ok=✗
  [63/85] L569 (R02238) ok=✓ legacy [hint saved]
  [64/85] L575 (R02244) ok=✗
  [65/85] L576 (R02245) ok=✗
  [66/85] L577 (R02246) ok=✓ legacy [primed] [hint saved]
  [67/85] L578 (R02247) ok=✓ legacy [primed] [hint saved]
  [68/85] L574 (R02243) ok=✗
  [69/85] L579 (R02248) ok=✗
  [70/85] L581 (R02250) ok=✓ legacy [primed] [hint saved]
  [71/85] L580 (R02249) ok=✗
  [72/85] L582 (R02251) ok=✗
  [73/85] L583 (R02252) ok=✗
  [74/85] L584 (R02253) ok=✓ legacy [hint saved]
  [75/85] L585 (R02254) ok=✗
  [76/85] L586 (R02255) ok=✗
  [77/85] L588 (R02257) ok=✓ legacy [primed] [hint saved]
  [78/85] L587 (R02256) ok=✓ legacy [hint saved]
  [79/85] L590 (R02259) ok=✓ legacy [primed] [hint saved]
  [80/85] L591 (R02260) ok=✗
  [81/85] L589 (R02258) ok=✓ legacy [hint saved]
  [82/85] L593 (R02262) ok=✓ legacy [primed] [hint saved]
  [83/85] L594 (R02263) ok=✗
  [84/85] L595 (R02264) ok=✓ legacy [primed] [hint saved]
  [85/85] L592 (R02261) ok=✗
Hints: appended to 40 level(s); 40 hint file(s) changed on disk.
Result: solved=40/85, solvedBeforeFallback=0, fallbackOnly=40, unsolved=45
Wrote logs/solver-corpus2-batches/batch-07.json
Wrote logs/solver-corpus2-batches/batch-07-summary.md
portfolio-solve-sweep: corpus=data/stress/stress-levels-random.json levels=85 (85 to solve) scheduler-mode=legacy budget=86400000ms node-budget=36000000 workers=2 save-hints=true
  winner-first: normal + seeded-repair winners (shares solve budget) | 40/85 levels will be primed
  [1/85] L511 (R02180) ok=✗
  [2/85] L512 (R02181) ok=✗
  [3/85] L514 (R02183) ok=✗
  [4/85] L513 (R02182) ok=✗
  [5/85] L515 (R02184) ok=✗
  [6/85] L517 (R02186) ok=✓ legacy [primed] [hint saved]
  [7/85] L516 (R02185) ok=✗
  [8/85] L519 (R02188) ok=✓ legacy [primed] [hint saved]
  [9/85] L518 (R02187) ok=✗
  [10/85] L521 (R02190) ok=✓ legacy [primed] [hint saved]
  [11/85] L520 (R02189) ok=✗
  [12/85] L523 (R02192) ok=✓ legacy [primed] [hint saved]
  [13/85] L524 (R02193) ok=✓ legacy [primed] [hint saved]
  [14/85] L522 (R02191) ok=✗
  [15/85] L526 (R02195) ok=✗
  [16/85] L525 (R02194) ok=✗
  [17/85] L528 (R02197) ok=✓ legacy [primed] [hint saved]
  [18/85] L527 (R02196) ok=✓ legacy [primed] [hint saved]
  [19/85] L529 (R02198) ok=✓ legacy [hint saved]
  [20/85] L531 (R02200) ok=✓ legacy [primed] [hint saved]
  [21/85] L532 (R02201) ok=✗
  [22/85] L530 (R02199) ok=✗
  [23/85] L533 (R02202) ok=✗
  [24/85] L535 (R02204) ok=✓ legacy [hint saved]
  [25/85] L534 (R02203) ok=✗
  [26/85] L537 (R02206) ok=✓ legacy [primed] [hint saved]
  [27/85] L538 (R02207) ok=✗
  [28/85] L539 (R02208) ok=✓ legacy [primed] [hint saved]
  [29/85] L540 (R02209) ok=✓ legacy [primed] [hint saved]
  [30/85] L536 (R02205) ok=✗
  [31/85] L541 (R02210) ok=✗
  [32/85] L543 (R02212) ok=✓ legacy [primed] [hint saved]
  [33/85] L542 (R02211) ok=✓ legacy [primed] [hint saved]
  [34/85] L545 (R02214) ok=✓ legacy [primed] [hint saved]
  [35/85] L544 (R02213) ok=✗
  [36/85] L547 (R02216) ok=✓ legacy [primed] [hint saved]
  [37/85] L548 (R02217) ok=✓ legacy [primed] [hint saved]
  [38/85] L549 (R02218) ok=✓ legacy [primed] [hint saved]
  [39/85] L550 (R02219) ok=✗
  [40/85] L551 (R02220) ok=✓ legacy [primed] [hint saved]
  [41/85] L552 (R02221) ok=✗
  [42/85] L546 (R02215) ok=✗
  [43/85] L554 (R02223) ok=✓ legacy [primed] [hint saved]
  [44/85] L553 (R02222) ok=✗
  [45/85] L556 (R02225) ok=✓ legacy [primed] [hint saved]
  [46/85] L555 (R02224) ok=✗
  [47/85] L558 (R02227) ok=✓ legacy [primed] [hint saved]
  [48/85] L559 (R02228) ok=✓ legacy [primed] [hint saved]
  [49/85] L560 (R02229) ok=✓ legacy [primed] [hint saved]
  [50/85] L557 (R02226) ok=✗
  [51/85] L561 (R02230) ok=✗
  [52/85] L563 (R02232) ok=✓ legacy [primed] [hint saved]
  [53/85] L562 (R02231) ok=✗
  [54/85] L565 (R02234) ok=✓ legacy [primed] [hint saved]
  [55/85] L566 (R02235) ok=✗
  [56/85] L567 (R02236) ok=✓ legacy [primed] [hint saved]
  [57/85] L564 (R02233) ok=✗
  [58/85] L568 (R02237) ok=✗
  [59/85] L569 (R02238) ok=✓ legacy [primed] [hint saved]
  [60/85] L571 (R02240) ok=✓ legacy [primed] [hint saved]
  [61/85] L572 (R02241) ok=✓ legacy [primed] [hint saved]
  [62/85] L570 (R02239) ok=✓ legacy [primed] [hint saved]
  [63/85] L573 (R02242) ok=✗
  [64/85] L574 (R02243) ok=✓ legacy [hint saved]
  [65/85] L575 (R02244) ok=✗
  [66/85] L577 (R02246) ok=✓ legacy [primed] [hint saved]
  [67/85] L578 (R02247) ok=✓ legacy [primed] [hint saved]
  [68/85] L579 (R02248) ok=✗
  [69/85] L580 (R02249) ok=✗
  [70/85] L581 (R02250) ok=✓ legacy [primed] [hint saved]
  [71/85] L576 (R02245) ok=✗
  [72/85] L582 (R02251) ok=✗
  [73/85] L584 (R02253) ok=✓ legacy [primed] [hint saved]
  [74/85] L585 (R02254) ok=✗
  [75/85] L583 (R02252) ok=✗
  [76/85] L587 (R02256) ok=✓ legacy [primed] [hint saved]
  [77/85] L588 (R02257) ok=✓ legacy [primed] [hint saved]
  [78/85] L586 (R02255) ok=✗
  [79/85] L589 (R02258) ok=✓ legacy [primed] [hint saved]
  [80/85] L590 (R02259) ok=✓ legacy [primed] [hint saved]
  [81/85] L591 (R02260) ok=✗
  [82/85] L593 (R02262) ok=✓ legacy [primed] [hint saved]
  [83/85] L594 (R02263) ok=✗
  [84/85] L592 (R02261) ok=✗
  [85/85] L595 (R02264) ok=✓ legacy [primed] [hint saved]
Hints: appended to 43 level(s); 43 hint file(s) changed on disk.
Result: solved=43/85, solvedBeforeFallback=0, fallbackOnly=43, unsolved=42
Wrote logs/solver-corpus2-batches/batch-07.json
Wrote logs/solver-corpus2-batches/batch-07-summary.md
