Prepared batch 18 (levels 1446-1530) at 2026-07-17T22:34:43Z.
portfolio-solve-sweep: corpus=data/stress/stress-levels-random.json levels=85 (85 to solve) scheduler-mode=legacy budget=8000ms node-budget=20000000 workers=2 save-hints=true
  [1/85] L1446 (R03115) ok=✗
  [2/85] L1448 (R03117) ok=✗
  [3/85] L1447 (R03116) ok=✗
  [4/85] L1450 (R03119) ok=✗
  [5/85] L1449 (R03118) ok=✗
  [6/85] L1452 (R03121) ok=✗
  [7/85] L1453 (R03122) ok=✗
  [8/85] L1451 (R03120) ok=✗
  [9/85] L1455 (R03124) ok=✗
  [10/85] L1454 (R03123) ok=✗
  [11/85] L1456 (R03125) ok=✗
  [12/85] L1458 (R03127) ok=✓ legacy [hint saved]
  [13/85] L1457 (R03126) ok=✗
  [14/85] L1459 (R03128) ok=✗
  [15/85] L1460 (R03129) ok=✗
  [16/85] L1461 (R03130) ok=✗
  [17/85] L1462 (R03131) ok=✗
  [18/85] L1463 (R03132) ok=✗
  [19/85] L1465 (R03134) ok=✗
  [20/85] L1466 (R03135) ok=✗
  [21/85] L1464 (R03133) ok=✗
  [22/85] L1467 (R03136) ok=✗
  [23/85] L1469 (R03138) ok=✗
  [24/85] L1470 (R03139) ok=✓ legacy [hint saved]
  [25/85] L1471 (R03140) ok=✓ legacy [hint saved]
  [26/85] L1468 (R03137) ok=✗
  [27/85] L1472 (R03141) ok=✗
  [28/85] L1473 (R03142) ok=✓ legacy [hint saved]
  [29/85] L1475 (R03144) ok=✓ legacy [hint saved]
  [30/85] L1476 (R03145) ok=✓ legacy [hint saved]
  [31/85] L1477 (R03146) ok=✓ legacy [hint saved]
  [32/85] L1474 (R03143) ok=✗
  [33/85] L1479 (R03148) ok=✗
  [34/85] L1478 (R03147) ok=✗
  [35/85] L1480 (R03149) ok=✗
  [36/85] L1481 (R03150) ok=✗
  [37/85] L1482 (R03151) ok=✗
  [38/85] L1483 (R03152) ok=✗
  [39/85] L1484 (R03153) ok=✗
  [40/85] L1486 (R03155) ok=✗
  [41/85] L1485 (R03154) ok=✗
  [42/85] L1487 (R03156) ok=✗
  [43/85] L1488 (R03157) ok=✗
  [44/85] L1489 (R03158) ok=✗
  [45/85] L1491 (R03160) ok=✗
  [46/85] L1490 (R03159) ok=✗
  [47/85] L1492 (R03161) ok=✗
  [48/85] L1493 (R03162) ok=✗
  [49/85] L1495 (R03164) ok=✓ legacy [hint saved]
  [50/85] L1496 (R03165) ok=✗
  [51/85] L1494 (R03163) ok=✗
  [52/85] L1498 (R03167) ok=✓ legacy [hint saved]
  [53/85] L1499 (R03168) ok=✗
  [54/85] L1497 (R03166) ok=✗
  [55/85] L1501 (R03170) ok=✓ legacy [hint saved]
  [56/85] L1502 (R03171) ok=✗
  [57/85] L1500 (R03169) ok=✗
  [58/85] L1504 (R03173) ok=✓ legacy [hint saved]
  [59/85] L1503 (R03172) ok=✗
  [60/85] L1505 (R03174) ok=✗
  [61/85] L1507 (R03176) ok=✓ legacy [hint saved]
  [62/85] L1508 (R03177) ok=✗
  [63/85] L1506 (R03175) ok=✗
  [64/85] L1509 (R03178) ok=✗
  [65/85] L1510 (R03179) ok=✗
  [66/85] L1511 (R03180) ok=✗
  [67/85] L1513 (R03182) ok=✓ legacy [hint saved]
  [68/85] L1514 (R03183) ok=✗
  [69/85] L1512 (R03181) ok=✗
  [70/85] L1515 (R03184) ok=✗
  [71/85] L1516 (R03185) ok=✗
  [72/85] L1517 (R03186) ok=✗
  [73/85] L1518 (R03187) ok=✗
  [74/85] L1519 (R03188) ok=✗
  [75/85] L1520 (R03189) ok=✗
  [76/85] L1522 (R03191) ok=✗
  [77/85] L1523 (R03192) ok=✗
  [78/85] L1521 (R03190) ok=✗
  [79/85] L1525 (R03194) ok=✗
  [80/85] L1524 (R03193) ok=✗
  [81/85] L1527 (R03196) ok=✓ legacy [hint saved]
  [82/85] L1526 (R03195) ok=✗
  [83/85] L1528 (R03197) ok=✗
  [84/85] L1529 (R03198) ok=✗
  [85/85] L1530 (R03199) ok=✗
Hints: appended to 14 level(s); 14 hint file(s) changed on disk.
Result: solved=14/85, solvedBeforeFallback=0, fallbackOnly=14, unsolved=71
Wrote logs/solver-corpus2-batches/batch-18.json
Wrote logs/solver-corpus2-batches/batch-18-summary.md
portfolio-solve-sweep: corpus=data/stress/stress-levels-random.json levels=85 (85 to solve) scheduler-mode=legacy budget=8000ms node-budget=20000000 workers=2 save-hints=true
  [1/85] L1446 (R03115) ok=✗
  [2/85] L1448 (R03117) ok=✗
  [3/85] L1447 (R03116) ok=✗
  [4/85] L1450 (R03119) ok=✗
  [5/85] L1449 (R03118) ok=✗
  [6/85] L1452 (R03121) ok=✗
  [7/85] L1453 (R03122) ok=✗
  [8/85] L1451 (R03120) ok=✗
  [9/85] L1455 (R03124) ok=✗
  [10/85] L1456 (R03125) ok=✗
  [11/85] L1457 (R03126) ok=✗
  [12/85] L1454 (R03123) ok=✗
  [13/85] L1458 (R03127) ok=✗
  [14/85] L1459 (R03128) ok=✗
  [15/85] L1460 (R03129) ok=✗
  [16/85] L1461 (R03130) ok=✗
  [17/85] L1462 (R03131) ok=✗
  [18/85] L1463 (R03132) ok=✗
  [19/85] L1465 (R03134) ok=✗
  [20/85] L1466 (R03135) ok=✗
  [21/85] L1464 (R03133) ok=✗
  [22/85] L1467 (R03136) ok=✗
  [23/85] L1469 (R03138) ok=✗
  [24/85] L1470 (R03139) ok=✓ legacy [hint saved]
  [25/85] L1471 (R03140) ok=✓ legacy [hint saved]
  [26/85] L1468 (R03137) ok=✗
  [27/85] L1472 (R03141) ok=✗
  [28/85] L1473 (R03142) ok=✓ legacy [hint saved]
  [29/85] L1475 (R03144) ok=✓ legacy [hint saved]
  [30/85] L1476 (R03145) ok=✓ legacy [hint saved]
  [31/85] L1477 (R03146) ok=✓ legacy [hint saved]
  [32/85] L1474 (R03143) ok=✗
  [33/85] L1479 (R03148) ok=✗
  [34/85] L1478 (R03147) ok=✗
  [35/85] L1481 (R03150) ok=✗
  [36/85] L1480 (R03149) ok=✗
  [37/85] L1482 (R03151) ok=✗
  [38/85] L1483 (R03152) ok=✗
  [39/85] L1484 (R03153) ok=✗
  [40/85] L1486 (R03155) ok=✗
  [41/85] L1485 (R03154) ok=✗
  [42/85] L1487 (R03156) ok=✗
  [43/85] L1489 (R03158) ok=✗
  [44/85] L1488 (R03157) ok=✗
  [45/85] L1490 (R03159) ok=✗
  [46/85] L1491 (R03160) ok=✗
  [47/85] L1492 (R03161) ok=✗
  [48/85] L1493 (R03162) ok=✗
  [49/85] L1495 (R03164) ok=✓ legacy [hint saved]
  [50/85] L1496 (R03165) ok=✗
  [51/85] L1494 (R03163) ok=✗
  [52/85] L1498 (R03167) ok=✓ legacy [hint saved]
  [53/85] L1499 (R03168) ok=✗
  [54/85] L1497 (R03166) ok=✗
  [55/85] L1501 (R03170) ok=✓ legacy [hint saved]
  [56/85] L1502 (R03171) ok=✗
  [57/85] L1500 (R03169) ok=✗
  [58/85] L1504 (R03173) ok=✗
  [59/85] L1503 (R03172) ok=✗
  [60/85] L1505 (R03174) ok=✗
  [61/85] L1507 (R03176) ok=✓ legacy [hint saved]
  [62/85] L1508 (R03177) ok=✗
  [63/85] L1509 (R03178) ok=✗
  [64/85] L1510 (R03179) ok=✗
  [65/85] L1506 (R03175) ok=✗
  [66/85] L1511 (R03180) ok=✗
  [67/85] L1513 (R03182) ok=✗
  [68/85] L1514 (R03183) ok=✗
  [69/85] L1512 (R03181) ok=✗
  [70/85] L1515 (R03184) ok=✗
  [71/85] L1516 (R03185) ok=✗
  [72/85] L1517 (R03186) ok=✗
  [73/85] L1518 (R03187) ok=✗
  [74/85] L1519 (R03188) ok=✗
  [75/85] L1520 (R03189) ok=✗
  [76/85] L1522 (R03191) ok=✗
  [77/85] L1523 (R03192) ok=✗
  [78/85] L1521 (R03190) ok=✗
  [79/85] L1525 (R03194) ok=✗
  [80/85] L1524 (R03193) ok=✗
  [81/85] L1527 (R03196) ok=✓ legacy [hint saved]
  [82/85] L1528 (R03197) ok=✗
  [83/85] L1526 (R03195) ok=✗
  [84/85] L1529 (R03198) ok=✗
  [85/85] L1530 (R03199) ok=✗
Hints: appended to 11 level(s); 11 hint file(s) changed on disk.
Result: solved=11/85, solvedBeforeFallback=0, fallbackOnly=11, unsolved=74
Wrote logs/solver-corpus2-batches/batch-18.json
Wrote logs/solver-corpus2-batches/batch-18-summary.md
portfolio-solve-sweep: corpus=data/stress/stress-levels-random.json levels=85 (85 to solve) scheduler-mode=legacy budget=8000ms node-budget=20000000 workers=2 save-hints=true
  [1/85] L1446 (R03115) ok=✗
  [2/85] L1447 (R03116) ok=✗
  [3/85] L1448 (R03117) ok=✗
  [4/85] L1450 (R03119) ok=✗
  [5/85] L1449 (R03118) ok=✗
  [6/85] L1452 (R03121) ok=✗
  [7/85] L1453 (R03122) ok=✗
  [8/85] L1451 (R03120) ok=✗
  [9/85] L1455 (R03124) ok=✗
  [10/85] L1454 (R03123) ok=✗
  [11/85] L1456 (R03125) ok=✗
  [12/85] L1458 (R03127) ok=✓ legacy [hint saved]
  [13/85] L1457 (R03126) ok=✗
  [14/85] L1459 (R03128) ok=✗
  [15/85] L1460 (R03129) ok=✗
  [16/85] L1461 (R03130) ok=✗
  [17/85] L1462 (R03131) ok=✗
  [18/85] L1463 (R03132) ok=✗
  [19/85] L1465 (R03134) ok=✗
  [20/85] L1466 (R03135) ok=✗
  [21/85] L1464 (R03133) ok=✗
  [22/85] L1467 (R03136) ok=✗
  [23/85] L1468 (R03137) ok=✗
  [24/85] L1469 (R03138) ok=✗
  [25/85] L1471 (R03140) ok=✓ legacy [hint saved]
  [26/85] L1470 (R03139) ok=✓ legacy [hint saved]
  [27/85] L1472 (R03141) ok=✗
  [28/85] L1473 (R03142) ok=✓ legacy [hint saved]
  [29/85] L1475 (R03144) ok=✓ legacy [hint saved]
  [30/85] L1476 (R03145) ok=✓ legacy [hint saved]
  [31/85] L1477 (R03146) ok=✓ legacy [hint saved]
  [32/85] L1474 (R03143) ok=✗
  [33/85] L1479 (R03148) ok=✗
  [34/85] L1478 (R03147) ok=✗
  [35/85] L1481 (R03150) ok=✗
  [36/85] L1480 (R03149) ok=✗
  [37/85] L1482 (R03151) ok=✗
  [38/85] L1483 (R03152) ok=✗
  [39/85] L1484 (R03153) ok=✗
  [40/85] L1486 (R03155) ok=✗
  [41/85] L1485 (R03154) ok=✗
  [42/85] L1487 (R03156) ok=✗
  [43/85] L1489 (R03158) ok=✗
  [44/85] L1488 (R03157) ok=✗
  [45/85] L1490 (R03159) ok=✗
  [46/85] L1491 (R03160) ok=✗
  [47/85] L1492 (R03161) ok=✗
  [48/85] L1493 (R03162) ok=✗
  [49/85] L1495 (R03164) ok=✓ legacy [hint saved]
  [50/85] L1496 (R03165) ok=✗
  [51/85] L1494 (R03163) ok=✗
  [52/85] L1498 (R03167) ok=✓ legacy [hint saved]
  [53/85] L1499 (R03168) ok=✗
  [54/85] L1497 (R03166) ok=✗
  [55/85] L1501 (R03170) ok=✓ legacy [hint saved]
  [56/85] L1502 (R03171) ok=✗
  [57/85] L1500 (R03169) ok=✗
  [58/85] L1504 (R03173) ok=✗
  [59/85] L1503 (R03172) ok=✗
  [60/85] L1505 (R03174) ok=✗
  [61/85] L1507 (R03176) ok=✓ legacy [hint saved]
  [62/85] L1508 (R03177) ok=✗
  [63/85] L1509 (R03178) ok=✗
  [64/85] L1510 (R03179) ok=✗
  [65/85] L1506 (R03175) ok=✗
  [66/85] L1511 (R03180) ok=✗
  [67/85] L1513 (R03182) ok=✗
  [68/85] L1514 (R03183) ok=✗
  [69/85] L1512 (R03181) ok=✗
  [70/85] L1515 (R03184) ok=✗
  [71/85] L1516 (R03185) ok=✗
  [72/85] L1517 (R03186) ok=✗
  [73/85] L1518 (R03187) ok=✗
  [74/85] L1519 (R03188) ok=✗
  [75/85] L1520 (R03189) ok=✗
  [76/85] L1522 (R03191) ok=✗
  [77/85] L1523 (R03192) ok=✗
  [78/85] L1521 (R03190) ok=✗
  [79/85] L1525 (R03194) ok=✗
  [80/85] L1524 (R03193) ok=✗
  [81/85] L1527 (R03196) ok=✓ legacy [hint saved]
  [82/85] L1526 (R03195) ok=✗
  [83/85] L1528 (R03197) ok=✗
  [84/85] L1529 (R03198) ok=✗
  [85/85] L1530 (R03199) ok=✗
Hints: appended to 12 level(s); 12 hint file(s) changed on disk.
Result: solved=12/85, solvedBeforeFallback=0, fallbackOnly=12, unsolved=73
Wrote logs/solver-corpus2-batches/batch-18.json
Wrote logs/solver-corpus2-batches/batch-18-summary.md
portfolio-solve-sweep: corpus=data/stress/stress-levels-random.json levels=85 (85 to solve) scheduler-mode=legacy budget=8000ms node-budget=20000000 workers=2 enable-flags=STRATEGY_REPAIR_TURN_BIAS save-hints=true
  [1/85] L1446 (R03115) ok=✗
  [2/85] L1448 (R03117) ok=✗
  [3/85] L1447 (R03116) ok=✗
  [4/85] L1450 (R03119) ok=✗
  [5/85] L1449 (R03118) ok=✗
  [6/85] L1451 (R03120) ok=✗
  [7/85] L1452 (R03121) ok=✗
  [8/85] L1453 (R03122) ok=✓ legacy [hint saved]
  [9/85] L1455 (R03124) ok=✗
  [10/85] L1454 (R03123) ok=✗
  [11/85] L1456 (R03125) ok=✗
  [12/85] L1457 (R03126) ok=✗
  [13/85] L1458 (R03127) ok=✗
  [14/85] L1459 (R03128) ok=✗
  [15/85] L1460 (R03129) ok=✗
  [16/85] L1461 (R03130) ok=✗
  [17/85] L1462 (R03131) ok=✗
  [18/85] L1463 (R03132) ok=✗
  [19/85] L1465 (R03134) ok=✗
  [20/85] L1466 (R03135) ok=✓ legacy [hint saved]
  [21/85] L1464 (R03133) ok=✗
  [22/85] L1467 (R03136) ok=✗
  [23/85] L1469 (R03138) ok=✗
  [24/85] L1470 (R03139) ok=✓ legacy [hint saved]
  [25/85] L1471 (R03140) ok=✓ legacy [hint saved]
  [26/85] L1468 (R03137) ok=✗
  [27/85] L1473 (R03142) ok=✓ legacy [hint saved]
  [28/85] L1472 (R03141) ok=✗
  [29/85] L1475 (R03144) ok=✗
  [30/85] L1476 (R03145) ok=✓ legacy [hint saved]
  [31/85] L1477 (R03146) ok=✓ legacy [hint saved]
  [32/85] L1474 (R03143) ok=✗
  [33/85] L1479 (R03148) ok=✗
  [34/85] L1478 (R03147) ok=✗
  [35/85] L1481 (R03150) ok=✗
  [36/85] L1482 (R03151) ok=✗
  [37/85] L1480 (R03149) ok=✗
  [38/85] L1483 (R03152) ok=✗
  [39/85] L1484 (R03153) ok=✗
  [40/85] L1486 (R03155) ok=✗
  [41/85] L1485 (R03154) ok=✗
  [42/85] L1487 (R03156) ok=✗
  [43/85] L1488 (R03157) ok=✗
  [44/85] L1489 (R03158) ok=✗
  [45/85] L1490 (R03159) ok=✗
  [46/85] L1492 (R03161) ok=✗
  [47/85] L1491 (R03160) ok=✗
  [48/85] L1493 (R03162) ok=✗
  [49/85] L1495 (R03164) ok=✓ legacy [hint saved]
  [50/85] L1496 (R03165) ok=✗
  [51/85] L1494 (R03163) ok=✗
  [52/85] L1498 (R03167) ok=✓ legacy [hint saved]
  [53/85] L1497 (R03166) ok=✗
  [54/85] L1499 (R03168) ok=✗
  [55/85] L1501 (R03170) ok=✗
  [56/85] L1502 (R03171) ok=✗
  [57/85] L1500 (R03169) ok=✗
  [58/85] L1504 (R03173) ok=✗
  [59/85] L1505 (R03174) ok=✗
  [60/85] L1503 (R03172) ok=✗
  [61/85] L1507 (R03176) ok=✓ legacy [hint saved]
  [62/85] L1508 (R03177) ok=✗
  [63/85] L1509 (R03178) ok=✗
  [64/85] L1510 (R03179) ok=✓ legacy [hint saved]
  [65/85] L1511 (R03180) ok=✗
  [66/85] L1506 (R03175) ok=✗
  [67/85] L1513 (R03182) ok=✗
  [68/85] L1512 (R03181) ok=✗
  [69/85] L1514 (R03183) ok=✗
  [70/85] L1515 (R03184) ok=✗
  [71/85] L1516 (R03185) ok=✗
  [72/85] L1517 (R03186) ok=✗
  [73/85] L1519 (R03188) ok=✗
  [74/85] L1520 (R03189) ok=✗
  [75/85] L1518 (R03187) ok=✗
  [76/85] L1522 (R03191) ok=✗
  [77/85] L1523 (R03192) ok=✗
  [78/85] L1521 (R03190) ok=✗
  [79/85] L1525 (R03194) ok=✗
  [80/85] L1524 (R03193) ok=✗
  [81/85] L1527 (R03196) ok=✓ legacy [hint saved]
  [82/85] L1528 (R03197) ok=✗
  [83/85] L1529 (R03198) ok=✗
  [84/85] L1526 (R03195) ok=✗
  [85/85] L1530 (R03199) ok=✗
Hints: appended to 12 level(s); 12 hint file(s) changed on disk.
Result: solved=12/85, solvedBeforeFallback=0, fallbackOnly=12, unsolved=73
Wrote logs/solver-corpus2-batches/batch-18.json
Wrote logs/solver-corpus2-batches/batch-18-summary.md
portfolio-solve-sweep: corpus=data/stress/stress-levels-random.json levels=85 (85 to solve) scheduler-mode=legacy budget=30000ms node-budget=60000000 workers=2 enable-flags=STRATEGY_REPAIR_TURN_BIAS save-hints=true
  [1/85] L1446 (R03115) ok=✗
  [2/85] L1448 (R03117) ok=✗
  [3/85] L1447 (R03116) ok=✗
  [4/85] L1450 (R03119) ok=✓ legacy [hint saved]
  [5/85] L1449 (R03118) ok=✗
  [6/85] L1451 (R03120) ok=✗
  [7/85] L1453 (R03122) ok=✓ legacy [hint saved]
  [8/85] L1452 (R03121) ok=✗
  [9/85] L1455 (R03124) ok=✗
  [10/85] L1454 (R03123) ok=✗
  [11/85] L1457 (R03126) ok=✗
  [12/85] L1458 (R03127) ok=✓ legacy [hint saved]
  [13/85] L1456 (R03125) ok=✗
  [14/85] L1459 (R03128) ok=✗
  [15/85] L1460 (R03129) ok=✗
  [16/85] L1461 (R03130) ok=✗
  [17/85] L1462 (R03131) ok=✗
  [18/85] L1463 (R03132) ok=✗
  [19/85] L1465 (R03134) ok=✗
  [20/85] L1466 (R03135) ok=✓ legacy [hint saved]
  [21/85] L1464 (R03133) ok=✗
  [22/85] L1467 (R03136) ok=✗
  [23/85] L1469 (R03138) ok=✗
  [24/85] L1470 (R03139) ok=✓ legacy [hint saved]
  [25/85] L1471 (R03140) ok=✓ legacy [hint saved]
  [26/85] L1472 (R03141) ok=✗
  [27/85] L1473 (R03142) ok=✓ legacy [hint saved]
  [28/85] L1468 (R03137) ok=✗
  [29/85] L1475 (R03144) ok=✓ legacy [hint saved]
  [30/85] L1476 (R03145) ok=✓ legacy [hint saved]
  [31/85] L1477 (R03146) ok=✓ legacy [hint saved]
  [32/85] L1474 (R03143) ok=✗
  [33/85] L1479 (R03148) ok=✓ legacy [hint saved]
  [34/85] L1478 (R03147) ok=✗
  [35/85] L1481 (R03150) ok=✓ legacy [hint saved]
  [36/85] L1482 (R03151) ok=✗
  [37/85] L1480 (R03149) ok=✓ legacy [hint saved]
  [38/85] L1484 (R03153) ok=✗
  [39/85] L1483 (R03152) ok=✗
  [40/85] L1485 (R03154) ok=✓ legacy [hint saved]
  [41/85] L1486 (R03155) ok=✗
  [42/85] L1487 (R03156) ok=✗
  [43/85] L1488 (R03157) ok=✗
  [44/85] L1489 (R03158) ok=✗
  [45/85] L1490 (R03159) ok=✗
  [46/85] L1491 (R03160) ok=✗
  [47/85] L1492 (R03161) ok=✗
  [48/85] L1493 (R03162) ok=✗
  [49/85] L1495 (R03164) ok=✓ legacy [hint saved]
  [50/85] L1496 (R03165) ok=✗
  [51/85] L1494 (R03163) ok=✗
  [52/85] L1497 (R03166) ok=✗
  [53/85] L1498 (R03167) ok=✓ legacy [hint saved]
  [54/85] L1499 (R03168) ok=✗
  [55/85] L1501 (R03170) ok=✓ legacy [hint saved]
  [56/85] L1502 (R03171) ok=✗
  [57/85] L1500 (R03169) ok=✗
  [58/85] L1504 (R03173) ok=✓ legacy [hint saved]
  [59/85] L1505 (R03174) ok=✓ legacy [hint saved]
  [60/85] L1503 (R03172) ok=✗
  [61/85] L1507 (R03176) ok=✓ legacy [hint saved]
  [62/85] L1508 (R03177) ok=✗
  [63/85] L1509 (R03178) ok=✗
  [64/85] L1510 (R03179) ok=✓ legacy [hint saved]
  [65/85] L1506 (R03175) ok=✗
  [66/85] L1511 (R03180) ok=✗
  [67/85] L1513 (R03182) ok=✓ legacy [hint saved]
  [68/85] L1514 (R03183) ok=✗
  [69/85] L1515 (R03184) ok=✗
  [70/85] L1512 (R03181) ok=✗
  [71/85] L1516 (R03185) ok=✗
  [72/85] L1518 (R03187) ok=✓ legacy [hint saved]
  [73/85] L1517 (R03186) ok=✗
  [74/85] L1519 (R03188) ok=✗
  [75/85] L1520 (R03189) ok=✗
  [76/85] L1522 (R03191) ok=✗
  [77/85] L1523 (R03192) ok=✗
  [78/85] L1521 (R03190) ok=✗
  [79/85] L1525 (R03194) ok=✗
  [80/85] L1524 (R03193) ok=✗
  [81/85] L1527 (R03196) ok=✓ legacy [hint saved]
  [82/85] L1526 (R03195) ok=✗
  [83/85] L1528 (R03197) ok=✗
  [84/85] L1529 (R03198) ok=✗
  [85/85] L1530 (R03199) ok=✗
Hints: appended to 24 level(s); 24 hint file(s) changed on disk.
Result: solved=24/85, solvedBeforeFallback=0, fallbackOnly=24, unsolved=61
Wrote logs/solver-corpus2-batches/batch-18.json
Wrote logs/solver-corpus2-batches/batch-18-summary.md
portfolio-solve-sweep: corpus=data/stress/stress-levels-random.json levels=85 (85 to solve) scheduler-mode=legacy budget=60000ms node-budget=120000000 workers=2 enable-flags=STRATEGY_REPAIR_TURN_BIAS save-hints=true
  [1/85] L1446 (R03115) ok=✗
  [2/85] L1448 (R03117) ok=✗
  [3/85] L1447 (R03116) ok=✗
  [4/85] L1450 (R03119) ok=✓ legacy [hint saved]
  [5/85] L1449 (R03118) ok=✗
  [6/85] L1451 (R03120) ok=✗
  [7/85] L1453 (R03122) ok=✓ legacy [hint saved]
  [8/85] L1452 (R03121) ok=✗
  [9/85] L1455 (R03124) ok=✗
  [10/85] L1454 (R03123) ok=✗
  [11/85] L1456 (R03125) ok=✗
  [12/85] L1458 (R03127) ok=✓ legacy [hint saved]
  [13/85] L1457 (R03126) ok=✗
  [14/85] L1459 (R03128) ok=✗
  [15/85] L1460 (R03129) ok=✗
  [16/85] L1462 (R03131) ok=✗
  [17/85] L1461 (R03130) ok=✗
  [18/85] L1463 (R03132) ok=✗
  [19/85] L1465 (R03134) ok=✗
  [20/85] L1466 (R03135) ok=✓ legacy [hint saved]
  [21/85] L1464 (R03133) ok=✗
  [22/85] L1467 (R03136) ok=✗
  [23/85] L1469 (R03138) ok=✓ legacy [hint saved]
  [24/85] L1470 (R03139) ok=✓ legacy [hint saved]
  [25/85] L1471 (R03140) ok=✓ legacy [hint saved]
  [26/85] L1472 (R03141) ok=✗
  [27/85] L1473 (R03142) ok=✓ legacy [hint saved]
  [28/85] L1468 (R03137) ok=✗
  [29/85] L1475 (R03144) ok=✓ legacy [hint saved]
  [30/85] L1476 (R03145) ok=✓ legacy [hint saved]
  [31/85] L1477 (R03146) ok=✓ legacy [hint saved]
  [32/85] L1474 (R03143) ok=✗
  [33/85] L1479 (R03148) ok=✓ legacy [hint saved]
  [34/85] L1478 (R03147) ok=✗
  [35/85] L1480 (R03149) ok=✓ legacy [hint saved]
  [36/85] L1481 (R03150) ok=✓ legacy [hint saved]
  [37/85] L1482 (R03151) ok=✗
  [38/85] L1483 (R03152) ok=✗
  [39/85] L1484 (R03153) ok=✗
  [40/85] L1485 (R03154) ok=✓ legacy [hint saved]
  [41/85] L1486 (R03155) ok=✗
  [42/85] L1487 (R03156) ok=✗
  [43/85] L1488 (R03157) ok=✗
  [44/85] L1489 (R03158) ok=✗
  [45/85] L1490 (R03159) ok=✗
  [46/85] L1491 (R03160) ok=✓ legacy [hint saved]
  [47/85] L1492 (R03161) ok=✗
  [48/85] L1493 (R03162) ok=✗
  [49/85] L1495 (R03164) ok=✓ legacy [hint saved]
  [50/85] L1496 (R03165) ok=✗
  [51/85] L1494 (R03163) ok=✗
  [52/85] L1498 (R03167) ok=✓ legacy [hint saved]
  [53/85] L1497 (R03166) ok=✗
  [54/85] L1499 (R03168) ok=✗
  [55/85] L1501 (R03170) ok=✓ legacy [hint saved]
  [56/85] L1502 (R03171) ok=✗
  [57/85] L1500 (R03169) ok=✗
  [58/85] L1504 (R03173) ok=✓ legacy [hint saved]
  [59/85] L1505 (R03174) ok=✓ legacy [hint saved]
  [60/85] L1503 (R03172) ok=✗
  [61/85] L1507 (R03176) ok=✓ legacy [hint saved]
  [62/85] L1508 (R03177) ok=✗
  [63/85] L1509 (R03178) ok=✗
  [64/85] L1510 (R03179) ok=✓ legacy [hint saved]
  [65/85] L1506 (R03175) ok=✗
  [66/85] L1511 (R03180) ok=✗
  [67/85] L1513 (R03182) ok=✓ legacy [hint saved]
  [68/85] L1514 (R03183) ok=✗
  [69/85] L1515 (R03184) ok=✗
  [70/85] L1512 (R03181) ok=✗
  [71/85] L1516 (R03185) ok=✗
  [72/85] L1518 (R03187) ok=✓ legacy [hint saved]
  [73/85] L1517 (R03186) ok=✗
  [74/85] L1519 (R03188) ok=✗
  [75/85] L1520 (R03189) ok=✗
  [76/85] L1522 (R03191) ok=✗
  [77/85] L1523 (R03192) ok=✗
  [78/85] L1521 (R03190) ok=✗
  [79/85] L1525 (R03194) ok=✗
  [80/85] L1524 (R03193) ok=✗
  [81/85] L1527 (R03196) ok=✓ legacy [hint saved]
  [82/85] L1526 (R03195) ok=✗
  [83/85] L1528 (R03197) ok=✗
  [84/85] L1529 (R03198) ok=✗
  [85/85] L1530 (R03199) ok=✗
Hints: appended to 26 level(s); 26 hint file(s) changed on disk.
Result: solved=26/85, solvedBeforeFallback=0, fallbackOnly=26, unsolved=59
Wrote logs/solver-corpus2-batches/batch-18.json
Wrote logs/solver-corpus2-batches/batch-18-summary.md
portfolio-solve-sweep: corpus=data/stress/stress-levels-random.json levels=85 (85 to solve) scheduler-mode=legacy budget=8000ms node-budget=20000000 workers=2 save-hints=true
  adaptive budgets: mult=3x floor=2,000,000 unsolved=20,000,000 | 26 known-solved scaled (min 2,000,000 / med 20,000,000 / max 351,388,209 nodes)
  winner-first: normal + seeded-repair winners (shares solve budget) | 17/85 levels will be primed
  [1/85] L1446 (R03115) ok=✗
  [2/85] L1448 (R03117) ok=✗
  [3/85] L1447 (R03116) ok=✗
  [4/85] L1450 (R03119) ok=✓ legacy [primed] [hint saved]
  [5/85] L1449 (R03118) ok=✗
  [6/85] L1452 (R03121) ok=✗
  [7/85] L1453 (R03122) ok=✓ legacy [primed] [hint saved]
  [8/85] L1451 (R03120) ok=✗
  [9/85] L1455 (R03124) ok=✗
  [10/85] L1456 (R03125) ok=✗
  [11/85] L1457 (R03126) ok=✗
  [12/85] L1458 (R03127) ok=✓ legacy [primed] [hint saved]
  [13/85] L1454 (R03123) ok=✗
  [14/85] L1459 (R03128) ok=✗
  [15/85] L1460 (R03129) ok=✗
  [16/85] L1461 (R03130) ok=✗
  [17/85] L1463 (R03132) ok=✗
  [18/85] L1462 (R03131) ok=✗
  [19/85] L1465 (R03134) ok=✗
  [20/85] L1466 (R03135) ok=✓ legacy [primed] [hint saved]
  [21/85] L1464 (R03133) ok=✗
  [22/85] L1467 (R03136) ok=✗
  [23/85] L1468 (R03137) ok=✗
  [24/85] L1470 (R03139) ok=✓ legacy [hint saved]
  [25/85] L1471 (R03140) ok=✓ legacy [hint saved]
  [26/85] L1472 (R03141) ok=✗
  [27/85] L1473 (R03142) ok=✓ legacy [primed] [hint saved]
  [28/85] L1469 (R03138) ok=✓ legacy [hint saved]
  [29/85] L1475 (R03144) ok=✓ legacy [primed] [hint saved]
  [30/85] L1476 (R03145) ok=✓ legacy [primed] [hint saved]
  [31/85] L1477 (R03146) ok=✓ legacy [primed] [hint saved]
  [32/85] L1474 (R03143) ok=✗
  [33/85] L1479 (R03148) ok=✗
  [34/85] L1478 (R03147) ok=✗
  [35/85] L1481 (R03150) ok=✓ legacy [primed] [hint saved]
  [36/85] L1482 (R03151) ok=✗
  [37/85] L1480 (R03149) ok=✓ legacy [hint saved]
  [38/85] L1483 (R03152) ok=✗
  [39/85] L1485 (R03154) ok=✓ legacy [primed] [hint saved]
  [40/85] L1486 (R03155) ok=✗
  [41/85] L1484 (R03153) ok=✗
  [42/85] L1487 (R03156) ok=✗
  [43/85] L1488 (R03157) ok=✗
  [44/85] L1489 (R03158) ok=✗
  [45/85] L1490 (R03159) ok=✗
  [46/85] L1492 (R03161) ok=✗
  [47/85] L1493 (R03162) ok=✗
  [48/85] L1491 (R03160) ok=✗
  [49/85] L1495 (R03164) ok=✓ legacy [hint saved]
  [50/85] L1496 (R03165) ok=✗
  [51/85] L1494 (R03163) ok=✗
  [52/85] L1498 (R03167) ok=✓ legacy [primed] [hint saved]
  [53/85] L1499 (R03168) ok=✗
  [54/85] L1497 (R03166) ok=✗
  [55/85] L1501 (R03170) ok=✓ legacy [primed] [hint saved]
  [56/85] L1502 (R03171) ok=✗
  [57/85] L1500 (R03169) ok=✗
  [58/85] L1504 (R03173) ok=✗
  [59/85] L1505 (R03174) ok=✓ legacy [primed] [hint saved]
  [60/85] L1503 (R03172) ok=✗
  [61/85] L1507 (R03176) ok=✓ legacy [hint saved]
  [62/85] L1508 (R03177) ok=✗
  [63/85] L1509 (R03178) ok=✗
  [64/85] L1510 (R03179) ok=✓ legacy [primed] [hint saved]
  [65/85] L1506 (R03175) ok=✗
  [66/85] L1511 (R03180) ok=✗
  [67/85] L1513 (R03182) ok=✓ legacy [primed] [hint saved]
  [68/85] L1514 (R03183) ok=✗
  [69/85] L1512 (R03181) ok=✗
  [70/85] L1515 (R03184) ok=✗
  [71/85] L1516 (R03185) ok=✗
  [72/85] L1518 (R03187) ok=✓ legacy [primed] [hint saved]
  [73/85] L1519 (R03188) ok=✗
  [74/85] L1520 (R03189) ok=✗
  [75/85] L1517 (R03186) ok=✗
  [76/85] L1522 (R03191) ok=✗
  [77/85] L1523 (R03192) ok=✗
  [78/85] L1521 (R03190) ok=✗
  [79/85] L1525 (R03194) ok=✗
  [80/85] L1524 (R03193) ok=✗
  [81/85] L1527 (R03196) ok=✓ legacy [hint saved]
  [82/85] L1528 (R03197) ok=✗
  [83/85] L1529 (R03198) ok=✗
  [84/85] L1526 (R03195) ok=✗
  [85/85] L1530 (R03199) ok=✗
Hints: appended to 23 level(s); 23 hint file(s) changed on disk.
Result: solved=23/85, solvedBeforeFallback=0, fallbackOnly=23, unsolved=62
Wrote logs/solver-corpus2-batches/batch-18.json
Wrote logs/solver-corpus2-batches/batch-18-summary.md
portfolio-solve-sweep: corpus=data/stress/stress-levels-random.json levels=85 (85 to solve) scheduler-mode=legacy budget=8000ms node-budget=20000000 workers=2 save-hints=true
  winner-first: normal + seeded-repair winners (shares solve budget) | 21/85 levels will be primed
  [1/85] L1446 (R03115) ok=✗
  [2/85] L1448 (R03117) ok=✗
  [3/85] L1447 (R03116) ok=✗
  [4/85] L1450 (R03119) ok=✓ legacy [primed] [hint saved]
  [5/85] L1449 (R03118) ok=✗
  [6/85] L1452 (R03121) ok=✗
  [7/85] L1453 (R03122) ok=✓ legacy [primed] [hint saved]
  [8/85] L1451 (R03120) ok=✗
  [9/85] L1455 (R03124) ok=✗
  [10/85] L1456 (R03125) ok=✗
  [11/85] L1454 (R03123) ok=✗
  [12/85] L1458 (R03127) ok=✓ legacy [primed] [hint saved]
  [13/85] L1457 (R03126) ok=✗
  [14/85] L1459 (R03128) ok=✗
  [15/85] L1460 (R03129) ok=✗
  [16/85] L1461 (R03130) ok=✗
  [17/85] L1462 (R03131) ok=✗
  [18/85] L1463 (R03132) ok=✗
  [19/85] L1465 (R03134) ok=✗
  [20/85] L1466 (R03135) ok=✓ legacy [primed] [hint saved]
  [21/85] L1464 (R03133) ok=✗
  [22/85] L1467 (R03136) ok=✗
  [23/85] L1469 (R03138) ok=✗
  [24/85] L1470 (R03139) ok=✓ legacy [primed] [hint saved]
  [25/85] L1471 (R03140) ok=✓ legacy [primed] [hint saved]
  [26/85] L1472 (R03141) ok=✗
  [27/85] L1473 (R03142) ok=✓ legacy [primed] [hint saved]
  [28/85] L1468 (R03137) ok=✗
  [29/85] L1475 (R03144) ok=✓ legacy [primed] [hint saved]
  [30/85] L1476 (R03145) ok=✓ legacy [primed] [hint saved]
  [31/85] L1477 (R03146) ok=✓ legacy [primed] [hint saved]
  [32/85] L1474 (R03143) ok=✗
  [33/85] L1478 (R03147) ok=✗
  [34/85] L1479 (R03148) ok=✗
  [35/85] L1481 (R03150) ok=✓ legacy [primed] [hint saved]
  [36/85] L1482 (R03151) ok=✗
  [37/85] L1480 (R03149) ok=✗
  [38/85] L1484 (R03153) ok=✗
  [39/85] L1485 (R03154) ok=✓ legacy [primed] [hint saved]
  [40/85] L1483 (R03152) ok=✗
  [41/85] L1486 (R03155) ok=✗
  [42/85] L1487 (R03156) ok=✗
  [43/85] L1488 (R03157) ok=✗
  [44/85] L1489 (R03158) ok=✗
  [45/85] L1490 (R03159) ok=✗
  [46/85] L1491 (R03160) ok=✗
  [47/85] L1492 (R03161) ok=✗
  [48/85] L1493 (R03162) ok=✗
  [49/85] L1495 (R03164) ok=✓ legacy [primed] [hint saved]
  [50/85] L1496 (R03165) ok=✗
  [51/85] L1494 (R03163) ok=✗
  [52/85] L1498 (R03167) ok=✓ legacy [primed] [hint saved]
  [53/85] L1499 (R03168) ok=✗
  [54/85] L1497 (R03166) ok=✗
  [55/85] L1501 (R03170) ok=✓ legacy [primed] [hint saved]
  [56/85] L1502 (R03171) ok=✗
  [57/85] L1500 (R03169) ok=✗
  [58/85] L1504 (R03173) ok=✗
  [59/85] L1505 (R03174) ok=✓ legacy [primed] [hint saved]
  [60/85] L1503 (R03172) ok=✗
  [61/85] L1507 (R03176) ok=✓ legacy [primed] [hint saved]
  [62/85] L1508 (R03177) ok=✗
  [63/85] L1509 (R03178) ok=✗
  [64/85] L1510 (R03179) ok=✓ legacy [primed] [hint saved]
  [65/85] L1506 (R03175) ok=✗
  [66/85] L1511 (R03180) ok=✗
  [67/85] L1513 (R03182) ok=✓ legacy [primed] [hint saved]
  [68/85] L1514 (R03183) ok=✗
  [69/85] L1512 (R03181) ok=✗
  [70/85] L1515 (R03184) ok=✗
  [71/85] L1516 (R03185) ok=✗
  [72/85] L1518 (R03187) ok=✓ legacy [primed] [hint saved]
  [73/85] L1519 (R03188) ok=✗
  [74/85] L1520 (R03189) ok=✗
  [75/85] L1517 (R03186) ok=✗
  [76/85] L1522 (R03191) ok=✗
  [77/85] L1523 (R03192) ok=✗
  [78/85] L1521 (R03190) ok=✗
  [79/85] L1525 (R03194) ok=✗
  [80/85] L1524 (R03193) ok=✗
  [81/85] L1527 (R03196) ok=✓ legacy [primed] [hint saved]
  [82/85] L1526 (R03195) ok=✗
  [83/85] L1528 (R03197) ok=✗
  [84/85] L1529 (R03198) ok=✗
  [85/85] L1530 (R03199) ok=✗
Hints: appended to 21 level(s); 21 hint file(s) changed on disk.
Result: solved=21/85, solvedBeforeFallback=0, fallbackOnly=21, unsolved=64
Wrote logs/solver-corpus2-batches/batch-18.json
Wrote logs/solver-corpus2-batches/batch-18-summary.md
portfolio-solve-sweep: corpus=data/stress/stress-levels-random.json levels=85 (85 to solve) scheduler-mode=legacy budget=8000ms node-budget=20000000 workers=2 enable-flags=STRATEGY_REPAIR_TURN_BIAS save-hints=true
  winner-first: normal + seeded-repair winners (shares solve budget) | 21/85 levels will be primed
  [1/85] L1446 (R03115) ok=✗
  [2/85] L1448 (R03117) ok=✗
  [3/85] L1447 (R03116) ok=✗
  [4/85] L1450 (R03119) ok=✓ legacy [primed] [hint saved]
  [5/85] L1449 (R03118) ok=✗
  [6/85] L1451 (R03120) ok=✗
  [7/85] L1453 (R03122) ok=✓ legacy [primed] [hint saved]
  [8/85] L1452 (R03121) ok=✗
  [9/85] L1455 (R03124) ok=✗
  [10/85] L1454 (R03123) ok=✗
  [11/85] L1457 (R03126) ok=✗
  [12/85] L1458 (R03127) ok=✓ legacy [primed] [hint saved]
  [13/85] L1456 (R03125) ok=✗
  [14/85] L1459 (R03128) ok=✗
  [15/85] L1460 (R03129) ok=✗
  [16/85] L1461 (R03130) ok=✗
  [17/85] L1463 (R03132) ok=✗
  [18/85] L1462 (R03131) ok=✗
  [19/85] L1465 (R03134) ok=✗
  [20/85] L1466 (R03135) ok=✓ legacy [primed] [hint saved]
  [21/85] L1464 (R03133) ok=✗
  [22/85] L1467 (R03136) ok=✗
  [23/85] L1469 (R03138) ok=✗
  [24/85] L1470 (R03139) ok=✓ legacy [primed] [hint saved]
  [25/85] L1471 (R03140) ok=✓ legacy [primed] [hint saved]
  [26/85] L1472 (R03141) ok=✗
  [27/85] L1473 (R03142) ok=✓ legacy [primed] [hint saved]
  [28/85] L1468 (R03137) ok=✗
  [29/85] L1475 (R03144) ok=✓ legacy [primed] [hint saved]
  [30/85] L1476 (R03145) ok=✓ legacy [primed] [hint saved]
  [31/85] L1477 (R03146) ok=✓ legacy [primed] [hint saved]
  [32/85] L1474 (R03143) ok=✗
  [33/85] L1479 (R03148) ok=✗
  [34/85] L1478 (R03147) ok=✗
  [35/85] L1481 (R03150) ok=✓ legacy [primed] [hint saved]
  [36/85] L1482 (R03151) ok=✗
  [37/85] L1480 (R03149) ok=✗
  [38/85] L1483 (R03152) ok=✗
  [39/85] L1485 (R03154) ok=✓ legacy [primed] [hint saved]
  [40/85] L1486 (R03155) ok=✗
  [41/85] L1484 (R03153) ok=✗
  [42/85] L1487 (R03156) ok=✗
  [43/85] L1488 (R03157) ok=✗
  [44/85] L1489 (R03158) ok=✗
  [45/85] L1490 (R03159) ok=✗
  [46/85] L1492 (R03161) ok=✗
  [47/85] L1493 (R03162) ok=✗
  [48/85] L1491 (R03160) ok=✗
  [49/85] L1495 (R03164) ok=✓ legacy [primed] [hint saved]
  [50/85] L1496 (R03165) ok=✗
  [51/85] L1494 (R03163) ok=✗
  [52/85] L1498 (R03167) ok=✓ legacy [primed] [hint saved]
  [53/85] L1497 (R03166) ok=✗
  [54/85] L1499 (R03168) ok=✗
  [55/85] L1501 (R03170) ok=✓ legacy [primed] [hint saved]
  [56/85] L1502 (R03171) ok=✗
  [57/85] L1500 (R03169) ok=✗
  [58/85] L1503 (R03172) ok=✗
  [59/85] L1505 (R03174) ok=✓ legacy [primed] [hint saved]
  [60/85] L1504 (R03173) ok=✗
  [61/85] L1507 (R03176) ok=✓ legacy [primed] [hint saved]
  [62/85] L1508 (R03177) ok=✗
  [63/85] L1509 (R03178) ok=✗
  [64/85] L1510 (R03179) ok=✓ legacy [primed] [hint saved]
  [65/85] L1511 (R03180) ok=✗
  [66/85] L1506 (R03175) ok=✗
  [67/85] L1513 (R03182) ok=✓ legacy [primed] [hint saved]
  [68/85] L1512 (R03181) ok=✗
  [69/85] L1514 (R03183) ok=✗
  [70/85] L1515 (R03184) ok=✗
  [71/85] L1516 (R03185) ok=✗
  [72/85] L1518 (R03187) ok=✓ legacy [primed] [hint saved]
  [73/85] L1519 (R03188) ok=✗
  [74/85] L1520 (R03189) ok=✗
  [75/85] L1517 (R03186) ok=✗
  [76/85] L1522 (R03191) ok=✗
  [77/85] L1523 (R03192) ok=✗
  [78/85] L1521 (R03190) ok=✗
  [79/85] L1524 (R03193) ok=✗
  [80/85] L1525 (R03194) ok=✗
  [81/85] L1527 (R03196) ok=✓ legacy [primed] [hint saved]
  [82/85] L1528 (R03197) ok=✗
  [83/85] L1526 (R03195) ok=✗
  [84/85] L1529 (R03198) ok=✗
  [85/85] L1530 (R03199) ok=✗
Hints: appended to 21 level(s); 21 hint file(s) changed on disk.
Result: solved=21/85, solvedBeforeFallback=0, fallbackOnly=21, unsolved=64
Wrote logs/solver-corpus2-batches/batch-18.json
Wrote logs/solver-corpus2-batches/batch-18-summary.md
portfolio-solve-sweep: corpus=data/stress/stress-levels-random.json levels=85 (85 to solve) scheduler-mode=legacy budget=8000ms node-budget=20000000 workers=2 enable-flags=STRATEGY_REPAIR_TURN_BIAS save-hints=true
  winner-first: normal + seeded-repair winners (shares solve budget) | 21/85 levels will be primed
  [1/85] L1446 (R03115) ok=✗
  [2/85] L1448 (R03117) ok=✗
  [3/85] L1447 (R03116) ok=✗
  [4/85] L1450 (R03119) ok=✓ legacy [primed] [hint saved]
  [5/85] L1449 (R03118) ok=✗
  [6/85] L1451 (R03120) ok=✗
  [7/85] L1453 (R03122) ok=✓ legacy [primed] [hint saved]
  [8/85] L1452 (R03121) ok=✗
  [9/85] L1455 (R03124) ok=✗
  [10/85] L1454 (R03123) ok=✗
  [11/85] L1457 (R03126) ok=✗
  [12/85] L1458 (R03127) ok=✓ legacy [primed] [hint saved]
  [13/85] L1456 (R03125) ok=✗
  [14/85] L1459 (R03128) ok=✗
  [15/85] L1460 (R03129) ok=✗
  [16/85] L1461 (R03130) ok=✗
  [17/85] L1463 (R03132) ok=✗
  [18/85] L1462 (R03131) ok=✗
  [19/85] L1465 (R03134) ok=✗
  [20/85] L1466 (R03135) ok=✓ legacy [primed] [hint saved]
  [21/85] L1464 (R03133) ok=✗
  [22/85] L1467 (R03136) ok=✗
  [23/85] L1469 (R03138) ok=✗
  [24/85] L1470 (R03139) ok=✓ legacy [primed] [hint saved]
  [25/85] L1471 (R03140) ok=✓ legacy [primed] [hint saved]
  [26/85] L1472 (R03141) ok=✗
  [27/85] L1473 (R03142) ok=✓ legacy [primed] [hint saved]
  [28/85] L1468 (R03137) ok=✗
  [29/85] L1475 (R03144) ok=✓ legacy [primed] [hint saved]
  [30/85] L1476 (R03145) ok=✓ legacy [primed] [hint saved]
  [31/85] L1477 (R03146) ok=✓ legacy [primed] [hint saved]
  [32/85] L1474 (R03143) ok=✗
  [33/85] L1479 (R03148) ok=✗
  [34/85] L1478 (R03147) ok=✗
  [35/85] L1481 (R03150) ok=✓ legacy [primed] [hint saved]
  [36/85] L1482 (R03151) ok=✗
  [37/85] L1480 (R03149) ok=✗
  [38/85] L1483 (R03152) ok=✗
  [39/85] L1485 (R03154) ok=✓ legacy [primed] [hint saved]
  [40/85] L1486 (R03155) ok=✗
  [41/85] L1484 (R03153) ok=✗
  [42/85] L1487 (R03156) ok=✗
  [43/85] L1488 (R03157) ok=✗
  [44/85] L1489 (R03158) ok=✗
  [45/85] L1490 (R03159) ok=✗
  [46/85] L1492 (R03161) ok=✗
  [47/85] L1493 (R03162) ok=✗
  [48/85] L1491 (R03160) ok=✗
  [49/85] L1495 (R03164) ok=✓ legacy [primed] [hint saved]
  [50/85] L1496 (R03165) ok=✗
  [51/85] L1494 (R03163) ok=✗
  [52/85] L1498 (R03167) ok=✓ legacy [primed] [hint saved]
  [53/85] L1499 (R03168) ok=✗
  [54/85] L1497 (R03166) ok=✗
  [55/85] L1501 (R03170) ok=✓ legacy [primed] [hint saved]
  [56/85] L1502 (R03171) ok=✗
  [57/85] L1500 (R03169) ok=✗
  [58/85] L1504 (R03173) ok=✗
  [59/85] L1503 (R03172) ok=✗
  [60/85] L1505 (R03174) ok=✓ legacy [primed] [hint saved]
  [61/85] L1507 (R03176) ok=✓ legacy [primed] [hint saved]
  [62/85] L1508 (R03177) ok=✗
  [63/85] L1509 (R03178) ok=✗
  [64/85] L1510 (R03179) ok=✓ legacy [primed] [hint saved]
  [65/85] L1511 (R03180) ok=✗
  [66/85] L1506 (R03175) ok=✗
  [67/85] L1513 (R03182) ok=✓ legacy [primed] [hint saved]
  [68/85] L1512 (R03181) ok=✗
  [69/85] L1514 (R03183) ok=✗
  [70/85] L1515 (R03184) ok=✗
  [71/85] L1516 (R03185) ok=✗
  [72/85] L1518 (R03187) ok=✓ legacy [primed] [hint saved]
  [73/85] L1519 (R03188) ok=✗
  [74/85] L1520 (R03189) ok=✗
  [75/85] L1517 (R03186) ok=✗
  [76/85] L1522 (R03191) ok=✗
  [77/85] L1523 (R03192) ok=✗
  [78/85] L1521 (R03190) ok=✗
  [79/85] L1525 (R03194) ok=✗
  [80/85] L1524 (R03193) ok=✗
  [81/85] L1527 (R03196) ok=✓ legacy [primed] [hint saved]
  [82/85] L1528 (R03197) ok=✗
  [83/85] L1526 (R03195) ok=✗
  [84/85] L1529 (R03198) ok=✗
  [85/85] L1530 (R03199) ok=✗
Hints: appended to 21 level(s); 21 hint file(s) changed on disk.
Result: solved=21/85, solvedBeforeFallback=0, fallbackOnly=21, unsolved=64
Wrote logs/solver-corpus2-batches/batch-18.json
Wrote logs/solver-corpus2-batches/batch-18-summary.md
portfolio-solve-sweep: corpus=data/stress/stress-levels-random.json levels=85 (85 to solve) scheduler-mode=legacy budget=8000ms node-budget=20000000 workers=2 enable-flags=STRATEGY_REPAIR_TURN_BIAS save-hints=true
  winner-first: normal + seeded-repair winners (shares solve budget) | 21/85 levels will be primed
  [1/85] L1446 (R03115) ok=✗
  [2/85] L1448 (R03117) ok=✗
  [3/85] L1447 (R03116) ok=✗
  [4/85] L1450 (R03119) ok=✓ legacy [primed] [hint saved]
  [5/85] L1449 (R03118) ok=✗
  [6/85] L1451 (R03120) ok=✗
  [7/85] L1453 (R03122) ok=✓ legacy [primed] [hint saved]
  [8/85] L1452 (R03121) ok=✗
  [9/85] L1455 (R03124) ok=✗
  [10/85] L1454 (R03123) ok=✗
  [11/85] L1457 (R03126) ok=✗
  [12/85] L1458 (R03127) ok=✓ legacy [primed] [hint saved]
  [13/85] L1456 (R03125) ok=✗
  [14/85] L1459 (R03128) ok=✗
  [15/85] L1460 (R03129) ok=✗
  [16/85] L1461 (R03130) ok=✗
  [17/85] L1463 (R03132) ok=✗
  [18/85] L1462 (R03131) ok=✗
  [19/85] L1465 (R03134) ok=✗
  [20/85] L1466 (R03135) ok=✓ legacy [primed] [hint saved]
  [21/85] L1467 (R03136) ok=✗
  [22/85] L1464 (R03133) ok=✗
  [23/85] L1469 (R03138) ok=✗
  [24/85] L1470 (R03139) ok=✓ legacy [primed] [hint saved]
  [25/85] L1471 (R03140) ok=✓ legacy [primed] [hint saved]
  [26/85] L1472 (R03141) ok=✗
  [27/85] L1473 (R03142) ok=✓ legacy [primed] [hint saved]
  [28/85] L1468 (R03137) ok=✗
  [29/85] L1475 (R03144) ok=✓ legacy [primed] [hint saved]
  [30/85] L1476 (R03145) ok=✓ legacy [primed] [hint saved]
  [31/85] L1477 (R03146) ok=✓ legacy [primed] [hint saved]
  [32/85] L1474 (R03143) ok=✗
  [33/85] L1479 (R03148) ok=✗
  [34/85] L1478 (R03147) ok=✗
  [35/85] L1481 (R03150) ok=✓ legacy [primed] [hint saved]
  [36/85] L1482 (R03151) ok=✗
  [37/85] L1480 (R03149) ok=✗
  [38/85] L1483 (R03152) ok=✗
  [39/85] L1485 (R03154) ok=✓ legacy [primed] [hint saved]
  [40/85] L1486 (R03155) ok=✗
  [41/85] L1484 (R03153) ok=✗
  [42/85] L1487 (R03156) ok=✗
  [43/85] L1488 (R03157) ok=✗
  [44/85] L1489 (R03158) ok=✗
  [45/85] L1490 (R03159) ok=✗
  [46/85] L1492 (R03161) ok=✗
  [47/85] L1493 (R03162) ok=✗
  [48/85] L1491 (R03160) ok=✗
  [49/85] L1495 (R03164) ok=✓ legacy [primed] [hint saved]
  [50/85] L1496 (R03165) ok=✗
  [51/85] L1494 (R03163) ok=✗
  [52/85] L1498 (R03167) ok=✓ legacy [primed] [hint saved]
  [53/85] L1499 (R03168) ok=✗
  [54/85] L1497 (R03166) ok=✗
  [55/85] L1501 (R03170) ok=✓ legacy [primed] [hint saved]
  [56/85] L1502 (R03171) ok=✗
  [57/85] L1500 (R03169) ok=✗
  [58/85] L1504 (R03173) ok=✗
  [59/85] L1505 (R03174) ok=✓ legacy [primed] [hint saved]
  [60/85] L1503 (R03172) ok=✗
  [61/85] L1507 (R03176) ok=✓ legacy [primed] [hint saved]
  [62/85] L1508 (R03177) ok=✗
  [63/85] L1509 (R03178) ok=✗
  [64/85] L1510 (R03179) ok=✓ legacy [primed] [hint saved]
  [65/85] L1511 (R03180) ok=✗
  [66/85] L1506 (R03175) ok=✗
  [67/85] L1513 (R03182) ok=✓ legacy [primed] [hint saved]
  [68/85] L1514 (R03183) ok=✗
  [69/85] L1512 (R03181) ok=✗
  [70/85] L1515 (R03184) ok=✗
  [71/85] L1516 (R03185) ok=✗
  [72/85] L1518 (R03187) ok=✓ legacy [primed] [hint saved]
  [73/85] L1519 (R03188) ok=✗
  [74/85] L1520 (R03189) ok=✗
  [75/85] L1517 (R03186) ok=✗
  [76/85] L1522 (R03191) ok=✗
  [77/85] L1523 (R03192) ok=✗
  [78/85] L1521 (R03190) ok=✗
  [79/85] L1524 (R03193) ok=✗
  [80/85] L1525 (R03194) ok=✗
  [81/85] L1527 (R03196) ok=✓ legacy [primed] [hint saved]
  [82/85] L1528 (R03197) ok=✗
  [83/85] L1529 (R03198) ok=✗
  [84/85] L1526 (R03195) ok=✗
  [85/85] L1530 (R03199) ok=✗
Hints: appended to 21 level(s); 21 hint file(s) changed on disk.
Result: solved=21/85, solvedBeforeFallback=0, fallbackOnly=21, unsolved=64
Wrote logs/solver-corpus2-batches/batch-18.json
Wrote logs/solver-corpus2-batches/batch-18-summary.md
portfolio-solve-sweep: corpus=data/stress/stress-levels-random.json levels=85 (85 to solve) scheduler-mode=legacy budget=8000ms node-budget=20000000 workers=2 enable-flags=STRATEGY_REPAIR_TURN_BIAS save-hints=true
  winner-first: normal + seeded-repair winners (shares solve budget) | 21/85 levels will be primed
  [1/85] L1446 (R03115) ok=✗
  [2/85] L1448 (R03117) ok=✗
  [3/85] L1447 (R03116) ok=✗
  [4/85] L1450 (R03119) ok=✓ legacy [primed] [hint saved]
  [5/85] L1449 (R03118) ok=✗
  [6/85] L1451 (R03120) ok=✗
  [7/85] L1453 (R03122) ok=✓ legacy [primed] [hint saved]
  [8/85] L1452 (R03121) ok=✗
  [9/85] L1455 (R03124) ok=✗
  [10/85] L1454 (R03123) ok=✗
  [11/85] L1457 (R03126) ok=✗
  [12/85] L1458 (R03127) ok=✓ legacy [primed] [hint saved]
  [13/85] L1456 (R03125) ok=✗
  [14/85] L1459 (R03128) ok=✗
  [15/85] L1460 (R03129) ok=✗
  [16/85] L1462 (R03131) ok=✗
  [17/85] L1461 (R03130) ok=✗
  [18/85] L1463 (R03132) ok=✗
  [19/85] L1465 (R03134) ok=✗
  [20/85] L1466 (R03135) ok=✓ legacy [primed] [hint saved]
  [21/85] L1464 (R03133) ok=✗
  [22/85] L1467 (R03136) ok=✗
  [23/85] L1469 (R03138) ok=✗
  [24/85] L1470 (R03139) ok=✓ legacy [primed] [hint saved]
  [25/85] L1471 (R03140) ok=✓ legacy [primed] [hint saved]
  [26/85] L1472 (R03141) ok=✗
  [27/85] L1473 (R03142) ok=✓ legacy [primed] [hint saved]
  [28/85] L1468 (R03137) ok=✗
  [29/85] L1475 (R03144) ok=✓ legacy [primed] [hint saved]
  [30/85] L1476 (R03145) ok=✓ legacy [primed] [hint saved]
  [31/85] L1477 (R03146) ok=✓ legacy [primed] [hint saved]
  [32/85] L1474 (R03143) ok=✗
  [33/85] L1478 (R03147) ok=✗
  [34/85] L1479 (R03148) ok=✗
  [35/85] L1481 (R03150) ok=✓ legacy [primed] [hint saved]
  [36/85] L1482 (R03151) ok=✗
  [37/85] L1480 (R03149) ok=✗
  [38/85] L1483 (R03152) ok=✗
  [39/85] L1485 (R03154) ok=✓ legacy [primed] [hint saved]
  [40/85] L1486 (R03155) ok=✗
  [41/85] L1484 (R03153) ok=✗
  [42/85] L1487 (R03156) ok=✗
  [43/85] L1488 (R03157) ok=✗
  [44/85] L1489 (R03158) ok=✗
  [45/85] L1490 (R03159) ok=✗
  [46/85] L1492 (R03161) ok=✗
  [47/85] L1493 (R03162) ok=✗
  [48/85] L1491 (R03160) ok=✗
  [49/85] L1495 (R03164) ok=✓ legacy [primed] [hint saved]
  [50/85] L1496 (R03165) ok=✗
  [51/85] L1494 (R03163) ok=✗
  [52/85] L1498 (R03167) ok=✓ legacy [primed] [hint saved]
  [53/85] L1499 (R03168) ok=✗
  [54/85] L1497 (R03166) ok=✗
  [55/85] L1501 (R03170) ok=✓ legacy [primed] [hint saved]
  [56/85] L1502 (R03171) ok=✗
  [57/85] L1500 (R03169) ok=✗
  [58/85] L1504 (R03173) ok=✗
  [59/85] L1505 (R03174) ok=✓ legacy [primed] [hint saved]
  [60/85] L1503 (R03172) ok=✗
  [61/85] L1507 (R03176) ok=✓ legacy [primed] [hint saved]
  [62/85] L1508 (R03177) ok=✗
  [63/85] L1509 (R03178) ok=✗
  [64/85] L1510 (R03179) ok=✓ legacy [primed] [hint saved]
  [65/85] L1511 (R03180) ok=✗
  [66/85] L1506 (R03175) ok=✗
  [67/85] L1513 (R03182) ok=✓ legacy [primed] [hint saved]
  [68/85] L1512 (R03181) ok=✗
  [69/85] L1514 (R03183) ok=✗
  [70/85] L1515 (R03184) ok=✗
  [71/85] L1516 (R03185) ok=✗
  [72/85] L1518 (R03187) ok=✓ legacy [primed] [hint saved]
  [73/85] L1519 (R03188) ok=✗
  [74/85] L1520 (R03189) ok=✗
  [75/85] L1517 (R03186) ok=✗
  [76/85] L1522 (R03191) ok=✗
  [77/85] L1523 (R03192) ok=✗
  [78/85] L1521 (R03190) ok=✗
  [79/85] L1525 (R03194) ok=✗
  [80/85] L1524 (R03193) ok=✗
  [81/85] L1527 (R03196) ok=✓ legacy [primed] [hint saved]
  [82/85] L1528 (R03197) ok=✗
  [83/85] L1526 (R03195) ok=✗
  [84/85] L1529 (R03198) ok=✗
  [85/85] L1530 (R03199) ok=✗
Hints: appended to 21 level(s); 21 hint file(s) changed on disk.
Result: solved=21/85, solvedBeforeFallback=0, fallbackOnly=21, unsolved=64
Wrote logs/solver-corpus2-batches/batch-18.json
Wrote logs/solver-corpus2-batches/batch-18-summary.md
portfolio-solve-sweep: corpus=data/stress/stress-levels-random.json levels=85 (85 to solve) scheduler-mode=legacy budget=86400000ms node-budget=36000000 workers=2 save-hints=true
  winner-first: normal + seeded-repair winners (shares solve budget) | 28/85 levels will be primed
  [1/85] L1446 (R03115) ok=✗
  [2/85] L1448 (R03117) ok=✗
  [3/85] L1447 (R03116) ok=✗
  [4/85] L1450 (R03119) ok=✓ legacy [primed] [hint saved]
  [5/85] L1449 (R03118) ok=✗
  [6/85] L1451 (R03120) ok=✗
  [7/85] L1453 (R03122) ok=✓ legacy [primed] [hint saved]
  [8/85] L1452 (R03121) ok=✗
  [9/85] L1454 (R03123) ok=✗
  [10/85] L1455 (R03124) ok=✗
  [11/85] L1457 (R03126) ok=✗
  [12/85] L1458 (R03127) ok=✓ legacy [primed] [hint saved]
  [13/85] L1456 (R03125) ok=✗
  [14/85] L1459 (R03128) ok=✗
  [15/85] L1460 (R03129) ok=✗
  [16/85] L1462 (R03131) ok=✗
  [17/85] L1463 (R03132) ok=✗
  [18/85] L1461 (R03130) ok=✗
  [19/85] L1465 (R03134) ok=✗
  [20/85] L1466 (R03135) ok=✓ legacy [primed] [hint saved]
  [21/85] L1464 (R03133) ok=✗
  [22/85] L1467 (R03136) ok=✗
  [23/85] L1468 (R03137) ok=✓ legacy [hint saved]
  [24/85] L1469 (R03138) ok=✓ legacy [primed] [hint saved]
  [25/85] L1471 (R03140) ok=✓ legacy [primed] [hint saved]
  [26/85] L1472 (R03141) ok=✗
  [27/85] L1473 (R03142) ok=✓ legacy [primed] [hint saved]
  [28/85] L1474 (R03143) ok=✗
  [29/85] L1475 (R03144) ok=✓ legacy [primed] [hint saved]
  [30/85] L1470 (R03139) ok=✗
  [31/85] L1477 (R03146) ok=✓ legacy [primed] [hint saved]
  [32/85] L1476 (R03145) ok=✗
  [33/85] L1479 (R03148) ok=✗
  [34/85] L1480 (R03149) ok=✓ legacy [primed] [hint saved]
  [35/85] L1481 (R03150) ok=✓ legacy [primed] [hint saved]
  [36/85] L1478 (R03147) ok=✗
  [37/85] L1482 (R03151) ok=✗
  [38/85] L1484 (R03153) ok=✓ legacy [primed] [hint saved]
  [39/85] L1485 (R03154) ok=✓ legacy [primed] [hint saved]
  [40/85] L1483 (R03152) ok=✗
  [41/85] L1486 (R03155) ok=✗
  [42/85] L1488 (R03157) ok=✗
  [43/85] L1487 (R03156) ok=✗
  [44/85] L1489 (R03158) ok=✗
  [45/85] L1490 (R03159) ok=✗
  [46/85] L1492 (R03161) ok=✗
  [47/85] L1493 (R03162) ok=✓ legacy [primed] [hint saved]
  [48/85] L1491 (R03160) ok=✗
  [49/85] L1495 (R03164) ok=✓ legacy [primed] [hint saved]
  [50/85] L1496 (R03165) ok=✗
  [51/85] L1494 (R03163) ok=✗
  [52/85] L1498 (R03167) ok=✓ legacy [primed] [hint saved]
  [53/85] L1499 (R03168) ok=✗
  [54/85] L1497 (R03166) ok=✗
  [55/85] L1501 (R03170) ok=✓ legacy [primed] [hint saved]
  [56/85] L1502 (R03171) ok=✗
  [57/85] L1500 (R03169) ok=✗
  [58/85] L1503 (R03172) ok=✗
  [59/85] L1504 (R03173) ok=✗
  [60/85] L1505 (R03174) ok=✓ legacy [primed] [hint saved]
  [61/85] L1507 (R03176) ok=✓ legacy [primed] [hint saved]
  [62/85] L1508 (R03177) ok=✗
  [63/85] L1509 (R03178) ok=✗
  [64/85] L1510 (R03179) ok=✓ legacy [primed] [hint saved]
  [65/85] L1506 (R03175) ok=✗
  [66/85] L1511 (R03180) ok=✗
  [67/85] L1513 (R03182) ok=✓ legacy [primed] [hint saved]
  [68/85] L1512 (R03181) ok=✗
  [69/85] L1514 (R03183) ok=✗
  [70/85] L1516 (R03185) ok=✓ legacy [primed] [hint saved]
  [71/85] L1515 (R03184) ok=✗
  [72/85] L1518 (R03187) ok=✓ legacy [primed] [hint saved]
  [73/85] L1519 (R03188) ok=✓ legacy [primed] [hint saved]
  [74/85] L1520 (R03189) ok=✗
  [75/85] L1517 (R03186) ok=✗
  [76/85] L1522 (R03191) ok=✗
  [77/85] L1521 (R03190) ok=✗
  [78/85] L1523 (R03192) ok=✗
  [79/85] L1525 (R03194) ok=✗
  [80/85] L1524 (R03193) ok=✗
  [81/85] L1526 (R03195) ok=✗
  [82/85] L1528 (R03197) ok=✗
  [83/85] L1527 (R03196) ok=✓ legacy [primed] [hint saved]
  [84/85] L1529 (R03198) ok=✗
  [85/85] L1530 (R03199) ok=✗
Hints: appended to 26 level(s); 26 hint file(s) changed on disk.
Result: solved=26/85, solvedBeforeFallback=0, fallbackOnly=26, unsolved=59
Wrote logs/solver-corpus2-batches/batch-18.json
Wrote logs/solver-corpus2-batches/batch-18-summary.md
portfolio-solve-sweep: corpus=data/stress/stress-levels-random.json levels=85 (85 to solve) scheduler-mode=legacy budget=86400000ms node-budget=36000000 workers=2 save-hints=true
  winner-first: normal + seeded-repair winners (shares solve budget) | 26/85 levels will be primed
  [1/85] L1446 (R03115) ok=✗
  [2/85] L1448 (R03117) ok=✗
  [3/85] L1447 (R03116) ok=✗
  [4/85] L1450 (R03119) ok=✓ legacy [primed] [hint saved]
  [5/85] L1449 (R03118) ok=✗
  [6/85] L1451 (R03120) ok=✗
  [7/85] L1453 (R03122) ok=✓ legacy [primed] [hint saved]
  [8/85] L1452 (R03121) ok=✗
  [9/85] L1455 (R03124) ok=✗
  [10/85] L1454 (R03123) ok=✗
  [11/85] L1457 (R03126) ok=✗
  [12/85] L1458 (R03127) ok=✓ legacy [primed] [hint saved]
  [13/85] L1456 (R03125) ok=✗
  [14/85] L1459 (R03128) ok=✗
  [15/85] L1460 (R03129) ok=✗
  [16/85] L1461 (R03130) ok=✗
  [17/85] L1462 (R03131) ok=✗
  [18/85] L1463 (R03132) ok=✗
  [19/85] L1465 (R03134) ok=✗
  [20/85] L1466 (R03135) ok=✓ legacy [primed] [hint saved]
  [21/85] L1464 (R03133) ok=✗
  [22/85] L1467 (R03136) ok=✗
  [23/85] L1468 (R03137) ok=✓ legacy [primed] [hint saved]
  [24/85] L1469 (R03138) ok=✓ legacy [primed] [hint saved]
  [25/85] L1471 (R03140) ok=✓ legacy [primed] [hint saved]
  [26/85] L1472 (R03141) ok=✗
  [27/85] L1473 (R03142) ok=✓ legacy [primed] [hint saved]
  [28/85] L1470 (R03139) ok=✓ legacy [hint saved]
  [29/85] L1475 (R03144) ok=✓ legacy [primed] [hint saved]
  [30/85] L1476 (R03145) ok=✗
  [31/85] L1477 (R03146) ok=✓ legacy [primed] [hint saved]
  [32/85] L1474 (R03143) ok=✗
  [33/85] L1479 (R03148) ok=✗
  [34/85] L1480 (R03149) ok=✓ legacy [primed] [hint saved]
  [35/85] L1481 (R03150) ok=✓ legacy [primed] [hint saved]
  [36/85] L1478 (R03147) ok=✗
  [37/85] L1482 (R03151) ok=✗
  [38/85] L1484 (R03153) ok=✓ legacy [primed] [hint saved]
  [39/85] L1485 (R03154) ok=✓ legacy [primed] [hint saved]
  [40/85] L1483 (R03152) ok=✗
  [41/85] L1486 (R03155) ok=✗
  [42/85] L1487 (R03156) ok=✗
  [43/85] L1488 (R03157) ok=✗
  [44/85] L1489 (R03158) ok=✗
  [45/85] L1491 (R03160) ok=✓ legacy [hint saved]
  [46/85] L1490 (R03159) ok=✗
  [47/85] L1493 (R03162) ok=✓ legacy [primed] [hint saved]
  [48/85] L1492 (R03161) ok=✗
  [49/85] L1495 (R03164) ok=✓ legacy [primed] [hint saved]
  [50/85] L1496 (R03165) ok=✗
  [51/85] L1494 (R03163) ok=✗
  [52/85] L1498 (R03167) ok=✓ legacy [primed] [hint saved]
  [53/85] L1499 (R03168) ok=✗
  [54/85] L1497 (R03166) ok=✗
  [55/85] L1501 (R03170) ok=✓ legacy [primed] [hint saved]
  [56/85] L1502 (R03171) ok=✗
  [57/85] L1500 (R03169) ok=✗
  [58/85] L1503 (R03172) ok=✗
  [59/85] L1504 (R03173) ok=✗
  [60/85] L1505 (R03174) ok=✓ legacy [primed] [hint saved]
  [61/85] L1507 (R03176) ok=✓ legacy [primed] [hint saved]
  [62/85] L1508 (R03177) ok=✗
  [63/85] L1506 (R03175) ok=✗
  [64/85] L1510 (R03179) ok=✓ legacy [primed] [hint saved]
  [65/85] L1509 (R03178) ok=✗
  [66/85] L1511 (R03180) ok=✗
  [67/85] L1513 (R03182) ok=✓ legacy [primed] [hint saved]
  [68/85] L1512 (R03181) ok=✗
  [69/85] L1514 (R03183) ok=✗
  [70/85] L1516 (R03185) ok=✓ legacy [primed] [hint saved]
  [71/85] L1515 (R03184) ok=✗
  [72/85] L1518 (R03187) ok=✓ legacy [primed] [hint saved]
  [73/85] L1519 (R03188) ok=✓ legacy [primed] [hint saved]
  [74/85] L1520 (R03189) ok=✗
  [75/85] L1517 (R03186) ok=✗
  [76/85] L1522 (R03191) ok=✗
  [77/85] L1523 (R03192) ok=✗
  [78/85] L1521 (R03190) ok=✗
  [79/85] L1525 (R03194) ok=✗
  [80/85] L1524 (R03193) ok=✗
  [81/85] L1526 (R03195) ok=✗
  [82/85] L1528 (R03197) ok=✗
  [83/85] L1529 (R03198) ok=✗
  [84/85] L1527 (R03196) ok=✓ legacy [primed] [hint saved]
  [85/85] L1530 (R03199) ok=✗
Hints: appended to 28 level(s); 28 hint file(s) changed on disk.
Result: solved=28/85, solvedBeforeFallback=0, fallbackOnly=28, unsolved=57
Wrote logs/solver-corpus2-batches/batch-18.json
Wrote logs/solver-corpus2-batches/batch-18-summary.md
