portfolio-solve-sweep: corpus=data/stress/stress-levels-random.json levels=85 (85 to solve) scheduler-mode=legacy budget=8000ms node-budget=20000000 workers=2 save-hints=true
  [1/85] L681 (R02350) ok=✓ legacy [hint saved]
  [2/85] L683 (R02352) ok=✗
  [3/85] L682 (R02351) ok=✗
  [4/85] L684 (R02353) ok=✗
  [5/85] L685 (R02354) ok=✓ legacy [hint saved]
  [6/85] L686 (R02355) ok=✗
  [7/85] L687 (R02356) ok=✗
  [8/85] L688 (R02357) ok=✓ legacy [hint saved]
  [9/85] L690 (R02359) ok=✗
  [10/85] L689 (R02358) ok=✗
  [11/85] L691 (R02360) ok=✗
  [12/85] L693 (R02362) ok=✗
  [13/85] L692 (R02361) ok=✗
  [14/85] L695 (R02364) ok=✗
  [15/85] L696 (R02365) ok=✗
  [16/85] L694 (R02363) ok=✗
  [17/85] L698 (R02367) ok=✗
  [18/85] L697 (R02366) ok=✗
  [19/85] L699 (R02368) ok=✗
  [20/85] L700 (R02369) ok=✗
  [21/85] L701 (R02370) ok=✗
  [22/85] L703 (R02372) ok=✓ legacy [hint saved]
  [23/85] L702 (R02371) ok=✗
  [24/85] L704 (R02373) ok=✗
  [25/85] L705 (R02374) ok=✗
  [26/85] L706 (R02375) ok=✗
  [27/85] L708 (R02377) ok=✓ legacy [hint saved]
  [28/85] L707 (R02376) ok=✗
  [29/85] L709 (R02378) ok=✗
  [30/85] L711 (R02380) ok=✗
  [31/85] L712 (R02381) ok=✓ legacy [hint saved]
  [32/85] L713 (R02382) ok=✗
  [33/85] L710 (R02379) ok=✗
  [34/85] L714 (R02383) ok=✗
  [35/85] L715 (R02384) ok=✗
  [36/85] L717 (R02386) ok=✓ legacy [hint saved]
  [37/85] L716 (R02385) ok=✗
  [38/85] L718 (R02387) ok=✗
  [39/85] L719 (R02388) ok=✗
  [40/85] L720 (R02389) ok=✗
  [41/85] L721 (R02390) ok=✗
  [42/85] L722 (R02391) ok=✗
  [43/85] L723 (R02392) ok=✗
  [44/85] L725 (R02394) ok=✓ legacy [hint saved]
  [45/85] L726 (R02395) ok=✗
  [46/85] L724 (R02393) ok=✗
  [47/85] L727 (R02396) ok=✓ legacy [hint saved]
  [48/85] L729 (R02398) ok=✗
  [49/85] L728 (R02397) ok=✗
  [50/85] L730 (R02399) ok=✗
  [51/85] L731 (R02400) ok=✓ legacy [hint saved]
  [52/85] L733 (R02402) ok=✓ legacy [hint saved]
  [53/85] L734 (R02403) ok=✗
  [54/85] L735 (R02404) ok=✗
  [55/85] L732 (R02401) ok=✗
  [56/85] L737 (R02406) ok=✗
  [57/85] L738 (R02407) ok=✓ legacy [hint saved]
  [58/85] L736 (R02405) ok=✗
  [59/85] L740 (R02409) ok=✓ legacy [hint saved]
  [60/85] L739 (R02408) ok=✗
  [61/85] L741 (R02410) ok=✗
  [62/85] L743 (R02412) ok=✓ legacy [hint saved]
  [63/85] L742 (R02411) ok=✗
  [64/85] L744 (R02413) ok=✓ legacy [hint saved]
  [65/85] L746 (R02415) ok=✓ legacy [hint saved]
  [66/85] L747 (R02416) ok=✗
  [67/85] L745 (R02414) ok=✗
  [68/85] L748 (R02417) ok=✗
  [69/85] L749 (R02418) ok=✗
  [70/85] L751 (R02420) ok=✗
  [71/85] L750 (R02419) ok=✗
  [72/85] L752 (R02421) ok=✗
  [73/85] L754 (R02423) ok=✗
  [74/85] L753 (R02422) ok=✗
  [75/85] L755 (R02424) ok=✗
  [76/85] L756 (R02425) ok=✗
  [77/85] L758 (R02427) ok=✗
  [78/85] L757 (R02426) ok=✗
  [79/85] L759 (R02428) ok=✗
  [80/85] L761 (R02430) ok=✗
  [81/85] L760 (R02429) ok=✗
  [82/85] L763 (R02432) ok=✗
  [83/85] L762 (R02431) ok=✗
  [84/85] L764 (R02433) ok=✓ legacy [hint saved]
  [85/85] L765 (R02434) ok=✗
Hints: appended to 17 level(s); 17 hint file(s) changed on disk.
Result: solved=17/85, solvedBeforeFallback=0, fallbackOnly=17, unsolved=68
Wrote logs/solver-corpus2-batches/batch-09.json
Wrote logs/solver-corpus2-batches/batch-09-summary.md
portfolio-solve-sweep: corpus=data/stress/stress-levels-random.json levels=85 (85 to solve) scheduler-mode=legacy budget=8000ms node-budget=20000000 workers=2 enable-flags=STRATEGY_REPAIR_TURN_BIAS save-hints=true
  [1/85] L681 (R02350) ok=✗
  [2/85] L682 (R02351) ok=✗
  [3/85] L683 (R02352) ok=✗
  [4/85] L684 (R02353) ok=✗
  [5/85] L686 (R02355) ok=✗
  [6/85] L687 (R02356) ok=✗
  [7/85] L688 (R02357) ok=✓ legacy [hint saved]
  [8/85] L685 (R02354) ok=✓ legacy [hint saved]
  [9/85] L690 (R02359) ok=✗
  [10/85] L689 (R02358) ok=✗
  [11/85] L691 (R02360) ok=✗
  [12/85] L693 (R02362) ok=✗
  [13/85] L692 (R02361) ok=✗
  [14/85] L695 (R02364) ok=✗
  [15/85] L694 (R02363) ok=✗
  [16/85] L696 (R02365) ok=✗
  [17/85] L698 (R02367) ok=✗
  [18/85] L697 (R02366) ok=✗
  [19/85] L699 (R02368) ok=✗
  [20/85] L701 (R02370) ok=✗
  [21/85] L700 (R02369) ok=✗
  [22/85] L703 (R02372) ok=✓ legacy [hint saved]
  [23/85] L702 (R02371) ok=✗
  [24/85] L704 (R02373) ok=✗
  [25/85] L705 (R02374) ok=✗
  [26/85] L706 (R02375) ok=✗
  [27/85] L708 (R02377) ok=✓ legacy [hint saved]
  [28/85] L707 (R02376) ok=✗
  [29/85] L709 (R02378) ok=✗
  [30/85] L711 (R02380) ok=✗
  [31/85] L712 (R02381) ok=✓ legacy [hint saved]
  [32/85] L713 (R02382) ok=✗
  [33/85] L714 (R02383) ok=✗
  [34/85] L710 (R02379) ok=✗
  [35/85] L715 (R02384) ok=✗
  [36/85] L717 (R02386) ok=✓ legacy [hint saved]
  [37/85] L716 (R02385) ok=✗
  [38/85] L718 (R02387) ok=✗
  [39/85] L719 (R02388) ok=✗
  [40/85] L720 (R02389) ok=✗
  [41/85] L721 (R02390) ok=✗
  [42/85] L722 (R02391) ok=✗
  [43/85] L723 (R02392) ok=✗
  [44/85] L725 (R02394) ok=✓ legacy [hint saved]
  [45/85] L724 (R02393) ok=✗
  [46/85] L726 (R02395) ok=✗
  [47/85] L727 (R02396) ok=✓ legacy [hint saved]
  [48/85] L729 (R02398) ok=✗
  [49/85] L730 (R02399) ok=✗
  [50/85] L728 (R02397) ok=✗
  [51/85] L731 (R02400) ok=✓ legacy [hint saved]
  [52/85] L733 (R02402) ok=✓ legacy [hint saved]
  [53/85] L732 (R02401) ok=✗
  [54/85] L734 (R02403) ok=✗
  [55/85] L735 (R02404) ok=✗
  [56/85] L737 (R02406) ok=✗
  [57/85] L738 (R02407) ok=✓ legacy [hint saved]
  [58/85] L736 (R02405) ok=✗
  [59/85] L740 (R02409) ok=✓ legacy [hint saved]
  [60/85] L739 (R02408) ok=✗
  [61/85] L741 (R02410) ok=✗
  [62/85] L742 (R02411) ok=✗
  [63/85] L744 (R02413) ok=✓ legacy [hint saved]
  [64/85] L743 (R02412) ok=✗
  [65/85] L745 (R02414) ok=✗
  [66/85] L746 (R02415) ok=✓ legacy [hint saved]
  [67/85] L747 (R02416) ok=✗
  [68/85] L748 (R02417) ok=✗
  [69/85] L749 (R02418) ok=✗
  [70/85] L751 (R02420) ok=✗
  [71/85] L752 (R02421) ok=✗
  [72/85] L750 (R02419) ok=✗
  [73/85] L754 (R02423) ok=✗
  [74/85] L753 (R02422) ok=✗
  [75/85] L755 (R02424) ok=✗
  [76/85] L756 (R02425) ok=✗
  [77/85] L758 (R02427) ok=✗
  [78/85] L757 (R02426) ok=✗
  [79/85] L759 (R02428) ok=✗
  [80/85] L761 (R02430) ok=✗
  [81/85] L760 (R02429) ok=✗
  [82/85] L763 (R02432) ok=✗
  [83/85] L764 (R02433) ok=✓ legacy [hint saved]
  [84/85] L762 (R02431) ok=✗
  [85/85] L765 (R02434) ok=✗
Hints: appended to 15 level(s); 15 hint file(s) changed on disk.
Result: solved=15/85, solvedBeforeFallback=0, fallbackOnly=15, unsolved=70
Wrote logs/solver-corpus2-batches/batch-09.json
Wrote logs/solver-corpus2-batches/batch-09-summary.md
portfolio-solve-sweep: corpus=data/stress/stress-levels-random.json levels=85 (85 to solve) scheduler-mode=legacy budget=30000ms node-budget=60000000 workers=2 enable-flags=STRATEGY_REPAIR_TURN_BIAS save-hints=true
  [1/85] L681 (R02350) ok=✓ legacy [hint saved]
  [2/85] L683 (R02352) ok=✗
  [3/85] L682 (R02351) ok=✗
  [4/85] L684 (R02353) ok=✗
  [5/85] L686 (R02355) ok=✓ legacy [hint saved]
  [6/85] L685 (R02354) ok=✓ legacy [hint saved]
  [7/85] L688 (R02357) ok=✓ legacy [hint saved]
  [8/85] L687 (R02356) ok=✗
  [9/85] L690 (R02359) ok=✗
  [10/85] L689 (R02358) ok=✗
  [11/85] L691 (R02360) ok=✗
  [12/85] L692 (R02361) ok=✗
  [13/85] L693 (R02362) ok=✗
  [14/85] L695 (R02364) ok=✗
  [15/85] L696 (R02365) ok=✗
  [16/85] L694 (R02363) ok=✗
  [17/85] L698 (R02367) ok=✗
  [18/85] L697 (R02366) ok=✗
  [19/85] L699 (R02368) ok=✗
  [20/85] L700 (R02369) ok=✗
  [21/85] L701 (R02370) ok=✗
  [22/85] L703 (R02372) ok=✓ legacy [hint saved]
  [23/85] L702 (R02371) ok=✗
  [24/85] L704 (R02373) ok=✗
  [25/85] L705 (R02374) ok=✗
  [26/85] L706 (R02375) ok=✗
  [27/85] L708 (R02377) ok=✓ legacy [hint saved]
  [28/85] L709 (R02378) ok=✓ legacy [hint saved]
  [29/85] L710 (R02379) ok=✓ legacy [hint saved]
  [30/85] L711 (R02380) ok=✗
  [31/85] L712 (R02381) ok=✓ legacy [hint saved]
  [32/85] L707 (R02376) ok=✗
  [33/85] L713 (R02382) ok=✗
  [34/85] L714 (R02383) ok=✗
  [35/85] L715 (R02384) ok=✗
  [36/85] L717 (R02386) ok=✓ legacy [hint saved]
  [37/85] L716 (R02385) ok=✗
  [38/85] L718 (R02387) ok=✗
  [39/85] L719 (R02388) ok=✗
  [40/85] L720 (R02389) ok=✗
  [41/85] L721 (R02390) ok=✗
  [42/85] L722 (R02391) ok=✗
  [43/85] L723 (R02392) ok=✗
  [44/85] L725 (R02394) ok=✓ legacy [hint saved]
  [45/85] L726 (R02395) ok=✗
  [46/85] L727 (R02396) ok=✓ legacy [hint saved]
  [47/85] L724 (R02393) ok=✗
  [48/85] L729 (R02398) ok=✗
  [49/85] L730 (R02399) ok=✗
  [50/85] L728 (R02397) ok=✗
  [51/85] L731 (R02400) ok=✓ legacy [hint saved]
  [52/85] L733 (R02402) ok=✓ legacy [hint saved]
  [53/85] L734 (R02403) ok=✗
  [54/85] L732 (R02401) ok=✗
  [55/85] L735 (R02404) ok=✗
  [56/85] L737 (R02406) ok=✗
  [57/85] L738 (R02407) ok=✓ legacy [hint saved]
  [58/85] L739 (R02408) ok=✗
  [59/85] L740 (R02409) ok=✓ legacy [hint saved]
  [60/85] L736 (R02405) ok=✗
  [61/85] L742 (R02411) ok=✓ legacy [hint saved]
  [62/85] L743 (R02412) ok=✓ legacy [hint saved]
  [63/85] L744 (R02413) ok=✓ legacy [hint saved]
  [64/85] L741 (R02410) ok=✗
  [65/85] L746 (R02415) ok=✓ legacy [hint saved]
  [66/85] L745 (R02414) ok=✗
  [67/85] L747 (R02416) ok=✗
  [68/85] L748 (R02417) ok=✗
  [69/85] L749 (R02418) ok=✗
  [70/85] L751 (R02420) ok=✗
  [71/85] L752 (R02421) ok=✗
  [72/85] L750 (R02419) ok=✗
  [73/85] L754 (R02423) ok=✗
  [74/85] L755 (R02424) ok=✓ legacy [hint saved]
  [75/85] L753 (R02422) ok=✗
  [76/85] L756 (R02425) ok=✗
  [77/85] L758 (R02427) ok=✗
  [78/85] L757 (R02426) ok=✓ legacy [hint saved]
  [79/85] L759 (R02428) ok=✗
  [80/85] L761 (R02430) ok=✓ legacy [hint saved]
  [81/85] L760 (R02429) ok=✗
  [82/85] L763 (R02432) ok=✗
  [83/85] L764 (R02433) ok=✓ legacy [hint saved]
  [84/85] L765 (R02434) ok=✗
  [85/85] L762 (R02431) ok=✗
Hints: appended to 24 level(s); 24 hint file(s) changed on disk.
Result: solved=24/85, solvedBeforeFallback=0, fallbackOnly=24, unsolved=61
Wrote logs/solver-corpus2-batches/batch-09.json
Wrote logs/solver-corpus2-batches/batch-09-summary.md
portfolio-solve-sweep: corpus=data/stress/stress-levels-random.json levels=85 (85 to solve) scheduler-mode=legacy budget=60000ms node-budget=120000000 workers=2 enable-flags=STRATEGY_REPAIR_TURN_BIAS save-hints=true
  [1/85] L681 (R02350) ok=✓ legacy [hint saved]
  [2/85] L683 (R02352) ok=✗
  [3/85] L682 (R02351) ok=✗
  [4/85] L685 (R02354) ok=✓ legacy [hint saved]
  [5/85] L686 (R02355) ok=✓ legacy [hint saved]
  [6/85] L684 (R02353) ok=✗
  [7/85] L688 (R02357) ok=✓ legacy [hint saved]
  [8/85] L687 (R02356) ok=✗
  [9/85] L690 (R02359) ok=✗
  [10/85] L689 (R02358) ok=✗
  [11/85] L692 (R02361) ok=✗
  [12/85] L691 (R02360) ok=✗
  [13/85] L693 (R02362) ok=✗
  [14/85] L695 (R02364) ok=✗
  [15/85] L696 (R02365) ok=✗
  [16/85] L694 (R02363) ok=✗
  [17/85] L698 (R02367) ok=✗
  [18/85] L697 (R02366) ok=✗
  [19/85] L700 (R02369) ok=✗
  [20/85] L699 (R02368) ok=✗
  [21/85] L701 (R02370) ok=✗
  [22/85] L703 (R02372) ok=✓ legacy [hint saved]
  [23/85] L702 (R02371) ok=✗
  [24/85] L704 (R02373) ok=✗
  [25/85] L705 (R02374) ok=✗
  [26/85] L706 (R02375) ok=✗
  [27/85] L708 (R02377) ok=✓ legacy [hint saved]
  [28/85] L709 (R02378) ok=✓ legacy [hint saved]
  [29/85] L710 (R02379) ok=✓ legacy [hint saved]
  [30/85] L711 (R02380) ok=✗
  [31/85] L712 (R02381) ok=✓ legacy [hint saved]
  [32/85] L707 (R02376) ok=✗
  [33/85] L713 (R02382) ok=✗
  [34/85] L714 (R02383) ok=✗
  [35/85] L715 (R02384) ok=✗
  [36/85] L717 (R02386) ok=✓ legacy [hint saved]
  [37/85] L716 (R02385) ok=✗
  [38/85] L718 (R02387) ok=✗
  [39/85] L719 (R02388) ok=✗
  [40/85] L720 (R02389) ok=✗
  [41/85] L721 (R02390) ok=✗
  [42/85] L722 (R02391) ok=✗
  [43/85] L723 (R02392) ok=✗
  [44/85] L725 (R02394) ok=✓ legacy [hint saved]
  [45/85] L726 (R02395) ok=✗
  [46/85] L727 (R02396) ok=✓ legacy [hint saved]
  [47/85] L724 (R02393) ok=✗
  [48/85] L729 (R02398) ok=✗
  [49/85] L730 (R02399) ok=✗
  [50/85] L728 (R02397) ok=✗
  [51/85] L731 (R02400) ok=✓ legacy [hint saved]
  [52/85] L733 (R02402) ok=✓ legacy [hint saved]
  [53/85] L734 (R02403) ok=✗
  [54/85] L732 (R02401) ok=✗
  [55/85] L735 (R02404) ok=✗
  [56/85] L737 (R02406) ok=✗
  [57/85] L738 (R02407) ok=✓ legacy [hint saved]
  [58/85] L739 (R02408) ok=✗
  [59/85] L740 (R02409) ok=✓ legacy [hint saved]
  [60/85] L736 (R02405) ok=✗
  [61/85] L742 (R02411) ok=✓ legacy [hint saved]
  [62/85] L743 (R02412) ok=✓ legacy [hint saved]
  [63/85] L744 (R02413) ok=✓ legacy [hint saved]
  [64/85] L741 (R02410) ok=✗
  [65/85] L746 (R02415) ok=✓ legacy [hint saved]
  [66/85] L745 (R02414) ok=✗
  [67/85] L747 (R02416) ok=✗
  [68/85] L748 (R02417) ok=✗
  [69/85] L749 (R02418) ok=✗
  [70/85] L751 (R02420) ok=✗
  [71/85] L752 (R02421) ok=✗
  [72/85] L750 (R02419) ok=✗
  [73/85] L754 (R02423) ok=✓ legacy [hint saved]
  [74/85] L755 (R02424) ok=✓ legacy [hint saved]
  [75/85] L756 (R02425) ok=✗
  [76/85] L753 (R02422) ok=✗
  [77/85] L757 (R02426) ok=✓ legacy [hint saved]
  [78/85] L758 (R02427) ok=✓ legacy [hint saved]
  [79/85] L759 (R02428) ok=✗
  [80/85] L761 (R02430) ok=✓ legacy [hint saved]
  [81/85] L760 (R02429) ok=✗
  [82/85] L763 (R02432) ok=✗
  [83/85] L764 (R02433) ok=✓ legacy [hint saved]
  [84/85] L762 (R02431) ok=✗
  [85/85] L765 (R02434) ok=✗
Hints: appended to 26 level(s); 26 hint file(s) changed on disk.
Result: solved=26/85, solvedBeforeFallback=0, fallbackOnly=26, unsolved=59
Wrote logs/solver-corpus2-batches/batch-09.json
Wrote logs/solver-corpus2-batches/batch-09-summary.md
portfolio-solve-sweep: corpus=data/stress/stress-levels-random.json levels=85 (85 to solve) scheduler-mode=legacy budget=8000ms node-budget=20000000 workers=2 save-hints=true
  adaptive budgets: mult=3x floor=2,000,000 unsolved=20,000,000 | 26 known-solved scaled (min 2,000,000 / med 20,000,000 / max 294,074,829 nodes)
  winner-first: normal + seeded-repair winners (shares solve budget) | 19/85 levels will be primed
  [1/85] L681 (R02350) ok=✓ legacy [primed] [hint saved]
  [2/85] L683 (R02352) ok=✗
  [3/85] L682 (R02351) ok=✗
  [4/85] L685 (R02354) ok=✓ legacy [primed] [hint saved]
  [5/85] L686 (R02355) ok=✓ legacy [primed] [hint saved]
  [6/85] L684 (R02353) ok=✗
  [7/85] L688 (R02357) ok=✓ legacy [primed] [hint saved]
  [8/85] L687 (R02356) ok=✗
  [9/85] L690 (R02359) ok=✗
  [10/85] L689 (R02358) ok=✗
  [11/85] L691 (R02360) ok=✗
  [12/85] L693 (R02362) ok=✗
  [13/85] L692 (R02361) ok=✗
  [14/85] L695 (R02364) ok=✗
  [15/85] L696 (R02365) ok=✗
  [16/85] L694 (R02363) ok=✗
  [17/85] L698 (R02367) ok=✗
  [18/85] L697 (R02366) ok=✗
  [19/85] L700 (R02369) ok=✗
  [20/85] L699 (R02368) ok=✗
  [21/85] L701 (R02370) ok=✗
  [22/85] L703 (R02372) ok=✓ legacy [primed] [hint saved]
  [23/85] L702 (R02371) ok=✗
  [24/85] L704 (R02373) ok=✗
  [25/85] L705 (R02374) ok=✗
  [26/85] L706 (R02375) ok=✗
  [27/85] L708 (R02377) ok=✓ legacy [primed] [hint saved]
  [28/85] L709 (R02378) ok=✓ legacy [primed] [hint saved]
  [29/85] L710 (R02379) ok=✓ legacy [primed] [hint saved]
  [30/85] L711 (R02380) ok=✗
  [31/85] L712 (R02381) ok=✓ legacy [primed] [hint saved]
  [32/85] L713 (R02382) ok=✗
  [33/85] L714 (R02383) ok=✗
  [34/85] L707 (R02376) ok=✗
  [35/85] L715 (R02384) ok=✗
  [36/85] L717 (R02386) ok=✓ legacy [hint saved]
  [37/85] L716 (R02385) ok=✗
  [38/85] L718 (R02387) ok=✗
  [39/85] L719 (R02388) ok=✗
  [40/85] L720 (R02389) ok=✗
  [41/85] L721 (R02390) ok=✗
  [42/85] L722 (R02391) ok=✗
  [43/85] L723 (R02392) ok=✗
  [44/85] L725 (R02394) ok=✓ legacy [primed] [hint saved]
  [45/85] L724 (R02393) ok=✗
  [46/85] L727 (R02396) ok=✓ legacy [primed] [hint saved]
  [47/85] L726 (R02395) ok=✗
  [48/85] L729 (R02398) ok=✗
  [49/85] L730 (R02399) ok=✗
  [50/85] L728 (R02397) ok=✗
  [51/85] L731 (R02400) ok=✓ legacy [hint saved]
  [52/85] L733 (R02402) ok=✓ legacy [hint saved]
  [53/85] L734 (R02403) ok=✗
  [54/85] L732 (R02401) ok=✗
  [55/85] L735 (R02404) ok=✗
  [56/85] L737 (R02406) ok=✗
  [57/85] L738 (R02407) ok=✓ legacy [primed] [hint saved]
  [58/85] L736 (R02405) ok=✗
  [59/85] L740 (R02409) ok=✓ legacy [hint saved]
  [60/85] L739 (R02408) ok=✗
  [61/85] L742 (R02411) ok=✓ legacy [primed] [hint saved]
  [62/85] L743 (R02412) ok=✓ legacy [primed] [hint saved]
  [63/85] L744 (R02413) ok=✓ legacy [primed] [hint saved]
  [64/85] L741 (R02410) ok=✗
  [65/85] L746 (R02415) ok=✓ legacy [hint saved]
  [66/85] L747 (R02416) ok=✗
  [67/85] L745 (R02414) ok=✗
  [68/85] L748 (R02417) ok=✗
  [69/85] L749 (R02418) ok=✗
  [70/85] L751 (R02420) ok=✗
  [71/85] L750 (R02419) ok=✗
  [72/85] L752 (R02421) ok=✗
  [73/85] L754 (R02423) ok=✓ legacy [primed] [hint saved]
  [74/85] L755 (R02424) ok=✓ legacy [primed] [hint saved]
  [75/85] L756 (R02425) ok=✗
  [76/85] L753 (R02422) ok=✗
  [77/85] L758 (R02427) ok=✗
  [78/85] L759 (R02428) ok=✗
  [79/85] L757 (R02426) ok=✗
  [80/85] L761 (R02430) ok=✓ legacy [primed] [hint saved]
  [81/85] L760 (R02429) ok=✗
  [82/85] L762 (R02431) ok=✗
  [83/85] L764 (R02433) ok=✓ legacy [primed] [hint saved]
  [84/85] L765 (R02434) ok=✗
  [85/85] L763 (R02432) ok=✗
Hints: appended to 24 level(s); 24 hint file(s) changed on disk.
Result: solved=24/85, solvedBeforeFallback=0, fallbackOnly=24, unsolved=61
Wrote logs/solver-corpus2-batches/batch-09.json
Wrote logs/solver-corpus2-batches/batch-09-summary.md
portfolio-solve-sweep: corpus=data/stress/stress-levels-random.json levels=85 (85 to solve) scheduler-mode=legacy budget=8000ms node-budget=20000000 workers=2 save-hints=true
  winner-first: normal + seeded-repair winners (shares solve budget) | 23/85 levels will be primed
  [1/85] L681 (R02350) ok=✓ legacy [primed] [hint saved]
  [2/85] L683 (R02352) ok=✗
  [3/85] L682 (R02351) ok=✗
  [4/85] L685 (R02354) ok=✓ legacy [primed] [hint saved]
  [5/85] L686 (R02355) ok=✓ legacy [primed] [hint saved]
  [6/85] L684 (R02353) ok=✗
  [7/85] L688 (R02357) ok=✓ legacy [primed] [hint saved]
  [8/85] L687 (R02356) ok=✗
  [9/85] L690 (R02359) ok=✗
  [10/85] L689 (R02358) ok=✗
  [11/85] L691 (R02360) ok=✗
  [12/85] L693 (R02362) ok=✗
  [13/85] L692 (R02361) ok=✗
  [14/85] L695 (R02364) ok=✗
  [15/85] L696 (R02365) ok=✗
  [16/85] L694 (R02363) ok=✗
  [17/85] L698 (R02367) ok=✗
  [18/85] L697 (R02366) ok=✗
  [19/85] L700 (R02369) ok=✗
  [20/85] L699 (R02368) ok=✗
  [21/85] L701 (R02370) ok=✗
  [22/85] L703 (R02372) ok=✓ legacy [primed] [hint saved]
  [23/85] L702 (R02371) ok=✗
  [24/85] L704 (R02373) ok=✗
  [25/85] L705 (R02374) ok=✗
  [26/85] L706 (R02375) ok=✗
  [27/85] L708 (R02377) ok=✓ legacy [primed] [hint saved]
  [28/85] L709 (R02378) ok=✓ legacy [primed] [hint saved]
  [29/85] L710 (R02379) ok=✓ legacy [primed] [hint saved]
  [30/85] L711 (R02380) ok=✗
  [31/85] L712 (R02381) ok=✓ legacy [primed] [hint saved]
  [32/85] L713 (R02382) ok=✗
  [33/85] L707 (R02376) ok=✗
  [34/85] L714 (R02383) ok=✗
  [35/85] L715 (R02384) ok=✗
  [36/85] L717 (R02386) ok=✓ legacy [primed] [hint saved]
  [37/85] L718 (R02387) ok=✗
  [38/85] L716 (R02385) ok=✗
  [39/85] L719 (R02388) ok=✗
  [40/85] L720 (R02389) ok=✗
  [41/85] L721 (R02390) ok=✗
  [42/85] L722 (R02391) ok=✗
  [43/85] L723 (R02392) ok=✗
  [44/85] L724 (R02393) ok=✗
  [45/85] L725 (R02394) ok=✓ legacy [primed] [hint saved]
  [46/85] L727 (R02396) ok=✓ legacy [primed] [hint saved]
  [47/85] L726 (R02395) ok=✗
  [48/85] L729 (R02398) ok=✗
  [49/85] L730 (R02399) ok=✗
  [50/85] L728 (R02397) ok=✗
  [51/85] L731 (R02400) ok=✓ legacy [hint saved]
  [52/85] L733 (R02402) ok=✓ legacy [primed] [hint saved]
  [53/85] L734 (R02403) ok=✗
  [54/85] L735 (R02404) ok=✗
  [55/85] L732 (R02401) ok=✗
  [56/85] L737 (R02406) ok=✗
  [57/85] L738 (R02407) ok=✓ legacy [primed] [hint saved]
  [58/85] L736 (R02405) ok=✗
  [59/85] L740 (R02409) ok=✓ legacy [primed] [hint saved]
  [60/85] L739 (R02408) ok=✗
  [61/85] L742 (R02411) ok=✓ legacy [primed] [hint saved]
  [62/85] L743 (R02412) ok=✓ legacy [primed] [hint saved]
  [63/85] L744 (R02413) ok=✓ legacy [primed] [hint saved]
  [64/85] L741 (R02410) ok=✗
  [65/85] L746 (R02415) ok=✓ legacy [primed] [hint saved]
  [66/85] L745 (R02414) ok=✗
  [67/85] L747 (R02416) ok=✗
  [68/85] L748 (R02417) ok=✗
  [69/85] L749 (R02418) ok=✗
  [70/85] L751 (R02420) ok=✗
  [71/85] L752 (R02421) ok=✗
  [72/85] L750 (R02419) ok=✗
  [73/85] L754 (R02423) ok=✓ legacy [primed] [hint saved]
  [74/85] L755 (R02424) ok=✓ legacy [primed] [hint saved]
  [75/85] L756 (R02425) ok=✗
  [76/85] L753 (R02422) ok=✗
  [77/85] L758 (R02427) ok=✗
  [78/85] L757 (R02426) ok=✗
  [79/85] L759 (R02428) ok=✗
  [80/85] L760 (R02429) ok=✗
  [81/85] L761 (R02430) ok=✓ legacy [primed] [hint saved]
  [82/85] L763 (R02432) ok=✗
  [83/85] L764 (R02433) ok=✓ legacy [primed] [hint saved]
  [84/85] L762 (R02431) ok=✗
  [85/85] L765 (R02434) ok=✗
Hints: appended to 24 level(s); 24 hint file(s) changed on disk.
Result: solved=24/85, solvedBeforeFallback=0, fallbackOnly=24, unsolved=61
Wrote logs/solver-corpus2-batches/batch-09.json
Wrote logs/solver-corpus2-batches/batch-09-summary.md
portfolio-solve-sweep: corpus=data/stress/stress-levels-random.json levels=85 (85 to solve) scheduler-mode=legacy budget=8000ms node-budget=20000000 workers=2 enable-flags=STRATEGY_REPAIR_TURN_BIAS save-hints=true
  winner-first: normal + seeded-repair winners (shares solve budget) | 23/85 levels will be primed
  [1/85] L681 (R02350) ok=✓ legacy [primed] [hint saved]
  [2/85] L683 (R02352) ok=✗
  [3/85] L682 (R02351) ok=✗
  [4/85] L685 (R02354) ok=✓ legacy [primed] [hint saved]
  [5/85] L686 (R02355) ok=✓ legacy [primed] [hint saved]
  [6/85] L687 (R02356) ok=✗
  [7/85] L688 (R02357) ok=✓ legacy [primed] [hint saved]
  [8/85] L684 (R02353) ok=✗
  [9/85] L690 (R02359) ok=✗
  [10/85] L689 (R02358) ok=✗
  [11/85] L691 (R02360) ok=✗
  [12/85] L693 (R02362) ok=✗
  [13/85] L692 (R02361) ok=✗
  [14/85] L695 (R02364) ok=✗
  [15/85] L694 (R02363) ok=✗
  [16/85] L696 (R02365) ok=✗
  [17/85] L698 (R02367) ok=✗
  [18/85] L697 (R02366) ok=✗
  [19/85] L699 (R02368) ok=✗
  [20/85] L701 (R02370) ok=✗
  [21/85] L700 (R02369) ok=✗
  [22/85] L703 (R02372) ok=✓ legacy [primed] [hint saved]
  [23/85] L702 (R02371) ok=✗
  [24/85] L704 (R02373) ok=✗
  [25/85] L705 (R02374) ok=✗
  [26/85] L706 (R02375) ok=✗
  [27/85] L708 (R02377) ok=✓ legacy [primed] [hint saved]
  [28/85] L709 (R02378) ok=✓ legacy [primed] [hint saved]
  [29/85] L710 (R02379) ok=✓ legacy [primed] [hint saved]
  [30/85] L711 (R02380) ok=✗
  [31/85] L712 (R02381) ok=✓ legacy [primed] [hint saved]
  [32/85] L713 (R02382) ok=✗
  [33/85] L714 (R02383) ok=✗
  [34/85] L715 (R02384) ok=✗
  [35/85] L707 (R02376) ok=✗
  [36/85] L717 (R02386) ok=✓ legacy [primed] [hint saved]
  [37/85] L716 (R02385) ok=✗
  [38/85] L718 (R02387) ok=✗
  [39/85] L719 (R02388) ok=✗
  [40/85] L720 (R02389) ok=✗
  [41/85] L721 (R02390) ok=✗
  [42/85] L722 (R02391) ok=✗
  [43/85] L723 (R02392) ok=✗
  [44/85] L725 (R02394) ok=✓ legacy [primed] [hint saved]
  [45/85] L726 (R02395) ok=✗
  [46/85] L724 (R02393) ok=✗
  [47/85] L727 (R02396) ok=✓ legacy [primed] [hint saved]
  [48/85] L729 (R02398) ok=✗
  [49/85] L730 (R02399) ok=✗
  [50/85] L728 (R02397) ok=✗
  [51/85] L731 (R02400) ok=✓ legacy [hint saved]
  [52/85] L733 (R02402) ok=✓ legacy [primed] [hint saved]
  [53/85] L734 (R02403) ok=✗
  [54/85] L732 (R02401) ok=✗
  [55/85] L735 (R02404) ok=✗
  [56/85] L736 (R02405) ok=✗
  [57/85] L737 (R02406) ok=✗
  [58/85] L738 (R02407) ok=✓ legacy [primed] [hint saved]
  [59/85] L740 (R02409) ok=✓ legacy [primed] [hint saved]
  [60/85] L739 (R02408) ok=✗
  [61/85] L742 (R02411) ok=✓ legacy [primed] [hint saved]
  [62/85] L741 (R02410) ok=✗
  [63/85] L744 (R02413) ok=✓ legacy [primed] [hint saved]
  [64/85] L743 (R02412) ok=✓ legacy [primed] [hint saved]
  [65/85] L746 (R02415) ok=✓ legacy [primed] [hint saved]
  [66/85] L745 (R02414) ok=✗
  [67/85] L747 (R02416) ok=✗
  [68/85] L748 (R02417) ok=✗
  [69/85] L749 (R02418) ok=✗
  [70/85] L751 (R02420) ok=✗
  [71/85] L752 (R02421) ok=✗
  [72/85] L750 (R02419) ok=✗
  [73/85] L754 (R02423) ok=✗
  [74/85] L755 (R02424) ok=✓ legacy [primed] [hint saved]
  [75/85] L753 (R02422) ok=✗
  [76/85] L756 (R02425) ok=✗
  [77/85] L758 (R02427) ok=✗
  [78/85] L757 (R02426) ok=✗
  [79/85] L759 (R02428) ok=✗
  [80/85] L761 (R02430) ok=✓ legacy [primed] [hint saved]
  [81/85] L760 (R02429) ok=✗
  [82/85] L763 (R02432) ok=✗
  [83/85] L764 (R02433) ok=✓ legacy [primed] [hint saved]
  [84/85] L762 (R02431) ok=✗
  [85/85] L765 (R02434) ok=✗
Hints: appended to 23 level(s); 23 hint file(s) changed on disk.
Result: solved=23/85, solvedBeforeFallback=0, fallbackOnly=23, unsolved=62
Wrote logs/solver-corpus2-batches/batch-09.json
Wrote logs/solver-corpus2-batches/batch-09-summary.md
portfolio-solve-sweep: corpus=data/stress/stress-levels-random.json levels=85 (85 to solve) scheduler-mode=legacy budget=8000ms node-budget=20000000 workers=2 enable-flags=STRATEGY_REPAIR_TURN_BIAS save-hints=true
  winner-first: normal + seeded-repair winners (shares solve budget) | 22/85 levels will be primed
  [1/85] L681 (R02350) ok=✓ legacy [primed] [hint saved]
  [2/85] L683 (R02352) ok=✗
  [3/85] L682 (R02351) ok=✗
  [4/85] L685 (R02354) ok=✓ legacy [primed] [hint saved]
  [5/85] L686 (R02355) ok=✓ legacy [primed] [hint saved]
  [6/85] L687 (R02356) ok=✗
  [7/85] L688 (R02357) ok=✓ legacy [primed] [hint saved]
  [8/85] L684 (R02353) ok=✗
  [9/85] L690 (R02359) ok=✗
  [10/85] L689 (R02358) ok=✗
  [11/85] L691 (R02360) ok=✗
  [12/85] L693 (R02362) ok=✗
  [13/85] L692 (R02361) ok=✗
  [14/85] L695 (R02364) ok=✗
  [15/85] L694 (R02363) ok=✗
  [16/85] L696 (R02365) ok=✗
  [17/85] L698 (R02367) ok=✗
  [18/85] L697 (R02366) ok=✗
  [19/85] L699 (R02368) ok=✗
  [20/85] L701 (R02370) ok=✗
  [21/85] L700 (R02369) ok=✗
  [22/85] L703 (R02372) ok=✓ legacy [primed] [hint saved]
  [23/85] L702 (R02371) ok=✗
  [24/85] L704 (R02373) ok=✗
  [25/85] L705 (R02374) ok=✗
  [26/85] L706 (R02375) ok=✗
  [27/85] L708 (R02377) ok=✓ legacy [primed] [hint saved]
  [28/85] L709 (R02378) ok=✓ legacy [primed] [hint saved]
  [29/85] L710 (R02379) ok=✓ legacy [primed] [hint saved]
  [30/85] L711 (R02380) ok=✗
  [31/85] L712 (R02381) ok=✓ legacy [primed] [hint saved]
  [32/85] L713 (R02382) ok=✗
  [33/85] L714 (R02383) ok=✗
  [34/85] L715 (R02384) ok=✗
  [35/85] L716 (R02385) ok=✗
  [36/85] L717 (R02386) ok=✓ legacy [primed] [hint saved]
  [37/85] L707 (R02376) ok=✗
  [38/85] L718 (R02387) ok=✗
  [39/85] L719 (R02388) ok=✗
  [40/85] L720 (R02389) ok=✗
  [41/85] L721 (R02390) ok=✗
  [42/85] L722 (R02391) ok=✗
  [43/85] L723 (R02392) ok=✗
  [44/85] L725 (R02394) ok=✓ legacy [primed] [hint saved]
  [45/85] L726 (R02395) ok=✗
  [46/85] L727 (R02396) ok=✓ legacy [primed] [hint saved]
  [47/85] L724 (R02393) ok=✗
  [48/85] L729 (R02398) ok=✗
  [49/85] L730 (R02399) ok=✗
  [50/85] L728 (R02397) ok=✗
  [51/85] L731 (R02400) ok=✓ legacy [hint saved]
  [52/85] L733 (R02402) ok=✓ legacy [primed] [hint saved]
  [53/85] L734 (R02403) ok=✗
  [54/85] L732 (R02401) ok=✗
  [55/85] L735 (R02404) ok=✗
  [56/85] L737 (R02406) ok=✗
  [57/85] L738 (R02407) ok=✓ legacy [primed] [hint saved]
  [58/85] L736 (R02405) ok=✗
  [59/85] L740 (R02409) ok=✓ legacy [primed] [hint saved]
  [60/85] L739 (R02408) ok=✗
  [61/85] L742 (R02411) ok=✓ legacy [primed] [hint saved]
  [62/85] L743 (R02412) ok=✓ legacy [primed] [hint saved]
  [63/85] L744 (R02413) ok=✓ legacy [primed] [hint saved]
  [64/85] L741 (R02410) ok=✗
  [65/85] L746 (R02415) ok=✓ legacy [primed] [hint saved]
  [66/85] L745 (R02414) ok=✗
  [67/85] L747 (R02416) ok=✗
  [68/85] L748 (R02417) ok=✗
  [69/85] L749 (R02418) ok=✗
  [70/85] L751 (R02420) ok=✗
  [71/85] L752 (R02421) ok=✗
  [72/85] L750 (R02419) ok=✗
  [73/85] L754 (R02423) ok=✗
  [74/85] L755 (R02424) ok=✓ legacy [primed] [hint saved]
  [75/85] L753 (R02422) ok=✗
  [76/85] L756 (R02425) ok=✗
  [77/85] L758 (R02427) ok=✗
  [78/85] L757 (R02426) ok=✗
  [79/85] L759 (R02428) ok=✗
  [80/85] L761 (R02430) ok=✓ legacy [primed] [hint saved]
  [81/85] L760 (R02429) ok=✗
  [82/85] L762 (R02431) ok=✗
  [83/85] L764 (R02433) ok=✓ legacy [primed] [hint saved]
  [84/85] L763 (R02432) ok=✗
  [85/85] L765 (R02434) ok=✗
Hints: appended to 23 level(s); 23 hint file(s) changed on disk.
Result: solved=23/85, solvedBeforeFallback=0, fallbackOnly=23, unsolved=62
Wrote logs/solver-corpus2-batches/batch-09.json
Wrote logs/solver-corpus2-batches/batch-09-summary.md
portfolio-solve-sweep: corpus=data/stress/stress-levels-random.json levels=85 (85 to solve) scheduler-mode=legacy budget=8000ms node-budget=20000000 workers=2 enable-flags=STRATEGY_REPAIR_TURN_BIAS save-hints=true
  winner-first: normal + seeded-repair winners (shares solve budget) | 22/85 levels will be primed
  [1/85] L681 (R02350) ok=✓ legacy [primed] [hint saved]
  [2/85] L683 (R02352) ok=✗
  [3/85] L682 (R02351) ok=✗
  [4/85] L685 (R02354) ok=✓ legacy [primed] [hint saved]
  [5/85] L686 (R02355) ok=✓ legacy [primed] [hint saved]
  [6/85] L687 (R02356) ok=✗
  [7/85] L688 (R02357) ok=✓ legacy [primed] [hint saved]
  [8/85] L684 (R02353) ok=✗
  [9/85] L690 (R02359) ok=✗
  [10/85] L689 (R02358) ok=✗
  [11/85] L691 (R02360) ok=✗
  [12/85] L693 (R02362) ok=✗
  [13/85] L692 (R02361) ok=✗
  [14/85] L695 (R02364) ok=✗
  [15/85] L694 (R02363) ok=✗
  [16/85] L696 (R02365) ok=✗
  [17/85] L698 (R02367) ok=✗
  [18/85] L697 (R02366) ok=✗
  [19/85] L699 (R02368) ok=✗
  [20/85] L701 (R02370) ok=✗
  [21/85] L700 (R02369) ok=✗
  [22/85] L703 (R02372) ok=✓ legacy [primed] [hint saved]
  [23/85] L702 (R02371) ok=✗
  [24/85] L704 (R02373) ok=✗
  [25/85] L705 (R02374) ok=✗
  [26/85] L706 (R02375) ok=✗
  [27/85] L708 (R02377) ok=✓ legacy [primed] [hint saved]
  [28/85] L709 (R02378) ok=✓ legacy [primed] [hint saved]
  [29/85] L710 (R02379) ok=✓ legacy [primed] [hint saved]
  [30/85] L711 (R02380) ok=✗
  [31/85] L712 (R02381) ok=✓ legacy [primed] [hint saved]
  [32/85] L713 (R02382) ok=✗
  [33/85] L714 (R02383) ok=✗
  [34/85] L715 (R02384) ok=✗
  [35/85] L716 (R02385) ok=✗
  [36/85] L717 (R02386) ok=✓ legacy [primed] [hint saved]
  [37/85] L707 (R02376) ok=✗
  [38/85] L718 (R02387) ok=✗
  [39/85] L719 (R02388) ok=✗
  [40/85] L720 (R02389) ok=✗
  [41/85] L721 (R02390) ok=✗
  [42/85] L722 (R02391) ok=✗
  [43/85] L723 (R02392) ok=✗
  [44/85] L725 (R02394) ok=✓ legacy [primed] [hint saved]
  [45/85] L726 (R02395) ok=✗
  [46/85] L727 (R02396) ok=✓ legacy [primed] [hint saved]
  [47/85] L724 (R02393) ok=✗
  [48/85] L729 (R02398) ok=✗
  [49/85] L730 (R02399) ok=✗
  [50/85] L728 (R02397) ok=✗
  [51/85] L731 (R02400) ok=✓ legacy [hint saved]
  [52/85] L733 (R02402) ok=✓ legacy [primed] [hint saved]
  [53/85] L734 (R02403) ok=✗
  [54/85] L732 (R02401) ok=✗
  [55/85] L735 (R02404) ok=✗
  [56/85] L737 (R02406) ok=✗
  [57/85] L738 (R02407) ok=✓ legacy [primed] [hint saved]
  [58/85] L736 (R02405) ok=✗
  [59/85] L740 (R02409) ok=✓ legacy [primed] [hint saved]
  [60/85] L739 (R02408) ok=✗
  [61/85] L742 (R02411) ok=✓ legacy [primed] [hint saved]
  [62/85] L743 (R02412) ok=✓ legacy [primed] [hint saved]
  [63/85] L744 (R02413) ok=✓ legacy [primed] [hint saved]
  [64/85] L741 (R02410) ok=✗
  [65/85] L746 (R02415) ok=✓ legacy [primed] [hint saved]
  [66/85] L745 (R02414) ok=✗
  [67/85] L747 (R02416) ok=✗
  [68/85] L748 (R02417) ok=✗
  [69/85] L749 (R02418) ok=✗
  [70/85] L751 (R02420) ok=✗
  [71/85] L752 (R02421) ok=✗
  [72/85] L750 (R02419) ok=✗
  [73/85] L754 (R02423) ok=✗
  [74/85] L755 (R02424) ok=✓ legacy [primed] [hint saved]
  [75/85] L753 (R02422) ok=✗
  [76/85] L756 (R02425) ok=✗
  [77/85] L758 (R02427) ok=✗
  [78/85] L757 (R02426) ok=✗
  [79/85] L759 (R02428) ok=✗
  [80/85] L761 (R02430) ok=✓ legacy [primed] [hint saved]
  [81/85] L760 (R02429) ok=✗
  [82/85] L762 (R02431) ok=✗
  [83/85] L763 (R02432) ok=✗
  [84/85] L764 (R02433) ok=✓ legacy [primed] [hint saved]
  [85/85] L765 (R02434) ok=✗
Hints: appended to 23 level(s); 23 hint file(s) changed on disk.
Result: solved=23/85, solvedBeforeFallback=0, fallbackOnly=23, unsolved=62
Wrote logs/solver-corpus2-batches/batch-09.json
Wrote logs/solver-corpus2-batches/batch-09-summary.md
portfolio-solve-sweep: corpus=data/stress/stress-levels-random.json levels=85 (85 to solve) scheduler-mode=legacy budget=8000ms node-budget=20000000 workers=2 enable-flags=STRATEGY_REPAIR_TURN_BIAS save-hints=true
  winner-first: normal + seeded-repair winners (shares solve budget) | 22/85 levels will be primed
  [1/85] L681 (R02350) ok=✓ legacy [primed] [hint saved]
  [2/85] L683 (R02352) ok=✗
  [3/85] L682 (R02351) ok=✗
  [4/85] L685 (R02354) ok=✓ legacy [primed] [hint saved]
  [5/85] L686 (R02355) ok=✓ legacy [primed] [hint saved]
  [6/85] L687 (R02356) ok=✗
  [7/85] L688 (R02357) ok=✓ legacy [primed] [hint saved]
  [8/85] L684 (R02353) ok=✗
  [9/85] L690 (R02359) ok=✗
  [10/85] L689 (R02358) ok=✗
  [11/85] L691 (R02360) ok=✗
  [12/85] L693 (R02362) ok=✗
  [13/85] L692 (R02361) ok=✗
  [14/85] L695 (R02364) ok=✗
  [15/85] L694 (R02363) ok=✗
  [16/85] L696 (R02365) ok=✗
  [17/85] L698 (R02367) ok=✗
  [18/85] L697 (R02366) ok=✗
  [19/85] L699 (R02368) ok=✗
  [20/85] L701 (R02370) ok=✗
  [21/85] L700 (R02369) ok=✗
  [22/85] L703 (R02372) ok=✓ legacy [primed] [hint saved]
  [23/85] L702 (R02371) ok=✗
  [24/85] L704 (R02373) ok=✗
  [25/85] L705 (R02374) ok=✗
  [26/85] L706 (R02375) ok=✗
  [27/85] L708 (R02377) ok=✓ legacy [primed] [hint saved]
  [28/85] L709 (R02378) ok=✓ legacy [primed] [hint saved]
  [29/85] L710 (R02379) ok=✓ legacy [primed] [hint saved]
  [30/85] L711 (R02380) ok=✗
  [31/85] L712 (R02381) ok=✓ legacy [primed] [hint saved]
  [32/85] L713 (R02382) ok=✗
  [33/85] L714 (R02383) ok=✗
  [34/85] L715 (R02384) ok=✗
  [35/85] L707 (R02376) ok=✗
  [36/85] L717 (R02386) ok=✓ legacy [primed] [hint saved]
  [37/85] L716 (R02385) ok=✗
  [38/85] L718 (R02387) ok=✗
  [39/85] L719 (R02388) ok=✗
  [40/85] L720 (R02389) ok=✗
  [41/85] L721 (R02390) ok=✗
  [42/85] L722 (R02391) ok=✗
  [43/85] L723 (R02392) ok=✗
  [44/85] L725 (R02394) ok=✓ legacy [primed] [hint saved]
  [45/85] L726 (R02395) ok=✗
  [46/85] L724 (R02393) ok=✗
  [47/85] L727 (R02396) ok=✓ legacy [primed] [hint saved]
  [48/85] L729 (R02398) ok=✗
  [49/85] L730 (R02399) ok=✗
  [50/85] L728 (R02397) ok=✗
  [51/85] L731 (R02400) ok=✓ legacy [hint saved]
  [52/85] L733 (R02402) ok=✓ legacy [primed] [hint saved]
  [53/85] L734 (R02403) ok=✗
  [54/85] L732 (R02401) ok=✗
  [55/85] L735 (R02404) ok=✗
  [56/85] L737 (R02406) ok=✗
  [57/85] L738 (R02407) ok=✓ legacy [primed] [hint saved]
  [58/85] L736 (R02405) ok=✗
  [59/85] L740 (R02409) ok=✓ legacy [primed] [hint saved]
  [60/85] L739 (R02408) ok=✗
  [61/85] L742 (R02411) ok=✓ legacy [primed] [hint saved]
  [62/85] L741 (R02410) ok=✗
  [63/85] L744 (R02413) ok=✓ legacy [primed] [hint saved]
  [64/85] L743 (R02412) ok=✓ legacy [primed] [hint saved]
  [65/85] L746 (R02415) ok=✓ legacy [primed] [hint saved]
  [66/85] L745 (R02414) ok=✗
  [67/85] L747 (R02416) ok=✗
  [68/85] L748 (R02417) ok=✗
  [69/85] L749 (R02418) ok=✗
  [70/85] L751 (R02420) ok=✗
  [71/85] L752 (R02421) ok=✗
  [72/85] L750 (R02419) ok=✗
  [73/85] L754 (R02423) ok=✗
  [74/85] L755 (R02424) ok=✓ legacy [primed] [hint saved]
  [75/85] L753 (R02422) ok=✗
  [76/85] L756 (R02425) ok=✗
  [77/85] L758 (R02427) ok=✗
  [78/85] L757 (R02426) ok=✗
  [79/85] L759 (R02428) ok=✗
  [80/85] L761 (R02430) ok=✓ legacy [primed] [hint saved]
  [81/85] L760 (R02429) ok=✗
  [82/85] L763 (R02432) ok=✗
  [83/85] L762 (R02431) ok=✗
  [84/85] L764 (R02433) ok=✓ legacy [primed] [hint saved]
  [85/85] L765 (R02434) ok=✗
Hints: appended to 23 level(s); 23 hint file(s) changed on disk.
Result: solved=23/85, solvedBeforeFallback=0, fallbackOnly=23, unsolved=62
Wrote logs/solver-corpus2-batches/batch-09.json
Wrote logs/solver-corpus2-batches/batch-09-summary.md
portfolio-solve-sweep: corpus=data/stress/stress-levels-random.json levels=85 (85 to solve) scheduler-mode=legacy budget=86400000ms node-budget=36000000 workers=2 save-hints=true
  winner-first: normal + seeded-repair winners (shares solve budget) | 27/85 levels will be primed
  [1/85] L681 (R02350) ok=✓ legacy [primed] [hint saved]
  [2/85] L683 (R02352) ok=✓ legacy [hint saved]
  [3/85] L684 (R02353) ok=✗
  [4/85] L685 (R02354) ok=✓ legacy [primed] [hint saved]
  [5/85] L686 (R02355) ok=✓ legacy [primed] [hint saved]
  [6/85] L682 (R02351) ok=✗
  [7/85] L688 (R02357) ok=✓ legacy [primed] [hint saved]
  [8/85] L687 (R02356) ok=✗
  [9/85] L689 (R02358) ok=✓ legacy [hint saved]
  [10/85] L691 (R02360) ok=✓ legacy [hint saved]
  [11/85] L692 (R02361) ok=✓ legacy [primed] [hint saved]
  [12/85] L690 (R02359) ok=✗
  [13/85] L693 (R02362) ok=✗
  [14/85] L695 (R02364) ok=✓ legacy [hint saved]
  [15/85] L696 (R02365) ok=✗
  [16/85] L694 (R02363) ok=✗
  [17/85] L698 (R02367) ok=✗
  [18/85] L697 (R02366) ok=✗
  [19/85] L699 (R02368) ok=✗
  [20/85] L700 (R02369) ok=✗
  [21/85] L701 (R02370) ok=✓ legacy [hint saved]
  [22/85] L703 (R02372) ok=✓ legacy [primed] [hint saved]
  [23/85] L702 (R02371) ok=✗
  [24/85] L704 (R02373) ok=✗
  [25/85] L705 (R02374) ok=✓ legacy [hint saved]
  [26/85] L707 (R02376) ok=✓ legacy [hint saved]
  [27/85] L706 (R02375) ok=✗
  [28/85] L708 (R02377) ok=✓ legacy [primed] [hint saved]
  [29/85] L709 (R02378) ok=✓ legacy [primed] [hint saved]
  [30/85] L710 (R02379) ok=✓ legacy [primed] [hint saved]
  [31/85] L712 (R02381) ok=✓ legacy [primed] [hint saved]
  [32/85] L711 (R02380) ok=✗
  [33/85] L713 (R02382) ok=✗
  [34/85] L714 (R02383) ok=✗
  [35/85] L715 (R02384) ok=✓ legacy [hint saved]
  [36/85] L717 (R02386) ok=✓ legacy [primed] [hint saved]
  [37/85] L716 (R02385) ok=✗
  [38/85] L718 (R02387) ok=✗
  [39/85] L719 (R02388) ok=✗
  [40/85] L721 (R02390) ok=✓ legacy [hint saved]
  [41/85] L720 (R02389) ok=✗
  [42/85] L722 (R02391) ok=✗
  [43/85] L724 (R02393) ok=✓ legacy [hint saved]
  [44/85] L725 (R02394) ok=✓ legacy [primed] [hint saved]
  [45/85] L726 (R02395) ok=✗
  [46/85] L727 (R02396) ok=✓ legacy [primed] [hint saved]
  [47/85] L723 (R02392) ok=✗
  [48/85] L729 (R02398) ok=✗
  [49/85] L728 (R02397) ok=✗
  [50/85] L731 (R02400) ok=✓ legacy [hint saved]
  [51/85] L730 (R02399) ok=✗
  [52/85] L733 (R02402) ok=✓ legacy [primed] [hint saved]
  [53/85] L734 (R02403) ok=✗
  [54/85] L732 (R02401) ok=✗
  [55/85] L735 (R02404) ok=✗
  [56/85] L736 (R02405) ok=✗
  [57/85] L738 (R02407) ok=✓ legacy [primed] [hint saved]
  [58/85] L737 (R02406) ok=✗
  [59/85] L740 (R02409) ok=✓ legacy [primed] [hint saved]
  [60/85] L739 (R02408) ok=✗
  [61/85] L742 (R02411) ok=✓ legacy [primed] [hint saved]
  [62/85] L743 (R02412) ok=✓ legacy [primed] [hint saved]
  [63/85] L744 (R02413) ok=✓ legacy [primed] [hint saved]
  [64/85] L745 (R02414) ok=✓ legacy [hint saved]
  [65/85] L746 (R02415) ok=✓ legacy [primed] [hint saved]
  [66/85] L747 (R02416) ok=✗
  [67/85] L741 (R02410) ok=✗
  [68/85] L748 (R02417) ok=✓ legacy [hint saved]
  [69/85] L749 (R02418) ok=✓ legacy [hint saved]
  [70/85] L751 (R02420) ok=✓ legacy [hint saved]
  [71/85] L752 (R02421) ok=✓ legacy [hint saved]
  [72/85] L750 (R02419) ok=✗
  [73/85] L753 (R02422) ok=✓ legacy [hint saved]
  [74/85] L754 (R02423) ok=✓ legacy [primed] [hint saved]
  [75/85] L756 (R02425) ok=✗
  [76/85] L757 (R02426) ok=✓ legacy [hint saved]
  [77/85] L755 (R02424) ok=✗
  [78/85] L758 (R02427) ok=✓ legacy [primed] [hint saved]
  [79/85] L760 (R02429) ok=✗
  [80/85] L761 (R02430) ok=✓ legacy [primed] [hint saved]
  [81/85] L759 (R02428) ok=✗
  [82/85] L763 (R02432) ok=✗
  [83/85] L764 (R02433) ok=✓ legacy [primed] [hint saved]
  [84/85] L765 (R02434) ok=✗
  [85/85] L762 (R02431) ok=✗
Hints: appended to 42 level(s); 42 hint file(s) changed on disk.
Result: solved=42/85, solvedBeforeFallback=0, fallbackOnly=42, unsolved=43
Wrote logs/solver-corpus2-batches/batch-09.json
Wrote logs/solver-corpus2-batches/batch-09-summary.md
portfolio-solve-sweep: corpus=data/stress/stress-levels-random.json levels=85 (85 to solve) scheduler-mode=legacy budget=86400000ms node-budget=36000000 workers=2 save-hints=true
  winner-first: normal + seeded-repair winners (shares solve budget) | 42/85 levels will be primed
  [1/85] L681 (R02350) ok=✓ legacy [primed] [hint saved]
  [2/85] L683 (R02352) ok=✓ legacy [primed] [hint saved]
  [3/85] L684 (R02353) ok=✗
  [4/85] L685 (R02354) ok=✓ legacy [primed] [hint saved]
  [5/85] L686 (R02355) ok=✓ legacy [primed] [hint saved]
  [6/85] L682 (R02351) ok=✗
  [7/85] L688 (R02357) ok=✓ legacy [primed] [hint saved]
  [8/85] L689 (R02358) ok=✓ legacy [primed] [hint saved]
  [9/85] L687 (R02356) ok=✗
  [10/85] L691 (R02360) ok=✓ legacy [primed] [hint saved]
  [11/85] L692 (R02361) ok=✓ legacy [primed] [hint saved]
  [12/85] L693 (R02362) ok=✗
  [13/85] L690 (R02359) ok=✗
  [14/85] L695 (R02364) ok=✓ legacy [primed] [hint saved]
  [15/85] L696 (R02365) ok=✗
  [16/85] L694 (R02363) ok=✗
  [17/85] L698 (R02367) ok=✗
  [18/85] L697 (R02366) ok=✗
  [19/85] L699 (R02368) ok=✗
  [20/85] L701 (R02370) ok=✓ legacy [primed] [hint saved]
  [21/85] L700 (R02369) ok=✗
  [22/85] L703 (R02372) ok=✓ legacy [primed] [hint saved]
  [23/85] L702 (R02371) ok=✗
  [24/85] L704 (R02373) ok=✗
  [25/85] L705 (R02374) ok=✓ legacy [primed] [hint saved]
  [26/85] L707 (R02376) ok=✓ legacy [primed] [hint saved]
  [27/85] L708 (R02377) ok=✓ legacy [primed] [hint saved]
  [28/85] L709 (R02378) ok=✓ legacy [primed] [hint saved]
  [29/85] L710 (R02379) ok=✓ legacy [primed] [hint saved]
  [30/85] L711 (R02380) ok=✗
  [31/85] L712 (R02381) ok=✓ legacy [primed] [hint saved]
  [32/85] L706 (R02375) ok=✗
  [33/85] L713 (R02382) ok=✗
  [34/85] L715 (R02384) ok=✓ legacy [primed] [hint saved]
  [35/85] L714 (R02383) ok=✗
  [36/85] L717 (R02386) ok=✓ legacy [primed] [hint saved]
  [37/85] L716 (R02385) ok=✗
  [38/85] L718 (R02387) ok=✗
  [39/85] L719 (R02388) ok=✗
  [40/85] L721 (R02390) ok=✓ legacy [primed] [hint saved]
  [41/85] L722 (R02391) ok=✗
  [42/85] L720 (R02389) ok=✗
  [43/85] L724 (R02393) ok=✓ legacy [primed] [hint saved]
  [44/85] L725 (R02394) ok=✓ legacy [primed] [hint saved]
  [45/85] L726 (R02395) ok=✗
  [46/85] L727 (R02396) ok=✓ legacy [primed] [hint saved]
  [47/85] L723 (R02392) ok=✗
  [48/85] L729 (R02398) ok=✗
  [49/85] L730 (R02399) ok=✗
  [50/85] L728 (R02397) ok=✗
  [51/85] L731 (R02400) ok=✓ legacy [primed] [hint saved]
  [52/85] L733 (R02402) ok=✓ legacy [primed] [hint saved]
  [53/85] L734 (R02403) ok=✗
  [54/85] L732 (R02401) ok=✗
  [55/85] L735 (R02404) ok=✗
  [56/85] L736 (R02405) ok=✗
  [57/85] L738 (R02407) ok=✓ legacy [primed] [hint saved]
  [58/85] L737 (R02406) ok=✗
  [59/85] L740 (R02409) ok=✓ legacy [primed] [hint saved]
  [60/85] L739 (R02408) ok=✗
  [61/85] L742 (R02411) ok=✓ legacy [primed] [hint saved]
  [62/85] L743 (R02412) ok=✓ legacy [primed] [hint saved]
  [63/85] L744 (R02413) ok=✓ legacy [primed] [hint saved]
  [64/85] L745 (R02414) ok=✓ legacy [primed] [hint saved]
  [65/85] L746 (R02415) ok=✓ legacy [primed] [hint saved]
  [66/85] L741 (R02410) ok=✗
  [67/85] L748 (R02417) ok=✓ legacy [primed] [hint saved]
  [68/85] L747 (R02416) ok=✗
  [69/85] L749 (R02418) ok=✓ legacy [primed] [hint saved]
  [70/85] L751 (R02420) ok=✓ legacy [primed] [hint saved]
  [71/85] L752 (R02421) ok=✓ legacy [primed] [hint saved]
  [72/85] L753 (R02422) ok=✓ legacy [primed] [hint saved]
  [73/85] L754 (R02423) ok=✓ legacy [primed] [hint saved]
  [74/85] L750 (R02419) ok=✗
  [75/85] L755 (R02424) ok=✗
  [76/85] L757 (R02426) ok=✓ legacy [primed] [hint saved]
  [77/85] L756 (R02425) ok=✗
  [78/85] L758 (R02427) ok=✓ legacy [primed] [hint saved]
  [79/85] L760 (R02429) ok=✗
  [80/85] L761 (R02430) ok=✓ legacy [primed] [hint saved]
  [81/85] L759 (R02428) ok=✗
  [82/85] L763 (R02432) ok=✗
  [83/85] L764 (R02433) ok=✓ legacy [primed] [hint saved]
  [84/85] L765 (R02434) ok=✗
  [85/85] L762 (R02431) ok=✗
Hints: appended to 42 level(s); 42 hint file(s) changed on disk.
Result: solved=42/85, solvedBeforeFallback=0, fallbackOnly=42, unsolved=43
Wrote logs/solver-corpus2-batches/batch-09.json
Wrote logs/solver-corpus2-batches/batch-09-summary.md
