portfolio-solve-sweep: corpus=data/stress/stress-levels-random.json levels=85 (85 to solve) scheduler-mode=legacy budget=8000ms node-budget=20000000 workers=2 save-hints=true
  [1/85] L86 (R00561) ok=✗
  [2/85] L87 (R00563) ok=✗
  [3/85] L88 (R00565) ok=✗
  [4/85] L90 (R00592) ok=✗
  [5/85] L89 (R00573) ok=✗
  [6/85] L92 (R00595) ok=✗
  [7/85] L91 (R00593) ok=✗
  [8/85] L93 (R00597) ok=✗
  [9/85] L95 (R00623) ok=✗
  [10/85] L94 (R00602) ok=✗
  [11/85] L96 (R00630) ok=✗
  [12/85] L97 (R00632) ok=✗
  [13/85] L98 (R00635) ok=✗
  [14/85] L99 (R00639) ok=✗
  [15/85] L100 (R00646) ok=✗
  [16/85] L102 (R00648) ok=✓ legacy [hint saved]
  [17/85] L103 (R00656) ok=✗
  [18/85] L104 (R00672) ok=✗
  [19/85] L101 (R00647) ok=✗
  [20/85] L105 (R00682) ok=✗
  [21/85] L107 (R00691) ok=✗
  [22/85] L108 (R00692) ok=✗
  [23/85] L109 (R00701) ok=✓ legacy [hint saved]
  [24/85] L106 (R00690) ok=✗
  [25/85] L110 (R00702) ok=✗
  [26/85] L112 (R00707) ok=✗
  [27/85] L113 (R00709) ok=✗
  [28/85] L114 (R00712) ok=✓ legacy [hint saved]
  [29/85] L115 (R00720) ok=✗
  [30/85] L111 (R00703) ok=✗
  [31/85] L117 (R00727) ok=✗
  [32/85] L118 (R00728) ok=✗
  [33/85] L119 (R00732) ok=✗
  [34/85] L116 (R00726) ok=✗
  [35/85] L120 (R00741) ok=✗
  [36/85] L121 (R00756) ok=✗
  [37/85] L122 (R00762) ok=✗
  [38/85] L123 (R00765) ok=✗
  [39/85] L124 (R00786) ok=✗
  [40/85] L126 (R00803) ok=✗
  [41/85] L125 (R00787) ok=✗
  [42/85] L127 (R00813) ok=✗
  [43/85] L129 (R00817) ok=✗
  [44/85] L128 (R00815) ok=✗
  [45/85] L131 (R00851) ok=✗
  [46/85] L130 (R00850) ok=✗
  [47/85] L133 (R00860) ok=✗
  [48/85] L134 (R00866) ok=✗
  [49/85] L132 (R00852) ok=✗
  [50/85] L136 (R00869) ok=✓ legacy [hint saved]
  [51/85] L137 (R00877) ok=✗
  [52/85] L135 (R00867) ok=✗
  [53/85] L138 (R00886) ok=✗
  [54/85] L139 (R00893) ok=✗
  [55/85] L141 (R00911) ok=✓ legacy [hint saved]
  [56/85] L140 (R00901) ok=✓ legacy [hint saved]
  [57/85] L143 (R00923) ok=✗
  [58/85] L144 (R00927) ok=✗
  [59/85] L145 (R00930) ok=✗
  [60/85] L142 (R00912) ok=✗
  [61/85] L146 (R00934) ok=✗
  [62/85] L148 (R00960) ok=✓ legacy [hint saved]
  [63/85] L147 (R00943) ok=✗
  [64/85] L150 (R00970) ok=✓ legacy [hint saved]
  [65/85] L151 (R00975) ok=✗
  [66/85] L152 (R00976) ok=✗
  [67/85] L149 (R00963) ok=✗
  [68/85] L153 (R00977) ok=✗
  [69/85] L155 (R00988) ok=✗
  [70/85] L156 (R00989) ok=✓ legacy [hint saved]
  [71/85] L157 (R00990) ok=✗
  [72/85] L154 (R00986) ok=✗
  [73/85] L158 (R01000) ok=✗
  [74/85] L160 (R01009) ok=✗
  [75/85] L159 (R01006) ok=✗
  [76/85] L161 (R01011) ok=✗
  [77/85] L162 (R01012) ok=✗
  [78/85] L163 (R01016) ok=✗
  [79/85] L164 (R01019) ok=✗
  [80/85] L165 (R01020) ok=✗
  [81/85] L166 (R01022) ok=✗
  [82/85] L167 (R01023) ok=✗
  [83/85] L168 (R01024) ok=✗
  [84/85] L170 (R01052) ok=✗
  [85/85] L169 (R01044) ok=✗
Hints: appended to 9 level(s); 9 hint file(s) changed on disk.
Result: solved=9/85, solvedBeforeFallback=0, fallbackOnly=9, unsolved=76
Wrote logs/solver-corpus2-batches/batch-02.json
Wrote logs/solver-corpus2-batches/batch-02-summary.md
portfolio-solve-sweep: corpus=data/stress/stress-levels-random.json levels=85 (85 to solve) scheduler-mode=legacy budget=8000ms node-budget=20000000 workers=2 enable-flags=STRATEGY_REPAIR_TURN_BIAS save-hints=true
  [1/85] L86 (R00561) ok=✗
  [2/85] L87 (R00563) ok=✗
  [3/85] L88 (R00565) ok=✗
  [4/85] L90 (R00592) ok=✗
  [5/85] L89 (R00573) ok=✗
  [6/85] L92 (R00595) ok=✗
  [7/85] L93 (R00597) ok=✗
  [8/85] L91 (R00593) ok=✗
  [9/85] L95 (R00623) ok=✗
  [10/85] L94 (R00602) ok=✗
  [11/85] L97 (R00632) ok=✓ legacy [hint saved]
  [12/85] L96 (R00630) ok=✗
  [13/85] L98 (R00635) ok=✗
  [14/85] L99 (R00639) ok=✗
  [15/85] L100 (R00646) ok=✗
  [16/85] L102 (R00648) ok=✓ legacy [hint saved]
  [17/85] L103 (R00656) ok=✗
  [18/85] L104 (R00672) ok=✗
  [19/85] L101 (R00647) ok=✗
  [20/85] L105 (R00682) ok=✗
  [21/85] L107 (R00691) ok=✗
  [22/85] L108 (R00692) ok=✗
  [23/85] L109 (R00701) ok=✓ legacy [hint saved]
  [24/85] L106 (R00690) ok=✗
  [25/85] L110 (R00702) ok=✗
  [26/85] L112 (R00707) ok=✗
  [27/85] L113 (R00709) ok=✗
  [28/85] L114 (R00712) ok=✓ legacy [hint saved]
  [29/85] L111 (R00703) ok=✗
  [30/85] L115 (R00720) ok=✗
  [31/85] L117 (R00727) ok=✗
  [32/85] L118 (R00728) ok=✗
  [33/85] L119 (R00732) ok=✗
  [34/85] L116 (R00726) ok=✗
  [35/85] L120 (R00741) ok=✗
  [36/85] L121 (R00756) ok=✗
  [37/85] L122 (R00762) ok=✗
  [38/85] L123 (R00765) ok=✗
  [39/85] L124 (R00786) ok=✗
  [40/85] L126 (R00803) ok=✗
  [41/85] L127 (R00813) ok=✗
  [42/85] L125 (R00787) ok=✗
  [43/85] L128 (R00815) ok=✗
  [44/85] L129 (R00817) ok=✗
  [45/85] L131 (R00851) ok=✗
  [46/85] L130 (R00850) ok=✗
  [47/85] L133 (R00860) ok=✗
  [48/85] L134 (R00866) ok=✗
  [49/85] L132 (R00852) ok=✗
  [50/85] L136 (R00869) ok=✓ legacy [hint saved]
  [51/85] L135 (R00867) ok=✗
  [52/85] L137 (R00877) ok=✓ legacy [hint saved]
  [53/85] L138 (R00886) ok=✗
  [54/85] L139 (R00893) ok=✗
  [55/85] L141 (R00911) ok=✗
  [56/85] L140 (R00901) ok=✓ legacy [hint saved]
  [57/85] L143 (R00923) ok=✗
  [58/85] L144 (R00927) ok=✗
  [59/85] L145 (R00930) ok=✗
  [60/85] L142 (R00912) ok=✗
  [61/85] L146 (R00934) ok=✗
  [62/85] L148 (R00960) ok=✓ legacy [hint saved]
  [63/85] L147 (R00943) ok=✗
  [64/85] L150 (R00970) ok=✓ legacy [hint saved]
  [65/85] L151 (R00975) ok=✗
  [66/85] L152 (R00976) ok=✗
  [67/85] L149 (R00963) ok=✗
  [68/85] L153 (R00977) ok=✗
  [69/85] L155 (R00988) ok=✗
  [70/85] L156 (R00989) ok=✗
  [71/85] L157 (R00990) ok=✗
  [72/85] L154 (R00986) ok=✗
  [73/85] L158 (R01000) ok=✗
  [74/85] L160 (R01009) ok=✗
  [75/85] L161 (R01011) ok=✗
  [76/85] L162 (R01012) ok=✗
  [77/85] L159 (R01006) ok=✗
  [78/85] L163 (R01016) ok=✗
  [79/85] L164 (R01019) ok=✗
  [80/85] L165 (R01020) ok=✗
  [81/85] L166 (R01022) ok=✗
  [82/85] L167 (R01023) ok=✗
  [83/85] L168 (R01024) ok=✗
  [84/85] L170 (R01052) ok=✗
  [85/85] L169 (R01044) ok=✗
Hints: appended to 9 level(s); 9 hint file(s) changed on disk.
Result: solved=9/85, solvedBeforeFallback=0, fallbackOnly=9, unsolved=76
Wrote logs/solver-corpus2-batches/batch-02.json
Wrote logs/solver-corpus2-batches/batch-02-summary.md
portfolio-solve-sweep: corpus=data/stress/stress-levels-random.json levels=85 (85 to solve) scheduler-mode=legacy budget=30000ms node-budget=60000000 workers=2 enable-flags=STRATEGY_REPAIR_TURN_BIAS save-hints=true
  [1/85] L86 (R00561) ok=✗
  [2/85] L87 (R00563) ok=✗
  [3/85] L88 (R00565) ok=✗
  [4/85] L90 (R00592) ok=✓ legacy [hint saved]
  [5/85] L89 (R00573) ok=✗
  [6/85] L92 (R00595) ok=✗
  [7/85] L93 (R00597) ok=✓ legacy [hint saved]
  [8/85] L91 (R00593) ok=✗
  [9/85] L94 (R00602) ok=✗
  [10/85] L95 (R00623) ok=✗
  [11/85] L97 (R00632) ok=✓ legacy [hint saved]
  [12/85] L96 (R00630) ok=✗
  [13/85] L98 (R00635) ok=✓ legacy [hint saved]
  [14/85] L100 (R00646) ok=✗
  [15/85] L99 (R00639) ok=✗
  [16/85] L102 (R00648) ok=✓ legacy [hint saved]
  [17/85] L103 (R00656) ok=✗
  [18/85] L104 (R00672) ok=✗
  [19/85] L101 (R00647) ok=✗
  [20/85] L105 (R00682) ok=✗
  [21/85] L107 (R00691) ok=✗
  [22/85] L108 (R00692) ok=✗
  [23/85] L109 (R00701) ok=✓ legacy [hint saved]
  [24/85] L106 (R00690) ok=✗
  [25/85] L110 (R00702) ok=✗
  [26/85] L112 (R00707) ok=✗
  [27/85] L113 (R00709) ok=✗
  [28/85] L114 (R00712) ok=✓ legacy [hint saved]
  [29/85] L111 (R00703) ok=✗
  [30/85] L115 (R00720) ok=✗
  [31/85] L117 (R00727) ok=✓ legacy [hint saved]
  [32/85] L118 (R00728) ok=✗
  [33/85] L119 (R00732) ok=✗
  [34/85] L120 (R00741) ok=✓ legacy [hint saved]
  [35/85] L116 (R00726) ok=✗
  [36/85] L121 (R00756) ok=✗
  [37/85] L122 (R00762) ok=✗
  [38/85] L123 (R00765) ok=✗
  [39/85] L124 (R00786) ok=✗
  [40/85] L126 (R00803) ok=✗
  [41/85] L127 (R00813) ok=✗
  [42/85] L128 (R00815) ok=✓ legacy [hint saved]
  [43/85] L125 (R00787) ok=✗
  [44/85] L130 (R00850) ok=✓ legacy [hint saved]
  [45/85] L131 (R00851) ok=✗
  [46/85] L129 (R00817) ok=✗
  [47/85] L133 (R00860) ok=✗
  [48/85] L134 (R00866) ok=✗
  [49/85] L132 (R00852) ok=✗
  [50/85] L136 (R00869) ok=✓ legacy [hint saved]
  [51/85] L135 (R00867) ok=✗
  [52/85] L137 (R00877) ok=✓ legacy [hint saved]
  [53/85] L138 (R00886) ok=✗
  [54/85] L140 (R00901) ok=✓ legacy [hint saved]
  [55/85] L141 (R00911) ok=✓ legacy [hint saved]
  [56/85] L139 (R00893) ok=✗
  [57/85] L143 (R00923) ok=✗
  [58/85] L142 (R00912) ok=✗
  [59/85] L144 (R00927) ok=✗
  [60/85] L145 (R00930) ok=✗
  [61/85] L146 (R00934) ok=✓ legacy [hint saved]
  [62/85] L148 (R00960) ok=✓ legacy [hint saved]
  [63/85] L147 (R00943) ok=✗
  [64/85] L150 (R00970) ok=✓ legacy [hint saved]
  [65/85] L151 (R00975) ok=✗
  [66/85] L149 (R00963) ok=✗
  [67/85] L153 (R00977) ok=✗
  [68/85] L152 (R00976) ok=✗
  [69/85] L155 (R00988) ok=✗
  [70/85] L156 (R00989) ok=✓ legacy [hint saved]
  [71/85] L157 (R00990) ok=✗
  [72/85] L158 (R01000) ok=✗
  [73/85] L154 (R00986) ok=✗
  [74/85] L160 (R01009) ok=✗
  [75/85] L159 (R01006) ok=✗
  [76/85] L161 (R01011) ok=✗
  [77/85] L162 (R01012) ok=✓ legacy [hint saved]
  [78/85] L164 (R01019) ok=✗
  [79/85] L163 (R01016) ok=✗
  [80/85] L165 (R01020) ok=✗
  [81/85] L166 (R01022) ok=✗
  [82/85] L167 (R01023) ok=✗
  [83/85] L168 (R01024) ok=✗
  [84/85] L170 (R01052) ok=✗
  [85/85] L169 (R01044) ok=✗
Hints: appended to 20 level(s); 20 hint file(s) changed on disk.
Result: solved=20/85, solvedBeforeFallback=0, fallbackOnly=20, unsolved=65
Wrote logs/solver-corpus2-batches/batch-02.json
Wrote logs/solver-corpus2-batches/batch-02-summary.md
portfolio-solve-sweep: corpus=data/stress/stress-levels-random.json levels=85 (85 to solve) scheduler-mode=legacy budget=60000ms node-budget=120000000 workers=2 enable-flags=STRATEGY_REPAIR_TURN_BIAS save-hints=true
  [1/85] L86 (R00561) ok=✗
  [2/85] L87 (R00563) ok=✗
  [3/85] L88 (R00565) ok=✗
  [4/85] L90 (R00592) ok=✓ legacy [hint saved]
  [5/85] L89 (R00573) ok=✗
  [6/85] L92 (R00595) ok=✗
  [7/85] L93 (R00597) ok=✓ legacy [hint saved]
  [8/85] L91 (R00593) ok=✗
  [9/85] L94 (R00602) ok=✗
  [10/85] L95 (R00623) ok=✗
  [11/85] L97 (R00632) ok=✓ legacy [hint saved]
  [12/85] L98 (R00635) ok=✓ legacy [hint saved]
  [13/85] L96 (R00630) ok=✗
  [14/85] L100 (R00646) ok=✗
  [15/85] L99 (R00639) ok=✗
  [16/85] L102 (R00648) ok=✓ legacy [hint saved]
  [17/85] L103 (R00656) ok=✗
  [18/85] L104 (R00672) ok=✗
  [19/85] L101 (R00647) ok=✗
  [20/85] L105 (R00682) ok=✗
  [21/85] L107 (R00691) ok=✗
  [22/85] L106 (R00690) ok=✗
  [23/85] L108 (R00692) ok=✗
  [24/85] L109 (R00701) ok=✓ legacy [hint saved]
  [25/85] L110 (R00702) ok=✗
  [26/85] L112 (R00707) ok=✗
  [27/85] L111 (R00703) ok=✗
  [28/85] L114 (R00712) ok=✓ legacy [hint saved]
  [29/85] L113 (R00709) ok=✗
  [30/85] L115 (R00720) ok=✗
  [31/85] L117 (R00727) ok=✓ legacy [hint saved]
  [32/85] L118 (R00728) ok=✗
  [33/85] L119 (R00732) ok=✗
  [34/85] L120 (R00741) ok=✓ legacy [hint saved]
  [35/85] L116 (R00726) ok=✗
  [36/85] L121 (R00756) ok=✗
  [37/85] L122 (R00762) ok=✗
  [38/85] L123 (R00765) ok=✗
  [39/85] L124 (R00786) ok=✗
  [40/85] L126 (R00803) ok=✗
  [41/85] L127 (R00813) ok=✗
  [42/85] L128 (R00815) ok=✓ legacy [hint saved]
  [43/85] L125 (R00787) ok=✗
  [44/85] L130 (R00850) ok=✓ legacy [hint saved]
  [45/85] L131 (R00851) ok=✗
  [46/85] L129 (R00817) ok=✗
  [47/85] L133 (R00860) ok=✗
  [48/85] L134 (R00866) ok=✗
  [49/85] L132 (R00852) ok=✗
  [50/85] L136 (R00869) ok=✓ legacy [hint saved]
  [51/85] L137 (R00877) ok=✓ legacy [hint saved]
  [52/85] L135 (R00867) ok=✗
  [53/85] L138 (R00886) ok=✗
  [54/85] L140 (R00901) ok=✓ legacy [hint saved]
  [55/85] L141 (R00911) ok=✓ legacy [hint saved]
  [56/85] L139 (R00893) ok=✗
  [57/85] L143 (R00923) ok=✗
  [58/85] L142 (R00912) ok=✗
  [59/85] L145 (R00930) ok=✗
  [60/85] L144 (R00927) ok=✗
  [61/85] L146 (R00934) ok=✓ legacy [hint saved]
  [62/85] L148 (R00960) ok=✓ legacy [hint saved]
  [63/85] L147 (R00943) ok=✗
  [64/85] L150 (R00970) ok=✓ legacy [hint saved]
  [65/85] L149 (R00963) ok=✗
  [66/85] L151 (R00975) ok=✗
  [67/85] L153 (R00977) ok=✗
  [68/85] L152 (R00976) ok=✗
  [69/85] L155 (R00988) ok=✗
  [70/85] L156 (R00989) ok=✓ legacy [hint saved]
  [71/85] L157 (R00990) ok=✗
  [72/85] L158 (R01000) ok=✗
  [73/85] L154 (R00986) ok=✗
  [74/85] L160 (R01009) ok=✗
  [75/85] L159 (R01006) ok=✗
  [76/85] L162 (R01012) ok=✓ legacy [hint saved]
  [77/85] L161 (R01011) ok=✗
  [78/85] L163 (R01016) ok=✗
  [79/85] L164 (R01019) ok=✗
  [80/85] L165 (R01020) ok=✗
  [81/85] L166 (R01022) ok=✗
  [82/85] L167 (R01023) ok=✗
  [83/85] L168 (R01024) ok=✗
  [84/85] L170 (R01052) ok=✗
  [85/85] L169 (R01044) ok=✗
Hints: appended to 20 level(s); 20 hint file(s) changed on disk.
Result: solved=20/85, solvedBeforeFallback=0, fallbackOnly=20, unsolved=65
Wrote logs/solver-corpus2-batches/batch-02.json
Wrote logs/solver-corpus2-batches/batch-02-summary.md
portfolio-solve-sweep: corpus=data/stress/stress-levels-random.json levels=85 (85 to solve) scheduler-mode=legacy budget=8000ms node-budget=20000000 workers=2 save-hints=true
  adaptive budgets: mult=3x floor=2,000,000 unsolved=20,000,000 | 20 known-solved scaled (min 2,000,000 / med 20,000,000 / max 260,077,608 nodes)
  winner-first: normal + seeded-repair winners (shares solve budget) | 13/85 levels will be primed
  [1/85] L86 (R00561) ok=✗
  [2/85] L87 (R00563) ok=✗
  [3/85] L88 (R00565) ok=✗
  [4/85] L90 (R00592) ok=✓ legacy [primed] [hint saved]
  [5/85] L89 (R00573) ok=✗
  [6/85] L92 (R00595) ok=✗
  [7/85] L93 (R00597) ok=✓ legacy [primed] [hint saved]
  [8/85] L91 (R00593) ok=✗
  [9/85] L95 (R00623) ok=✗
  [10/85] L94 (R00602) ok=✗
  [11/85] L96 (R00630) ok=✗
  [12/85] L98 (R00635) ok=✓ legacy [primed] [hint saved]
  [13/85] L97 (R00632) ok=✗
  [14/85] L100 (R00646) ok=✗
  [15/85] L99 (R00639) ok=✗
  [16/85] L102 (R00648) ok=✓ legacy [hint saved]
  [17/85] L103 (R00656) ok=✗
  [18/85] L104 (R00672) ok=✗
  [19/85] L101 (R00647) ok=✗
  [20/85] L105 (R00682) ok=✗
  [21/85] L107 (R00691) ok=✗
  [22/85] L108 (R00692) ok=✗
  [23/85] L106 (R00690) ok=✗
  [24/85] L109 (R00701) ok=✓ legacy [hint saved]
  [25/85] L110 (R00702) ok=✗
  [26/85] L112 (R00707) ok=✗
  [27/85] L113 (R00709) ok=✗
  [28/85] L114 (R00712) ok=✓ legacy [primed] [hint saved]
  [29/85] L115 (R00720) ok=✗
  [30/85] L111 (R00703) ok=✗
  [31/85] L117 (R00727) ok=✓ legacy [primed] [hint saved]
  [32/85] L118 (R00728) ok=✗
  [33/85] L119 (R00732) ok=✗
  [34/85] L120 (R00741) ok=✓ legacy [primed] [hint saved]
  [35/85] L116 (R00726) ok=✗
  [36/85] L121 (R00756) ok=✗
  [37/85] L122 (R00762) ok=✗
  [38/85] L123 (R00765) ok=✗
  [39/85] L124 (R00786) ok=✗
  [40/85] L126 (R00803) ok=✗
  [41/85] L127 (R00813) ok=✗
  [42/85] L128 (R00815) ok=✓ legacy [primed] [hint saved]
  [43/85] L125 (R00787) ok=✗
  [44/85] L130 (R00850) ok=✓ legacy [primed] [hint saved]
  [45/85] L131 (R00851) ok=✗
  [46/85] L129 (R00817) ok=✗
  [47/85] L133 (R00860) ok=✗
  [48/85] L134 (R00866) ok=✗
  [49/85] L132 (R00852) ok=✗
  [50/85] L136 (R00869) ok=✓ legacy [hint saved]
  [51/85] L135 (R00867) ok=✗
  [52/85] L137 (R00877) ok=✓ legacy [hint saved]
  [53/85] L138 (R00886) ok=✗
  [54/85] L140 (R00901) ok=✓ legacy [primed] [hint saved]
  [55/85] L141 (R00911) ok=✓ legacy [primed] [hint saved]
  [56/85] L139 (R00893) ok=✗
  [57/85] L143 (R00923) ok=✗
  [58/85] L144 (R00927) ok=✗
  [59/85] L142 (R00912) ok=✗
  [60/85] L145 (R00930) ok=✗
  [61/85] L146 (R00934) ok=✓ legacy [primed] [hint saved]
  [62/85] L148 (R00960) ok=✓ legacy [hint saved]
  [63/85] L147 (R00943) ok=✗
  [64/85] L150 (R00970) ok=✓ legacy [hint saved]
  [65/85] L151 (R00975) ok=✗
  [66/85] L149 (R00963) ok=✗
  [67/85] L152 (R00976) ok=✗
  [68/85] L153 (R00977) ok=✗
  [69/85] L155 (R00988) ok=✗
  [70/85] L156 (R00989) ok=✓ legacy [primed] [hint saved]
  [71/85] L157 (R00990) ok=✗
  [72/85] L154 (R00986) ok=✗
  [73/85] L158 (R01000) ok=✗
  [74/85] L160 (R01009) ok=✗
  [75/85] L159 (R01006) ok=✗
  [76/85] L161 (R01011) ok=✗
  [77/85] L162 (R01012) ok=✓ legacy [primed] [hint saved]
  [78/85] L164 (R01019) ok=✗
  [79/85] L165 (R01020) ok=✗
  [80/85] L163 (R01016) ok=✗
  [81/85] L166 (R01022) ok=✗
  [82/85] L167 (R01023) ok=✗
  [83/85] L168 (R01024) ok=✗
  [84/85] L170 (R01052) ok=✗
  [85/85] L169 (R01044) ok=✗
Hints: appended to 19 level(s); 19 hint file(s) changed on disk.
Result: solved=19/85, solvedBeforeFallback=0, fallbackOnly=19, unsolved=66
Wrote logs/solver-corpus2-batches/batch-02.json
Wrote logs/solver-corpus2-batches/batch-02-summary.md
portfolio-solve-sweep: corpus=data/stress/stress-levels-random.json levels=85 (85 to solve) scheduler-mode=legacy budget=8000ms node-budget=20000000 workers=2 save-hints=true
  winner-first: normal + seeded-repair winners (shares solve budget) | 16/85 levels will be primed
  [1/85] L86 (R00561) ok=✗
  [2/85] L87 (R00563) ok=✗
  [3/85] L88 (R00565) ok=✗
  [4/85] L90 (R00592) ok=✓ legacy [primed] [hint saved]
  [5/85] L89 (R00573) ok=✗
  [6/85] L91 (R00593) ok=✗
  [7/85] L93 (R00597) ok=✓ legacy [primed] [hint saved]
  [8/85] L92 (R00595) ok=✗
  [9/85] L95 (R00623) ok=✗
  [10/85] L94 (R00602) ok=✗
  [11/85] L96 (R00630) ok=✗
  [12/85] L98 (R00635) ok=✓ legacy [primed] [hint saved]
  [13/85] L97 (R00632) ok=✗
  [14/85] L100 (R00646) ok=✗
  [15/85] L99 (R00639) ok=✗
  [16/85] L102 (R00648) ok=✓ legacy [hint saved]
  [17/85] L103 (R00656) ok=✗
  [18/85] L104 (R00672) ok=✗
  [19/85] L101 (R00647) ok=✗
  [20/85] L105 (R00682) ok=✗
  [21/85] L107 (R00691) ok=✗
  [22/85] L108 (R00692) ok=✗
  [23/85] L109 (R00701) ok=✓ legacy [primed] [hint saved]
  [24/85] L106 (R00690) ok=✗
  [25/85] L110 (R00702) ok=✗
  [26/85] L112 (R00707) ok=✗
  [27/85] L113 (R00709) ok=✗
  [28/85] L114 (R00712) ok=✓ legacy [primed] [hint saved]
  [29/85] L115 (R00720) ok=✗
  [30/85] L111 (R00703) ok=✗
  [31/85] L117 (R00727) ok=✓ legacy [primed] [hint saved]
  [32/85] L118 (R00728) ok=✗
  [33/85] L119 (R00732) ok=✗
  [34/85] L120 (R00741) ok=✓ legacy [primed] [hint saved]
  [35/85] L116 (R00726) ok=✗
  [36/85] L121 (R00756) ok=✗
  [37/85] L122 (R00762) ok=✗
  [38/85] L123 (R00765) ok=✗
  [39/85] L124 (R00786) ok=✗
  [40/85] L126 (R00803) ok=✗
  [41/85] L127 (R00813) ok=✗
  [42/85] L128 (R00815) ok=✓ legacy [primed] [hint saved]
  [43/85] L125 (R00787) ok=✗
  [44/85] L130 (R00850) ok=✓ legacy [primed] [hint saved]
  [45/85] L129 (R00817) ok=✗
  [46/85] L131 (R00851) ok=✗
  [47/85] L133 (R00860) ok=✗
  [48/85] L134 (R00866) ok=✗
  [49/85] L132 (R00852) ok=✗
  [50/85] L136 (R00869) ok=✓ legacy [primed] [hint saved]
  [51/85] L137 (R00877) ok=✗
  [52/85] L135 (R00867) ok=✗
  [53/85] L138 (R00886) ok=✗
  [54/85] L140 (R00901) ok=✓ legacy [primed] [hint saved]
  [55/85] L141 (R00911) ok=✓ legacy [primed] [hint saved]
  [56/85] L139 (R00893) ok=✗
  [57/85] L143 (R00923) ok=✗
  [58/85] L144 (R00927) ok=✗
  [59/85] L142 (R00912) ok=✗
  [60/85] L146 (R00934) ok=✓ legacy [primed] [hint saved]
  [61/85] L145 (R00930) ok=✗
  [62/85] L148 (R00960) ok=✗
  [63/85] L147 (R00943) ok=✗
  [64/85] L150 (R00970) ok=✓ legacy [primed] [hint saved]
  [65/85] L151 (R00975) ok=✗
  [66/85] L149 (R00963) ok=✗
  [67/85] L152 (R00976) ok=✗
  [68/85] L153 (R00977) ok=✗
  [69/85] L155 (R00988) ok=✗
  [70/85] L156 (R00989) ok=✓ legacy [primed] [hint saved]
  [71/85] L157 (R00990) ok=✗
  [72/85] L158 (R01000) ok=✗
  [73/85] L154 (R00986) ok=✗
  [74/85] L160 (R01009) ok=✗
  [75/85] L159 (R01006) ok=✗
  [76/85] L162 (R01012) ok=✓ legacy [primed] [hint saved]
  [77/85] L161 (R01011) ok=✗
  [78/85] L164 (R01019) ok=✗
  [79/85] L165 (R01020) ok=✗
  [80/85] L163 (R01016) ok=✗
  [81/85] L166 (R01022) ok=✗
  [82/85] L167 (R01023) ok=✗
  [83/85] L168 (R01024) ok=✗
  [84/85] L170 (R01052) ok=✗
  [85/85] L169 (R01044) ok=✗
Hints: appended to 17 level(s); 17 hint file(s) changed on disk.
Result: solved=17/85, solvedBeforeFallback=0, fallbackOnly=17, unsolved=68
Wrote logs/solver-corpus2-batches/batch-02.json
Wrote logs/solver-corpus2-batches/batch-02-summary.md
portfolio-solve-sweep: corpus=data/stress/stress-levels-random.json levels=85 (85 to solve) scheduler-mode=legacy budget=8000ms node-budget=20000000 workers=2 enable-flags=STRATEGY_REPAIR_TURN_BIAS save-hints=true
  winner-first: normal + seeded-repair winners (shares solve budget) | 16/85 levels will be primed
  [1/85] L86 (R00561) ok=✗
  [2/85] L87 (R00563) ok=✗
  [3/85] L88 (R00565) ok=✗
  [4/85] L90 (R00592) ok=✓ legacy [primed] [hint saved]
  [5/85] L89 (R00573) ok=✗
  [6/85] L92 (R00595) ok=✗
  [7/85] L93 (R00597) ok=✓ legacy [primed] [hint saved]
  [8/85] L91 (R00593) ok=✗
  [9/85] L95 (R00623) ok=✗
  [10/85] L94 (R00602) ok=✗
  [11/85] L97 (R00632) ok=✓ legacy [hint saved]
  [12/85] L98 (R00635) ok=✓ legacy [primed] [hint saved]
  [13/85] L96 (R00630) ok=✗
  [14/85] L99 (R00639) ok=✗
  [15/85] L100 (R00646) ok=✗
  [16/85] L102 (R00648) ok=✓ legacy [hint saved]
  [17/85] L103 (R00656) ok=✗
  [18/85] L104 (R00672) ok=✗
  [19/85] L101 (R00647) ok=✗
  [20/85] L105 (R00682) ok=✗
  [21/85] L107 (R00691) ok=✗
  [22/85] L108 (R00692) ok=✗
  [23/85] L109 (R00701) ok=✓ legacy [primed] [hint saved]
  [24/85] L106 (R00690) ok=✗
  [25/85] L110 (R00702) ok=✗
  [26/85] L112 (R00707) ok=✗
  [27/85] L113 (R00709) ok=✗
  [28/85] L114 (R00712) ok=✓ legacy [primed] [hint saved]
  [29/85] L115 (R00720) ok=✗
  [30/85] L111 (R00703) ok=✗
  [31/85] L117 (R00727) ok=✓ legacy [primed] [hint saved]
  [32/85] L118 (R00728) ok=✗
  [33/85] L119 (R00732) ok=✗
  [34/85] L120 (R00741) ok=✓ legacy [primed] [hint saved]
  [35/85] L116 (R00726) ok=✗
  [36/85] L121 (R00756) ok=✗
  [37/85] L122 (R00762) ok=✗
  [38/85] L123 (R00765) ok=✗
  [39/85] L124 (R00786) ok=✗
  [40/85] L126 (R00803) ok=✗
  [41/85] L127 (R00813) ok=✗
  [42/85] L128 (R00815) ok=✓ legacy [primed] [hint saved]
  [43/85] L125 (R00787) ok=✗
  [44/85] L130 (R00850) ok=✓ legacy [primed] [hint saved]
  [45/85] L131 (R00851) ok=✗
  [46/85] L129 (R00817) ok=✗
  [47/85] L133 (R00860) ok=✗
  [48/85] L134 (R00866) ok=✗
  [49/85] L132 (R00852) ok=✗
  [50/85] L136 (R00869) ok=✓ legacy [primed] [hint saved]
  [51/85] L135 (R00867) ok=✗
  [52/85] L137 (R00877) ok=✓ legacy [hint saved]
  [53/85] L138 (R00886) ok=✗
  [54/85] L140 (R00901) ok=✓ legacy [primed] [hint saved]
  [55/85] L141 (R00911) ok=✓ legacy [primed] [hint saved]
  [56/85] L139 (R00893) ok=✗
  [57/85] L143 (R00923) ok=✗
  [58/85] L144 (R00927) ok=✗
  [59/85] L142 (R00912) ok=✗
  [60/85] L145 (R00930) ok=✗
  [61/85] L146 (R00934) ok=✗
  [62/85] L148 (R00960) ok=✓ legacy [hint saved]
  [63/85] L147 (R00943) ok=✗
  [64/85] L150 (R00970) ok=✓ legacy [primed] [hint saved]
  [65/85] L151 (R00975) ok=✗
  [66/85] L149 (R00963) ok=✗
  [67/85] L152 (R00976) ok=✗
  [68/85] L153 (R00977) ok=✗
  [69/85] L155 (R00988) ok=✗
  [70/85] L156 (R00989) ok=✓ legacy [primed] [hint saved]
  [71/85] L157 (R00990) ok=✗
  [72/85] L158 (R01000) ok=✗
  [73/85] L154 (R00986) ok=✗
  [74/85] L160 (R01009) ok=✗
  [75/85] L161 (R01011) ok=✗
  [76/85] L162 (R01012) ok=✓ legacy [primed] [hint saved]
  [77/85] L159 (R01006) ok=✗
  [78/85] L163 (R01016) ok=✗
  [79/85] L164 (R01019) ok=✗
  [80/85] L165 (R01020) ok=✗
  [81/85] L166 (R01022) ok=✗
  [82/85] L167 (R01023) ok=✗
  [83/85] L168 (R01024) ok=✗
  [84/85] L170 (R01052) ok=✗
  [85/85] L169 (R01044) ok=✗
Hints: appended to 19 level(s); 19 hint file(s) changed on disk.
Result: solved=19/85, solvedBeforeFallback=0, fallbackOnly=19, unsolved=66
Wrote logs/solver-corpus2-batches/batch-02.json
Wrote logs/solver-corpus2-batches/batch-02-summary.md
portfolio-solve-sweep: corpus=data/stress/stress-levels-random.json levels=85 (85 to solve) scheduler-mode=legacy budget=8000ms node-budget=20000000 workers=2 enable-flags=STRATEGY_REPAIR_TURN_BIAS save-hints=true
  winner-first: normal + seeded-repair winners (shares solve budget) | 16/85 levels will be primed
  [1/85] L86 (R00561) ok=✗
  [2/85] L87 (R00563) ok=✗
  [3/85] L88 (R00565) ok=✗
  [4/85] L90 (R00592) ok=✓ legacy [primed] [hint saved]
  [5/85] L89 (R00573) ok=✗
  [6/85] L92 (R00595) ok=✗
  [7/85] L93 (R00597) ok=✓ legacy [primed] [hint saved]
  [8/85] L91 (R00593) ok=✗
  [9/85] L94 (R00602) ok=✗
  [10/85] L95 (R00623) ok=✗
  [11/85] L97 (R00632) ok=✓ legacy [primed] [hint saved]
  [12/85] L98 (R00635) ok=✓ legacy [primed] [hint saved]
  [13/85] L96 (R00630) ok=✗
  [14/85] L99 (R00639) ok=✗
  [15/85] L100 (R00646) ok=✗
  [16/85] L102 (R00648) ok=✓ legacy [hint saved]
  [17/85] L103 (R00656) ok=✗
  [18/85] L104 (R00672) ok=✗
  [19/85] L101 (R00647) ok=✗
  [20/85] L105 (R00682) ok=✗
  [21/85] L107 (R00691) ok=✗
  [22/85] L108 (R00692) ok=✗
  [23/85] L109 (R00701) ok=✓ legacy [primed] [hint saved]
  [24/85] L106 (R00690) ok=✗
  [25/85] L110 (R00702) ok=✗
  [26/85] L112 (R00707) ok=✗
  [27/85] L113 (R00709) ok=✗
  [28/85] L114 (R00712) ok=✓ legacy [primed] [hint saved]
  [29/85] L111 (R00703) ok=✗
  [30/85] L115 (R00720) ok=✗
  [31/85] L117 (R00727) ok=✓ legacy [primed] [hint saved]
  [32/85] L118 (R00728) ok=✗
  [33/85] L119 (R00732) ok=✗
  [34/85] L120 (R00741) ok=✓ legacy [primed] [hint saved]
  [35/85] L116 (R00726) ok=✗
  [36/85] L121 (R00756) ok=✗
  [37/85] L122 (R00762) ok=✗
  [38/85] L123 (R00765) ok=✗
  [39/85] L124 (R00786) ok=✗
  [40/85] L126 (R00803) ok=✗
  [41/85] L127 (R00813) ok=✗
  [42/85] L128 (R00815) ok=✓ legacy [primed] [hint saved]
  [43/85] L125 (R00787) ok=✗
  [44/85] L130 (R00850) ok=✓ legacy [primed] [hint saved]
  [45/85] L131 (R00851) ok=✗
  [46/85] L129 (R00817) ok=✗
  [47/85] L133 (R00860) ok=✗
  [48/85] L134 (R00866) ok=✗
  [49/85] L132 (R00852) ok=✗
  [50/85] L136 (R00869) ok=✓ legacy [primed] [hint saved]
  [51/85] L137 (R00877) ok=✗
  [52/85] L135 (R00867) ok=✗
  [53/85] L138 (R00886) ok=✗
  [54/85] L140 (R00901) ok=✓ legacy [primed] [hint saved]
  [55/85] L141 (R00911) ok=✓ legacy [primed] [hint saved]
  [56/85] L139 (R00893) ok=✗
  [57/85] L143 (R00923) ok=✗
  [58/85] L142 (R00912) ok=✗
  [59/85] L144 (R00927) ok=✗
  [60/85] L145 (R00930) ok=✗
  [61/85] L146 (R00934) ok=✗
  [62/85] L148 (R00960) ok=✓ legacy [hint saved]
  [63/85] L147 (R00943) ok=✗
  [64/85] L150 (R00970) ok=✓ legacy [primed] [hint saved]
  [65/85] L151 (R00975) ok=✗
  [66/85] L152 (R00976) ok=✗
  [67/85] L149 (R00963) ok=✗
  [68/85] L153 (R00977) ok=✗
  [69/85] L155 (R00988) ok=✗
  [70/85] L156 (R00989) ok=✓ legacy [primed] [hint saved]
  [71/85] L157 (R00990) ok=✗
  [72/85] L154 (R00986) ok=✗
  [73/85] L158 (R01000) ok=✗
  [74/85] L160 (R01009) ok=✗
  [75/85] L161 (R01011) ok=✗
  [76/85] L162 (R01012) ok=✓ legacy [primed] [hint saved]
  [77/85] L159 (R01006) ok=✗
  [78/85] L163 (R01016) ok=✗
  [79/85] L164 (R01019) ok=✗
  [80/85] L165 (R01020) ok=✗
  [81/85] L166 (R01022) ok=✗
  [82/85] L167 (R01023) ok=✗
  [83/85] L168 (R01024) ok=✗
  [84/85] L170 (R01052) ok=✗
  [85/85] L169 (R01044) ok=✗
Hints: appended to 18 level(s); 18 hint file(s) changed on disk.
Result: solved=18/85, solvedBeforeFallback=0, fallbackOnly=18, unsolved=67
Wrote logs/solver-corpus2-batches/batch-02.json
Wrote logs/solver-corpus2-batches/batch-02-summary.md
portfolio-solve-sweep: corpus=data/stress/stress-levels-random.json levels=85 (85 to solve) scheduler-mode=legacy budget=8000ms node-budget=20000000 workers=2 enable-flags=STRATEGY_REPAIR_TURN_BIAS save-hints=true
  winner-first: normal + seeded-repair winners (shares solve budget) | 16/85 levels will be primed
  [1/85] L86 (R00561) ok=✗
  [2/85] L87 (R00563) ok=✗
  [3/85] L88 (R00565) ok=✗
  [4/85] L90 (R00592) ok=✓ legacy [primed] [hint saved]
  [5/85] L89 (R00573) ok=✗
  [6/85] L92 (R00595) ok=✗
  [7/85] L93 (R00597) ok=✓ legacy [primed] [hint saved]
  [8/85] L91 (R00593) ok=✗
  [9/85] L94 (R00602) ok=✗
  [10/85] L95 (R00623) ok=✗
  [11/85] L97 (R00632) ok=✓ legacy [primed] [hint saved]
  [12/85] L98 (R00635) ok=✓ legacy [primed] [hint saved]
  [13/85] L96 (R00630) ok=✗
  [14/85] L99 (R00639) ok=✗
  [15/85] L100 (R00646) ok=✗
  [16/85] L102 (R00648) ok=✓ legacy [hint saved]
  [17/85] L103 (R00656) ok=✗
  [18/85] L104 (R00672) ok=✗
  [19/85] L101 (R00647) ok=✗
  [20/85] L105 (R00682) ok=✗
  [21/85] L107 (R00691) ok=✗
  [22/85] L108 (R00692) ok=✗
  [23/85] L106 (R00690) ok=✗
  [24/85] L109 (R00701) ok=✗
  [25/85] L110 (R00702) ok=✗
  [26/85] L112 (R00707) ok=✗
  [27/85] L113 (R00709) ok=✗
  [28/85] L114 (R00712) ok=✓ legacy [primed] [hint saved]
  [29/85] L111 (R00703) ok=✗
  [30/85] L115 (R00720) ok=✗
  [31/85] L117 (R00727) ok=✓ legacy [primed] [hint saved]
  [32/85] L118 (R00728) ok=✗
  [33/85] L119 (R00732) ok=✗
  [34/85] L120 (R00741) ok=✓ legacy [primed] [hint saved]
  [35/85] L116 (R00726) ok=✗
  [36/85] L121 (R00756) ok=✗
  [37/85] L122 (R00762) ok=✗
  [38/85] L123 (R00765) ok=✗
  [39/85] L124 (R00786) ok=✗
  [40/85] L126 (R00803) ok=✗
  [41/85] L127 (R00813) ok=✗
  [42/85] L128 (R00815) ok=✓ legacy [primed] [hint saved]
  [43/85] L125 (R00787) ok=✗
  [44/85] L130 (R00850) ok=✓ legacy [primed] [hint saved]
  [45/85] L131 (R00851) ok=✗
  [46/85] L129 (R00817) ok=✗
  [47/85] L133 (R00860) ok=✗
  [48/85] L134 (R00866) ok=✗
  [49/85] L132 (R00852) ok=✗
  [50/85] L136 (R00869) ok=✓ legacy [primed] [hint saved]
  [51/85] L135 (R00867) ok=✗
  [52/85] L137 (R00877) ok=✓ legacy [hint saved]
  [53/85] L138 (R00886) ok=✗
  [54/85] L140 (R00901) ok=✓ legacy [primed] [hint saved]
  [55/85] L141 (R00911) ok=✓ legacy [primed] [hint saved]
  [56/85] L139 (R00893) ok=✗
  [57/85] L143 (R00923) ok=✗
  [58/85] L142 (R00912) ok=✗
  [59/85] L144 (R00927) ok=✗
  [60/85] L145 (R00930) ok=✗
  [61/85] L146 (R00934) ok=✗
  [62/85] L148 (R00960) ok=✓ legacy [hint saved]
  [63/85] L147 (R00943) ok=✗
  [64/85] L150 (R00970) ok=✓ legacy [primed] [hint saved]
  [65/85] L151 (R00975) ok=✗
  [66/85] L152 (R00976) ok=✗
  [67/85] L149 (R00963) ok=✗
  [68/85] L153 (R00977) ok=✗
  [69/85] L155 (R00988) ok=✗
  [70/85] L156 (R00989) ok=✓ legacy [primed] [hint saved]
  [71/85] L157 (R00990) ok=✗
  [72/85] L158 (R01000) ok=✗
  [73/85] L154 (R00986) ok=✗
  [74/85] L160 (R01009) ok=✗
  [75/85] L161 (R01011) ok=✗
  [76/85] L162 (R01012) ok=✓ legacy [primed] [hint saved]
  [77/85] L163 (R01016) ok=✗
  [78/85] L159 (R01006) ok=✗
  [79/85] L164 (R01019) ok=✗
  [80/85] L165 (R01020) ok=✗
  [81/85] L166 (R01022) ok=✗
  [82/85] L167 (R01023) ok=✗
  [83/85] L168 (R01024) ok=✗
  [84/85] L170 (R01052) ok=✗
  [85/85] L169 (R01044) ok=✗
Hints: appended to 18 level(s); 18 hint file(s) changed on disk.
Result: solved=18/85, solvedBeforeFallback=0, fallbackOnly=18, unsolved=67
Wrote logs/solver-corpus2-batches/batch-02.json
Wrote logs/solver-corpus2-batches/batch-02-summary.md
portfolio-solve-sweep: corpus=data/stress/stress-levels-random.json levels=85 (85 to solve) scheduler-mode=legacy budget=8000ms node-budget=20000000 workers=2 enable-flags=STRATEGY_REPAIR_TURN_BIAS save-hints=true
  winner-first: normal + seeded-repair winners (shares solve budget) | 15/85 levels will be primed
  [1/85] L86 (R00561) ok=✗
  [2/85] L87 (R00563) ok=✗
  [3/85] L88 (R00565) ok=✗
  [4/85] L90 (R00592) ok=✓ legacy [primed] [hint saved]
  [5/85] L89 (R00573) ok=✗
  [6/85] L92 (R00595) ok=✗
  [7/85] L93 (R00597) ok=✓ legacy [primed] [hint saved]
  [8/85] L91 (R00593) ok=✗
  [9/85] L95 (R00623) ok=✗
  [10/85] L94 (R00602) ok=✗
  [11/85] L97 (R00632) ok=✓ legacy [primed] [hint saved]
  [12/85] L98 (R00635) ok=✓ legacy [primed] [hint saved]
  [13/85] L96 (R00630) ok=✗
  [14/85] L99 (R00639) ok=✗
  [15/85] L100 (R00646) ok=✗
  [16/85] L102 (R00648) ok=✓ legacy [hint saved]
  [17/85] L103 (R00656) ok=✗
  [18/85] L104 (R00672) ok=✗
  [19/85] L101 (R00647) ok=✗
  [20/85] L105 (R00682) ok=✗
  [21/85] L107 (R00691) ok=✗
  [22/85] L108 (R00692) ok=✗
  [23/85] L109 (R00701) ok=✓ legacy [hint saved]
  [24/85] L106 (R00690) ok=✗
  [25/85] L110 (R00702) ok=✗
  [26/85] L112 (R00707) ok=✗
  [27/85] L113 (R00709) ok=✗
  [28/85] L114 (R00712) ok=✓ legacy [primed] [hint saved]
  [29/85] L115 (R00720) ok=✗
  [30/85] L111 (R00703) ok=✗
  [31/85] L117 (R00727) ok=✓ legacy [primed] [hint saved]
  [32/85] L118 (R00728) ok=✗
  [33/85] L119 (R00732) ok=✗
  [34/85] L120 (R00741) ok=✓ legacy [primed] [hint saved]
  [35/85] L116 (R00726) ok=✗
  [36/85] L121 (R00756) ok=✗
  [37/85] L122 (R00762) ok=✗
  [38/85] L123 (R00765) ok=✗
  [39/85] L124 (R00786) ok=✗
  [40/85] L126 (R00803) ok=✗
  [41/85] L127 (R00813) ok=✗
  [42/85] L128 (R00815) ok=✓ legacy [primed] [hint saved]
  [43/85] L125 (R00787) ok=✗
  [44/85] L130 (R00850) ok=✓ legacy [primed] [hint saved]
  [45/85] L131 (R00851) ok=✗
  [46/85] L129 (R00817) ok=✗
  [47/85] L133 (R00860) ok=✗
  [48/85] L134 (R00866) ok=✗
  [49/85] L132 (R00852) ok=✗
  [50/85] L136 (R00869) ok=✓ legacy [primed] [hint saved]
  [51/85] L135 (R00867) ok=✗
  [52/85] L137 (R00877) ok=✓ legacy [hint saved]
  [53/85] L138 (R00886) ok=✗
  [54/85] L140 (R00901) ok=✓ legacy [primed] [hint saved]
  [55/85] L141 (R00911) ok=✓ legacy [primed] [hint saved]
  [56/85] L139 (R00893) ok=✗
  [57/85] L142 (R00912) ok=✗
  [58/85] L144 (R00927) ok=✗
  [59/85] L143 (R00923) ok=✗
  [60/85] L145 (R00930) ok=✗
  [61/85] L146 (R00934) ok=✗
  [62/85] L147 (R00943) ok=✗
  [63/85] L148 (R00960) ok=✓ legacy [hint saved]
  [64/85] L150 (R00970) ok=✓ legacy [primed] [hint saved]
  [65/85] L151 (R00975) ok=✗
  [66/85] L152 (R00976) ok=✗
  [67/85] L149 (R00963) ok=✗
  [68/85] L153 (R00977) ok=✗
  [69/85] L155 (R00988) ok=✗
  [70/85] L156 (R00989) ok=✓ legacy [primed] [hint saved]
  [71/85] L157 (R00990) ok=✗
  [72/85] L158 (R01000) ok=✗
  [73/85] L154 (R00986) ok=✗
  [74/85] L160 (R01009) ok=✗
  [75/85] L161 (R01011) ok=✗
  [76/85] L162 (R01012) ok=✓ legacy [primed] [hint saved]
  [77/85] L163 (R01016) ok=✗
  [78/85] L159 (R01006) ok=✗
  [79/85] L164 (R01019) ok=✗
  [80/85] L165 (R01020) ok=✗
  [81/85] L166 (R01022) ok=✗
  [82/85] L167 (R01023) ok=✗
  [83/85] L168 (R01024) ok=✗
  [84/85] L170 (R01052) ok=✗
  [85/85] L169 (R01044) ok=✗
Hints: appended to 19 level(s); 19 hint file(s) changed on disk.
Result: solved=19/85, solvedBeforeFallback=0, fallbackOnly=19, unsolved=66
Wrote logs/solver-corpus2-batches/batch-02.json
Wrote logs/solver-corpus2-batches/batch-02-summary.md
portfolio-solve-sweep: corpus=data/stress/stress-levels-random.json levels=85 (85 to solve) scheduler-mode=legacy budget=86400000ms node-budget=36000000 workers=2 save-hints=true
  winner-first: normal + seeded-repair winners (shares solve budget) | 23/85 levels will be primed
  [1/85] L86 (R00561) ok=✗
  [2/85] L87 (R00563) ok=✗
  [3/85] L89 (R00573) ok=✗
  [4/85] L88 (R00565) ok=✗
  [5/85] L90 (R00592) ok=✗
  [6/85] L92 (R00595) ok=✗
  [7/85] L93 (R00597) ok=✓ legacy [primed] [hint saved]
  [8/85] L91 (R00593) ok=✗
  [9/85] L95 (R00623) ok=✗
  [10/85] L96 (R00630) ok=✓ legacy [hint saved]
  [11/85] L94 (R00602) ok=✗
  [12/85] L98 (R00635) ok=✓ legacy [primed] [hint saved]
  [13/85] L97 (R00632) ok=✗
  [14/85] L99 (R00639) ok=✗
  [15/85] L100 (R00646) ok=✗
  [16/85] L102 (R00648) ok=✓ legacy [hint saved]
  [17/85] L101 (R00647) ok=✗
  [18/85] L103 (R00656) ok=✗
  [19/85] L104 (R00672) ok=✗
  [20/85] L105 (R00682) ok=✗
  [21/85] L107 (R00691) ok=✗
  [22/85] L106 (R00690) ok=✗
  [23/85] L109 (R00701) ok=✓ legacy [primed] [hint saved]
  [24/85] L108 (R00692) ok=✗
  [25/85] L110 (R00702) ok=✗
  [26/85] L112 (R00707) ok=✗
  [27/85] L113 (R00709) ok=✗
  [28/85] L114 (R00712) ok=✓ legacy [primed] [hint saved]
  [29/85] L111 (R00703) ok=✗
  [30/85] L115 (R00720) ok=✗
  [31/85] L117 (R00727) ok=✓ legacy [primed] [hint saved]
  [32/85] L118 (R00728) ok=✗
  [33/85] L119 (R00732) ok=✗
  [34/85] L116 (R00726) ok=✗
  [35/85] L120 (R00741) ok=✓ legacy [hint saved]
  [36/85] L122 (R00762) ok=✗
  [37/85] L121 (R00756) ok=✗
  [38/85] L123 (R00765) ok=✗
  [39/85] L124 (R00786) ok=✗
  [40/85] L126 (R00803) ok=✗
  [41/85] L127 (R00813) ok=✗
  [42/85] L128 (R00815) ok=✓ legacy [primed] [hint saved]
  [43/85] L125 (R00787) ok=✗
  [44/85] L130 (R00850) ok=✓ legacy [primed] [hint saved]
  [45/85] L131 (R00851) ok=✓ legacy [hint saved]
  [46/85] L129 (R00817) ok=✗
  [47/85] L133 (R00860) ok=✗
  [48/85] L132 (R00852) ok=✓ legacy [hint saved]
  [49/85] L134 (R00866) ok=✗
  [50/85] L135 (R00867) ok=✗
  [51/85] L137 (R00877) ok=✓ legacy [primed] [hint saved]
  [52/85] L136 (R00869) ok=✗
  [53/85] L138 (R00886) ok=✗
  [54/85] L140 (R00901) ok=✓ legacy [primed] [hint saved]
  [55/85] L141 (R00911) ok=✓ legacy [hint saved]
  [56/85] L139 (R00893) ok=✗
  [57/85] L142 (R00912) ok=✗
  [58/85] L143 (R00923) ok=✗
  [59/85] L144 (R00927) ok=✓ legacy [hint saved]
  [60/85] L146 (R00934) ok=✓ legacy [primed] [hint saved]
  [61/85] L145 (R00930) ok=✗
  [62/85] L148 (R00960) ok=✗
  [63/85] L147 (R00943) ok=✓ legacy [hint saved]
  [64/85] L150 (R00970) ok=✓ legacy [primed] [hint saved]
  [65/85] L151 (R00975) ok=✗
  [66/85] L152 (R00976) ok=✓ legacy [hint saved]
  [67/85] L153 (R00977) ok=✓ legacy [hint saved]
  [68/85] L154 (R00986) ok=✓ legacy [primed] [hint saved]
  [69/85] L155 (R00988) ok=✓ legacy [primed] [hint saved]
  [70/85] L156 (R00989) ok=✓ legacy [primed] [hint saved]
  [71/85] L157 (R00990) ok=✗
  [72/85] L149 (R00963) ok=✗
  [73/85] L158 (R01000) ok=✗
  [74/85] L160 (R01009) ok=✗
  [75/85] L159 (R01006) ok=✗
  [76/85] L162 (R01012) ok=✓ legacy [primed] [hint saved]
  [77/85] L161 (R01011) ok=✗
  [78/85] L164 (R01019) ok=✓ legacy [primed] [hint saved]
  [79/85] L163 (R01016) ok=✗
  [80/85] L165 (R01020) ok=✗
  [81/85] L166 (R01022) ok=✗
  [82/85] L168 (R01024) ok=✓ legacy [hint saved]
  [83/85] L167 (R01023) ok=✗
  [84/85] L170 (R01052) ok=✗
  [85/85] L169 (R01044) ok=✗
Hints: appended to 27 level(s); 27 hint file(s) changed on disk.
Result: solved=27/85, solvedBeforeFallback=0, fallbackOnly=27, unsolved=58
Wrote logs/solver-corpus2-batches/batch-02.json
Wrote logs/solver-corpus2-batches/batch-02-summary.md
portfolio-solve-sweep: corpus=data/stress/stress-levels-random.json levels=85 (85 to solve) scheduler-mode=legacy budget=86400000ms node-budget=36000000 workers=2 save-hints=true
  winner-first: normal + seeded-repair winners (shares solve budget) | 27/85 levels will be primed
  [1/85] L86 (R00561) ok=✗
  [2/85] L87 (R00563) ok=✗
  [3/85] L88 (R00565) ok=✗
  [4/85] L90 (R00592) ok=✗
  [5/85] L89 (R00573) ok=✗
  [6/85] L92 (R00595) ok=✗
  [7/85] L93 (R00597) ok=✓ legacy [primed] [hint saved]
  [8/85] L91 (R00593) ok=✗
  [9/85] L94 (R00602) ok=✗
  [10/85] L96 (R00630) ok=✓ legacy [primed] [hint saved]
  [11/85] L95 (R00623) ok=✗
  [12/85] L98 (R00635) ok=✓ legacy [primed] [hint saved]
  [13/85] L99 (R00639) ok=✗
  [14/85] L97 (R00632) ok=✗
  [15/85] L100 (R00646) ok=✗
  [16/85] L102 (R00648) ok=✓ legacy [primed] [hint saved]
  [17/85] L103 (R00656) ok=✗
  [18/85] L101 (R00647) ok=✗
  [19/85] L104 (R00672) ok=✗
  [20/85] L105 (R00682) ok=✗
  [21/85] L107 (R00691) ok=✗
  [22/85] L106 (R00690) ok=✗
  [23/85] L109 (R00701) ok=✓ legacy [primed] [hint saved]
  [24/85] L108 (R00692) ok=✗
  [25/85] L110 (R00702) ok=✗
  [26/85] L112 (R00707) ok=✗
  [27/85] L113 (R00709) ok=✗
  [28/85] L114 (R00712) ok=✓ legacy [primed] [hint saved]
  [29/85] L115 (R00720) ok=✗
  [30/85] L111 (R00703) ok=✗
  [31/85] L117 (R00727) ok=✓ legacy [primed] [hint saved]
  [32/85] L118 (R00728) ok=✗
  [33/85] L116 (R00726) ok=✗
  [34/85] L120 (R00741) ok=✓ legacy [primed] [hint saved]
  [35/85] L119 (R00732) ok=✗
  [36/85] L121 (R00756) ok=✗
  [37/85] L122 (R00762) ok=✗
  [38/85] L123 (R00765) ok=✗
  [39/85] L124 (R00786) ok=✗
  [40/85] L126 (R00803) ok=✗
  [41/85] L125 (R00787) ok=✗
  [42/85] L128 (R00815) ok=✓ legacy [primed] [hint saved]
  [43/85] L127 (R00813) ok=✗
  [44/85] L130 (R00850) ok=✓ legacy [primed] [hint saved]
  [45/85] L131 (R00851) ok=✓ legacy [primed] [hint saved]
  [46/85] L132 (R00852) ok=✓ legacy [primed] [hint saved]
  [47/85] L133 (R00860) ok=✗
  [48/85] L129 (R00817) ok=✗
  [49/85] L134 (R00866) ok=✗
  [50/85] L135 (R00867) ok=✗
  [51/85] L136 (R00869) ok=✗
  [52/85] L137 (R00877) ok=✓ legacy [primed] [hint saved]
  [53/85] L139 (R00893) ok=✗
  [54/85] L140 (R00901) ok=✓ legacy [primed] [hint saved]
  [55/85] L141 (R00911) ok=✓ legacy [primed] [hint saved]
  [56/85] L138 (R00886) ok=✗
  [57/85] L143 (R00923) ok=✗
  [58/85] L144 (R00927) ok=✓ legacy [primed] [hint saved]
  [59/85] L142 (R00912) ok=✗
  [60/85] L146 (R00934) ok=✓ legacy [primed] [hint saved]
  [61/85] L147 (R00943) ok=✓ legacy [primed] [hint saved]
  [62/85] L148 (R00960) ok=✓ legacy [hint saved]
  [63/85] L145 (R00930) ok=✗
  [64/85] L150 (R00970) ok=✓ legacy [primed] [hint saved]
  [65/85] L151 (R00975) ok=✗
  [66/85] L152 (R00976) ok=✓ legacy [primed] [hint saved]
  [67/85] L153 (R00977) ok=✓ legacy [primed] [hint saved]
  [68/85] L154 (R00986) ok=✓ legacy [primed] [hint saved]
  [69/85] L155 (R00988) ok=✓ legacy [primed] [hint saved]
  [70/85] L156 (R00989) ok=✓ legacy [primed] [hint saved]
  [71/85] L157 (R00990) ok=✗
  [72/85] L149 (R00963) ok=✗
  [73/85] L158 (R01000) ok=✗
  [74/85] L160 (R01009) ok=✗
  [75/85] L159 (R01006) ok=✗
  [76/85] L162 (R01012) ok=✓ legacy [primed] [hint saved]
  [77/85] L161 (R01011) ok=✗
  [78/85] L164 (R01019) ok=✓ legacy [primed] [hint saved]
  [79/85] L163 (R01016) ok=✗
  [80/85] L165 (R01020) ok=✗
  [81/85] L166 (R01022) ok=✗
  [82/85] L168 (R01024) ok=✓ legacy [primed] [hint saved]
  [83/85] L167 (R01023) ok=✗
  [84/85] L169 (R01044) ok=✗
  [85/85] L170 (R01052) ok=✗
Hints: appended to 28 level(s); 28 hint file(s) changed on disk.
Result: solved=28/85, solvedBeforeFallback=0, fallbackOnly=28, unsolved=57
Wrote logs/solver-corpus2-batches/batch-02.json
Wrote logs/solver-corpus2-batches/batch-02-summary.md
