portfolio-solve-sweep: corpus=data/stress/stress-levels.json levels=5 (5 to solve) scheduler-mode=legacy budget=20000ms workers=2 save-hints=true
  adaptive budgets: mult=3x floor=2,000,000 unsolved=(no cap) | 5 known-solved scaled (min 2,647,380 / med 12,000,141 / max 289,786,038 nodes)
  winner-first: normal + seeded-repair winners (shares solve budget) | 0/5 levels will be primed
  [1/5] L37 (R00408) ok=✓ legacy [hint saved]
  [2/5] L36 (R00392) ok=✓ legacy [hint saved]
  [3/5] L38 (R00432) ok=✓ legacy [hint saved]
  [4/5] L40 (R00525) ok=✓ legacy [hint saved]
  [5/5] L39 (R00522) ok=✓ legacy [hint saved]
Hints: appended to 5 level(s); 5 hint file(s) changed on disk.
Result: solved=5/5, solvedBeforeFallback=0, fallbackOnly=5, unsolved=0
Wrote logs/solver-corpus2-batches/corpus1-batch-08.json
Wrote logs/solver-corpus2-batches/corpus1-batch-08-summary.md
portfolio-solve-sweep: corpus=data/stress/stress-levels.json levels=5 (5 to solve) scheduler-mode=legacy budget=20000ms workers=2 save-hints=true
  winner-first: normal + seeded-repair winners (shares solve budget) | 4/5 levels will be primed
  [1/5] L36 (R00392) ok=✓ legacy [primed] [hint saved]
  [2/5] L37 (R00408) ok=✓ legacy [primed] [hint saved]
  [3/5] L38 (R00432) ok=✓ legacy [primed] [hint saved]
  [4/5] L40 (R00525) ok=✓ legacy [primed] [hint saved]
  [5/5] L39 (R00522) ok=✓ legacy [hint saved]
Hints: appended to 5 level(s); 5 hint file(s) changed on disk.
Result: solved=5/5, solvedBeforeFallback=0, fallbackOnly=5, unsolved=0
Wrote logs/solver-corpus2-batches/corpus1-batch-08.json
Wrote logs/solver-corpus2-batches/corpus1-batch-08-summary.md
portfolio-solve-sweep: corpus=data/stress/stress-levels.json levels=5 (5 to solve) scheduler-mode=legacy budget=20000ms workers=2 enable-flags=STRATEGY_REPAIR_TURN_BIAS save-hints=true
  winner-first: normal + seeded-repair winners (shares solve budget) | 4/5 levels will be primed
  [1/5] L36 (R00392) ok=✓ legacy [primed] [hint saved]
  [2/5] L38 (R00432) ok=✓ legacy [primed] [hint saved]
  [3/5] L37 (R00408) ok=✓ legacy [primed] [hint saved]
  [4/5] L40 (R00525) ok=✓ legacy [primed] [hint saved]
  [5/5] L39 (R00522) ok=✓ legacy [hint saved]
Hints: appended to 5 level(s); 5 hint file(s) changed on disk.
Result: solved=5/5, solvedBeforeFallback=0, fallbackOnly=5, unsolved=0
Wrote logs/solver-corpus2-batches/corpus1-batch-08.json
Wrote logs/solver-corpus2-batches/corpus1-batch-08-summary.md
portfolio-solve-sweep: corpus=data/stress/stress-levels.json levels=5 (5 to solve) scheduler-mode=legacy budget=20000ms workers=2 enable-flags=STRATEGY_REPAIR_TURN_BIAS save-hints=true
  winner-first: normal + seeded-repair winners (shares solve budget) | 4/5 levels will be primed
  [1/5] L36 (R00392) ok=✓ legacy [primed] [hint saved]
  [2/5] L38 (R00432) ok=✓ legacy [primed] [hint saved]
  [3/5] L37 (R00408) ok=✓ legacy [primed] [hint saved]
  [4/5] L40 (R00525) ok=✓ legacy [primed] [hint saved]
  [5/5] L39 (R00522) ok=✓ legacy [hint saved]
Hints: appended to 5 level(s); 5 hint file(s) changed on disk.
Result: solved=5/5, solvedBeforeFallback=0, fallbackOnly=5, unsolved=0
Wrote logs/solver-corpus2-batches/corpus1-batch-08.json
Wrote logs/solver-corpus2-batches/corpus1-batch-08-summary.md
portfolio-solve-sweep: corpus=data/stress/stress-levels.json levels=5 (5 to solve) scheduler-mode=legacy budget=20000ms workers=2 enable-flags=STRATEGY_REPAIR_TURN_BIAS save-hints=true
  winner-first: normal + seeded-repair winners (shares solve budget) | 4/5 levels will be primed
  [1/5] L36 (R00392) ok=✓ legacy [primed] [hint saved]
  [2/5] L38 (R00432) ok=✓ legacy [primed] [hint saved]
  [3/5] L37 (R00408) ok=✓ legacy [primed] [hint saved]
  [4/5] L40 (R00525) ok=✓ legacy [primed] [hint saved]
  [5/5] L39 (R00522) ok=✓ legacy [hint saved]
Hints: appended to 5 level(s); 5 hint file(s) changed on disk.
Result: solved=5/5, solvedBeforeFallback=0, fallbackOnly=5, unsolved=0
Wrote logs/solver-corpus2-batches/corpus1-batch-08.json
Wrote logs/solver-corpus2-batches/corpus1-batch-08-summary.md
portfolio-solve-sweep: corpus=data/stress/stress-levels.json levels=5 (5 to solve) scheduler-mode=legacy budget=20000ms workers=2 enable-flags=STRATEGY_REPAIR_TURN_BIAS save-hints=true
  winner-first: normal + seeded-repair winners (shares solve budget) | 4/5 levels will be primed
  [1/5] L36 (R00392) ok=✓ legacy [primed] [hint saved]
  [2/5] L38 (R00432) ok=✓ legacy [primed] [hint saved]
  [3/5] L37 (R00408) ok=✓ legacy [primed] [hint saved]
  [4/5] L40 (R00525) ok=✓ legacy [primed] [hint saved]
  [5/5] L39 (R00522) ok=✓ legacy [hint saved]
Hints: appended to 5 level(s); 5 hint file(s) changed on disk.
Result: solved=5/5, solvedBeforeFallback=0, fallbackOnly=5, unsolved=0
Wrote logs/solver-corpus2-batches/corpus1-batch-08.json
Wrote logs/solver-corpus2-batches/corpus1-batch-08-summary.md
portfolio-solve-sweep: corpus=data/stress/stress-levels.json levels=5 (5 to solve) scheduler-mode=legacy budget=86400000ms node-budget=50000000 workers=2 save-hints=true
  winner-first: normal + seeded-repair winners (shares solve budget) | 5/5 levels will be primed
  [1/5] L36 (R00392) ok=✓ legacy [primed] [hint saved]
  [2/5] L38 (R00432) ok=✓ legacy [primed] [hint saved]
  [3/5] L39 (R00522) ok=✓ legacy [hint saved]
  [4/5] L40 (R00525) ok=✓ legacy [primed] [hint saved]
  [5/5] L37 (R00408) ok=✓ legacy [primed] [hint saved]
Hints: appended to 5 level(s); 5 hint file(s) changed on disk.
Result: solved=5/5, solvedBeforeFallback=0, fallbackOnly=5, unsolved=0
Wrote logs/solver-corpus2-batches/corpus1-batch-08.json
Wrote logs/solver-corpus2-batches/corpus1-batch-08-summary.md
portfolio-solve-sweep: corpus=data/stress/stress-levels.json levels=5 (5 to solve) scheduler-mode=legacy budget=86400000ms node-budget=50000000 workers=2 save-hints=true
  winner-first: normal + seeded-repair winners (shares solve budget) | 5/5 levels will be primed
  [1/5] L36 (R00392) ok=✓ legacy [primed] [hint saved]
  [2/5] L38 (R00432) ok=✓ legacy [primed] [hint saved]
  [3/5] L39 (R00522) ok=✓ legacy [primed] [hint saved]
  [4/5] L40 (R00525) ok=✓ legacy [primed] [hint saved]
  [5/5] L37 (R00408) ok=✓ legacy [primed] [hint saved]
Hints: appended to 5 level(s); 5 hint file(s) changed on disk.
Result: solved=5/5, solvedBeforeFallback=0, fallbackOnly=5, unsolved=0
Wrote logs/solver-corpus2-batches/corpus1-batch-08.json
Wrote logs/solver-corpus2-batches/corpus1-batch-08-summary.md
