portfolio-solve-sweep: corpus=data/stress/stress-levels.json levels=5 (5 to solve) scheduler-mode=legacy budget=20000ms workers=2 save-hints=true
  adaptive budgets: mult=3x floor=2,000,000 unsolved=(no cap) | 4 known-solved scaled (min 2,000,000 / med 53,081,922 / max 237,774,918 nodes), 1 uncapped
  winner-first: normal + seeded-repair winners (shares solve budget) | 0/5 levels will be primed
  [1/5] L42 (R00541) ok=✓ legacy [hint saved]
  [2/5] L43 (R00578) ok=✓ legacy [hint saved]
  [3/5] L41 (R00526) ok=✓ legacy [hint saved]
  [4/5] L45 (R00600) ok=✓ legacy [hint saved]
  [5/5] L44 (R00581) ok=✗
Hints: appended to 4 level(s); 4 hint file(s) changed on disk.
Result: solved=4/5, solvedBeforeFallback=0, fallbackOnly=4, unsolved=1
Wrote logs/solver-corpus2-batches/corpus1-batch-09.json
Wrote logs/solver-corpus2-batches/corpus1-batch-09-summary.md
portfolio-solve-sweep: corpus=data/stress/stress-levels.json levels=5 (5 to solve) scheduler-mode=legacy budget=20000ms workers=2 save-hints=true
  winner-first: normal + seeded-repair winners (shares solve budget) | 3/5 levels will be primed
  [1/5] L42 (R00541) ok=✓ legacy [primed] [hint saved]
  [2/5] L41 (R00526) ok=✓ legacy [primed] [hint saved]
  [3/5] L43 (R00578) ok=✓ legacy [primed] [hint saved]
  [4/5] L45 (R00600) ok=✓ legacy [hint saved]
  [5/5] L44 (R00581) ok=✗
Hints: appended to 4 level(s); 4 hint file(s) changed on disk.
Result: solved=4/5, solvedBeforeFallback=0, fallbackOnly=4, unsolved=1
Wrote logs/solver-corpus2-batches/corpus1-batch-09.json
Wrote logs/solver-corpus2-batches/corpus1-batch-09-summary.md
portfolio-solve-sweep: corpus=data/stress/stress-levels.json levels=5 (5 to solve) scheduler-mode=legacy budget=20000ms workers=2 enable-flags=STRATEGY_REPAIR_TURN_BIAS save-hints=true
  winner-first: normal + seeded-repair winners (shares solve budget) | 3/5 levels will be primed
  [1/5] L42 (R00541) ok=✓ legacy [primed] [hint saved]
  [2/5] L41 (R00526) ok=✓ legacy [primed] [hint saved]
  [3/5] L43 (R00578) ok=✓ legacy [primed] [hint saved]
  [4/5] L44 (R00581) ok=✓ legacy [hint saved]
  [5/5] L45 (R00600) ok=✓ legacy [hint saved]
Hints: appended to 5 level(s); 5 hint file(s) changed on disk.
Result: solved=5/5, solvedBeforeFallback=0, fallbackOnly=5, unsolved=0
Wrote logs/solver-corpus2-batches/corpus1-batch-09.json
Wrote logs/solver-corpus2-batches/corpus1-batch-09-summary.md
portfolio-solve-sweep: corpus=data/stress/stress-levels.json levels=5 (5 to solve) scheduler-mode=legacy budget=20000ms workers=2 enable-flags=STRATEGY_REPAIR_TURN_BIAS save-hints=true
  winner-first: normal + seeded-repair winners (shares solve budget) | 4/5 levels will be primed
  [1/5] L42 (R00541) ok=✓ legacy [primed] [hint saved]
  [2/5] L41 (R00526) ok=✓ legacy [primed] [hint saved]
  [3/5] L43 (R00578) ok=✓ legacy [primed] [hint saved]
  [4/5] L44 (R00581) ok=✓ legacy [primed] [hint saved]
  [5/5] L45 (R00600) ok=✓ legacy [hint saved]
Hints: appended to 5 level(s); 5 hint file(s) changed on disk.
Result: solved=5/5, solvedBeforeFallback=0, fallbackOnly=5, unsolved=0
Wrote logs/solver-corpus2-batches/corpus1-batch-09.json
Wrote logs/solver-corpus2-batches/corpus1-batch-09-summary.md
portfolio-solve-sweep: corpus=data/stress/stress-levels.json levels=5 (5 to solve) scheduler-mode=legacy budget=20000ms workers=2 enable-flags=STRATEGY_REPAIR_TURN_BIAS save-hints=true
  winner-first: normal + seeded-repair winners (shares solve budget) | 4/5 levels will be primed
  [1/5] L42 (R00541) ok=✓ legacy [primed] [hint saved]
  [2/5] L41 (R00526) ok=✓ legacy [primed] [hint saved]
  [3/5] L43 (R00578) ok=✓ legacy [primed] [hint saved]
  [4/5] L45 (R00600) ok=✓ legacy [hint saved]
  [5/5] L44 (R00581) ok=✗
Hints: appended to 4 level(s); 4 hint file(s) changed on disk.
Result: solved=4/5, solvedBeforeFallback=0, fallbackOnly=4, unsolved=1
Wrote logs/solver-corpus2-batches/corpus1-batch-09.json
Wrote logs/solver-corpus2-batches/corpus1-batch-09-summary.md
portfolio-solve-sweep: corpus=data/stress/stress-levels.json levels=5 (5 to solve) scheduler-mode=legacy budget=20000ms workers=2 enable-flags=STRATEGY_REPAIR_TURN_BIAS save-hints=true
  winner-first: normal + seeded-repair winners (shares solve budget) | 3/5 levels will be primed
  [1/5] L42 (R00541) ok=✓ legacy [primed] [hint saved]
  [2/5] L41 (R00526) ok=✓ legacy [primed] [hint saved]
  [3/5] L43 (R00578) ok=✓ legacy [primed] [hint saved]
  [4/5] L45 (R00600) ok=✓ legacy [hint saved]
  [5/5] L44 (R00581) ok=✓ legacy [hint saved]
Hints: appended to 5 level(s); 5 hint file(s) changed on disk.
Result: solved=5/5, solvedBeforeFallback=0, fallbackOnly=5, unsolved=0
Wrote logs/solver-corpus2-batches/corpus1-batch-09.json
Wrote logs/solver-corpus2-batches/corpus1-batch-09-summary.md
portfolio-solve-sweep: corpus=data/stress/stress-levels.json levels=5 (5 to solve) scheduler-mode=legacy budget=86400000ms node-budget=50000000 workers=2 save-hints=true
  winner-first: normal + seeded-repair winners (shares solve budget) | 5/5 levels will be primed
  [1/5] L42 (R00541) ok=✓ legacy [primed] [hint saved]
  [2/5] L43 (R00578) ok=✓ legacy [primed] [hint saved]
  [3/5] L44 (R00581) ok=✓ legacy [hint saved]
  [4/5] L45 (R00600) ok=✓ legacy [primed] [hint saved]
  [5/5] L41 (R00526) ok=✗
Hints: appended to 4 level(s); 4 hint file(s) changed on disk.
Result: solved=4/5, solvedBeforeFallback=0, fallbackOnly=4, unsolved=1
Wrote logs/solver-corpus2-batches/corpus1-batch-09.json
Wrote logs/solver-corpus2-batches/corpus1-batch-09-summary.md
portfolio-solve-sweep: corpus=data/stress/stress-levels.json levels=5 (5 to solve) scheduler-mode=legacy budget=86400000ms node-budget=50000000 workers=2 save-hints=true
  winner-first: normal + seeded-repair winners (shares solve budget) | 4/5 levels will be primed
  [1/5] L42 (R00541) ok=✓ legacy [primed] [hint saved]
  [2/5] L43 (R00578) ok=✓ legacy [primed] [hint saved]
  [3/5] L44 (R00581) ok=✓ legacy [primed] [hint saved]
  [4/5] L45 (R00600) ok=✓ legacy [primed] [hint saved]
  [5/5] L41 (R00526) ok=✗
Hints: appended to 4 level(s); 4 hint file(s) changed on disk.
Result: solved=4/5, solvedBeforeFallback=0, fallbackOnly=4, unsolved=1
Wrote logs/solver-corpus2-batches/corpus1-batch-09.json
Wrote logs/solver-corpus2-batches/corpus1-batch-09-summary.md
