npm warn Unknown env config "http-proxy". This will stop working in the next major version of npm.

> stress:benchmark
> node scripts/run-bundled.mjs scripts/stress/benchmark.mjs --corpus=data/stress/stress-levels-random.json --levels=1-25 --out=logs/solver-randoms-baseline/batch-001.json --parallel=25

Stress benchmark: 25 levels, budget 20000ms, corpus data/stress/stress-levels-random.json (v1.1.0), 25 workers.
  !! parallel mode: timings are CPU-contended — for iteration only, not comparable to sequential runs.
  R0020 [?] ✗ 23211ms timeout
  R0022 [?] ✗ 26258ms timeout
  R0003 [?] ✗ 29998ms timeout
  R0024 [?] ✗ 32021ms timeout
  R0011 [?] ✗ 32607ms timeout
  R0007 [?] ✓ 97680ms repair
  R0004 [?] ✓ 101713ms repair
  R0015 [?] ✓ 164899ms repair
  R0017 [?] ✗ 173753ms timeout
  R0013 [?] ✗ 175609ms timeout
  R0008 [?] ✗ 177410ms timeout
  R0010 [?] ✗ 178416ms timeout
  R0021 [?] ✗ 178224ms timeout
  R0006 [?] ✗ 183315ms timeout
  R0025 [?] ✗ 183178ms timeout
  R0016 [?] ✗ 187754ms timeout
  R0012 [?] ✗ 327173ms timeout
  R0014 [?] ✗ 326332ms timeout
  R0005 [?] ✗ 327824ms timeout
  R0002 [?] ✗ 335237ms timeout
  R0001 [?] ✗ 335696ms timeout
  R0019 [?] ✗ 334308ms timeout
  R0018 [?] ✗ 335725ms timeout
  R0009 [?] ✗ 337881ms timeout
  R0023 [?] ✗ 338870ms timeout

Done: 3 solved, 22 failed, 0 errors / 25 — 352s
Results → logs/solver-randoms-baseline/batch-001.json
