Prepared batch 05 (levels 341-425) at 2026-07-16T09:51:23Z.
portfolio-solve-sweep: corpus=data/stress/stress-levels-random.json levels=85 (85 to solve) scheduler-mode=legacy budget=8000ms node-budget=8000000 workers=2 save-hints=true
  [1/85] L342 (R02011) ok=✗
  [2/85] L341 (R02010) ok=✗
  [3/85] L343 (R02012) ok=✗
  [4/85] L345 (R02014) ok=✗
  [5/85] L344 (R02013) ok=✗
  [6/85] L347 (R02016) ok=✓ legacy [hint saved]
  [7/85] L346 (R02015) ok=✗
  [8/85] L348 (R02017) ok=✓ legacy [hint saved]
  [9/85] L350 (R02019) ok=✗
  [10/85] L351 (R02020) ok=✓ legacy [hint saved]
  [11/85] L349 (R02018) ok=✗
  [12/85] L352 (R02021) ok=✗
  [13/85] L353 (R02022) ok=✗
  [14/85] L354 (R02023) ok=✗
  [15/85] L355 (R02024) ok=✗
  [16/85] L357 (R02026) ok=✗
  [17/85] L356 (R02025) ok=✗
  [18/85] L359 (R02028) ok=✓ legacy [hint saved]
  [19/85] L360 (R02029) ok=✗
  [20/85] L358 (R02027) ok=✗
  [21/85] L361 (R02030) ok=✗
  [22/85] L362 (R02031) ok=✗
  [23/85] L364 (R02033) ok=✓ legacy [hint saved]
  [24/85] L363 (R02032) ok=✗
  [25/85] L365 (R02034) ok=✗
  [26/85] L366 (R02035) ok=✗
  [27/85] L368 (R02037) ok=✓ legacy [hint saved]
  [28/85] L367 (R02036) ok=✗
  [29/85] L369 (R02038) ok=✗
  [30/85] L370 (R02039) ok=✗
  [31/85] L372 (R02041) ok=✗
  [32/85] L371 (R02040) ok=✗
  [33/85] L373 (R02042) ok=✗
  [34/85] L374 (R02043) ok=✗
  [35/85] L376 (R02045) ok=✓ legacy [hint saved]
  [36/85] L375 (R02044) ok=✗
  [37/85] L377 (R02046) ok=✗
  [38/85] L378 (R02047) ok=✗
  [39/85] L379 (R02048) ok=✓ legacy [hint saved]
  [40/85] L381 (R02050) ok=✗
  [41/85] L382 (R02051) ok=✗
  [42/85] L380 (R02049) ok=✗
  [43/85] L384 (R02053) ok=✗
  [44/85] L383 (R02052) ok=✗
  [45/85] L385 (R02054) ok=✗
  [46/85] L387 (R02056) ok=✗
  [47/85] L386 (R02055) ok=✗
  [48/85] L388 (R02057) ok=✗
  [49/85] L390 (R02059) ok=✗
  [50/85] L389 (R02058) ok=✗
  [51/85] L392 (R02061) ok=✓ legacy [hint saved]
  [52/85] L391 (R02060) ok=✗
  [53/85] L394 (R02063) ok=✗
  [54/85] L395 (R02064) ok=✗
  [55/85] L393 (R02062) ok=✗
  [56/85] L396 (R02065) ok=✗
  [57/85] L398 (R02067) ok=✗
  [58/85] L399 (R02068) ok=✗
  [59/85] L400 (R02069) ok=✗
  [60/85] L401 (R02070) ok=✓ legacy [hint saved]
  [61/85] L397 (R02066) ok=✗
  [62/85] L402 (R02071) ok=✓ legacy [hint saved]
  [63/85] L403 (R02072) ok=✗
  [64/85] L404 (R02073) ok=✓ legacy [hint saved]
  [65/85] L406 (R02075) ok=✗
  [66/85] L405 (R02074) ok=✗
  [67/85] L407 (R02076) ok=✗
  [68/85] L409 (R02078) ok=✗
  [69/85] L408 (R02077) ok=✗
  [70/85] L411 (R02080) ok=✗
  [71/85] L410 (R02079) ok=✗
  [72/85] L412 (R02081) ok=✗
  [73/85] L413 (R02082) ok=✗
  [74/85] L414 (R02083) ok=✗
  [75/85] L415 (R02084) ok=✗
  [76/85] L417 (R02086) ok=✗
  [77/85] L416 (R02085) ok=✗
  [78/85] L418 (R02087) ok=✗
  [79/85] L419 (R02088) ok=✗
  [80/85] L421 (R02090) ok=✓ legacy [hint saved]
  [81/85] L420 (R02089) ok=✗
  [82/85] L422 (R02091) ok=✗
  [83/85] L424 (R02093) ok=✓ legacy [hint saved]
  [84/85] L423 (R02092) ok=✗
  [85/85] L425 (R02094) ok=✗
Hints: appended to 14 level(s); 14 hint file(s) changed on disk.
Result: solved=14/85, solvedBeforeFallback=0, fallbackOnly=14, unsolved=71
Wrote logs/solver-corpus2-batches/batch-05.json
Wrote logs/solver-corpus2-batches/batch-05-summary.md
Prepared batch 05 (levels 341-425) at 2026-07-16T23:20:49Z.
--resume: 85 level(s) already checkpointed in logs/solver-corpus2-batches/batch-05.checkpoint.jsonl, skipping.
portfolio-solve-sweep: corpus=data/stress/stress-levels-random.json levels=85 (0 to solve) scheduler-mode=legacy budget=8000ms node-budget=8000000 workers=2 save-hints=true
Hints: appended to 0 level(s); 0 hint file(s) changed on disk.
Result: solved=14/85, solvedBeforeFallback=0, fallbackOnly=14, unsolved=71
Wrote logs/solver-corpus2-batches/batch-05.json
Wrote logs/solver-corpus2-batches/batch-05-summary.md
