Prepared batch 15 (levels 1191-1275) at 2026-07-16T09:54:33Z.
portfolio-solve-sweep: corpus=data/stress/stress-levels-random.json levels=85 (85 to solve) scheduler-mode=legacy budget=8000ms node-budget=8000000 workers=2 save-hints=true
  [1/85] L1192 (R02861) ok=✗
  [2/85] L1191 (R02860) ok=✗
  [3/85] L1193 (R02862) ok=✗
  [4/85] L1195 (R02864) ok=✗
  [5/85] L1194 (R02863) ok=✗
  [6/85] L1196 (R02865) ok=✗
  [7/85] L1197 (R02866) ok=✗
  [8/85] L1198 (R02867) ok=✗
  [9/85] L1200 (R02869) ok=✗
  [10/85] L1199 (R02868) ok=✗
  [11/85] L1202 (R02871) ok=✗
  [12/85] L1201 (R02870) ok=✗
  [13/85] L1203 (R02872) ok=✗
  [14/85] L1204 (R02873) ok=✗
  [15/85] L1205 (R02874) ok=✗
  [16/85] L1207 (R02876) ok=✗
  [17/85] L1206 (R02875) ok=✗
  [18/85] L1209 (R02878) ok=✗
  [19/85] L1210 (R02879) ok=✗
  [20/85] L1211 (R02880) ok=✗
  [21/85] L1208 (R02877) ok=✗
  [22/85] L1213 (R02882) ok=✗
  [23/85] L1212 (R02881) ok=✗
  [24/85] L1214 (R02883) ok=✗
  [25/85] L1215 (R02884) ok=✗
  [26/85] L1217 (R02886) ok=✗
  [27/85] L1216 (R02885) ok=✗
  [28/85] L1219 (R02888) ok=✗
  [29/85] L1218 (R02887) ok=✗
  [30/85] L1220 (R02889) ok=✗
  [31/85] L1221 (R02890) ok=✗
  [32/85] L1222 (R02891) ok=✗
  [33/85] L1223 (R02892) ok=✗
  [34/85] L1224 (R02893) ok=✗
  [35/85] L1226 (R02895) ok=✓ legacy [hint saved]
  [36/85] L1225 (R02894) ok=✗
  [37/85] L1227 (R02896) ok=✗
  [38/85] L1229 (R02898) ok=✗
  [39/85] L1230 (R02899) ok=✗
  [40/85] L1228 (R02897) ok=✗
  [41/85] L1232 (R02901) ok=✓ legacy [hint saved]
  [42/85] L1233 (R02902) ok=✗
  [43/85] L1231 (R02900) ok=✗
  [44/85] L1234 (R02903) ok=✗
  [45/85] L1236 (R02905) ok=✗
  [46/85] L1235 (R02904) ok=✗
  [47/85] L1238 (R02907) ok=✓ legacy [hint saved]
  [48/85] L1237 (R02906) ok=✗
  [49/85] L1240 (R02909) ok=✓ legacy [hint saved]
  [50/85] L1239 (R02908) ok=✗
  [51/85] L1241 (R02910) ok=✗
  [52/85] L1242 (R02911) ok=✗
  [53/85] L1244 (R02913) ok=✗
  [54/85] L1245 (R02914) ok=✗
  [55/85] L1243 (R02912) ok=✗
  [56/85] L1246 (R02915) ok=✗
  [57/85] L1248 (R02917) ok=✗
  [58/85] L1247 (R02916) ok=✗
  [59/85] L1250 (R02919) ok=✗
  [60/85] L1249 (R02918) ok=✗
  [61/85] L1252 (R02921) ok=✗
  [62/85] L1253 (R02922) ok=✗
  [63/85] L1251 (R02920) ok=✗
  [64/85] L1254 (R02923) ok=✗
  [65/85] L1256 (R02925) ok=✓ legacy [hint saved]
  [66/85] L1257 (R02926) ok=✗
  [67/85] L1255 (R02924) ok=✗
  [68/85] L1258 (R02927) ok=✗
  [69/85] L1259 (R02928) ok=✗
  [70/85] L1261 (R02930) ok=✗
  [71/85] L1260 (R02929) ok=✗
  [72/85] L1262 (R02931) ok=✓ legacy [hint saved]
  [73/85] L1264 (R02933) ok=✓ legacy [hint saved]
  [74/85] L1263 (R02932) ok=✗
  [75/85] L1265 (R02934) ok=✗
  [76/85] L1266 (R02935) ok=✗
  [77/85] L1268 (R02937) ok=✗
  [78/85] L1267 (R02936) ok=✗
  [79/85] L1269 (R02938) ok=✗
  [80/85] L1270 (R02939) ok=✗
  [81/85] L1272 (R02941) ok=✓ legacy [hint saved]
  [82/85] L1271 (R02940) ok=✗
  [83/85] L1274 (R02943) ok=✗
  [84/85] L1273 (R02942) ok=✗
  [85/85] L1275 (R02944) ok=✗
Hints: appended to 8 level(s); 8 hint file(s) changed on disk.
Result: solved=8/85, solvedBeforeFallback=0, fallbackOnly=8, unsolved=77
Wrote logs/solver-corpus2-batches/batch-15.json
Wrote logs/solver-corpus2-batches/batch-15-summary.md
Prepared batch 15 (levels 1191-1275) at 2026-07-16T23:22:23Z.
--resume: 85 level(s) already checkpointed in logs/solver-corpus2-batches/batch-15.checkpoint.jsonl, skipping.
portfolio-solve-sweep: corpus=data/stress/stress-levels-random.json levels=85 (0 to solve) scheduler-mode=legacy budget=8000ms node-budget=8000000 workers=2 save-hints=true
Hints: appended to 0 level(s); 0 hint file(s) changed on disk.
Result: solved=8/85, solvedBeforeFallback=0, fallbackOnly=8, unsolved=77
Wrote logs/solver-corpus2-batches/batch-15.json
Wrote logs/solver-corpus2-batches/batch-15-summary.md
