Prepared batch 01 (levels 1-85) at 2026-07-17T00:04:47Z.
portfolio-solve-sweep: corpus=data/stress/stress-levels-random.json levels=85 (85 to solve) scheduler-mode=legacy budget=8000ms node-budget=8000000 workers=2 save-hints=true
  [1/85] L2 (R00039) ok=✗
  [2/85] L3 (R00044) ok=✗
  [3/85] L1 (R00001) ok=✗
  [4/85] L4 (R00046) ok=✗
  [5/85] L6 (R00059) ok=✗
  [6/85] L5 (R00050) ok=✗
  [7/85] L8 (R00080) ok=✗
  [8/85] L7 (R00073) ok=✗
  [9/85] L10 (R00088) ok=✗
  [10/85] L9 (R00082) ok=✗
  [11/85] L12 (R00094) ok=✗
  [12/85] L11 (R00093) ok=✗
  [13/85] L14 (R00112) ok=✗
  [14/85] L13 (R00108) ok=✗
  [15/85] L15 (R00118) ok=✗
  [16/85] L16 (R00137) ok=✗
  [17/85] L18 (R00142) ok=✗
  [18/85] L17 (R00139) ok=✗
  [19/85] L19 (R00143) ok=✗
  [20/85] L21 (R00156) ok=✗
  [21/85] L20 (R00153) ok=✗
  [22/85] L22 (R00169) ok=✗
  [23/85] L23 (R00180) ok=✗
  [24/85] L24 (R00181) ok=✗
  [25/85] L26 (R00209) ok=✗
  [26/85] L25 (R00193) ok=✗
  [27/85] L27 (R00228) ok=✗
  [28/85] L28 (R00234) ok=✓ legacy [hint saved]
  [29/85] L29 (R00238) ok=✗
  [30/85] L31 (R00242) ok=✗
  [31/85] L32 (R00260) ok=✗
  [32/85] L30 (R00239) ok=✗
  [33/85] L34 (R00278) ok=✓ legacy [hint saved]
  [34/85] L35 (R00285) ok=✗
  [35/85] L33 (R00274) ok=✗
  [36/85] L36 (R00296) ok=✗
  [37/85] L37 (R00303) ok=✗
  [38/85] L38 (R00306) ok=✗
  [39/85] L40 (R00314) ok=✗
  [40/85] L39 (R00312) ok=✗
  [41/85] L41 (R00320) ok=✗
  [42/85] L42 (R00323) ok=✗
  [43/85] L44 (R00340) ok=✗
  [44/85] L43 (R00329) ok=✗
  [45/85] L46 (R00347) ok=✗
  [46/85] L47 (R00349) ok=✗
  [47/85] L45 (R00342) ok=✗
  [48/85] L48 (R00350) ok=✗
  [49/85] L50 (R00358) ok=✓ legacy [hint saved]
  [50/85] L51 (R00367) ok=✗
  [51/85] L49 (R00355) ok=✗
  [52/85] L52 (R00370) ok=✗
  [53/85] L54 (R00373) ok=✗
  [54/85] L53 (R00372) ok=✗
  [55/85] L55 (R00386) ok=✗
  [56/85] L57 (R00417) ok=✗
  [57/85] L56 (R00399) ok=✗
  [58/85] L59 (R00434) ok=✗
  [59/85] L58 (R00433) ok=✗
  [60/85] L60 (R00440) ok=✗
  [61/85] L62 (R00460) ok=✗
  [62/85] L63 (R00466) ok=✗
  [63/85] L61 (R00449) ok=✗
  [64/85] L65 (R00477) ok=✗
  [65/85] L66 (R00479) ok=✗
  [66/85] L64 (R00468) ok=✗
  [67/85] L68 (R00488) ok=✗
  [68/85] L67 (R00481) ok=✗
  [69/85] L69 (R00500) ok=✗
  [70/85] L70 (R00506) ok=✗
  [71/85] L72 (R00512) ok=✗
  [72/85] L73 (R00513) ok=✗
  [73/85] L71 (R00507) ok=✗
  [74/85] L74 (R00518) ok=✗
  [75/85] L75 (R00527) ok=✗
  [76/85] L76 (R00528) ok=✗
  [77/85] L77 (R00532) ok=✗
  [78/85] L78 (R00536) ok=✗
  [79/85] L79 (R00537) ok=✗
  [80/85] L80 (R00544) ok=✗
  [81/85] L81 (R00546) ok=✗
  [82/85] L82 (R00548) ok=✗
  [83/85] L83 (R00553) ok=✗
  [84/85] L84 (R00555) ok=✗
  [85/85] L85 (R00556) ok=✗
Hints: appended to 3 level(s); 3 hint file(s) changed on disk.
Result: solved=3/85, solvedBeforeFallback=0, fallbackOnly=3, unsolved=82
Wrote logs/solver-corpus2-batches/batch-01.json
Wrote logs/solver-corpus2-batches/batch-01-summary.md
